[2025-12-18T08:22:55.538+0530][info][gc,init] CardTable entry size: 512
[2025-12-18T08:22:55.542+0530][info][gc     ] Using G1
[2025-12-18T08:22:55.546+0530][info][gc,init] Version: 21.0.9+7-LTS-338 (release)
[2025-12-18T08:22:55.546+0530][info][gc,init] CPUs: 8 total, 8 available
[2025-12-18T08:22:55.546+0530][info][gc,init] Memory: 32762M
[2025-12-18T08:22:55.546+0530][info][gc,init] Large Page Support: Disabled
[2025-12-18T08:22:55.546+0530][info][gc,init] NUMA Support: Disabled
[2025-12-18T08:22:55.546+0530][info][gc,init] Compressed Oops: Enabled (32-bit)
[2025-12-18T08:22:55.546+0530][info][gc,init] Heap Region Size: 1M
[2025-12-18T08:22:55.546+0530][info][gc,init] Heap Min Capacity: 512M
[2025-12-18T08:22:55.546+0530][info][gc,init] Heap Initial Capacity: 512M
[2025-12-18T08:22:55.548+0530][info][gc,init] Heap Max Capacity: 512M
[2025-12-18T08:22:55.548+0530][info][gc,init] Pre-touch: Disabled
[2025-12-18T08:22:55.548+0530][info][gc,init] Parallel Workers: 8
[2025-12-18T08:22:55.548+0530][info][gc,init] Concurrent Workers: 2
[2025-12-18T08:22:55.548+0530][info][gc,init] Concurrent Refinement Workers: 8
[2025-12-18T08:22:55.548+0530][info][gc,init] Periodic GC: Disabled
[2025-12-18T08:22:55.560+0530][info][gc,metaspace] CDS archive(s) mapped at: [0x0000022700000000-0x0000022700c90000-0x0000022700c90000), size 13172736, SharedBaseAddress: 0x0000022700000000, ArchiveRelocationMode: 1.
[2025-12-18T08:22:55.560+0530][info][gc,metaspace] Compressed class space mapped at: 0x0000022701000000-0x0000022741000000, reserved size: 1073741824
[2025-12-18T08:22:55.560+0530][info][gc,metaspace] Narrow klass base: 0x0000022700000000, Narrow klass shift: 0, Narrow klass range: 0x100000000
[2025-12-18T08:22:56.572+0530][info][gc,start    ] GC(0) Pause Young (Normal) (G1 Evacuation Pause)
[2025-12-18T08:22:56.573+0530][info][gc,task     ] GC(0) Using 8 workers of 8 for evacuation
[2025-12-18T08:22:56.578+0530][info][gc,phases   ] GC(0)   Pre Evacuate Collection Set: 0.3ms
[2025-12-18T08:22:56.578+0530][info][gc,phases   ] GC(0)   Merge Heap Roots: 0.1ms
[2025-12-18T08:22:56.578+0530][info][gc,phases   ] GC(0)   Evacuate Collection Set: 4.6ms
[2025-12-18T08:22:56.579+0530][info][gc,phases   ] GC(0)   Post Evacuate Collection Set: 0.7ms
[2025-12-18T08:22:56.579+0530][info][gc,phases   ] GC(0)   Other: 0.7ms
[2025-12-18T08:22:56.579+0530][info][gc,heap     ] GC(0) Eden regions: 25->0(33)
[2025-12-18T08:22:56.579+0530][info][gc,heap     ] GC(0) Survivor regions: 0->4(4)
[2025-12-18T08:22:56.579+0530][info][gc,heap     ] GC(0) Old regions: 0->0
[2025-12-18T08:22:56.579+0530][info][gc,heap     ] GC(0) Humongous regions: 0->0
[2025-12-18T08:22:56.579+0530][info][gc,metaspace] GC(0) Metaspace: 3821K(4032K)->3821K(4032K) NonClass: 3462K(3584K)->3462K(3584K) Class: 358K(448K)->358K(448K)
[2025-12-18T08:22:56.579+0530][info][gc          ] GC(0) Pause Young (Normal) (G1 Evacuation Pause) 25M->3M(512M) 6.748ms
[2025-12-18T08:22:56.579+0530][info][gc,cpu      ] GC(0) User=0.00s Sys=0.00s Real=0.01s
[2025-12-18T08:22:56.631+0530][info][gc,start    ] GC(1) Pause Young (Normal) (G1 Evacuation Pause)
[2025-12-18T08:22:56.631+0530][info][gc,task     ] GC(1) Using 8 workers of 8 for evacuation
[2025-12-18T08:22:56.645+0530][info][gc,phases   ] GC(1)   Pre Evacuate Collection Set: 0.2ms
[2025-12-18T08:22:56.645+0530][info][gc,phases   ] GC(1)   Merge Heap Roots: 0.1ms
[2025-12-18T08:22:56.645+0530][info][gc,phases   ] GC(1)   Evacuate Collection Set: 12.1ms
[2025-12-18T08:22:56.645+0530][info][gc,phases   ] GC(1)   Post Evacuate Collection Set: 0.6ms
[2025-12-18T08:22:56.645+0530][info][gc,phases   ] GC(1)   Other: 0.1ms
[2025-12-18T08:22:56.645+0530][info][gc,heap     ] GC(1) Eden regions: 33->0(29)
[2025-12-18T08:22:56.645+0530][info][gc,heap     ] GC(1) Survivor regions: 4->5(5)
[2025-12-18T08:22:56.645+0530][info][gc,heap     ] GC(1) Old regions: 0->33
[2025-12-18T08:22:56.645+0530][info][gc,heap     ] GC(1) Humongous regions: 0->0
[2025-12-18T08:22:56.645+0530][info][gc,metaspace] GC(1) Metaspace: 3822K(4032K)->3822K(4032K) NonClass: 3463K(3584K)->3463K(3584K) Class: 358K(448K)->358K(448K)
[2025-12-18T08:22:56.645+0530][info][gc          ] GC(1) Pause Young (Normal) (G1 Evacuation Pause) 36M->37M(512M) 13.622ms
[2025-12-18T08:22:56.645+0530][info][gc,cpu      ] GC(1) User=0.09s Sys=0.03s Real=0.01s
[2025-12-18T08:22:56.657+0530][info][gc,start    ] GC(2) Pause Young (Normal) (G1 Evacuation Pause)
[2025-12-18T08:22:56.657+0530][info][gc,task     ] GC(2) Using 8 workers of 8 for evacuation
[2025-12-18T08:22:56.664+0530][info][gc,phases   ] GC(2)   Pre Evacuate Collection Set: 0.3ms
[2025-12-18T08:22:56.664+0530][info][gc,phases   ] GC(2)   Merge Heap Roots: 0.1ms
[2025-12-18T08:22:56.664+0530][info][gc,phases   ] GC(2)   Evacuate Collection Set: 5.9ms
[2025-12-18T08:22:56.664+0530][info][gc,phases   ] GC(2)   Post Evacuate Collection Set: 0.4ms
[2025-12-18T08:22:56.664+0530][info][gc,phases   ] GC(2)   Other: 0.1ms
[2025-12-18T08:22:56.664+0530][info][gc,heap     ] GC(2) Eden regions: 29->0(32)
[2025-12-18T08:22:56.664+0530][info][gc,heap     ] GC(2) Survivor regions: 5->5(5)
[2025-12-18T08:22:56.664+0530][info][gc,heap     ] GC(2) Old regions: 33->64
[2025-12-18T08:22:56.664+0530][info][gc,heap     ] GC(2) Humongous regions: 0->0
[2025-12-18T08:22:56.664+0530][info][gc,metaspace] GC(2) Metaspace: 3828K(4032K)->3828K(4032K) NonClass: 3469K(3584K)->3469K(3584K) Class: 358K(448K)->358K(448K)
[2025-12-18T08:22:56.664+0530][info][gc          ] GC(2) Pause Young (Normal) (G1 Evacuation Pause) 66M->68M(512M) 7.150ms
[2025-12-18T08:22:56.664+0530][info][gc,cpu      ] GC(2) User=0.02s Sys=0.11s Real=0.01s
[2025-12-18T08:22:56.676+0530][info][gc,start    ] GC(3) Pause Young (Normal) (G1 Evacuation Pause)
[2025-12-18T08:22:56.676+0530][info][gc,task     ] GC(3) Using 8 workers of 8 for evacuation
[2025-12-18T08:22:56.686+0530][info][gc,phases   ] GC(3)   Pre Evacuate Collection Set: 0.3ms
[2025-12-18T08:22:56.686+0530][info][gc,phases   ] GC(3)   Merge Heap Roots: 0.1ms
[2025-12-18T08:22:56.686+0530][info][gc,phases   ] GC(3)   Evacuate Collection Set: 8.3ms
[2025-12-18T08:22:56.686+0530][info][gc,phases   ] GC(3)   Post Evacuate Collection Set: 0.4ms
[2025-12-18T08:22:56.686+0530][info][gc,phases   ] GC(3)   Other: 0.1ms
[2025-12-18T08:22:56.686+0530][info][gc,heap     ] GC(3) Eden regions: 32->0(38)
[2025-12-18T08:22:56.686+0530][info][gc,heap     ] GC(3) Survivor regions: 5->5(5)
[2025-12-18T08:22:56.686+0530][info][gc,heap     ] GC(3) Old regions: 64->98
[2025-12-18T08:22:56.686+0530][info][gc,heap     ] GC(3) Humongous regions: 2->2
[2025-12-18T08:22:56.686+0530][info][gc,metaspace] GC(3) Metaspace: 3828K(4032K)->3828K(4032K) NonClass: 3469K(3584K)->3469K(3584K) Class: 358K(448K)->358K(448K)
[2025-12-18T08:22:56.686+0530][info][gc          ] GC(3) Pause Young (Normal) (G1 Evacuation Pause) 102M->104M(512M) 9.613ms
[2025-12-18T08:22:56.686+0530][info][gc,cpu      ] GC(3) User=0.09s Sys=0.03s Real=0.01s
[2025-12-18T08:22:56.700+0530][info][gc,start    ] GC(4) Pause Young (Normal) (G1 Evacuation Pause)
[2025-12-18T08:22:56.700+0530][info][gc,task     ] GC(4) Using 8 workers of 8 for evacuation
[2025-12-18T08:22:56.711+0530][info][gc,phases   ] GC(4)   Pre Evacuate Collection Set: 0.2ms
[2025-12-18T08:22:56.711+0530][info][gc,phases   ] GC(4)   Merge Heap Roots: 0.1ms
[2025-12-18T08:22:56.711+0530][info][gc,phases   ] GC(4)   Evacuate Collection Set: 9.5ms
[2025-12-18T08:22:56.711+0530][info][gc,phases   ] GC(4)   Post Evacuate Collection Set: 0.5ms
[2025-12-18T08:22:56.711+0530][info][gc,phases   ] GC(4)   Other: 0.1ms
[2025-12-18T08:22:56.711+0530][info][gc,heap     ] GC(4) Eden regions: 39->0(48)
[2025-12-18T08:22:56.711+0530][info][gc,heap     ] GC(4) Survivor regions: 5->6(6)
[2025-12-18T08:22:56.711+0530][info][gc,heap     ] GC(4) Old regions: 98->137
[2025-12-18T08:22:56.711+0530][info][gc,heap     ] GC(4) Humongous regions: 2->2
[2025-12-18T08:22:56.711+0530][info][gc,metaspace] GC(4) Metaspace: 3828K(4032K)->3828K(4032K) NonClass: 3469K(3584K)->3469K(3584K) Class: 358K(448K)->358K(448K)
[2025-12-18T08:22:56.711+0530][info][gc          ] GC(4) Pause Young (Normal) (G1 Evacuation Pause) 143M->145M(512M) 10.893ms
[2025-12-18T08:22:56.711+0530][info][gc,cpu      ] GC(4) User=0.02s Sys=0.00s Real=0.01s
[2025-12-18T08:22:56.722+0530][info][gc,start    ] GC(5) Pause Young (Normal) (G1 Evacuation Pause)
[2025-12-18T08:22:56.722+0530][info][gc,task     ] GC(5) Using 8 workers of 8 for evacuation
[2025-12-18T08:22:56.736+0530][info][gc,phases   ] GC(5)   Pre Evacuate Collection Set: 0.3ms
[2025-12-18T08:22:56.736+0530][info][gc,phases   ] GC(5)   Merge Heap Roots: 0.1ms
[2025-12-18T08:22:56.736+0530][info][gc,phases   ] GC(5)   Evacuate Collection Set: 12.3ms
[2025-12-18T08:22:56.736+0530][info][gc,phases   ] GC(5)   Post Evacuate Collection Set: 0.5ms
[2025-12-18T08:22:56.736+0530][info][gc,phases   ] GC(5)   Other: 0.1ms
[2025-12-18T08:22:56.736+0530][info][gc,heap     ] GC(5) Eden regions: 49->0(59)
[2025-12-18T08:22:56.736+0530][info][gc,heap     ] GC(5) Survivor regions: 6->7(7)
[2025-12-18T08:22:56.736+0530][info][gc,heap     ] GC(5) Old regions: 137->187
[2025-12-18T08:22:56.736+0530][info][gc,heap     ] GC(5) Humongous regions: 4->4
[2025-12-18T08:22:56.736+0530][info][gc,metaspace] GC(5) Metaspace: 3828K(4032K)->3828K(4032K) NonClass: 3469K(3584K)->3469K(3584K) Class: 358K(448K)->358K(448K)
[2025-12-18T08:22:56.736+0530][info][gc          ] GC(5) Pause Young (Normal) (G1 Evacuation Pause) 196M->198M(512M) 13.719ms
[2025-12-18T08:22:56.736+0530][info][gc,cpu      ] GC(5) User=0.09s Sys=0.03s Real=0.01s
[2025-12-18T08:23:01.801+0530][info][gc,start    ] GC(6) Pause Young (Normal) (G1 Evacuation Pause)
[2025-12-18T08:23:01.801+0530][info][gc,task     ] GC(6) Using 8 workers of 8 for evacuation
[2025-12-18T08:23:01.815+0530][info][gc,phases   ] GC(6)   Pre Evacuate Collection Set: 0.2ms
[2025-12-18T08:23:01.815+0530][info][gc,phases   ] GC(6)   Merge Heap Roots: 0.1ms
[2025-12-18T08:23:01.815+0530][info][gc,phases   ] GC(6)   Evacuate Collection Set: 13.2ms
[2025-12-18T08:23:01.815+0530][info][gc,phases   ] GC(6)   Post Evacuate Collection Set: 0.7ms
[2025-12-18T08:23:01.815+0530][info][gc,phases   ] GC(6)   Other: 0.1ms
[2025-12-18T08:23:01.815+0530][info][gc,heap     ] GC(6) Eden regions: 56->0(75)
[2025-12-18T08:23:01.815+0530][info][gc,heap     ] GC(6) Survivor regions: 7->8(8)
[2025-12-18T08:23:01.815+0530][info][gc,heap     ] GC(6) Old regions: 187->240
[2025-12-18T08:23:01.815+0530][info][gc,heap     ] GC(6) Humongous regions: 7->7
[2025-12-18T08:23:01.815+0530][info][gc,metaspace] GC(6) Metaspace: 4040K(4288K)->4040K(4288K) NonClass: 3655K(3776K)->3655K(3776K) Class: 384K(512K)->384K(512K)
[2025-12-18T08:23:01.815+0530][info][gc          ] GC(6) Pause Young (Normal) (G1 Evacuation Pause) 257M->254M(512M) 14.765ms
[2025-12-18T08:23:01.815+0530][info][gc,cpu      ] GC(6) User=0.06s Sys=0.06s Real=0.01s
[2025-12-18T08:23:01.936+0530][info][gc,start    ] GC(7) Pause Young (Concurrent Start) (G1 Evacuation Pause)
[2025-12-18T08:23:01.936+0530][info][gc,task     ] GC(7) Using 8 workers of 8 for evacuation
[2025-12-18T08:23:01.938+0530][info][gc,phases   ] GC(7)   Pre Evacuate Collection Set: 0.4ms
[2025-12-18T08:23:01.938+0530][info][gc,phases   ] GC(7)   Merge Heap Roots: 0.1ms
[2025-12-18T08:23:01.940+0530][info][gc,phases   ] GC(7)   Evacuate Collection Set: 2.1ms
[2025-12-18T08:23:01.940+0530][info][gc,phases   ] GC(7)   Post Evacuate Collection Set: 0.5ms
[2025-12-18T08:23:01.940+0530][info][gc,phases   ] GC(7)   Other: 0.2ms
[2025-12-18T08:23:01.940+0530][info][gc,heap     ] GC(7) Eden regions: 79->0(141)
[2025-12-18T08:23:01.940+0530][info][gc,heap     ] GC(7) Survivor regions: 8->2(11)
[2025-12-18T08:23:01.940+0530][info][gc,heap     ] GC(7) Old regions: 240->250
[2025-12-18T08:23:01.940+0530][info][gc,heap     ] GC(7) Humongous regions: 7->7
[2025-12-18T08:23:01.940+0530][info][gc,metaspace] GC(7) Metaspace: 4041K(4288K)->4041K(4288K) NonClass: 3656K(3776K)->3656K(3776K) Class: 384K(512K)->384K(512K)
[2025-12-18T08:23:01.940+0530][info][gc          ] GC(7) Pause Young (Concurrent Start) (G1 Evacuation Pause) 333M->257M(512M) 3.681ms
[2025-12-18T08:23:01.940+0530][info][gc,cpu      ] GC(7) User=0.00s Sys=0.00s Real=0.00s
[2025-12-18T08:23:01.940+0530][info][gc          ] GC(8) Concurrent Mark Cycle
[2025-12-18T08:23:01.940+0530][info][gc,marking  ] GC(8) Concurrent Scan Root Regions
[2025-12-18T08:23:01.943+0530][info][gc,marking  ] GC(8) Concurrent Scan Root Regions 4.316ms
[2025-12-18T08:23:01.943+0530][info][gc,marking  ] GC(8) Concurrent Mark
[2025-12-18T08:23:01.943+0530][info][gc,marking  ] GC(8) Concurrent Mark From Roots
[2025-12-18T08:23:01.943+0530][info][gc,task     ] GC(8) Using 2 workers of 2 for marking
[2025-12-18T08:23:02.043+0530][info][gc,marking  ] GC(8) Concurrent Mark From Roots 98.593ms
[2025-12-18T08:23:02.043+0530][info][gc,marking  ] GC(8) Concurrent Preclean
[2025-12-18T08:23:02.043+0530][info][gc,marking  ] GC(8) Concurrent Preclean 0.031ms
[2025-12-18T08:23:02.043+0530][info][gc,start    ] GC(8) Pause Remark
[2025-12-18T08:23:02.045+0530][info][gc          ] GC(8) Pause Remark 359M->355M(512M) 1.492ms
[2025-12-18T08:23:02.045+0530][info][gc,cpu      ] GC(8) User=0.00s Sys=0.00s Real=0.00s
[2025-12-18T08:23:02.045+0530][info][gc,marking  ] GC(8) Concurrent Mark 101.166ms
[2025-12-18T08:23:02.045+0530][info][gc,marking  ] GC(8) Concurrent Rebuild Remembered Sets and Scrub Regions
[2025-12-18T08:23:02.094+0530][info][gc,marking  ] GC(8) Concurrent Rebuild Remembered Sets and Scrub Regions 48.710ms
[2025-12-18T08:23:02.094+0530][info][gc,start    ] GC(9) Pause Young (Normal) (G1 Evacuation Pause)
[2025-12-18T08:23:02.094+0530][info][gc,task     ] GC(9) Using 8 workers of 8 for evacuation
[2025-12-18T08:23:02.096+0530][info][gc,phases   ] GC(9)   Pre Evacuate Collection Set: 0.3ms
[2025-12-18T08:23:02.096+0530][info][gc,phases   ] GC(9)   Merge Heap Roots: 0.1ms
[2025-12-18T08:23:02.096+0530][info][gc,phases   ] GC(9)   Evacuate Collection Set: 0.2ms
[2025-12-18T08:23:02.096+0530][info][gc,phases   ] GC(9)   Post Evacuate Collection Set: 0.5ms
[2025-12-18T08:23:02.096+0530][info][gc,phases   ] GC(9)   Other: 0.2ms
[2025-12-18T08:23:02.096+0530][info][gc,heap     ] GC(9) Eden regions: 141->0(171)
[2025-12-18T08:23:02.096+0530][info][gc,heap     ] GC(9) Survivor regions: 2->1(18)
[2025-12-18T08:23:02.096+0530][info][gc,heap     ] GC(9) Old regions: 250->250
[2025-12-18T08:23:02.096+0530][info][gc,heap     ] GC(9) Humongous regions: 3->3
[2025-12-18T08:23:02.096+0530][info][gc,metaspace] GC(9) Metaspace: 4041K(4288K)->4041K(4288K) NonClass: 3656K(3776K)->3656K(3776K) Class: 384K(512K)->384K(512K)
[2025-12-18T08:23:02.096+0530][info][gc          ] GC(9) Pause Young (Normal) (G1 Evacuation Pause) 394M->252M(512M) 1.607ms
[2025-12-18T08:23:02.096+0530][info][gc,cpu      ] GC(9) User=0.00s Sys=0.00s Real=0.00s
[2025-12-18T08:23:02.096+0530][info][gc,start    ] GC(8) Pause Cleanup
[2025-12-18T08:23:02.096+0530][info][gc          ] GC(8) Pause Cleanup 256M->256M(512M) 0.249ms
[2025-12-18T08:23:02.096+0530][info][gc,cpu      ] GC(8) User=0.00s Sys=0.00s Real=0.00s
[2025-12-18T08:23:02.098+0530][info][gc,marking  ] GC(8) Concurrent Clear Claimed Marks
[2025-12-18T08:23:02.098+0530][info][gc,marking  ] GC(8) Concurrent Clear Claimed Marks 0.059ms
[2025-12-18T08:23:02.098+0530][info][gc,marking  ] GC(8) Concurrent Cleanup for Next Mark
[2025-12-18T08:23:02.100+0530][info][gc,marking  ] GC(8) Concurrent Cleanup for Next Mark 2.197ms
[2025-12-18T08:23:02.100+0530][info][gc          ] GC(8) Concurrent Mark Cycle 161.834ms
[2025-12-18T08:23:02.229+0530][info][gc,start    ] GC(10) Pause Young (Prepare Mixed) (G1 Evacuation Pause)
[2025-12-18T08:23:02.229+0530][info][gc,task     ] GC(10) Using 8 workers of 8 for evacuation
[2025-12-18T08:23:02.231+0530][info][gc,phases   ] GC(10)   Pre Evacuate Collection Set: 0.3ms
[2025-12-18T08:23:02.231+0530][info][gc,phases   ] GC(10)   Merge Heap Roots: 0.1ms
[2025-12-18T08:23:02.231+0530][info][gc,phases   ] GC(10)   Evacuate Collection Set: 0.5ms
[2025-12-18T08:23:02.231+0530][info][gc,phases   ] GC(10)   Post Evacuate Collection Set: 0.5ms
[2025-12-18T08:23:02.231+0530][info][gc,phases   ] GC(10)   Other: 0.2ms
[2025-12-18T08:23:02.231+0530][info][gc,heap     ] GC(10) Eden regions: 171->0(190)
[2025-12-18T08:23:02.231+0530][info][gc,heap     ] GC(10) Survivor regions: 1->1(22)
[2025-12-18T08:23:02.231+0530][info][gc,heap     ] GC(10) Old regions: 250->250
[2025-12-18T08:23:02.231+0530][info][gc,heap     ] GC(10) Humongous regions: 3->3
[2025-12-18T08:23:02.231+0530][info][gc,metaspace] GC(10) Metaspace: 4041K(4288K)->4041K(4288K) NonClass: 3656K(3776K)->3656K(3776K) Class: 384K(512K)->384K(512K)
[2025-12-18T08:23:02.231+0530][info][gc          ] GC(10) Pause Young (Prepare Mixed) (G1 Evacuation Pause) 423M->252M(512M) 1.995ms
[2025-12-18T08:23:02.231+0530][info][gc,cpu      ] GC(10) User=0.00s Sys=0.00s Real=0.00s
[2025-12-18T08:23:02.375+0530][info][gc,start    ] GC(11) Pause Young (Mixed) (G1 Evacuation Pause)
[2025-12-18T08:23:02.375+0530][info][gc,task     ] GC(11) Using 8 workers of 8 for evacuation
[2025-12-18T08:23:02.377+0530][info][gc,phases   ] GC(11)   Pre Evacuate Collection Set: 0.3ms
[2025-12-18T08:23:02.377+0530][info][gc,phases   ] GC(11)   Merge Heap Roots: 0.2ms
[2025-12-18T08:23:02.377+0530][info][gc,phases   ] GC(11)   Evacuate Collection Set: 0.6ms
[2025-12-18T08:23:02.377+0530][info][gc,phases   ] GC(11)   Post Evacuate Collection Set: 0.5ms
[2025-12-18T08:23:02.377+0530][info][gc,phases   ] GC(11)   Other: 0.1ms
[2025-12-18T08:23:02.377+0530][info][gc,heap     ] GC(11) Eden regions: 190->0(207)
[2025-12-18T08:23:02.377+0530][info][gc,heap     ] GC(11) Survivor regions: 1->1(24)
[2025-12-18T08:23:02.377+0530][info][gc,heap     ] GC(11) Old regions: 250->248
[2025-12-18T08:23:02.377+0530][info][gc,heap     ] GC(11) Humongous regions: 3->3
[2025-12-18T08:23:02.377+0530][info][gc,metaspace] GC(11) Metaspace: 4041K(4288K)->4041K(4288K) NonClass: 3656K(3776K)->3656K(3776K) Class: 384K(512K)->384K(512K)
[2025-12-18T08:23:02.377+0530][info][gc          ] GC(11) Pause Young (Mixed) (G1 Evacuation Pause) 442M->250M(512M) 2.031ms
[2025-12-18T08:23:02.377+0530][info][gc,cpu      ] GC(11) User=0.00s Sys=0.00s Real=0.00s
[2025-12-18T08:23:02.534+0530][info][gc,start    ] GC(12) Pause Young (Concurrent Start) (G1 Evacuation Pause)
[2025-12-18T08:23:02.534+0530][info][gc,task     ] GC(12) Using 8 workers of 8 for evacuation
[2025-12-18T08:23:02.536+0530][info][gc,phases   ] GC(12)   Pre Evacuate Collection Set: 0.3ms
[2025-12-18T08:23:02.536+0530][info][gc,phases   ] GC(12)   Merge Heap Roots: 0.1ms
[2025-12-18T08:23:02.536+0530][info][gc,phases   ] GC(12)   Evacuate Collection Set: 0.8ms
[2025-12-18T08:23:02.536+0530][info][gc,phases   ] GC(12)   Post Evacuate Collection Set: 0.5ms
[2025-12-18T08:23:02.536+0530][info][gc,phases   ] GC(12)   Other: 0.2ms
[2025-12-18T08:23:02.536+0530][info][gc,heap     ] GC(12) Eden regions: 207->0(218)
[2025-12-18T08:23:02.536+0530][info][gc,heap     ] GC(12) Survivor regions: 1->1(26)
[2025-12-18T08:23:02.536+0530][info][gc,heap     ] GC(12) Old regions: 248->248
[2025-12-18T08:23:02.536+0530][info][gc,heap     ] GC(12) Humongous regions: 3->3
[2025-12-18T08:23:02.536+0530][info][gc,metaspace] GC(12) Metaspace: 4041K(4288K)->4041K(4288K) NonClass: 3656K(3776K)->3656K(3776K) Class: 384K(512K)->384K(512K)
[2025-12-18T08:23:02.536+0530][info][gc          ] GC(12) Pause Young (Concurrent Start) (G1 Evacuation Pause) 457M->250M(512M) 2.251ms
[2025-12-18T08:23:02.536+0530][info][gc,cpu      ] GC(12) User=0.00s Sys=0.00s Real=0.00s
[2025-12-18T08:23:02.536+0530][info][gc          ] GC(13) Concurrent Mark Cycle
[2025-12-18T08:23:02.536+0530][info][gc,marking  ] GC(13) Concurrent Scan Root Regions
[2025-12-18T08:23:02.536+0530][info][gc,marking  ] GC(13) Concurrent Scan Root Regions 0.226ms
[2025-12-18T08:23:02.536+0530][info][gc,marking  ] GC(13) Concurrent Mark
[2025-12-18T08:23:02.536+0530][info][gc,marking  ] GC(13) Concurrent Mark From Roots
[2025-12-18T08:23:02.536+0530][info][gc,task     ] GC(13) Using 2 workers of 2 for marking
[2025-12-18T08:23:02.631+0530][info][gc,marking  ] GC(13) Concurrent Mark From Roots 95.857ms
[2025-12-18T08:23:02.631+0530][info][gc,marking  ] GC(13) Concurrent Preclean
[2025-12-18T08:23:02.633+0530][info][gc,marking  ] GC(13) Concurrent Preclean 0.067ms
[2025-12-18T08:23:02.633+0530][info][gc,start    ] GC(13) Pause Remark
[2025-12-18T08:23:02.635+0530][info][gc          ] GC(13) Pause Remark 347M->347M(512M) 2.441ms
[2025-12-18T08:23:02.635+0530][info][gc,cpu      ] GC(13) User=0.00s Sys=0.00s Real=0.00s
[2025-12-18T08:23:02.635+0530][info][gc,marking  ] GC(13) Concurrent Mark 99.531ms
[2025-12-18T08:23:02.635+0530][info][gc,marking  ] GC(13) Concurrent Rebuild Remembered Sets and Scrub Regions
[2025-12-18T08:23:02.684+0530][info][gc,marking  ] GC(13) Concurrent Rebuild Remembered Sets and Scrub Regions 48.470ms
[2025-12-18T08:23:02.684+0530][info][gc,start    ] GC(13) Pause Cleanup
[2025-12-18T08:23:02.686+0530][info][gc          ] GC(13) Pause Cleanup 394M->394M(512M) 0.380ms
[2025-12-18T08:23:02.686+0530][info][gc,cpu      ] GC(13) User=0.00s Sys=0.00s Real=0.00s
[2025-12-18T08:23:02.686+0530][info][gc,marking  ] GC(13) Concurrent Clear Claimed Marks
[2025-12-18T08:23:02.686+0530][info][gc,marking  ] GC(13) Concurrent Clear Claimed Marks 0.071ms
[2025-12-18T08:23:02.686+0530][info][gc,marking  ] GC(13) Concurrent Cleanup for Next Mark
[2025-12-18T08:23:02.688+0530][info][gc,marking  ] GC(13) Concurrent Cleanup for Next Mark 0.766ms
[2025-12-18T08:23:02.688+0530][info][gc          ] GC(13) Concurrent Mark Cycle 151.314ms
[2025-12-18T08:23:02.744+0530][info][gc,start    ] GC(14) Pause Young (Prepare Mixed) (G1 Evacuation Pause)
[2025-12-18T08:23:02.744+0530][info][gc,task     ] GC(14) Using 8 workers of 8 for evacuation
[2025-12-18T08:23:02.744+0530][info][gc,phases   ] GC(14)   Pre Evacuate Collection Set: 0.2ms
[2025-12-18T08:23:02.744+0530][info][gc,phases   ] GC(14)   Merge Heap Roots: 0.2ms
[2025-12-18T08:23:02.744+0530][info][gc,phases   ] GC(14)   Evacuate Collection Set: 0.6ms
[2025-12-18T08:23:02.744+0530][info][gc,phases   ] GC(14)   Post Evacuate Collection Set: 0.6ms
[2025-12-18T08:23:02.744+0530][info][gc,phases   ] GC(14)   Other: 0.2ms
[2025-12-18T08:23:02.744+0530][info][gc,heap     ] GC(14) Eden regions: 218->0(227)
[2025-12-18T08:23:02.746+0530][info][gc,heap     ] GC(14) Survivor regions: 1->1(28)
[2025-12-18T08:23:02.746+0530][info][gc,heap     ] GC(14) Old regions: 248->248
[2025-12-18T08:23:02.746+0530][info][gc,heap     ] GC(14) Humongous regions: 3->3
[2025-12-18T08:23:02.746+0530][info][gc,metaspace] GC(14) Metaspace: 4041K(4288K)->4041K(4288K) NonClass: 3656K(3776K)->3656K(3776K) Class: 384K(512K)->384K(512K)
[2025-12-18T08:23:02.746+0530][info][gc          ] GC(14) Pause Young (Prepare Mixed) (G1 Evacuation Pause) 468M->250M(512M) 2.185ms
[2025-12-18T08:23:02.746+0530][info][gc,cpu      ] GC(14) User=0.00s Sys=0.00s Real=0.00s
[2025-12-18T08:23:02.914+0530][info][gc,start    ] GC(15) Pause Young (Mixed) (G1 Evacuation Pause)
[2025-12-18T08:23:02.914+0530][info][gc,task     ] GC(15) Using 8 workers of 8 for evacuation
[2025-12-18T08:23:02.916+0530][info][gc,phases   ] GC(15)   Pre Evacuate Collection Set: 0.3ms
[2025-12-18T08:23:02.916+0530][info][gc,phases   ] GC(15)   Merge Heap Roots: 0.1ms
[2025-12-18T08:23:02.916+0530][info][gc,phases   ] GC(15)   Evacuate Collection Set: 0.7ms
[2025-12-18T08:23:02.916+0530][info][gc,phases   ] GC(15)   Post Evacuate Collection Set: 0.6ms
[2025-12-18T08:23:02.916+0530][info][gc,phases   ] GC(15)   Other: 0.2ms
[2025-12-18T08:23:02.916+0530][info][gc,heap     ] GC(15) Eden regions: 227->0(235)
[2025-12-18T08:23:02.916+0530][info][gc,heap     ] GC(15) Survivor regions: 1->1(29)
[2025-12-18T08:23:02.916+0530][info][gc,heap     ] GC(15) Old regions: 248->245
[2025-12-18T08:23:02.916+0530][info][gc,heap     ] GC(15) Humongous regions: 3->3
[2025-12-18T08:23:02.916+0530][info][gc,metaspace] GC(15) Metaspace: 4043K(4288K)->4043K(4288K) NonClass: 3658K(3776K)->3658K(3776K) Class: 385K(512K)->385K(512K)
[2025-12-18T08:23:02.916+0530][info][gc          ] GC(15) Pause Young (Mixed) (G1 Evacuation Pause) 477M->247M(512M) 2.412ms
[2025-12-18T08:23:02.916+0530][info][gc,cpu      ] GC(15) User=0.00s Sys=0.00s Real=0.00s
[2025-12-18T08:23:03.098+0530][info][gc,start    ] GC(16) Pause Young (Concurrent Start) (G1 Evacuation Pause)
[2025-12-18T08:23:03.098+0530][info][gc,task     ] GC(16) Using 8 workers of 8 for evacuation
[2025-12-18T08:23:03.100+0530][info][gc,phases   ] GC(16)   Pre Evacuate Collection Set: 0.3ms
[2025-12-18T08:23:03.100+0530][info][gc,phases   ] GC(16)   Merge Heap Roots: 0.2ms
[2025-12-18T08:23:03.100+0530][info][gc,phases   ] GC(16)   Evacuate Collection Set: 0.7ms
[2025-12-18T08:23:03.100+0530][info][gc,phases   ] GC(16)   Post Evacuate Collection Set: 0.6ms
[2025-12-18T08:23:03.100+0530][info][gc,phases   ] GC(16)   Other: 0.2ms
[2025-12-18T08:23:03.100+0530][info][gc,heap     ] GC(16) Eden regions: 235->0(235)
[2025-12-18T08:23:03.100+0530][info][gc,heap     ] GC(16) Survivor regions: 1->1(28)
[2025-12-18T08:23:03.100+0530][info][gc,heap     ] GC(16) Old regions: 245->245
[2025-12-18T08:23:03.100+0530][info][gc,heap     ] GC(16) Humongous regions: 3->3
[2025-12-18T08:23:03.100+0530][info][gc,metaspace] GC(16) Metaspace: 4044K(4288K)->4044K(4288K) NonClass: 3658K(3776K)->3658K(3776K) Class: 385K(512K)->385K(512K)
[2025-12-18T08:23:03.100+0530][info][gc          ] GC(16) Pause Young (Concurrent Start) (G1 Evacuation Pause) 482M->247M(512M) 2.388ms
[2025-12-18T08:23:03.100+0530][info][gc,cpu      ] GC(16) User=0.00s Sys=0.00s Real=0.00s
[2025-12-18T08:23:03.100+0530][info][gc          ] GC(17) Concurrent Mark Cycle
[2025-12-18T08:23:03.100+0530][info][gc,marking  ] GC(17) Concurrent Scan Root Regions
[2025-12-18T08:23:03.100+0530][info][gc,marking  ] GC(17) Concurrent Scan Root Regions 0.242ms
[2025-12-18T08:23:03.100+0530][info][gc,marking  ] GC(17) Concurrent Mark
[2025-12-18T08:23:03.100+0530][info][gc,marking  ] GC(17) Concurrent Mark From Roots
[2025-12-18T08:23:03.100+0530][info][gc,task     ] GC(17) Using 2 workers of 2 for marking
[2025-12-18T08:23:03.195+0530][info][gc,marking  ] GC(17) Concurrent Mark From Roots 94.471ms
[2025-12-18T08:23:03.195+0530][info][gc,marking  ] GC(17) Concurrent Preclean
[2025-12-18T08:23:03.195+0530][info][gc,marking  ] GC(17) Concurrent Preclean 0.068ms
[2025-12-18T08:23:03.195+0530][info][gc,start    ] GC(17) Pause Remark
[2025-12-18T08:23:03.198+0530][info][gc          ] GC(17) Pause Remark 336M->336M(512M) 1.159ms
[2025-12-18T08:23:03.198+0530][info][gc,cpu      ] GC(17) User=0.00s Sys=0.00s Real=0.00s
[2025-12-18T08:23:03.198+0530][info][gc,marking  ] GC(17) Concurrent Mark 96.652ms
[2025-12-18T08:23:03.198+0530][info][gc,marking  ] GC(17) Concurrent Rebuild Remembered Sets and Scrub Regions
[2025-12-18T08:23:03.244+0530][info][gc,marking  ] GC(17) Concurrent Rebuild Remembered Sets and Scrub Regions 46.845ms
[2025-12-18T08:23:03.244+0530][info][gc,start    ] GC(17) Pause Cleanup
[2025-12-18T08:23:03.244+0530][info][gc          ] GC(17) Pause Cleanup 381M->381M(512M) 0.400ms
[2025-12-18T08:23:03.246+0530][info][gc,cpu      ] GC(17) User=0.00s Sys=0.00s Real=0.00s
[2025-12-18T08:23:03.246+0530][info][gc,marking  ] GC(17) Concurrent Clear Claimed Marks
[2025-12-18T08:23:03.246+0530][info][gc,marking  ] GC(17) Concurrent Clear Claimed Marks 0.066ms
[2025-12-18T08:23:03.246+0530][info][gc,marking  ] GC(17) Concurrent Cleanup for Next Mark
[2025-12-18T08:23:03.246+0530][info][gc,marking  ] GC(17) Concurrent Cleanup for Next Mark 0.731ms
[2025-12-18T08:23:03.246+0530][info][gc          ] GC(17) Concurrent Mark Cycle 146.102ms
[2025-12-18T08:23:03.323+0530][info][gc,start    ] GC(18) Pause Young (Prepare Mixed) (G1 Evacuation Pause)
[2025-12-18T08:23:03.323+0530][info][gc,task     ] GC(18) Using 8 workers of 8 for evacuation
[2025-12-18T08:23:03.325+0530][info][gc,phases   ] GC(18)   Pre Evacuate Collection Set: 0.3ms
[2025-12-18T08:23:03.325+0530][info][gc,phases   ] GC(18)   Merge Heap Roots: 0.2ms
[2025-12-18T08:23:03.325+0530][info][gc,phases   ] GC(18)   Evacuate Collection Set: 0.4ms
[2025-12-18T08:23:03.325+0530][info][gc,phases   ] GC(18)   Post Evacuate Collection Set: 0.6ms
[2025-12-18T08:23:03.325+0530][info][gc,phases   ] GC(18)   Other: 0.1ms
[2025-12-18T08:23:03.325+0530][info][gc,heap     ] GC(18) Eden regions: 235->0(235)
[2025-12-18T08:23:03.325+0530][info][gc,heap     ] GC(18) Survivor regions: 1->1(28)
[2025-12-18T08:23:03.325+0530][info][gc,heap     ] GC(18) Old regions: 245->245
[2025-12-18T08:23:03.325+0530][info][gc,heap     ] GC(18) Humongous regions: 3->3
[2025-12-18T08:23:03.325+0530][info][gc,metaspace] GC(18) Metaspace: 4044K(4288K)->4044K(4288K) NonClass: 3658K(3776K)->3658K(3776K) Class: 385K(512K)->385K(512K)
[2025-12-18T08:23:03.325+0530][info][gc          ] GC(18) Pause Young (Prepare Mixed) (G1 Evacuation Pause) 482M->247M(512M) 1.951ms
[2025-12-18T08:23:03.325+0530][info][gc,cpu      ] GC(18) User=0.00s Sys=0.00s Real=0.00s
[2025-12-18T08:23:03.498+0530][info][gc,start    ] GC(19) Pause Young (Mixed) (G1 Evacuation Pause)
[2025-12-18T08:23:03.498+0530][info][gc,task     ] GC(19) Using 8 workers of 8 for evacuation
[2025-12-18T08:23:03.500+0530][info][gc,phases   ] GC(19)   Pre Evacuate Collection Set: 0.2ms
[2025-12-18T08:23:03.500+0530][info][gc,phases   ] GC(19)   Merge Heap Roots: 0.1ms
[2025-12-18T08:23:03.500+0530][info][gc,phases   ] GC(19)   Evacuate Collection Set: 0.9ms
[2025-12-18T08:23:03.500+0530][info][gc,phases   ] GC(19)   Post Evacuate Collection Set: 0.6ms
[2025-12-18T08:23:03.500+0530][info][gc,phases   ] GC(19)   Other: 0.2ms
[2025-12-18T08:23:03.500+0530][info][gc,heap     ] GC(19) Eden regions: 235->0(237)
[2025-12-18T08:23:03.500+0530][info][gc,heap     ] GC(19) Survivor regions: 1->1(28)
[2025-12-18T08:23:03.500+0530][info][gc,heap     ] GC(19) Old regions: 245->243
[2025-12-18T08:23:03.500+0530][info][gc,heap     ] GC(19) Humongous regions: 3->3
[2025-12-18T08:23:03.500+0530][info][gc,metaspace] GC(19) Metaspace: 4044K(4288K)->4044K(4288K) NonClass: 3658K(3776K)->3658K(3776K) Class: 385K(512K)->385K(512K)
[2025-12-18T08:23:03.500+0530][info][gc          ] GC(19) Pause Young (Mixed) (G1 Evacuation Pause) 482M->245M(512M) 2.387ms
[2025-12-18T08:23:03.500+0530][info][gc,cpu      ] GC(19) User=0.00s Sys=0.00s Real=0.00s
[2025-12-18T08:23:03.674+0530][info][gc,start    ] GC(20) Pause Young (Concurrent Start) (G1 Evacuation Pause)
[2025-12-18T08:23:03.674+0530][info][gc,task     ] GC(20) Using 8 workers of 8 for evacuation
[2025-12-18T08:23:03.676+0530][info][gc,phases   ] GC(20)   Pre Evacuate Collection Set: 0.3ms
[2025-12-18T08:23:03.676+0530][info][gc,phases   ] GC(20)   Merge Heap Roots: 0.1ms
[2025-12-18T08:23:03.676+0530][info][gc,phases   ] GC(20)   Evacuate Collection Set: 0.6ms
[2025-12-18T08:23:03.676+0530][info][gc,phases   ] GC(20)   Post Evacuate Collection Set: 0.5ms
[2025-12-18T08:23:03.676+0530][info][gc,phases   ] GC(20)   Other: 0.2ms
[2025-12-18T08:23:03.676+0530][info][gc,heap     ] GC(20) Eden regions: 237->0(237)
[2025-12-18T08:23:03.676+0530][info][gc,heap     ] GC(20) Survivor regions: 1->1(28)
[2025-12-18T08:23:03.676+0530][info][gc,heap     ] GC(20) Old regions: 243->243
[2025-12-18T08:23:03.676+0530][info][gc,heap     ] GC(20) Humongous regions: 3->3
[2025-12-18T08:23:03.676+0530][info][gc,metaspace] GC(20) Metaspace: 4044K(4288K)->4044K(4288K) NonClass: 3658K(3776K)->3658K(3776K) Class: 385K(512K)->385K(512K)
[2025-12-18T08:23:03.676+0530][info][gc          ] GC(20) Pause Young (Concurrent Start) (G1 Evacuation Pause) 482M->245M(512M) 2.287ms
[2025-12-18T08:23:03.676+0530][info][gc,cpu      ] GC(20) User=0.00s Sys=0.00s Real=0.00s
[2025-12-18T08:23:03.676+0530][info][gc          ] GC(21) Concurrent Mark Cycle
[2025-12-18T08:23:03.676+0530][info][gc,marking  ] GC(21) Concurrent Scan Root Regions
[2025-12-18T08:23:03.678+0530][info][gc,marking  ] GC(21) Concurrent Scan Root Regions 0.195ms
[2025-12-18T08:23:03.678+0530][info][gc,marking  ] GC(21) Concurrent Mark
[2025-12-18T08:23:03.678+0530][info][gc,marking  ] GC(21) Concurrent Mark From Roots
[2025-12-18T08:23:03.678+0530][info][gc,task     ] GC(21) Using 2 workers of 2 for marking
[2025-12-18T08:23:03.770+0530][info][gc,marking  ] GC(21) Concurrent Mark From Roots 93.354ms
[2025-12-18T08:23:03.770+0530][info][gc,marking  ] GC(21) Concurrent Preclean
[2025-12-18T08:23:03.770+0530][info][gc,marking  ] GC(21) Concurrent Preclean 0.062ms
[2025-12-18T08:23:03.772+0530][info][gc,start    ] GC(21) Pause Remark
[2025-12-18T08:23:03.774+0530][info][gc          ] GC(21) Pause Remark 339M->339M(512M) 1.285ms
[2025-12-18T08:23:03.774+0530][info][gc,cpu      ] GC(21) User=0.05s Sys=0.00s Real=0.00s
[2025-12-18T08:23:03.774+0530][info][gc,marking  ] GC(21) Concurrent Mark 96.238ms
[2025-12-18T08:23:03.774+0530][info][gc,marking  ] GC(21) Concurrent Rebuild Remembered Sets and Scrub Regions
[2025-12-18T08:23:03.820+0530][info][gc,marking  ] GC(21) Concurrent Rebuild Remembered Sets and Scrub Regions 46.590ms
[2025-12-18T08:23:03.820+0530][info][gc,start    ] GC(21) Pause Cleanup
[2025-12-18T08:23:03.820+0530][info][gc          ] GC(21) Pause Cleanup 385M->385M(512M) 0.308ms
[2025-12-18T08:23:03.820+0530][info][gc,cpu      ] GC(21) User=0.00s Sys=0.00s Real=0.00s
[2025-12-18T08:23:03.823+0530][info][gc,marking  ] GC(21) Concurrent Clear Claimed Marks
[2025-12-18T08:23:03.823+0530][info][gc,marking  ] GC(21) Concurrent Clear Claimed Marks 0.078ms
[2025-12-18T08:23:03.823+0530][info][gc,marking  ] GC(21) Concurrent Cleanup for Next Mark
[2025-12-18T08:23:03.823+0530][info][gc,marking  ] GC(21) Concurrent Cleanup for Next Mark 0.747ms
[2025-12-18T08:23:03.823+0530][info][gc          ] GC(21) Concurrent Mark Cycle 145.691ms
[2025-12-18T08:23:03.895+0530][info][gc,start    ] GC(22) Pause Young (Prepare Mixed) (G1 Evacuation Pause)
[2025-12-18T08:23:03.895+0530][info][gc,task     ] GC(22) Using 8 workers of 8 for evacuation
[2025-12-18T08:23:03.895+0530][info][gc,phases   ] GC(22)   Pre Evacuate Collection Set: 0.2ms
[2025-12-18T08:23:03.895+0530][info][gc,phases   ] GC(22)   Merge Heap Roots: 0.1ms
[2025-12-18T08:23:03.895+0530][info][gc,phases   ] GC(22)   Evacuate Collection Set: 0.5ms
[2025-12-18T08:23:03.895+0530][info][gc,phases   ] GC(22)   Post Evacuate Collection Set: 0.6ms
[2025-12-18T08:23:03.895+0530][info][gc,phases   ] GC(22)   Other: 0.1ms
[2025-12-18T08:23:03.895+0530][info][gc,heap     ] GC(22) Eden regions: 237->0(237)
[2025-12-18T08:23:03.895+0530][info][gc,heap     ] GC(22) Survivor regions: 1->1(28)
[2025-12-18T08:23:03.895+0530][info][gc,heap     ] GC(22) Old regions: 243->243
[2025-12-18T08:23:03.895+0530][info][gc,heap     ] GC(22) Humongous regions: 3->3
[2025-12-18T08:23:03.895+0530][info][gc,metaspace] GC(22) Metaspace: 4044K(4288K)->4044K(4288K) NonClass: 3658K(3776K)->3658K(3776K) Class: 385K(512K)->385K(512K)
[2025-12-18T08:23:03.895+0530][info][gc          ] GC(22) Pause Young (Prepare Mixed) (G1 Evacuation Pause) 482M->245M(512M) 1.986ms
[2025-12-18T08:23:03.897+0530][info][gc,cpu      ] GC(22) User=0.00s Sys=0.00s Real=0.00s
[2025-12-18T08:23:04.073+0530][info][gc,start    ] GC(23) Pause Young (Mixed) (G1 Evacuation Pause)
[2025-12-18T08:23:04.073+0530][info][gc,task     ] GC(23) Using 8 workers of 8 for evacuation
[2025-12-18T08:23:04.075+0530][info][gc,phases   ] GC(23)   Pre Evacuate Collection Set: 0.2ms
[2025-12-18T08:23:04.075+0530][info][gc,phases   ] GC(23)   Merge Heap Roots: 0.1ms
[2025-12-18T08:23:04.075+0530][info][gc,phases   ] GC(23)   Evacuate Collection Set: 0.9ms
[2025-12-18T08:23:04.075+0530][info][gc,phases   ] GC(23)   Post Evacuate Collection Set: 0.6ms
[2025-12-18T08:23:04.075+0530][info][gc,phases   ] GC(23)   Other: 0.1ms
[2025-12-18T08:23:04.075+0530][info][gc,heap     ] GC(23) Eden regions: 237->0(238)
[2025-12-18T08:23:04.075+0530][info][gc,heap     ] GC(23) Survivor regions: 1->1(28)
[2025-12-18T08:23:04.075+0530][info][gc,heap     ] GC(23) Old regions: 243->242
[2025-12-18T08:23:04.075+0530][info][gc,heap     ] GC(23) Humongous regions: 3->3
[2025-12-18T08:23:04.075+0530][info][gc,metaspace] GC(23) Metaspace: 4044K(4288K)->4044K(4288K) NonClass: 3658K(3776K)->3658K(3776K) Class: 385K(512K)->385K(512K)
[2025-12-18T08:23:04.075+0530][info][gc          ] GC(23) Pause Young (Mixed) (G1 Evacuation Pause) 482M->244M(512M) 2.329ms
[2025-12-18T08:23:04.075+0530][info][gc,cpu      ] GC(23) User=0.00s Sys=0.00s Real=0.00s
[2025-12-18T08:23:04.258+0530][info][gc,start    ] GC(24) Pause Young (Concurrent Start) (G1 Evacuation Pause)
[2025-12-18T08:23:04.258+0530][info][gc,task     ] GC(24) Using 8 workers of 8 for evacuation
[2025-12-18T08:23:04.260+0530][info][gc,phases   ] GC(24)   Pre Evacuate Collection Set: 0.3ms
[2025-12-18T08:23:04.260+0530][info][gc,phases   ] GC(24)   Merge Heap Roots: 0.1ms
[2025-12-18T08:23:04.260+0530][info][gc,phases   ] GC(24)   Evacuate Collection Set: 0.7ms
[2025-12-18T08:23:04.260+0530][info][gc,phases   ] GC(24)   Post Evacuate Collection Set: 0.6ms
[2025-12-18T08:23:04.260+0530][info][gc,phases   ] GC(24)   Other: 0.3ms
[2025-12-18T08:23:04.260+0530][info][gc,heap     ] GC(24) Eden regions: 238->0(238)
[2025-12-18T08:23:04.260+0530][info][gc,heap     ] GC(24) Survivor regions: 1->1(28)
[2025-12-18T08:23:04.260+0530][info][gc,heap     ] GC(24) Old regions: 242->242
[2025-12-18T08:23:04.260+0530][info][gc,heap     ] GC(24) Humongous regions: 3->3
[2025-12-18T08:23:04.260+0530][info][gc,metaspace] GC(24) Metaspace: 4044K(4288K)->4044K(4288K) NonClass: 3658K(3776K)->3658K(3776K) Class: 385K(512K)->385K(512K)
[2025-12-18T08:23:04.260+0530][info][gc          ] GC(24) Pause Young (Concurrent Start) (G1 Evacuation Pause) 482M->244M(512M) 2.557ms
[2025-12-18T08:23:04.260+0530][info][gc,cpu      ] GC(24) User=0.00s Sys=0.00s Real=0.00s
[2025-12-18T08:23:04.260+0530][info][gc          ] GC(25) Concurrent Mark Cycle
[2025-12-18T08:23:04.260+0530][info][gc,marking  ] GC(25) Concurrent Scan Root Regions
[2025-12-18T08:23:04.260+0530][info][gc,marking  ] GC(25) Concurrent Scan Root Regions 0.247ms
[2025-12-18T08:23:04.260+0530][info][gc,marking  ] GC(25) Concurrent Mark
[2025-12-18T08:23:04.260+0530][info][gc,marking  ] GC(25) Concurrent Mark From Roots
[2025-12-18T08:23:04.260+0530][info][gc,task     ] GC(25) Using 2 workers of 2 for marking
[2025-12-18T08:23:04.356+0530][info][gc,marking  ] GC(25) Concurrent Mark From Roots 94.512ms
[2025-12-18T08:23:04.356+0530][info][gc,marking  ] GC(25) Concurrent Preclean
[2025-12-18T08:23:04.356+0530][info][gc,marking  ] GC(25) Concurrent Preclean 0.064ms
[2025-12-18T08:23:04.356+0530][info][gc,start    ] GC(25) Pause Remark
[2025-12-18T08:23:04.358+0530][info][gc          ] GC(25) Pause Remark 338M->338M(512M) 1.274ms
[2025-12-18T08:23:04.358+0530][info][gc,cpu      ] GC(25) User=0.00s Sys=0.00s Real=0.00s
[2025-12-18T08:23:04.358+0530][info][gc,marking  ] GC(25) Concurrent Mark 96.379ms
[2025-12-18T08:23:04.358+0530][info][gc,marking  ] GC(25) Concurrent Rebuild Remembered Sets and Scrub Regions
[2025-12-18T08:23:04.405+0530][info][gc,marking  ] GC(25) Concurrent Rebuild Remembered Sets and Scrub Regions 47.176ms
[2025-12-18T08:23:04.405+0530][info][gc,start    ] GC(25) Pause Cleanup
[2025-12-18T08:23:04.405+0530][info][gc          ] GC(25) Pause Cleanup 380M->380M(512M) 0.313ms
[2025-12-18T08:23:04.406+0530][info][gc,cpu      ] GC(25) User=0.00s Sys=0.00s Real=0.00s
[2025-12-18T08:23:04.406+0530][info][gc,marking  ] GC(25) Concurrent Clear Claimed Marks
[2025-12-18T08:23:04.406+0530][info][gc,marking  ] GC(25) Concurrent Clear Claimed Marks 0.068ms
[2025-12-18T08:23:04.406+0530][info][gc,marking  ] GC(25) Concurrent Cleanup for Next Mark
[2025-12-18T08:23:04.406+0530][info][gc,marking  ] GC(25) Concurrent Cleanup for Next Mark 0.747ms
[2025-12-18T08:23:04.406+0530][info][gc          ] GC(25) Concurrent Mark Cycle 145.869ms
[2025-12-18T08:23:04.483+0530][info][gc,start    ] GC(26) Pause Young (Prepare Mixed) (G1 Evacuation Pause)
[2025-12-18T08:23:04.483+0530][info][gc,task     ] GC(26) Using 8 workers of 8 for evacuation
[2025-12-18T08:23:04.483+0530][info][gc,phases   ] GC(26)   Pre Evacuate Collection Set: 0.2ms
[2025-12-18T08:23:04.483+0530][info][gc,phases   ] GC(26)   Merge Heap Roots: 0.1ms
[2025-12-18T08:23:04.485+0530][info][gc,phases   ] GC(26)   Evacuate Collection Set: 0.5ms
[2025-12-18T08:23:04.485+0530][info][gc,phases   ] GC(26)   Post Evacuate Collection Set: 0.5ms
[2025-12-18T08:23:04.485+0530][info][gc,phases   ] GC(26)   Other: 0.2ms
[2025-12-18T08:23:04.485+0530][info][gc,heap     ] GC(26) Eden regions: 238->0(238)
[2025-12-18T08:23:04.485+0530][info][gc,heap     ] GC(26) Survivor regions: 1->1(28)
[2025-12-18T08:23:04.485+0530][info][gc,heap     ] GC(26) Old regions: 242->242
[2025-12-18T08:23:04.485+0530][info][gc,heap     ] GC(26) Humongous regions: 3->3
[2025-12-18T08:23:04.485+0530][info][gc,metaspace] GC(26) Metaspace: 4044K(4288K)->4044K(4288K) NonClass: 3658K(3776K)->3658K(3776K) Class: 385K(512K)->385K(512K)
[2025-12-18T08:23:04.485+0530][info][gc          ] GC(26) Pause Young (Prepare Mixed) (G1 Evacuation Pause) 482M->244M(512M) 1.926ms
[2025-12-18T08:23:04.485+0530][info][gc,cpu      ] GC(26) User=0.00s Sys=0.00s Real=0.00s
[2025-12-18T08:23:04.666+0530][info][gc,start    ] GC(27) Pause Young (Mixed) (G1 Evacuation Pause)
[2025-12-18T08:23:04.666+0530][info][gc,task     ] GC(27) Using 8 workers of 8 for evacuation
[2025-12-18T08:23:04.668+0530][info][gc,phases   ] GC(27)   Pre Evacuate Collection Set: 0.3ms
[2025-12-18T08:23:04.668+0530][info][gc,phases   ] GC(27)   Merge Heap Roots: 0.1ms
[2025-12-18T08:23:04.668+0530][info][gc,phases   ] GC(27)   Evacuate Collection Set: 0.8ms
[2025-12-18T08:23:04.668+0530][info][gc,phases   ] GC(27)   Post Evacuate Collection Set: 0.6ms
[2025-12-18T08:23:04.668+0530][info][gc,phases   ] GC(27)   Other: 0.1ms
[2025-12-18T08:23:04.668+0530][info][gc,heap     ] GC(27) Eden regions: 238->0(239)
[2025-12-18T08:23:04.668+0530][info][gc,heap     ] GC(27) Survivor regions: 1->1(28)
[2025-12-18T08:23:04.668+0530][info][gc,heap     ] GC(27) Old regions: 242->241
[2025-12-18T08:23:04.668+0530][info][gc,heap     ] GC(27) Humongous regions: 3->3
[2025-12-18T08:23:04.668+0530][info][gc,metaspace] GC(27) Metaspace: 4044K(4288K)->4044K(4288K) NonClass: 3658K(3776K)->3658K(3776K) Class: 385K(512K)->385K(512K)
[2025-12-18T08:23:04.668+0530][info][gc          ] GC(27) Pause Young (Mixed) (G1 Evacuation Pause) 482M->243M(512M) 2.279ms
[2025-12-18T08:23:04.668+0530][info][gc,cpu      ] GC(27) User=0.00s Sys=0.00s Real=0.00s
[2025-12-18T08:23:04.852+0530][info][gc,start    ] GC(28) Pause Young (Concurrent Start) (G1 Evacuation Pause)
[2025-12-18T08:23:04.852+0530][info][gc,task     ] GC(28) Using 8 workers of 8 for evacuation
[2025-12-18T08:23:04.854+0530][info][gc,phases   ] GC(28)   Pre Evacuate Collection Set: 0.3ms
[2025-12-18T08:23:04.854+0530][info][gc,phases   ] GC(28)   Merge Heap Roots: 0.1ms
[2025-12-18T08:23:04.854+0530][info][gc,phases   ] GC(28)   Evacuate Collection Set: 0.6ms
[2025-12-18T08:23:04.854+0530][info][gc,phases   ] GC(28)   Post Evacuate Collection Set: 0.6ms
[2025-12-18T08:23:04.854+0530][info][gc,phases   ] GC(28)   Other: 0.3ms
[2025-12-18T08:23:04.854+0530][info][gc,heap     ] GC(28) Eden regions: 239->0(239)
[2025-12-18T08:23:04.854+0530][info][gc,heap     ] GC(28) Survivor regions: 1->1(28)
[2025-12-18T08:23:04.854+0530][info][gc,heap     ] GC(28) Old regions: 241->241
[2025-12-18T08:23:04.854+0530][info][gc,heap     ] GC(28) Humongous regions: 3->3
[2025-12-18T08:23:04.854+0530][info][gc,metaspace] GC(28) Metaspace: 4044K(4288K)->4044K(4288K) NonClass: 3658K(3776K)->3658K(3776K) Class: 385K(512K)->385K(512K)
[2025-12-18T08:23:04.854+0530][info][gc          ] GC(28) Pause Young (Concurrent Start) (G1 Evacuation Pause) 482M->243M(512M) 2.328ms
[2025-12-18T08:23:04.854+0530][info][gc,cpu      ] GC(28) User=0.00s Sys=0.00s Real=0.00s
[2025-12-18T08:23:04.854+0530][info][gc          ] GC(29) Concurrent Mark Cycle
[2025-12-18T08:23:04.854+0530][info][gc,marking  ] GC(29) Concurrent Scan Root Regions
[2025-12-18T08:23:04.856+0530][info][gc,marking  ] GC(29) Concurrent Scan Root Regions 0.179ms
[2025-12-18T08:23:04.856+0530][info][gc,marking  ] GC(29) Concurrent Mark
[2025-12-18T08:23:04.856+0530][info][gc,marking  ] GC(29) Concurrent Mark From Roots
[2025-12-18T08:23:04.856+0530][info][gc,task     ] GC(29) Using 2 workers of 2 for marking
[2025-12-18T08:23:04.950+0530][info][gc,marking  ] GC(29) Concurrent Mark From Roots 95.107ms
[2025-12-18T08:23:04.950+0530][info][gc,marking  ] GC(29) Concurrent Preclean
[2025-12-18T08:23:04.952+0530][info][gc,marking  ] GC(29) Concurrent Preclean 0.068ms
[2025-12-18T08:23:04.952+0530][info][gc,start    ] GC(29) Pause Remark
[2025-12-18T08:23:04.952+0530][info][gc          ] GC(29) Pause Remark 334M->334M(512M) 1.308ms
[2025-12-18T08:23:04.952+0530][info][gc,cpu      ] GC(29) User=0.00s Sys=0.00s Real=0.00s
[2025-12-18T08:23:04.954+0530][info][gc,marking  ] GC(29) Concurrent Mark 98.920ms
[2025-12-18T08:23:04.954+0530][info][gc,marking  ] GC(29) Concurrent Rebuild Remembered Sets and Scrub Regions
[2025-12-18T08:23:05.001+0530][info][gc,marking  ] GC(29) Concurrent Rebuild Remembered Sets and Scrub Regions 46.618ms
[2025-12-18T08:23:05.001+0530][info][gc,start    ] GC(29) Pause Cleanup
[2025-12-18T08:23:05.001+0530][info][gc          ] GC(29) Pause Cleanup 381M->381M(512M) 0.336ms
[2025-12-18T08:23:05.003+0530][info][gc,cpu      ] GC(29) User=0.00s Sys=0.00s Real=0.00s
[2025-12-18T08:23:05.003+0530][info][gc,marking  ] GC(29) Concurrent Clear Claimed Marks
[2025-12-18T08:23:05.003+0530][info][gc,marking  ] GC(29) Concurrent Clear Claimed Marks 0.066ms
[2025-12-18T08:23:05.003+0530][info][gc,marking  ] GC(29) Concurrent Cleanup for Next Mark
[2025-12-18T08:23:05.003+0530][info][gc,marking  ] GC(29) Concurrent Cleanup for Next Mark 0.736ms
[2025-12-18T08:23:05.003+0530][info][gc          ] GC(29) Concurrent Mark Cycle 147.725ms
[2025-12-18T08:23:05.087+0530][info][gc,start    ] GC(30) Pause Young (Prepare Mixed) (G1 Evacuation Pause)
[2025-12-18T08:23:05.087+0530][info][gc,task     ] GC(30) Using 8 workers of 8 for evacuation
[2025-12-18T08:23:05.089+0530][info][gc,phases   ] GC(30)   Pre Evacuate Collection Set: 0.3ms
[2025-12-18T08:23:05.089+0530][info][gc,phases   ] GC(30)   Merge Heap Roots: 0.1ms
[2025-12-18T08:23:05.089+0530][info][gc,phases   ] GC(30)   Evacuate Collection Set: 0.5ms
[2025-12-18T08:23:05.089+0530][info][gc,phases   ] GC(30)   Post Evacuate Collection Set: 0.6ms
[2025-12-18T08:23:05.089+0530][info][gc,phases   ] GC(30)   Other: 0.2ms
[2025-12-18T08:23:05.089+0530][info][gc,heap     ] GC(30) Eden regions: 239->0(239)
[2025-12-18T08:23:05.089+0530][info][gc,heap     ] GC(30) Survivor regions: 1->1(28)
[2025-12-18T08:23:05.089+0530][info][gc,heap     ] GC(30) Old regions: 241->241
[2025-12-18T08:23:05.089+0530][info][gc,heap     ] GC(30) Humongous regions: 3->3
[2025-12-18T08:23:05.089+0530][info][gc,metaspace] GC(30) Metaspace: 4044K(4288K)->4044K(4288K) NonClass: 3658K(3776K)->3658K(3776K) Class: 385K(512K)->385K(512K)
[2025-12-18T08:23:05.089+0530][info][gc          ] GC(30) Pause Young (Prepare Mixed) (G1 Evacuation Pause) 482M->243M(512M) 1.989ms
[2025-12-18T08:23:05.089+0530][info][gc,cpu      ] GC(30) User=0.00s Sys=0.00s Real=0.00s
[2025-12-18T08:23:05.290+0530][info][gc,start    ] GC(31) Pause Young (Mixed) (G1 Evacuation Pause)
[2025-12-18T08:23:05.290+0530][info][gc,task     ] GC(31) Using 8 workers of 8 for evacuation
[2025-12-18T08:23:05.291+0530][info][gc,phases   ] GC(31)   Pre Evacuate Collection Set: 0.3ms
[2025-12-18T08:23:05.293+0530][info][gc,phases   ] GC(31)   Merge Heap Roots: 0.1ms
[2025-12-18T08:23:05.293+0530][info][gc,phases   ] GC(31)   Evacuate Collection Set: 1.1ms
[2025-12-18T08:23:05.293+0530][info][gc,phases   ] GC(31)   Post Evacuate Collection Set: 0.6ms
[2025-12-18T08:23:05.293+0530][info][gc,phases   ] GC(31)   Other: 0.2ms
[2025-12-18T08:23:05.293+0530][info][gc,heap     ] GC(31) Eden regions: 239->0(240)
[2025-12-18T08:23:05.293+0530][info][gc,heap     ] GC(31) Survivor regions: 1->1(28)
[2025-12-18T08:23:05.293+0530][info][gc,heap     ] GC(31) Old regions: 241->240
[2025-12-18T08:23:05.293+0530][info][gc,heap     ] GC(31) Humongous regions: 3->3
[2025-12-18T08:23:05.293+0530][info][gc,metaspace] GC(31) Metaspace: 4044K(4288K)->4044K(4288K) NonClass: 3658K(3776K)->3658K(3776K) Class: 385K(512K)->385K(512K)
[2025-12-18T08:23:05.293+0530][info][gc          ] GC(31) Pause Young (Mixed) (G1 Evacuation Pause) 482M->242M(512M) 2.769ms
[2025-12-18T08:23:05.293+0530][info][gc,cpu      ] GC(31) User=0.00s Sys=0.00s Real=0.00s
[2025-12-18T08:23:05.514+0530][info][gc,start    ] GC(32) Pause Young (Concurrent Start) (G1 Evacuation Pause)
[2025-12-18T08:23:05.516+0530][info][gc,task     ] GC(32) Using 8 workers of 8 for evacuation
[2025-12-18T08:23:05.518+0530][info][gc,phases   ] GC(32)   Pre Evacuate Collection Set: 0.3ms
[2025-12-18T08:23:05.518+0530][info][gc,phases   ] GC(32)   Merge Heap Roots: 0.2ms
[2025-12-18T08:23:05.518+0530][info][gc,phases   ] GC(32)   Evacuate Collection Set: 0.8ms
[2025-12-18T08:23:05.518+0530][info][gc,phases   ] GC(32)   Post Evacuate Collection Set: 0.6ms
[2025-12-18T08:23:05.518+0530][info][gc,phases   ] GC(32)   Other: 0.2ms
[2025-12-18T08:23:05.518+0530][info][gc,heap     ] GC(32) Eden regions: 240->0(240)
[2025-12-18T08:23:05.518+0530][info][gc,heap     ] GC(32) Survivor regions: 1->1(28)
[2025-12-18T08:23:05.518+0530][info][gc,heap     ] GC(32) Old regions: 240->240
[2025-12-18T08:23:05.518+0530][info][gc,heap     ] GC(32) Humongous regions: 3->3
[2025-12-18T08:23:05.518+0530][info][gc,metaspace] GC(32) Metaspace: 4044K(4288K)->4044K(4288K) NonClass: 3658K(3776K)->3658K(3776K) Class: 385K(512K)->385K(512K)
[2025-12-18T08:23:05.518+0530][info][gc          ] GC(32) Pause Young (Concurrent Start) (G1 Evacuation Pause) 482M->242M(512M) 2.525ms
[2025-12-18T08:23:05.518+0530][info][gc,cpu      ] GC(32) User=0.00s Sys=0.00s Real=0.00s
[2025-12-18T08:23:05.518+0530][info][gc          ] GC(33) Concurrent Mark Cycle
[2025-12-18T08:23:05.518+0530][info][gc,marking  ] GC(33) Concurrent Scan Root Regions
[2025-12-18T08:23:05.518+0530][info][gc,marking  ] GC(33) Concurrent Scan Root Regions 0.221ms
[2025-12-18T08:23:05.518+0530][info][gc,marking  ] GC(33) Concurrent Mark
[2025-12-18T08:23:05.518+0530][info][gc,marking  ] GC(33) Concurrent Mark From Roots
[2025-12-18T08:23:05.518+0530][info][gc,task     ] GC(33) Using 2 workers of 2 for marking
[2025-12-18T08:23:05.617+0530][info][gc,marking  ] GC(33) Concurrent Mark From Roots 99.311ms
[2025-12-18T08:23:05.617+0530][info][gc,marking  ] GC(33) Concurrent Preclean
[2025-12-18T08:23:05.617+0530][info][gc,marking  ] GC(33) Concurrent Preclean 0.069ms
[2025-12-18T08:23:05.635+0530][info][gc,start    ] GC(33) Pause Remark
[2025-12-18T08:23:05.635+0530][info][gc          ] GC(33) Pause Remark 288M->288M(512M) 1.354ms
[2025-12-18T08:23:05.635+0530][info][gc,cpu      ] GC(33) User=0.00s Sys=0.00s Real=0.00s
[2025-12-18T08:23:05.637+0530][info][gc,marking  ] GC(33) Concurrent Mark 120.031ms
[2025-12-18T08:23:05.637+0530][info][gc,marking  ] GC(33) Concurrent Rebuild Remembered Sets and Scrub Regions
[2025-12-18T08:23:05.688+0530][info][gc,marking  ] GC(33) Concurrent Rebuild Remembered Sets and Scrub Regions 49.671ms
[2025-12-18T08:23:05.688+0530][info][gc,start    ] GC(33) Pause Cleanup
[2025-12-18T08:23:05.688+0530][info][gc          ] GC(33) Pause Cleanup 313M->313M(512M) 0.352ms
[2025-12-18T08:23:05.688+0530][info][gc,cpu      ] GC(33) User=0.00s Sys=0.00s Real=0.00s
[2025-12-18T08:23:05.688+0530][info][gc,marking  ] GC(33) Concurrent Clear Claimed Marks
[2025-12-18T08:23:05.688+0530][info][gc,marking  ] GC(33) Concurrent Clear Claimed Marks 0.068ms
[2025-12-18T08:23:05.688+0530][info][gc,marking  ] GC(33) Concurrent Cleanup for Next Mark
[2025-12-18T08:23:05.690+0530][info][gc,marking  ] GC(33) Concurrent Cleanup for Next Mark 0.778ms
[2025-12-18T08:23:05.690+0530][info][gc          ] GC(33) Concurrent Mark Cycle 172.258ms
[2025-12-18T08:23:05.895+0530][info][gc,start    ] GC(34) Pause Young (Prepare Mixed) (G1 Evacuation Pause)
[2025-12-18T08:23:05.895+0530][info][gc,task     ] GC(34) Using 8 workers of 8 for evacuation
[2025-12-18T08:23:05.897+0530][info][gc,phases   ] GC(34)   Pre Evacuate Collection Set: 0.3ms
[2025-12-18T08:23:05.897+0530][info][gc,phases   ] GC(34)   Merge Heap Roots: 0.2ms
[2025-12-18T08:23:05.897+0530][info][gc,phases   ] GC(34)   Evacuate Collection Set: 0.6ms
[2025-12-18T08:23:05.897+0530][info][gc,phases   ] GC(34)   Post Evacuate Collection Set: 0.6ms
[2025-12-18T08:23:05.897+0530][info][gc,phases   ] GC(34)   Other: 0.2ms
[2025-12-18T08:23:05.897+0530][info][gc,heap     ] GC(34) Eden regions: 240->0(240)
[2025-12-18T08:23:05.897+0530][info][gc,heap     ] GC(34) Survivor regions: 1->1(28)
[2025-12-18T08:23:05.897+0530][info][gc,heap     ] GC(34) Old regions: 240->240
[2025-12-18T08:23:05.897+0530][info][gc,heap     ] GC(34) Humongous regions: 3->3
[2025-12-18T08:23:05.897+0530][info][gc,metaspace] GC(34) Metaspace: 4044K(4288K)->4044K(4288K) NonClass: 3658K(3776K)->3658K(3776K) Class: 385K(512K)->385K(512K)
[2025-12-18T08:23:05.897+0530][info][gc          ] GC(34) Pause Young (Prepare Mixed) (G1 Evacuation Pause) 482M->242M(512M) 2.236ms
[2025-12-18T08:23:05.897+0530][info][gc,cpu      ] GC(34) User=0.00s Sys=0.00s Real=0.00s
[2025-12-18T08:23:06.131+0530][info][gc,start    ] GC(35) Pause Young (Mixed) (G1 Evacuation Pause)
[2025-12-18T08:23:06.131+0530][info][gc,task     ] GC(35) Using 8 workers of 8 for evacuation
[2025-12-18T08:23:06.133+0530][info][gc,phases   ] GC(35)   Pre Evacuate Collection Set: 0.3ms
[2025-12-18T08:23:06.133+0530][info][gc,phases   ] GC(35)   Merge Heap Roots: 0.2ms
[2025-12-18T08:23:06.133+0530][info][gc,phases   ] GC(35)   Evacuate Collection Set: 1.0ms
[2025-12-18T08:23:06.133+0530][info][gc,phases   ] GC(35)   Post Evacuate Collection Set: 0.6ms
[2025-12-18T08:23:06.133+0530][info][gc,phases   ] GC(35)   Other: 0.2ms
[2025-12-18T08:23:06.133+0530][info][gc,heap     ] GC(35) Eden regions: 240->0(241)
[2025-12-18T08:23:06.133+0530][info][gc,heap     ] GC(35) Survivor regions: 1->1(28)
[2025-12-18T08:23:06.133+0530][info][gc,heap     ] GC(35) Old regions: 240->239
[2025-12-18T08:23:06.133+0530][info][gc,heap     ] GC(35) Humongous regions: 3->3
[2025-12-18T08:23:06.133+0530][info][gc,metaspace] GC(35) Metaspace: 4044K(4288K)->4044K(4288K) NonClass: 3658K(3776K)->3658K(3776K) Class: 385K(512K)->385K(512K)
[2025-12-18T08:23:06.133+0530][info][gc          ] GC(35) Pause Young (Mixed) (G1 Evacuation Pause) 482M->241M(512M) 2.742ms
[2025-12-18T08:23:06.133+0530][info][gc,cpu      ] GC(35) User=0.05s Sys=0.06s Real=0.00s
[2025-12-18T08:23:06.342+0530][info][gc,start    ] GC(36) Pause Young (Concurrent Start) (G1 Evacuation Pause)
[2025-12-18T08:23:06.342+0530][info][gc,task     ] GC(36) Using 8 workers of 8 for evacuation
[2025-12-18T08:23:06.344+0530][info][gc,phases   ] GC(36)   Pre Evacuate Collection Set: 0.3ms
[2025-12-18T08:23:06.344+0530][info][gc,phases   ] GC(36)   Merge Heap Roots: 0.2ms
[2025-12-18T08:23:06.344+0530][info][gc,phases   ] GC(36)   Evacuate Collection Set: 0.7ms
[2025-12-18T08:23:06.344+0530][info][gc,phases   ] GC(36)   Post Evacuate Collection Set: 0.5ms
[2025-12-18T08:23:06.344+0530][info][gc,phases   ] GC(36)   Other: 0.2ms
[2025-12-18T08:23:06.344+0530][info][gc,heap     ] GC(36) Eden regions: 241->0(241)
[2025-12-18T08:23:06.344+0530][info][gc,heap     ] GC(36) Survivor regions: 1->1(28)
[2025-12-18T08:23:06.344+0530][info][gc,heap     ] GC(36) Old regions: 239->239
[2025-12-18T08:23:06.344+0530][info][gc,heap     ] GC(36) Humongous regions: 3->3
[2025-12-18T08:23:06.344+0530][info][gc,metaspace] GC(36) Metaspace: 4044K(4288K)->4044K(4288K) NonClass: 3658K(3776K)->3658K(3776K) Class: 385K(512K)->385K(512K)
[2025-12-18T08:23:06.344+0530][info][gc          ] GC(36) Pause Young (Concurrent Start) (G1 Evacuation Pause) 482M->241M(512M) 2.490ms
[2025-12-18T08:23:06.344+0530][info][gc,cpu      ] GC(36) User=0.00s Sys=0.00s Real=0.00s
[2025-12-18T08:23:06.344+0530][info][gc          ] GC(37) Concurrent Mark Cycle
[2025-12-18T08:23:06.344+0530][info][gc,marking  ] GC(37) Concurrent Scan Root Regions
[2025-12-18T08:23:06.346+0530][info][gc,marking  ] GC(37) Concurrent Scan Root Regions 0.216ms
[2025-12-18T08:23:06.346+0530][info][gc,marking  ] GC(37) Concurrent Mark
[2025-12-18T08:23:06.346+0530][info][gc,marking  ] GC(37) Concurrent Mark From Roots
[2025-12-18T08:23:06.346+0530][info][gc,task     ] GC(37) Using 2 workers of 2 for marking
[2025-12-18T08:23:06.440+0530][info][gc,marking  ] GC(37) Concurrent Mark From Roots 95.471ms
[2025-12-18T08:23:06.440+0530][info][gc,marking  ] GC(37) Concurrent Preclean
[2025-12-18T08:23:06.442+0530][info][gc,marking  ] GC(37) Concurrent Preclean 0.062ms
[2025-12-18T08:23:06.442+0530][info][gc,start    ] GC(37) Pause Remark
[2025-12-18T08:23:06.442+0530][info][gc          ] GC(37) Pause Remark 324M->324M(512M) 1.184ms
[2025-12-18T08:23:06.442+0530][info][gc,cpu      ] GC(37) User=0.00s Sys=0.00s Real=0.00s
[2025-12-18T08:23:06.444+0530][info][gc,marking  ] GC(37) Concurrent Mark 98.214ms
[2025-12-18T08:23:06.444+0530][info][gc,marking  ] GC(37) Concurrent Rebuild Remembered Sets and Scrub Regions
[2025-12-18T08:23:06.491+0530][info][gc,marking  ] GC(37) Concurrent Rebuild Remembered Sets and Scrub Regions 46.613ms
[2025-12-18T08:23:06.491+0530][info][gc,start    ] GC(37) Pause Cleanup
[2025-12-18T08:23:06.491+0530][info][gc          ] GC(37) Pause Cleanup 363M->363M(512M) 0.352ms
[2025-12-18T08:23:06.491+0530][info][gc,cpu      ] GC(37) User=0.00s Sys=0.00s Real=0.00s
[2025-12-18T08:23:06.492+0530][info][gc,marking  ] GC(37) Concurrent Clear Claimed Marks
[2025-12-18T08:23:06.492+0530][info][gc,marking  ] GC(37) Concurrent Clear Claimed Marks 0.065ms
[2025-12-18T08:23:06.492+0530][info][gc,marking  ] GC(37) Concurrent Cleanup for Next Mark
[2025-12-18T08:23:06.492+0530][info][gc,marking  ] GC(37) Concurrent Cleanup for Next Mark 0.731ms
[2025-12-18T08:23:06.492+0530][info][gc          ] GC(37) Concurrent Mark Cycle 147.830ms
[2025-12-18T08:23:06.590+0530][info][gc,start    ] GC(38) Pause Young (Prepare Mixed) (G1 Evacuation Pause)
[2025-12-18T08:23:06.590+0530][info][gc,task     ] GC(38) Using 8 workers of 8 for evacuation
[2025-12-18T08:23:06.592+0530][info][gc,phases   ] GC(38)   Pre Evacuate Collection Set: 0.3ms
[2025-12-18T08:23:06.592+0530][info][gc,phases   ] GC(38)   Merge Heap Roots: 0.1ms
[2025-12-18T08:23:06.592+0530][info][gc,phases   ] GC(38)   Evacuate Collection Set: 0.6ms
[2025-12-18T08:23:06.592+0530][info][gc,phases   ] GC(38)   Post Evacuate Collection Set: 0.6ms
[2025-12-18T08:23:06.592+0530][info][gc,phases   ] GC(38)   Other: 0.1ms
[2025-12-18T08:23:06.592+0530][info][gc,heap     ] GC(38) Eden regions: 241->0(241)
[2025-12-18T08:23:06.592+0530][info][gc,heap     ] GC(38) Survivor regions: 1->1(28)
[2025-12-18T08:23:06.592+0530][info][gc,heap     ] GC(38) Old regions: 239->239
[2025-12-18T08:23:06.592+0530][info][gc,heap     ] GC(38) Humongous regions: 3->3
[2025-12-18T08:23:06.592+0530][info][gc,metaspace] GC(38) Metaspace: 4044K(4288K)->4044K(4288K) NonClass: 3659K(3776K)->3659K(3776K) Class: 385K(512K)->385K(512K)
[2025-12-18T08:23:06.592+0530][info][gc          ] GC(38) Pause Young (Prepare Mixed) (G1 Evacuation Pause) 482M->241M(512M) 2.233ms
[2025-12-18T08:23:06.592+0530][info][gc,cpu      ] GC(38) User=0.00s Sys=0.00s Real=0.00s
[2025-12-18T08:23:07.133+0530][info][gc,start    ] GC(39) Pause Young (Mixed) (G1 Evacuation Pause)
[2025-12-18T08:23:07.133+0530][info][gc,task     ] GC(39) Using 8 workers of 8 for evacuation
[2025-12-18T08:23:07.136+0530][info][gc,phases   ] GC(39)   Pre Evacuate Collection Set: 0.3ms
[2025-12-18T08:23:07.137+0530][info][gc,phases   ] GC(39)   Merge Heap Roots: 0.2ms
[2025-12-18T08:23:07.137+0530][info][gc,phases   ] GC(39)   Evacuate Collection Set: 0.8ms
[2025-12-18T08:23:07.137+0530][info][gc,phases   ] GC(39)   Post Evacuate Collection Set: 0.6ms
[2025-12-18T08:23:07.137+0530][info][gc,phases   ] GC(39)   Other: 0.2ms
[2025-12-18T08:23:07.137+0530][info][gc,heap     ] GC(39) Eden regions: 241->0(241)
[2025-12-18T08:23:07.137+0530][info][gc,heap     ] GC(39) Survivor regions: 1->1(28)
[2025-12-18T08:23:07.137+0530][info][gc,heap     ] GC(39) Old regions: 239->239
[2025-12-18T08:23:07.137+0530][info][gc,heap     ] GC(39) Humongous regions: 3->3
[2025-12-18T08:23:07.137+0530][info][gc,metaspace] GC(39) Metaspace: 4045K(4288K)->4045K(4288K) NonClass: 3660K(3776K)->3660K(3776K) Class: 385K(512K)->385K(512K)
[2025-12-18T08:23:07.137+0530][info][gc          ] GC(39) Pause Young (Mixed) (G1 Evacuation Pause) 482M->241M(512M) 2.612ms
[2025-12-18T08:23:07.137+0530][info][gc,cpu      ] GC(39) User=0.00s Sys=0.00s Real=0.00s
[2025-12-18T08:23:07.373+0530][info][gc,start    ] GC(40) Pause Young (Concurrent Start) (G1 Evacuation Pause)
[2025-12-18T08:23:07.373+0530][info][gc,task     ] GC(40) Using 8 workers of 8 for evacuation
[2025-12-18T08:23:07.375+0530][info][gc,phases   ] GC(40)   Pre Evacuate Collection Set: 0.3ms
[2025-12-18T08:23:07.375+0530][info][gc,phases   ] GC(40)   Merge Heap Roots: 0.1ms
[2025-12-18T08:23:07.375+0530][info][gc,phases   ] GC(40)   Evacuate Collection Set: 0.7ms
[2025-12-18T08:23:07.375+0530][info][gc,phases   ] GC(40)   Post Evacuate Collection Set: 0.7ms
[2025-12-18T08:23:07.375+0530][info][gc,phases   ] GC(40)   Other: 0.2ms
[2025-12-18T08:23:07.375+0530][info][gc,heap     ] GC(40) Eden regions: 241->0(241)
[2025-12-18T08:23:07.375+0530][info][gc,heap     ] GC(40) Survivor regions: 1->1(28)
[2025-12-18T08:23:07.375+0530][info][gc,heap     ] GC(40) Old regions: 239->239
[2025-12-18T08:23:07.375+0530][info][gc,heap     ] GC(40) Humongous regions: 3->3
[2025-12-18T08:23:07.375+0530][info][gc,metaspace] GC(40) Metaspace: 4045K(4288K)->4045K(4288K) NonClass: 3660K(3776K)->3660K(3776K) Class: 385K(512K)->385K(512K)
[2025-12-18T08:23:07.375+0530][info][gc          ] GC(40) Pause Young (Concurrent Start) (G1 Evacuation Pause) 482M->241M(512M) 2.538ms
[2025-12-18T08:23:07.375+0530][info][gc,cpu      ] GC(40) User=0.00s Sys=0.00s Real=0.00s
[2025-12-18T08:23:07.375+0530][info][gc          ] GC(41) Concurrent Mark Cycle
[2025-12-18T08:23:07.375+0530][info][gc,marking  ] GC(41) Concurrent Scan Root Regions
[2025-12-18T08:23:07.375+0530][info][gc,marking  ] GC(41) Concurrent Scan Root Regions 0.237ms
[2025-12-18T08:23:07.375+0530][info][gc,marking  ] GC(41) Concurrent Mark
[2025-12-18T08:23:07.375+0530][info][gc,marking  ] GC(41) Concurrent Mark From Roots
[2025-12-18T08:23:07.375+0530][info][gc,task     ] GC(41) Using 2 workers of 2 for marking
[2025-12-18T08:23:07.471+0530][info][gc,marking  ] GC(41) Concurrent Mark From Roots 94.859ms
[2025-12-18T08:23:07.471+0530][info][gc,marking  ] GC(41) Concurrent Preclean
[2025-12-18T08:23:07.471+0530][info][gc,marking  ] GC(41) Concurrent Preclean 0.098ms
[2025-12-18T08:23:07.471+0530][info][gc,start    ] GC(41) Pause Remark
[2025-12-18T08:23:07.471+0530][info][gc          ] GC(41) Pause Remark 330M->330M(512M) 1.210ms
[2025-12-18T08:23:07.473+0530][info][gc,cpu      ] GC(41) User=0.00s Sys=0.00s Real=0.00s
[2025-12-18T08:23:07.473+0530][info][gc,marking  ] GC(41) Concurrent Mark 96.976ms
[2025-12-18T08:23:07.473+0530][info][gc,marking  ] GC(41) Concurrent Rebuild Remembered Sets and Scrub Regions
[2025-12-18T08:23:07.520+0530][info][gc,marking  ] GC(41) Concurrent Rebuild Remembered Sets and Scrub Regions 46.932ms
[2025-12-18T08:23:07.520+0530][info][gc,start    ] GC(41) Pause Cleanup
[2025-12-18T08:23:07.520+0530][info][gc          ] GC(41) Pause Cleanup 374M->374M(512M) 0.270ms
[2025-12-18T08:23:07.520+0530][info][gc,cpu      ] GC(41) User=0.00s Sys=0.00s Real=0.00s
[2025-12-18T08:23:07.522+0530][info][gc,marking  ] GC(41) Concurrent Clear Claimed Marks
[2025-12-18T08:23:07.522+0530][info][gc,marking  ] GC(41) Concurrent Clear Claimed Marks 0.073ms
[2025-12-18T08:23:07.522+0530][info][gc,marking  ] GC(41) Concurrent Cleanup for Next Mark
[2025-12-18T08:23:07.523+0530][info][gc,marking  ] GC(41) Concurrent Cleanup for Next Mark 0.758ms
[2025-12-18T08:23:07.523+0530][info][gc          ] GC(41) Concurrent Mark Cycle 147.601ms
[2025-12-18T08:23:07.614+0530][info][gc,start    ] GC(42) Pause Young (Prepare Mixed) (G1 Evacuation Pause)
[2025-12-18T08:23:07.616+0530][info][gc,task     ] GC(42) Using 8 workers of 8 for evacuation
[2025-12-18T08:23:07.617+0530][info][gc,phases   ] GC(42)   Pre Evacuate Collection Set: 0.3ms
[2025-12-18T08:23:07.617+0530][info][gc,phases   ] GC(42)   Merge Heap Roots: 0.1ms
[2025-12-18T08:23:07.617+0530][info][gc,phases   ] GC(42)   Evacuate Collection Set: 0.5ms
[2025-12-18T08:23:07.617+0530][info][gc,phases   ] GC(42)   Post Evacuate Collection Set: 0.7ms
[2025-12-18T08:23:07.617+0530][info][gc,phases   ] GC(42)   Other: 0.2ms
[2025-12-18T08:23:07.617+0530][info][gc,heap     ] GC(42) Eden regions: 241->0(241)
[2025-12-18T08:23:07.617+0530][info][gc,heap     ] GC(42) Survivor regions: 1->1(28)
[2025-12-18T08:23:07.617+0530][info][gc,heap     ] GC(42) Old regions: 239->239
[2025-12-18T08:23:07.617+0530][info][gc,heap     ] GC(42) Humongous regions: 3->3
[2025-12-18T08:23:07.617+0530][info][gc,metaspace] GC(42) Metaspace: 4045K(4288K)->4045K(4288K) NonClass: 3660K(3776K)->3660K(3776K) Class: 385K(512K)->385K(512K)
[2025-12-18T08:23:07.617+0530][info][gc          ] GC(42) Pause Young (Prepare Mixed) (G1 Evacuation Pause) 482M->241M(512M) 2.253ms
[2025-12-18T08:23:07.617+0530][info][gc,cpu      ] GC(42) User=0.02s Sys=0.00s Real=0.00s
[2025-12-18T08:23:07.813+0530][info][gc,start    ] GC(43) Pause Young (Mixed) (G1 Evacuation Pause)
[2025-12-18T08:23:07.813+0530][info][gc,task     ] GC(43) Using 8 workers of 8 for evacuation
[2025-12-18T08:23:07.815+0530][info][gc,phases   ] GC(43)   Pre Evacuate Collection Set: 0.3ms
[2025-12-18T08:23:07.815+0530][info][gc,phases   ] GC(43)   Merge Heap Roots: 0.2ms
[2025-12-18T08:23:07.815+0530][info][gc,phases   ] GC(43)   Evacuate Collection Set: 0.8ms
[2025-12-18T08:23:07.815+0530][info][gc,phases   ] GC(43)   Post Evacuate Collection Set: 0.6ms
[2025-12-18T08:23:07.815+0530][info][gc,phases   ] GC(43)   Other: 0.2ms
[2025-12-18T08:23:07.815+0530][info][gc,heap     ] GC(43) Eden regions: 241->0(242)
[2025-12-18T08:23:07.815+0530][info][gc,heap     ] GC(43) Survivor regions: 1->1(28)
[2025-12-18T08:23:07.815+0530][info][gc,heap     ] GC(43) Old regions: 239->238
[2025-12-18T08:23:07.815+0530][info][gc,heap     ] GC(43) Humongous regions: 3->3
[2025-12-18T08:23:07.815+0530][info][gc,metaspace] GC(43) Metaspace: 4046K(4288K)->4046K(4288K) NonClass: 3660K(3776K)->3660K(3776K) Class: 385K(512K)->385K(512K)
[2025-12-18T08:23:07.815+0530][info][gc          ] GC(43) Pause Young (Mixed) (G1 Evacuation Pause) 482M->240M(512M) 2.533ms
[2025-12-18T08:23:07.815+0530][info][gc,cpu      ] GC(43) User=0.00s Sys=0.00s Real=0.00s
[2025-12-18T08:23:08.000+0530][info][gc,start    ] GC(44) Pause Young (Concurrent Start) (G1 Evacuation Pause)
[2025-12-18T08:23:08.000+0530][info][gc,task     ] GC(44) Using 8 workers of 8 for evacuation
[2025-12-18T08:23:08.002+0530][info][gc,phases   ] GC(44)   Pre Evacuate Collection Set: 0.3ms
[2025-12-18T08:23:08.002+0530][info][gc,phases   ] GC(44)   Merge Heap Roots: 0.1ms
[2025-12-18T08:23:08.002+0530][info][gc,phases   ] GC(44)   Evacuate Collection Set: 0.7ms
[2025-12-18T08:23:08.002+0530][info][gc,phases   ] GC(44)   Post Evacuate Collection Set: 0.6ms
[2025-12-18T08:23:08.002+0530][info][gc,phases   ] GC(44)   Other: 0.2ms
[2025-12-18T08:23:08.002+0530][info][gc,heap     ] GC(44) Eden regions: 242->0(242)
[2025-12-18T08:23:08.002+0530][info][gc,heap     ] GC(44) Survivor regions: 1->1(28)
[2025-12-18T08:23:08.002+0530][info][gc,heap     ] GC(44) Old regions: 238->238
[2025-12-18T08:23:08.002+0530][info][gc,heap     ] GC(44) Humongous regions: 3->3
[2025-12-18T08:23:08.002+0530][info][gc,metaspace] GC(44) Metaspace: 4046K(4288K)->4046K(4288K) NonClass: 3660K(3776K)->3660K(3776K) Class: 385K(512K)->385K(512K)
[2025-12-18T08:23:08.002+0530][info][gc          ] GC(44) Pause Young (Concurrent Start) (G1 Evacuation Pause) 482M->240M(512M) 2.331ms
[2025-12-18T08:23:08.002+0530][info][gc,cpu      ] GC(44) User=0.00s Sys=0.00s Real=0.00s
[2025-12-18T08:23:08.002+0530][info][gc          ] GC(45) Concurrent Mark Cycle
[2025-12-18T08:23:08.002+0530][info][gc,marking  ] GC(45) Concurrent Scan Root Regions
[2025-12-18T08:23:08.002+0530][info][gc,marking  ] GC(45) Concurrent Scan Root Regions 0.261ms
[2025-12-18T08:23:08.004+0530][info][gc,marking  ] GC(45) Concurrent Mark
[2025-12-18T08:23:08.004+0530][info][gc,marking  ] GC(45) Concurrent Mark From Roots
[2025-12-18T08:23:08.004+0530][info][gc,task     ] GC(45) Using 2 workers of 2 for marking
[2025-12-18T08:23:08.098+0530][info][gc,marking  ] GC(45) Concurrent Mark From Roots 94.408ms
[2025-12-18T08:23:08.098+0530][info][gc,marking  ] GC(45) Concurrent Preclean
[2025-12-18T08:23:08.098+0530][info][gc,marking  ] GC(45) Concurrent Preclean 0.065ms
[2025-12-18T08:23:08.098+0530][info][gc,start    ] GC(45) Pause Remark
[2025-12-18T08:23:08.100+0530][info][gc          ] GC(45) Pause Remark 335M->335M(512M) 1.088ms
[2025-12-18T08:23:08.100+0530][info][gc,cpu      ] GC(45) User=0.00s Sys=0.00s Real=0.00s
[2025-12-18T08:23:08.100+0530][info][gc,marking  ] GC(45) Concurrent Mark 97.330ms
[2025-12-18T08:23:08.100+0530][info][gc,marking  ] GC(45) Concurrent Rebuild Remembered Sets and Scrub Regions
[2025-12-18T08:23:08.148+0530][info][gc,marking  ] GC(45) Concurrent Rebuild Remembered Sets and Scrub Regions 46.927ms
[2025-12-18T08:23:08.148+0530][info][gc,start    ] GC(45) Pause Cleanup
[2025-12-18T08:23:08.148+0530][info][gc          ] GC(45) Pause Cleanup 381M->381M(512M) 0.360ms
[2025-12-18T08:23:08.148+0530][info][gc,cpu      ] GC(45) User=0.00s Sys=0.00s Real=0.00s
[2025-12-18T08:23:08.148+0530][info][gc,marking  ] GC(45) Concurrent Clear Claimed Marks
[2025-12-18T08:23:08.148+0530][info][gc,marking  ] GC(45) Concurrent Clear Claimed Marks 0.066ms
[2025-12-18T08:23:08.148+0530][info][gc,marking  ] GC(45) Concurrent Cleanup for Next Mark
[2025-12-18T08:23:08.150+0530][info][gc,marking  ] GC(45) Concurrent Cleanup for Next Mark 0.741ms
[2025-12-18T08:23:08.150+0530][info][gc          ] GC(45) Concurrent Mark Cycle 146.649ms
[2025-12-18T08:23:08.226+0530][info][gc,start    ] GC(46) Pause Young (Prepare Mixed) (G1 Evacuation Pause)
[2025-12-18T08:23:08.226+0530][info][gc,task     ] GC(46) Using 8 workers of 8 for evacuation
[2025-12-18T08:23:08.228+0530][info][gc,phases   ] GC(46)   Pre Evacuate Collection Set: 0.2ms
[2025-12-18T08:23:08.228+0530][info][gc,phases   ] GC(46)   Merge Heap Roots: 0.1ms
[2025-12-18T08:23:08.228+0530][info][gc,phases   ] GC(46)   Evacuate Collection Set: 0.4ms
[2025-12-18T08:23:08.228+0530][info][gc,phases   ] GC(46)   Post Evacuate Collection Set: 0.6ms
[2025-12-18T08:23:08.228+0530][info][gc,phases   ] GC(46)   Other: 0.1ms
[2025-12-18T08:23:08.228+0530][info][gc,heap     ] GC(46) Eden regions: 242->0(242)
[2025-12-18T08:23:08.228+0530][info][gc,heap     ] GC(46) Survivor regions: 1->1(28)
[2025-12-18T08:23:08.228+0530][info][gc,heap     ] GC(46) Old regions: 238->238
[2025-12-18T08:23:08.228+0530][info][gc,heap     ] GC(46) Humongous regions: 3->3
[2025-12-18T08:23:08.228+0530][info][gc,metaspace] GC(46) Metaspace: 4046K(4288K)->4046K(4288K) NonClass: 3660K(3776K)->3660K(3776K) Class: 385K(512K)->385K(512K)
[2025-12-18T08:23:08.228+0530][info][gc          ] GC(46) Pause Young (Prepare Mixed) (G1 Evacuation Pause) 482M->240M(512M) 1.824ms
[2025-12-18T08:23:08.228+0530][info][gc,cpu      ] GC(46) User=0.00s Sys=0.00s Real=0.00s
[2025-12-18T08:23:08.411+0530][info][gc,start    ] GC(47) Pause Young (Mixed) (G1 Evacuation Pause)
[2025-12-18T08:23:08.411+0530][info][gc,task     ] GC(47) Using 8 workers of 8 for evacuation
[2025-12-18T08:23:08.412+0530][info][gc,phases   ] GC(47)   Pre Evacuate Collection Set: 0.3ms
[2025-12-18T08:23:08.412+0530][info][gc,phases   ] GC(47)   Merge Heap Roots: 0.1ms
[2025-12-18T08:23:08.412+0530][info][gc,phases   ] GC(47)   Evacuate Collection Set: 0.7ms
[2025-12-18T08:23:08.412+0530][info][gc,phases   ] GC(47)   Post Evacuate Collection Set: 0.6ms
[2025-12-18T08:23:08.412+0530][info][gc,phases   ] GC(47)   Other: 0.1ms
[2025-12-18T08:23:08.412+0530][info][gc,heap     ] GC(47) Eden regions: 242->0(242)
[2025-12-18T08:23:08.412+0530][info][gc,heap     ] GC(47) Survivor regions: 1->1(28)
[2025-12-18T08:23:08.412+0530][info][gc,heap     ] GC(47) Old regions: 238->238
[2025-12-18T08:23:08.412+0530][info][gc,heap     ] GC(47) Humongous regions: 3->3
[2025-12-18T08:23:08.412+0530][info][gc,metaspace] GC(47) Metaspace: 4046K(4288K)->4046K(4288K) NonClass: 3660K(3776K)->3660K(3776K) Class: 385K(512K)->385K(512K)
[2025-12-18T08:23:08.412+0530][info][gc          ] GC(47) Pause Young (Mixed) (G1 Evacuation Pause) 482M->240M(512M) 2.325ms
[2025-12-18T08:23:08.412+0530][info][gc,cpu      ] GC(47) User=0.00s Sys=0.00s Real=0.00s
[2025-12-18T08:23:08.596+0530][info][gc,start    ] GC(48) Pause Young (Concurrent Start) (G1 Evacuation Pause)
[2025-12-18T08:23:08.596+0530][info][gc,task     ] GC(48) Using 8 workers of 8 for evacuation
[2025-12-18T08:23:08.598+0530][info][gc,phases   ] GC(48)   Pre Evacuate Collection Set: 0.3ms
[2025-12-18T08:23:08.598+0530][info][gc,phases   ] GC(48)   Merge Heap Roots: 0.2ms
[2025-12-18T08:23:08.598+0530][info][gc,phases   ] GC(48)   Evacuate Collection Set: 0.6ms
[2025-12-18T08:23:08.598+0530][info][gc,phases   ] GC(48)   Post Evacuate Collection Set: 0.6ms
[2025-12-18T08:23:08.598+0530][info][gc,phases   ] GC(48)   Other: 0.2ms
[2025-12-18T08:23:08.598+0530][info][gc,heap     ] GC(48) Eden regions: 242->0(242)
[2025-12-18T08:23:08.598+0530][info][gc,heap     ] GC(48) Survivor regions: 1->1(28)
[2025-12-18T08:23:08.598+0530][info][gc,heap     ] GC(48) Old regions: 238->238
[2025-12-18T08:23:08.598+0530][info][gc,heap     ] GC(48) Humongous regions: 3->3
[2025-12-18T08:23:08.598+0530][info][gc,metaspace] GC(48) Metaspace: 4046K(4288K)->4046K(4288K) NonClass: 3660K(3776K)->3660K(3776K) Class: 385K(512K)->385K(512K)
[2025-12-18T08:23:08.598+0530][info][gc          ] GC(48) Pause Young (Concurrent Start) (G1 Evacuation Pause) 482M->240M(512M) 2.437ms
[2025-12-18T08:23:08.598+0530][info][gc,cpu      ] GC(48) User=0.00s Sys=0.00s Real=0.00s
[2025-12-18T08:23:08.598+0530][info][gc          ] GC(49) Concurrent Mark Cycle
[2025-12-18T08:23:08.598+0530][info][gc,marking  ] GC(49) Concurrent Scan Root Regions
[2025-12-18T08:23:08.598+0530][info][gc,marking  ] GC(49) Concurrent Scan Root Regions 0.256ms
[2025-12-18T08:23:08.598+0530][info][gc,marking  ] GC(49) Concurrent Mark
[2025-12-18T08:23:08.598+0530][info][gc,marking  ] GC(49) Concurrent Mark From Roots
[2025-12-18T08:23:08.598+0530][info][gc,task     ] GC(49) Using 2 workers of 2 for marking
[2025-12-18T08:23:08.694+0530][info][gc,marking  ] GC(49) Concurrent Mark From Roots 94.983ms
[2025-12-18T08:23:08.694+0530][info][gc,marking  ] GC(49) Concurrent Preclean
[2025-12-18T08:23:08.694+0530][info][gc,marking  ] GC(49) Concurrent Preclean 0.064ms
[2025-12-18T08:23:08.694+0530][info][gc,start    ] GC(49) Pause Remark
[2025-12-18T08:23:08.696+0530][info][gc          ] GC(49) Pause Remark 332M->332M(512M) 1.295ms
[2025-12-18T08:23:08.696+0530][info][gc,cpu      ] GC(49) User=0.00s Sys=0.00s Real=0.00s
[2025-12-18T08:23:08.696+0530][info][gc,marking  ] GC(49) Concurrent Mark 97.975ms
[2025-12-18T08:23:08.696+0530][info][gc,marking  ] GC(49) Concurrent Rebuild Remembered Sets and Scrub Regions
[2025-12-18T08:23:08.742+0530][info][gc,marking  ] GC(49) Concurrent Rebuild Remembered Sets and Scrub Regions 46.588ms
[2025-12-18T08:23:08.744+0530][info][gc,start    ] GC(49) Pause Cleanup
[2025-12-18T08:23:08.744+0530][info][gc          ] GC(49) Pause Cleanup 377M->377M(512M) 0.289ms
[2025-12-18T08:23:08.744+0530][info][gc,cpu      ] GC(49) User=0.00s Sys=0.00s Real=0.00s
[2025-12-18T08:23:08.744+0530][info][gc,marking  ] GC(49) Concurrent Clear Claimed Marks
[2025-12-18T08:23:08.744+0530][info][gc,marking  ] GC(49) Concurrent Clear Claimed Marks 0.063ms
[2025-12-18T08:23:08.744+0530][info][gc,marking  ] GC(49) Concurrent Cleanup for Next Mark
[2025-12-18T08:23:08.746+0530][info][gc,marking  ] GC(49) Concurrent Cleanup for Next Mark 0.757ms
[2025-12-18T08:23:08.746+0530][info][gc          ] GC(49) Concurrent Mark Cycle 147.787ms
[2025-12-18T08:23:08.821+0530][info][gc,start    ] GC(50) Pause Young (Prepare Mixed) (G1 Evacuation Pause)
[2025-12-18T08:23:08.823+0530][info][gc,task     ] GC(50) Using 8 workers of 8 for evacuation
[2025-12-18T08:23:08.823+0530][info][gc,phases   ] GC(50)   Pre Evacuate Collection Set: 0.2ms
[2025-12-18T08:23:08.823+0530][info][gc,phases   ] GC(50)   Merge Heap Roots: 0.1ms
[2025-12-18T08:23:08.823+0530][info][gc,phases   ] GC(50)   Evacuate Collection Set: 0.5ms
[2025-12-18T08:23:08.823+0530][info][gc,phases   ] GC(50)   Post Evacuate Collection Set: 0.6ms
[2025-12-18T08:23:08.823+0530][info][gc,phases   ] GC(50)   Other: 0.2ms
[2025-12-18T08:23:08.823+0530][info][gc,heap     ] GC(50) Eden regions: 242->0(242)
[2025-12-18T08:23:08.823+0530][info][gc,heap     ] GC(50) Survivor regions: 1->1(28)
[2025-12-18T08:23:08.823+0530][info][gc,heap     ] GC(50) Old regions: 238->238
[2025-12-18T08:23:08.823+0530][info][gc,heap     ] GC(50) Humongous regions: 3->3
[2025-12-18T08:23:08.823+0530][info][gc,metaspace] GC(50) Metaspace: 4046K(4288K)->4046K(4288K) NonClass: 3660K(3776K)->3660K(3776K) Class: 385K(512K)->385K(512K)
[2025-12-18T08:23:08.825+0530][info][gc          ] GC(50) Pause Young (Prepare Mixed) (G1 Evacuation Pause) 482M->240M(512M) 2.061ms
[2025-12-18T08:23:08.825+0530][info][gc,cpu      ] GC(50) User=0.00s Sys=0.00s Real=0.00s
[2025-12-18T08:23:09.017+0530][info][gc,start    ] GC(51) Pause Young (Mixed) (G1 Evacuation Pause)
[2025-12-18T08:23:09.017+0530][info][gc,task     ] GC(51) Using 8 workers of 8 for evacuation
[2025-12-18T08:23:09.019+0530][info][gc,phases   ] GC(51)   Pre Evacuate Collection Set: 0.3ms
[2025-12-18T08:23:09.019+0530][info][gc,phases   ] GC(51)   Merge Heap Roots: 0.1ms
[2025-12-18T08:23:09.019+0530][info][gc,phases   ] GC(51)   Evacuate Collection Set: 0.8ms
[2025-12-18T08:23:09.019+0530][info][gc,phases   ] GC(51)   Post Evacuate Collection Set: 0.6ms
[2025-12-18T08:23:09.019+0530][info][gc,phases   ] GC(51)   Other: 0.2ms
[2025-12-18T08:23:09.019+0530][info][gc,heap     ] GC(51) Eden regions: 242->0(242)
[2025-12-18T08:23:09.019+0530][info][gc,heap     ] GC(51) Survivor regions: 1->1(28)
[2025-12-18T08:23:09.019+0530][info][gc,heap     ] GC(51) Old regions: 238->238
[2025-12-18T08:23:09.019+0530][info][gc,heap     ] GC(51) Humongous regions: 3->3
[2025-12-18T08:23:09.019+0530][info][gc,metaspace] GC(51) Metaspace: 4046K(4288K)->4046K(4288K) NonClass: 3660K(3776K)->3660K(3776K) Class: 385K(512K)->385K(512K)
[2025-12-18T08:23:09.019+0530][info][gc          ] GC(51) Pause Young (Mixed) (G1 Evacuation Pause) 482M->240M(512M) 2.261ms
[2025-12-18T08:23:09.019+0530][info][gc,cpu      ] GC(51) User=0.00s Sys=0.00s Real=0.00s
[2025-12-18T08:23:09.200+0530][info][gc,start    ] GC(52) Pause Young (Concurrent Start) (G1 Evacuation Pause)
[2025-12-18T08:23:09.200+0530][info][gc,task     ] GC(52) Using 8 workers of 8 for evacuation
[2025-12-18T08:23:09.202+0530][info][gc,phases   ] GC(52)   Pre Evacuate Collection Set: 0.4ms
[2025-12-18T08:23:09.202+0530][info][gc,phases   ] GC(52)   Merge Heap Roots: 0.1ms
[2025-12-18T08:23:09.202+0530][info][gc,phases   ] GC(52)   Evacuate Collection Set: 0.7ms
[2025-12-18T08:23:09.202+0530][info][gc,phases   ] GC(52)   Post Evacuate Collection Set: 0.6ms
[2025-12-18T08:23:09.202+0530][info][gc,phases   ] GC(52)   Other: 0.2ms
[2025-12-18T08:23:09.202+0530][info][gc,heap     ] GC(52) Eden regions: 242->0(242)
[2025-12-18T08:23:09.202+0530][info][gc,heap     ] GC(52) Survivor regions: 1->1(28)
[2025-12-18T08:23:09.202+0530][info][gc,heap     ] GC(52) Old regions: 238->238
[2025-12-18T08:23:09.202+0530][info][gc,heap     ] GC(52) Humongous regions: 3->3
[2025-12-18T08:23:09.202+0530][info][gc,metaspace] GC(52) Metaspace: 4046K(4288K)->4046K(4288K) NonClass: 3660K(3776K)->3660K(3776K) Class: 385K(512K)->385K(512K)
[2025-12-18T08:23:09.202+0530][info][gc          ] GC(52) Pause Young (Concurrent Start) (G1 Evacuation Pause) 482M->240M(512M) 2.366ms
[2025-12-18T08:23:09.202+0530][info][gc,cpu      ] GC(52) User=0.00s Sys=0.00s Real=0.00s
[2025-12-18T08:23:09.202+0530][info][gc          ] GC(53) Concurrent Mark Cycle
[2025-12-18T08:23:09.202+0530][info][gc,marking  ] GC(53) Concurrent Scan Root Regions
[2025-12-18T08:23:09.202+0530][info][gc,marking  ] GC(53) Concurrent Scan Root Regions 0.262ms
[2025-12-18T08:23:09.202+0530][info][gc,marking  ] GC(53) Concurrent Mark
[2025-12-18T08:23:09.202+0530][info][gc,marking  ] GC(53) Concurrent Mark From Roots
[2025-12-18T08:23:09.202+0530][info][gc,task     ] GC(53) Using 2 workers of 2 for marking
[2025-12-18T08:23:09.295+0530][info][gc,marking  ] GC(53) Concurrent Mark From Roots 93.794ms
[2025-12-18T08:23:09.295+0530][info][gc,marking  ] GC(53) Concurrent Preclean
[2025-12-18T08:23:09.295+0530][info][gc,marking  ] GC(53) Concurrent Preclean 0.063ms
[2025-12-18T08:23:09.297+0530][info][gc,start    ] GC(53) Pause Remark
[2025-12-18T08:23:09.297+0530][info][gc          ] GC(53) Pause Remark 335M->335M(512M) 1.197ms
[2025-12-18T08:23:09.297+0530][info][gc,cpu      ] GC(53) User=0.00s Sys=0.00s Real=0.00s
[2025-12-18T08:23:09.297+0530][info][gc,marking  ] GC(53) Concurrent Mark 95.697ms
[2025-12-18T08:23:09.297+0530][info][gc,marking  ] GC(53) Concurrent Rebuild Remembered Sets and Scrub Regions
[2025-12-18T08:23:09.344+0530][info][gc,marking  ] GC(53) Concurrent Rebuild Remembered Sets and Scrub Regions 46.423ms
[2025-12-18T08:23:09.344+0530][info][gc,start    ] GC(53) Pause Cleanup
[2025-12-18T08:23:09.344+0530][info][gc          ] GC(53) Pause Cleanup 380M->380M(512M) 0.276ms
[2025-12-18T08:23:09.344+0530][info][gc,cpu      ] GC(53) User=0.00s Sys=0.00s Real=0.00s
[2025-12-18T08:23:09.346+0530][info][gc,marking  ] GC(53) Concurrent Clear Claimed Marks
[2025-12-18T08:23:09.346+0530][info][gc,marking  ] GC(53) Concurrent Clear Claimed Marks 0.065ms
[2025-12-18T08:23:09.346+0530][info][gc,marking  ] GC(53) Concurrent Cleanup for Next Mark
[2025-12-18T08:23:09.348+0530][info][gc,marking  ] GC(53) Concurrent Cleanup for Next Mark 0.769ms
[2025-12-18T08:23:09.348+0530][info][gc          ] GC(53) Concurrent Mark Cycle 145.773ms
[2025-12-18T08:23:09.422+0530][info][gc,start    ] GC(54) Pause Young (Prepare Mixed) (G1 Evacuation Pause)
[2025-12-18T08:23:09.422+0530][info][gc,task     ] GC(54) Using 8 workers of 8 for evacuation
[2025-12-18T08:23:09.424+0530][info][gc,phases   ] GC(54)   Pre Evacuate Collection Set: 0.3ms
[2025-12-18T08:23:09.424+0530][info][gc,phases   ] GC(54)   Merge Heap Roots: 0.1ms
[2025-12-18T08:23:09.424+0530][info][gc,phases   ] GC(54)   Evacuate Collection Set: 0.4ms
[2025-12-18T08:23:09.424+0530][info][gc,phases   ] GC(54)   Post Evacuate Collection Set: 0.5ms
[2025-12-18T08:23:09.424+0530][info][gc,phases   ] GC(54)   Other: 0.1ms
[2025-12-18T08:23:09.424+0530][info][gc,heap     ] GC(54) Eden regions: 242->0(242)
[2025-12-18T08:23:09.424+0530][info][gc,heap     ] GC(54) Survivor regions: 1->1(28)
[2025-12-18T08:23:09.424+0530][info][gc,heap     ] GC(54) Old regions: 238->238
[2025-12-18T08:23:09.424+0530][info][gc,heap     ] GC(54) Humongous regions: 3->3
[2025-12-18T08:23:09.424+0530][info][gc,metaspace] GC(54) Metaspace: 4046K(4288K)->4046K(4288K) NonClass: 3660K(3776K)->3660K(3776K) Class: 385K(512K)->385K(512K)
[2025-12-18T08:23:09.424+0530][info][gc          ] GC(54) Pause Young (Prepare Mixed) (G1 Evacuation Pause) 482M->240M(512M) 1.887ms
[2025-12-18T08:23:09.424+0530][info][gc,cpu      ] GC(54) User=0.00s Sys=0.00s Real=0.00s
[2025-12-18T08:23:09.608+0530][info][gc,start    ] GC(55) Pause Young (Mixed) (G1 Evacuation Pause)
[2025-12-18T08:23:09.608+0530][info][gc,task     ] GC(55) Using 8 workers of 8 for evacuation
[2025-12-18T08:23:09.610+0530][info][gc,phases   ] GC(55)   Pre Evacuate Collection Set: 0.3ms
[2025-12-18T08:23:09.610+0530][info][gc,phases   ] GC(55)   Merge Heap Roots: 0.1ms
[2025-12-18T08:23:09.610+0530][info][gc,phases   ] GC(55)   Evacuate Collection Set: 0.8ms
[2025-12-18T08:23:09.610+0530][info][gc,phases   ] GC(55)   Post Evacuate Collection Set: 0.5ms
[2025-12-18T08:23:09.610+0530][info][gc,phases   ] GC(55)   Other: 0.1ms
[2025-12-18T08:23:09.610+0530][info][gc,heap     ] GC(55) Eden regions: 242->0(243)
[2025-12-18T08:23:09.610+0530][info][gc,heap     ] GC(55) Survivor regions: 1->1(28)
[2025-12-18T08:23:09.610+0530][info][gc,heap     ] GC(55) Old regions: 238->237
[2025-12-18T08:23:09.610+0530][info][gc,heap     ] GC(55) Humongous regions: 3->3
[2025-12-18T08:23:09.610+0530][info][gc,metaspace] GC(55) Metaspace: 4046K(4288K)->4046K(4288K) NonClass: 3660K(3776K)->3660K(3776K) Class: 385K(512K)->385K(512K)
[2025-12-18T08:23:09.610+0530][info][gc          ] GC(55) Pause Young (Mixed) (G1 Evacuation Pause) 482M->239M(512M) 2.193ms
[2025-12-18T08:23:09.610+0530][info][gc,cpu      ] GC(55) User=0.00s Sys=0.00s Real=0.00s
[2025-12-18T08:23:09.791+0530][info][gc,start    ] GC(56) Pause Young (Concurrent Start) (G1 Evacuation Pause)
[2025-12-18T08:23:09.791+0530][info][gc,task     ] GC(56) Using 8 workers of 8 for evacuation
[2025-12-18T08:23:09.793+0530][info][gc,phases   ] GC(56)   Pre Evacuate Collection Set: 0.3ms
[2025-12-18T08:23:09.793+0530][info][gc,phases   ] GC(56)   Merge Heap Roots: 0.1ms
[2025-12-18T08:23:09.793+0530][info][gc,phases   ] GC(56)   Evacuate Collection Set: 0.7ms
[2025-12-18T08:23:09.793+0530][info][gc,phases   ] GC(56)   Post Evacuate Collection Set: 0.6ms
[2025-12-18T08:23:09.793+0530][info][gc,phases   ] GC(56)   Other: 0.2ms
[2025-12-18T08:23:09.793+0530][info][gc,heap     ] GC(56) Eden regions: 243->0(243)
[2025-12-18T08:23:09.793+0530][info][gc,heap     ] GC(56) Survivor regions: 1->1(28)
[2025-12-18T08:23:09.793+0530][info][gc,heap     ] GC(56) Old regions: 237->237
[2025-12-18T08:23:09.793+0530][info][gc,heap     ] GC(56) Humongous regions: 3->3
[2025-12-18T08:23:09.793+0530][info][gc,metaspace] GC(56) Metaspace: 4046K(4288K)->4046K(4288K) NonClass: 3660K(3776K)->3660K(3776K) Class: 385K(512K)->385K(512K)
[2025-12-18T08:23:09.793+0530][info][gc          ] GC(56) Pause Young (Concurrent Start) (G1 Evacuation Pause) 482M->239M(512M) 2.347ms
[2025-12-18T08:23:09.793+0530][info][gc,cpu      ] GC(56) User=0.00s Sys=0.00s Real=0.00s
[2025-12-18T08:23:09.793+0530][info][gc          ] GC(57) Concurrent Mark Cycle
[2025-12-18T08:23:09.793+0530][info][gc,marking  ] GC(57) Concurrent Scan Root Regions
[2025-12-18T08:23:09.793+0530][info][gc,marking  ] GC(57) Concurrent Scan Root Regions 0.271ms
[2025-12-18T08:23:09.793+0530][info][gc,marking  ] GC(57) Concurrent Mark
[2025-12-18T08:23:09.793+0530][info][gc,marking  ] GC(57) Concurrent Mark From Roots
[2025-12-18T08:23:09.793+0530][info][gc,task     ] GC(57) Using 2 workers of 2 for marking
[2025-12-18T08:23:09.889+0530][info][gc,marking  ] GC(57) Concurrent Mark From Roots 94.319ms
[2025-12-18T08:23:09.889+0530][info][gc,marking  ] GC(57) Concurrent Preclean
[2025-12-18T08:23:09.889+0530][info][gc,marking  ] GC(57) Concurrent Preclean 0.065ms
[2025-12-18T08:23:09.889+0530][info][gc,start    ] GC(57) Pause Remark
[2025-12-18T08:23:09.889+0530][info][gc          ] GC(57) Pause Remark 332M->332M(512M) 1.113ms
[2025-12-18T08:23:09.889+0530][info][gc,cpu      ] GC(57) User=0.00s Sys=0.00s Real=0.00s
[2025-12-18T08:23:09.891+0530][info][gc,marking  ] GC(57) Concurrent Mark 97.621ms
[2025-12-18T08:23:09.891+0530][info][gc,marking  ] GC(57) Concurrent Rebuild Remembered Sets and Scrub Regions
[2025-12-18T08:23:09.940+0530][info][gc,marking  ] GC(57) Concurrent Rebuild Remembered Sets and Scrub Regions 47.614ms
[2025-12-18T08:23:09.940+0530][info][gc,start    ] GC(57) Pause Cleanup
[2025-12-18T08:23:09.940+0530][info][gc          ] GC(57) Pause Cleanup 377M->377M(512M) 0.301ms
[2025-12-18T08:23:09.940+0530][info][gc,cpu      ] GC(57) User=0.00s Sys=0.00s Real=0.00s
[2025-12-18T08:23:09.940+0530][info][gc,marking  ] GC(57) Concurrent Clear Claimed Marks
[2025-12-18T08:23:09.940+0530][info][gc,marking  ] GC(57) Concurrent Clear Claimed Marks 0.065ms
[2025-12-18T08:23:09.940+0530][info][gc,marking  ] GC(57) Concurrent Cleanup for Next Mark
[2025-12-18T08:23:09.942+0530][info][gc,marking  ] GC(57) Concurrent Cleanup for Next Mark 0.757ms
[2025-12-18T08:23:09.942+0530][info][gc          ] GC(57) Concurrent Mark Cycle 147.529ms
[2025-12-18T08:23:10.026+0530][info][gc,start    ] GC(58) Pause Young (Prepare Mixed) (G1 Evacuation Pause)
[2025-12-18T08:23:10.026+0530][info][gc,task     ] GC(58) Using 8 workers of 8 for evacuation
[2025-12-18T08:23:10.028+0530][info][gc,phases   ] GC(58)   Pre Evacuate Collection Set: 0.3ms
[2025-12-18T08:23:10.028+0530][info][gc,phases   ] GC(58)   Merge Heap Roots: 0.1ms
[2025-12-18T08:23:10.028+0530][info][gc,phases   ] GC(58)   Evacuate Collection Set: 0.5ms
[2025-12-18T08:23:10.028+0530][info][gc,phases   ] GC(58)   Post Evacuate Collection Set: 0.6ms
[2025-12-18T08:23:10.028+0530][info][gc,phases   ] GC(58)   Other: 0.1ms
[2025-12-18T08:23:10.028+0530][info][gc,heap     ] GC(58) Eden regions: 243->0(243)
[2025-12-18T08:23:10.028+0530][info][gc,heap     ] GC(58) Survivor regions: 1->1(28)
[2025-12-18T08:23:10.028+0530][info][gc,heap     ] GC(58) Old regions: 237->237
[2025-12-18T08:23:10.028+0530][info][gc,heap     ] GC(58) Humongous regions: 3->3
[2025-12-18T08:23:10.028+0530][info][gc,metaspace] GC(58) Metaspace: 4048K(4288K)->4048K(4288K) NonClass: 3662K(3776K)->3662K(3776K) Class: 385K(512K)->385K(512K)
[2025-12-18T08:23:10.028+0530][info][gc          ] GC(58) Pause Young (Prepare Mixed) (G1 Evacuation Pause) 482M->239M(512M) 2.126ms
[2025-12-18T08:23:10.028+0530][info][gc,cpu      ] GC(58) User=0.00s Sys=0.00s Real=0.00s
[2025-12-18T08:23:10.211+0530][info][gc,start    ] GC(59) Pause Young (Mixed) (G1 Evacuation Pause)
[2025-12-18T08:23:10.211+0530][info][gc,task     ] GC(59) Using 8 workers of 8 for evacuation
[2025-12-18T08:23:10.213+0530][info][gc,phases   ] GC(59)   Pre Evacuate Collection Set: 0.3ms
[2025-12-18T08:23:10.213+0530][info][gc,phases   ] GC(59)   Merge Heap Roots: 0.1ms
[2025-12-18T08:23:10.213+0530][info][gc,phases   ] GC(59)   Evacuate Collection Set: 0.6ms
[2025-12-18T08:23:10.213+0530][info][gc,phases   ] GC(59)   Post Evacuate Collection Set: 0.6ms
[2025-12-18T08:23:10.213+0530][info][gc,phases   ] GC(59)   Other: 0.1ms
[2025-12-18T08:23:10.213+0530][info][gc,heap     ] GC(59) Eden regions: 243->0(243)
[2025-12-18T08:23:10.213+0530][info][gc,heap     ] GC(59) Survivor regions: 1->1(28)
[2025-12-18T08:23:10.213+0530][info][gc,heap     ] GC(59) Old regions: 237->237
[2025-12-18T08:23:10.213+0530][info][gc,heap     ] GC(59) Humongous regions: 3->3
[2025-12-18T08:23:10.213+0530][info][gc,metaspace] GC(59) Metaspace: 4048K(4288K)->4048K(4288K) NonClass: 3662K(3776K)->3662K(3776K) Class: 385K(512K)->385K(512K)
[2025-12-18T08:23:10.213+0530][info][gc          ] GC(59) Pause Young (Mixed) (G1 Evacuation Pause) 482M->239M(512M) 2.113ms
[2025-12-18T08:23:10.213+0530][info][gc,cpu      ] GC(59) User=0.00s Sys=0.00s Real=0.00s
[2025-12-18T08:23:10.393+0530][info][gc,start    ] GC(60) Pause Young (Concurrent Start) (G1 Evacuation Pause)
[2025-12-18T08:23:10.393+0530][info][gc,task     ] GC(60) Using 8 workers of 8 for evacuation
[2025-12-18T08:23:10.395+0530][info][gc,phases   ] GC(60)   Pre Evacuate Collection Set: 0.3ms
[2025-12-18T08:23:10.395+0530][info][gc,phases   ] GC(60)   Merge Heap Roots: 0.1ms
[2025-12-18T08:23:10.395+0530][info][gc,phases   ] GC(60)   Evacuate Collection Set: 0.6ms
[2025-12-18T08:23:10.395+0530][info][gc,phases   ] GC(60)   Post Evacuate Collection Set: 0.6ms
[2025-12-18T08:23:10.395+0530][info][gc,phases   ] GC(60)   Other: 0.2ms
[2025-12-18T08:23:10.395+0530][info][gc,heap     ] GC(60) Eden regions: 243->0(243)
[2025-12-18T08:23:10.395+0530][info][gc,heap     ] GC(60) Survivor regions: 1->1(28)
[2025-12-18T08:23:10.395+0530][info][gc,heap     ] GC(60) Old regions: 237->237
[2025-12-18T08:23:10.395+0530][info][gc,heap     ] GC(60) Humongous regions: 3->3
[2025-12-18T08:23:10.395+0530][info][gc,metaspace] GC(60) Metaspace: 4048K(4288K)->4048K(4288K) NonClass: 3662K(3776K)->3662K(3776K) Class: 385K(512K)->385K(512K)
[2025-12-18T08:23:10.395+0530][info][gc          ] GC(60) Pause Young (Concurrent Start) (G1 Evacuation Pause) 482M->239M(512M) 2.236ms
[2025-12-18T08:23:10.395+0530][info][gc,cpu      ] GC(60) User=0.00s Sys=0.00s Real=0.00s
[2025-12-18T08:23:10.395+0530][info][gc          ] GC(61) Concurrent Mark Cycle
[2025-12-18T08:23:10.395+0530][info][gc,marking  ] GC(61) Concurrent Scan Root Regions
[2025-12-18T08:23:10.395+0530][info][gc,marking  ] GC(61) Concurrent Scan Root Regions 0.244ms
[2025-12-18T08:23:10.395+0530][info][gc,marking  ] GC(61) Concurrent Mark
[2025-12-18T08:23:10.395+0530][info][gc,marking  ] GC(61) Concurrent Mark From Roots
[2025-12-18T08:23:10.395+0530][info][gc,task     ] GC(61) Using 2 workers of 2 for marking
[2025-12-18T08:23:10.490+0530][info][gc,marking  ] GC(61) Concurrent Mark From Roots 94.692ms
[2025-12-18T08:23:10.490+0530][info][gc,marking  ] GC(61) Concurrent Preclean
[2025-12-18T08:23:10.490+0530][info][gc,marking  ] GC(61) Concurrent Preclean 0.060ms
[2025-12-18T08:23:10.490+0530][info][gc,start    ] GC(61) Pause Remark
[2025-12-18T08:23:10.492+0530][info][gc          ] GC(61) Pause Remark 335M->335M(512M) 1.200ms
[2025-12-18T08:23:10.492+0530][info][gc,cpu      ] GC(61) User=0.00s Sys=0.02s Real=0.00s
[2025-12-18T08:23:10.494+0530][info][gc,marking  ] GC(61) Concurrent Mark 97.337ms
[2025-12-18T08:23:10.494+0530][info][gc,marking  ] GC(61) Concurrent Rebuild Remembered Sets and Scrub Regions
[2025-12-18T08:23:10.540+0530][info][gc,marking  ] GC(61) Concurrent Rebuild Remembered Sets and Scrub Regions 46.051ms
[2025-12-18T08:23:10.540+0530][info][gc,start    ] GC(61) Pause Cleanup
[2025-12-18T08:23:10.540+0530][info][gc          ] GC(61) Pause Cleanup 381M->381M(512M) 0.309ms
[2025-12-18T08:23:10.540+0530][info][gc,cpu      ] GC(61) User=0.00s Sys=0.00s Real=0.00s
[2025-12-18T08:23:10.541+0530][info][gc,marking  ] GC(61) Concurrent Clear Claimed Marks
[2025-12-18T08:23:10.541+0530][info][gc,marking  ] GC(61) Concurrent Clear Claimed Marks 0.068ms
[2025-12-18T08:23:10.541+0530][info][gc,marking  ] GC(61) Concurrent Cleanup for Next Mark
[2025-12-18T08:23:10.541+0530][info][gc,marking  ] GC(61) Concurrent Cleanup for Next Mark 0.719ms
[2025-12-18T08:23:10.541+0530][info][gc          ] GC(61) Concurrent Mark Cycle 145.853ms
[2025-12-18T08:23:10.617+0530][info][gc,start    ] GC(62) Pause Young (Prepare Mixed) (G1 Evacuation Pause)
[2025-12-18T08:23:10.617+0530][info][gc,task     ] GC(62) Using 8 workers of 8 for evacuation
[2025-12-18T08:23:10.619+0530][info][gc,phases   ] GC(62)   Pre Evacuate Collection Set: 0.3ms
[2025-12-18T08:23:10.619+0530][info][gc,phases   ] GC(62)   Merge Heap Roots: 0.2ms
[2025-12-18T08:23:10.619+0530][info][gc,phases   ] GC(62)   Evacuate Collection Set: 0.5ms
[2025-12-18T08:23:10.619+0530][info][gc,phases   ] GC(62)   Post Evacuate Collection Set: 0.6ms
[2025-12-18T08:23:10.619+0530][info][gc,phases   ] GC(62)   Other: 0.1ms
[2025-12-18T08:23:10.619+0530][info][gc,heap     ] GC(62) Eden regions: 243->0(243)
[2025-12-18T08:23:10.619+0530][info][gc,heap     ] GC(62) Survivor regions: 1->1(28)
[2025-12-18T08:23:10.619+0530][info][gc,heap     ] GC(62) Old regions: 237->237
[2025-12-18T08:23:10.619+0530][info][gc,heap     ] GC(62) Humongous regions: 3->3
[2025-12-18T08:23:10.619+0530][info][gc,metaspace] GC(62) Metaspace: 4048K(4288K)->4048K(4288K) NonClass: 3662K(3776K)->3662K(3776K) Class: 385K(512K)->385K(512K)
[2025-12-18T08:23:10.619+0530][info][gc          ] GC(62) Pause Young (Prepare Mixed) (G1 Evacuation Pause) 482M->239M(512M) 2.059ms
[2025-12-18T08:23:10.619+0530][info][gc,cpu      ] GC(62) User=0.00s Sys=0.00s Real=0.00s
[2025-12-18T08:23:10.803+0530][info][gc,start    ] GC(63) Pause Young (Mixed) (G1 Evacuation Pause)
[2025-12-18T08:23:10.803+0530][info][gc,task     ] GC(63) Using 8 workers of 8 for evacuation
[2025-12-18T08:23:10.805+0530][info][gc,phases   ] GC(63)   Pre Evacuate Collection Set: 0.3ms
[2025-12-18T08:23:10.805+0530][info][gc,phases   ] GC(63)   Merge Heap Roots: 0.1ms
[2025-12-18T08:23:10.805+0530][info][gc,phases   ] GC(63)   Evacuate Collection Set: 0.9ms
[2025-12-18T08:23:10.805+0530][info][gc,phases   ] GC(63)   Post Evacuate Collection Set: 0.6ms
[2025-12-18T08:23:10.805+0530][info][gc,phases   ] GC(63)   Other: 0.2ms
[2025-12-18T08:23:10.805+0530][info][gc,heap     ] GC(63) Eden regions: 243->0(243)
[2025-12-18T08:23:10.805+0530][info][gc,heap     ] GC(63) Survivor regions: 1->1(28)
[2025-12-18T08:23:10.805+0530][info][gc,heap     ] GC(63) Old regions: 237->237
[2025-12-18T08:23:10.805+0530][info][gc,heap     ] GC(63) Humongous regions: 3->3
[2025-12-18T08:23:10.805+0530][info][gc,metaspace] GC(63) Metaspace: 4048K(4288K)->4048K(4288K) NonClass: 3662K(3776K)->3662K(3776K) Class: 385K(512K)->385K(512K)
[2025-12-18T08:23:10.807+0530][info][gc          ] GC(63) Pause Young (Mixed) (G1 Evacuation Pause) 482M->239M(512M) 2.487ms
[2025-12-18T08:23:10.807+0530][info][gc,cpu      ] GC(63) User=0.00s Sys=0.02s Real=0.00s
[2025-12-18T08:23:10.989+0530][info][gc,start    ] GC(64) Pause Young (Concurrent Start) (G1 Evacuation Pause)
[2025-12-18T08:23:10.989+0530][info][gc,task     ] GC(64) Using 8 workers of 8 for evacuation
[2025-12-18T08:23:10.991+0530][info][gc,phases   ] GC(64)   Pre Evacuate Collection Set: 0.3ms
[2025-12-18T08:23:10.991+0530][info][gc,phases   ] GC(64)   Merge Heap Roots: 0.1ms
[2025-12-18T08:23:10.991+0530][info][gc,phases   ] GC(64)   Evacuate Collection Set: 0.7ms
[2025-12-18T08:23:10.991+0530][info][gc,phases   ] GC(64)   Post Evacuate Collection Set: 0.6ms
[2025-12-18T08:23:10.991+0530][info][gc,phases   ] GC(64)   Other: 0.2ms
[2025-12-18T08:23:10.991+0530][info][gc,heap     ] GC(64) Eden regions: 243->0(243)
[2025-12-18T08:23:10.991+0530][info][gc,heap     ] GC(64) Survivor regions: 1->1(28)
[2025-12-18T08:23:10.991+0530][info][gc,heap     ] GC(64) Old regions: 237->237
[2025-12-18T08:23:10.991+0530][info][gc,heap     ] GC(64) Humongous regions: 3->3
[2025-12-18T08:23:10.991+0530][info][gc,metaspace] GC(64) Metaspace: 4049K(4288K)->4049K(4288K) NonClass: 3664K(3776K)->3664K(3776K) Class: 385K(512K)->385K(512K)
[2025-12-18T08:23:10.991+0530][info][gc          ] GC(64) Pause Young (Concurrent Start) (G1 Evacuation Pause) 482M->239M(512M) 2.387ms
[2025-12-18T08:23:10.991+0530][info][gc,cpu      ] GC(64) User=0.00s Sys=0.00s Real=0.00s
[2025-12-18T08:23:10.991+0530][info][gc          ] GC(65) Concurrent Mark Cycle
[2025-12-18T08:23:10.991+0530][info][gc,marking  ] GC(65) Concurrent Scan Root Regions
[2025-12-18T08:23:10.991+0530][info][gc,marking  ] GC(65) Concurrent Scan Root Regions 0.235ms
[2025-12-18T08:23:10.991+0530][info][gc,marking  ] GC(65) Concurrent Mark
[2025-12-18T08:23:10.992+0530][info][gc,marking  ] GC(65) Concurrent Mark From Roots
[2025-12-18T08:23:10.992+0530][info][gc,task     ] GC(65) Using 2 workers of 2 for marking
[2025-12-18T08:23:11.086+0530][info][gc,marking  ] GC(65) Concurrent Mark From Roots 94.996ms
[2025-12-18T08:23:11.086+0530][info][gc,marking  ] GC(65) Concurrent Preclean
[2025-12-18T08:23:11.086+0530][info][gc,marking  ] GC(65) Concurrent Preclean 0.065ms
[2025-12-18T08:23:11.086+0530][info][gc,start    ] GC(65) Pause Remark
[2025-12-18T08:23:11.088+0530][info][gc          ] GC(65) Pause Remark 330M->330M(512M) 1.337ms
[2025-12-18T08:23:11.088+0530][info][gc,cpu      ] GC(65) User=0.00s Sys=0.00s Real=0.00s
[2025-12-18T08:23:11.090+0530][info][gc,marking  ] GC(65) Concurrent Mark 99.066ms
[2025-12-18T08:23:11.090+0530][info][gc,marking  ] GC(65) Concurrent Rebuild Remembered Sets and Scrub Regions
[2025-12-18T08:23:11.137+0530][info][gc,marking  ] GC(65) Concurrent Rebuild Remembered Sets and Scrub Regions 47.038ms
[2025-12-18T08:23:11.137+0530][info][gc,start    ] GC(65) Pause Cleanup
[2025-12-18T08:23:11.137+0530][info][gc          ] GC(65) Pause Cleanup 374M->374M(512M) 0.327ms
[2025-12-18T08:23:11.139+0530][info][gc,cpu      ] GC(65) User=0.00s Sys=0.00s Real=0.00s
[2025-12-18T08:23:11.139+0530][info][gc,marking  ] GC(65) Concurrent Clear Claimed Marks
[2025-12-18T08:23:11.139+0530][info][gc,marking  ] GC(65) Concurrent Clear Claimed Marks 0.068ms
[2025-12-18T08:23:11.139+0530][info][gc,marking  ] GC(65) Concurrent Cleanup for Next Mark
[2025-12-18T08:23:11.141+0530][info][gc,marking  ] GC(65) Concurrent Cleanup for Next Mark 0.782ms
[2025-12-18T08:23:11.141+0530][info][gc          ] GC(65) Concurrent Mark Cycle 149.744ms
[2025-12-18T08:23:11.220+0530][info][gc,start    ] GC(66) Pause Young (Prepare Mixed) (G1 Evacuation Pause)
[2025-12-18T08:23:11.220+0530][info][gc,task     ] GC(66) Using 8 workers of 8 for evacuation
[2025-12-18T08:23:11.222+0530][info][gc,phases   ] GC(66)   Pre Evacuate Collection Set: 0.2ms
[2025-12-18T08:23:11.222+0530][info][gc,phases   ] GC(66)   Merge Heap Roots: 0.1ms
[2025-12-18T08:23:11.222+0530][info][gc,phases   ] GC(66)   Evacuate Collection Set: 0.6ms
[2025-12-18T08:23:11.222+0530][info][gc,phases   ] GC(66)   Post Evacuate Collection Set: 0.6ms
[2025-12-18T08:23:11.222+0530][info][gc,phases   ] GC(66)   Other: 0.1ms
[2025-12-18T08:23:11.222+0530][info][gc,heap     ] GC(66) Eden regions: 243->0(243)
[2025-12-18T08:23:11.222+0530][info][gc,heap     ] GC(66) Survivor regions: 1->1(28)
[2025-12-18T08:23:11.222+0530][info][gc,heap     ] GC(66) Old regions: 237->237
[2025-12-18T08:23:11.222+0530][info][gc,heap     ] GC(66) Humongous regions: 3->3
[2025-12-18T08:23:11.222+0530][info][gc,metaspace] GC(66) Metaspace: 4049K(4288K)->4049K(4288K) NonClass: 3664K(3776K)->3664K(3776K) Class: 385K(512K)->385K(512K)
[2025-12-18T08:23:11.222+0530][info][gc          ] GC(66) Pause Young (Prepare Mixed) (G1 Evacuation Pause) 482M->239M(512M) 2.083ms
[2025-12-18T08:23:11.222+0530][info][gc,cpu      ] GC(66) User=0.00s Sys=0.00s Real=0.00s
[2025-12-18T08:23:11.398+0530][info][gc,start    ] GC(67) Pause Young (Mixed) (G1 Evacuation Pause)
[2025-12-18T08:23:11.398+0530][info][gc,task     ] GC(67) Using 8 workers of 8 for evacuation
[2025-12-18T08:23:11.400+0530][info][gc,phases   ] GC(67)   Pre Evacuate Collection Set: 0.3ms
[2025-12-18T08:23:11.400+0530][info][gc,phases   ] GC(67)   Merge Heap Roots: 0.1ms
[2025-12-18T08:23:11.400+0530][info][gc,phases   ] GC(67)   Evacuate Collection Set: 0.8ms
[2025-12-18T08:23:11.400+0530][info][gc,phases   ] GC(67)   Post Evacuate Collection Set: 0.6ms
[2025-12-18T08:23:11.400+0530][info][gc,phases   ] GC(67)   Other: 0.2ms
[2025-12-18T08:23:11.400+0530][info][gc,heap     ] GC(67) Eden regions: 243->0(243)
[2025-12-18T08:23:11.400+0530][info][gc,heap     ] GC(67) Survivor regions: 1->1(28)
[2025-12-18T08:23:11.400+0530][info][gc,heap     ] GC(67) Old regions: 237->237
[2025-12-18T08:23:11.400+0530][info][gc,heap     ] GC(67) Humongous regions: 3->3
[2025-12-18T08:23:11.400+0530][info][gc,metaspace] GC(67) Metaspace: 4049K(4288K)->4049K(4288K) NonClass: 3664K(3776K)->3664K(3776K) Class: 385K(512K)->385K(512K)
[2025-12-18T08:23:11.400+0530][info][gc          ] GC(67) Pause Young (Mixed) (G1 Evacuation Pause) 482M->239M(512M) 2.353ms
[2025-12-18T08:23:11.400+0530][info][gc,cpu      ] GC(67) User=0.00s Sys=0.00s Real=0.00s
[2025-12-18T08:23:11.581+0530][info][gc,start    ] GC(68) Pause Young (Concurrent Start) (G1 Evacuation Pause)
[2025-12-18T08:23:11.581+0530][info][gc,task     ] GC(68) Using 8 workers of 8 for evacuation
[2025-12-18T08:23:11.583+0530][info][gc,phases   ] GC(68)   Pre Evacuate Collection Set: 0.3ms
[2025-12-18T08:23:11.583+0530][info][gc,phases   ] GC(68)   Merge Heap Roots: 0.1ms
[2025-12-18T08:23:11.583+0530][info][gc,phases   ] GC(68)   Evacuate Collection Set: 0.7ms
[2025-12-18T08:23:11.583+0530][info][gc,phases   ] GC(68)   Post Evacuate Collection Set: 0.6ms
[2025-12-18T08:23:11.583+0530][info][gc,phases   ] GC(68)   Other: 0.2ms
[2025-12-18T08:23:11.583+0530][info][gc,heap     ] GC(68) Eden regions: 243->0(243)
[2025-12-18T08:23:11.583+0530][info][gc,heap     ] GC(68) Survivor regions: 1->1(28)
[2025-12-18T08:23:11.583+0530][info][gc,heap     ] GC(68) Old regions: 237->237
[2025-12-18T08:23:11.583+0530][info][gc,heap     ] GC(68) Humongous regions: 3->3
[2025-12-18T08:23:11.583+0530][info][gc,metaspace] GC(68) Metaspace: 4049K(4288K)->4049K(4288K) NonClass: 3664K(3776K)->3664K(3776K) Class: 385K(512K)->385K(512K)
[2025-12-18T08:23:11.583+0530][info][gc          ] GC(68) Pause Young (Concurrent Start) (G1 Evacuation Pause) 482M->239M(512M) 2.270ms
[2025-12-18T08:23:11.583+0530][info][gc,cpu      ] GC(68) User=0.00s Sys=0.00s Real=0.00s
[2025-12-18T08:23:11.583+0530][info][gc          ] GC(69) Concurrent Mark Cycle
[2025-12-18T08:23:11.583+0530][info][gc,marking  ] GC(69) Concurrent Scan Root Regions
[2025-12-18T08:23:11.583+0530][info][gc,marking  ] GC(69) Concurrent Scan Root Regions 0.200ms
[2025-12-18T08:23:11.583+0530][info][gc,marking  ] GC(69) Concurrent Mark
[2025-12-18T08:23:11.583+0530][info][gc,marking  ] GC(69) Concurrent Mark From Roots
[2025-12-18T08:23:11.583+0530][info][gc,task     ] GC(69) Using 2 workers of 2 for marking
[2025-12-18T08:23:11.678+0530][info][gc,marking  ] GC(69) Concurrent Mark From Roots 95.146ms
[2025-12-18T08:23:11.678+0530][info][gc,marking  ] GC(69) Concurrent Preclean
[2025-12-18T08:23:11.678+0530][info][gc,marking  ] GC(69) Concurrent Preclean 0.064ms
[2025-12-18T08:23:11.680+0530][info][gc,start    ] GC(69) Pause Remark
[2025-12-18T08:23:11.680+0530][info][gc          ] GC(69) Pause Remark 332M->332M(512M) 1.216ms
[2025-12-18T08:23:11.680+0530][info][gc,cpu      ] GC(69) User=0.00s Sys=0.00s Real=0.00s
[2025-12-18T08:23:11.680+0530][info][gc,marking  ] GC(69) Concurrent Mark 97.010ms
[2025-12-18T08:23:11.680+0530][info][gc,marking  ] GC(69) Concurrent Rebuild Remembered Sets and Scrub Regions
[2025-12-18T08:23:11.728+0530][info][gc,marking  ] GC(69) Concurrent Rebuild Remembered Sets and Scrub Regions 46.493ms
[2025-12-18T08:23:11.728+0530][info][gc,start    ] GC(69) Pause Cleanup
[2025-12-18T08:23:11.728+0530][info][gc          ] GC(69) Pause Cleanup 377M->377M(512M) 0.275ms
[2025-12-18T08:23:11.728+0530][info][gc,cpu      ] GC(69) User=0.00s Sys=0.00s Real=0.00s
[2025-12-18T08:23:11.729+0530][info][gc,marking  ] GC(69) Concurrent Clear Claimed Marks
[2025-12-18T08:23:11.729+0530][info][gc,marking  ] GC(69) Concurrent Clear Claimed Marks 0.065ms
[2025-12-18T08:23:11.729+0530][info][gc,marking  ] GC(69) Concurrent Cleanup for Next Mark
[2025-12-18T08:23:11.729+0530][info][gc,marking  ] GC(69) Concurrent Cleanup for Next Mark 0.747ms
[2025-12-18T08:23:11.729+0530][info][gc          ] GC(69) Concurrent Mark Cycle 146.466ms
[2025-12-18T08:23:11.807+0530][info][gc,start    ] GC(70) Pause Young (Normal) (G1 Evacuation Pause)
[2025-12-18T08:23:11.807+0530][info][gc,task     ] GC(70) Using 8 workers of 8 for evacuation
[2025-12-18T08:23:11.809+0530][info][gc,phases   ] GC(70)   Pre Evacuate Collection Set: 0.2ms
[2025-12-18T08:23:11.809+0530][info][gc,phases   ] GC(70)   Merge Heap Roots: 0.2ms
[2025-12-18T08:23:11.809+0530][info][gc,phases   ] GC(70)   Evacuate Collection Set: 0.5ms
[2025-12-18T08:23:11.809+0530][info][gc,phases   ] GC(70)   Post Evacuate Collection Set: 0.6ms
[2025-12-18T08:23:11.809+0530][info][gc,phases   ] GC(70)   Other: 0.2ms
[2025-12-18T08:23:11.809+0530][info][gc,heap     ] GC(70) Eden regions: 243->0(243)
[2025-12-18T08:23:11.809+0530][info][gc,heap     ] GC(70) Survivor regions: 1->1(28)
[2025-12-18T08:23:11.809+0530][info][gc,heap     ] GC(70) Old regions: 237->237
[2025-12-18T08:23:11.809+0530][info][gc,heap     ] GC(70) Humongous regions: 3->3
[2025-12-18T08:23:11.809+0530][info][gc,metaspace] GC(70) Metaspace: 4052K(4288K)->4052K(4288K) NonClass: 3666K(3776K)->3666K(3776K) Class: 385K(512K)->385K(512K)
[2025-12-18T08:23:11.809+0530][info][gc          ] GC(70) Pause Young (Normal) (G1 Evacuation Pause) 482M->239M(512M) 2.079ms
[2025-12-18T08:23:11.809+0530][info][gc,cpu      ] GC(70) User=0.00s Sys=0.00s Real=0.00s
[2025-12-18T08:23:11.991+0530][info][gc,start    ] GC(71) Pause Young (Concurrent Start) (G1 Evacuation Pause)
[2025-12-18T08:23:11.991+0530][info][gc,task     ] GC(71) Using 8 workers of 8 for evacuation
[2025-12-18T08:23:11.992+0530][info][gc,phases   ] GC(71)   Pre Evacuate Collection Set: 0.3ms
[2025-12-18T08:23:11.992+0530][info][gc,phases   ] GC(71)   Merge Heap Roots: 0.1ms
[2025-12-18T08:23:11.992+0530][info][gc,phases   ] GC(71)   Evacuate Collection Set: 0.7ms
[2025-12-18T08:23:11.992+0530][info][gc,phases   ] GC(71)   Post Evacuate Collection Set: 0.5ms
[2025-12-18T08:23:11.992+0530][info][gc,phases   ] GC(71)   Other: 0.2ms
[2025-12-18T08:23:11.992+0530][info][gc,heap     ] GC(71) Eden regions: 243->0(243)
[2025-12-18T08:23:11.992+0530][info][gc,heap     ] GC(71) Survivor regions: 1->1(28)
[2025-12-18T08:23:11.992+0530][info][gc,heap     ] GC(71) Old regions: 237->237
[2025-12-18T08:23:11.992+0530][info][gc,heap     ] GC(71) Humongous regions: 3->3
[2025-12-18T08:23:11.992+0530][info][gc,metaspace] GC(71) Metaspace: 4053K(4288K)->4053K(4288K) NonClass: 3668K(3776K)->3668K(3776K) Class: 385K(512K)->385K(512K)
[2025-12-18T08:23:11.992+0530][info][gc          ] GC(71) Pause Young (Concurrent Start) (G1 Evacuation Pause) 482M->239M(512M) 2.263ms
[2025-12-18T08:23:11.992+0530][info][gc,cpu      ] GC(71) User=0.11s Sys=0.00s Real=0.00s
[2025-12-18T08:23:11.992+0530][info][gc          ] GC(72) Concurrent Mark Cycle
[2025-12-18T08:23:11.992+0530][info][gc,marking  ] GC(72) Concurrent Scan Root Regions
[2025-12-18T08:23:11.992+0530][info][gc,marking  ] GC(72) Concurrent Scan Root Regions 0.227ms
[2025-12-18T08:23:11.992+0530][info][gc,marking  ] GC(72) Concurrent Mark
[2025-12-18T08:23:11.992+0530][info][gc,marking  ] GC(72) Concurrent Mark From Roots
[2025-12-18T08:23:11.992+0530][info][gc,task     ] GC(72) Using 2 workers of 2 for marking
[2025-12-18T08:23:12.088+0530][info][gc,marking  ] GC(72) Concurrent Mark From Roots 95.131ms
[2025-12-18T08:23:12.088+0530][info][gc,marking  ] GC(72) Concurrent Preclean
[2025-12-18T08:23:12.088+0530][info][gc,marking  ] GC(72) Concurrent Preclean 0.065ms
[2025-12-18T08:23:12.088+0530][info][gc,start    ] GC(72) Pause Remark
[2025-12-18T08:23:12.090+0530][info][gc          ] GC(72) Pause Remark 328M->328M(512M) 1.167ms
[2025-12-18T08:23:12.090+0530][info][gc,cpu      ] GC(72) User=0.00s Sys=0.00s Real=0.00s
[2025-12-18T08:23:12.090+0530][info][gc,marking  ] GC(72) Concurrent Mark 97.216ms
[2025-12-18T08:23:12.090+0530][info][gc,marking  ] GC(72) Concurrent Rebuild Remembered Sets and Scrub Regions
[2025-12-18T08:23:12.137+0530][info][gc,marking  ] GC(72) Concurrent Rebuild Remembered Sets and Scrub Regions 46.774ms
[2025-12-18T08:23:12.137+0530][info][gc,start    ] GC(72) Pause Cleanup
[2025-12-18T08:23:12.137+0530][info][gc          ] GC(72) Pause Cleanup 374M->374M(512M) 0.282ms
[2025-12-18T08:23:12.137+0530][info][gc,cpu      ] GC(72) User=0.00s Sys=0.00s Real=0.00s
[2025-12-18T08:23:12.139+0530][info][gc,marking  ] GC(72) Concurrent Clear Claimed Marks
[2025-12-18T08:23:12.139+0530][info][gc,marking  ] GC(72) Concurrent Clear Claimed Marks 0.070ms
[2025-12-18T08:23:12.139+0530][info][gc,marking  ] GC(72) Concurrent Cleanup for Next Mark
[2025-12-18T08:23:12.139+0530][info][gc,marking  ] GC(72) Concurrent Cleanup for Next Mark 0.731ms
[2025-12-18T08:23:12.139+0530][info][gc          ] GC(72) Concurrent Mark Cycle 146.793ms
[2025-12-18T08:23:12.220+0530][info][gc,start    ] GC(73) Pause Young (Normal) (G1 Evacuation Pause)
[2025-12-18T08:23:12.220+0530][info][gc,task     ] GC(73) Using 8 workers of 8 for evacuation
[2025-12-18T08:23:12.223+0530][info][gc,phases   ] GC(73)   Pre Evacuate Collection Set: 0.2ms
[2025-12-18T08:23:12.223+0530][info][gc,phases   ] GC(73)   Merge Heap Roots: 0.1ms
[2025-12-18T08:23:12.223+0530][info][gc,phases   ] GC(73)   Evacuate Collection Set: 0.5ms
[2025-12-18T08:23:12.223+0530][info][gc,phases   ] GC(73)   Post Evacuate Collection Set: 0.6ms
[2025-12-18T08:23:12.223+0530][info][gc,phases   ] GC(73)   Other: 0.2ms
[2025-12-18T08:23:12.223+0530][info][gc,heap     ] GC(73) Eden regions: 243->0(243)
[2025-12-18T08:23:12.223+0530][info][gc,heap     ] GC(73) Survivor regions: 1->1(28)
[2025-12-18T08:23:12.223+0530][info][gc,heap     ] GC(73) Old regions: 237->237
[2025-12-18T08:23:12.223+0530][info][gc,heap     ] GC(73) Humongous regions: 3->3
[2025-12-18T08:23:12.223+0530][info][gc,metaspace] GC(73) Metaspace: 4053K(4288K)->4053K(4288K) NonClass: 3668K(3776K)->3668K(3776K) Class: 385K(512K)->385K(512K)
[2025-12-18T08:23:12.223+0530][info][gc          ] GC(73) Pause Young (Normal) (G1 Evacuation Pause) 482M->239M(512M) 2.084ms
[2025-12-18T08:23:12.223+0530][info][gc,cpu      ] GC(73) User=0.00s Sys=0.00s Real=0.00s
[2025-12-18T08:23:12.400+0530][info][gc,start    ] GC(74) Pause Young (Concurrent Start) (G1 Evacuation Pause)
[2025-12-18T08:23:12.400+0530][info][gc,task     ] GC(74) Using 8 workers of 8 for evacuation
[2025-12-18T08:23:12.403+0530][info][gc,phases   ] GC(74)   Pre Evacuate Collection Set: 0.3ms
[2025-12-18T08:23:12.403+0530][info][gc,phases   ] GC(74)   Merge Heap Roots: 0.1ms
[2025-12-18T08:23:12.403+0530][info][gc,phases   ] GC(74)   Evacuate Collection Set: 0.7ms
[2025-12-18T08:23:12.403+0530][info][gc,phases   ] GC(74)   Post Evacuate Collection Set: 0.6ms
[2025-12-18T08:23:12.403+0530][info][gc,phases   ] GC(74)   Other: 0.2ms
[2025-12-18T08:23:12.403+0530][info][gc,heap     ] GC(74) Eden regions: 243->0(243)
[2025-12-18T08:23:12.403+0530][info][gc,heap     ] GC(74) Survivor regions: 1->1(28)
[2025-12-18T08:23:12.403+0530][info][gc,heap     ] GC(74) Old regions: 237->237
[2025-12-18T08:23:12.403+0530][info][gc,heap     ] GC(74) Humongous regions: 3->3
[2025-12-18T08:23:12.403+0530][info][gc,metaspace] GC(74) Metaspace: 4053K(4288K)->4053K(4288K) NonClass: 3668K(3776K)->3668K(3776K) Class: 385K(512K)->385K(512K)
[2025-12-18T08:23:12.403+0530][info][gc          ] GC(74) Pause Young (Concurrent Start) (G1 Evacuation Pause) 482M->239M(512M) 2.365ms
[2025-12-18T08:23:12.403+0530][info][gc,cpu      ] GC(74) User=0.00s Sys=0.00s Real=0.00s
[2025-12-18T08:23:12.403+0530][info][gc          ] GC(75) Concurrent Mark Cycle
[2025-12-18T08:23:12.405+0530][info][gc,marking  ] GC(75) Concurrent Scan Root Regions
[2025-12-18T08:23:12.405+0530][info][gc,marking  ] GC(75) Concurrent Scan Root Regions 0.206ms
[2025-12-18T08:23:12.405+0530][info][gc,marking  ] GC(75) Concurrent Mark
[2025-12-18T08:23:12.405+0530][info][gc,marking  ] GC(75) Concurrent Mark From Roots
[2025-12-18T08:23:12.405+0530][info][gc,task     ] GC(75) Using 2 workers of 2 for marking
[2025-12-18T08:23:12.500+0530][info][gc,marking  ] GC(75) Concurrent Mark From Roots 95.552ms
[2025-12-18T08:23:12.500+0530][info][gc,marking  ] GC(75) Concurrent Preclean
[2025-12-18T08:23:12.500+0530][info][gc,marking  ] GC(75) Concurrent Preclean 0.066ms
[2025-12-18T08:23:12.500+0530][info][gc,start    ] GC(75) Pause Remark
[2025-12-18T08:23:12.500+0530][info][gc          ] GC(75) Pause Remark 335M->335M(512M) 1.255ms
[2025-12-18T08:23:12.500+0530][info][gc,cpu      ] GC(75) User=0.00s Sys=0.00s Real=0.00s
[2025-12-18T08:23:12.502+0530][info][gc,marking  ] GC(75) Concurrent Mark 97.887ms
[2025-12-18T08:23:12.502+0530][info][gc,marking  ] GC(75) Concurrent Rebuild Remembered Sets and Scrub Regions
[2025-12-18T08:23:12.550+0530][info][gc,marking  ] GC(75) Concurrent Rebuild Remembered Sets and Scrub Regions 46.877ms
[2025-12-18T08:23:12.550+0530][info][gc,start    ] GC(75) Pause Cleanup
[2025-12-18T08:23:12.550+0530][info][gc          ] GC(75) Pause Cleanup 381M->381M(512M) 0.280ms
[2025-12-18T08:23:12.550+0530][info][gc,cpu      ] GC(75) User=0.00s Sys=0.00s Real=0.00s
[2025-12-18T08:23:12.552+0530][info][gc,marking  ] GC(75) Concurrent Clear Claimed Marks
[2025-12-18T08:23:12.552+0530][info][gc,marking  ] GC(75) Concurrent Clear Claimed Marks 0.066ms
[2025-12-18T08:23:12.552+0530][info][gc,marking  ] GC(75) Concurrent Cleanup for Next Mark
[2025-12-18T08:23:12.552+0530][info][gc,marking  ] GC(75) Concurrent Cleanup for Next Mark 0.735ms
[2025-12-18T08:23:12.552+0530][info][gc          ] GC(75) Concurrent Mark Cycle 148.933ms
[2025-12-18T08:23:12.627+0530][info][gc,start    ] GC(76) Pause Young (Normal) (G1 Evacuation Pause)
[2025-12-18T08:23:12.627+0530][info][gc,task     ] GC(76) Using 8 workers of 8 for evacuation
[2025-12-18T08:23:12.629+0530][info][gc,phases   ] GC(76)   Pre Evacuate Collection Set: 0.3ms
[2025-12-18T08:23:12.629+0530][info][gc,phases   ] GC(76)   Merge Heap Roots: 0.1ms
[2025-12-18T08:23:12.629+0530][info][gc,phases   ] GC(76)   Evacuate Collection Set: 0.6ms
[2025-12-18T08:23:12.629+0530][info][gc,phases   ] GC(76)   Post Evacuate Collection Set: 0.6ms
[2025-12-18T08:23:12.629+0530][info][gc,phases   ] GC(76)   Other: 0.1ms
[2025-12-18T08:23:12.629+0530][info][gc,heap     ] GC(76) Eden regions: 243->0(243)
[2025-12-18T08:23:12.629+0530][info][gc,heap     ] GC(76) Survivor regions: 1->1(28)
[2025-12-18T08:23:12.629+0530][info][gc,heap     ] GC(76) Old regions: 237->237
[2025-12-18T08:23:12.629+0530][info][gc,heap     ] GC(76) Humongous regions: 3->3
[2025-12-18T08:23:12.629+0530][info][gc,metaspace] GC(76) Metaspace: 4053K(4288K)->4053K(4288K) NonClass: 3668K(3776K)->3668K(3776K) Class: 385K(512K)->385K(512K)
[2025-12-18T08:23:12.629+0530][info][gc          ] GC(76) Pause Young (Normal) (G1 Evacuation Pause) 482M->239M(512M) 2.092ms
[2025-12-18T08:23:12.629+0530][info][gc,cpu      ] GC(76) User=0.00s Sys=0.00s Real=0.00s
[2025-12-18T08:23:12.817+0530][info][gc,start    ] GC(77) Pause Young (Concurrent Start) (G1 Evacuation Pause)
[2025-12-18T08:23:12.817+0530][info][gc,task     ] GC(77) Using 8 workers of 8 for evacuation
[2025-12-18T08:23:12.819+0530][info][gc,phases   ] GC(77)   Pre Evacuate Collection Set: 0.3ms
[2025-12-18T08:23:12.819+0530][info][gc,phases   ] GC(77)   Merge Heap Roots: 0.1ms
[2025-12-18T08:23:12.819+0530][info][gc,phases   ] GC(77)   Evacuate Collection Set: 0.7ms
[2025-12-18T08:23:12.819+0530][info][gc,phases   ] GC(77)   Post Evacuate Collection Set: 0.5ms
[2025-12-18T08:23:12.819+0530][info][gc,phases   ] GC(77)   Other: 0.2ms
[2025-12-18T08:23:12.819+0530][info][gc,heap     ] GC(77) Eden regions: 243->0(243)
[2025-12-18T08:23:12.819+0530][info][gc,heap     ] GC(77) Survivor regions: 1->1(28)
[2025-12-18T08:23:12.819+0530][info][gc,heap     ] GC(77) Old regions: 237->237
[2025-12-18T08:23:12.819+0530][info][gc,heap     ] GC(77) Humongous regions: 3->3
[2025-12-18T08:23:12.819+0530][info][gc,metaspace] GC(77) Metaspace: 4053K(4288K)->4053K(4288K) NonClass: 3668K(3776K)->3668K(3776K) Class: 385K(512K)->385K(512K)
[2025-12-18T08:23:12.819+0530][info][gc          ] GC(77) Pause Young (Concurrent Start) (G1 Evacuation Pause) 482M->239M(512M) 2.300ms
[2025-12-18T08:23:12.819+0530][info][gc,cpu      ] GC(77) User=0.11s Sys=0.00s Real=0.00s
[2025-12-18T08:23:12.819+0530][info][gc          ] GC(78) Concurrent Mark Cycle
[2025-12-18T08:23:12.819+0530][info][gc,marking  ] GC(78) Concurrent Scan Root Regions
[2025-12-18T08:23:12.819+0530][info][gc,marking  ] GC(78) Concurrent Scan Root Regions 0.248ms
[2025-12-18T08:23:12.819+0530][info][gc,marking  ] GC(78) Concurrent Mark
[2025-12-18T08:23:12.819+0530][info][gc,marking  ] GC(78) Concurrent Mark From Roots
[2025-12-18T08:23:12.819+0530][info][gc,task     ] GC(78) Using 2 workers of 2 for marking
[2025-12-18T08:23:12.915+0530][info][gc,marking  ] GC(78) Concurrent Mark From Roots 94.809ms
[2025-12-18T08:23:12.915+0530][info][gc,marking  ] GC(78) Concurrent Preclean
[2025-12-18T08:23:12.915+0530][info][gc,marking  ] GC(78) Concurrent Preclean 0.063ms
[2025-12-18T08:23:12.915+0530][info][gc,start    ] GC(78) Pause Remark
[2025-12-18T08:23:12.916+0530][info][gc          ] GC(78) Pause Remark 334M->334M(512M) 1.088ms
[2025-12-18T08:23:12.916+0530][info][gc,cpu      ] GC(78) User=0.00s Sys=0.00s Real=0.00s
[2025-12-18T08:23:12.917+0530][info][gc,marking  ] GC(78) Concurrent Mark 97.564ms
[2025-12-18T08:23:12.917+0530][info][gc,marking  ] GC(78) Concurrent Rebuild Remembered Sets and Scrub Regions
[2025-12-18T08:23:12.965+0530][info][gc,marking  ] GC(78) Concurrent Rebuild Remembered Sets and Scrub Regions 46.710ms
[2025-12-18T08:23:12.965+0530][info][gc,start    ] GC(78) Pause Cleanup
[2025-12-18T08:23:12.965+0530][info][gc          ] GC(78) Pause Cleanup 378M->378M(512M) 0.254ms
[2025-12-18T08:23:12.965+0530][info][gc,cpu      ] GC(78) User=0.00s Sys=0.00s Real=0.00s
[2025-12-18T08:23:12.967+0530][info][gc,marking  ] GC(78) Concurrent Clear Claimed Marks
[2025-12-18T08:23:12.967+0530][info][gc,marking  ] GC(78) Concurrent Clear Claimed Marks 0.098ms
[2025-12-18T08:23:12.967+0530][info][gc,marking  ] GC(78) Concurrent Cleanup for Next Mark
[2025-12-18T08:23:12.967+0530][info][gc,marking  ] GC(78) Concurrent Cleanup for Next Mark 0.768ms
[2025-12-18T08:23:12.967+0530][info][gc          ] GC(78) Concurrent Mark Cycle 147.780ms
[2025-12-18T08:23:13.046+0530][info][gc,start    ] GC(79) Pause Young (Normal) (G1 Evacuation Pause)
[2025-12-18T08:23:13.046+0530][info][gc,task     ] GC(79) Using 8 workers of 8 for evacuation
[2025-12-18T08:23:13.048+0530][info][gc,phases   ] GC(79)   Pre Evacuate Collection Set: 0.3ms
[2025-12-18T08:23:13.048+0530][info][gc,phases   ] GC(79)   Merge Heap Roots: 0.1ms
[2025-12-18T08:23:13.048+0530][info][gc,phases   ] GC(79)   Evacuate Collection Set: 0.5ms
[2025-12-18T08:23:13.048+0530][info][gc,phases   ] GC(79)   Post Evacuate Collection Set: 0.6ms
[2025-12-18T08:23:13.048+0530][info][gc,phases   ] GC(79)   Other: 0.2ms
[2025-12-18T08:23:13.048+0530][info][gc,heap     ] GC(79) Eden regions: 243->0(243)
[2025-12-18T08:23:13.048+0530][info][gc,heap     ] GC(79) Survivor regions: 1->1(28)
[2025-12-18T08:23:13.048+0530][info][gc,heap     ] GC(79) Old regions: 237->237
[2025-12-18T08:23:13.048+0530][info][gc,heap     ] GC(79) Humongous regions: 3->3
[2025-12-18T08:23:13.048+0530][info][gc,metaspace] GC(79) Metaspace: 4054K(4288K)->4054K(4288K) NonClass: 3668K(3776K)->3668K(3776K) Class: 385K(512K)->385K(512K)
[2025-12-18T08:23:13.048+0530][info][gc          ] GC(79) Pause Young (Normal) (G1 Evacuation Pause) 482M->239M(512M) 2.140ms
[2025-12-18T08:23:13.048+0530][info][gc,cpu      ] GC(79) User=0.00s Sys=0.00s Real=0.00s
[2025-12-18T08:23:13.233+0530][info][gc,start    ] GC(80) Pause Young (Concurrent Start) (G1 Evacuation Pause)
[2025-12-18T08:23:13.233+0530][info][gc,task     ] GC(80) Using 8 workers of 8 for evacuation
[2025-12-18T08:23:13.235+0530][info][gc,phases   ] GC(80)   Pre Evacuate Collection Set: 0.3ms
[2025-12-18T08:23:13.235+0530][info][gc,phases   ] GC(80)   Merge Heap Roots: 0.1ms
[2025-12-18T08:23:13.235+0530][info][gc,phases   ] GC(80)   Evacuate Collection Set: 0.7ms
[2025-12-18T08:23:13.235+0530][info][gc,phases   ] GC(80)   Post Evacuate Collection Set: 0.5ms
[2025-12-18T08:23:13.235+0530][info][gc,phases   ] GC(80)   Other: 0.2ms
[2025-12-18T08:23:13.235+0530][info][gc,heap     ] GC(80) Eden regions: 243->0(243)
[2025-12-18T08:23:13.235+0530][info][gc,heap     ] GC(80) Survivor regions: 1->1(28)
[2025-12-18T08:23:13.235+0530][info][gc,heap     ] GC(80) Old regions: 237->237
[2025-12-18T08:23:13.235+0530][info][gc,heap     ] GC(80) Humongous regions: 3->3
[2025-12-18T08:23:13.235+0530][info][gc,metaspace] GC(80) Metaspace: 4054K(4288K)->4054K(4288K) NonClass: 3668K(3776K)->3668K(3776K) Class: 385K(512K)->385K(512K)
[2025-12-18T08:23:13.235+0530][info][gc          ] GC(80) Pause Young (Concurrent Start) (G1 Evacuation Pause) 482M->239M(512M) 2.239ms
[2025-12-18T08:23:13.235+0530][info][gc,cpu      ] GC(80) User=0.00s Sys=0.00s Real=0.00s
[2025-12-18T08:23:13.235+0530][info][gc          ] GC(81) Concurrent Mark Cycle
[2025-12-18T08:23:13.235+0530][info][gc,marking  ] GC(81) Concurrent Scan Root Regions
[2025-12-18T08:23:13.235+0530][info][gc,marking  ] GC(81) Concurrent Scan Root Regions 0.234ms
[2025-12-18T08:23:13.235+0530][info][gc,marking  ] GC(81) Concurrent Mark
[2025-12-18T08:23:13.235+0530][info][gc,marking  ] GC(81) Concurrent Mark From Roots
[2025-12-18T08:23:13.235+0530][info][gc,task     ] GC(81) Using 2 workers of 2 for marking
[2025-12-18T08:23:13.329+0530][info][gc,marking  ] GC(81) Concurrent Mark From Roots 94.511ms
[2025-12-18T08:23:13.329+0530][info][gc,marking  ] GC(81) Concurrent Preclean
[2025-12-18T08:23:13.329+0530][info][gc,marking  ] GC(81) Concurrent Preclean 0.068ms
[2025-12-18T08:23:13.331+0530][info][gc,start    ] GC(81) Pause Remark
[2025-12-18T08:23:13.331+0530][info][gc          ] GC(81) Pause Remark 333M->333M(512M) 1.150ms
[2025-12-18T08:23:13.331+0530][info][gc,cpu      ] GC(81) User=0.00s Sys=0.00s Real=0.00s
[2025-12-18T08:23:13.333+0530][info][gc,marking  ] GC(81) Concurrent Mark 96.982ms
[2025-12-18T08:23:13.333+0530][info][gc,marking  ] GC(81) Concurrent Rebuild Remembered Sets and Scrub Regions
[2025-12-18T08:23:13.379+0530][info][gc,marking  ] GC(81) Concurrent Rebuild Remembered Sets and Scrub Regions 46.950ms
[2025-12-18T08:23:13.379+0530][info][gc,start    ] GC(81) Pause Cleanup
[2025-12-18T08:23:13.379+0530][info][gc          ] GC(81) Pause Cleanup 374M->374M(512M) 0.276ms
[2025-12-18T08:23:13.379+0530][info][gc,cpu      ] GC(81) User=0.00s Sys=0.00s Real=0.00s
[2025-12-18T08:23:13.379+0530][info][gc,marking  ] GC(81) Concurrent Clear Claimed Marks
[2025-12-18T08:23:13.379+0530][info][gc,marking  ] GC(81) Concurrent Clear Claimed Marks 0.064ms
[2025-12-18T08:23:13.379+0530][info][gc,marking  ] GC(81) Concurrent Cleanup for Next Mark
[2025-12-18T08:23:13.381+0530][info][gc,marking  ] GC(81) Concurrent Cleanup for Next Mark 0.754ms
[2025-12-18T08:23:13.381+0530][info][gc          ] GC(81) Concurrent Mark Cycle 146.355ms
[2025-12-18T08:23:13.463+0530][info][gc,start    ] GC(82) Pause Young (Normal) (G1 Evacuation Pause)
[2025-12-18T08:23:13.465+0530][info][gc,task     ] GC(82) Using 8 workers of 8 for evacuation
[2025-12-18T08:23:13.465+0530][info][gc,phases   ] GC(82)   Pre Evacuate Collection Set: 0.3ms
[2025-12-18T08:23:13.465+0530][info][gc,phases   ] GC(82)   Merge Heap Roots: 0.1ms
[2025-12-18T08:23:13.465+0530][info][gc,phases   ] GC(82)   Evacuate Collection Set: 0.5ms
[2025-12-18T08:23:13.465+0530][info][gc,phases   ] GC(82)   Post Evacuate Collection Set: 0.5ms
[2025-12-18T08:23:13.465+0530][info][gc,phases   ] GC(82)   Other: 0.1ms
[2025-12-18T08:23:13.465+0530][info][gc,heap     ] GC(82) Eden regions: 243->0(243)
[2025-12-18T08:23:13.465+0530][info][gc,heap     ] GC(82) Survivor regions: 1->1(28)
[2025-12-18T08:23:13.465+0530][info][gc,heap     ] GC(82) Old regions: 237->237
[2025-12-18T08:23:13.465+0530][info][gc,heap     ] GC(82) Humongous regions: 3->3
[2025-12-18T08:23:13.465+0530][info][gc,metaspace] GC(82) Metaspace: 4054K(4288K)->4054K(4288K) NonClass: 3668K(3776K)->3668K(3776K) Class: 385K(512K)->385K(512K)
[2025-12-18T08:23:13.465+0530][info][gc          ] GC(82) Pause Young (Normal) (G1 Evacuation Pause) 482M->239M(512M) 1.872ms
[2025-12-18T08:23:13.465+0530][info][gc,cpu      ] GC(82) User=0.00s Sys=0.00s Real=0.00s
[2025-12-18T08:23:13.649+0530][info][gc,start    ] GC(83) Pause Young (Concurrent Start) (G1 Evacuation Pause)
[2025-12-18T08:23:13.649+0530][info][gc,task     ] GC(83) Using 8 workers of 8 for evacuation
[2025-12-18T08:23:13.651+0530][info][gc,phases   ] GC(83)   Pre Evacuate Collection Set: 0.3ms
[2025-12-18T08:23:13.651+0530][info][gc,phases   ] GC(83)   Merge Heap Roots: 0.1ms
[2025-12-18T08:23:13.651+0530][info][gc,phases   ] GC(83)   Evacuate Collection Set: 0.8ms
[2025-12-18T08:23:13.651+0530][info][gc,phases   ] GC(83)   Post Evacuate Collection Set: 0.6ms
[2025-12-18T08:23:13.651+0530][info][gc,phases   ] GC(83)   Other: 0.2ms
[2025-12-18T08:23:13.651+0530][info][gc,heap     ] GC(83) Eden regions: 243->0(243)
[2025-12-18T08:23:13.651+0530][info][gc,heap     ] GC(83) Survivor regions: 1->1(28)
[2025-12-18T08:23:13.651+0530][info][gc,heap     ] GC(83) Old regions: 237->237
[2025-12-18T08:23:13.651+0530][info][gc,heap     ] GC(83) Humongous regions: 3->3
[2025-12-18T08:23:13.651+0530][info][gc,metaspace] GC(83) Metaspace: 4054K(4288K)->4054K(4288K) NonClass: 3668K(3776K)->3668K(3776K) Class: 385K(512K)->385K(512K)
[2025-12-18T08:23:13.651+0530][info][gc          ] GC(83) Pause Young (Concurrent Start) (G1 Evacuation Pause) 482M->239M(512M) 2.466ms
[2025-12-18T08:23:13.651+0530][info][gc,cpu      ] GC(83) User=0.00s Sys=0.00s Real=0.00s
[2025-12-18T08:23:13.651+0530][info][gc          ] GC(84) Concurrent Mark Cycle
[2025-12-18T08:23:13.651+0530][info][gc,marking  ] GC(84) Concurrent Scan Root Regions
[2025-12-18T08:23:13.651+0530][info][gc,marking  ] GC(84) Concurrent Scan Root Regions 0.245ms
[2025-12-18T08:23:13.651+0530][info][gc,marking  ] GC(84) Concurrent Mark
[2025-12-18T08:23:13.651+0530][info][gc,marking  ] GC(84) Concurrent Mark From Roots
[2025-12-18T08:23:13.651+0530][info][gc,task     ] GC(84) Using 2 workers of 2 for marking
[2025-12-18T08:23:13.744+0530][info][gc,marking  ] GC(84) Concurrent Mark From Roots 94.194ms
[2025-12-18T08:23:13.746+0530][info][gc,marking  ] GC(84) Concurrent Preclean
[2025-12-18T08:23:13.746+0530][info][gc,marking  ] GC(84) Concurrent Preclean 0.064ms
[2025-12-18T08:23:13.746+0530][info][gc,start    ] GC(84) Pause Remark
[2025-12-18T08:23:13.746+0530][info][gc          ] GC(84) Pause Remark 330M->330M(512M) 1.275ms
[2025-12-18T08:23:13.746+0530][info][gc,cpu      ] GC(84) User=0.00s Sys=0.00s Real=0.00s
[2025-12-18T08:23:13.748+0530][info][gc,marking  ] GC(84) Concurrent Mark 96.726ms
[2025-12-18T08:23:13.748+0530][info][gc,marking  ] GC(84) Concurrent Rebuild Remembered Sets and Scrub Regions
[2025-12-18T08:23:13.794+0530][info][gc,marking  ] GC(84) Concurrent Rebuild Remembered Sets and Scrub Regions 46.490ms
[2025-12-18T08:23:13.795+0530][info][gc,start    ] GC(84) Pause Cleanup
[2025-12-18T08:23:13.795+0530][info][gc          ] GC(84) Pause Cleanup 375M->375M(512M) 0.281ms
[2025-12-18T08:23:13.795+0530][info][gc,cpu      ] GC(84) User=0.00s Sys=0.00s Real=0.00s
[2025-12-18T08:23:13.795+0530][info][gc,marking  ] GC(84) Concurrent Clear Claimed Marks
[2025-12-18T08:23:13.795+0530][info][gc,marking  ] GC(84) Concurrent Clear Claimed Marks 0.064ms
[2025-12-18T08:23:13.795+0530][info][gc,marking  ] GC(84) Concurrent Cleanup for Next Mark
[2025-12-18T08:23:13.797+0530][info][gc,marking  ] GC(84) Concurrent Cleanup for Next Mark 0.748ms
[2025-12-18T08:23:13.797+0530][info][gc          ] GC(84) Concurrent Mark Cycle 146.398ms
[2025-12-18T08:23:13.880+0530][info][gc,start    ] GC(85) Pause Young (Normal) (G1 Evacuation Pause)
[2025-12-18T08:23:13.880+0530][info][gc,task     ] GC(85) Using 8 workers of 8 for evacuation
[2025-12-18T08:23:13.882+0530][info][gc,phases   ] GC(85)   Pre Evacuate Collection Set: 0.3ms
[2025-12-18T08:23:13.882+0530][info][gc,phases   ] GC(85)   Merge Heap Roots: 0.1ms
[2025-12-18T08:23:13.882+0530][info][gc,phases   ] GC(85)   Evacuate Collection Set: 0.5ms
[2025-12-18T08:23:13.882+0530][info][gc,phases   ] GC(85)   Post Evacuate Collection Set: 0.6ms
[2025-12-18T08:23:13.882+0530][info][gc,phases   ] GC(85)   Other: 0.1ms
[2025-12-18T08:23:13.882+0530][info][gc,heap     ] GC(85) Eden regions: 243->0(243)
[2025-12-18T08:23:13.882+0530][info][gc,heap     ] GC(85) Survivor regions: 1->1(28)
[2025-12-18T08:23:13.882+0530][info][gc,heap     ] GC(85) Old regions: 237->237
[2025-12-18T08:23:13.882+0530][info][gc,heap     ] GC(85) Humongous regions: 3->3
[2025-12-18T08:23:13.882+0530][info][gc,metaspace] GC(85) Metaspace: 4054K(4288K)->4054K(4288K) NonClass: 3668K(3776K)->3668K(3776K) Class: 385K(512K)->385K(512K)
[2025-12-18T08:23:13.882+0530][info][gc          ] GC(85) Pause Young (Normal) (G1 Evacuation Pause) 482M->239M(512M) 1.954ms
[2025-12-18T08:23:13.882+0530][info][gc,cpu      ] GC(85) User=0.00s Sys=0.00s Real=0.00s
[2025-12-18T08:23:14.069+0530][info][gc,start    ] GC(86) Pause Young (Concurrent Start) (G1 Evacuation Pause)
[2025-12-18T08:23:14.069+0530][info][gc,task     ] GC(86) Using 8 workers of 8 for evacuation
[2025-12-18T08:23:14.071+0530][info][gc,phases   ] GC(86)   Pre Evacuate Collection Set: 0.3ms
[2025-12-18T08:23:14.071+0530][info][gc,phases   ] GC(86)   Merge Heap Roots: 0.1ms
[2025-12-18T08:23:14.071+0530][info][gc,phases   ] GC(86)   Evacuate Collection Set: 0.7ms
[2025-12-18T08:23:14.071+0530][info][gc,phases   ] GC(86)   Post Evacuate Collection Set: 0.6ms
[2025-12-18T08:23:14.071+0530][info][gc,phases   ] GC(86)   Other: 0.7ms
[2025-12-18T08:23:14.071+0530][info][gc,heap     ] GC(86) Eden regions: 243->0(243)
[2025-12-18T08:23:14.071+0530][info][gc,heap     ] GC(86) Survivor regions: 1->1(28)
[2025-12-18T08:23:14.071+0530][info][gc,heap     ] GC(86) Old regions: 237->237
[2025-12-18T08:23:14.071+0530][info][gc,heap     ] GC(86) Humongous regions: 3->3
[2025-12-18T08:23:14.071+0530][info][gc,metaspace] GC(86) Metaspace: 4054K(4288K)->4054K(4288K) NonClass: 3668K(3776K)->3668K(3776K) Class: 385K(512K)->385K(512K)
[2025-12-18T08:23:14.071+0530][info][gc          ] GC(86) Pause Young (Concurrent Start) (G1 Evacuation Pause) 482M->239M(512M) 2.836ms
[2025-12-18T08:23:14.071+0530][info][gc,cpu      ] GC(86) User=0.12s Sys=0.00s Real=0.00s
[2025-12-18T08:23:14.071+0530][info][gc          ] GC(87) Concurrent Mark Cycle
[2025-12-18T08:23:14.071+0530][info][gc,marking  ] GC(87) Concurrent Scan Root Regions
[2025-12-18T08:23:14.071+0530][info][gc,marking  ] GC(87) Concurrent Scan Root Regions 0.216ms
[2025-12-18T08:23:14.071+0530][info][gc,marking  ] GC(87) Concurrent Mark
[2025-12-18T08:23:14.073+0530][info][gc,marking  ] GC(87) Concurrent Mark From Roots
[2025-12-18T08:23:14.073+0530][info][gc,task     ] GC(87) Using 2 workers of 2 for marking
[2025-12-18T08:23:14.168+0530][info][gc,marking  ] GC(87) Concurrent Mark From Roots 95.919ms
[2025-12-18T08:23:14.168+0530][info][gc,marking  ] GC(87) Concurrent Preclean
[2025-12-18T08:23:14.168+0530][info][gc,marking  ] GC(87) Concurrent Preclean 0.064ms
[2025-12-18T08:23:14.168+0530][info][gc,start    ] GC(87) Pause Remark
[2025-12-18T08:23:14.170+0530][info][gc          ] GC(87) Pause Remark 329M->329M(512M) 1.230ms
[2025-12-18T08:23:14.170+0530][info][gc,cpu      ] GC(87) User=0.00s Sys=0.00s Real=0.00s
[2025-12-18T08:23:14.170+0530][info][gc,marking  ] GC(87) Concurrent Mark 97.882ms
[2025-12-18T08:23:14.170+0530][info][gc,marking  ] GC(87) Concurrent Rebuild Remembered Sets and Scrub Regions
[2025-12-18T08:23:14.217+0530][info][gc,marking  ] GC(87) Concurrent Rebuild Remembered Sets and Scrub Regions 46.675ms
[2025-12-18T08:23:14.217+0530][info][gc,start    ] GC(87) Pause Cleanup
[2025-12-18T08:23:14.217+0530][info][gc          ] GC(87) Pause Cleanup 373M->373M(512M) 0.207ms
[2025-12-18T08:23:14.217+0530][info][gc,cpu      ] GC(87) User=0.00s Sys=0.00s Real=0.00s
[2025-12-18T08:23:14.218+0530][info][gc,marking  ] GC(87) Concurrent Clear Claimed Marks
[2025-12-18T08:23:14.218+0530][info][gc,marking  ] GC(87) Concurrent Clear Claimed Marks 0.060ms
[2025-12-18T08:23:14.218+0530][info][gc,marking  ] GC(87) Concurrent Cleanup for Next Mark
[2025-12-18T08:23:14.219+0530][info][gc,marking  ] GC(87) Concurrent Cleanup for Next Mark 0.784ms
[2025-12-18T08:23:14.219+0530][info][gc          ] GC(87) Concurrent Mark Cycle 147.097ms
[2025-12-18T08:23:14.302+0530][info][gc,start    ] GC(88) Pause Young (Normal) (G1 Evacuation Pause)
[2025-12-18T08:23:14.302+0530][info][gc,task     ] GC(88) Using 8 workers of 8 for evacuation
[2025-12-18T08:23:14.304+0530][info][gc,phases   ] GC(88)   Pre Evacuate Collection Set: 0.3ms
[2025-12-18T08:23:14.304+0530][info][gc,phases   ] GC(88)   Merge Heap Roots: 0.2ms
[2025-12-18T08:23:14.304+0530][info][gc,phases   ] GC(88)   Evacuate Collection Set: 0.5ms
[2025-12-18T08:23:14.304+0530][info][gc,phases   ] GC(88)   Post Evacuate Collection Set: 0.6ms
[2025-12-18T08:23:14.304+0530][info][gc,phases   ] GC(88)   Other: 0.1ms
[2025-12-18T08:23:14.304+0530][info][gc,heap     ] GC(88) Eden regions: 243->0(243)
[2025-12-18T08:23:14.304+0530][info][gc,heap     ] GC(88) Survivor regions: 1->1(28)
[2025-12-18T08:23:14.304+0530][info][gc,heap     ] GC(88) Old regions: 237->237
[2025-12-18T08:23:14.304+0530][info][gc,heap     ] GC(88) Humongous regions: 3->3
[2025-12-18T08:23:14.304+0530][info][gc,metaspace] GC(88) Metaspace: 4054K(4288K)->4054K(4288K) NonClass: 3668K(3776K)->3668K(3776K) Class: 385K(512K)->385K(512K)
[2025-12-18T08:23:14.304+0530][info][gc          ] GC(88) Pause Young (Normal) (G1 Evacuation Pause) 482M->239M(512M) 2.117ms
[2025-12-18T08:23:14.304+0530][info][gc,cpu      ] GC(88) User=0.00s Sys=0.00s Real=0.00s
[2025-12-18T08:23:14.489+0530][info][gc,start    ] GC(89) Pause Young (Concurrent Start) (G1 Evacuation Pause)
[2025-12-18T08:23:14.489+0530][info][gc,task     ] GC(89) Using 8 workers of 8 for evacuation
[2025-12-18T08:23:14.492+0530][info][gc,phases   ] GC(89)   Pre Evacuate Collection Set: 0.3ms
[2025-12-18T08:23:14.492+0530][info][gc,phases   ] GC(89)   Merge Heap Roots: 0.1ms
[2025-12-18T08:23:14.492+0530][info][gc,phases   ] GC(89)   Evacuate Collection Set: 0.7ms
[2025-12-18T08:23:14.492+0530][info][gc,phases   ] GC(89)   Post Evacuate Collection Set: 0.6ms
[2025-12-18T08:23:14.492+0530][info][gc,phases   ] GC(89)   Other: 0.3ms
[2025-12-18T08:23:14.492+0530][info][gc,heap     ] GC(89) Eden regions: 243->0(243)
[2025-12-18T08:23:14.492+0530][info][gc,heap     ] GC(89) Survivor regions: 1->1(28)
[2025-12-18T08:23:14.492+0530][info][gc,heap     ] GC(89) Old regions: 237->237
[2025-12-18T08:23:14.492+0530][info][gc,heap     ] GC(89) Humongous regions: 3->3
[2025-12-18T08:23:14.492+0530][info][gc,metaspace] GC(89) Metaspace: 4054K(4288K)->4054K(4288K) NonClass: 3668K(3776K)->3668K(3776K) Class: 385K(512K)->385K(512K)
[2025-12-18T08:23:14.492+0530][info][gc          ] GC(89) Pause Young (Concurrent Start) (G1 Evacuation Pause) 482M->239M(512M) 2.288ms
[2025-12-18T08:23:14.492+0530][info][gc,cpu      ] GC(89) User=0.08s Sys=0.00s Real=0.00s
[2025-12-18T08:23:14.492+0530][info][gc          ] GC(90) Concurrent Mark Cycle
[2025-12-18T08:23:14.492+0530][info][gc,marking  ] GC(90) Concurrent Scan Root Regions
[2025-12-18T08:23:14.492+0530][info][gc,marking  ] GC(90) Concurrent Scan Root Regions 0.239ms
[2025-12-18T08:23:14.492+0530][info][gc,marking  ] GC(90) Concurrent Mark
[2025-12-18T08:23:14.492+0530][info][gc,marking  ] GC(90) Concurrent Mark From Roots
[2025-12-18T08:23:14.492+0530][info][gc,task     ] GC(90) Using 2 workers of 2 for marking
[2025-12-18T08:23:14.586+0530][info][gc,marking  ] GC(90) Concurrent Mark From Roots 93.842ms
[2025-12-18T08:23:14.586+0530][info][gc,marking  ] GC(90) Concurrent Preclean
[2025-12-18T08:23:14.586+0530][info][gc,marking  ] GC(90) Concurrent Preclean 0.076ms
[2025-12-18T08:23:14.588+0530][info][gc,start    ] GC(90) Pause Remark
[2025-12-18T08:23:14.588+0530][info][gc          ] GC(90) Pause Remark 334M->334M(512M) 1.252ms
[2025-12-18T08:23:14.588+0530][info][gc,cpu      ] GC(90) User=0.00s Sys=0.00s Real=0.00s
[2025-12-18T08:23:14.590+0530][info][gc,marking  ] GC(90) Concurrent Mark 96.386ms
[2025-12-18T08:23:14.590+0530][info][gc,marking  ] GC(90) Concurrent Rebuild Remembered Sets and Scrub Regions
[2025-12-18T08:23:14.635+0530][info][gc,marking  ] GC(90) Concurrent Rebuild Remembered Sets and Scrub Regions 46.446ms
[2025-12-18T08:23:14.635+0530][info][gc,start    ] GC(90) Pause Cleanup
[2025-12-18T08:23:14.635+0530][info][gc          ] GC(90) Pause Cleanup 380M->380M(512M) 0.264ms
[2025-12-18T08:23:14.635+0530][info][gc,cpu      ] GC(90) User=0.00s Sys=0.00s Real=0.00s
[2025-12-18T08:23:14.637+0530][info][gc,marking  ] GC(90) Concurrent Clear Claimed Marks
[2025-12-18T08:23:14.637+0530][info][gc,marking  ] GC(90) Concurrent Clear Claimed Marks 0.070ms
[2025-12-18T08:23:14.637+0530][info][gc,marking  ] GC(90) Concurrent Cleanup for Next Mark
[2025-12-18T08:23:14.637+0530][info][gc,marking  ] GC(90) Concurrent Cleanup for Next Mark 0.722ms
[2025-12-18T08:23:14.637+0530][info][gc          ] GC(90) Concurrent Mark Cycle 146.082ms
[2025-12-18T08:23:14.715+0530][info][gc,start    ] GC(91) Pause Young (Normal) (G1 Evacuation Pause)
[2025-12-18T08:23:14.715+0530][info][gc,task     ] GC(91) Using 8 workers of 8 for evacuation
[2025-12-18T08:23:14.715+0530][info][gc,phases   ] GC(91)   Pre Evacuate Collection Set: 0.2ms
[2025-12-18T08:23:14.715+0530][info][gc,phases   ] GC(91)   Merge Heap Roots: 0.1ms
[2025-12-18T08:23:14.715+0530][info][gc,phases   ] GC(91)   Evacuate Collection Set: 0.6ms
[2025-12-18T08:23:14.715+0530][info][gc,phases   ] GC(91)   Post Evacuate Collection Set: 0.5ms
[2025-12-18T08:23:14.715+0530][info][gc,phases   ] GC(91)   Other: 0.1ms
[2025-12-18T08:23:14.717+0530][info][gc,heap     ] GC(91) Eden regions: 243->0(243)
[2025-12-18T08:23:14.717+0530][info][gc,heap     ] GC(91) Survivor regions: 1->1(28)
[2025-12-18T08:23:14.717+0530][info][gc,heap     ] GC(91) Old regions: 237->237
[2025-12-18T08:23:14.717+0530][info][gc,heap     ] GC(91) Humongous regions: 3->3
[2025-12-18T08:23:14.717+0530][info][gc,metaspace] GC(91) Metaspace: 4054K(4288K)->4054K(4288K) NonClass: 3668K(3776K)->3668K(3776K) Class: 385K(512K)->385K(512K)
[2025-12-18T08:23:14.717+0530][info][gc          ] GC(91) Pause Young (Normal) (G1 Evacuation Pause) 482M->239M(512M) 1.955ms
[2025-12-18T08:23:14.717+0530][info][gc,cpu      ] GC(91) User=0.00s Sys=0.00s Real=0.00s
[2025-12-18T08:23:14.898+0530][info][gc,start    ] GC(92) Pause Young (Concurrent Start) (G1 Evacuation Pause)
[2025-12-18T08:23:14.898+0530][info][gc,task     ] GC(92) Using 8 workers of 8 for evacuation
[2025-12-18T08:23:14.901+0530][info][gc,phases   ] GC(92)   Pre Evacuate Collection Set: 0.3ms
[2025-12-18T08:23:14.901+0530][info][gc,phases   ] GC(92)   Merge Heap Roots: 0.1ms
[2025-12-18T08:23:14.901+0530][info][gc,phases   ] GC(92)   Evacuate Collection Set: 0.8ms
[2025-12-18T08:23:14.901+0530][info][gc,phases   ] GC(92)   Post Evacuate Collection Set: 0.6ms
[2025-12-18T08:23:14.901+0530][info][gc,phases   ] GC(92)   Other: 0.2ms
[2025-12-18T08:23:14.901+0530][info][gc,heap     ] GC(92) Eden regions: 243->0(243)
[2025-12-18T08:23:14.901+0530][info][gc,heap     ] GC(92) Survivor regions: 1->1(28)
[2025-12-18T08:23:14.901+0530][info][gc,heap     ] GC(92) Old regions: 237->237
[2025-12-18T08:23:14.901+0530][info][gc,heap     ] GC(92) Humongous regions: 3->3
[2025-12-18T08:23:14.901+0530][info][gc,metaspace] GC(92) Metaspace: 4054K(4288K)->4054K(4288K) NonClass: 3668K(3776K)->3668K(3776K) Class: 385K(512K)->385K(512K)
[2025-12-18T08:23:14.901+0530][info][gc          ] GC(92) Pause Young (Concurrent Start) (G1 Evacuation Pause) 482M->239M(512M) 2.591ms
[2025-12-18T08:23:14.901+0530][info][gc,cpu      ] GC(92) User=0.00s Sys=0.00s Real=0.00s
[2025-12-18T08:23:14.901+0530][info][gc          ] GC(93) Concurrent Mark Cycle
[2025-12-18T08:23:14.901+0530][info][gc,marking  ] GC(93) Concurrent Scan Root Regions
[2025-12-18T08:23:14.903+0530][info][gc,marking  ] GC(93) Concurrent Scan Root Regions 0.345ms
[2025-12-18T08:23:14.903+0530][info][gc,marking  ] GC(93) Concurrent Mark
[2025-12-18T08:23:14.903+0530][info][gc,marking  ] GC(93) Concurrent Mark From Roots
[2025-12-18T08:23:14.903+0530][info][gc,task     ] GC(93) Using 2 workers of 2 for marking
[2025-12-18T08:23:14.996+0530][info][gc,marking  ] GC(93) Concurrent Mark From Roots 94.503ms
[2025-12-18T08:23:14.996+0530][info][gc,marking  ] GC(93) Concurrent Preclean
[2025-12-18T08:23:14.996+0530][info][gc,marking  ] GC(93) Concurrent Preclean 0.064ms
[2025-12-18T08:23:14.996+0530][info][gc,start    ] GC(93) Pause Remark
[2025-12-18T08:23:14.998+0530][info][gc          ] GC(93) Pause Remark 331M->331M(512M) 1.161ms
[2025-12-18T08:23:14.998+0530][info][gc,cpu      ] GC(93) User=0.00s Sys=0.00s Real=0.00s
[2025-12-18T08:23:14.998+0530][info][gc,marking  ] GC(93) Concurrent Mark 96.521ms
[2025-12-18T08:23:14.998+0530][info][gc,marking  ] GC(93) Concurrent Rebuild Remembered Sets and Scrub Regions
[2025-12-18T08:23:15.044+0530][info][gc,marking  ] GC(93) Concurrent Rebuild Remembered Sets and Scrub Regions 46.492ms
[2025-12-18T08:23:15.046+0530][info][gc,start    ] GC(93) Pause Cleanup
[2025-12-18T08:23:15.046+0530][info][gc          ] GC(93) Pause Cleanup 376M->376M(512M) 0.230ms
[2025-12-18T08:23:15.046+0530][info][gc,cpu      ] GC(93) User=0.00s Sys=0.00s Real=0.00s
[2025-12-18T08:23:15.046+0530][info][gc,marking  ] GC(93) Concurrent Clear Claimed Marks
[2025-12-18T08:23:15.046+0530][info][gc,marking  ] GC(93) Concurrent Clear Claimed Marks 0.062ms
[2025-12-18T08:23:15.046+0530][info][gc,marking  ] GC(93) Concurrent Cleanup for Next Mark
[2025-12-18T08:23:15.046+0530][info][gc,marking  ] GC(93) Concurrent Cleanup for Next Mark 0.764ms
[2025-12-18T08:23:15.046+0530][info][gc          ] GC(93) Concurrent Mark Cycle 145.372ms
[2025-12-18T08:23:15.128+0530][info][gc,start    ] GC(94) Pause Young (Normal) (G1 Evacuation Pause)
[2025-12-18T08:23:15.128+0530][info][gc,task     ] GC(94) Using 8 workers of 8 for evacuation
[2025-12-18T08:23:15.130+0530][info][gc,phases   ] GC(94)   Pre Evacuate Collection Set: 0.2ms
[2025-12-18T08:23:15.130+0530][info][gc,phases   ] GC(94)   Merge Heap Roots: 0.1ms
[2025-12-18T08:23:15.130+0530][info][gc,phases   ] GC(94)   Evacuate Collection Set: 0.5ms
[2025-12-18T08:23:15.130+0530][info][gc,phases   ] GC(94)   Post Evacuate Collection Set: 0.6ms
[2025-12-18T08:23:15.130+0530][info][gc,phases   ] GC(94)   Other: 0.2ms
[2025-12-18T08:23:15.130+0530][info][gc,heap     ] GC(94) Eden regions: 243->0(243)
[2025-12-18T08:23:15.130+0530][info][gc,heap     ] GC(94) Survivor regions: 1->1(28)
[2025-12-18T08:23:15.130+0530][info][gc,heap     ] GC(94) Old regions: 237->237
[2025-12-18T08:23:15.130+0530][info][gc,heap     ] GC(94) Humongous regions: 3->3
[2025-12-18T08:23:15.130+0530][info][gc,metaspace] GC(94) Metaspace: 4054K(4288K)->4054K(4288K) NonClass: 3668K(3776K)->3668K(3776K) Class: 385K(512K)->385K(512K)
[2025-12-18T08:23:15.130+0530][info][gc          ] GC(94) Pause Young (Normal) (G1 Evacuation Pause) 482M->239M(512M) 2.149ms
[2025-12-18T08:23:15.130+0530][info][gc,cpu      ] GC(94) User=0.00s Sys=0.00s Real=0.00s
[2025-12-18T08:23:15.311+0530][info][gc,start    ] GC(95) Pause Young (Concurrent Start) (G1 Evacuation Pause)
[2025-12-18T08:23:15.311+0530][info][gc,task     ] GC(95) Using 8 workers of 8 for evacuation
[2025-12-18T08:23:15.313+0530][info][gc,phases   ] GC(95)   Pre Evacuate Collection Set: 0.3ms
[2025-12-18T08:23:15.313+0530][info][gc,phases   ] GC(95)   Merge Heap Roots: 0.1ms
[2025-12-18T08:23:15.313+0530][info][gc,phases   ] GC(95)   Evacuate Collection Set: 0.7ms
[2025-12-18T08:23:15.313+0530][info][gc,phases   ] GC(95)   Post Evacuate Collection Set: 0.6ms
[2025-12-18T08:23:15.313+0530][info][gc,phases   ] GC(95)   Other: 0.2ms
[2025-12-18T08:23:15.313+0530][info][gc,heap     ] GC(95) Eden regions: 243->0(243)
[2025-12-18T08:23:15.313+0530][info][gc,heap     ] GC(95) Survivor regions: 1->1(28)
[2025-12-18T08:23:15.313+0530][info][gc,heap     ] GC(95) Old regions: 237->237
[2025-12-18T08:23:15.313+0530][info][gc,heap     ] GC(95) Humongous regions: 3->3
[2025-12-18T08:23:15.313+0530][info][gc,metaspace] GC(95) Metaspace: 4054K(4288K)->4054K(4288K) NonClass: 3668K(3776K)->3668K(3776K) Class: 385K(512K)->385K(512K)
[2025-12-18T08:23:15.313+0530][info][gc          ] GC(95) Pause Young (Concurrent Start) (G1 Evacuation Pause) 482M->239M(512M) 2.273ms
[2025-12-18T08:23:15.313+0530][info][gc,cpu      ] GC(95) User=0.00s Sys=0.00s Real=0.00s
[2025-12-18T08:23:15.313+0530][info][gc          ] GC(96) Concurrent Mark Cycle
[2025-12-18T08:23:15.313+0530][info][gc,marking  ] GC(96) Concurrent Scan Root Regions
[2025-12-18T08:23:15.313+0530][info][gc,marking  ] GC(96) Concurrent Scan Root Regions 0.252ms
[2025-12-18T08:23:15.313+0530][info][gc,marking  ] GC(96) Concurrent Mark
[2025-12-18T08:23:15.313+0530][info][gc,marking  ] GC(96) Concurrent Mark From Roots
[2025-12-18T08:23:15.313+0530][info][gc,task     ] GC(96) Using 2 workers of 2 for marking
[2025-12-18T08:23:15.409+0530][info][gc,marking  ] GC(96) Concurrent Mark From Roots 94.846ms
[2025-12-18T08:23:15.409+0530][info][gc,marking  ] GC(96) Concurrent Preclean
[2025-12-18T08:23:15.409+0530][info][gc,marking  ] GC(96) Concurrent Preclean 0.097ms
[2025-12-18T08:23:15.409+0530][info][gc,start    ] GC(96) Pause Remark
[2025-12-18T08:23:15.411+0530][info][gc          ] GC(96) Pause Remark 332M->332M(512M) 1.058ms
[2025-12-18T08:23:15.411+0530][info][gc,cpu      ] GC(96) User=0.00s Sys=0.00s Real=0.00s
[2025-12-18T08:23:15.411+0530][info][gc,marking  ] GC(96) Concurrent Mark 97.692ms
[2025-12-18T08:23:15.411+0530][info][gc,marking  ] GC(96) Concurrent Rebuild Remembered Sets and Scrub Regions
[2025-12-18T08:23:15.458+0530][info][gc,marking  ] GC(96) Concurrent Rebuild Remembered Sets and Scrub Regions 47.123ms
[2025-12-18T08:23:15.458+0530][info][gc,start    ] GC(96) Pause Cleanup
[2025-12-18T08:23:15.460+0530][info][gc          ] GC(96) Pause Cleanup 375M->375M(512M) 0.278ms
[2025-12-18T08:23:15.460+0530][info][gc,cpu      ] GC(96) User=0.00s Sys=0.00s Real=0.00s
[2025-12-18T08:23:15.460+0530][info][gc,marking  ] GC(96) Concurrent Clear Claimed Marks
[2025-12-18T08:23:15.460+0530][info][gc,marking  ] GC(96) Concurrent Clear Claimed Marks 0.058ms
[2025-12-18T08:23:15.460+0530][info][gc,marking  ] GC(96) Concurrent Cleanup for Next Mark
[2025-12-18T08:23:15.461+0530][info][gc,marking  ] GC(96) Concurrent Cleanup for Next Mark 0.759ms
[2025-12-18T08:23:15.461+0530][info][gc          ] GC(96) Concurrent Mark Cycle 147.111ms
[2025-12-18T08:23:15.542+0530][info][gc,start    ] GC(97) Pause Young (Normal) (G1 Evacuation Pause)
[2025-12-18T08:23:15.542+0530][info][gc,task     ] GC(97) Using 8 workers of 8 for evacuation
[2025-12-18T08:23:15.542+0530][info][gc,phases   ] GC(97)   Pre Evacuate Collection Set: 0.2ms
[2025-12-18T08:23:15.542+0530][info][gc,phases   ] GC(97)   Merge Heap Roots: 0.1ms
[2025-12-18T08:23:15.542+0530][info][gc,phases   ] GC(97)   Evacuate Collection Set: 0.3ms
[2025-12-18T08:23:15.542+0530][info][gc,phases   ] GC(97)   Post Evacuate Collection Set: 0.6ms
[2025-12-18T08:23:15.542+0530][info][gc,phases   ] GC(97)   Other: 0.1ms
[2025-12-18T08:23:15.542+0530][info][gc,heap     ] GC(97) Eden regions: 243->0(243)
[2025-12-18T08:23:15.542+0530][info][gc,heap     ] GC(97) Survivor regions: 1->1(28)
[2025-12-18T08:23:15.542+0530][info][gc,heap     ] GC(97) Old regions: 237->237
[2025-12-18T08:23:15.542+0530][info][gc,heap     ] GC(97) Humongous regions: 3->3
[2025-12-18T08:23:15.542+0530][info][gc,metaspace] GC(97) Metaspace: 4054K(4288K)->4054K(4288K) NonClass: 3669K(3776K)->3669K(3776K) Class: 385K(512K)->385K(512K)
[2025-12-18T08:23:15.542+0530][info][gc          ] GC(97) Pause Young (Normal) (G1 Evacuation Pause) 482M->239M(512M) 1.688ms
[2025-12-18T08:23:15.542+0530][info][gc,cpu      ] GC(97) User=0.00s Sys=0.00s Real=0.00s
[2025-12-18T08:23:15.726+0530][info][gc,start    ] GC(98) Pause Young (Concurrent Start) (G1 Evacuation Pause)
[2025-12-18T08:23:15.726+0530][info][gc,task     ] GC(98) Using 8 workers of 8 for evacuation
[2025-12-18T08:23:15.728+0530][info][gc,phases   ] GC(98)   Pre Evacuate Collection Set: 0.3ms
[2025-12-18T08:23:15.728+0530][info][gc,phases   ] GC(98)   Merge Heap Roots: 0.1ms
[2025-12-18T08:23:15.728+0530][info][gc,phases   ] GC(98)   Evacuate Collection Set: 0.8ms
[2025-12-18T08:23:15.728+0530][info][gc,phases   ] GC(98)   Post Evacuate Collection Set: 0.5ms
[2025-12-18T08:23:15.728+0530][info][gc,phases   ] GC(98)   Other: 0.2ms
[2025-12-18T08:23:15.728+0530][info][gc,heap     ] GC(98) Eden regions: 243->0(243)
[2025-12-18T08:23:15.728+0530][info][gc,heap     ] GC(98) Survivor regions: 1->1(28)
[2025-12-18T08:23:15.728+0530][info][gc,heap     ] GC(98) Old regions: 237->237
[2025-12-18T08:23:15.728+0530][info][gc,heap     ] GC(98) Humongous regions: 3->3
[2025-12-18T08:23:15.728+0530][info][gc,metaspace] GC(98) Metaspace: 4054K(4288K)->4054K(4288K) NonClass: 3669K(3776K)->3669K(3776K) Class: 385K(512K)->385K(512K)
[2025-12-18T08:23:15.728+0530][info][gc          ] GC(98) Pause Young (Concurrent Start) (G1 Evacuation Pause) 482M->239M(512M) 2.250ms
[2025-12-18T08:23:15.728+0530][info][gc,cpu      ] GC(98) User=0.02s Sys=0.00s Real=0.00s
[2025-12-18T08:23:15.728+0530][info][gc          ] GC(99) Concurrent Mark Cycle
[2025-12-18T08:23:15.728+0530][info][gc,marking  ] GC(99) Concurrent Scan Root Regions
[2025-12-18T08:23:15.728+0530][info][gc,marking  ] GC(99) Concurrent Scan Root Regions 0.213ms
[2025-12-18T08:23:15.728+0530][info][gc,marking  ] GC(99) Concurrent Mark
[2025-12-18T08:23:15.728+0530][info][gc,marking  ] GC(99) Concurrent Mark From Roots
[2025-12-18T08:23:15.728+0530][info][gc,task     ] GC(99) Using 2 workers of 2 for marking
[2025-12-18T08:23:15.824+0530][info][gc,marking  ] GC(99) Concurrent Mark From Roots 96.088ms
[2025-12-18T08:23:15.824+0530][info][gc,marking  ] GC(99) Concurrent Preclean
[2025-12-18T08:23:15.824+0530][info][gc,marking  ] GC(99) Concurrent Preclean 0.085ms
[2025-12-18T08:23:15.824+0530][info][gc,start    ] GC(99) Pause Remark
[2025-12-18T08:23:15.827+0530][info][gc          ] GC(99) Pause Remark 333M->333M(512M) 1.282ms
[2025-12-18T08:23:15.827+0530][info][gc,cpu      ] GC(99) User=0.00s Sys=0.00s Real=0.00s
[2025-12-18T08:23:15.827+0530][info][gc,marking  ] GC(99) Concurrent Mark 98.448ms
[2025-12-18T08:23:15.827+0530][info][gc,marking  ] GC(99) Concurrent Rebuild Remembered Sets and Scrub Regions
[2025-12-18T08:23:15.873+0530][info][gc,marking  ] GC(99) Concurrent Rebuild Remembered Sets and Scrub Regions 46.696ms
[2025-12-18T08:23:15.873+0530][info][gc,start    ] GC(99) Pause Cleanup
[2025-12-18T08:23:15.873+0530][info][gc          ] GC(99) Pause Cleanup 378M->378M(512M) 0.288ms
[2025-12-18T08:23:15.873+0530][info][gc,cpu      ] GC(99) User=0.00s Sys=0.00s Real=0.00s
[2025-12-18T08:23:15.875+0530][info][gc,marking  ] GC(99) Concurrent Clear Claimed Marks
[2025-12-18T08:23:15.875+0530][info][gc,marking  ] GC(99) Concurrent Clear Claimed Marks 0.063ms
[2025-12-18T08:23:15.875+0530][info][gc,marking  ] GC(99) Concurrent Cleanup for Next Mark
[2025-12-18T08:23:15.875+0530][info][gc,marking  ] GC(99) Concurrent Cleanup for Next Mark 0.979ms
[2025-12-18T08:23:15.875+0530][info][gc          ] GC(99) Concurrent Mark Cycle 148.424ms
[2025-12-18T08:23:15.954+0530][info][gc,start    ] GC(100) Pause Young (Normal) (G1 Evacuation Pause)
[2025-12-18T08:23:15.954+0530][info][gc,task     ] GC(100) Using 8 workers of 8 for evacuation
[2025-12-18T08:23:15.956+0530][info][gc,phases   ] GC(100)   Pre Evacuate Collection Set: 0.2ms
[2025-12-18T08:23:15.956+0530][info][gc,phases   ] GC(100)   Merge Heap Roots: 0.1ms
[2025-12-18T08:23:15.956+0530][info][gc,phases   ] GC(100)   Evacuate Collection Set: 0.4ms
[2025-12-18T08:23:15.956+0530][info][gc,phases   ] GC(100)   Post Evacuate Collection Set: 0.6ms
[2025-12-18T08:23:15.956+0530][info][gc,phases   ] GC(100)   Other: 0.2ms
[2025-12-18T08:23:15.956+0530][info][gc,heap     ] GC(100) Eden regions: 243->0(243)
[2025-12-18T08:23:15.956+0530][info][gc,heap     ] GC(100) Survivor regions: 1->1(28)
[2025-12-18T08:23:15.956+0530][info][gc,heap     ] GC(100) Old regions: 237->237
[2025-12-18T08:23:15.956+0530][info][gc,heap     ] GC(100) Humongous regions: 3->3
[2025-12-18T08:23:15.956+0530][info][gc,metaspace] GC(100) Metaspace: 4054K(4288K)->4054K(4288K) NonClass: 3669K(3776K)->3669K(3776K) Class: 385K(512K)->385K(512K)
[2025-12-18T08:23:15.956+0530][info][gc          ] GC(100) Pause Young (Normal) (G1 Evacuation Pause) 482M->239M(512M) 1.908ms
[2025-12-18T08:23:15.956+0530][info][gc,cpu      ] GC(100) User=0.00s Sys=0.00s Real=0.00s
[2025-12-18T08:23:16.140+0530][info][gc,start    ] GC(101) Pause Young (Concurrent Start) (G1 Evacuation Pause)
[2025-12-18T08:23:16.140+0530][info][gc,task     ] GC(101) Using 8 workers of 8 for evacuation
[2025-12-18T08:23:16.142+0530][info][gc,phases   ] GC(101)   Pre Evacuate Collection Set: 0.3ms
[2025-12-18T08:23:16.142+0530][info][gc,phases   ] GC(101)   Merge Heap Roots: 0.2ms
[2025-12-18T08:23:16.142+0530][info][gc,phases   ] GC(101)   Evacuate Collection Set: 0.6ms
[2025-12-18T08:23:16.142+0530][info][gc,phases   ] GC(101)   Post Evacuate Collection Set: 0.5ms
[2025-12-18T08:23:16.142+0530][info][gc,phases   ] GC(101)   Other: 0.2ms
[2025-12-18T08:23:16.142+0530][info][gc,heap     ] GC(101) Eden regions: 243->0(243)
[2025-12-18T08:23:16.142+0530][info][gc,heap     ] GC(101) Survivor regions: 1->1(28)
[2025-12-18T08:23:16.142+0530][info][gc,heap     ] GC(101) Old regions: 237->237
[2025-12-18T08:23:16.142+0530][info][gc,heap     ] GC(101) Humongous regions: 3->3
[2025-12-18T08:23:16.142+0530][info][gc,metaspace] GC(101) Metaspace: 4054K(4288K)->4054K(4288K) NonClass: 3669K(3776K)->3669K(3776K) Class: 385K(512K)->385K(512K)
[2025-12-18T08:23:16.142+0530][info][gc          ] GC(101) Pause Young (Concurrent Start) (G1 Evacuation Pause) 482M->239M(512M) 2.192ms
[2025-12-18T08:23:16.142+0530][info][gc,cpu      ] GC(101) User=0.00s Sys=0.00s Real=0.00s
[2025-12-18T08:23:16.142+0530][info][gc          ] GC(102) Concurrent Mark Cycle
[2025-12-18T08:23:16.144+0530][info][gc,marking  ] GC(102) Concurrent Scan Root Regions
[2025-12-18T08:23:16.144+0530][info][gc,marking  ] GC(102) Concurrent Scan Root Regions 0.240ms
[2025-12-18T08:23:16.144+0530][info][gc,marking  ] GC(102) Concurrent Mark
[2025-12-18T08:23:16.144+0530][info][gc,marking  ] GC(102) Concurrent Mark From Roots
[2025-12-18T08:23:16.144+0530][info][gc,task     ] GC(102) Using 2 workers of 2 for marking
[2025-12-18T08:23:16.240+0530][info][gc,marking  ] GC(102) Concurrent Mark From Roots 95.019ms
[2025-12-18T08:23:16.240+0530][info][gc,marking  ] GC(102) Concurrent Preclean
[2025-12-18T08:23:16.240+0530][info][gc,marking  ] GC(102) Concurrent Preclean 0.062ms
[2025-12-18T08:23:16.240+0530][info][gc,start    ] GC(102) Pause Remark
[2025-12-18T08:23:16.240+0530][info][gc          ] GC(102) Pause Remark 333M->333M(512M) 0.995ms
[2025-12-18T08:23:16.240+0530][info][gc,cpu      ] GC(102) User=0.00s Sys=0.00s Real=0.00s
[2025-12-18T08:23:16.242+0530][info][gc,marking  ] GC(102) Concurrent Mark 96.851ms
[2025-12-18T08:23:16.242+0530][info][gc,marking  ] GC(102) Concurrent Rebuild Remembered Sets and Scrub Regions
[2025-12-18T08:23:16.288+0530][info][gc,marking  ] GC(102) Concurrent Rebuild Remembered Sets and Scrub Regions 46.480ms
[2025-12-18T08:23:16.288+0530][info][gc,start    ] GC(102) Pause Cleanup
[2025-12-18T08:23:16.288+0530][info][gc          ] GC(102) Pause Cleanup 378M->378M(512M) 0.226ms
[2025-12-18T08:23:16.288+0530][info][gc,cpu      ] GC(102) User=0.00s Sys=0.00s Real=0.00s
[2025-12-18T08:23:16.289+0530][info][gc,marking  ] GC(102) Concurrent Clear Claimed Marks
[2025-12-18T08:23:16.289+0530][info][gc,marking  ] GC(102) Concurrent Clear Claimed Marks 0.067ms
[2025-12-18T08:23:16.289+0530][info][gc,marking  ] GC(102) Concurrent Cleanup for Next Mark
[2025-12-18T08:23:16.289+0530][info][gc,marking  ] GC(102) Concurrent Cleanup for Next Mark 0.738ms
[2025-12-18T08:23:16.289+0530][info][gc          ] GC(102) Concurrent Mark Cycle 146.123ms
[2025-12-18T08:23:16.367+0530][info][gc,start    ] GC(103) Pause Young (Normal) (G1 Evacuation Pause)
[2025-12-18T08:23:16.367+0530][info][gc,task     ] GC(103) Using 8 workers of 8 for evacuation
[2025-12-18T08:23:16.369+0530][info][gc,phases   ] GC(103)   Pre Evacuate Collection Set: 0.3ms
[2025-12-18T08:23:16.369+0530][info][gc,phases   ] GC(103)   Merge Heap Roots: 0.2ms
[2025-12-18T08:23:16.369+0530][info][gc,phases   ] GC(103)   Evacuate Collection Set: 0.6ms
[2025-12-18T08:23:16.369+0530][info][gc,phases   ] GC(103)   Post Evacuate Collection Set: 0.6ms
[2025-12-18T08:23:16.369+0530][info][gc,phases   ] GC(103)   Other: 0.2ms
[2025-12-18T08:23:16.369+0530][info][gc,heap     ] GC(103) Eden regions: 243->0(243)
[2025-12-18T08:23:16.369+0530][info][gc,heap     ] GC(103) Survivor regions: 1->1(28)
[2025-12-18T08:23:16.369+0530][info][gc,heap     ] GC(103) Old regions: 237->237
[2025-12-18T08:23:16.369+0530][info][gc,heap     ] GC(103) Humongous regions: 3->3
[2025-12-18T08:23:16.369+0530][info][gc,metaspace] GC(103) Metaspace: 4054K(4288K)->4054K(4288K) NonClass: 3669K(3776K)->3669K(3776K) Class: 385K(512K)->385K(512K)
[2025-12-18T08:23:16.369+0530][info][gc          ] GC(103) Pause Young (Normal) (G1 Evacuation Pause) 482M->239M(512M) 2.113ms
[2025-12-18T08:23:16.369+0530][info][gc,cpu      ] GC(103) User=0.00s Sys=0.00s Real=0.00s
[2025-12-18T08:23:16.557+0530][info][gc,start    ] GC(104) Pause Young (Concurrent Start) (G1 Evacuation Pause)
[2025-12-18T08:23:16.557+0530][info][gc,task     ] GC(104) Using 8 workers of 8 for evacuation
[2025-12-18T08:23:16.559+0530][info][gc,phases   ] GC(104)   Pre Evacuate Collection Set: 0.3ms
[2025-12-18T08:23:16.559+0530][info][gc,phases   ] GC(104)   Merge Heap Roots: 0.1ms
[2025-12-18T08:23:16.559+0530][info][gc,phases   ] GC(104)   Evacuate Collection Set: 0.7ms
[2025-12-18T08:23:16.559+0530][info][gc,phases   ] GC(104)   Post Evacuate Collection Set: 0.6ms
[2025-12-18T08:23:16.559+0530][info][gc,phases   ] GC(104)   Other: 0.2ms
[2025-12-18T08:23:16.559+0530][info][gc,heap     ] GC(104) Eden regions: 243->0(243)
[2025-12-18T08:23:16.559+0530][info][gc,heap     ] GC(104) Survivor regions: 1->1(28)
[2025-12-18T08:23:16.559+0530][info][gc,heap     ] GC(104) Old regions: 237->237
[2025-12-18T08:23:16.559+0530][info][gc,heap     ] GC(104) Humongous regions: 3->3
[2025-12-18T08:23:16.559+0530][info][gc,metaspace] GC(104) Metaspace: 4054K(4288K)->4054K(4288K) NonClass: 3669K(3776K)->3669K(3776K) Class: 385K(512K)->385K(512K)
[2025-12-18T08:23:16.559+0530][info][gc          ] GC(104) Pause Young (Concurrent Start) (G1 Evacuation Pause) 482M->239M(512M) 2.453ms
[2025-12-18T08:23:16.559+0530][info][gc,cpu      ] GC(104) User=0.00s Sys=0.00s Real=0.00s
[2025-12-18T08:23:16.559+0530][info][gc          ] GC(105) Concurrent Mark Cycle
[2025-12-18T08:23:16.559+0530][info][gc,marking  ] GC(105) Concurrent Scan Root Regions
[2025-12-18T08:23:16.559+0530][info][gc,marking  ] GC(105) Concurrent Scan Root Regions 0.221ms
[2025-12-18T08:23:16.559+0530][info][gc,marking  ] GC(105) Concurrent Mark
[2025-12-18T08:23:16.559+0530][info][gc,marking  ] GC(105) Concurrent Mark From Roots
[2025-12-18T08:23:16.559+0530][info][gc,task     ] GC(105) Using 2 workers of 2 for marking
[2025-12-18T08:23:16.655+0530][info][gc,marking  ] GC(105) Concurrent Mark From Roots 95.323ms
[2025-12-18T08:23:16.655+0530][info][gc,marking  ] GC(105) Concurrent Preclean
[2025-12-18T08:23:16.655+0530][info][gc,marking  ] GC(105) Concurrent Preclean 0.064ms
[2025-12-18T08:23:16.655+0530][info][gc,start    ] GC(105) Pause Remark
[2025-12-18T08:23:16.657+0530][info][gc          ] GC(105) Pause Remark 334M->334M(512M) 1.088ms
[2025-12-18T08:23:16.657+0530][info][gc,cpu      ] GC(105) User=0.00s Sys=0.00s Real=0.00s
[2025-12-18T08:23:16.657+0530][info][gc,marking  ] GC(105) Concurrent Mark 97.600ms
[2025-12-18T08:23:16.657+0530][info][gc,marking  ] GC(105) Concurrent Rebuild Remembered Sets and Scrub Regions
[2025-12-18T08:23:16.704+0530][info][gc,marking  ] GC(105) Concurrent Rebuild Remembered Sets and Scrub Regions 46.536ms
[2025-12-18T08:23:16.704+0530][info][gc,start    ] GC(105) Pause Cleanup
[2025-12-18T08:23:16.704+0530][info][gc          ] GC(105) Pause Cleanup 380M->380M(512M) 0.292ms
[2025-12-18T08:23:16.704+0530][info][gc,cpu      ] GC(105) User=0.00s Sys=0.00s Real=0.00s
[2025-12-18T08:23:16.706+0530][info][gc,marking  ] GC(105) Concurrent Clear Claimed Marks
[2025-12-18T08:23:16.706+0530][info][gc,marking  ] GC(105) Concurrent Clear Claimed Marks 0.064ms
[2025-12-18T08:23:16.706+0530][info][gc,marking  ] GC(105) Concurrent Cleanup for Next Mark
[2025-12-18T08:23:16.706+0530][info][gc,marking  ] GC(105) Concurrent Cleanup for Next Mark 0.734ms
[2025-12-18T08:23:16.706+0530][info][gc          ] GC(105) Concurrent Mark Cycle 147.459ms
[2025-12-18T08:23:16.782+0530][info][gc,start    ] GC(106) Pause Young (Normal) (G1 Evacuation Pause)
[2025-12-18T08:23:16.784+0530][info][gc,task     ] GC(106) Using 8 workers of 8 for evacuation
[2025-12-18T08:23:16.784+0530][info][gc,phases   ] GC(106)   Pre Evacuate Collection Set: 0.2ms
[2025-12-18T08:23:16.784+0530][info][gc,phases   ] GC(106)   Merge Heap Roots: 0.2ms
[2025-12-18T08:23:16.784+0530][info][gc,phases   ] GC(106)   Evacuate Collection Set: 0.5ms
[2025-12-18T08:23:16.784+0530][info][gc,phases   ] GC(106)   Post Evacuate Collection Set: 0.5ms
[2025-12-18T08:23:16.784+0530][info][gc,phases   ] GC(106)   Other: 0.2ms
[2025-12-18T08:23:16.784+0530][info][gc,heap     ] GC(106) Eden regions: 243->0(243)
[2025-12-18T08:23:16.784+0530][info][gc,heap     ] GC(106) Survivor regions: 1->1(28)
[2025-12-18T08:23:16.784+0530][info][gc,heap     ] GC(106) Old regions: 237->237
[2025-12-18T08:23:16.784+0530][info][gc,heap     ] GC(106) Humongous regions: 3->3
[2025-12-18T08:23:16.784+0530][info][gc,metaspace] GC(106) Metaspace: 4054K(4288K)->4054K(4288K) NonClass: 3669K(3776K)->3669K(3776K) Class: 385K(512K)->385K(512K)
[2025-12-18T08:23:16.784+0530][info][gc          ] GC(106) Pause Young (Normal) (G1 Evacuation Pause) 482M->239M(512M) 2.007ms
[2025-12-18T08:23:16.784+0530][info][gc,cpu      ] GC(106) User=0.00s Sys=0.00s Real=0.00s
[2025-12-18T08:23:16.969+0530][info][gc,start    ] GC(107) Pause Young (Concurrent Start) (G1 Evacuation Pause)
[2025-12-18T08:23:16.969+0530][info][gc,task     ] GC(107) Using 8 workers of 8 for evacuation
[2025-12-18T08:23:16.971+0530][info][gc,phases   ] GC(107)   Pre Evacuate Collection Set: 0.3ms
[2025-12-18T08:23:16.971+0530][info][gc,phases   ] GC(107)   Merge Heap Roots: 0.1ms
[2025-12-18T08:23:16.971+0530][info][gc,phases   ] GC(107)   Evacuate Collection Set: 0.6ms
[2025-12-18T08:23:16.971+0530][info][gc,phases   ] GC(107)   Post Evacuate Collection Set: 0.5ms
[2025-12-18T08:23:16.971+0530][info][gc,phases   ] GC(107)   Other: 0.2ms
[2025-12-18T08:23:16.971+0530][info][gc,heap     ] GC(107) Eden regions: 243->0(243)
[2025-12-18T08:23:16.971+0530][info][gc,heap     ] GC(107) Survivor regions: 1->1(28)
[2025-12-18T08:23:16.971+0530][info][gc,heap     ] GC(107) Old regions: 237->237
[2025-12-18T08:23:16.971+0530][info][gc,heap     ] GC(107) Humongous regions: 3->3
[2025-12-18T08:23:16.971+0530][info][gc,metaspace] GC(107) Metaspace: 4054K(4288K)->4054K(4288K) NonClass: 3669K(3776K)->3669K(3776K) Class: 385K(512K)->385K(512K)
[2025-12-18T08:23:16.971+0530][info][gc          ] GC(107) Pause Young (Concurrent Start) (G1 Evacuation Pause) 482M->239M(512M) 2.173ms
[2025-12-18T08:23:16.971+0530][info][gc,cpu      ] GC(107) User=0.00s Sys=0.00s Real=0.00s
[2025-12-18T08:23:16.971+0530][info][gc          ] GC(108) Concurrent Mark Cycle
[2025-12-18T08:23:16.971+0530][info][gc,marking  ] GC(108) Concurrent Scan Root Regions
[2025-12-18T08:23:16.971+0530][info][gc,marking  ] GC(108) Concurrent Scan Root Regions 0.231ms
[2025-12-18T08:23:16.971+0530][info][gc,marking  ] GC(108) Concurrent Mark
[2025-12-18T08:23:16.971+0530][info][gc,marking  ] GC(108) Concurrent Mark From Roots
[2025-12-18T08:23:16.971+0530][info][gc,task     ] GC(108) Using 2 workers of 2 for marking
[2025-12-18T08:23:17.067+0530][info][gc,marking  ] GC(108) Concurrent Mark From Roots 95.544ms
[2025-12-18T08:23:17.067+0530][info][gc,marking  ] GC(108) Concurrent Preclean
[2025-12-18T08:23:17.067+0530][info][gc,marking  ] GC(108) Concurrent Preclean 0.063ms
[2025-12-18T08:23:17.067+0530][info][gc,start    ] GC(108) Pause Remark
[2025-12-18T08:23:17.069+0530][info][gc          ] GC(108) Pause Remark 332M->332M(512M) 1.165ms
[2025-12-18T08:23:17.069+0530][info][gc,cpu      ] GC(108) User=0.00s Sys=0.00s Real=0.00s
[2025-12-18T08:23:17.071+0530][info][gc,marking  ] GC(108) Concurrent Mark 97.994ms
[2025-12-18T08:23:17.071+0530][info][gc,marking  ] GC(108) Concurrent Rebuild Remembered Sets and Scrub Regions
[2025-12-18T08:23:17.117+0530][info][gc,marking  ] GC(108) Concurrent Rebuild Remembered Sets and Scrub Regions 46.623ms
[2025-12-18T08:23:17.117+0530][info][gc,start    ] GC(108) Pause Cleanup
[2025-12-18T08:23:17.117+0530][info][gc          ] GC(108) Pause Cleanup 378M->378M(512M) 0.202ms
[2025-12-18T08:23:17.117+0530][info][gc,cpu      ] GC(108) User=0.00s Sys=0.00s Real=0.00s
[2025-12-18T08:23:17.117+0530][info][gc,marking  ] GC(108) Concurrent Clear Claimed Marks
[2025-12-18T08:23:17.117+0530][info][gc,marking  ] GC(108) Concurrent Clear Claimed Marks 0.060ms
[2025-12-18T08:23:17.117+0530][info][gc,marking  ] GC(108) Concurrent Cleanup for Next Mark
[2025-12-18T08:23:17.119+0530][info][gc,marking  ] GC(108) Concurrent Cleanup for Next Mark 0.770ms
[2025-12-18T08:23:17.119+0530][info][gc          ] GC(108) Concurrent Mark Cycle 147.031ms
[2025-12-18T08:23:17.196+0530][info][gc,start    ] GC(109) Pause Young (Normal) (G1 Evacuation Pause)
[2025-12-18T08:23:17.196+0530][info][gc,task     ] GC(109) Using 8 workers of 8 for evacuation
[2025-12-18T08:23:17.198+0530][info][gc,phases   ] GC(109)   Pre Evacuate Collection Set: 0.3ms
[2025-12-18T08:23:17.198+0530][info][gc,phases   ] GC(109)   Merge Heap Roots: 0.1ms
[2025-12-18T08:23:17.198+0530][info][gc,phases   ] GC(109)   Evacuate Collection Set: 0.4ms
[2025-12-18T08:23:17.198+0530][info][gc,phases   ] GC(109)   Post Evacuate Collection Set: 0.5ms
[2025-12-18T08:23:17.198+0530][info][gc,phases   ] GC(109)   Other: 0.1ms
[2025-12-18T08:23:17.198+0530][info][gc,heap     ] GC(109) Eden regions: 243->0(243)
[2025-12-18T08:23:17.198+0530][info][gc,heap     ] GC(109) Survivor regions: 1->1(28)
[2025-12-18T08:23:17.198+0530][info][gc,heap     ] GC(109) Old regions: 237->237
[2025-12-18T08:23:17.198+0530][info][gc,heap     ] GC(109) Humongous regions: 3->3
[2025-12-18T08:23:17.198+0530][info][gc,metaspace] GC(109) Metaspace: 4054K(4288K)->4054K(4288K) NonClass: 3669K(3776K)->3669K(3776K) Class: 385K(512K)->385K(512K)
[2025-12-18T08:23:17.198+0530][info][gc          ] GC(109) Pause Young (Normal) (G1 Evacuation Pause) 482M->239M(512M) 1.867ms
[2025-12-18T08:23:17.198+0530][info][gc,cpu      ] GC(109) User=0.00s Sys=0.00s Real=0.00s
[2025-12-18T08:23:17.375+0530][info][gc,start    ] GC(110) Pause Young (Concurrent Start) (G1 Evacuation Pause)
[2025-12-18T08:23:17.375+0530][info][gc,task     ] GC(110) Using 8 workers of 8 for evacuation
[2025-12-18T08:23:17.377+0530][info][gc,phases   ] GC(110)   Pre Evacuate Collection Set: 0.3ms
[2025-12-18T08:23:17.377+0530][info][gc,phases   ] GC(110)   Merge Heap Roots: 0.1ms
[2025-12-18T08:23:17.377+0530][info][gc,phases   ] GC(110)   Evacuate Collection Set: 0.6ms
[2025-12-18T08:23:17.377+0530][info][gc,phases   ] GC(110)   Post Evacuate Collection Set: 0.6ms
[2025-12-18T08:23:17.377+0530][info][gc,phases   ] GC(110)   Other: 0.2ms
[2025-12-18T08:23:17.377+0530][info][gc,heap     ] GC(110) Eden regions: 243->0(243)
[2025-12-18T08:23:17.377+0530][info][gc,heap     ] GC(110) Survivor regions: 1->1(28)
[2025-12-18T08:23:17.377+0530][info][gc,heap     ] GC(110) Old regions: 237->237
[2025-12-18T08:23:17.377+0530][info][gc,heap     ] GC(110) Humongous regions: 3->3
[2025-12-18T08:23:17.377+0530][info][gc,metaspace] GC(110) Metaspace: 4055K(4288K)->4055K(4288K) NonClass: 3670K(3776K)->3670K(3776K) Class: 385K(512K)->385K(512K)
[2025-12-18T08:23:17.377+0530][info][gc          ] GC(110) Pause Young (Concurrent Start) (G1 Evacuation Pause) 482M->239M(512M) 2.178ms
[2025-12-18T08:23:17.377+0530][info][gc,cpu      ] GC(110) User=0.00s Sys=0.00s Real=0.00s
[2025-12-18T08:23:17.377+0530][info][gc          ] GC(111) Concurrent Mark Cycle
[2025-12-18T08:23:17.377+0530][info][gc,marking  ] GC(111) Concurrent Scan Root Regions
[2025-12-18T08:23:17.377+0530][info][gc,marking  ] GC(111) Concurrent Scan Root Regions 0.229ms
[2025-12-18T08:23:17.377+0530][info][gc,marking  ] GC(111) Concurrent Mark
[2025-12-18T08:23:17.377+0530][info][gc,marking  ] GC(111) Concurrent Mark From Roots
[2025-12-18T08:23:17.377+0530][info][gc,task     ] GC(111) Using 2 workers of 2 for marking
[2025-12-18T08:23:17.473+0530][info][gc,marking  ] GC(111) Concurrent Mark From Roots 95.248ms
[2025-12-18T08:23:17.473+0530][info][gc,marking  ] GC(111) Concurrent Preclean
[2025-12-18T08:23:17.473+0530][info][gc,marking  ] GC(111) Concurrent Preclean 0.063ms
[2025-12-18T08:23:17.473+0530][info][gc,start    ] GC(111) Pause Remark
[2025-12-18T08:23:17.475+0530][info][gc          ] GC(111) Pause Remark 333M->333M(512M) 1.042ms
[2025-12-18T08:23:17.475+0530][info][gc,cpu      ] GC(111) User=0.00s Sys=0.00s Real=0.00s
[2025-12-18T08:23:17.475+0530][info][gc,marking  ] GC(111) Concurrent Mark 97.226ms
[2025-12-18T08:23:17.475+0530][info][gc,marking  ] GC(111) Concurrent Rebuild Remembered Sets and Scrub Regions
[2025-12-18T08:23:17.523+0530][info][gc,marking  ] GC(111) Concurrent Rebuild Remembered Sets and Scrub Regions 47.232ms
[2025-12-18T08:23:17.523+0530][info][gc,start    ] GC(111) Pause Cleanup
[2025-12-18T08:23:17.523+0530][info][gc          ] GC(111) Pause Cleanup 376M->376M(512M) 0.283ms
[2025-12-18T08:23:17.524+0530][info][gc,cpu      ] GC(111) User=0.00s Sys=0.00s Real=0.00s
[2025-12-18T08:23:17.524+0530][info][gc,marking  ] GC(111) Concurrent Clear Claimed Marks
[2025-12-18T08:23:17.524+0530][info][gc,marking  ] GC(111) Concurrent Clear Claimed Marks 0.080ms
[2025-12-18T08:23:17.524+0530][info][gc,marking  ] GC(111) Concurrent Cleanup for Next Mark
[2025-12-18T08:23:17.526+0530][info][gc,marking  ] GC(111) Concurrent Cleanup for Next Mark 0.964ms
[2025-12-18T08:23:17.526+0530][info][gc          ] GC(111) Concurrent Mark Cycle 147.911ms
[2025-12-18T08:23:17.604+0530][info][gc,start    ] GC(112) Pause Young (Normal) (G1 Evacuation Pause)
[2025-12-18T08:23:17.604+0530][info][gc,task     ] GC(112) Using 8 workers of 8 for evacuation
[2025-12-18T08:23:17.606+0530][info][gc,phases   ] GC(112)   Pre Evacuate Collection Set: 0.3ms
[2025-12-18T08:23:17.606+0530][info][gc,phases   ] GC(112)   Merge Heap Roots: 0.2ms
[2025-12-18T08:23:17.606+0530][info][gc,phases   ] GC(112)   Evacuate Collection Set: 0.5ms
[2025-12-18T08:23:17.606+0530][info][gc,phases   ] GC(112)   Post Evacuate Collection Set: 0.5ms
[2025-12-18T08:23:17.606+0530][info][gc,phases   ] GC(112)   Other: 0.1ms
[2025-12-18T08:23:17.606+0530][info][gc,heap     ] GC(112) Eden regions: 243->0(243)
[2025-12-18T08:23:17.606+0530][info][gc,heap     ] GC(112) Survivor regions: 1->1(28)
[2025-12-18T08:23:17.606+0530][info][gc,heap     ] GC(112) Old regions: 237->237
[2025-12-18T08:23:17.606+0530][info][gc,heap     ] GC(112) Humongous regions: 3->3
[2025-12-18T08:23:17.606+0530][info][gc,metaspace] GC(112) Metaspace: 4055K(4288K)->4055K(4288K) NonClass: 3670K(3776K)->3670K(3776K) Class: 385K(512K)->385K(512K)
[2025-12-18T08:23:17.606+0530][info][gc          ] GC(112) Pause Young (Normal) (G1 Evacuation Pause) 482M->239M(512M) 1.962ms
[2025-12-18T08:23:17.606+0530][info][gc,cpu      ] GC(112) User=0.00s Sys=0.00s Real=0.00s
[2025-12-18T08:23:17.791+0530][info][gc,start    ] GC(113) Pause Young (Concurrent Start) (G1 Evacuation Pause)
[2025-12-18T08:23:17.791+0530][info][gc,task     ] GC(113) Using 8 workers of 8 for evacuation
[2025-12-18T08:23:17.793+0530][info][gc,phases   ] GC(113)   Pre Evacuate Collection Set: 0.3ms
[2025-12-18T08:23:17.793+0530][info][gc,phases   ] GC(113)   Merge Heap Roots: 0.1ms
[2025-12-18T08:23:17.793+0530][info][gc,phases   ] GC(113)   Evacuate Collection Set: 0.7ms
[2025-12-18T08:23:17.793+0530][info][gc,phases   ] GC(113)   Post Evacuate Collection Set: 0.6ms
[2025-12-18T08:23:17.793+0530][info][gc,phases   ] GC(113)   Other: 0.2ms
[2025-12-18T08:23:17.793+0530][info][gc,heap     ] GC(113) Eden regions: 243->0(243)
[2025-12-18T08:23:17.793+0530][info][gc,heap     ] GC(113) Survivor regions: 1->1(28)
[2025-12-18T08:23:17.793+0530][info][gc,heap     ] GC(113) Old regions: 237->237
[2025-12-18T08:23:17.793+0530][info][gc,heap     ] GC(113) Humongous regions: 3->3
[2025-12-18T08:23:17.793+0530][info][gc,metaspace] GC(113) Metaspace: 4055K(4288K)->4055K(4288K) NonClass: 3670K(3776K)->3670K(3776K) Class: 385K(512K)->385K(512K)
[2025-12-18T08:23:17.793+0530][info][gc          ] GC(113) Pause Young (Concurrent Start) (G1 Evacuation Pause) 482M->239M(512M) 2.356ms
[2025-12-18T08:23:17.793+0530][info][gc,cpu      ] GC(113) User=0.00s Sys=0.00s Real=0.00s
[2025-12-18T08:23:17.793+0530][info][gc          ] GC(114) Concurrent Mark Cycle
[2025-12-18T08:23:17.793+0530][info][gc,marking  ] GC(114) Concurrent Scan Root Regions
[2025-12-18T08:23:17.793+0530][info][gc,marking  ] GC(114) Concurrent Scan Root Regions 0.245ms
[2025-12-18T08:23:17.793+0530][info][gc,marking  ] GC(114) Concurrent Mark
[2025-12-18T08:23:17.793+0530][info][gc,marking  ] GC(114) Concurrent Mark From Roots
[2025-12-18T08:23:17.793+0530][info][gc,task     ] GC(114) Using 2 workers of 2 for marking
[2025-12-18T08:23:17.887+0530][info][gc,marking  ] GC(114) Concurrent Mark From Roots 94.336ms
[2025-12-18T08:23:17.887+0530][info][gc,marking  ] GC(114) Concurrent Preclean
[2025-12-18T08:23:17.887+0530][info][gc,marking  ] GC(114) Concurrent Preclean 0.063ms
[2025-12-18T08:23:17.887+0530][info][gc,start    ] GC(114) Pause Remark
[2025-12-18T08:23:17.889+0530][info][gc          ] GC(114) Pause Remark 335M->335M(512M) 1.251ms
[2025-12-18T08:23:17.889+0530][info][gc,cpu      ] GC(114) User=0.00s Sys=0.00s Real=0.00s
[2025-12-18T08:23:17.889+0530][info][gc,marking  ] GC(114) Concurrent Mark 96.313ms
[2025-12-18T08:23:17.889+0530][info][gc,marking  ] GC(114) Concurrent Rebuild Remembered Sets and Scrub Regions
[2025-12-18T08:23:17.936+0530][info][gc,marking  ] GC(114) Concurrent Rebuild Remembered Sets and Scrub Regions 46.321ms
[2025-12-18T08:23:17.936+0530][info][gc,start    ] GC(114) Pause Cleanup
[2025-12-18T08:23:17.936+0530][info][gc          ] GC(114) Pause Cleanup 380M->380M(512M) 0.295ms
[2025-12-18T08:23:17.936+0530][info][gc,cpu      ] GC(114) User=0.00s Sys=0.00s Real=0.00s
[2025-12-18T08:23:17.938+0530][info][gc,marking  ] GC(114) Concurrent Clear Claimed Marks
[2025-12-18T08:23:17.938+0530][info][gc,marking  ] GC(114) Concurrent Clear Claimed Marks 0.064ms
[2025-12-18T08:23:17.938+0530][info][gc,marking  ] GC(114) Concurrent Cleanup for Next Mark
[2025-12-18T08:23:17.938+0530][info][gc,marking  ] GC(114) Concurrent Cleanup for Next Mark 0.733ms
[2025-12-18T08:23:17.938+0530][info][gc          ] GC(114) Concurrent Mark Cycle 145.507ms
[2025-12-18T08:23:18.014+0530][info][gc,start    ] GC(115) Pause Young (Normal) (G1 Evacuation Pause)
[2025-12-18T08:23:18.014+0530][info][gc,task     ] GC(115) Using 8 workers of 8 for evacuation
[2025-12-18T08:23:18.016+0530][info][gc,phases   ] GC(115)   Pre Evacuate Collection Set: 0.3ms
[2025-12-18T08:23:18.016+0530][info][gc,phases   ] GC(115)   Merge Heap Roots: 0.2ms
[2025-12-18T08:23:18.016+0530][info][gc,phases   ] GC(115)   Evacuate Collection Set: 0.5ms
[2025-12-18T08:23:18.016+0530][info][gc,phases   ] GC(115)   Post Evacuate Collection Set: 0.5ms
[2025-12-18T08:23:18.016+0530][info][gc,phases   ] GC(115)   Other: 0.1ms
[2025-12-18T08:23:18.016+0530][info][gc,heap     ] GC(115) Eden regions: 243->0(243)
[2025-12-18T08:23:18.016+0530][info][gc,heap     ] GC(115) Survivor regions: 1->1(28)
[2025-12-18T08:23:18.016+0530][info][gc,heap     ] GC(115) Old regions: 237->237
[2025-12-18T08:23:18.016+0530][info][gc,heap     ] GC(115) Humongous regions: 3->3
[2025-12-18T08:23:18.016+0530][info][gc,metaspace] GC(115) Metaspace: 4055K(4288K)->4055K(4288K) NonClass: 3670K(3776K)->3670K(3776K) Class: 385K(512K)->385K(512K)
[2025-12-18T08:23:18.016+0530][info][gc          ] GC(115) Pause Young (Normal) (G1 Evacuation Pause) 482M->239M(512M) 1.976ms
[2025-12-18T08:23:18.016+0530][info][gc,cpu      ] GC(115) User=0.00s Sys=0.00s Real=0.00s
[2025-12-18T08:23:18.204+0530][info][gc,start    ] GC(116) Pause Young (Concurrent Start) (G1 Evacuation Pause)
[2025-12-18T08:23:18.204+0530][info][gc,task     ] GC(116) Using 8 workers of 8 for evacuation
[2025-12-18T08:23:18.206+0530][info][gc,phases   ] GC(116)   Pre Evacuate Collection Set: 0.3ms
[2025-12-18T08:23:18.206+0530][info][gc,phases   ] GC(116)   Merge Heap Roots: 0.1ms
[2025-12-18T08:23:18.206+0530][info][gc,phases   ] GC(116)   Evacuate Collection Set: 0.6ms
[2025-12-18T08:23:18.206+0530][info][gc,phases   ] GC(116)   Post Evacuate Collection Set: 0.6ms
[2025-12-18T08:23:18.206+0530][info][gc,phases   ] GC(116)   Other: 0.2ms
[2025-12-18T08:23:18.206+0530][info][gc,heap     ] GC(116) Eden regions: 243->0(243)
[2025-12-18T08:23:18.206+0530][info][gc,heap     ] GC(116) Survivor regions: 1->1(28)
[2025-12-18T08:23:18.206+0530][info][gc,heap     ] GC(116) Old regions: 237->237
[2025-12-18T08:23:18.206+0530][info][gc,heap     ] GC(116) Humongous regions: 3->3
[2025-12-18T08:23:18.206+0530][info][gc,metaspace] GC(116) Metaspace: 4055K(4288K)->4055K(4288K) NonClass: 3670K(3776K)->3670K(3776K) Class: 385K(512K)->385K(512K)
[2025-12-18T08:23:18.206+0530][info][gc          ] GC(116) Pause Young (Concurrent Start) (G1 Evacuation Pause) 482M->239M(512M) 2.268ms
[2025-12-18T08:23:18.206+0530][info][gc,cpu      ] GC(116) User=0.00s Sys=0.00s Real=0.00s
[2025-12-18T08:23:18.206+0530][info][gc          ] GC(117) Concurrent Mark Cycle
[2025-12-18T08:23:18.206+0530][info][gc,marking  ] GC(117) Concurrent Scan Root Regions
[2025-12-18T08:23:18.206+0530][info][gc,marking  ] GC(117) Concurrent Scan Root Regions 0.229ms
[2025-12-18T08:23:18.206+0530][info][gc,marking  ] GC(117) Concurrent Mark
[2025-12-18T08:23:18.206+0530][info][gc,marking  ] GC(117) Concurrent Mark From Roots
[2025-12-18T08:23:18.206+0530][info][gc,task     ] GC(117) Using 2 workers of 2 for marking
[2025-12-18T08:23:18.300+0530][info][gc,marking  ] GC(117) Concurrent Mark From Roots 94.690ms
[2025-12-18T08:23:18.300+0530][info][gc,marking  ] GC(117) Concurrent Preclean
[2025-12-18T08:23:18.300+0530][info][gc,marking  ] GC(117) Concurrent Preclean 0.071ms
[2025-12-18T08:23:18.302+0530][info][gc,start    ] GC(117) Pause Remark
[2025-12-18T08:23:18.302+0530][info][gc          ] GC(117) Pause Remark 332M->332M(512M) 1.207ms
[2025-12-18T08:23:18.302+0530][info][gc,cpu      ] GC(117) User=0.00s Sys=0.00s Real=0.00s
[2025-12-18T08:23:18.302+0530][info][gc,marking  ] GC(117) Concurrent Mark 97.014ms
[2025-12-18T08:23:18.302+0530][info][gc,marking  ] GC(117) Concurrent Rebuild Remembered Sets and Scrub Regions
[2025-12-18T08:23:18.348+0530][info][gc,marking  ] GC(117) Concurrent Rebuild Remembered Sets and Scrub Regions 46.434ms
[2025-12-18T08:23:18.350+0530][info][gc,start    ] GC(117) Pause Cleanup
[2025-12-18T08:23:18.350+0530][info][gc          ] GC(117) Pause Cleanup 376M->376M(512M) 0.243ms
[2025-12-18T08:23:18.350+0530][info][gc,cpu      ] GC(117) User=0.00s Sys=0.00s Real=0.00s
[2025-12-18T08:23:18.350+0530][info][gc,marking  ] GC(117) Concurrent Clear Claimed Marks
[2025-12-18T08:23:18.350+0530][info][gc,marking  ] GC(117) Concurrent Clear Claimed Marks 0.069ms
[2025-12-18T08:23:18.350+0530][info][gc,marking  ] GC(117) Concurrent Cleanup for Next Mark
[2025-12-18T08:23:18.352+0530][info][gc,marking  ] GC(117) Concurrent Cleanup for Next Mark 0.738ms
[2025-12-18T08:23:18.352+0530][info][gc          ] GC(117) Concurrent Mark Cycle 145.812ms
[2025-12-18T08:23:18.440+0530][info][gc,start    ] GC(118) Pause Young (Normal) (G1 Evacuation Pause)
[2025-12-18T08:23:18.440+0530][info][gc,task     ] GC(118) Using 8 workers of 8 for evacuation
[2025-12-18T08:23:18.442+0530][info][gc,phases   ] GC(118)   Pre Evacuate Collection Set: 0.2ms
[2025-12-18T08:23:18.442+0530][info][gc,phases   ] GC(118)   Merge Heap Roots: 0.1ms
[2025-12-18T08:23:18.442+0530][info][gc,phases   ] GC(118)   Evacuate Collection Set: 0.5ms
[2025-12-18T08:23:18.442+0530][info][gc,phases   ] GC(118)   Post Evacuate Collection Set: 0.6ms
[2025-12-18T08:23:18.442+0530][info][gc,phases   ] GC(118)   Other: 0.2ms
[2025-12-18T08:23:18.442+0530][info][gc,heap     ] GC(118) Eden regions: 243->0(243)
[2025-12-18T08:23:18.442+0530][info][gc,heap     ] GC(118) Survivor regions: 1->1(28)
[2025-12-18T08:23:18.442+0530][info][gc,heap     ] GC(118) Old regions: 237->237
[2025-12-18T08:23:18.442+0530][info][gc,heap     ] GC(118) Humongous regions: 3->3
[2025-12-18T08:23:18.442+0530][info][gc,metaspace] GC(118) Metaspace: 4055K(4288K)->4055K(4288K) NonClass: 3670K(3776K)->3670K(3776K) Class: 385K(512K)->385K(512K)
[2025-12-18T08:23:18.442+0530][info][gc          ] GC(118) Pause Young (Normal) (G1 Evacuation Pause) 482M->239M(512M) 1.940ms
[2025-12-18T08:23:18.442+0530][info][gc,cpu      ] GC(118) User=0.00s Sys=0.00s Real=0.00s
[2025-12-18T08:23:18.630+0530][info][gc,start    ] GC(119) Pause Young (Concurrent Start) (G1 Evacuation Pause)
[2025-12-18T08:23:18.630+0530][info][gc,task     ] GC(119) Using 8 workers of 8 for evacuation
[2025-12-18T08:23:18.632+0530][info][gc,phases   ] GC(119)   Pre Evacuate Collection Set: 0.4ms
[2025-12-18T08:23:18.632+0530][info][gc,phases   ] GC(119)   Merge Heap Roots: 0.2ms
[2025-12-18T08:23:18.632+0530][info][gc,phases   ] GC(119)   Evacuate Collection Set: 0.7ms
[2025-12-18T08:23:18.632+0530][info][gc,phases   ] GC(119)   Post Evacuate Collection Set: 0.5ms
[2025-12-18T08:23:18.632+0530][info][gc,phases   ] GC(119)   Other: 0.2ms
[2025-12-18T08:23:18.632+0530][info][gc,heap     ] GC(119) Eden regions: 243->0(243)
[2025-12-18T08:23:18.632+0530][info][gc,heap     ] GC(119) Survivor regions: 1->1(28)
[2025-12-18T08:23:18.632+0530][info][gc,heap     ] GC(119) Old regions: 237->237
[2025-12-18T08:23:18.632+0530][info][gc,heap     ] GC(119) Humongous regions: 3->3
[2025-12-18T08:23:18.632+0530][info][gc,metaspace] GC(119) Metaspace: 4055K(4288K)->4055K(4288K) NonClass: 3670K(3776K)->3670K(3776K) Class: 385K(512K)->385K(512K)
[2025-12-18T08:23:18.632+0530][info][gc          ] GC(119) Pause Young (Concurrent Start) (G1 Evacuation Pause) 482M->239M(512M) 2.322ms
[2025-12-18T08:23:18.634+0530][info][gc,cpu      ] GC(119) User=0.02s Sys=0.00s Real=0.00s
[2025-12-18T08:23:18.634+0530][info][gc          ] GC(120) Concurrent Mark Cycle
[2025-12-18T08:23:18.634+0530][info][gc,marking  ] GC(120) Concurrent Scan Root Regions
[2025-12-18T08:23:18.634+0530][info][gc,marking  ] GC(120) Concurrent Scan Root Regions 0.250ms
[2025-12-18T08:23:18.634+0530][info][gc,marking  ] GC(120) Concurrent Mark
[2025-12-18T08:23:18.634+0530][info][gc,marking  ] GC(120) Concurrent Mark From Roots
[2025-12-18T08:23:18.634+0530][info][gc,task     ] GC(120) Using 2 workers of 2 for marking
[2025-12-18T08:23:18.730+0530][info][gc,marking  ] GC(120) Concurrent Mark From Roots 96.848ms
[2025-12-18T08:23:18.730+0530][info][gc,marking  ] GC(120) Concurrent Preclean
[2025-12-18T08:23:18.730+0530][info][gc,marking  ] GC(120) Concurrent Preclean 0.062ms
[2025-12-18T08:23:18.730+0530][info][gc,start    ] GC(120) Pause Remark
[2025-12-18T08:23:18.732+0530][info][gc          ] GC(120) Pause Remark 333M->333M(512M) 1.286ms
[2025-12-18T08:23:18.732+0530][info][gc,cpu      ] GC(120) User=0.00s Sys=0.00s Real=0.00s
[2025-12-18T08:23:18.734+0530][info][gc,marking  ] GC(120) Concurrent Mark 100.678ms
[2025-12-18T08:23:18.734+0530][info][gc,marking  ] GC(120) Concurrent Rebuild Remembered Sets and Scrub Regions
[2025-12-18T08:23:18.782+0530][info][gc,marking  ] GC(120) Concurrent Rebuild Remembered Sets and Scrub Regions 46.593ms
[2025-12-18T08:23:18.782+0530][info][gc,start    ] GC(120) Pause Cleanup
[2025-12-18T08:23:18.782+0530][info][gc          ] GC(120) Pause Cleanup 378M->378M(512M) 0.243ms
[2025-12-18T08:23:18.782+0530][info][gc,cpu      ] GC(120) User=0.00s Sys=0.00s Real=0.00s
[2025-12-18T08:23:18.782+0530][info][gc,marking  ] GC(120) Concurrent Clear Claimed Marks
[2025-12-18T08:23:18.782+0530][info][gc,marking  ] GC(120) Concurrent Clear Claimed Marks 0.071ms
[2025-12-18T08:23:18.784+0530][info][gc,marking  ] GC(120) Concurrent Cleanup for Next Mark
[2025-12-18T08:23:18.784+0530][info][gc,marking  ] GC(120) Concurrent Cleanup for Next Mark 0.756ms
[2025-12-18T08:23:18.784+0530][info][gc          ] GC(120) Concurrent Mark Cycle 150.225ms
[2025-12-18T08:23:18.860+0530][info][gc,start    ] GC(121) Pause Young (Normal) (G1 Evacuation Pause)
[2025-12-18T08:23:18.862+0530][info][gc,task     ] GC(121) Using 8 workers of 8 for evacuation
[2025-12-18T08:23:18.862+0530][info][gc,phases   ] GC(121)   Pre Evacuate Collection Set: 0.2ms
[2025-12-18T08:23:18.862+0530][info][gc,phases   ] GC(121)   Merge Heap Roots: 0.1ms
[2025-12-18T08:23:18.862+0530][info][gc,phases   ] GC(121)   Evacuate Collection Set: 0.4ms
[2025-12-18T08:23:18.862+0530][info][gc,phases   ] GC(121)   Post Evacuate Collection Set: 0.6ms
[2025-12-18T08:23:18.862+0530][info][gc,phases   ] GC(121)   Other: 0.1ms
[2025-12-18T08:23:18.862+0530][info][gc,heap     ] GC(121) Eden regions: 243->0(243)
[2025-12-18T08:23:18.862+0530][info][gc,heap     ] GC(121) Survivor regions: 1->1(28)
[2025-12-18T08:23:18.862+0530][info][gc,heap     ] GC(121) Old regions: 237->237
[2025-12-18T08:23:18.862+0530][info][gc,heap     ] GC(121) Humongous regions: 3->3
[2025-12-18T08:23:18.862+0530][info][gc,metaspace] GC(121) Metaspace: 4055K(4288K)->4055K(4288K) NonClass: 3670K(3776K)->3670K(3776K) Class: 385K(512K)->385K(512K)
[2025-12-18T08:23:18.862+0530][info][gc          ] GC(121) Pause Young (Normal) (G1 Evacuation Pause) 482M->239M(512M) 1.798ms
[2025-12-18T08:23:18.862+0530][info][gc,cpu      ] GC(121) User=0.00s Sys=0.00s Real=0.00s
[2025-12-18T08:23:19.047+0530][info][gc,start    ] GC(122) Pause Young (Concurrent Start) (G1 Evacuation Pause)
[2025-12-18T08:23:19.047+0530][info][gc,task     ] GC(122) Using 8 workers of 8 for evacuation
[2025-12-18T08:23:19.049+0530][info][gc,phases   ] GC(122)   Pre Evacuate Collection Set: 0.3ms
[2025-12-18T08:23:19.049+0530][info][gc,phases   ] GC(122)   Merge Heap Roots: 0.1ms
[2025-12-18T08:23:19.049+0530][info][gc,phases   ] GC(122)   Evacuate Collection Set: 0.7ms
[2025-12-18T08:23:19.049+0530][info][gc,phases   ] GC(122)   Post Evacuate Collection Set: 0.6ms
[2025-12-18T08:23:19.049+0530][info][gc,phases   ] GC(122)   Other: 0.2ms
[2025-12-18T08:23:19.049+0530][info][gc,heap     ] GC(122) Eden regions: 243->0(243)
[2025-12-18T08:23:19.049+0530][info][gc,heap     ] GC(122) Survivor regions: 1->1(28)
[2025-12-18T08:23:19.049+0530][info][gc,heap     ] GC(122) Old regions: 237->237
[2025-12-18T08:23:19.049+0530][info][gc,heap     ] GC(122) Humongous regions: 3->3
[2025-12-18T08:23:19.049+0530][info][gc,metaspace] GC(122) Metaspace: 4055K(4288K)->4055K(4288K) NonClass: 3670K(3776K)->3670K(3776K) Class: 385K(512K)->385K(512K)
[2025-12-18T08:23:19.049+0530][info][gc          ] GC(122) Pause Young (Concurrent Start) (G1 Evacuation Pause) 482M->239M(512M) 2.482ms
[2025-12-18T08:23:19.049+0530][info][gc,cpu      ] GC(122) User=0.00s Sys=0.00s Real=0.00s
[2025-12-18T08:23:19.049+0530][info][gc          ] GC(123) Concurrent Mark Cycle
[2025-12-18T08:23:19.049+0530][info][gc,marking  ] GC(123) Concurrent Scan Root Regions
[2025-12-18T08:23:19.049+0530][info][gc,marking  ] GC(123) Concurrent Scan Root Regions 0.241ms
[2025-12-18T08:23:19.049+0530][info][gc,marking  ] GC(123) Concurrent Mark
[2025-12-18T08:23:19.049+0530][info][gc,marking  ] GC(123) Concurrent Mark From Roots
[2025-12-18T08:23:19.049+0530][info][gc,task     ] GC(123) Using 2 workers of 2 for marking
[2025-12-18T08:23:19.145+0530][info][gc,marking  ] GC(123) Concurrent Mark From Roots 94.456ms
[2025-12-18T08:23:19.145+0530][info][gc,marking  ] GC(123) Concurrent Preclean
[2025-12-18T08:23:19.145+0530][info][gc,marking  ] GC(123) Concurrent Preclean 0.064ms
[2025-12-18T08:23:19.145+0530][info][gc,start    ] GC(123) Pause Remark
[2025-12-18T08:23:19.145+0530][info][gc          ] GC(123) Pause Remark 333M->333M(512M) 1.181ms
[2025-12-18T08:23:19.145+0530][info][gc,cpu      ] GC(123) User=0.00s Sys=0.00s Real=0.00s
[2025-12-18T08:23:19.145+0530][info][gc,marking  ] GC(123) Concurrent Mark 96.200ms
[2025-12-18T08:23:19.145+0530][info][gc,marking  ] GC(123) Concurrent Rebuild Remembered Sets and Scrub Regions
[2025-12-18T08:23:19.194+0530][info][gc,marking  ] GC(123) Concurrent Rebuild Remembered Sets and Scrub Regions 47.192ms
[2025-12-18T08:23:19.194+0530][info][gc,start    ] GC(123) Pause Cleanup
[2025-12-18T08:23:19.194+0530][info][gc          ] GC(123) Pause Cleanup 377M->377M(512M) 0.260ms
[2025-12-18T08:23:19.194+0530][info][gc,cpu      ] GC(123) User=0.00s Sys=0.00s Real=0.00s
[2025-12-18T08:23:19.194+0530][info][gc,marking  ] GC(123) Concurrent Clear Claimed Marks
[2025-12-18T08:23:19.194+0530][info][gc,marking  ] GC(123) Concurrent Clear Claimed Marks 0.072ms
[2025-12-18T08:23:19.194+0530][info][gc,marking  ] GC(123) Concurrent Cleanup for Next Mark
[2025-12-18T08:23:19.196+0530][info][gc,marking  ] GC(123) Concurrent Cleanup for Next Mark 0.845ms
[2025-12-18T08:23:19.196+0530][info][gc          ] GC(123) Concurrent Mark Cycle 145.992ms
[2025-12-18T08:23:19.278+0530][info][gc,start    ] GC(124) Pause Young (Normal) (G1 Evacuation Pause)
[2025-12-18T08:23:19.278+0530][info][gc,task     ] GC(124) Using 8 workers of 8 for evacuation
[2025-12-18T08:23:19.278+0530][info][gc,phases   ] GC(124)   Pre Evacuate Collection Set: 0.3ms
[2025-12-18T08:23:19.278+0530][info][gc,phases   ] GC(124)   Merge Heap Roots: 0.2ms
[2025-12-18T08:23:19.278+0530][info][gc,phases   ] GC(124)   Evacuate Collection Set: 0.4ms
[2025-12-18T08:23:19.278+0530][info][gc,phases   ] GC(124)   Post Evacuate Collection Set: 0.6ms
[2025-12-18T08:23:19.280+0530][info][gc,phases   ] GC(124)   Other: 0.2ms
[2025-12-18T08:23:19.280+0530][info][gc,heap     ] GC(124) Eden regions: 243->0(243)
[2025-12-18T08:23:19.280+0530][info][gc,heap     ] GC(124) Survivor regions: 1->1(28)
[2025-12-18T08:23:19.280+0530][info][gc,heap     ] GC(124) Old regions: 237->237
[2025-12-18T08:23:19.280+0530][info][gc,heap     ] GC(124) Humongous regions: 3->3
[2025-12-18T08:23:19.280+0530][info][gc,metaspace] GC(124) Metaspace: 4055K(4288K)->4055K(4288K) NonClass: 3670K(3776K)->3670K(3776K) Class: 385K(512K)->385K(512K)
[2025-12-18T08:23:19.280+0530][info][gc          ] GC(124) Pause Young (Normal) (G1 Evacuation Pause) 482M->239M(512M) 2.100ms
[2025-12-18T08:23:19.280+0530][info][gc,cpu      ] GC(124) User=0.00s Sys=0.00s Real=0.00s
[2025-12-18T08:23:19.461+0530][info][gc,start    ] GC(125) Pause Young (Concurrent Start) (G1 Evacuation Pause)
[2025-12-18T08:23:19.461+0530][info][gc,task     ] GC(125) Using 8 workers of 8 for evacuation
[2025-12-18T08:23:19.463+0530][info][gc,phases   ] GC(125)   Pre Evacuate Collection Set: 0.3ms
[2025-12-18T08:23:19.463+0530][info][gc,phases   ] GC(125)   Merge Heap Roots: 0.1ms
[2025-12-18T08:23:19.463+0530][info][gc,phases   ] GC(125)   Evacuate Collection Set: 0.7ms
[2025-12-18T08:23:19.463+0530][info][gc,phases   ] GC(125)   Post Evacuate Collection Set: 0.5ms
[2025-12-18T08:23:19.463+0530][info][gc,phases   ] GC(125)   Other: 0.2ms
[2025-12-18T08:23:19.463+0530][info][gc,heap     ] GC(125) Eden regions: 243->0(243)
[2025-12-18T08:23:19.463+0530][info][gc,heap     ] GC(125) Survivor regions: 1->1(28)
[2025-12-18T08:23:19.463+0530][info][gc,heap     ] GC(125) Old regions: 237->237
[2025-12-18T08:23:19.463+0530][info][gc,heap     ] GC(125) Humongous regions: 3->3
[2025-12-18T08:23:19.463+0530][info][gc,metaspace] GC(125) Metaspace: 4055K(4288K)->4055K(4288K) NonClass: 3670K(3776K)->3670K(3776K) Class: 385K(512K)->385K(512K)
[2025-12-18T08:23:19.463+0530][info][gc          ] GC(125) Pause Young (Concurrent Start) (G1 Evacuation Pause) 482M->239M(512M) 2.153ms
[2025-12-18T08:23:19.463+0530][info][gc,cpu      ] GC(125) User=0.00s Sys=0.00s Real=0.00s
[2025-12-18T08:23:19.463+0530][info][gc          ] GC(126) Concurrent Mark Cycle
[2025-12-18T08:23:19.463+0530][info][gc,marking  ] GC(126) Concurrent Scan Root Regions
[2025-12-18T08:23:19.463+0530][info][gc,marking  ] GC(126) Concurrent Scan Root Regions 0.252ms
[2025-12-18T08:23:19.463+0530][info][gc,marking  ] GC(126) Concurrent Mark
[2025-12-18T08:23:19.463+0530][info][gc,marking  ] GC(126) Concurrent Mark From Roots
[2025-12-18T08:23:19.463+0530][info][gc,task     ] GC(126) Using 2 workers of 2 for marking
[2025-12-18T08:23:19.559+0530][info][gc,marking  ] GC(126) Concurrent Mark From Roots 94.618ms
[2025-12-18T08:23:19.559+0530][info][gc,marking  ] GC(126) Concurrent Preclean
[2025-12-18T08:23:19.559+0530][info][gc,marking  ] GC(126) Concurrent Preclean 0.061ms
[2025-12-18T08:23:19.559+0530][info][gc,start    ] GC(126) Pause Remark
[2025-12-18T08:23:19.561+0530][info][gc          ] GC(126) Pause Remark 332M->332M(512M) 1.256ms
[2025-12-18T08:23:19.561+0530][info][gc,cpu      ] GC(126) User=0.00s Sys=0.00s Real=0.00s
[2025-12-18T08:23:19.561+0530][info][gc,marking  ] GC(126) Concurrent Mark 97.020ms
[2025-12-18T08:23:19.561+0530][info][gc,marking  ] GC(126) Concurrent Rebuild Remembered Sets and Scrub Regions
[2025-12-18T08:23:19.608+0530][info][gc,marking  ] GC(126) Concurrent Rebuild Remembered Sets and Scrub Regions 46.457ms
[2025-12-18T08:23:19.608+0530][info][gc,start    ] GC(126) Pause Cleanup
[2025-12-18T08:23:19.608+0530][info][gc          ] GC(126) Pause Cleanup 377M->377M(512M) 0.206ms
[2025-12-18T08:23:19.608+0530][info][gc,cpu      ] GC(126) User=0.00s Sys=0.00s Real=0.00s
[2025-12-18T08:23:19.608+0530][info][gc,marking  ] GC(126) Concurrent Clear Claimed Marks
[2025-12-18T08:23:19.608+0530][info][gc,marking  ] GC(126) Concurrent Clear Claimed Marks 0.060ms
[2025-12-18T08:23:19.608+0530][info][gc,marking  ] GC(126) Concurrent Cleanup for Next Mark
[2025-12-18T08:23:19.610+0530][info][gc,marking  ] GC(126) Concurrent Cleanup for Next Mark 0.782ms
[2025-12-18T08:23:19.610+0530][info][gc          ] GC(126) Concurrent Mark Cycle 146.096ms
[2025-12-18T08:23:19.690+0530][info][gc,start    ] GC(127) Pause Young (Normal) (G1 Evacuation Pause)
[2025-12-18T08:23:19.690+0530][info][gc,task     ] GC(127) Using 8 workers of 8 for evacuation
[2025-12-18T08:23:19.690+0530][info][gc,phases   ] GC(127)   Pre Evacuate Collection Set: 0.3ms
[2025-12-18T08:23:19.690+0530][info][gc,phases   ] GC(127)   Merge Heap Roots: 0.1ms
[2025-12-18T08:23:19.690+0530][info][gc,phases   ] GC(127)   Evacuate Collection Set: 0.4ms
[2025-12-18T08:23:19.690+0530][info][gc,phases   ] GC(127)   Post Evacuate Collection Set: 0.6ms
[2025-12-18T08:23:19.690+0530][info][gc,phases   ] GC(127)   Other: 0.2ms
[2025-12-18T08:23:19.690+0530][info][gc,heap     ] GC(127) Eden regions: 243->0(243)
[2025-12-18T08:23:19.690+0530][info][gc,heap     ] GC(127) Survivor regions: 1->1(28)
[2025-12-18T08:23:19.690+0530][info][gc,heap     ] GC(127) Old regions: 237->237
[2025-12-18T08:23:19.692+0530][info][gc,heap     ] GC(127) Humongous regions: 3->3
[2025-12-18T08:23:19.692+0530][info][gc,metaspace] GC(127) Metaspace: 4059K(4288K)->4059K(4288K) NonClass: 3673K(3776K)->3673K(3776K) Class: 385K(512K)->385K(512K)
[2025-12-18T08:23:19.692+0530][info][gc          ] GC(127) Pause Young (Normal) (G1 Evacuation Pause) 482M->239M(512M) 1.929ms
[2025-12-18T08:23:19.692+0530][info][gc,cpu      ] GC(127) User=0.00s Sys=0.00s Real=0.00s
[2025-12-18T08:23:19.873+0530][info][gc,start    ] GC(128) Pause Young (Concurrent Start) (G1 Evacuation Pause)
[2025-12-18T08:23:19.873+0530][info][gc,task     ] GC(128) Using 8 workers of 8 for evacuation
[2025-12-18T08:23:19.875+0530][info][gc,phases   ] GC(128)   Pre Evacuate Collection Set: 0.3ms
[2025-12-18T08:23:19.875+0530][info][gc,phases   ] GC(128)   Merge Heap Roots: 0.1ms
[2025-12-18T08:23:19.875+0530][info][gc,phases   ] GC(128)   Evacuate Collection Set: 0.8ms
[2025-12-18T08:23:19.875+0530][info][gc,phases   ] GC(128)   Post Evacuate Collection Set: 0.5ms
[2025-12-18T08:23:19.875+0530][info][gc,phases   ] GC(128)   Other: 0.2ms
[2025-12-18T08:23:19.875+0530][info][gc,heap     ] GC(128) Eden regions: 243->0(243)
[2025-12-18T08:23:19.875+0530][info][gc,heap     ] GC(128) Survivor regions: 1->1(28)
[2025-12-18T08:23:19.875+0530][info][gc,heap     ] GC(128) Old regions: 237->237
[2025-12-18T08:23:19.875+0530][info][gc,heap     ] GC(128) Humongous regions: 3->3
[2025-12-18T08:23:19.875+0530][info][gc,metaspace] GC(128) Metaspace: 4059K(4288K)->4059K(4288K) NonClass: 3673K(3776K)->3673K(3776K) Class: 385K(512K)->385K(512K)
[2025-12-18T08:23:19.875+0530][info][gc          ] GC(128) Pause Young (Concurrent Start) (G1 Evacuation Pause) 482M->239M(512M) 2.295ms
[2025-12-18T08:23:19.875+0530][info][gc,cpu      ] GC(128) User=0.00s Sys=0.00s Real=0.00s
[2025-12-18T08:23:19.875+0530][info][gc          ] GC(129) Concurrent Mark Cycle
[2025-12-18T08:23:19.878+0530][info][gc,marking  ] GC(129) Concurrent Scan Root Regions
[2025-12-18T08:23:19.878+0530][info][gc,marking  ] GC(129) Concurrent Scan Root Regions 0.249ms
[2025-12-18T08:23:19.878+0530][info][gc,marking  ] GC(129) Concurrent Mark
[2025-12-18T08:23:19.878+0530][info][gc,marking  ] GC(129) Concurrent Mark From Roots
[2025-12-18T08:23:19.878+0530][info][gc,task     ] GC(129) Using 2 workers of 2 for marking
[2025-12-18T08:23:19.971+0530][info][gc,marking  ] GC(129) Concurrent Mark From Roots 93.843ms
[2025-12-18T08:23:19.971+0530][info][gc,marking  ] GC(129) Concurrent Preclean
[2025-12-18T08:23:19.971+0530][info][gc,marking  ] GC(129) Concurrent Preclean 0.066ms
[2025-12-18T08:23:19.971+0530][info][gc,start    ] GC(129) Pause Remark
[2025-12-18T08:23:19.973+0530][info][gc          ] GC(129) Pause Remark 335M->335M(512M) 1.126ms
[2025-12-18T08:23:19.973+0530][info][gc,cpu      ] GC(129) User=0.00s Sys=0.00s Real=0.00s
[2025-12-18T08:23:19.973+0530][info][gc,marking  ] GC(129) Concurrent Mark 96.431ms
[2025-12-18T08:23:19.973+0530][info][gc,marking  ] GC(129) Concurrent Rebuild Remembered Sets and Scrub Regions
[2025-12-18T08:23:20.018+0530][info][gc,marking  ] GC(129) Concurrent Rebuild Remembered Sets and Scrub Regions 45.338ms
[2025-12-18T08:23:20.020+0530][info][gc,start    ] GC(129) Pause Cleanup
[2025-12-18T08:23:20.020+0530][info][gc          ] GC(129) Pause Cleanup 382M->382M(512M) 0.262ms
[2025-12-18T08:23:20.020+0530][info][gc,cpu      ] GC(129) User=0.00s Sys=0.00s Real=0.00s
[2025-12-18T08:23:20.020+0530][info][gc,marking  ] GC(129) Concurrent Clear Claimed Marks
[2025-12-18T08:23:20.020+0530][info][gc,marking  ] GC(129) Concurrent Clear Claimed Marks 0.073ms
[2025-12-18T08:23:20.020+0530][info][gc,marking  ] GC(129) Concurrent Cleanup for Next Mark
[2025-12-18T08:23:20.020+0530][info][gc,marking  ] GC(129) Concurrent Cleanup for Next Mark 0.776ms
[2025-12-18T08:23:20.020+0530][info][gc          ] GC(129) Concurrent Mark Cycle 144.739ms
[2025-12-18T08:23:20.096+0530][info][gc,start    ] GC(130) Pause Young (Normal) (G1 Evacuation Pause)
[2025-12-18T08:23:20.096+0530][info][gc,task     ] GC(130) Using 8 workers of 8 for evacuation
[2025-12-18T08:23:20.098+0530][info][gc,phases   ] GC(130)   Pre Evacuate Collection Set: 0.2ms
[2025-12-18T08:23:20.098+0530][info][gc,phases   ] GC(130)   Merge Heap Roots: 0.1ms
[2025-12-18T08:23:20.098+0530][info][gc,phases   ] GC(130)   Evacuate Collection Set: 0.5ms
[2025-12-18T08:23:20.098+0530][info][gc,phases   ] GC(130)   Post Evacuate Collection Set: 0.5ms
[2025-12-18T08:23:20.098+0530][info][gc,phases   ] GC(130)   Other: 0.1ms
[2025-12-18T08:23:20.098+0530][info][gc,heap     ] GC(130) Eden regions: 243->0(243)
[2025-12-18T08:23:20.098+0530][info][gc,heap     ] GC(130) Survivor regions: 1->1(28)
[2025-12-18T08:23:20.098+0530][info][gc,heap     ] GC(130) Old regions: 237->237
[2025-12-18T08:23:20.098+0530][info][gc,heap     ] GC(130) Humongous regions: 3->3
[2025-12-18T08:23:20.098+0530][info][gc,metaspace] GC(130) Metaspace: 4059K(4288K)->4059K(4288K) NonClass: 3673K(3776K)->3673K(3776K) Class: 385K(512K)->385K(512K)
[2025-12-18T08:23:20.098+0530][info][gc          ] GC(130) Pause Young (Normal) (G1 Evacuation Pause) 482M->239M(512M) 1.874ms
[2025-12-18T08:23:20.098+0530][info][gc,cpu      ] GC(130) User=0.00s Sys=0.00s Real=0.00s
[2025-12-18T08:23:20.280+0530][info][gc,start    ] GC(131) Pause Young (Concurrent Start) (G1 Evacuation Pause)
[2025-12-18T08:23:20.282+0530][info][gc,task     ] GC(131) Using 8 workers of 8 for evacuation
[2025-12-18T08:23:20.282+0530][info][gc,phases   ] GC(131)   Pre Evacuate Collection Set: 0.3ms
[2025-12-18T08:23:20.282+0530][info][gc,phases   ] GC(131)   Merge Heap Roots: 0.1ms
[2025-12-18T08:23:20.282+0530][info][gc,phases   ] GC(131)   Evacuate Collection Set: 0.6ms
[2025-12-18T08:23:20.282+0530][info][gc,phases   ] GC(131)   Post Evacuate Collection Set: 0.5ms
[2025-12-18T08:23:20.282+0530][info][gc,phases   ] GC(131)   Other: 0.2ms
[2025-12-18T08:23:20.282+0530][info][gc,heap     ] GC(131) Eden regions: 243->0(243)
[2025-12-18T08:23:20.282+0530][info][gc,heap     ] GC(131) Survivor regions: 1->1(28)
[2025-12-18T08:23:20.282+0530][info][gc,heap     ] GC(131) Old regions: 237->237
[2025-12-18T08:23:20.284+0530][info][gc,heap     ] GC(131) Humongous regions: 3->3
[2025-12-18T08:23:20.284+0530][info][gc,metaspace] GC(131) Metaspace: 4059K(4288K)->4059K(4288K) NonClass: 3673K(3776K)->3673K(3776K) Class: 385K(512K)->385K(512K)
[2025-12-18T08:23:20.284+0530][info][gc          ] GC(131) Pause Young (Concurrent Start) (G1 Evacuation Pause) 482M->239M(512M) 2.134ms
[2025-12-18T08:23:20.284+0530][info][gc,cpu      ] GC(131) User=0.00s Sys=0.00s Real=0.00s
[2025-12-18T08:23:20.284+0530][info][gc          ] GC(132) Concurrent Mark Cycle
[2025-12-18T08:23:20.284+0530][info][gc,marking  ] GC(132) Concurrent Scan Root Regions
[2025-12-18T08:23:20.284+0530][info][gc,marking  ] GC(132) Concurrent Scan Root Regions 0.223ms
[2025-12-18T08:23:20.284+0530][info][gc,marking  ] GC(132) Concurrent Mark
[2025-12-18T08:23:20.284+0530][info][gc,marking  ] GC(132) Concurrent Mark From Roots
[2025-12-18T08:23:20.284+0530][info][gc,task     ] GC(132) Using 2 workers of 2 for marking
[2025-12-18T08:23:20.379+0530][info][gc,marking  ] GC(132) Concurrent Mark From Roots 95.267ms
[2025-12-18T08:23:20.379+0530][info][gc,marking  ] GC(132) Concurrent Preclean
[2025-12-18T08:23:20.379+0530][info][gc,marking  ] GC(132) Concurrent Preclean 0.065ms
[2025-12-18T08:23:20.379+0530][info][gc,start    ] GC(132) Pause Remark
[2025-12-18T08:23:20.382+0530][info][gc          ] GC(132) Pause Remark 329M->329M(512M) 1.321ms
[2025-12-18T08:23:20.382+0530][info][gc,cpu      ] GC(132) User=0.00s Sys=0.00s Real=0.00s
[2025-12-18T08:23:20.382+0530][info][gc,marking  ] GC(132) Concurrent Mark 97.757ms
[2025-12-18T08:23:20.382+0530][info][gc,marking  ] GC(132) Concurrent Rebuild Remembered Sets and Scrub Regions
[2025-12-18T08:23:20.428+0530][info][gc,marking  ] GC(132) Concurrent Rebuild Remembered Sets and Scrub Regions 47.237ms
[2025-12-18T08:23:20.430+0530][info][gc,start    ] GC(132) Pause Cleanup
[2025-12-18T08:23:20.430+0530][info][gc          ] GC(132) Pause Cleanup 370M->370M(512M) 0.316ms
[2025-12-18T08:23:20.430+0530][info][gc,cpu      ] GC(132) User=0.00s Sys=0.00s Real=0.00s
[2025-12-18T08:23:20.430+0530][info][gc,marking  ] GC(132) Concurrent Clear Claimed Marks
[2025-12-18T08:23:20.430+0530][info][gc,marking  ] GC(132) Concurrent Clear Claimed Marks 0.064ms
[2025-12-18T08:23:20.430+0530][info][gc,marking  ] GC(132) Concurrent Cleanup for Next Mark
[2025-12-18T08:23:20.432+0530][info][gc,marking  ] GC(132) Concurrent Cleanup for Next Mark 0.743ms
[2025-12-18T08:23:20.432+0530][info][gc          ] GC(132) Concurrent Mark Cycle 148.100ms
[2025-12-18T08:23:20.518+0530][info][gc,start    ] GC(133) Pause Young (Normal) (G1 Evacuation Pause)
[2025-12-18T08:23:20.518+0530][info][gc,task     ] GC(133) Using 8 workers of 8 for evacuation
[2025-12-18T08:23:20.520+0530][info][gc,phases   ] GC(133)   Pre Evacuate Collection Set: 0.2ms
[2025-12-18T08:23:20.520+0530][info][gc,phases   ] GC(133)   Merge Heap Roots: 0.2ms
[2025-12-18T08:23:20.520+0530][info][gc,phases   ] GC(133)   Evacuate Collection Set: 0.6ms
[2025-12-18T08:23:20.520+0530][info][gc,phases   ] GC(133)   Post Evacuate Collection Set: 0.6ms
[2025-12-18T08:23:20.520+0530][info][gc,phases   ] GC(133)   Other: 0.1ms
[2025-12-18T08:23:20.520+0530][info][gc,heap     ] GC(133) Eden regions: 243->0(243)
[2025-12-18T08:23:20.520+0530][info][gc,heap     ] GC(133) Survivor regions: 1->1(28)
[2025-12-18T08:23:20.520+0530][info][gc,heap     ] GC(133) Old regions: 237->237
[2025-12-18T08:23:20.520+0530][info][gc,heap     ] GC(133) Humongous regions: 3->3
[2025-12-18T08:23:20.520+0530][info][gc,metaspace] GC(133) Metaspace: 4059K(4288K)->4059K(4288K) NonClass: 3673K(3776K)->3673K(3776K) Class: 385K(512K)->385K(512K)
[2025-12-18T08:23:20.520+0530][info][gc          ] GC(133) Pause Young (Normal) (G1 Evacuation Pause) 482M->239M(512M) 1.987ms
[2025-12-18T08:23:20.520+0530][info][gc,cpu      ] GC(133) User=0.00s Sys=0.00s Real=0.00s
[2025-12-18T08:23:20.717+0530][info][gc,start    ] GC(134) Pause Young (Concurrent Start) (G1 Evacuation Pause)
[2025-12-18T08:23:20.717+0530][info][gc,task     ] GC(134) Using 8 workers of 8 for evacuation
[2025-12-18T08:23:20.722+0530][info][gc,phases   ] GC(134)   Pre Evacuate Collection Set: 0.3ms
[2025-12-18T08:23:20.722+0530][info][gc,phases   ] GC(134)   Merge Heap Roots: 0.1ms
[2025-12-18T08:23:20.722+0530][info][gc,phases   ] GC(134)   Evacuate Collection Set: 0.8ms
[2025-12-18T08:23:20.722+0530][info][gc,phases   ] GC(134)   Post Evacuate Collection Set: 0.6ms
[2025-12-18T08:23:20.722+0530][info][gc,phases   ] GC(134)   Other: 0.2ms
[2025-12-18T08:23:20.722+0530][info][gc,heap     ] GC(134) Eden regions: 243->0(243)
[2025-12-18T08:23:20.722+0530][info][gc,heap     ] GC(134) Survivor regions: 1->1(28)
[2025-12-18T08:23:20.722+0530][info][gc,heap     ] GC(134) Old regions: 237->237
[2025-12-18T08:23:20.722+0530][info][gc,heap     ] GC(134) Humongous regions: 3->3
[2025-12-18T08:23:20.722+0530][info][gc,metaspace] GC(134) Metaspace: 4059K(4288K)->4059K(4288K) NonClass: 3674K(3776K)->3674K(3776K) Class: 385K(512K)->385K(512K)
[2025-12-18T08:23:20.722+0530][info][gc          ] GC(134) Pause Young (Concurrent Start) (G1 Evacuation Pause) 482M->239M(512M) 2.608ms
[2025-12-18T08:23:20.722+0530][info][gc,cpu      ] GC(134) User=0.00s Sys=0.00s Real=0.00s
[2025-12-18T08:23:20.722+0530][info][gc          ] GC(135) Concurrent Mark Cycle
[2025-12-18T08:23:20.722+0530][info][gc,marking  ] GC(135) Concurrent Scan Root Regions
[2025-12-18T08:23:20.722+0530][info][gc,marking  ] GC(135) Concurrent Scan Root Regions 0.238ms
[2025-12-18T08:23:20.722+0530][info][gc,marking  ] GC(135) Concurrent Mark
[2025-12-18T08:23:20.722+0530][info][gc,marking  ] GC(135) Concurrent Mark From Roots
[2025-12-18T08:23:20.722+0530][info][gc,task     ] GC(135) Using 2 workers of 2 for marking
[2025-12-18T08:23:20.819+0530][info][gc,marking  ] GC(135) Concurrent Mark From Roots 96.874ms
[2025-12-18T08:23:20.819+0530][info][gc,marking  ] GC(135) Concurrent Preclean
[2025-12-18T08:23:20.819+0530][info][gc,marking  ] GC(135) Concurrent Preclean 0.119ms
[2025-12-18T08:23:20.819+0530][info][gc,start    ] GC(135) Pause Remark
[2025-12-18T08:23:20.821+0530][info][gc          ] GC(135) Pause Remark 320M->320M(512M) 1.227ms
[2025-12-18T08:23:20.821+0530][info][gc,cpu      ] GC(135) User=0.02s Sys=0.00s Real=0.00s
[2025-12-18T08:23:20.823+0530][info][gc,marking  ] GC(135) Concurrent Mark 101.321ms
[2025-12-18T08:23:20.823+0530][info][gc,marking  ] GC(135) Concurrent Rebuild Remembered Sets and Scrub Regions
[2025-12-18T08:23:20.869+0530][info][gc,marking  ] GC(135) Concurrent Rebuild Remembered Sets and Scrub Regions 47.205ms
[2025-12-18T08:23:20.871+0530][info][gc,start    ] GC(135) Pause Cleanup
[2025-12-18T08:23:20.871+0530][info][gc          ] GC(135) Pause Cleanup 365M->365M(512M) 0.266ms
[2025-12-18T08:23:20.871+0530][info][gc,cpu      ] GC(135) User=0.00s Sys=0.00s Real=0.00s
[2025-12-18T08:23:20.871+0530][info][gc,marking  ] GC(135) Concurrent Clear Claimed Marks
[2025-12-18T08:23:20.871+0530][info][gc,marking  ] GC(135) Concurrent Clear Claimed Marks 0.067ms
[2025-12-18T08:23:20.871+0530][info][gc,marking  ] GC(135) Concurrent Cleanup for Next Mark
[2025-12-18T08:23:20.873+0530][info][gc,marking  ] GC(135) Concurrent Cleanup for Next Mark 0.742ms
[2025-12-18T08:23:20.873+0530][info][gc          ] GC(135) Concurrent Mark Cycle 152.064ms
[2025-12-18T08:23:21.012+0530][info][gc,start    ] GC(136) Pause Young (Normal) (G1 Evacuation Pause)
[2025-12-18T08:23:21.012+0530][info][gc,task     ] GC(136) Using 8 workers of 8 for evacuation
[2025-12-18T08:23:21.014+0530][info][gc,phases   ] GC(136)   Pre Evacuate Collection Set: 0.3ms
[2025-12-18T08:23:21.014+0530][info][gc,phases   ] GC(136)   Merge Heap Roots: 0.2ms
[2025-12-18T08:23:21.014+0530][info][gc,phases   ] GC(136)   Evacuate Collection Set: 0.6ms
[2025-12-18T08:23:21.014+0530][info][gc,phases   ] GC(136)   Post Evacuate Collection Set: 0.6ms
[2025-12-18T08:23:21.014+0530][info][gc,phases   ] GC(136)   Other: 0.2ms
[2025-12-18T08:23:21.014+0530][info][gc,heap     ] GC(136) Eden regions: 243->0(243)
[2025-12-18T08:23:21.014+0530][info][gc,heap     ] GC(136) Survivor regions: 1->1(28)
[2025-12-18T08:23:21.014+0530][info][gc,heap     ] GC(136) Old regions: 237->237
[2025-12-18T08:23:21.014+0530][info][gc,heap     ] GC(136) Humongous regions: 3->3
[2025-12-18T08:23:21.014+0530][info][gc,metaspace] GC(136) Metaspace: 4059K(4288K)->4059K(4288K) NonClass: 3674K(3776K)->3674K(3776K) Class: 385K(512K)->385K(512K)
[2025-12-18T08:23:21.014+0530][info][gc          ] GC(136) Pause Young (Normal) (G1 Evacuation Pause) 482M->239M(512M) 2.326ms
[2025-12-18T08:23:21.014+0530][info][gc,cpu      ] GC(136) User=0.00s Sys=0.00s Real=0.00s
[2025-12-18T08:23:21.231+0530][info][gc,start    ] GC(137) Pause Young (Concurrent Start) (G1 Evacuation Pause)
[2025-12-18T08:23:21.231+0530][info][gc,task     ] GC(137) Using 8 workers of 8 for evacuation
[2025-12-18T08:23:21.233+0530][info][gc,phases   ] GC(137)   Pre Evacuate Collection Set: 0.3ms
[2025-12-18T08:23:21.233+0530][info][gc,phases   ] GC(137)   Merge Heap Roots: 0.2ms
[2025-12-18T08:23:21.233+0530][info][gc,phases   ] GC(137)   Evacuate Collection Set: 0.7ms
[2025-12-18T08:23:21.233+0530][info][gc,phases   ] GC(137)   Post Evacuate Collection Set: 0.6ms
[2025-12-18T08:23:21.233+0530][info][gc,phases   ] GC(137)   Other: 0.2ms
[2025-12-18T08:23:21.233+0530][info][gc,heap     ] GC(137) Eden regions: 243->0(243)
[2025-12-18T08:23:21.233+0530][info][gc,heap     ] GC(137) Survivor regions: 1->1(28)
[2025-12-18T08:23:21.233+0530][info][gc,heap     ] GC(137) Old regions: 237->237
[2025-12-18T08:23:21.233+0530][info][gc,heap     ] GC(137) Humongous regions: 3->3
[2025-12-18T08:23:21.233+0530][info][gc,metaspace] GC(137) Metaspace: 4059K(4288K)->4059K(4288K) NonClass: 3674K(3776K)->3674K(3776K) Class: 385K(512K)->385K(512K)
[2025-12-18T08:23:21.233+0530][info][gc          ] GC(137) Pause Young (Concurrent Start) (G1 Evacuation Pause) 482M->239M(512M) 2.407ms
[2025-12-18T08:23:21.233+0530][info][gc,cpu      ] GC(137) User=0.00s Sys=0.00s Real=0.00s
[2025-12-18T08:23:21.233+0530][info][gc          ] GC(138) Concurrent Mark Cycle
[2025-12-18T08:23:21.233+0530][info][gc,marking  ] GC(138) Concurrent Scan Root Regions
[2025-12-18T08:23:21.233+0530][info][gc,marking  ] GC(138) Concurrent Scan Root Regions 0.282ms
[2025-12-18T08:23:21.233+0530][info][gc,marking  ] GC(138) Concurrent Mark
[2025-12-18T08:23:21.235+0530][info][gc,marking  ] GC(138) Concurrent Mark From Roots
[2025-12-18T08:23:21.235+0530][info][gc,task     ] GC(138) Using 2 workers of 2 for marking
[2025-12-18T08:23:21.330+0530][info][gc,marking  ] GC(138) Concurrent Mark From Roots 95.231ms
[2025-12-18T08:23:21.330+0530][info][gc,marking  ] GC(138) Concurrent Preclean
[2025-12-18T08:23:21.330+0530][info][gc,marking  ] GC(138) Concurrent Preclean 0.066ms
[2025-12-18T08:23:21.332+0530][info][gc,start    ] GC(138) Pause Remark
[2025-12-18T08:23:21.334+0530][info][gc          ] GC(138) Pause Remark 331M->331M(512M) 1.289ms
[2025-12-18T08:23:21.334+0530][info][gc,cpu      ] GC(138) User=0.00s Sys=0.00s Real=0.00s
[2025-12-18T08:23:21.334+0530][info][gc,marking  ] GC(138) Concurrent Mark 98.911ms
[2025-12-18T08:23:21.334+0530][info][gc,marking  ] GC(138) Concurrent Rebuild Remembered Sets and Scrub Regions
[2025-12-18T08:23:21.379+0530][info][gc,marking  ] GC(138) Concurrent Rebuild Remembered Sets and Scrub Regions 46.410ms
[2025-12-18T08:23:21.381+0530][info][gc,start    ] GC(138) Pause Cleanup
[2025-12-18T08:23:21.381+0530][info][gc          ] GC(138) Pause Cleanup 376M->376M(512M) 0.260ms
[2025-12-18T08:23:21.381+0530][info][gc,cpu      ] GC(138) User=0.00s Sys=0.00s Real=0.00s
[2025-12-18T08:23:21.381+0530][info][gc,marking  ] GC(138) Concurrent Clear Claimed Marks
[2025-12-18T08:23:21.381+0530][info][gc,marking  ] GC(138) Concurrent Clear Claimed Marks 0.070ms
[2025-12-18T08:23:21.381+0530][info][gc,marking  ] GC(138) Concurrent Cleanup for Next Mark
[2025-12-18T08:23:21.383+0530][info][gc,marking  ] GC(138) Concurrent Cleanup for Next Mark 0.746ms
[2025-12-18T08:23:21.383+0530][info][gc          ] GC(138) Concurrent Mark Cycle 148.444ms
[2025-12-18T08:23:21.471+0530][info][gc,start    ] GC(139) Pause Young (Normal) (G1 Evacuation Pause)
[2025-12-18T08:23:21.471+0530][info][gc,task     ] GC(139) Using 8 workers of 8 for evacuation
[2025-12-18T08:23:21.473+0530][info][gc,phases   ] GC(139)   Pre Evacuate Collection Set: 0.3ms
[2025-12-18T08:23:21.473+0530][info][gc,phases   ] GC(139)   Merge Heap Roots: 0.2ms
[2025-12-18T08:23:21.473+0530][info][gc,phases   ] GC(139)   Evacuate Collection Set: 0.5ms
[2025-12-18T08:23:21.473+0530][info][gc,phases   ] GC(139)   Post Evacuate Collection Set: 0.6ms
[2025-12-18T08:23:21.473+0530][info][gc,phases   ] GC(139)   Other: 0.2ms
[2025-12-18T08:23:21.473+0530][info][gc,heap     ] GC(139) Eden regions: 243->0(243)
[2025-12-18T08:23:21.473+0530][info][gc,heap     ] GC(139) Survivor regions: 1->1(28)
[2025-12-18T08:23:21.473+0530][info][gc,heap     ] GC(139) Old regions: 237->237
[2025-12-18T08:23:21.473+0530][info][gc,heap     ] GC(139) Humongous regions: 3->3
[2025-12-18T08:23:21.473+0530][info][gc,metaspace] GC(139) Metaspace: 4059K(4288K)->4059K(4288K) NonClass: 3674K(3776K)->3674K(3776K) Class: 385K(512K)->385K(512K)
[2025-12-18T08:23:21.473+0530][info][gc          ] GC(139) Pause Young (Normal) (G1 Evacuation Pause) 482M->239M(512M) 2.075ms
[2025-12-18T08:23:21.473+0530][info][gc,cpu      ] GC(139) User=0.00s Sys=0.00s Real=0.00s
[2025-12-18T08:23:21.677+0530][info][gc,start    ] GC(140) Pause Young (Concurrent Start) (G1 Evacuation Pause)
[2025-12-18T08:23:21.677+0530][info][gc,task     ] GC(140) Using 8 workers of 8 for evacuation
[2025-12-18T08:23:21.679+0530][info][gc,phases   ] GC(140)   Pre Evacuate Collection Set: 0.3ms
[2025-12-18T08:23:21.679+0530][info][gc,phases   ] GC(140)   Merge Heap Roots: 0.1ms
[2025-12-18T08:23:21.679+0530][info][gc,phases   ] GC(140)   Evacuate Collection Set: 0.7ms
[2025-12-18T08:23:21.679+0530][info][gc,phases   ] GC(140)   Post Evacuate Collection Set: 0.6ms
[2025-12-18T08:23:21.679+0530][info][gc,phases   ] GC(140)   Other: 0.2ms
[2025-12-18T08:23:21.679+0530][info][gc,heap     ] GC(140) Eden regions: 243->0(243)
[2025-12-18T08:23:21.679+0530][info][gc,heap     ] GC(140) Survivor regions: 1->1(28)
[2025-12-18T08:23:21.679+0530][info][gc,heap     ] GC(140) Old regions: 237->237
[2025-12-18T08:23:21.679+0530][info][gc,heap     ] GC(140) Humongous regions: 3->3
[2025-12-18T08:23:21.679+0530][info][gc,metaspace] GC(140) Metaspace: 4059K(4288K)->4059K(4288K) NonClass: 3674K(3776K)->3674K(3776K) Class: 385K(512K)->385K(512K)
[2025-12-18T08:23:21.679+0530][info][gc          ] GC(140) Pause Young (Concurrent Start) (G1 Evacuation Pause) 482M->239M(512M) 2.406ms
[2025-12-18T08:23:21.679+0530][info][gc,cpu      ] GC(140) User=0.00s Sys=0.00s Real=0.00s
[2025-12-18T08:23:21.679+0530][info][gc          ] GC(141) Concurrent Mark Cycle
[2025-12-18T08:23:21.679+0530][info][gc,marking  ] GC(141) Concurrent Scan Root Regions
[2025-12-18T08:23:21.680+0530][info][gc,marking  ] GC(141) Concurrent Scan Root Regions 0.407ms
[2025-12-18T08:23:21.680+0530][info][gc,marking  ] GC(141) Concurrent Mark
[2025-12-18T08:23:21.680+0530][info][gc,marking  ] GC(141) Concurrent Mark From Roots
[2025-12-18T08:23:21.680+0530][info][gc,task     ] GC(141) Using 2 workers of 2 for marking
[2025-12-18T08:23:21.775+0530][info][gc,marking  ] GC(141) Concurrent Mark From Roots 95.282ms
[2025-12-18T08:23:21.775+0530][info][gc,marking  ] GC(141) Concurrent Preclean
[2025-12-18T08:23:21.775+0530][info][gc,marking  ] GC(141) Concurrent Preclean 0.067ms
[2025-12-18T08:23:21.775+0530][info][gc,start    ] GC(141) Pause Remark
[2025-12-18T08:23:21.778+0530][info][gc          ] GC(141) Pause Remark 330M->330M(512M) 1.330ms
[2025-12-18T08:23:21.778+0530][info][gc,cpu      ] GC(141) User=0.00s Sys=0.00s Real=0.00s
[2025-12-18T08:23:21.778+0530][info][gc,marking  ] GC(141) Concurrent Mark 98.305ms
[2025-12-18T08:23:21.778+0530][info][gc,marking  ] GC(141) Concurrent Rebuild Remembered Sets and Scrub Regions
[2025-12-18T08:23:21.825+0530][info][gc,marking  ] GC(141) Concurrent Rebuild Remembered Sets and Scrub Regions 46.912ms
[2025-12-18T08:23:21.825+0530][info][gc,start    ] GC(141) Pause Cleanup
[2025-12-18T08:23:21.825+0530][info][gc          ] GC(141) Pause Cleanup 374M->374M(512M) 0.304ms
[2025-12-18T08:23:21.825+0530][info][gc,cpu      ] GC(141) User=0.00s Sys=0.00s Real=0.00s
[2025-12-18T08:23:21.827+0530][info][gc,marking  ] GC(141) Concurrent Clear Claimed Marks
[2025-12-18T08:23:21.827+0530][info][gc,marking  ] GC(141) Concurrent Clear Claimed Marks 0.068ms
[2025-12-18T08:23:21.827+0530][info][gc,marking  ] GC(141) Concurrent Cleanup for Next Mark
[2025-12-18T08:23:21.828+0530][info][gc,marking  ] GC(141) Concurrent Cleanup for Next Mark 0.749ms
[2025-12-18T08:23:21.828+0530][info][gc          ] GC(141) Concurrent Mark Cycle 148.932ms
[2025-12-18T08:23:21.915+0530][info][gc,start    ] GC(142) Pause Young (Normal) (G1 Evacuation Pause)
[2025-12-18T08:23:21.915+0530][info][gc,task     ] GC(142) Using 8 workers of 8 for evacuation
[2025-12-18T08:23:21.917+0530][info][gc,phases   ] GC(142)   Pre Evacuate Collection Set: 0.3ms
[2025-12-18T08:23:21.917+0530][info][gc,phases   ] GC(142)   Merge Heap Roots: 0.2ms
[2025-12-18T08:23:21.917+0530][info][gc,phases   ] GC(142)   Evacuate Collection Set: 0.6ms
[2025-12-18T08:23:21.917+0530][info][gc,phases   ] GC(142)   Post Evacuate Collection Set: 0.6ms
[2025-12-18T08:23:21.917+0530][info][gc,phases   ] GC(142)   Other: 0.2ms
[2025-12-18T08:23:21.917+0530][info][gc,heap     ] GC(142) Eden regions: 243->0(243)
[2025-12-18T08:23:21.917+0530][info][gc,heap     ] GC(142) Survivor regions: 1->1(28)
[2025-12-18T08:23:21.917+0530][info][gc,heap     ] GC(142) Old regions: 237->237
[2025-12-18T08:23:21.917+0530][info][gc,heap     ] GC(142) Humongous regions: 3->3
[2025-12-18T08:23:21.917+0530][info][gc,metaspace] GC(142) Metaspace: 4059K(4288K)->4059K(4288K) NonClass: 3674K(3776K)->3674K(3776K) Class: 385K(512K)->385K(512K)
[2025-12-18T08:23:21.917+0530][info][gc          ] GC(142) Pause Young (Normal) (G1 Evacuation Pause) 482M->239M(512M) 2.196ms
[2025-12-18T08:23:21.917+0530][info][gc,cpu      ] GC(142) User=0.00s Sys=0.00s Real=0.00s
[2025-12-18T08:23:22.117+0530][info][gc,start    ] GC(143) Pause Young (Concurrent Start) (G1 Evacuation Pause)
[2025-12-18T08:23:22.117+0530][info][gc,task     ] GC(143) Using 8 workers of 8 for evacuation
[2025-12-18T08:23:22.122+0530][info][gc,phases   ] GC(143)   Pre Evacuate Collection Set: 0.3ms
[2025-12-18T08:23:22.122+0530][info][gc,phases   ] GC(143)   Merge Heap Roots: 0.2ms
[2025-12-18T08:23:22.122+0530][info][gc,phases   ] GC(143)   Evacuate Collection Set: 0.8ms
[2025-12-18T08:23:22.122+0530][info][gc,phases   ] GC(143)   Post Evacuate Collection Set: 0.6ms
[2025-12-18T08:23:22.122+0530][info][gc,phases   ] GC(143)   Other: 0.2ms
[2025-12-18T08:23:22.122+0530][info][gc,heap     ] GC(143) Eden regions: 243->0(243)
[2025-12-18T08:23:22.122+0530][info][gc,heap     ] GC(143) Survivor regions: 1->1(28)
[2025-12-18T08:23:22.122+0530][info][gc,heap     ] GC(143) Old regions: 237->237
[2025-12-18T08:23:22.122+0530][info][gc,heap     ] GC(143) Humongous regions: 3->3
[2025-12-18T08:23:22.122+0530][info][gc,metaspace] GC(143) Metaspace: 4063K(4288K)->4063K(4288K) NonClass: 3678K(3776K)->3678K(3776K) Class: 385K(512K)->385K(512K)
[2025-12-18T08:23:22.122+0530][info][gc          ] GC(143) Pause Young (Concurrent Start) (G1 Evacuation Pause) 482M->239M(512M) 2.531ms
[2025-12-18T08:23:22.122+0530][info][gc,cpu      ] GC(143) User=0.00s Sys=0.00s Real=0.00s
[2025-12-18T08:23:22.122+0530][info][gc          ] GC(144) Concurrent Mark Cycle
[2025-12-18T08:23:22.122+0530][info][gc,marking  ] GC(144) Concurrent Scan Root Regions
[2025-12-18T08:23:22.122+0530][info][gc,marking  ] GC(144) Concurrent Scan Root Regions 0.261ms
[2025-12-18T08:23:22.122+0530][info][gc,marking  ] GC(144) Concurrent Mark
[2025-12-18T08:23:22.122+0530][info][gc,marking  ] GC(144) Concurrent Mark From Roots
[2025-12-18T08:23:22.122+0530][info][gc,task     ] GC(144) Using 2 workers of 2 for marking
[2025-12-18T08:23:22.217+0530][info][gc,marking  ] GC(144) Concurrent Mark From Roots 95.991ms
[2025-12-18T08:23:22.217+0530][info][gc,marking  ] GC(144) Concurrent Preclean
[2025-12-18T08:23:22.217+0530][info][gc,marking  ] GC(144) Concurrent Preclean 0.066ms
[2025-12-18T08:23:22.217+0530][info][gc,start    ] GC(144) Pause Remark
[2025-12-18T08:23:22.219+0530][info][gc          ] GC(144) Pause Remark 328M->328M(512M) 1.325ms
[2025-12-18T08:23:22.219+0530][info][gc,cpu      ] GC(144) User=0.00s Sys=0.00s Real=0.00s
[2025-12-18T08:23:22.219+0530][info][gc,marking  ] GC(144) Concurrent Mark 98.803ms
[2025-12-18T08:23:22.219+0530][info][gc,marking  ] GC(144) Concurrent Rebuild Remembered Sets and Scrub Regions
[2025-12-18T08:23:22.267+0530][info][gc,marking  ] GC(144) Concurrent Rebuild Remembered Sets and Scrub Regions 46.903ms
[2025-12-18T08:23:22.267+0530][info][gc,start    ] GC(144) Pause Cleanup
[2025-12-18T08:23:22.269+0530][info][gc          ] GC(144) Pause Cleanup 358M->358M(512M) 0.308ms
[2025-12-18T08:23:22.269+0530][info][gc,cpu      ] GC(144) User=0.00s Sys=0.00s Real=0.00s
[2025-12-18T08:23:22.271+0530][info][gc,marking  ] GC(144) Concurrent Clear Claimed Marks
[2025-12-18T08:23:22.271+0530][info][gc,marking  ] GC(144) Concurrent Clear Claimed Marks 0.069ms
[2025-12-18T08:23:22.271+0530][info][gc,marking  ] GC(144) Concurrent Cleanup for Next Mark
[2025-12-18T08:23:22.271+0530][info][gc,marking  ] GC(144) Concurrent Cleanup for Next Mark 0.737ms
[2025-12-18T08:23:22.271+0530][info][gc          ] GC(144) Concurrent Mark Cycle 149.755ms
[2025-12-18T08:23:22.393+0530][info][gc,start    ] GC(145) Pause Young (Normal) (G1 Evacuation Pause)
[2025-12-18T08:23:22.393+0530][info][gc,task     ] GC(145) Using 8 workers of 8 for evacuation
[2025-12-18T08:23:22.395+0530][info][gc,phases   ] GC(145)   Pre Evacuate Collection Set: 0.3ms
[2025-12-18T08:23:22.395+0530][info][gc,phases   ] GC(145)   Merge Heap Roots: 0.4ms
[2025-12-18T08:23:22.395+0530][info][gc,phases   ] GC(145)   Evacuate Collection Set: 0.5ms
[2025-12-18T08:23:22.395+0530][info][gc,phases   ] GC(145)   Post Evacuate Collection Set: 0.8ms
[2025-12-18T08:23:22.395+0530][info][gc,phases   ] GC(145)   Other: 0.2ms
[2025-12-18T08:23:22.395+0530][info][gc,heap     ] GC(145) Eden regions: 243->0(243)
[2025-12-18T08:23:22.395+0530][info][gc,heap     ] GC(145) Survivor regions: 1->1(28)
[2025-12-18T08:23:22.395+0530][info][gc,heap     ] GC(145) Old regions: 237->237
[2025-12-18T08:23:22.395+0530][info][gc,heap     ] GC(145) Humongous regions: 3->3
[2025-12-18T08:23:22.395+0530][info][gc,metaspace] GC(145) Metaspace: 4065K(4288K)->4065K(4288K) NonClass: 3679K(3776K)->3679K(3776K) Class: 385K(512K)->385K(512K)
[2025-12-18T08:23:22.395+0530][info][gc          ] GC(145) Pause Young (Normal) (G1 Evacuation Pause) 482M->239M(512M) 2.682ms
[2025-12-18T08:23:22.395+0530][info][gc,cpu      ] GC(145) User=0.00s Sys=0.00s Real=0.00s
[2025-12-18T08:23:22.592+0530][info][gc,start    ] GC(146) Pause Young (Concurrent Start) (G1 Evacuation Pause)
[2025-12-18T08:23:22.592+0530][info][gc,task     ] GC(146) Using 8 workers of 8 for evacuation
[2025-12-18T08:23:22.594+0530][info][gc,phases   ] GC(146)   Pre Evacuate Collection Set: 0.3ms
[2025-12-18T08:23:22.594+0530][info][gc,phases   ] GC(146)   Merge Heap Roots: 0.2ms
[2025-12-18T08:23:22.594+0530][info][gc,phases   ] GC(146)   Evacuate Collection Set: 0.7ms
[2025-12-18T08:23:22.594+0530][info][gc,phases   ] GC(146)   Post Evacuate Collection Set: 0.6ms
[2025-12-18T08:23:22.594+0530][info][gc,phases   ] GC(146)   Other: 0.2ms
[2025-12-18T08:23:22.594+0530][info][gc,heap     ] GC(146) Eden regions: 243->0(243)
[2025-12-18T08:23:22.594+0530][info][gc,heap     ] GC(146) Survivor regions: 1->1(28)
[2025-12-18T08:23:22.594+0530][info][gc,heap     ] GC(146) Old regions: 237->237
[2025-12-18T08:23:22.594+0530][info][gc,heap     ] GC(146) Humongous regions: 3->3
[2025-12-18T08:23:22.594+0530][info][gc,metaspace] GC(146) Metaspace: 4065K(4288K)->4065K(4288K) NonClass: 3679K(3776K)->3679K(3776K) Class: 385K(512K)->385K(512K)
[2025-12-18T08:23:22.594+0530][info][gc          ] GC(146) Pause Young (Concurrent Start) (G1 Evacuation Pause) 482M->239M(512M) 2.512ms
[2025-12-18T08:23:22.596+0530][info][gc,cpu      ] GC(146) User=0.00s Sys=0.00s Real=0.00s
[2025-12-18T08:23:22.596+0530][info][gc          ] GC(147) Concurrent Mark Cycle
[2025-12-18T08:23:22.596+0530][info][gc,marking  ] GC(147) Concurrent Scan Root Regions
[2025-12-18T08:23:22.596+0530][info][gc,marking  ] GC(147) Concurrent Scan Root Regions 0.234ms
[2025-12-18T08:23:22.596+0530][info][gc,marking  ] GC(147) Concurrent Mark
[2025-12-18T08:23:22.596+0530][info][gc,marking  ] GC(147) Concurrent Mark From Roots
[2025-12-18T08:23:22.596+0530][info][gc,task     ] GC(147) Using 2 workers of 2 for marking
[2025-12-18T08:23:22.692+0530][info][gc,marking  ] GC(147) Concurrent Mark From Roots 95.350ms
[2025-12-18T08:23:22.692+0530][info][gc,marking  ] GC(147) Concurrent Preclean
[2025-12-18T08:23:22.692+0530][info][gc,marking  ] GC(147) Concurrent Preclean 0.068ms
[2025-12-18T08:23:22.692+0530][info][gc,start    ] GC(147) Pause Remark
[2025-12-18T08:23:22.694+0530][info][gc          ] GC(147) Pause Remark 332M->332M(512M) 1.449ms
[2025-12-18T08:23:22.694+0530][info][gc,cpu      ] GC(147) User=0.00s Sys=0.00s Real=0.00s
[2025-12-18T08:23:22.694+0530][info][gc,marking  ] GC(147) Concurrent Mark 98.217ms
[2025-12-18T08:23:22.694+0530][info][gc,marking  ] GC(147) Concurrent Rebuild Remembered Sets and Scrub Regions
[2025-12-18T08:23:22.740+0530][info][gc,marking  ] GC(147) Concurrent Rebuild Remembered Sets and Scrub Regions 47.470ms
[2025-12-18T08:23:22.743+0530][info][gc,start    ] GC(147) Pause Cleanup
[2025-12-18T08:23:22.743+0530][info][gc          ] GC(147) Pause Cleanup 373M->373M(512M) 0.307ms
[2025-12-18T08:23:22.743+0530][info][gc,cpu      ] GC(147) User=0.00s Sys=0.00s Real=0.00s
[2025-12-18T08:23:22.743+0530][info][gc,marking  ] GC(147) Concurrent Clear Claimed Marks
[2025-12-18T08:23:22.745+0530][info][gc,marking  ] GC(147) Concurrent Clear Claimed Marks 0.070ms
[2025-12-18T08:23:22.745+0530][info][gc,marking  ] GC(147) Concurrent Cleanup for Next Mark
[2025-12-18T08:23:22.745+0530][info][gc,marking  ] GC(147) Concurrent Cleanup for Next Mark 0.762ms
[2025-12-18T08:23:22.745+0530][info][gc          ] GC(147) Concurrent Mark Cycle 149.308ms
[2025-12-18T08:23:22.825+0530][info][gc,start    ] GC(148) Pause Young (Normal) (G1 Evacuation Pause)
[2025-12-18T08:23:22.825+0530][info][gc,task     ] GC(148) Using 8 workers of 8 for evacuation
[2025-12-18T08:23:22.827+0530][info][gc,phases   ] GC(148)   Pre Evacuate Collection Set: 0.2ms
[2025-12-18T08:23:22.827+0530][info][gc,phases   ] GC(148)   Merge Heap Roots: 0.1ms
[2025-12-18T08:23:22.827+0530][info][gc,phases   ] GC(148)   Evacuate Collection Set: 0.6ms
[2025-12-18T08:23:22.827+0530][info][gc,phases   ] GC(148)   Post Evacuate Collection Set: 0.6ms
[2025-12-18T08:23:22.827+0530][info][gc,phases   ] GC(148)   Other: 0.2ms
[2025-12-18T08:23:22.827+0530][info][gc,heap     ] GC(148) Eden regions: 243->0(243)
[2025-12-18T08:23:22.827+0530][info][gc,heap     ] GC(148) Survivor regions: 1->1(28)
[2025-12-18T08:23:22.827+0530][info][gc,heap     ] GC(148) Old regions: 237->237
[2025-12-18T08:23:22.827+0530][info][gc,heap     ] GC(148) Humongous regions: 3->3
[2025-12-18T08:23:22.827+0530][info][gc,metaspace] GC(148) Metaspace: 4065K(4288K)->4065K(4288K) NonClass: 3679K(3776K)->3679K(3776K) Class: 385K(512K)->385K(512K)
[2025-12-18T08:23:22.827+0530][info][gc          ] GC(148) Pause Young (Normal) (G1 Evacuation Pause) 482M->239M(512M) 2.145ms
[2025-12-18T08:23:22.827+0530][info][gc,cpu      ] GC(148) User=0.00s Sys=0.00s Real=0.00s
[2025-12-18T08:23:23.019+0530][info][gc,start    ] GC(149) Pause Young (Concurrent Start) (G1 Evacuation Pause)
[2025-12-18T08:23:23.019+0530][info][gc,task     ] GC(149) Using 8 workers of 8 for evacuation
[2025-12-18T08:23:23.021+0530][info][gc,phases   ] GC(149)   Pre Evacuate Collection Set: 0.3ms
[2025-12-18T08:23:23.021+0530][info][gc,phases   ] GC(149)   Merge Heap Roots: 0.1ms
[2025-12-18T08:23:23.021+0530][info][gc,phases   ] GC(149)   Evacuate Collection Set: 0.7ms
[2025-12-18T08:23:23.021+0530][info][gc,phases   ] GC(149)   Post Evacuate Collection Set: 0.7ms
[2025-12-18T08:23:23.021+0530][info][gc,phases   ] GC(149)   Other: 0.2ms
[2025-12-18T08:23:23.021+0530][info][gc,heap     ] GC(149) Eden regions: 243->0(243)
[2025-12-18T08:23:23.021+0530][info][gc,heap     ] GC(149) Survivor regions: 1->1(28)
[2025-12-18T08:23:23.021+0530][info][gc,heap     ] GC(149) Old regions: 237->237
[2025-12-18T08:23:23.021+0530][info][gc,heap     ] GC(149) Humongous regions: 3->3
[2025-12-18T08:23:23.021+0530][info][gc,metaspace] GC(149) Metaspace: 4065K(4288K)->4065K(4288K) NonClass: 3679K(3776K)->3679K(3776K) Class: 385K(512K)->385K(512K)
[2025-12-18T08:23:23.021+0530][info][gc          ] GC(149) Pause Young (Concurrent Start) (G1 Evacuation Pause) 482M->239M(512M) 2.547ms
[2025-12-18T08:23:23.021+0530][info][gc,cpu      ] GC(149) User=0.00s Sys=0.00s Real=0.00s
[2025-12-18T08:23:23.021+0530][info][gc          ] GC(150) Concurrent Mark Cycle
[2025-12-18T08:23:23.023+0530][info][gc,marking  ] GC(150) Concurrent Scan Root Regions
[2025-12-18T08:23:23.023+0530][info][gc,marking  ] GC(150) Concurrent Scan Root Regions 0.252ms
[2025-12-18T08:23:23.023+0530][info][gc,marking  ] GC(150) Concurrent Mark
[2025-12-18T08:23:23.023+0530][info][gc,marking  ] GC(150) Concurrent Mark From Roots
[2025-12-18T08:23:23.023+0530][info][gc,task     ] GC(150) Using 2 workers of 2 for marking
[2025-12-18T08:23:23.118+0530][info][gc,marking  ] GC(150) Concurrent Mark From Roots 95.461ms
[2025-12-18T08:23:23.118+0530][info][gc,marking  ] GC(150) Concurrent Preclean
[2025-12-18T08:23:23.118+0530][info][gc,marking  ] GC(150) Concurrent Preclean 0.065ms
[2025-12-18T08:23:23.118+0530][info][gc,start    ] GC(150) Pause Remark
[2025-12-18T08:23:23.120+0530][info][gc          ] GC(150) Pause Remark 331M->331M(512M) 1.171ms
[2025-12-18T08:23:23.120+0530][info][gc,cpu      ] GC(150) User=0.00s Sys=0.00s Real=0.00s
[2025-12-18T08:23:23.120+0530][info][gc,marking  ] GC(150) Concurrent Mark 98.546ms
[2025-12-18T08:23:23.120+0530][info][gc,marking  ] GC(150) Concurrent Rebuild Remembered Sets and Scrub Regions
[2025-12-18T08:23:23.166+0530][info][gc,marking  ] GC(150) Concurrent Rebuild Remembered Sets and Scrub Regions 46.577ms
[2025-12-18T08:23:23.168+0530][info][gc,start    ] GC(150) Pause Cleanup
[2025-12-18T08:23:23.168+0530][info][gc          ] GC(150) Pause Cleanup 378M->378M(512M) 0.288ms
[2025-12-18T08:23:23.168+0530][info][gc,cpu      ] GC(150) User=0.00s Sys=0.00s Real=0.00s
[2025-12-18T08:23:23.171+0530][info][gc,marking  ] GC(150) Concurrent Clear Claimed Marks
[2025-12-18T08:23:23.171+0530][info][gc,marking  ] GC(150) Concurrent Clear Claimed Marks 0.080ms
[2025-12-18T08:23:23.171+0530][info][gc,marking  ] GC(150) Concurrent Cleanup for Next Mark
[2025-12-18T08:23:23.171+0530][info][gc,marking  ] GC(150) Concurrent Cleanup for Next Mark 0.763ms
[2025-12-18T08:23:23.171+0530][info][gc          ] GC(150) Concurrent Mark Cycle 149.953ms
[2025-12-18T08:23:23.253+0530][info][gc,start    ] GC(151) Pause Young (Normal) (G1 Evacuation Pause)
[2025-12-18T08:23:23.253+0530][info][gc,task     ] GC(151) Using 8 workers of 8 for evacuation
[2025-12-18T08:23:23.255+0530][info][gc,phases   ] GC(151)   Pre Evacuate Collection Set: 0.2ms
[2025-12-18T08:23:23.255+0530][info][gc,phases   ] GC(151)   Merge Heap Roots: 0.1ms
[2025-12-18T08:23:23.255+0530][info][gc,phases   ] GC(151)   Evacuate Collection Set: 0.5ms
[2025-12-18T08:23:23.255+0530][info][gc,phases   ] GC(151)   Post Evacuate Collection Set: 0.5ms
[2025-12-18T08:23:23.255+0530][info][gc,phases   ] GC(151)   Other: 0.1ms
[2025-12-18T08:23:23.255+0530][info][gc,heap     ] GC(151) Eden regions: 243->0(243)
[2025-12-18T08:23:23.255+0530][info][gc,heap     ] GC(151) Survivor regions: 1->1(28)
[2025-12-18T08:23:23.255+0530][info][gc,heap     ] GC(151) Old regions: 237->237
[2025-12-18T08:23:23.255+0530][info][gc,heap     ] GC(151) Humongous regions: 3->3
[2025-12-18T08:23:23.255+0530][info][gc,metaspace] GC(151) Metaspace: 4069K(4288K)->4069K(4288K) NonClass: 3684K(3776K)->3684K(3776K) Class: 385K(512K)->385K(512K)
[2025-12-18T08:23:23.255+0530][info][gc          ] GC(151) Pause Young (Normal) (G1 Evacuation Pause) 482M->239M(512M) 1.996ms
[2025-12-18T08:23:23.255+0530][info][gc,cpu      ] GC(151) User=0.00s Sys=0.00s Real=0.00s
[2025-12-18T08:23:23.443+0530][info][gc,start    ] GC(152) Pause Young (Concurrent Start) (G1 Evacuation Pause)
[2025-12-18T08:23:23.443+0530][info][gc,task     ] GC(152) Using 8 workers of 8 for evacuation
[2025-12-18T08:23:23.445+0530][info][gc,phases   ] GC(152)   Pre Evacuate Collection Set: 0.3ms
[2025-12-18T08:23:23.445+0530][info][gc,phases   ] GC(152)   Merge Heap Roots: 0.1ms
[2025-12-18T08:23:23.445+0530][info][gc,phases   ] GC(152)   Evacuate Collection Set: 0.7ms
[2025-12-18T08:23:23.445+0530][info][gc,phases   ] GC(152)   Post Evacuate Collection Set: 0.6ms
[2025-12-18T08:23:23.445+0530][info][gc,phases   ] GC(152)   Other: 0.2ms
[2025-12-18T08:23:23.445+0530][info][gc,heap     ] GC(152) Eden regions: 243->0(243)
[2025-12-18T08:23:23.445+0530][info][gc,heap     ] GC(152) Survivor regions: 1->1(28)
[2025-12-18T08:23:23.445+0530][info][gc,heap     ] GC(152) Old regions: 237->237
[2025-12-18T08:23:23.445+0530][info][gc,heap     ] GC(152) Humongous regions: 3->3
[2025-12-18T08:23:23.445+0530][info][gc,metaspace] GC(152) Metaspace: 4069K(4288K)->4069K(4288K) NonClass: 3684K(3776K)->3684K(3776K) Class: 385K(512K)->385K(512K)
[2025-12-18T08:23:23.445+0530][info][gc          ] GC(152) Pause Young (Concurrent Start) (G1 Evacuation Pause) 482M->239M(512M) 2.355ms
[2025-12-18T08:23:23.445+0530][info][gc,cpu      ] GC(152) User=0.02s Sys=0.00s Real=0.00s
[2025-12-18T08:23:23.445+0530][info][gc          ] GC(153) Concurrent Mark Cycle
[2025-12-18T08:23:23.446+0530][info][gc,marking  ] GC(153) Concurrent Scan Root Regions
[2025-12-18T08:23:23.446+0530][info][gc,marking  ] GC(153) Concurrent Scan Root Regions 0.207ms
[2025-12-18T08:23:23.446+0530][info][gc,marking  ] GC(153) Concurrent Mark
[2025-12-18T08:23:23.446+0530][info][gc,marking  ] GC(153) Concurrent Mark From Roots
[2025-12-18T08:23:23.446+0530][info][gc,task     ] GC(153) Using 2 workers of 2 for marking
[2025-12-18T08:23:23.539+0530][info][gc,marking  ] GC(153) Concurrent Mark From Roots 94.368ms
[2025-12-18T08:23:23.539+0530][info][gc,marking  ] GC(153) Concurrent Preclean
[2025-12-18T08:23:23.541+0530][info][gc,marking  ] GC(153) Concurrent Preclean 0.064ms
[2025-12-18T08:23:23.541+0530][info][gc,start    ] GC(153) Pause Remark
[2025-12-18T08:23:23.541+0530][info][gc          ] GC(153) Pause Remark 334M->334M(512M) 1.334ms
[2025-12-18T08:23:23.541+0530][info][gc,cpu      ] GC(153) User=0.00s Sys=0.00s Real=0.00s
[2025-12-18T08:23:23.543+0530][info][gc,marking  ] GC(153) Concurrent Mark 96.868ms
[2025-12-18T08:23:23.543+0530][info][gc,marking  ] GC(153) Concurrent Rebuild Remembered Sets and Scrub Regions
[2025-12-18T08:23:23.588+0530][info][gc,marking  ] GC(153) Concurrent Rebuild Remembered Sets and Scrub Regions 46.148ms
[2025-12-18T08:23:23.588+0530][info][gc,start    ] GC(153) Pause Cleanup
[2025-12-18T08:23:23.588+0530][info][gc          ] GC(153) Pause Cleanup 380M->380M(512M) 0.273ms
[2025-12-18T08:23:23.588+0530][info][gc,cpu      ] GC(153) User=0.00s Sys=0.00s Real=0.00s
[2025-12-18T08:23:23.590+0530][info][gc,marking  ] GC(153) Concurrent Clear Claimed Marks
[2025-12-18T08:23:23.590+0530][info][gc,marking  ] GC(153) Concurrent Clear Claimed Marks 0.062ms
[2025-12-18T08:23:23.590+0530][info][gc,marking  ] GC(153) Concurrent Cleanup for Next Mark
[2025-12-18T08:23:23.590+0530][info][gc,marking  ] GC(153) Concurrent Cleanup for Next Mark 0.725ms
[2025-12-18T08:23:23.590+0530][info][gc          ] GC(153) Concurrent Mark Cycle 146.318ms
[2025-12-18T08:23:23.665+0530][info][gc,start    ] GC(154) Pause Young (Normal) (G1 Evacuation Pause)
[2025-12-18T08:23:23.665+0530][info][gc,task     ] GC(154) Using 8 workers of 8 for evacuation
[2025-12-18T08:23:23.667+0530][info][gc,phases   ] GC(154)   Pre Evacuate Collection Set: 0.2ms
[2025-12-18T08:23:23.667+0530][info][gc,phases   ] GC(154)   Merge Heap Roots: 0.1ms
[2025-12-18T08:23:23.667+0530][info][gc,phases   ] GC(154)   Evacuate Collection Set: 0.5ms
[2025-12-18T08:23:23.667+0530][info][gc,phases   ] GC(154)   Post Evacuate Collection Set: 0.6ms
[2025-12-18T08:23:23.667+0530][info][gc,phases   ] GC(154)   Other: 0.2ms
[2025-12-18T08:23:23.667+0530][info][gc,heap     ] GC(154) Eden regions: 243->0(243)
[2025-12-18T08:23:23.667+0530][info][gc,heap     ] GC(154) Survivor regions: 1->1(28)
[2025-12-18T08:23:23.667+0530][info][gc,heap     ] GC(154) Old regions: 237->237
[2025-12-18T08:23:23.667+0530][info][gc,heap     ] GC(154) Humongous regions: 3->3
[2025-12-18T08:23:23.667+0530][info][gc,metaspace] GC(154) Metaspace: 4069K(4288K)->4069K(4288K) NonClass: 3684K(3776K)->3684K(3776K) Class: 385K(512K)->385K(512K)
[2025-12-18T08:23:23.667+0530][info][gc          ] GC(154) Pause Young (Normal) (G1 Evacuation Pause) 482M->239M(512M) 2.115ms
[2025-12-18T08:23:23.667+0530][info][gc,cpu      ] GC(154) User=0.00s Sys=0.00s Real=0.00s
[2025-12-18T08:23:23.848+0530][info][gc,start    ] GC(155) Pause Young (Concurrent Start) (G1 Evacuation Pause)
[2025-12-18T08:23:23.848+0530][info][gc,task     ] GC(155) Using 8 workers of 8 for evacuation
[2025-12-18T08:23:23.850+0530][info][gc,phases   ] GC(155)   Pre Evacuate Collection Set: 0.3ms
[2025-12-18T08:23:23.850+0530][info][gc,phases   ] GC(155)   Merge Heap Roots: 0.1ms
[2025-12-18T08:23:23.850+0530][info][gc,phases   ] GC(155)   Evacuate Collection Set: 0.8ms
[2025-12-18T08:23:23.850+0530][info][gc,phases   ] GC(155)   Post Evacuate Collection Set: 0.6ms
[2025-12-18T08:23:23.850+0530][info][gc,phases   ] GC(155)   Other: 0.2ms
[2025-12-18T08:23:23.850+0530][info][gc,heap     ] GC(155) Eden regions: 243->0(243)
[2025-12-18T08:23:23.850+0530][info][gc,heap     ] GC(155) Survivor regions: 1->1(28)
[2025-12-18T08:23:23.850+0530][info][gc,heap     ] GC(155) Old regions: 237->237
[2025-12-18T08:23:23.850+0530][info][gc,heap     ] GC(155) Humongous regions: 3->3
[2025-12-18T08:23:23.850+0530][info][gc,metaspace] GC(155) Metaspace: 4069K(4288K)->4069K(4288K) NonClass: 3684K(3776K)->3684K(3776K) Class: 385K(512K)->385K(512K)
[2025-12-18T08:23:23.850+0530][info][gc          ] GC(155) Pause Young (Concurrent Start) (G1 Evacuation Pause) 482M->239M(512M) 2.380ms
[2025-12-18T08:23:23.850+0530][info][gc,cpu      ] GC(155) User=0.00s Sys=0.00s Real=0.00s
[2025-12-18T08:23:23.850+0530][info][gc          ] GC(156) Concurrent Mark Cycle
[2025-12-18T08:23:23.850+0530][info][gc,marking  ] GC(156) Concurrent Scan Root Regions
[2025-12-18T08:23:23.850+0530][info][gc,marking  ] GC(156) Concurrent Scan Root Regions 0.235ms
[2025-12-18T08:23:23.850+0530][info][gc,marking  ] GC(156) Concurrent Mark
[2025-12-18T08:23:23.850+0530][info][gc,marking  ] GC(156) Concurrent Mark From Roots
[2025-12-18T08:23:23.850+0530][info][gc,task     ] GC(156) Using 2 workers of 2 for marking
[2025-12-18T08:23:23.945+0530][info][gc,marking  ] GC(156) Concurrent Mark From Roots 94.752ms
[2025-12-18T08:23:23.945+0530][info][gc,marking  ] GC(156) Concurrent Preclean
[2025-12-18T08:23:23.945+0530][info][gc,marking  ] GC(156) Concurrent Preclean 0.063ms
[2025-12-18T08:23:23.945+0530][info][gc,start    ] GC(156) Pause Remark
[2025-12-18T08:23:23.947+0530][info][gc          ] GC(156) Pause Remark 336M->336M(512M) 1.168ms
[2025-12-18T08:23:23.947+0530][info][gc,cpu      ] GC(156) User=0.00s Sys=0.00s Real=0.00s
[2025-12-18T08:23:23.949+0530][info][gc,marking  ] GC(156) Concurrent Mark 97.736ms
[2025-12-18T08:23:23.949+0530][info][gc,marking  ] GC(156) Concurrent Rebuild Remembered Sets and Scrub Regions
[2025-12-18T08:23:23.995+0530][info][gc,marking  ] GC(156) Concurrent Rebuild Remembered Sets and Scrub Regions 46.321ms
[2025-12-18T08:23:23.995+0530][info][gc,start    ] GC(156) Pause Cleanup
[2025-12-18T08:23:23.995+0530][info][gc          ] GC(156) Pause Cleanup 381M->381M(512M) 0.312ms
[2025-12-18T08:23:23.995+0530][info][gc,cpu      ] GC(156) User=0.00s Sys=0.00s Real=0.00s
[2025-12-18T08:23:23.997+0530][info][gc,marking  ] GC(156) Concurrent Clear Claimed Marks
[2025-12-18T08:23:23.997+0530][info][gc,marking  ] GC(156) Concurrent Clear Claimed Marks 0.062ms
[2025-12-18T08:23:23.997+0530][info][gc,marking  ] GC(156) Concurrent Cleanup for Next Mark
[2025-12-18T08:23:23.997+0530][info][gc,marking  ] GC(156) Concurrent Cleanup for Next Mark 0.756ms
[2025-12-18T08:23:23.999+0530][info][gc          ] GC(156) Concurrent Mark Cycle 147.349ms
[2025-12-18T08:23:24.075+0530][info][gc,start    ] GC(157) Pause Young (Normal) (G1 Evacuation Pause)
[2025-12-18T08:23:24.075+0530][info][gc,task     ] GC(157) Using 8 workers of 8 for evacuation
[2025-12-18T08:23:24.077+0530][info][gc,phases   ] GC(157)   Pre Evacuate Collection Set: 0.2ms
[2025-12-18T08:23:24.077+0530][info][gc,phases   ] GC(157)   Merge Heap Roots: 0.1ms
[2025-12-18T08:23:24.077+0530][info][gc,phases   ] GC(157)   Evacuate Collection Set: 0.5ms
[2025-12-18T08:23:24.077+0530][info][gc,phases   ] GC(157)   Post Evacuate Collection Set: 0.6ms
[2025-12-18T08:23:24.077+0530][info][gc,phases   ] GC(157)   Other: 0.2ms
[2025-12-18T08:23:24.077+0530][info][gc,heap     ] GC(157) Eden regions: 243->0(243)
[2025-12-18T08:23:24.077+0530][info][gc,heap     ] GC(157) Survivor regions: 1->1(28)
[2025-12-18T08:23:24.077+0530][info][gc,heap     ] GC(157) Old regions: 237->237
[2025-12-18T08:23:24.077+0530][info][gc,heap     ] GC(157) Humongous regions: 3->3
[2025-12-18T08:23:24.077+0530][info][gc,metaspace] GC(157) Metaspace: 4069K(4288K)->4069K(4288K) NonClass: 3684K(3776K)->3684K(3776K) Class: 385K(512K)->385K(512K)
[2025-12-18T08:23:24.077+0530][info][gc          ] GC(157) Pause Young (Normal) (G1 Evacuation Pause) 482M->239M(512M) 2.010ms
[2025-12-18T08:23:24.077+0530][info][gc,cpu      ] GC(157) User=0.00s Sys=0.00s Real=0.00s
[2025-12-18T08:23:24.256+0530][info][gc,start    ] GC(158) Pause Young (Concurrent Start) (G1 Evacuation Pause)
[2025-12-18T08:23:24.256+0530][info][gc,task     ] GC(158) Using 8 workers of 8 for evacuation
[2025-12-18T08:23:24.258+0530][info][gc,phases   ] GC(158)   Pre Evacuate Collection Set: 0.3ms
[2025-12-18T08:23:24.258+0530][info][gc,phases   ] GC(158)   Merge Heap Roots: 0.1ms
[2025-12-18T08:23:24.258+0530][info][gc,phases   ] GC(158)   Evacuate Collection Set: 0.7ms
[2025-12-18T08:23:24.258+0530][info][gc,phases   ] GC(158)   Post Evacuate Collection Set: 0.6ms
[2025-12-18T08:23:24.258+0530][info][gc,phases   ] GC(158)   Other: 0.2ms
[2025-12-18T08:23:24.258+0530][info][gc,heap     ] GC(158) Eden regions: 243->0(243)
[2025-12-18T08:23:24.258+0530][info][gc,heap     ] GC(158) Survivor regions: 1->1(28)
[2025-12-18T08:23:24.258+0530][info][gc,heap     ] GC(158) Old regions: 237->237
[2025-12-18T08:23:24.258+0530][info][gc,heap     ] GC(158) Humongous regions: 3->3
[2025-12-18T08:23:24.258+0530][info][gc,metaspace] GC(158) Metaspace: 4070K(4288K)->4070K(4288K) NonClass: 3685K(3776K)->3685K(3776K) Class: 385K(512K)->385K(512K)
[2025-12-18T08:23:24.258+0530][info][gc          ] GC(158) Pause Young (Concurrent Start) (G1 Evacuation Pause) 482M->239M(512M) 2.329ms
[2025-12-18T08:23:24.258+0530][info][gc,cpu      ] GC(158) User=0.00s Sys=0.02s Real=0.00s
[2025-12-18T08:23:24.258+0530][info][gc          ] GC(159) Concurrent Mark Cycle
[2025-12-18T08:23:24.258+0530][info][gc,marking  ] GC(159) Concurrent Scan Root Regions
[2025-12-18T08:23:24.258+0530][info][gc,marking  ] GC(159) Concurrent Scan Root Regions 0.214ms
[2025-12-18T08:23:24.258+0530][info][gc,marking  ] GC(159) Concurrent Mark
[2025-12-18T08:23:24.258+0530][info][gc,marking  ] GC(159) Concurrent Mark From Roots
[2025-12-18T08:23:24.258+0530][info][gc,task     ] GC(159) Using 2 workers of 2 for marking
[2025-12-18T08:23:24.354+0530][info][gc,marking  ] GC(159) Concurrent Mark From Roots 94.908ms
[2025-12-18T08:23:24.354+0530][info][gc,marking  ] GC(159) Concurrent Preclean
[2025-12-18T08:23:24.354+0530][info][gc,marking  ] GC(159) Concurrent Preclean 0.065ms
[2025-12-18T08:23:24.354+0530][info][gc,start    ] GC(159) Pause Remark
[2025-12-18T08:23:24.356+0530][info][gc          ] GC(159) Pause Remark 334M->334M(512M) 1.296ms
[2025-12-18T08:23:24.356+0530][info][gc,cpu      ] GC(159) User=0.00s Sys=0.00s Real=0.00s
[2025-12-18T08:23:24.356+0530][info][gc,marking  ] GC(159) Concurrent Mark 97.132ms
[2025-12-18T08:23:24.356+0530][info][gc,marking  ] GC(159) Concurrent Rebuild Remembered Sets and Scrub Regions
[2025-12-18T08:23:24.403+0530][info][gc,marking  ] GC(159) Concurrent Rebuild Remembered Sets and Scrub Regions 46.843ms
[2025-12-18T08:23:24.403+0530][info][gc,start    ] GC(159) Pause Cleanup
[2025-12-18T08:23:24.403+0530][info][gc          ] GC(159) Pause Cleanup 379M->379M(512M) 0.272ms
[2025-12-18T08:23:24.405+0530][info][gc,cpu      ] GC(159) User=0.00s Sys=0.00s Real=0.00s
[2025-12-18T08:23:24.405+0530][info][gc,marking  ] GC(159) Concurrent Clear Claimed Marks
[2025-12-18T08:23:24.405+0530][info][gc,marking  ] GC(159) Concurrent Clear Claimed Marks 0.061ms
[2025-12-18T08:23:24.405+0530][info][gc,marking  ] GC(159) Concurrent Cleanup for Next Mark
[2025-12-18T08:23:24.405+0530][info][gc,marking  ] GC(159) Concurrent Cleanup for Next Mark 0.733ms
[2025-12-18T08:23:24.405+0530][info][gc          ] GC(159) Concurrent Mark Cycle 146.761ms
[2025-12-18T08:23:24.483+0530][info][gc,start    ] GC(160) Pause Young (Normal) (G1 Evacuation Pause)
[2025-12-18T08:23:24.483+0530][info][gc,task     ] GC(160) Using 8 workers of 8 for evacuation
[2025-12-18T08:23:24.485+0530][info][gc,phases   ] GC(160)   Pre Evacuate Collection Set: 0.3ms
[2025-12-18T08:23:24.485+0530][info][gc,phases   ] GC(160)   Merge Heap Roots: 0.2ms
[2025-12-18T08:23:24.485+0530][info][gc,phases   ] GC(160)   Evacuate Collection Set: 0.5ms
[2025-12-18T08:23:24.485+0530][info][gc,phases   ] GC(160)   Post Evacuate Collection Set: 0.6ms
[2025-12-18T08:23:24.485+0530][info][gc,phases   ] GC(160)   Other: 0.2ms
[2025-12-18T08:23:24.485+0530][info][gc,heap     ] GC(160) Eden regions: 243->0(243)
[2025-12-18T08:23:24.485+0530][info][gc,heap     ] GC(160) Survivor regions: 1->1(28)
[2025-12-18T08:23:24.485+0530][info][gc,heap     ] GC(160) Old regions: 237->237
[2025-12-18T08:23:24.485+0530][info][gc,heap     ] GC(160) Humongous regions: 3->3
[2025-12-18T08:23:24.485+0530][info][gc,metaspace] GC(160) Metaspace: 4070K(4288K)->4070K(4288K) NonClass: 3685K(3776K)->3685K(3776K) Class: 385K(512K)->385K(512K)
[2025-12-18T08:23:24.485+0530][info][gc          ] GC(160) Pause Young (Normal) (G1 Evacuation Pause) 482M->239M(512M) 2.091ms
[2025-12-18T08:23:24.485+0530][info][gc,cpu      ] GC(160) User=0.00s Sys=0.00s Real=0.00s
[2025-12-18T08:23:24.673+0530][info][gc,start    ] GC(161) Pause Young (Concurrent Start) (G1 Evacuation Pause)
[2025-12-18T08:23:24.673+0530][info][gc,task     ] GC(161) Using 8 workers of 8 for evacuation
[2025-12-18T08:23:24.675+0530][info][gc,phases   ] GC(161)   Pre Evacuate Collection Set: 0.3ms
[2025-12-18T08:23:24.675+0530][info][gc,phases   ] GC(161)   Merge Heap Roots: 0.1ms
[2025-12-18T08:23:24.675+0530][info][gc,phases   ] GC(161)   Evacuate Collection Set: 0.6ms
[2025-12-18T08:23:24.675+0530][info][gc,phases   ] GC(161)   Post Evacuate Collection Set: 0.6ms
[2025-12-18T08:23:24.675+0530][info][gc,phases   ] GC(161)   Other: 0.2ms
[2025-12-18T08:23:24.675+0530][info][gc,heap     ] GC(161) Eden regions: 243->0(243)
[2025-12-18T08:23:24.675+0530][info][gc,heap     ] GC(161) Survivor regions: 1->1(28)
[2025-12-18T08:23:24.675+0530][info][gc,heap     ] GC(161) Old regions: 237->237
[2025-12-18T08:23:24.675+0530][info][gc,heap     ] GC(161) Humongous regions: 3->3
[2025-12-18T08:23:24.675+0530][info][gc,metaspace] GC(161) Metaspace: 4070K(4288K)->4070K(4288K) NonClass: 3685K(3776K)->3685K(3776K) Class: 385K(512K)->385K(512K)
[2025-12-18T08:23:24.675+0530][info][gc          ] GC(161) Pause Young (Concurrent Start) (G1 Evacuation Pause) 482M->239M(512M) 2.229ms
[2025-12-18T08:23:24.675+0530][info][gc,cpu      ] GC(161) User=0.00s Sys=0.00s Real=0.00s
[2025-12-18T08:23:24.675+0530][info][gc          ] GC(162) Concurrent Mark Cycle
[2025-12-18T08:23:24.675+0530][info][gc,marking  ] GC(162) Concurrent Scan Root Regions
[2025-12-18T08:23:24.675+0530][info][gc,marking  ] GC(162) Concurrent Scan Root Regions 0.239ms
[2025-12-18T08:23:24.675+0530][info][gc,marking  ] GC(162) Concurrent Mark
[2025-12-18T08:23:24.677+0530][info][gc,marking  ] GC(162) Concurrent Mark From Roots
[2025-12-18T08:23:24.677+0530][info][gc,task     ] GC(162) Using 2 workers of 2 for marking
[2025-12-18T08:23:24.771+0530][info][gc,marking  ] GC(162) Concurrent Mark From Roots 94.192ms
[2025-12-18T08:23:24.771+0530][info][gc,marking  ] GC(162) Concurrent Preclean
[2025-12-18T08:23:24.771+0530][info][gc,marking  ] GC(162) Concurrent Preclean 0.064ms
[2025-12-18T08:23:24.771+0530][info][gc,start    ] GC(162) Pause Remark
[2025-12-18T08:23:24.771+0530][info][gc          ] GC(162) Pause Remark 333M->333M(512M) 1.327ms
[2025-12-18T08:23:24.771+0530][info][gc,cpu      ] GC(162) User=0.00s Sys=0.00s Real=0.00s
[2025-12-18T08:23:24.773+0530][info][gc,marking  ] GC(162) Concurrent Mark 96.691ms
[2025-12-18T08:23:24.773+0530][info][gc,marking  ] GC(162) Concurrent Rebuild Remembered Sets and Scrub Regions
[2025-12-18T08:23:24.819+0530][info][gc,marking  ] GC(162) Concurrent Rebuild Remembered Sets and Scrub Regions 46.323ms
[2025-12-18T08:23:24.819+0530][info][gc,start    ] GC(162) Pause Cleanup
[2025-12-18T08:23:24.819+0530][info][gc          ] GC(162) Pause Cleanup 379M->379M(512M) 0.286ms
[2025-12-18T08:23:24.819+0530][info][gc,cpu      ] GC(162) User=0.00s Sys=0.00s Real=0.00s
[2025-12-18T08:23:24.821+0530][info][gc,marking  ] GC(162) Concurrent Clear Claimed Marks
[2025-12-18T08:23:24.821+0530][info][gc,marking  ] GC(162) Concurrent Clear Claimed Marks 0.066ms
[2025-12-18T08:23:24.821+0530][info][gc,marking  ] GC(162) Concurrent Cleanup for Next Mark
[2025-12-18T08:23:24.821+0530][info][gc,marking  ] GC(162) Concurrent Cleanup for Next Mark 0.739ms
[2025-12-18T08:23:24.821+0530][info][gc          ] GC(162) Concurrent Mark Cycle 146.590ms
[2025-12-18T08:23:24.895+0530][info][gc,start    ] GC(163) Pause Young (Normal) (G1 Evacuation Pause)
[2025-12-18T08:23:24.895+0530][info][gc,task     ] GC(163) Using 8 workers of 8 for evacuation
[2025-12-18T08:23:24.897+0530][info][gc,phases   ] GC(163)   Pre Evacuate Collection Set: 0.3ms
[2025-12-18T08:23:24.897+0530][info][gc,phases   ] GC(163)   Merge Heap Roots: 0.2ms
[2025-12-18T08:23:24.897+0530][info][gc,phases   ] GC(163)   Evacuate Collection Set: 0.6ms
[2025-12-18T08:23:24.897+0530][info][gc,phases   ] GC(163)   Post Evacuate Collection Set: 0.6ms
[2025-12-18T08:23:24.897+0530][info][gc,phases   ] GC(163)   Other: 0.1ms
[2025-12-18T08:23:24.897+0530][info][gc,heap     ] GC(163) Eden regions: 243->0(243)
[2025-12-18T08:23:24.897+0530][info][gc,heap     ] GC(163) Survivor regions: 1->1(28)
[2025-12-18T08:23:24.897+0530][info][gc,heap     ] GC(163) Old regions: 237->237
[2025-12-18T08:23:24.897+0530][info][gc,heap     ] GC(163) Humongous regions: 3->3
[2025-12-18T08:23:24.897+0530][info][gc,metaspace] GC(163) Metaspace: 4070K(4288K)->4070K(4288K) NonClass: 3685K(3776K)->3685K(3776K) Class: 385K(512K)->385K(512K)
[2025-12-18T08:23:24.899+0530][info][gc          ] GC(163) Pause Young (Normal) (G1 Evacuation Pause) 482M->239M(512M) 2.096ms
[2025-12-18T08:23:24.899+0530][info][gc,cpu      ] GC(163) User=0.02s Sys=0.02s Real=0.00s
[2025-12-18T08:23:25.083+0530][info][gc,start    ] GC(164) Pause Young (Concurrent Start) (G1 Evacuation Pause)
[2025-12-18T08:23:25.083+0530][info][gc,task     ] GC(164) Using 8 workers of 8 for evacuation
[2025-12-18T08:23:25.086+0530][info][gc,phases   ] GC(164)   Pre Evacuate Collection Set: 0.3ms
[2025-12-18T08:23:25.086+0530][info][gc,phases   ] GC(164)   Merge Heap Roots: 0.1ms
[2025-12-18T08:23:25.086+0530][info][gc,phases   ] GC(164)   Evacuate Collection Set: 0.7ms
[2025-12-18T08:23:25.086+0530][info][gc,phases   ] GC(164)   Post Evacuate Collection Set: 0.6ms
[2025-12-18T08:23:25.086+0530][info][gc,phases   ] GC(164)   Other: 0.2ms
[2025-12-18T08:23:25.086+0530][info][gc,heap     ] GC(164) Eden regions: 243->0(243)
[2025-12-18T08:23:25.086+0530][info][gc,heap     ] GC(164) Survivor regions: 1->1(28)
[2025-12-18T08:23:25.086+0530][info][gc,heap     ] GC(164) Old regions: 237->237
[2025-12-18T08:23:25.086+0530][info][gc,heap     ] GC(164) Humongous regions: 3->3
[2025-12-18T08:23:25.086+0530][info][gc,metaspace] GC(164) Metaspace: 4070K(4288K)->4070K(4288K) NonClass: 3685K(3776K)->3685K(3776K) Class: 385K(512K)->385K(512K)
[2025-12-18T08:23:25.086+0530][info][gc          ] GC(164) Pause Young (Concurrent Start) (G1 Evacuation Pause) 482M->239M(512M) 2.313ms
[2025-12-18T08:23:25.086+0530][info][gc,cpu      ] GC(164) User=0.00s Sys=0.02s Real=0.00s
[2025-12-18T08:23:25.086+0530][info][gc          ] GC(165) Concurrent Mark Cycle
[2025-12-18T08:23:25.086+0530][info][gc,marking  ] GC(165) Concurrent Scan Root Regions
[2025-12-18T08:23:25.086+0530][info][gc,marking  ] GC(165) Concurrent Scan Root Regions 0.222ms
[2025-12-18T08:23:25.086+0530][info][gc,marking  ] GC(165) Concurrent Mark
[2025-12-18T08:23:25.086+0530][info][gc,marking  ] GC(165) Concurrent Mark From Roots
[2025-12-18T08:23:25.086+0530][info][gc,task     ] GC(165) Using 2 workers of 2 for marking
[2025-12-18T08:23:25.180+0530][info][gc,marking  ] GC(165) Concurrent Mark From Roots 93.841ms
[2025-12-18T08:23:25.180+0530][info][gc,marking  ] GC(165) Concurrent Preclean
[2025-12-18T08:23:25.180+0530][info][gc,marking  ] GC(165) Concurrent Preclean 0.064ms
[2025-12-18T08:23:25.180+0530][info][gc,start    ] GC(165) Pause Remark
[2025-12-18T08:23:25.182+0530][info][gc          ] GC(165) Pause Remark 334M->334M(512M) 1.163ms
[2025-12-18T08:23:25.182+0530][info][gc,cpu      ] GC(165) User=0.00s Sys=0.00s Real=0.00s
[2025-12-18T08:23:25.182+0530][info][gc,marking  ] GC(165) Concurrent Mark 96.860ms
[2025-12-18T08:23:25.182+0530][info][gc,marking  ] GC(165) Concurrent Rebuild Remembered Sets and Scrub Regions
[2025-12-18T08:23:25.229+0530][info][gc,marking  ] GC(165) Concurrent Rebuild Remembered Sets and Scrub Regions 46.498ms
[2025-12-18T08:23:25.229+0530][info][gc,start    ] GC(165) Pause Cleanup
[2025-12-18T08:23:25.229+0530][info][gc          ] GC(165) Pause Cleanup 381M->381M(512M) 0.271ms
[2025-12-18T08:23:25.229+0530][info][gc,cpu      ] GC(165) User=0.00s Sys=0.00s Real=0.00s
[2025-12-18T08:23:25.232+0530][info][gc,marking  ] GC(165) Concurrent Clear Claimed Marks
[2025-12-18T08:23:25.232+0530][info][gc,marking  ] GC(165) Concurrent Clear Claimed Marks 0.059ms
[2025-12-18T08:23:25.232+0530][info][gc,marking  ] GC(165) Concurrent Cleanup for Next Mark
[2025-12-18T08:23:25.232+0530][info][gc,marking  ] GC(165) Concurrent Cleanup for Next Mark 0.731ms
[2025-12-18T08:23:25.232+0530][info][gc          ] GC(165) Concurrent Mark Cycle 146.408ms
[2025-12-18T08:23:25.305+0530][info][gc,start    ] GC(166) Pause Young (Normal) (G1 Evacuation Pause)
[2025-12-18T08:23:25.305+0530][info][gc,task     ] GC(166) Using 8 workers of 8 for evacuation
[2025-12-18T08:23:25.307+0530][info][gc,phases   ] GC(166)   Pre Evacuate Collection Set: 0.3ms
[2025-12-18T08:23:25.307+0530][info][gc,phases   ] GC(166)   Merge Heap Roots: 0.1ms
[2025-12-18T08:23:25.307+0530][info][gc,phases   ] GC(166)   Evacuate Collection Set: 0.5ms
[2025-12-18T08:23:25.307+0530][info][gc,phases   ] GC(166)   Post Evacuate Collection Set: 0.6ms
[2025-12-18T08:23:25.307+0530][info][gc,phases   ] GC(166)   Other: 0.1ms
[2025-12-18T08:23:25.307+0530][info][gc,heap     ] GC(166) Eden regions: 243->0(243)
[2025-12-18T08:23:25.307+0530][info][gc,heap     ] GC(166) Survivor regions: 1->1(28)
[2025-12-18T08:23:25.307+0530][info][gc,heap     ] GC(166) Old regions: 237->237
[2025-12-18T08:23:25.307+0530][info][gc,heap     ] GC(166) Humongous regions: 3->3
[2025-12-18T08:23:25.307+0530][info][gc,metaspace] GC(166) Metaspace: 4070K(4288K)->4070K(4288K) NonClass: 3685K(3776K)->3685K(3776K) Class: 385K(512K)->385K(512K)
[2025-12-18T08:23:25.307+0530][info][gc          ] GC(166) Pause Young (Normal) (G1 Evacuation Pause) 482M->239M(512M) 1.966ms
[2025-12-18T08:23:25.307+0530][info][gc,cpu      ] GC(166) User=0.00s Sys=0.00s Real=0.00s
[2025-12-18T08:23:25.492+0530][info][gc,start    ] GC(167) Pause Young (Concurrent Start) (G1 Evacuation Pause)
[2025-12-18T08:23:25.492+0530][info][gc,task     ] GC(167) Using 8 workers of 8 for evacuation
[2025-12-18T08:23:25.494+0530][info][gc,phases   ] GC(167)   Pre Evacuate Collection Set: 0.3ms
[2025-12-18T08:23:25.494+0530][info][gc,phases   ] GC(167)   Merge Heap Roots: 0.1ms
[2025-12-18T08:23:25.494+0530][info][gc,phases   ] GC(167)   Evacuate Collection Set: 0.7ms
[2025-12-18T08:23:25.494+0530][info][gc,phases   ] GC(167)   Post Evacuate Collection Set: 0.6ms
[2025-12-18T08:23:25.494+0530][info][gc,phases   ] GC(167)   Other: 0.2ms
[2025-12-18T08:23:25.494+0530][info][gc,heap     ] GC(167) Eden regions: 243->0(243)
[2025-12-18T08:23:25.494+0530][info][gc,heap     ] GC(167) Survivor regions: 1->1(28)
[2025-12-18T08:23:25.494+0530][info][gc,heap     ] GC(167) Old regions: 237->237
[2025-12-18T08:23:25.494+0530][info][gc,heap     ] GC(167) Humongous regions: 3->3
[2025-12-18T08:23:25.494+0530][info][gc,metaspace] GC(167) Metaspace: 4078K(4352K)->4078K(4352K) NonClass: 3693K(3840K)->3693K(3840K) Class: 385K(512K)->385K(512K)
[2025-12-18T08:23:25.494+0530][info][gc          ] GC(167) Pause Young (Concurrent Start) (G1 Evacuation Pause) 482M->239M(512M) 2.356ms
[2025-12-18T08:23:25.494+0530][info][gc,cpu      ] GC(167) User=0.00s Sys=0.00s Real=0.00s
[2025-12-18T08:23:25.494+0530][info][gc          ] GC(168) Concurrent Mark Cycle
[2025-12-18T08:23:25.494+0530][info][gc,marking  ] GC(168) Concurrent Scan Root Regions
[2025-12-18T08:23:25.494+0530][info][gc,marking  ] GC(168) Concurrent Scan Root Regions 0.232ms
[2025-12-18T08:23:25.494+0530][info][gc,marking  ] GC(168) Concurrent Mark
[2025-12-18T08:23:25.494+0530][info][gc,marking  ] GC(168) Concurrent Mark From Roots
[2025-12-18T08:23:25.494+0530][info][gc,task     ] GC(168) Using 2 workers of 2 for marking
[2025-12-18T08:23:25.590+0530][info][gc,marking  ] GC(168) Concurrent Mark From Roots 94.787ms
[2025-12-18T08:23:25.590+0530][info][gc,marking  ] GC(168) Concurrent Preclean
[2025-12-18T08:23:25.590+0530][info][gc,marking  ] GC(168) Concurrent Preclean 0.064ms
[2025-12-18T08:23:25.590+0530][info][gc,start    ] GC(168) Pause Remark
[2025-12-18T08:23:25.590+0530][info][gc          ] GC(168) Pause Remark 332M->332M(512M) 1.198ms
[2025-12-18T08:23:25.590+0530][info][gc,cpu      ] GC(168) User=0.00s Sys=0.00s Real=0.00s
[2025-12-18T08:23:25.592+0530][info][gc,marking  ] GC(168) Concurrent Mark 96.844ms
[2025-12-18T08:23:25.592+0530][info][gc,marking  ] GC(168) Concurrent Rebuild Remembered Sets and Scrub Regions
[2025-12-18T08:23:25.637+0530][info][gc,marking  ] GC(168) Concurrent Rebuild Remembered Sets and Scrub Regions 46.812ms
[2025-12-18T08:23:25.639+0530][info][gc,start    ] GC(168) Pause Cleanup
[2025-12-18T08:23:25.639+0530][info][gc          ] GC(168) Pause Cleanup 377M->377M(512M) 0.270ms
[2025-12-18T08:23:25.639+0530][info][gc,cpu      ] GC(168) User=0.00s Sys=0.00s Real=0.00s
[2025-12-18T08:23:25.639+0530][info][gc,marking  ] GC(168) Concurrent Clear Claimed Marks
[2025-12-18T08:23:25.639+0530][info][gc,marking  ] GC(168) Concurrent Clear Claimed Marks 0.064ms
[2025-12-18T08:23:25.639+0530][info][gc,marking  ] GC(168) Concurrent Cleanup for Next Mark
[2025-12-18T08:23:25.641+0530][info][gc,marking  ] GC(168) Concurrent Cleanup for Next Mark 0.744ms
[2025-12-18T08:23:25.641+0530][info][gc          ] GC(168) Concurrent Mark Cycle 146.275ms
[2025-12-18T08:23:25.734+0530][info][gc,start    ] GC(169) Pause Young (Normal) (G1 Evacuation Pause)
[2025-12-18T08:23:25.734+0530][info][gc,task     ] GC(169) Using 8 workers of 8 for evacuation
[2025-12-18T08:23:25.736+0530][info][gc,phases   ] GC(169)   Pre Evacuate Collection Set: 0.3ms
[2025-12-18T08:23:25.736+0530][info][gc,phases   ] GC(169)   Merge Heap Roots: 0.1ms
[2025-12-18T08:23:25.736+0530][info][gc,phases   ] GC(169)   Evacuate Collection Set: 0.5ms
[2025-12-18T08:23:25.736+0530][info][gc,phases   ] GC(169)   Post Evacuate Collection Set: 0.6ms
[2025-12-18T08:23:25.736+0530][info][gc,phases   ] GC(169)   Other: 0.1ms
[2025-12-18T08:23:25.736+0530][info][gc,heap     ] GC(169) Eden regions: 243->0(243)
[2025-12-18T08:23:25.736+0530][info][gc,heap     ] GC(169) Survivor regions: 1->1(28)
[2025-12-18T08:23:25.736+0530][info][gc,heap     ] GC(169) Old regions: 237->237
[2025-12-18T08:23:25.736+0530][info][gc,heap     ] GC(169) Humongous regions: 3->3
[2025-12-18T08:23:25.736+0530][info][gc,metaspace] GC(169) Metaspace: 4078K(4352K)->4078K(4352K) NonClass: 3693K(3840K)->3693K(3840K) Class: 385K(512K)->385K(512K)
[2025-12-18T08:23:25.736+0530][info][gc          ] GC(169) Pause Young (Normal) (G1 Evacuation Pause) 482M->239M(512M) 2.145ms
[2025-12-18T08:23:25.736+0530][info][gc,cpu      ] GC(169) User=0.00s Sys=0.00s Real=0.00s
[2025-12-18T08:23:25.921+0530][info][gc,start    ] GC(170) Pause Young (Concurrent Start) (G1 Evacuation Pause)
[2025-12-18T08:23:25.921+0530][info][gc,task     ] GC(170) Using 8 workers of 8 for evacuation
[2025-12-18T08:23:25.923+0530][info][gc,phases   ] GC(170)   Pre Evacuate Collection Set: 0.3ms
[2025-12-18T08:23:25.923+0530][info][gc,phases   ] GC(170)   Merge Heap Roots: 0.1ms
[2025-12-18T08:23:25.923+0530][info][gc,phases   ] GC(170)   Evacuate Collection Set: 0.7ms
[2025-12-18T08:23:25.923+0530][info][gc,phases   ] GC(170)   Post Evacuate Collection Set: 0.6ms
[2025-12-18T08:23:25.923+0530][info][gc,phases   ] GC(170)   Other: 0.2ms
[2025-12-18T08:23:25.923+0530][info][gc,heap     ] GC(170) Eden regions: 243->0(243)
[2025-12-18T08:23:25.923+0530][info][gc,heap     ] GC(170) Survivor regions: 1->1(28)
[2025-12-18T08:23:25.923+0530][info][gc,heap     ] GC(170) Old regions: 237->237
[2025-12-18T08:23:25.923+0530][info][gc,heap     ] GC(170) Humongous regions: 3->3
[2025-12-18T08:23:25.923+0530][info][gc,metaspace] GC(170) Metaspace: 4078K(4352K)->4078K(4352K) NonClass: 3693K(3840K)->3693K(3840K) Class: 385K(512K)->385K(512K)
[2025-12-18T08:23:25.923+0530][info][gc          ] GC(170) Pause Young (Concurrent Start) (G1 Evacuation Pause) 482M->239M(512M) 2.206ms
[2025-12-18T08:23:25.925+0530][info][gc,cpu      ] GC(170) User=0.00s Sys=0.00s Real=0.00s
[2025-12-18T08:23:25.925+0530][info][gc          ] GC(171) Concurrent Mark Cycle
[2025-12-18T08:23:25.925+0530][info][gc,marking  ] GC(171) Concurrent Scan Root Regions
[2025-12-18T08:23:25.925+0530][info][gc,marking  ] GC(171) Concurrent Scan Root Regions 0.223ms
[2025-12-18T08:23:25.925+0530][info][gc,marking  ] GC(171) Concurrent Mark
[2025-12-18T08:23:25.925+0530][info][gc,marking  ] GC(171) Concurrent Mark From Roots
[2025-12-18T08:23:25.925+0530][info][gc,task     ] GC(171) Using 2 workers of 2 for marking
[2025-12-18T08:23:26.018+0530][info][gc,marking  ] GC(171) Concurrent Mark From Roots 95.298ms
[2025-12-18T08:23:26.018+0530][info][gc,marking  ] GC(171) Concurrent Preclean
[2025-12-18T08:23:26.018+0530][info][gc,marking  ] GC(171) Concurrent Preclean 0.062ms
[2025-12-18T08:23:26.020+0530][info][gc,start    ] GC(171) Pause Remark
[2025-12-18T08:23:26.020+0530][info][gc          ] GC(171) Pause Remark 331M->331M(512M) 1.188ms
[2025-12-18T08:23:26.020+0530][info][gc,cpu      ] GC(171) User=0.00s Sys=0.00s Real=0.00s
[2025-12-18T08:23:26.020+0530][info][gc,marking  ] GC(171) Concurrent Mark 97.385ms
[2025-12-18T08:23:26.020+0530][info][gc,marking  ] GC(171) Concurrent Rebuild Remembered Sets and Scrub Regions
[2025-12-18T08:23:26.067+0530][info][gc,marking  ] GC(171) Concurrent Rebuild Remembered Sets and Scrub Regions 46.785ms
[2025-12-18T08:23:26.069+0530][info][gc,start    ] GC(171) Pause Cleanup
[2025-12-18T08:23:26.069+0530][info][gc          ] GC(171) Pause Cleanup 376M->376M(512M) 0.261ms
[2025-12-18T08:23:26.069+0530][info][gc,cpu      ] GC(171) User=0.00s Sys=0.00s Real=0.00s
[2025-12-18T08:23:26.069+0530][info][gc,marking  ] GC(171) Concurrent Clear Claimed Marks
[2025-12-18T08:23:26.069+0530][info][gc,marking  ] GC(171) Concurrent Clear Claimed Marks 0.064ms
[2025-12-18T08:23:26.069+0530][info][gc,marking  ] GC(171) Concurrent Cleanup for Next Mark
[2025-12-18T08:23:26.071+0530][info][gc,marking  ] GC(171) Concurrent Cleanup for Next Mark 0.740ms
[2025-12-18T08:23:26.071+0530][info][gc          ] GC(171) Concurrent Mark Cycle 146.524ms
[2025-12-18T08:23:26.149+0530][info][gc,start    ] GC(172) Pause Young (Normal) (G1 Evacuation Pause)
[2025-12-18T08:23:26.149+0530][info][gc,task     ] GC(172) Using 8 workers of 8 for evacuation
[2025-12-18T08:23:26.151+0530][info][gc,phases   ] GC(172)   Pre Evacuate Collection Set: 0.3ms
[2025-12-18T08:23:26.151+0530][info][gc,phases   ] GC(172)   Merge Heap Roots: 0.2ms
[2025-12-18T08:23:26.151+0530][info][gc,phases   ] GC(172)   Evacuate Collection Set: 0.5ms
[2025-12-18T08:23:26.151+0530][info][gc,phases   ] GC(172)   Post Evacuate Collection Set: 0.6ms
[2025-12-18T08:23:26.151+0530][info][gc,phases   ] GC(172)   Other: 0.2ms
[2025-12-18T08:23:26.151+0530][info][gc,heap     ] GC(172) Eden regions: 243->0(243)
[2025-12-18T08:23:26.151+0530][info][gc,heap     ] GC(172) Survivor regions: 1->1(28)
[2025-12-18T08:23:26.151+0530][info][gc,heap     ] GC(172) Old regions: 237->237
[2025-12-18T08:23:26.151+0530][info][gc,heap     ] GC(172) Humongous regions: 3->3
[2025-12-18T08:23:26.151+0530][info][gc,metaspace] GC(172) Metaspace: 4078K(4352K)->4078K(4352K) NonClass: 3693K(3840K)->3693K(3840K) Class: 385K(512K)->385K(512K)
[2025-12-18T08:23:26.151+0530][info][gc          ] GC(172) Pause Young (Normal) (G1 Evacuation Pause) 482M->239M(512M) 2.168ms
[2025-12-18T08:23:26.151+0530][info][gc,cpu      ] GC(172) User=0.00s Sys=0.00s Real=0.00s
[2025-12-18T08:23:26.333+0530][info][gc,start    ] GC(173) Pause Young (Concurrent Start) (G1 Evacuation Pause)
[2025-12-18T08:23:26.333+0530][info][gc,task     ] GC(173) Using 8 workers of 8 for evacuation
[2025-12-18T08:23:26.335+0530][info][gc,phases   ] GC(173)   Pre Evacuate Collection Set: 0.3ms
[2025-12-18T08:23:26.335+0530][info][gc,phases   ] GC(173)   Merge Heap Roots: 0.1ms
[2025-12-18T08:23:26.335+0530][info][gc,phases   ] GC(173)   Evacuate Collection Set: 0.7ms
[2025-12-18T08:23:26.335+0530][info][gc,phases   ] GC(173)   Post Evacuate Collection Set: 0.6ms
[2025-12-18T08:23:26.335+0530][info][gc,phases   ] GC(173)   Other: 0.3ms
[2025-12-18T08:23:26.335+0530][info][gc,heap     ] GC(173) Eden regions: 243->0(243)
[2025-12-18T08:23:26.335+0530][info][gc,heap     ] GC(173) Survivor regions: 1->1(28)
[2025-12-18T08:23:26.335+0530][info][gc,heap     ] GC(173) Old regions: 237->237
[2025-12-18T08:23:26.335+0530][info][gc,heap     ] GC(173) Humongous regions: 3->3
[2025-12-18T08:23:26.335+0530][info][gc,metaspace] GC(173) Metaspace: 4078K(4352K)->4078K(4352K) NonClass: 3693K(3840K)->3693K(3840K) Class: 385K(512K)->385K(512K)
[2025-12-18T08:23:26.335+0530][info][gc          ] GC(173) Pause Young (Concurrent Start) (G1 Evacuation Pause) 482M->239M(512M) 2.397ms
[2025-12-18T08:23:26.335+0530][info][gc,cpu      ] GC(173) User=0.00s Sys=0.00s Real=0.00s
[2025-12-18T08:23:26.335+0530][info][gc          ] GC(174) Concurrent Mark Cycle
[2025-12-18T08:23:26.335+0530][info][gc,marking  ] GC(174) Concurrent Scan Root Regions
[2025-12-18T08:23:26.335+0530][info][gc,marking  ] GC(174) Concurrent Scan Root Regions 0.227ms
[2025-12-18T08:23:26.335+0530][info][gc,marking  ] GC(174) Concurrent Mark
[2025-12-18T08:23:26.335+0530][info][gc,marking  ] GC(174) Concurrent Mark From Roots
[2025-12-18T08:23:26.335+0530][info][gc,task     ] GC(174) Using 2 workers of 2 for marking
[2025-12-18T08:23:26.430+0530][info][gc,marking  ] GC(174) Concurrent Mark From Roots 94.659ms
[2025-12-18T08:23:26.430+0530][info][gc,marking  ] GC(174) Concurrent Preclean
[2025-12-18T08:23:26.430+0530][info][gc,marking  ] GC(174) Concurrent Preclean 0.072ms
[2025-12-18T08:23:26.430+0530][info][gc,start    ] GC(174) Pause Remark
[2025-12-18T08:23:26.432+0530][info][gc          ] GC(174) Pause Remark 334M->334M(512M) 1.143ms
[2025-12-18T08:23:26.432+0530][info][gc,cpu      ] GC(174) User=0.00s Sys=0.00s Real=0.00s
[2025-12-18T08:23:26.432+0530][info][gc,marking  ] GC(174) Concurrent Mark 96.990ms
[2025-12-18T08:23:26.432+0530][info][gc,marking  ] GC(174) Concurrent Rebuild Remembered Sets and Scrub Regions
[2025-12-18T08:23:26.479+0530][info][gc,marking  ] GC(174) Concurrent Rebuild Remembered Sets and Scrub Regions 46.466ms
[2025-12-18T08:23:26.479+0530][info][gc,start    ] GC(174) Pause Cleanup
[2025-12-18T08:23:26.479+0530][info][gc          ] GC(174) Pause Cleanup 379M->379M(512M) 0.225ms
[2025-12-18T08:23:26.479+0530][info][gc,cpu      ] GC(174) User=0.00s Sys=0.00s Real=0.00s
[2025-12-18T08:23:26.479+0530][info][gc,marking  ] GC(174) Concurrent Clear Claimed Marks
[2025-12-18T08:23:26.479+0530][info][gc,marking  ] GC(174) Concurrent Clear Claimed Marks 0.074ms
[2025-12-18T08:23:26.479+0530][info][gc,marking  ] GC(174) Concurrent Cleanup for Next Mark
[2025-12-18T08:23:26.481+0530][info][gc,marking  ] GC(174) Concurrent Cleanup for Next Mark 0.779ms
[2025-12-18T08:23:26.481+0530][info][gc          ] GC(174) Concurrent Mark Cycle 145.842ms
[2025-12-18T08:23:26.559+0530][info][gc,start    ] GC(175) Pause Young (Normal) (G1 Evacuation Pause)
[2025-12-18T08:23:26.559+0530][info][gc,task     ] GC(175) Using 8 workers of 8 for evacuation
[2025-12-18T08:23:26.561+0530][info][gc,phases   ] GC(175)   Pre Evacuate Collection Set: 0.3ms
[2025-12-18T08:23:26.561+0530][info][gc,phases   ] GC(175)   Merge Heap Roots: 0.1ms
[2025-12-18T08:23:26.561+0530][info][gc,phases   ] GC(175)   Evacuate Collection Set: 0.4ms
[2025-12-18T08:23:26.561+0530][info][gc,phases   ] GC(175)   Post Evacuate Collection Set: 0.5ms
[2025-12-18T08:23:26.561+0530][info][gc,phases   ] GC(175)   Other: 0.1ms
[2025-12-18T08:23:26.561+0530][info][gc,heap     ] GC(175) Eden regions: 243->0(243)
[2025-12-18T08:23:26.561+0530][info][gc,heap     ] GC(175) Survivor regions: 1->1(28)
[2025-12-18T08:23:26.561+0530][info][gc,heap     ] GC(175) Old regions: 237->237
[2025-12-18T08:23:26.561+0530][info][gc,heap     ] GC(175) Humongous regions: 3->3
[2025-12-18T08:23:26.561+0530][info][gc,metaspace] GC(175) Metaspace: 4087K(4352K)->4087K(4352K) NonClass: 3702K(3840K)->3702K(3840K) Class: 385K(512K)->385K(512K)
[2025-12-18T08:23:26.561+0530][info][gc          ] GC(175) Pause Young (Normal) (G1 Evacuation Pause) 482M->239M(512M) 1.841ms
[2025-12-18T08:23:26.561+0530][info][gc,cpu      ] GC(175) User=0.00s Sys=0.00s Real=0.00s
[2025-12-18T08:23:26.739+0530][info][gc,start    ] GC(176) Pause Young (Concurrent Start) (G1 Evacuation Pause)
[2025-12-18T08:23:26.739+0530][info][gc,task     ] GC(176) Using 8 workers of 8 for evacuation
[2025-12-18T08:23:26.742+0530][info][gc,phases   ] GC(176)   Pre Evacuate Collection Set: 0.3ms
[2025-12-18T08:23:26.742+0530][info][gc,phases   ] GC(176)   Merge Heap Roots: 0.1ms
[2025-12-18T08:23:26.742+0530][info][gc,phases   ] GC(176)   Evacuate Collection Set: 0.7ms
[2025-12-18T08:23:26.742+0530][info][gc,phases   ] GC(176)   Post Evacuate Collection Set: 0.5ms
[2025-12-18T08:23:26.742+0530][info][gc,phases   ] GC(176)   Other: 0.2ms
[2025-12-18T08:23:26.742+0530][info][gc,heap     ] GC(176) Eden regions: 243->0(243)
[2025-12-18T08:23:26.742+0530][info][gc,heap     ] GC(176) Survivor regions: 1->1(28)
[2025-12-18T08:23:26.742+0530][info][gc,heap     ] GC(176) Old regions: 237->237
[2025-12-18T08:23:26.742+0530][info][gc,heap     ] GC(176) Humongous regions: 3->3
[2025-12-18T08:23:26.742+0530][info][gc,metaspace] GC(176) Metaspace: 4087K(4352K)->4087K(4352K) NonClass: 3702K(3840K)->3702K(3840K) Class: 385K(512K)->385K(512K)
[2025-12-18T08:23:26.742+0530][info][gc          ] GC(176) Pause Young (Concurrent Start) (G1 Evacuation Pause) 482M->239M(512M) 2.158ms
[2025-12-18T08:23:26.742+0530][info][gc,cpu      ] GC(176) User=0.00s Sys=0.03s Real=0.00s
[2025-12-18T08:23:26.742+0530][info][gc          ] GC(177) Concurrent Mark Cycle
[2025-12-18T08:23:26.742+0530][info][gc,marking  ] GC(177) Concurrent Scan Root Regions
[2025-12-18T08:23:26.742+0530][info][gc,marking  ] GC(177) Concurrent Scan Root Regions 0.215ms
[2025-12-18T08:23:26.742+0530][info][gc,marking  ] GC(177) Concurrent Mark
[2025-12-18T08:23:26.742+0530][info][gc,marking  ] GC(177) Concurrent Mark From Roots
[2025-12-18T08:23:26.742+0530][info][gc,task     ] GC(177) Using 2 workers of 2 for marking
[2025-12-18T08:23:26.836+0530][info][gc,marking  ] GC(177) Concurrent Mark From Roots 94.191ms
[2025-12-18T08:23:26.838+0530][info][gc,marking  ] GC(177) Concurrent Preclean
[2025-12-18T08:23:26.838+0530][info][gc,marking  ] GC(177) Concurrent Preclean 0.065ms
[2025-12-18T08:23:26.838+0530][info][gc,start    ] GC(177) Pause Remark
[2025-12-18T08:23:26.838+0530][info][gc          ] GC(177) Pause Remark 335M->335M(512M) 1.261ms
[2025-12-18T08:23:26.838+0530][info][gc,cpu      ] GC(177) User=0.00s Sys=0.00s Real=0.00s
[2025-12-18T08:23:26.840+0530][info][gc,marking  ] GC(177) Concurrent Mark 96.684ms
[2025-12-18T08:23:26.840+0530][info][gc,marking  ] GC(177) Concurrent Rebuild Remembered Sets and Scrub Regions
[2025-12-18T08:23:26.886+0530][info][gc,marking  ] GC(177) Concurrent Rebuild Remembered Sets and Scrub Regions 46.125ms
[2025-12-18T08:23:26.886+0530][info][gc,start    ] GC(177) Pause Cleanup
[2025-12-18T08:23:26.886+0530][info][gc          ] GC(177) Pause Cleanup 381M->381M(512M) 0.239ms
[2025-12-18T08:23:26.886+0530][info][gc,cpu      ] GC(177) User=0.00s Sys=0.00s Real=0.00s
[2025-12-18T08:23:26.888+0530][info][gc,marking  ] GC(177) Concurrent Clear Claimed Marks
[2025-12-18T08:23:26.888+0530][info][gc,marking  ] GC(177) Concurrent Clear Claimed Marks 0.064ms
[2025-12-18T08:23:26.888+0530][info][gc,marking  ] GC(177) Concurrent Cleanup for Next Mark
[2025-12-18T08:23:26.888+0530][info][gc,marking  ] GC(177) Concurrent Cleanup for Next Mark 0.758ms
[2025-12-18T08:23:26.888+0530][info][gc          ] GC(177) Concurrent Mark Cycle 145.254ms
[2025-12-18T08:23:26.961+0530][info][gc,start    ] GC(178) Pause Young (Normal) (G1 Evacuation Pause)
[2025-12-18T08:23:26.961+0530][info][gc,task     ] GC(178) Using 8 workers of 8 for evacuation
[2025-12-18T08:23:26.961+0530][info][gc,phases   ] GC(178)   Pre Evacuate Collection Set: 0.2ms
[2025-12-18T08:23:26.961+0530][info][gc,phases   ] GC(178)   Merge Heap Roots: 0.1ms
[2025-12-18T08:23:26.961+0530][info][gc,phases   ] GC(178)   Evacuate Collection Set: 0.5ms
[2025-12-18T08:23:26.961+0530][info][gc,phases   ] GC(178)   Post Evacuate Collection Set: 0.6ms
[2025-12-18T08:23:26.961+0530][info][gc,phases   ] GC(178)   Other: 0.2ms
[2025-12-18T08:23:26.961+0530][info][gc,heap     ] GC(178) Eden regions: 243->0(243)
[2025-12-18T08:23:26.961+0530][info][gc,heap     ] GC(178) Survivor regions: 1->1(28)
[2025-12-18T08:23:26.963+0530][info][gc,heap     ] GC(178) Old regions: 237->237
[2025-12-18T08:23:26.963+0530][info][gc,heap     ] GC(178) Humongous regions: 3->3
[2025-12-18T08:23:26.963+0530][info][gc,metaspace] GC(178) Metaspace: 4087K(4352K)->4087K(4352K) NonClass: 3702K(3840K)->3702K(3840K) Class: 385K(512K)->385K(512K)
[2025-12-18T08:23:26.963+0530][info][gc          ] GC(178) Pause Young (Normal) (G1 Evacuation Pause) 482M->239M(512M) 2.069ms
[2025-12-18T08:23:26.963+0530][info][gc,cpu      ] GC(178) User=0.00s Sys=0.00s Real=0.00s
[2025-12-18T08:23:27.146+0530][info][gc,start    ] GC(179) Pause Young (Concurrent Start) (G1 Evacuation Pause)
[2025-12-18T08:23:27.146+0530][info][gc,task     ] GC(179) Using 8 workers of 8 for evacuation
[2025-12-18T08:23:27.149+0530][info][gc,phases   ] GC(179)   Pre Evacuate Collection Set: 0.3ms
[2025-12-18T08:23:27.149+0530][info][gc,phases   ] GC(179)   Merge Heap Roots: 0.2ms
[2025-12-18T08:23:27.149+0530][info][gc,phases   ] GC(179)   Evacuate Collection Set: 0.6ms
[2025-12-18T08:23:27.149+0530][info][gc,phases   ] GC(179)   Post Evacuate Collection Set: 0.6ms
[2025-12-18T08:23:27.149+0530][info][gc,phases   ] GC(179)   Other: 0.2ms
[2025-12-18T08:23:27.149+0530][info][gc,heap     ] GC(179) Eden regions: 243->0(243)
[2025-12-18T08:23:27.149+0530][info][gc,heap     ] GC(179) Survivor regions: 1->1(28)
[2025-12-18T08:23:27.149+0530][info][gc,heap     ] GC(179) Old regions: 237->237
[2025-12-18T08:23:27.149+0530][info][gc,heap     ] GC(179) Humongous regions: 3->3
[2025-12-18T08:23:27.149+0530][info][gc,metaspace] GC(179) Metaspace: 4087K(4352K)->4087K(4352K) NonClass: 3702K(3840K)->3702K(3840K) Class: 385K(512K)->385K(512K)
[2025-12-18T08:23:27.149+0530][info][gc          ] GC(179) Pause Young (Concurrent Start) (G1 Evacuation Pause) 482M->239M(512M) 2.288ms
[2025-12-18T08:23:27.149+0530][info][gc,cpu      ] GC(179) User=0.02s Sys=0.00s Real=0.00s
[2025-12-18T08:23:27.149+0530][info][gc          ] GC(180) Concurrent Mark Cycle
[2025-12-18T08:23:27.149+0530][info][gc,marking  ] GC(180) Concurrent Scan Root Regions
[2025-12-18T08:23:27.149+0530][info][gc,marking  ] GC(180) Concurrent Scan Root Regions 0.243ms
[2025-12-18T08:23:27.149+0530][info][gc,marking  ] GC(180) Concurrent Mark
[2025-12-18T08:23:27.149+0530][info][gc,marking  ] GC(180) Concurrent Mark From Roots
[2025-12-18T08:23:27.149+0530][info][gc,task     ] GC(180) Using 2 workers of 2 for marking
[2025-12-18T08:23:27.242+0530][info][gc,marking  ] GC(180) Concurrent Mark From Roots 94.176ms
[2025-12-18T08:23:27.242+0530][info][gc,marking  ] GC(180) Concurrent Preclean
[2025-12-18T08:23:27.242+0530][info][gc,marking  ] GC(180) Concurrent Preclean 0.032ms
[2025-12-18T08:23:27.244+0530][info][gc,start    ] GC(180) Pause Remark
[2025-12-18T08:23:27.244+0530][info][gc          ] GC(180) Pause Remark 333M->333M(512M) 1.218ms
[2025-12-18T08:23:27.244+0530][info][gc,cpu      ] GC(180) User=0.00s Sys=0.00s Real=0.00s
[2025-12-18T08:23:27.244+0530][info][gc,marking  ] GC(180) Concurrent Mark 96.375ms
[2025-12-18T08:23:27.246+0530][info][gc,marking  ] GC(180) Concurrent Rebuild Remembered Sets and Scrub Regions
[2025-12-18T08:23:27.292+0530][info][gc,marking  ] GC(180) Concurrent Rebuild Remembered Sets and Scrub Regions 46.446ms
[2025-12-18T08:23:27.292+0530][info][gc,start    ] GC(180) Pause Cleanup
[2025-12-18T08:23:27.294+0530][info][gc          ] GC(180) Pause Cleanup 380M->380M(512M) 0.248ms
[2025-12-18T08:23:27.294+0530][info][gc,cpu      ] GC(180) User=0.00s Sys=0.00s Real=0.00s
[2025-12-18T08:23:27.294+0530][info][gc,marking  ] GC(180) Concurrent Clear Claimed Marks
[2025-12-18T08:23:27.294+0530][info][gc,marking  ] GC(180) Concurrent Clear Claimed Marks 0.062ms
[2025-12-18T08:23:27.294+0530][info][gc,marking  ] GC(180) Concurrent Cleanup for Next Mark
[2025-12-18T08:23:27.294+0530][info][gc,marking  ] GC(180) Concurrent Cleanup for Next Mark 0.741ms
[2025-12-18T08:23:27.294+0530][info][gc          ] GC(180) Concurrent Mark Cycle 145.657ms
[2025-12-18T08:23:27.370+0530][info][gc,start    ] GC(181) Pause Young (Normal) (G1 Evacuation Pause)
[2025-12-18T08:23:27.370+0530][info][gc,task     ] GC(181) Using 8 workers of 8 for evacuation
[2025-12-18T08:23:27.372+0530][info][gc,phases   ] GC(181)   Pre Evacuate Collection Set: 0.2ms
[2025-12-18T08:23:27.372+0530][info][gc,phases   ] GC(181)   Merge Heap Roots: 0.1ms
[2025-12-18T08:23:27.372+0530][info][gc,phases   ] GC(181)   Evacuate Collection Set: 0.5ms
[2025-12-18T08:23:27.372+0530][info][gc,phases   ] GC(181)   Post Evacuate Collection Set: 0.6ms
[2025-12-18T08:23:27.372+0530][info][gc,phases   ] GC(181)   Other: 0.2ms
[2025-12-18T08:23:27.372+0530][info][gc,heap     ] GC(181) Eden regions: 243->0(243)
[2025-12-18T08:23:27.372+0530][info][gc,heap     ] GC(181) Survivor regions: 1->1(28)
[2025-12-18T08:23:27.372+0530][info][gc,heap     ] GC(181) Old regions: 237->237
[2025-12-18T08:23:27.372+0530][info][gc,heap     ] GC(181) Humongous regions: 3->3
[2025-12-18T08:23:27.372+0530][info][gc,metaspace] GC(181) Metaspace: 4087K(4352K)->4087K(4352K) NonClass: 3702K(3840K)->3702K(3840K) Class: 385K(512K)->385K(512K)
[2025-12-18T08:23:27.372+0530][info][gc          ] GC(181) Pause Young (Normal) (G1 Evacuation Pause) 482M->239M(512M) 1.965ms
[2025-12-18T08:23:27.372+0530][info][gc,cpu      ] GC(181) User=0.00s Sys=0.00s Real=0.00s
[2025-12-18T08:23:27.552+0530][info][gc,start    ] GC(182) Pause Young (Concurrent Start) (G1 Evacuation Pause)
[2025-12-18T08:23:27.552+0530][info][gc,task     ] GC(182) Using 8 workers of 8 for evacuation
[2025-12-18T08:23:27.554+0530][info][gc,phases   ] GC(182)   Pre Evacuate Collection Set: 0.3ms
[2025-12-18T08:23:27.554+0530][info][gc,phases   ] GC(182)   Merge Heap Roots: 0.1ms
[2025-12-18T08:23:27.554+0530][info][gc,phases   ] GC(182)   Evacuate Collection Set: 0.8ms
[2025-12-18T08:23:27.554+0530][info][gc,phases   ] GC(182)   Post Evacuate Collection Set: 0.6ms
[2025-12-18T08:23:27.554+0530][info][gc,phases   ] GC(182)   Other: 0.2ms
[2025-12-18T08:23:27.554+0530][info][gc,heap     ] GC(182) Eden regions: 243->0(243)
[2025-12-18T08:23:27.554+0530][info][gc,heap     ] GC(182) Survivor regions: 1->1(28)
[2025-12-18T08:23:27.554+0530][info][gc,heap     ] GC(182) Old regions: 237->237
[2025-12-18T08:23:27.554+0530][info][gc,heap     ] GC(182) Humongous regions: 3->3
[2025-12-18T08:23:27.554+0530][info][gc,metaspace] GC(182) Metaspace: 4087K(4352K)->4087K(4352K) NonClass: 3702K(3840K)->3702K(3840K) Class: 385K(512K)->385K(512K)
[2025-12-18T08:23:27.554+0530][info][gc          ] GC(182) Pause Young (Concurrent Start) (G1 Evacuation Pause) 482M->239M(512M) 2.432ms
[2025-12-18T08:23:27.554+0530][info][gc,cpu      ] GC(182) User=0.00s Sys=0.00s Real=0.00s
[2025-12-18T08:23:27.554+0530][info][gc          ] GC(183) Concurrent Mark Cycle
[2025-12-18T08:23:27.555+0530][info][gc,marking  ] GC(183) Concurrent Scan Root Regions
[2025-12-18T08:23:27.555+0530][info][gc,marking  ] GC(183) Concurrent Scan Root Regions 0.263ms
[2025-12-18T08:23:27.555+0530][info][gc,marking  ] GC(183) Concurrent Mark
[2025-12-18T08:23:27.555+0530][info][gc,marking  ] GC(183) Concurrent Mark From Roots
[2025-12-18T08:23:27.555+0530][info][gc,task     ] GC(183) Using 2 workers of 2 for marking
[2025-12-18T08:23:27.649+0530][info][gc,marking  ] GC(183) Concurrent Mark From Roots 94.683ms
[2025-12-18T08:23:27.649+0530][info][gc,marking  ] GC(183) Concurrent Preclean
[2025-12-18T08:23:27.649+0530][info][gc,marking  ] GC(183) Concurrent Preclean 0.062ms
[2025-12-18T08:23:27.649+0530][info][gc,start    ] GC(183) Pause Remark
[2025-12-18T08:23:27.651+0530][info][gc          ] GC(183) Pause Remark 336M->336M(512M) 1.125ms
[2025-12-18T08:23:27.651+0530][info][gc,cpu      ] GC(183) User=0.00s Sys=0.00s Real=0.00s
[2025-12-18T08:23:27.653+0530][info][gc,marking  ] GC(183) Concurrent Mark 97.551ms
[2025-12-18T08:23:27.653+0530][info][gc,marking  ] GC(183) Concurrent Rebuild Remembered Sets and Scrub Regions
[2025-12-18T08:23:27.700+0530][info][gc,marking  ] GC(183) Concurrent Rebuild Remembered Sets and Scrub Regions 47.175ms
[2025-12-18T08:23:27.700+0530][info][gc,start    ] GC(183) Pause Cleanup
[2025-12-18T08:23:27.700+0530][info][gc          ] GC(183) Pause Cleanup 380M->380M(512M) 0.283ms
[2025-12-18T08:23:27.700+0530][info][gc,cpu      ] GC(183) User=0.00s Sys=0.00s Real=0.00s
[2025-12-18T08:23:27.700+0530][info][gc,marking  ] GC(183) Concurrent Clear Claimed Marks
[2025-12-18T08:23:27.700+0530][info][gc,marking  ] GC(183) Concurrent Clear Claimed Marks 0.063ms
[2025-12-18T08:23:27.700+0530][info][gc,marking  ] GC(183) Concurrent Cleanup for Next Mark
[2025-12-18T08:23:27.700+0530][info][gc,marking  ] GC(183) Concurrent Cleanup for Next Mark 0.733ms
[2025-12-18T08:23:27.702+0530][info][gc          ] GC(183) Concurrent Mark Cycle 146.841ms
[2025-12-18T08:23:27.780+0530][info][gc,start    ] GC(184) Pause Young (Normal) (G1 Evacuation Pause)
[2025-12-18T08:23:27.782+0530][info][gc,task     ] GC(184) Using 8 workers of 8 for evacuation
[2025-12-18T08:23:27.782+0530][info][gc,phases   ] GC(184)   Pre Evacuate Collection Set: 0.3ms
[2025-12-18T08:23:27.782+0530][info][gc,phases   ] GC(184)   Merge Heap Roots: 0.1ms
[2025-12-18T08:23:27.782+0530][info][gc,phases   ] GC(184)   Evacuate Collection Set: 0.6ms
[2025-12-18T08:23:27.782+0530][info][gc,phases   ] GC(184)   Post Evacuate Collection Set: 0.6ms
[2025-12-18T08:23:27.782+0530][info][gc,phases   ] GC(184)   Other: 0.2ms
[2025-12-18T08:23:27.782+0530][info][gc,heap     ] GC(184) Eden regions: 243->0(243)
[2025-12-18T08:23:27.782+0530][info][gc,heap     ] GC(184) Survivor regions: 1->1(28)
[2025-12-18T08:23:27.782+0530][info][gc,heap     ] GC(184) Old regions: 237->237
[2025-12-18T08:23:27.782+0530][info][gc,heap     ] GC(184) Humongous regions: 3->3
[2025-12-18T08:23:27.782+0530][info][gc,metaspace] GC(184) Metaspace: 4087K(4352K)->4087K(4352K) NonClass: 3702K(3840K)->3702K(3840K) Class: 385K(512K)->385K(512K)
[2025-12-18T08:23:27.784+0530][info][gc          ] GC(184) Pause Young (Normal) (G1 Evacuation Pause) 482M->239M(512M) 2.140ms
[2025-12-18T08:23:27.784+0530][info][gc,cpu      ] GC(184) User=0.00s Sys=0.00s Real=0.00s
[2025-12-18T08:23:27.965+0530][info][gc,start    ] GC(185) Pause Young (Concurrent Start) (G1 Evacuation Pause)
[2025-12-18T08:23:27.965+0530][info][gc,task     ] GC(185) Using 8 workers of 8 for evacuation
[2025-12-18T08:23:27.967+0530][info][gc,phases   ] GC(185)   Pre Evacuate Collection Set: 0.2ms
[2025-12-18T08:23:27.967+0530][info][gc,phases   ] GC(185)   Merge Heap Roots: 0.1ms
[2025-12-18T08:23:27.967+0530][info][gc,phases   ] GC(185)   Evacuate Collection Set: 0.7ms
[2025-12-18T08:23:27.967+0530][info][gc,phases   ] GC(185)   Post Evacuate Collection Set: 0.6ms
[2025-12-18T08:23:27.967+0530][info][gc,phases   ] GC(185)   Other: 0.2ms
[2025-12-18T08:23:27.967+0530][info][gc,heap     ] GC(185) Eden regions: 243->0(243)
[2025-12-18T08:23:27.967+0530][info][gc,heap     ] GC(185) Survivor regions: 1->1(28)
[2025-12-18T08:23:27.967+0530][info][gc,heap     ] GC(185) Old regions: 237->237
[2025-12-18T08:23:27.967+0530][info][gc,heap     ] GC(185) Humongous regions: 3->3
[2025-12-18T08:23:27.967+0530][info][gc,metaspace] GC(185) Metaspace: 4087K(4352K)->4087K(4352K) NonClass: 3702K(3840K)->3702K(3840K) Class: 385K(512K)->385K(512K)
[2025-12-18T08:23:27.967+0530][info][gc          ] GC(185) Pause Young (Concurrent Start) (G1 Evacuation Pause) 482M->239M(512M) 2.301ms
[2025-12-18T08:23:27.967+0530][info][gc,cpu      ] GC(185) User=0.00s Sys=0.00s Real=0.00s
[2025-12-18T08:23:27.967+0530][info][gc          ] GC(186) Concurrent Mark Cycle
[2025-12-18T08:23:27.967+0530][info][gc,marking  ] GC(186) Concurrent Scan Root Regions
[2025-12-18T08:23:27.967+0530][info][gc,marking  ] GC(186) Concurrent Scan Root Regions 0.243ms
[2025-12-18T08:23:27.967+0530][info][gc,marking  ] GC(186) Concurrent Mark
[2025-12-18T08:23:27.969+0530][info][gc,marking  ] GC(186) Concurrent Mark From Roots
[2025-12-18T08:23:27.969+0530][info][gc,task     ] GC(186) Using 2 workers of 2 for marking
[2025-12-18T08:23:28.063+0530][info][gc,marking  ] GC(186) Concurrent Mark From Roots 94.019ms
[2025-12-18T08:23:28.063+0530][info][gc,marking  ] GC(186) Concurrent Preclean
[2025-12-18T08:23:28.063+0530][info][gc,marking  ] GC(186) Concurrent Preclean 0.068ms
[2025-12-18T08:23:28.063+0530][info][gc,start    ] GC(186) Pause Remark
[2025-12-18T08:23:28.065+0530][info][gc          ] GC(186) Pause Remark 334M->334M(512M) 1.170ms
[2025-12-18T08:23:28.065+0530][info][gc,cpu      ] GC(186) User=0.00s Sys=0.00s Real=0.00s
[2025-12-18T08:23:28.065+0530][info][gc,marking  ] GC(186) Concurrent Mark 96.154ms
[2025-12-18T08:23:28.065+0530][info][gc,marking  ] GC(186) Concurrent Rebuild Remembered Sets and Scrub Regions
[2025-12-18T08:23:28.110+0530][info][gc,marking  ] GC(186) Concurrent Rebuild Remembered Sets and Scrub Regions 46.613ms
[2025-12-18T08:23:28.112+0530][info][gc,start    ] GC(186) Pause Cleanup
[2025-12-18T08:23:28.112+0530][info][gc          ] GC(186) Pause Cleanup 379M->379M(512M) 0.233ms
[2025-12-18T08:23:28.112+0530][info][gc,cpu      ] GC(186) User=0.00s Sys=0.00s Real=0.00s
[2025-12-18T08:23:28.112+0530][info][gc,marking  ] GC(186) Concurrent Clear Claimed Marks
[2025-12-18T08:23:28.112+0530][info][gc,marking  ] GC(186) Concurrent Clear Claimed Marks 0.060ms
[2025-12-18T08:23:28.112+0530][info][gc,marking  ] GC(186) Concurrent Cleanup for Next Mark
[2025-12-18T08:23:28.114+0530][info][gc,marking  ] GC(186) Concurrent Cleanup for Next Mark 0.757ms
[2025-12-18T08:23:28.114+0530][info][gc          ] GC(186) Concurrent Mark Cycle 145.903ms
[2025-12-18T08:23:28.190+0530][info][gc,start    ] GC(187) Pause Young (Normal) (G1 Evacuation Pause)
[2025-12-18T08:23:28.190+0530][info][gc,task     ] GC(187) Using 8 workers of 8 for evacuation
[2025-12-18T08:23:28.192+0530][info][gc,phases   ] GC(187)   Pre Evacuate Collection Set: 0.3ms
[2025-12-18T08:23:28.192+0530][info][gc,phases   ] GC(187)   Merge Heap Roots: 0.1ms
[2025-12-18T08:23:28.192+0530][info][gc,phases   ] GC(187)   Evacuate Collection Set: 0.6ms
[2025-12-18T08:23:28.192+0530][info][gc,phases   ] GC(187)   Post Evacuate Collection Set: 0.6ms
[2025-12-18T08:23:28.192+0530][info][gc,phases   ] GC(187)   Other: 0.2ms
[2025-12-18T08:23:28.192+0530][info][gc,heap     ] GC(187) Eden regions: 243->0(243)
[2025-12-18T08:23:28.192+0530][info][gc,heap     ] GC(187) Survivor regions: 1->1(28)
[2025-12-18T08:23:28.192+0530][info][gc,heap     ] GC(187) Old regions: 237->237
[2025-12-18T08:23:28.192+0530][info][gc,heap     ] GC(187) Humongous regions: 3->3
[2025-12-18T08:23:28.192+0530][info][gc,metaspace] GC(187) Metaspace: 4087K(4352K)->4087K(4352K) NonClass: 3702K(3840K)->3702K(3840K) Class: 385K(512K)->385K(512K)
[2025-12-18T08:23:28.192+0530][info][gc          ] GC(187) Pause Young (Normal) (G1 Evacuation Pause) 482M->239M(512M) 2.151ms
[2025-12-18T08:23:28.192+0530][info][gc,cpu      ] GC(187) User=0.00s Sys=0.00s Real=0.00s
[2025-12-18T08:23:28.374+0530][info][gc,start    ] GC(188) Pause Young (Concurrent Start) (G1 Evacuation Pause)
[2025-12-18T08:23:28.374+0530][info][gc,task     ] GC(188) Using 8 workers of 8 for evacuation
[2025-12-18T08:23:28.376+0530][info][gc,phases   ] GC(188)   Pre Evacuate Collection Set: 0.3ms
[2025-12-18T08:23:28.376+0530][info][gc,phases   ] GC(188)   Merge Heap Roots: 0.2ms
[2025-12-18T08:23:28.376+0530][info][gc,phases   ] GC(188)   Evacuate Collection Set: 0.7ms
[2025-12-18T08:23:28.376+0530][info][gc,phases   ] GC(188)   Post Evacuate Collection Set: 0.6ms
[2025-12-18T08:23:28.376+0530][info][gc,phases   ] GC(188)   Other: 0.2ms
[2025-12-18T08:23:28.376+0530][info][gc,heap     ] GC(188) Eden regions: 243->0(243)
[2025-12-18T08:23:28.376+0530][info][gc,heap     ] GC(188) Survivor regions: 1->1(28)
[2025-12-18T08:23:28.376+0530][info][gc,heap     ] GC(188) Old regions: 237->237
[2025-12-18T08:23:28.376+0530][info][gc,heap     ] GC(188) Humongous regions: 3->3
[2025-12-18T08:23:28.376+0530][info][gc,metaspace] GC(188) Metaspace: 4087K(4352K)->4087K(4352K) NonClass: 3702K(3840K)->3702K(3840K) Class: 385K(512K)->385K(512K)
[2025-12-18T08:23:28.376+0530][info][gc          ] GC(188) Pause Young (Concurrent Start) (G1 Evacuation Pause) 482M->239M(512M) 2.238ms
[2025-12-18T08:23:28.376+0530][info][gc,cpu      ] GC(188) User=0.00s Sys=0.00s Real=0.00s
[2025-12-18T08:23:28.376+0530][info][gc          ] GC(189) Concurrent Mark Cycle
[2025-12-18T08:23:28.376+0530][info][gc,marking  ] GC(189) Concurrent Scan Root Regions
[2025-12-18T08:23:28.376+0530][info][gc,marking  ] GC(189) Concurrent Scan Root Regions 0.208ms
[2025-12-18T08:23:28.376+0530][info][gc,marking  ] GC(189) Concurrent Mark
[2025-12-18T08:23:28.376+0530][info][gc,marking  ] GC(189) Concurrent Mark From Roots
[2025-12-18T08:23:28.378+0530][info][gc,task     ] GC(189) Using 2 workers of 2 for marking
[2025-12-18T08:23:28.471+0530][info][gc,marking  ] GC(189) Concurrent Mark From Roots 94.409ms
[2025-12-18T08:23:28.471+0530][info][gc,marking  ] GC(189) Concurrent Preclean
[2025-12-18T08:23:28.471+0530][info][gc,marking  ] GC(189) Concurrent Preclean 0.064ms
[2025-12-18T08:23:28.471+0530][info][gc,start    ] GC(189) Pause Remark
[2025-12-18T08:23:28.473+0530][info][gc          ] GC(189) Pause Remark 332M->332M(512M) 1.179ms
[2025-12-18T08:23:28.473+0530][info][gc,cpu      ] GC(189) User=0.00s Sys=0.00s Real=0.00s
[2025-12-18T08:23:28.473+0530][info][gc,marking  ] GC(189) Concurrent Mark 96.977ms
[2025-12-18T08:23:28.473+0530][info][gc,marking  ] GC(189) Concurrent Rebuild Remembered Sets and Scrub Regions
[2025-12-18T08:23:28.521+0530][info][gc,marking  ] GC(189) Concurrent Rebuild Remembered Sets and Scrub Regions 46.359ms
[2025-12-18T08:23:28.521+0530][info][gc,start    ] GC(189) Pause Cleanup
[2025-12-18T08:23:28.521+0530][info][gc          ] GC(189) Pause Cleanup 378M->378M(512M) 0.237ms
[2025-12-18T08:23:28.521+0530][info][gc,cpu      ] GC(189) User=0.00s Sys=0.00s Real=0.00s
[2025-12-18T08:23:28.523+0530][info][gc,marking  ] GC(189) Concurrent Clear Claimed Marks
[2025-12-18T08:23:28.523+0530][info][gc,marking  ] GC(189) Concurrent Clear Claimed Marks 0.067ms
[2025-12-18T08:23:28.523+0530][info][gc,marking  ] GC(189) Concurrent Cleanup for Next Mark
[2025-12-18T08:23:28.524+0530][info][gc,marking  ] GC(189) Concurrent Cleanup for Next Mark 0.819ms
[2025-12-18T08:23:28.524+0530][info][gc          ] GC(189) Concurrent Mark Cycle 146.609ms
[2025-12-18T08:23:28.599+0530][info][gc,start    ] GC(190) Pause Young (Normal) (G1 Evacuation Pause)
[2025-12-18T08:23:28.599+0530][info][gc,task     ] GC(190) Using 8 workers of 8 for evacuation
[2025-12-18T08:23:28.601+0530][info][gc,phases   ] GC(190)   Pre Evacuate Collection Set: 0.3ms
[2025-12-18T08:23:28.601+0530][info][gc,phases   ] GC(190)   Merge Heap Roots: 0.2ms
[2025-12-18T08:23:28.601+0530][info][gc,phases   ] GC(190)   Evacuate Collection Set: 0.4ms
[2025-12-18T08:23:28.601+0530][info][gc,phases   ] GC(190)   Post Evacuate Collection Set: 0.5ms
[2025-12-18T08:23:28.601+0530][info][gc,phases   ] GC(190)   Other: 0.1ms
[2025-12-18T08:23:28.601+0530][info][gc,heap     ] GC(190) Eden regions: 243->0(243)
[2025-12-18T08:23:28.601+0530][info][gc,heap     ] GC(190) Survivor regions: 1->1(28)
[2025-12-18T08:23:28.601+0530][info][gc,heap     ] GC(190) Old regions: 237->237
[2025-12-18T08:23:28.601+0530][info][gc,heap     ] GC(190) Humongous regions: 3->3
[2025-12-18T08:23:28.601+0530][info][gc,metaspace] GC(190) Metaspace: 4087K(4352K)->4087K(4352K) NonClass: 3702K(3840K)->3702K(3840K) Class: 385K(512K)->385K(512K)
[2025-12-18T08:23:28.601+0530][info][gc          ] GC(190) Pause Young (Normal) (G1 Evacuation Pause) 482M->239M(512M) 1.874ms
[2025-12-18T08:23:28.601+0530][info][gc,cpu      ] GC(190) User=0.02s Sys=0.00s Real=0.00s
[2025-12-18T08:23:28.789+0530][info][gc,start    ] GC(191) Pause Young (Concurrent Start) (G1 Evacuation Pause)
[2025-12-18T08:23:28.789+0530][info][gc,task     ] GC(191) Using 8 workers of 8 for evacuation
[2025-12-18T08:23:28.791+0530][info][gc,phases   ] GC(191)   Pre Evacuate Collection Set: 0.3ms
[2025-12-18T08:23:28.791+0530][info][gc,phases   ] GC(191)   Merge Heap Roots: 0.2ms
[2025-12-18T08:23:28.791+0530][info][gc,phases   ] GC(191)   Evacuate Collection Set: 0.7ms
[2025-12-18T08:23:28.791+0530][info][gc,phases   ] GC(191)   Post Evacuate Collection Set: 0.6ms
[2025-12-18T08:23:28.791+0530][info][gc,phases   ] GC(191)   Other: 0.2ms
[2025-12-18T08:23:28.791+0530][info][gc,heap     ] GC(191) Eden regions: 243->0(243)
[2025-12-18T08:23:28.791+0530][info][gc,heap     ] GC(191) Survivor regions: 1->1(28)
[2025-12-18T08:23:28.791+0530][info][gc,heap     ] GC(191) Old regions: 237->237
[2025-12-18T08:23:28.791+0530][info][gc,heap     ] GC(191) Humongous regions: 3->3
[2025-12-18T08:23:28.791+0530][info][gc,metaspace] GC(191) Metaspace: 4090K(4352K)->4090K(4352K) NonClass: 3705K(3840K)->3705K(3840K) Class: 385K(512K)->385K(512K)
[2025-12-18T08:23:28.791+0530][info][gc          ] GC(191) Pause Young (Concurrent Start) (G1 Evacuation Pause) 482M->239M(512M) 2.390ms
[2025-12-18T08:23:28.791+0530][info][gc,cpu      ] GC(191) User=0.00s Sys=0.00s Real=0.00s
[2025-12-18T08:23:28.791+0530][info][gc          ] GC(192) Concurrent Mark Cycle
[2025-12-18T08:23:28.791+0530][info][gc,marking  ] GC(192) Concurrent Scan Root Regions
[2025-12-18T08:23:28.791+0530][info][gc,marking  ] GC(192) Concurrent Scan Root Regions 0.225ms
[2025-12-18T08:23:28.791+0530][info][gc,marking  ] GC(192) Concurrent Mark
[2025-12-18T08:23:28.791+0530][info][gc,marking  ] GC(192) Concurrent Mark From Roots
[2025-12-18T08:23:28.791+0530][info][gc,task     ] GC(192) Using 2 workers of 2 for marking
[2025-12-18T08:23:28.886+0530][info][gc,marking  ] GC(192) Concurrent Mark From Roots 94.486ms
[2025-12-18T08:23:28.886+0530][info][gc,marking  ] GC(192) Concurrent Preclean
[2025-12-18T08:23:28.886+0530][info][gc,marking  ] GC(192) Concurrent Preclean 0.064ms
[2025-12-18T08:23:28.899+0530][info][gc,start    ] GC(192) Pause Remark
[2025-12-18T08:23:28.899+0530][info][gc          ] GC(192) Pause Remark 335M->335M(512M) 1.259ms
[2025-12-18T08:23:28.899+0530][info][gc,cpu      ] GC(192) User=0.00s Sys=0.00s Real=0.00s
[2025-12-18T08:23:28.901+0530][info][gc,marking  ] GC(192) Concurrent Mark 109.337ms
[2025-12-18T08:23:28.901+0530][info][gc,marking  ] GC(192) Concurrent Rebuild Remembered Sets and Scrub Regions
[2025-12-18T08:23:28.948+0530][info][gc,marking  ] GC(192) Concurrent Rebuild Remembered Sets and Scrub Regions 47.068ms
[2025-12-18T08:23:28.948+0530][info][gc,start    ] GC(192) Pause Cleanup
[2025-12-18T08:23:28.948+0530][info][gc          ] GC(192) Pause Cleanup 376M->376M(512M) 0.249ms
[2025-12-18T08:23:28.948+0530][info][gc,cpu      ] GC(192) User=0.00s Sys=0.00s Real=0.00s
[2025-12-18T08:23:28.950+0530][info][gc,marking  ] GC(192) Concurrent Clear Claimed Marks
[2025-12-18T08:23:28.950+0530][info][gc,marking  ] GC(192) Concurrent Clear Claimed Marks 0.068ms
[2025-12-18T08:23:28.950+0530][info][gc,marking  ] GC(192) Concurrent Cleanup for Next Mark
[2025-12-18T08:23:28.950+0530][info][gc,marking  ] GC(192) Concurrent Cleanup for Next Mark 0.735ms
[2025-12-18T08:23:28.950+0530][info][gc          ] GC(192) Concurrent Mark Cycle 159.048ms
[2025-12-18T08:23:29.028+0530][info][gc,start    ] GC(193) Pause Young (Normal) (G1 Evacuation Pause)
[2025-12-18T08:23:29.028+0530][info][gc,task     ] GC(193) Using 8 workers of 8 for evacuation
[2025-12-18T08:23:29.030+0530][info][gc,phases   ] GC(193)   Pre Evacuate Collection Set: 0.3ms
[2025-12-18T08:23:29.030+0530][info][gc,phases   ] GC(193)   Merge Heap Roots: 0.1ms
[2025-12-18T08:23:29.030+0530][info][gc,phases   ] GC(193)   Evacuate Collection Set: 0.4ms
[2025-12-18T08:23:29.030+0530][info][gc,phases   ] GC(193)   Post Evacuate Collection Set: 0.6ms
[2025-12-18T08:23:29.030+0530][info][gc,phases   ] GC(193)   Other: 0.1ms
[2025-12-18T08:23:29.030+0530][info][gc,heap     ] GC(193) Eden regions: 243->0(243)
[2025-12-18T08:23:29.030+0530][info][gc,heap     ] GC(193) Survivor regions: 1->1(28)
[2025-12-18T08:23:29.030+0530][info][gc,heap     ] GC(193) Old regions: 237->237
[2025-12-18T08:23:29.030+0530][info][gc,heap     ] GC(193) Humongous regions: 3->3
[2025-12-18T08:23:29.030+0530][info][gc,metaspace] GC(193) Metaspace: 4092K(4352K)->4092K(4352K) NonClass: 3706K(3840K)->3706K(3840K) Class: 385K(512K)->385K(512K)
[2025-12-18T08:23:29.030+0530][info][gc          ] GC(193) Pause Young (Normal) (G1 Evacuation Pause) 482M->239M(512M) 1.887ms
[2025-12-18T08:23:29.030+0530][info][gc,cpu      ] GC(193) User=0.00s Sys=0.00s Real=0.00s
[2025-12-18T08:23:29.213+0530][info][gc,start    ] GC(194) Pause Young (Concurrent Start) (G1 Evacuation Pause)
[2025-12-18T08:23:29.213+0530][info][gc,task     ] GC(194) Using 8 workers of 8 for evacuation
[2025-12-18T08:23:29.215+0530][info][gc,phases   ] GC(194)   Pre Evacuate Collection Set: 0.3ms
[2025-12-18T08:23:29.215+0530][info][gc,phases   ] GC(194)   Merge Heap Roots: 0.1ms
[2025-12-18T08:23:29.215+0530][info][gc,phases   ] GC(194)   Evacuate Collection Set: 0.7ms
[2025-12-18T08:23:29.215+0530][info][gc,phases   ] GC(194)   Post Evacuate Collection Set: 0.6ms
[2025-12-18T08:23:29.215+0530][info][gc,phases   ] GC(194)   Other: 0.2ms
[2025-12-18T08:23:29.215+0530][info][gc,heap     ] GC(194) Eden regions: 243->0(243)
[2025-12-18T08:23:29.215+0530][info][gc,heap     ] GC(194) Survivor regions: 1->1(28)
[2025-12-18T08:23:29.215+0530][info][gc,heap     ] GC(194) Old regions: 237->237
[2025-12-18T08:23:29.215+0530][info][gc,heap     ] GC(194) Humongous regions: 3->3
[2025-12-18T08:23:29.215+0530][info][gc,metaspace] GC(194) Metaspace: 4092K(4352K)->4092K(4352K) NonClass: 3706K(3840K)->3706K(3840K) Class: 385K(512K)->385K(512K)
[2025-12-18T08:23:29.215+0530][info][gc          ] GC(194) Pause Young (Concurrent Start) (G1 Evacuation Pause) 482M->239M(512M) 2.485ms
[2025-12-18T08:23:29.215+0530][info][gc,cpu      ] GC(194) User=0.00s Sys=0.00s Real=0.00s
[2025-12-18T08:23:29.215+0530][info][gc          ] GC(195) Concurrent Mark Cycle
[2025-12-18T08:23:29.215+0530][info][gc,marking  ] GC(195) Concurrent Scan Root Regions
[2025-12-18T08:23:29.217+0530][info][gc,marking  ] GC(195) Concurrent Scan Root Regions 0.231ms
[2025-12-18T08:23:29.217+0530][info][gc,marking  ] GC(195) Concurrent Mark
[2025-12-18T08:23:29.217+0530][info][gc,marking  ] GC(195) Concurrent Mark From Roots
[2025-12-18T08:23:29.217+0530][info][gc,task     ] GC(195) Using 2 workers of 2 for marking
[2025-12-18T08:23:29.311+0530][info][gc,marking  ] GC(195) Concurrent Mark From Roots 94.712ms
[2025-12-18T08:23:29.311+0530][info][gc,marking  ] GC(195) Concurrent Preclean
[2025-12-18T08:23:29.311+0530][info][gc,marking  ] GC(195) Concurrent Preclean 0.065ms
[2025-12-18T08:23:29.311+0530][info][gc,start    ] GC(195) Pause Remark
[2025-12-18T08:23:29.313+0530][info][gc          ] GC(195) Pause Remark 330M->330M(512M) 1.200ms
[2025-12-18T08:23:29.313+0530][info][gc,cpu      ] GC(195) User=0.00s Sys=0.00s Real=0.00s
[2025-12-18T08:23:29.313+0530][info][gc,marking  ] GC(195) Concurrent Mark 96.790ms
[2025-12-18T08:23:29.313+0530][info][gc,marking  ] GC(195) Concurrent Rebuild Remembered Sets and Scrub Regions
[2025-12-18T08:23:29.360+0530][info][gc,marking  ] GC(195) Concurrent Rebuild Remembered Sets and Scrub Regions 46.455ms
[2025-12-18T08:23:29.360+0530][info][gc,start    ] GC(195) Pause Cleanup
[2025-12-18T08:23:29.360+0530][info][gc          ] GC(195) Pause Cleanup 375M->375M(512M) 0.304ms
[2025-12-18T08:23:29.360+0530][info][gc,cpu      ] GC(195) User=0.00s Sys=0.00s Real=0.00s
[2025-12-18T08:23:29.362+0530][info][gc,marking  ] GC(195) Concurrent Clear Claimed Marks
[2025-12-18T08:23:29.362+0530][info][gc,marking  ] GC(195) Concurrent Clear Claimed Marks 0.064ms
[2025-12-18T08:23:29.362+0530][info][gc,marking  ] GC(195) Concurrent Cleanup for Next Mark
[2025-12-18T08:23:29.362+0530][info][gc,marking  ] GC(195) Concurrent Cleanup for Next Mark 0.735ms
[2025-12-18T08:23:29.362+0530][info][gc          ] GC(195) Concurrent Mark Cycle 146.546ms
[2025-12-18T08:23:29.448+0530][info][gc,start    ] GC(196) Pause Young (Normal) (G1 Evacuation Pause)
[2025-12-18T08:23:29.448+0530][info][gc,task     ] GC(196) Using 8 workers of 8 for evacuation
[2025-12-18T08:23:29.450+0530][info][gc,phases   ] GC(196)   Pre Evacuate Collection Set: 0.2ms
[2025-12-18T08:23:29.450+0530][info][gc,phases   ] GC(196)   Merge Heap Roots: 0.1ms
[2025-12-18T08:23:29.450+0530][info][gc,phases   ] GC(196)   Evacuate Collection Set: 0.5ms
[2025-12-18T08:23:29.450+0530][info][gc,phases   ] GC(196)   Post Evacuate Collection Set: 0.6ms
[2025-12-18T08:23:29.450+0530][info][gc,phases   ] GC(196)   Other: 0.2ms
[2025-12-18T08:23:29.450+0530][info][gc,heap     ] GC(196) Eden regions: 243->0(243)
[2025-12-18T08:23:29.450+0530][info][gc,heap     ] GC(196) Survivor regions: 1->1(28)
[2025-12-18T08:23:29.450+0530][info][gc,heap     ] GC(196) Old regions: 237->237
[2025-12-18T08:23:29.450+0530][info][gc,heap     ] GC(196) Humongous regions: 3->3
[2025-12-18T08:23:29.450+0530][info][gc,metaspace] GC(196) Metaspace: 4092K(4352K)->4092K(4352K) NonClass: 3706K(3840K)->3706K(3840K) Class: 385K(512K)->385K(512K)
[2025-12-18T08:23:29.450+0530][info][gc          ] GC(196) Pause Young (Normal) (G1 Evacuation Pause) 482M->239M(512M) 2.065ms
[2025-12-18T08:23:29.450+0530][info][gc,cpu      ] GC(196) User=0.00s Sys=0.00s Real=0.00s
[2025-12-18T08:23:29.629+0530][info][gc,start    ] GC(197) Pause Young (Concurrent Start) (G1 Evacuation Pause)
[2025-12-18T08:23:29.629+0530][info][gc,task     ] GC(197) Using 8 workers of 8 for evacuation
[2025-12-18T08:23:29.631+0530][info][gc,phases   ] GC(197)   Pre Evacuate Collection Set: 0.3ms
[2025-12-18T08:23:29.631+0530][info][gc,phases   ] GC(197)   Merge Heap Roots: 0.2ms
[2025-12-18T08:23:29.633+0530][info][gc,phases   ] GC(197)   Evacuate Collection Set: 0.7ms
[2025-12-18T08:23:29.633+0530][info][gc,phases   ] GC(197)   Post Evacuate Collection Set: 0.6ms
[2025-12-18T08:23:29.633+0530][info][gc,phases   ] GC(197)   Other: 0.2ms
[2025-12-18T08:23:29.633+0530][info][gc,heap     ] GC(197) Eden regions: 243->0(243)
[2025-12-18T08:23:29.633+0530][info][gc,heap     ] GC(197) Survivor regions: 1->1(28)
[2025-12-18T08:23:29.633+0530][info][gc,heap     ] GC(197) Old regions: 237->237
[2025-12-18T08:23:29.633+0530][info][gc,heap     ] GC(197) Humongous regions: 3->3
[2025-12-18T08:23:29.633+0530][info][gc,metaspace] GC(197) Metaspace: 4092K(4352K)->4092K(4352K) NonClass: 3706K(3840K)->3706K(3840K) Class: 385K(512K)->385K(512K)
[2025-12-18T08:23:29.633+0530][info][gc          ] GC(197) Pause Young (Concurrent Start) (G1 Evacuation Pause) 482M->239M(512M) 2.315ms
[2025-12-18T08:23:29.633+0530][info][gc,cpu      ] GC(197) User=0.00s Sys=0.02s Real=0.00s
[2025-12-18T08:23:29.633+0530][info][gc          ] GC(198) Concurrent Mark Cycle
[2025-12-18T08:23:29.633+0530][info][gc,marking  ] GC(198) Concurrent Scan Root Regions
[2025-12-18T08:23:29.633+0530][info][gc,marking  ] GC(198) Concurrent Scan Root Regions 0.227ms
[2025-12-18T08:23:29.633+0530][info][gc,marking  ] GC(198) Concurrent Mark
[2025-12-18T08:23:29.633+0530][info][gc,marking  ] GC(198) Concurrent Mark From Roots
[2025-12-18T08:23:29.633+0530][info][gc,task     ] GC(198) Using 2 workers of 2 for marking
[2025-12-18T08:23:29.727+0530][info][gc,marking  ] GC(198) Concurrent Mark From Roots 94.970ms
[2025-12-18T08:23:29.727+0530][info][gc,marking  ] GC(198) Concurrent Preclean
[2025-12-18T08:23:29.727+0530][info][gc,marking  ] GC(198) Concurrent Preclean 0.096ms
[2025-12-18T08:23:29.729+0530][info][gc,start    ] GC(198) Pause Remark
[2025-12-18T08:23:29.729+0530][info][gc          ] GC(198) Pause Remark 333M->333M(512M) 1.178ms
[2025-12-18T08:23:29.729+0530][info][gc,cpu      ] GC(198) User=0.00s Sys=0.00s Real=0.00s
[2025-12-18T08:23:29.731+0530][info][gc,marking  ] GC(198) Concurrent Mark 97.357ms
[2025-12-18T08:23:29.731+0530][info][gc,marking  ] GC(198) Concurrent Rebuild Remembered Sets and Scrub Regions
[2025-12-18T08:23:29.778+0530][info][gc,marking  ] GC(198) Concurrent Rebuild Remembered Sets and Scrub Regions 46.893ms
[2025-12-18T08:23:29.778+0530][info][gc,start    ] GC(198) Pause Cleanup
[2025-12-18T08:23:29.778+0530][info][gc          ] GC(198) Pause Cleanup 378M->378M(512M) 0.341ms
[2025-12-18T08:23:29.778+0530][info][gc,cpu      ] GC(198) User=0.00s Sys=0.00s Real=0.00s
[2025-12-18T08:23:29.780+0530][info][gc,marking  ] GC(198) Concurrent Clear Claimed Marks
[2025-12-18T08:23:29.780+0530][info][gc,marking  ] GC(198) Concurrent Clear Claimed Marks 0.062ms
[2025-12-18T08:23:29.780+0530][info][gc,marking  ] GC(198) Concurrent Cleanup for Next Mark
[2025-12-18T08:23:29.780+0530][info][gc,marking  ] GC(198) Concurrent Cleanup for Next Mark 0.732ms
[2025-12-18T08:23:29.780+0530][info][gc          ] GC(198) Concurrent Mark Cycle 147.149ms
[2025-12-18T08:23:29.857+0530][info][gc,start    ] GC(199) Pause Young (Normal) (G1 Evacuation Pause)
[2025-12-18T08:23:29.857+0530][info][gc,task     ] GC(199) Using 8 workers of 8 for evacuation
[2025-12-18T08:23:29.859+0530][info][gc,phases   ] GC(199)   Pre Evacuate Collection Set: 0.3ms
[2025-12-18T08:23:29.859+0530][info][gc,phases   ] GC(199)   Merge Heap Roots: 0.1ms
[2025-12-18T08:23:29.859+0530][info][gc,phases   ] GC(199)   Evacuate Collection Set: 0.5ms
[2025-12-18T08:23:29.859+0530][info][gc,phases   ] GC(199)   Post Evacuate Collection Set: 0.6ms
[2025-12-18T08:23:29.859+0530][info][gc,phases   ] GC(199)   Other: 0.1ms
[2025-12-18T08:23:29.859+0530][info][gc,heap     ] GC(199) Eden regions: 243->0(243)
[2025-12-18T08:23:29.859+0530][info][gc,heap     ] GC(199) Survivor regions: 1->1(28)
[2025-12-18T08:23:29.859+0530][info][gc,heap     ] GC(199) Old regions: 237->237
[2025-12-18T08:23:29.859+0530][info][gc,heap     ] GC(199) Humongous regions: 3->3
[2025-12-18T08:23:29.859+0530][info][gc,metaspace] GC(199) Metaspace: 4092K(4352K)->4092K(4352K) NonClass: 3706K(3840K)->3706K(3840K) Class: 385K(512K)->385K(512K)
[2025-12-18T08:23:29.859+0530][info][gc          ] GC(199) Pause Young (Normal) (G1 Evacuation Pause) 482M->239M(512M) 1.953ms
[2025-12-18T08:23:29.859+0530][info][gc,cpu      ] GC(199) User=0.00s Sys=0.00s Real=0.00s
[2025-12-18T08:23:30.047+0530][info][gc,start    ] GC(200) Pause Young (Concurrent Start) (G1 Evacuation Pause)
[2025-12-18T08:23:30.047+0530][info][gc,task     ] GC(200) Using 8 workers of 8 for evacuation
[2025-12-18T08:23:30.049+0530][info][gc,phases   ] GC(200)   Pre Evacuate Collection Set: 0.3ms
[2025-12-18T08:23:30.049+0530][info][gc,phases   ] GC(200)   Merge Heap Roots: 0.1ms
[2025-12-18T08:23:30.049+0530][info][gc,phases   ] GC(200)   Evacuate Collection Set: 0.6ms
[2025-12-18T08:23:30.049+0530][info][gc,phases   ] GC(200)   Post Evacuate Collection Set: 0.6ms
[2025-12-18T08:23:30.049+0530][info][gc,phases   ] GC(200)   Other: 0.3ms
[2025-12-18T08:23:30.049+0530][info][gc,heap     ] GC(200) Eden regions: 243->0(243)
[2025-12-18T08:23:30.049+0530][info][gc,heap     ] GC(200) Survivor regions: 1->1(28)
[2025-12-18T08:23:30.049+0530][info][gc,heap     ] GC(200) Old regions: 237->237
[2025-12-18T08:23:30.049+0530][info][gc,heap     ] GC(200) Humongous regions: 3->3
[2025-12-18T08:23:30.049+0530][info][gc,metaspace] GC(200) Metaspace: 4092K(4352K)->4092K(4352K) NonClass: 3706K(3840K)->3706K(3840K) Class: 385K(512K)->385K(512K)
[2025-12-18T08:23:30.049+0530][info][gc          ] GC(200) Pause Young (Concurrent Start) (G1 Evacuation Pause) 482M->239M(512M) 2.333ms
[2025-12-18T08:23:30.049+0530][info][gc,cpu      ] GC(200) User=0.00s Sys=0.00s Real=0.00s
[2025-12-18T08:23:30.051+0530][info][gc          ] GC(201) Concurrent Mark Cycle
[2025-12-18T08:23:30.051+0530][info][gc,marking  ] GC(201) Concurrent Scan Root Regions
[2025-12-18T08:23:30.051+0530][info][gc,marking  ] GC(201) Concurrent Scan Root Regions 0.194ms
[2025-12-18T08:23:30.051+0530][info][gc,marking  ] GC(201) Concurrent Mark
[2025-12-18T08:23:30.051+0530][info][gc,marking  ] GC(201) Concurrent Mark From Roots
[2025-12-18T08:23:30.051+0530][info][gc,task     ] GC(201) Using 2 workers of 2 for marking
[2025-12-18T08:23:30.145+0530][info][gc,marking  ] GC(201) Concurrent Mark From Roots 94.843ms
[2025-12-18T08:23:30.145+0530][info][gc,marking  ] GC(201) Concurrent Preclean
[2025-12-18T08:23:30.145+0530][info][gc,marking  ] GC(201) Concurrent Preclean 0.060ms
[2025-12-18T08:23:30.147+0530][info][gc,start    ] GC(201) Pause Remark
[2025-12-18T08:23:30.149+0530][info][gc          ] GC(201) Pause Remark 334M->334M(512M) 1.187ms
[2025-12-18T08:23:30.149+0530][info][gc,cpu      ] GC(201) User=0.00s Sys=0.02s Real=0.00s
[2025-12-18T08:23:30.149+0530][info][gc,marking  ] GC(201) Concurrent Mark 97.892ms
[2025-12-18T08:23:30.149+0530][info][gc,marking  ] GC(201) Concurrent Rebuild Remembered Sets and Scrub Regions
[2025-12-18T08:23:30.196+0530][info][gc,marking  ] GC(201) Concurrent Rebuild Remembered Sets and Scrub Regions 46.575ms
[2025-12-18T08:23:30.196+0530][info][gc,start    ] GC(201) Pause Cleanup
[2025-12-18T08:23:30.196+0530][info][gc          ] GC(201) Pause Cleanup 378M->378M(512M) 0.231ms
[2025-12-18T08:23:30.196+0530][info][gc,cpu      ] GC(201) User=0.00s Sys=0.00s Real=0.00s
[2025-12-18T08:23:30.196+0530][info][gc,marking  ] GC(201) Concurrent Clear Claimed Marks
[2025-12-18T08:23:30.196+0530][info][gc,marking  ] GC(201) Concurrent Clear Claimed Marks 0.067ms
[2025-12-18T08:23:30.196+0530][info][gc,marking  ] GC(201) Concurrent Cleanup for Next Mark
[2025-12-18T08:23:30.198+0530][info][gc,marking  ] GC(201) Concurrent Cleanup for Next Mark 0.760ms
[2025-12-18T08:23:30.198+0530][info][gc          ] GC(201) Concurrent Mark Cycle 147.382ms
[2025-12-18T08:23:30.273+0530][info][gc,start    ] GC(202) Pause Young (Normal) (G1 Evacuation Pause)
[2025-12-18T08:23:30.275+0530][info][gc,task     ] GC(202) Using 8 workers of 8 for evacuation
[2025-12-18T08:23:30.275+0530][info][gc,phases   ] GC(202)   Pre Evacuate Collection Set: 0.2ms
[2025-12-18T08:23:30.275+0530][info][gc,phases   ] GC(202)   Merge Heap Roots: 0.1ms
[2025-12-18T08:23:30.275+0530][info][gc,phases   ] GC(202)   Evacuate Collection Set: 0.4ms
[2025-12-18T08:23:30.275+0530][info][gc,phases   ] GC(202)   Post Evacuate Collection Set: 0.6ms
[2025-12-18T08:23:30.275+0530][info][gc,phases   ] GC(202)   Other: 0.1ms
[2025-12-18T08:23:30.275+0530][info][gc,heap     ] GC(202) Eden regions: 243->0(243)
[2025-12-18T08:23:30.275+0530][info][gc,heap     ] GC(202) Survivor regions: 1->1(28)
[2025-12-18T08:23:30.275+0530][info][gc,heap     ] GC(202) Old regions: 237->237
[2025-12-18T08:23:30.275+0530][info][gc,heap     ] GC(202) Humongous regions: 3->3
[2025-12-18T08:23:30.275+0530][info][gc,metaspace] GC(202) Metaspace: 4092K(4352K)->4092K(4352K) NonClass: 3706K(3840K)->3706K(3840K) Class: 385K(512K)->385K(512K)
[2025-12-18T08:23:30.275+0530][info][gc          ] GC(202) Pause Young (Normal) (G1 Evacuation Pause) 482M->239M(512M) 1.815ms
[2025-12-18T08:23:30.275+0530][info][gc,cpu      ] GC(202) User=0.00s Sys=0.00s Real=0.00s
[2025-12-18T08:23:30.456+0530][info][gc,start    ] GC(203) Pause Young (Concurrent Start) (G1 Evacuation Pause)
[2025-12-18T08:23:30.456+0530][info][gc,task     ] GC(203) Using 8 workers of 8 for evacuation
[2025-12-18T08:23:30.458+0530][info][gc,phases   ] GC(203)   Pre Evacuate Collection Set: 0.3ms
[2025-12-18T08:23:30.458+0530][info][gc,phases   ] GC(203)   Merge Heap Roots: 0.1ms
[2025-12-18T08:23:30.458+0530][info][gc,phases   ] GC(203)   Evacuate Collection Set: 0.7ms
[2025-12-18T08:23:30.458+0530][info][gc,phases   ] GC(203)   Post Evacuate Collection Set: 0.5ms
[2025-12-18T08:23:30.458+0530][info][gc,phases   ] GC(203)   Other: 0.2ms
[2025-12-18T08:23:30.458+0530][info][gc,heap     ] GC(203) Eden regions: 243->0(243)
[2025-12-18T08:23:30.458+0530][info][gc,heap     ] GC(203) Survivor regions: 1->1(28)
[2025-12-18T08:23:30.458+0530][info][gc,heap     ] GC(203) Old regions: 237->237
[2025-12-18T08:23:30.458+0530][info][gc,heap     ] GC(203) Humongous regions: 3->3
[2025-12-18T08:23:30.458+0530][info][gc,metaspace] GC(203) Metaspace: 4092K(4352K)->4092K(4352K) NonClass: 3706K(3840K)->3706K(3840K) Class: 385K(512K)->385K(512K)
[2025-12-18T08:23:30.458+0530][info][gc          ] GC(203) Pause Young (Concurrent Start) (G1 Evacuation Pause) 482M->239M(512M) 2.264ms
[2025-12-18T08:23:30.458+0530][info][gc,cpu      ] GC(203) User=0.00s Sys=0.00s Real=0.00s
[2025-12-18T08:23:30.458+0530][info][gc          ] GC(204) Concurrent Mark Cycle
[2025-12-18T08:23:30.458+0530][info][gc,marking  ] GC(204) Concurrent Scan Root Regions
[2025-12-18T08:23:30.458+0530][info][gc,marking  ] GC(204) Concurrent Scan Root Regions 0.222ms
[2025-12-18T08:23:30.458+0530][info][gc,marking  ] GC(204) Concurrent Mark
[2025-12-18T08:23:30.458+0530][info][gc,marking  ] GC(204) Concurrent Mark From Roots
[2025-12-18T08:23:30.458+0530][info][gc,task     ] GC(204) Using 2 workers of 2 for marking
[2025-12-18T08:23:30.553+0530][info][gc,marking  ] GC(204) Concurrent Mark From Roots 94.686ms
[2025-12-18T08:23:30.553+0530][info][gc,marking  ] GC(204) Concurrent Preclean
[2025-12-18T08:23:30.553+0530][info][gc,marking  ] GC(204) Concurrent Preclean 0.067ms
[2025-12-18T08:23:30.553+0530][info][gc,start    ] GC(204) Pause Remark
[2025-12-18T08:23:30.555+0530][info][gc          ] GC(204) Pause Remark 331M->331M(512M) 1.334ms
[2025-12-18T08:23:30.555+0530][info][gc,cpu      ] GC(204) User=0.02s Sys=0.02s Real=0.00s
[2025-12-18T08:23:30.555+0530][info][gc,marking  ] GC(204) Concurrent Mark 96.749ms
[2025-12-18T08:23:30.555+0530][info][gc,marking  ] GC(204) Concurrent Rebuild Remembered Sets and Scrub Regions
[2025-12-18T08:23:30.602+0530][info][gc,marking  ] GC(204) Concurrent Rebuild Remembered Sets and Scrub Regions 46.283ms
[2025-12-18T08:23:30.602+0530][info][gc,start    ] GC(204) Pause Cleanup
[2025-12-18T08:23:30.602+0530][info][gc          ] GC(204) Pause Cleanup 377M->377M(512M) 0.260ms
[2025-12-18T08:23:30.602+0530][info][gc,cpu      ] GC(204) User=0.00s Sys=0.00s Real=0.00s
[2025-12-18T08:23:30.602+0530][info][gc,marking  ] GC(204) Concurrent Clear Claimed Marks
[2025-12-18T08:23:30.602+0530][info][gc,marking  ] GC(204) Concurrent Clear Claimed Marks 0.071ms
[2025-12-18T08:23:30.602+0530][info][gc,marking  ] GC(204) Concurrent Cleanup for Next Mark
[2025-12-18T08:23:30.604+0530][info][gc,marking  ] GC(204) Concurrent Cleanup for Next Mark 0.763ms
[2025-12-18T08:23:30.604+0530][info][gc          ] GC(204) Concurrent Mark Cycle 145.728ms
[2025-12-18T08:23:30.679+0530][info][gc,start    ] GC(205) Pause Young (Normal) (G1 Evacuation Pause)
[2025-12-18T08:23:30.679+0530][info][gc,task     ] GC(205) Using 8 workers of 8 for evacuation
[2025-12-18T08:23:30.680+0530][info][gc,phases   ] GC(205)   Pre Evacuate Collection Set: 0.3ms
[2025-12-18T08:23:30.680+0530][info][gc,phases   ] GC(205)   Merge Heap Roots: 0.1ms
[2025-12-18T08:23:30.680+0530][info][gc,phases   ] GC(205)   Evacuate Collection Set: 0.5ms
[2025-12-18T08:23:30.680+0530][info][gc,phases   ] GC(205)   Post Evacuate Collection Set: 0.7ms
[2025-12-18T08:23:30.680+0530][info][gc,phases   ] GC(205)   Other: 0.3ms
[2025-12-18T08:23:30.680+0530][info][gc,heap     ] GC(205) Eden regions: 243->0(243)
[2025-12-18T08:23:30.680+0530][info][gc,heap     ] GC(205) Survivor regions: 1->1(28)
[2025-12-18T08:23:30.680+0530][info][gc,heap     ] GC(205) Old regions: 237->237
[2025-12-18T08:23:30.680+0530][info][gc,heap     ] GC(205) Humongous regions: 3->3
[2025-12-18T08:23:30.680+0530][info][gc,metaspace] GC(205) Metaspace: 4092K(4352K)->4092K(4352K) NonClass: 3706K(3840K)->3706K(3840K) Class: 385K(512K)->385K(512K)
[2025-12-18T08:23:30.680+0530][info][gc          ] GC(205) Pause Young (Normal) (G1 Evacuation Pause) 482M->239M(512M) 2.329ms
[2025-12-18T08:23:30.680+0530][info][gc,cpu      ] GC(205) User=0.02s Sys=0.00s Real=0.00s
[2025-12-18T08:23:30.860+0530][info][gc,start    ] GC(206) Pause Young (Concurrent Start) (G1 Evacuation Pause)
[2025-12-18T08:23:30.862+0530][info][gc,task     ] GC(206) Using 8 workers of 8 for evacuation
[2025-12-18T08:23:30.862+0530][info][gc,phases   ] GC(206)   Pre Evacuate Collection Set: 0.3ms
[2025-12-18T08:23:30.862+0530][info][gc,phases   ] GC(206)   Merge Heap Roots: 0.1ms
[2025-12-18T08:23:30.862+0530][info][gc,phases   ] GC(206)   Evacuate Collection Set: 0.7ms
[2025-12-18T08:23:30.864+0530][info][gc,phases   ] GC(206)   Post Evacuate Collection Set: 0.6ms
[2025-12-18T08:23:30.864+0530][info][gc,phases   ] GC(206)   Other: 0.2ms
[2025-12-18T08:23:30.864+0530][info][gc,heap     ] GC(206) Eden regions: 243->0(243)
[2025-12-18T08:23:30.864+0530][info][gc,heap     ] GC(206) Survivor regions: 1->1(28)
[2025-12-18T08:23:30.864+0530][info][gc,heap     ] GC(206) Old regions: 237->237
[2025-12-18T08:23:30.864+0530][info][gc,heap     ] GC(206) Humongous regions: 3->3
[2025-12-18T08:23:30.864+0530][info][gc,metaspace] GC(206) Metaspace: 4092K(4352K)->4092K(4352K) NonClass: 3706K(3840K)->3706K(3840K) Class: 385K(512K)->385K(512K)
[2025-12-18T08:23:30.864+0530][info][gc          ] GC(206) Pause Young (Concurrent Start) (G1 Evacuation Pause) 482M->239M(512M) 2.340ms
[2025-12-18T08:23:30.864+0530][info][gc,cpu      ] GC(206) User=0.00s Sys=0.00s Real=0.00s
[2025-12-18T08:23:30.864+0530][info][gc          ] GC(207) Concurrent Mark Cycle
[2025-12-18T08:23:30.864+0530][info][gc,marking  ] GC(207) Concurrent Scan Root Regions
[2025-12-18T08:23:30.864+0530][info][gc,marking  ] GC(207) Concurrent Scan Root Regions 0.203ms
[2025-12-18T08:23:30.864+0530][info][gc,marking  ] GC(207) Concurrent Mark
[2025-12-18T08:23:30.864+0530][info][gc,marking  ] GC(207) Concurrent Mark From Roots
[2025-12-18T08:23:30.864+0530][info][gc,task     ] GC(207) Using 2 workers of 2 for marking
[2025-12-18T08:23:30.958+0530][info][gc,marking  ] GC(207) Concurrent Mark From Roots 94.596ms
[2025-12-18T08:23:30.958+0530][info][gc,marking  ] GC(207) Concurrent Preclean
[2025-12-18T08:23:30.958+0530][info][gc,marking  ] GC(207) Concurrent Preclean 0.065ms
[2025-12-18T08:23:30.958+0530][info][gc,start    ] GC(207) Pause Remark
[2025-12-18T08:23:30.960+0530][info][gc          ] GC(207) Pause Remark 334M->334M(512M) 1.077ms
[2025-12-18T08:23:30.960+0530][info][gc,cpu      ] GC(207) User=0.00s Sys=0.00s Real=0.00s
[2025-12-18T08:23:30.961+0530][info][gc,marking  ] GC(207) Concurrent Mark 96.294ms
[2025-12-18T08:23:30.961+0530][info][gc,marking  ] GC(207) Concurrent Rebuild Remembered Sets and Scrub Regions
[2025-12-18T08:23:31.006+0530][info][gc,marking  ] GC(207) Concurrent Rebuild Remembered Sets and Scrub Regions 47.025ms
[2025-12-18T08:23:31.008+0530][info][gc,start    ] GC(207) Pause Cleanup
[2025-12-18T08:23:31.008+0530][info][gc          ] GC(207) Pause Cleanup 376M->376M(512M) 0.276ms
[2025-12-18T08:23:31.008+0530][info][gc,cpu      ] GC(207) User=0.00s Sys=0.00s Real=0.00s
[2025-12-18T08:23:31.008+0530][info][gc,marking  ] GC(207) Concurrent Clear Claimed Marks
[2025-12-18T08:23:31.008+0530][info][gc,marking  ] GC(207) Concurrent Clear Claimed Marks 0.068ms
[2025-12-18T08:23:31.008+0530][info][gc,marking  ] GC(207) Concurrent Cleanup for Next Mark
[2025-12-18T08:23:31.010+0530][info][gc,marking  ] GC(207) Concurrent Cleanup for Next Mark 0.751ms
[2025-12-18T08:23:31.010+0530][info][gc          ] GC(207) Concurrent Mark Cycle 146.030ms
[2025-12-18T08:23:31.094+0530][info][gc,start    ] GC(208) Pause Young (Normal) (G1 Evacuation Pause)
[2025-12-18T08:23:31.094+0530][info][gc,task     ] GC(208) Using 8 workers of 8 for evacuation
[2025-12-18T08:23:31.096+0530][info][gc,phases   ] GC(208)   Pre Evacuate Collection Set: 0.2ms
[2025-12-18T08:23:31.096+0530][info][gc,phases   ] GC(208)   Merge Heap Roots: 0.1ms
[2025-12-18T08:23:31.096+0530][info][gc,phases   ] GC(208)   Evacuate Collection Set: 0.3ms
[2025-12-18T08:23:31.096+0530][info][gc,phases   ] GC(208)   Post Evacuate Collection Set: 0.5ms
[2025-12-18T08:23:31.096+0530][info][gc,phases   ] GC(208)   Other: 0.2ms
[2025-12-18T08:23:31.096+0530][info][gc,heap     ] GC(208) Eden regions: 243->0(243)
[2025-12-18T08:23:31.096+0530][info][gc,heap     ] GC(208) Survivor regions: 1->1(28)
[2025-12-18T08:23:31.096+0530][info][gc,heap     ] GC(208) Old regions: 237->237
[2025-12-18T08:23:31.096+0530][info][gc,heap     ] GC(208) Humongous regions: 3->3
[2025-12-18T08:23:31.096+0530][info][gc,metaspace] GC(208) Metaspace: 4092K(4352K)->4092K(4352K) NonClass: 3706K(3840K)->3706K(3840K) Class: 385K(512K)->385K(512K)
[2025-12-18T08:23:31.096+0530][info][gc          ] GC(208) Pause Young (Normal) (G1 Evacuation Pause) 482M->239M(512M) 1.760ms
[2025-12-18T08:23:31.096+0530][info][gc,cpu      ] GC(208) User=0.00s Sys=0.00s Real=0.00s
[2025-12-18T08:23:31.278+0530][info][gc,start    ] GC(209) Pause Young (Concurrent Start) (G1 Evacuation Pause)
[2025-12-18T08:23:31.278+0530][info][gc,task     ] GC(209) Using 8 workers of 8 for evacuation
[2025-12-18T08:23:31.280+0530][info][gc,phases   ] GC(209)   Pre Evacuate Collection Set: 0.3ms
[2025-12-18T08:23:31.280+0530][info][gc,phases   ] GC(209)   Merge Heap Roots: 0.1ms
[2025-12-18T08:23:31.280+0530][info][gc,phases   ] GC(209)   Evacuate Collection Set: 0.7ms
[2025-12-18T08:23:31.280+0530][info][gc,phases   ] GC(209)   Post Evacuate Collection Set: 0.5ms
[2025-12-18T08:23:31.280+0530][info][gc,phases   ] GC(209)   Other: 0.2ms
[2025-12-18T08:23:31.280+0530][info][gc,heap     ] GC(209) Eden regions: 243->0(243)
[2025-12-18T08:23:31.280+0530][info][gc,heap     ] GC(209) Survivor regions: 1->1(28)
[2025-12-18T08:23:31.280+0530][info][gc,heap     ] GC(209) Old regions: 237->237
[2025-12-18T08:23:31.280+0530][info][gc,heap     ] GC(209) Humongous regions: 3->3
[2025-12-18T08:23:31.280+0530][info][gc,metaspace] GC(209) Metaspace: 4092K(4352K)->4092K(4352K) NonClass: 3706K(3840K)->3706K(3840K) Class: 385K(512K)->385K(512K)
[2025-12-18T08:23:31.280+0530][info][gc          ] GC(209) Pause Young (Concurrent Start) (G1 Evacuation Pause) 482M->239M(512M) 2.214ms
[2025-12-18T08:23:31.282+0530][info][gc,cpu      ] GC(209) User=0.00s Sys=0.00s Real=0.00s
[2025-12-18T08:23:31.282+0530][info][gc          ] GC(210) Concurrent Mark Cycle
[2025-12-18T08:23:31.282+0530][info][gc,marking  ] GC(210) Concurrent Scan Root Regions
[2025-12-18T08:23:31.282+0530][info][gc,marking  ] GC(210) Concurrent Scan Root Regions 0.196ms
[2025-12-18T08:23:31.282+0530][info][gc,marking  ] GC(210) Concurrent Mark
[2025-12-18T08:23:31.282+0530][info][gc,marking  ] GC(210) Concurrent Mark From Roots
[2025-12-18T08:23:31.282+0530][info][gc,task     ] GC(210) Using 2 workers of 2 for marking
[2025-12-18T08:23:31.375+0530][info][gc,marking  ] GC(210) Concurrent Mark From Roots 94.212ms
[2025-12-18T08:23:31.375+0530][info][gc,marking  ] GC(210) Concurrent Preclean
[2025-12-18T08:23:31.375+0530][info][gc,marking  ] GC(210) Concurrent Preclean 0.066ms
[2025-12-18T08:23:31.375+0530][info][gc,start    ] GC(210) Pause Remark
[2025-12-18T08:23:31.377+0530][info][gc          ] GC(210) Pause Remark 335M->335M(512M) 1.297ms
[2025-12-18T08:23:31.377+0530][info][gc,cpu      ] GC(210) User=0.00s Sys=0.00s Real=0.00s
[2025-12-18T08:23:31.377+0530][info][gc,marking  ] GC(210) Concurrent Mark 97.021ms
[2025-12-18T08:23:31.377+0530][info][gc,marking  ] GC(210) Concurrent Rebuild Remembered Sets and Scrub Regions
[2025-12-18T08:23:31.425+0530][info][gc,marking  ] GC(210) Concurrent Rebuild Remembered Sets and Scrub Regions 46.746ms
[2025-12-18T08:23:31.425+0530][info][gc,start    ] GC(210) Pause Cleanup
[2025-12-18T08:23:31.425+0530][info][gc          ] GC(210) Pause Cleanup 380M->380M(512M) 0.233ms
[2025-12-18T08:23:31.425+0530][info][gc,cpu      ] GC(210) User=0.00s Sys=0.00s Real=0.00s
[2025-12-18T08:23:31.425+0530][info][gc,marking  ] GC(210) Concurrent Clear Claimed Marks
[2025-12-18T08:23:31.425+0530][info][gc,marking  ] GC(210) Concurrent Clear Claimed Marks 0.067ms
[2025-12-18T08:23:31.425+0530][info][gc,marking  ] GC(210) Concurrent Cleanup for Next Mark
[2025-12-18T08:23:31.427+0530][info][gc,marking  ] GC(210) Concurrent Cleanup for Next Mark 0.768ms
[2025-12-18T08:23:31.427+0530][info][gc          ] GC(210) Concurrent Mark Cycle 146.031ms
[2025-12-18T08:23:31.505+0530][info][gc,start    ] GC(211) Pause Young (Normal) (G1 Evacuation Pause)
[2025-12-18T08:23:31.505+0530][info][gc,task     ] GC(211) Using 8 workers of 8 for evacuation
[2025-12-18T08:23:31.505+0530][info][gc,phases   ] GC(211)   Pre Evacuate Collection Set: 0.2ms
[2025-12-18T08:23:31.505+0530][info][gc,phases   ] GC(211)   Merge Heap Roots: 0.1ms
[2025-12-18T08:23:31.507+0530][info][gc,phases   ] GC(211)   Evacuate Collection Set: 0.3ms
[2025-12-18T08:23:31.507+0530][info][gc,phases   ] GC(211)   Post Evacuate Collection Set: 0.5ms
[2025-12-18T08:23:31.507+0530][info][gc,phases   ] GC(211)   Other: 0.1ms
[2025-12-18T08:23:31.507+0530][info][gc,heap     ] GC(211) Eden regions: 243->0(243)
[2025-12-18T08:23:31.507+0530][info][gc,heap     ] GC(211) Survivor regions: 1->1(28)
[2025-12-18T08:23:31.507+0530][info][gc,heap     ] GC(211) Old regions: 237->237
[2025-12-18T08:23:31.507+0530][info][gc,heap     ] GC(211) Humongous regions: 3->3
[2025-12-18T08:23:31.507+0530][info][gc,metaspace] GC(211) Metaspace: 4092K(4352K)->4092K(4352K) NonClass: 3706K(3840K)->3706K(3840K) Class: 385K(512K)->385K(512K)
[2025-12-18T08:23:31.507+0530][info][gc          ] GC(211) Pause Young (Normal) (G1 Evacuation Pause) 482M->239M(512M) 1.777ms
[2025-12-18T08:23:31.507+0530][info][gc,cpu      ] GC(211) User=0.00s Sys=0.00s Real=0.00s
[2025-12-18T08:23:31.688+0530][info][gc,start    ] GC(212) Pause Young (Concurrent Start) (G1 Evacuation Pause)
[2025-12-18T08:23:31.688+0530][info][gc,task     ] GC(212) Using 8 workers of 8 for evacuation
[2025-12-18T08:23:31.690+0530][info][gc,phases   ] GC(212)   Pre Evacuate Collection Set: 0.3ms
[2025-12-18T08:23:31.690+0530][info][gc,phases   ] GC(212)   Merge Heap Roots: 0.1ms
[2025-12-18T08:23:31.690+0530][info][gc,phases   ] GC(212)   Evacuate Collection Set: 0.7ms
[2025-12-18T08:23:31.690+0530][info][gc,phases   ] GC(212)   Post Evacuate Collection Set: 0.6ms
[2025-12-18T08:23:31.690+0530][info][gc,phases   ] GC(212)   Other: 0.2ms
[2025-12-18T08:23:31.690+0530][info][gc,heap     ] GC(212) Eden regions: 243->0(243)
[2025-12-18T08:23:31.690+0530][info][gc,heap     ] GC(212) Survivor regions: 1->1(28)
[2025-12-18T08:23:31.690+0530][info][gc,heap     ] GC(212) Old regions: 237->237
[2025-12-18T08:23:31.690+0530][info][gc,heap     ] GC(212) Humongous regions: 3->3
[2025-12-18T08:23:31.690+0530][info][gc,metaspace] GC(212) Metaspace: 4092K(4352K)->4092K(4352K) NonClass: 3706K(3840K)->3706K(3840K) Class: 385K(512K)->385K(512K)
[2025-12-18T08:23:31.690+0530][info][gc          ] GC(212) Pause Young (Concurrent Start) (G1 Evacuation Pause) 482M->239M(512M) 2.305ms
[2025-12-18T08:23:31.690+0530][info][gc,cpu      ] GC(212) User=0.00s Sys=0.00s Real=0.00s
[2025-12-18T08:23:31.690+0530][info][gc          ] GC(213) Concurrent Mark Cycle
[2025-12-18T08:23:31.690+0530][info][gc,marking  ] GC(213) Concurrent Scan Root Regions
[2025-12-18T08:23:31.690+0530][info][gc,marking  ] GC(213) Concurrent Scan Root Regions 0.194ms
[2025-12-18T08:23:31.690+0530][info][gc,marking  ] GC(213) Concurrent Mark
[2025-12-18T08:23:31.690+0530][info][gc,marking  ] GC(213) Concurrent Mark From Roots
[2025-12-18T08:23:31.690+0530][info][gc,task     ] GC(213) Using 2 workers of 2 for marking
[2025-12-18T08:23:31.784+0530][info][gc,marking  ] GC(213) Concurrent Mark From Roots 94.063ms
[2025-12-18T08:23:31.784+0530][info][gc,marking  ] GC(213) Concurrent Preclean
[2025-12-18T08:23:31.784+0530][info][gc,marking  ] GC(213) Concurrent Preclean 0.066ms
[2025-12-18T08:23:31.786+0530][info][gc,start    ] GC(213) Pause Remark
[2025-12-18T08:23:31.786+0530][info][gc          ] GC(213) Pause Remark 333M->333M(512M) 1.173ms
[2025-12-18T08:23:31.786+0530][info][gc,cpu      ] GC(213) User=0.00s Sys=0.00s Real=0.00s
[2025-12-18T08:23:31.788+0530][info][gc,marking  ] GC(213) Concurrent Mark 97.224ms
[2025-12-18T08:23:31.788+0530][info][gc,marking  ] GC(213) Concurrent Rebuild Remembered Sets and Scrub Regions
[2025-12-18T08:23:31.833+0530][info][gc,marking  ] GC(213) Concurrent Rebuild Remembered Sets and Scrub Regions 46.623ms
[2025-12-18T08:23:31.835+0530][info][gc,start    ] GC(213) Pause Cleanup
[2025-12-18T08:23:31.835+0530][info][gc          ] GC(213) Pause Cleanup 378M->378M(512M) 0.256ms
[2025-12-18T08:23:31.835+0530][info][gc,cpu      ] GC(213) User=0.00s Sys=0.00s Real=0.00s
[2025-12-18T08:23:31.835+0530][info][gc,marking  ] GC(213) Concurrent Clear Claimed Marks
[2025-12-18T08:23:31.836+0530][info][gc,marking  ] GC(213) Concurrent Clear Claimed Marks 0.067ms
[2025-12-18T08:23:31.836+0530][info][gc,marking  ] GC(213) Concurrent Cleanup for Next Mark
[2025-12-18T08:23:31.836+0530][info][gc,marking  ] GC(213) Concurrent Cleanup for Next Mark 0.748ms
[2025-12-18T08:23:31.836+0530][info][gc          ] GC(213) Concurrent Mark Cycle 146.190ms
[2025-12-18T08:23:31.913+0530][info][gc,start    ] GC(214) Pause Young (Normal) (G1 Evacuation Pause)
[2025-12-18T08:23:31.913+0530][info][gc,task     ] GC(214) Using 8 workers of 8 for evacuation
[2025-12-18T08:23:31.915+0530][info][gc,phases   ] GC(214)   Pre Evacuate Collection Set: 0.2ms
[2025-12-18T08:23:31.915+0530][info][gc,phases   ] GC(214)   Merge Heap Roots: 0.1ms
[2025-12-18T08:23:31.915+0530][info][gc,phases   ] GC(214)   Evacuate Collection Set: 0.4ms
[2025-12-18T08:23:31.915+0530][info][gc,phases   ] GC(214)   Post Evacuate Collection Set: 0.6ms
[2025-12-18T08:23:31.915+0530][info][gc,phases   ] GC(214)   Other: 0.1ms
[2025-12-18T08:23:31.915+0530][info][gc,heap     ] GC(214) Eden regions: 243->0(243)
[2025-12-18T08:23:31.915+0530][info][gc,heap     ] GC(214) Survivor regions: 1->1(28)
[2025-12-18T08:23:31.915+0530][info][gc,heap     ] GC(214) Old regions: 237->237
[2025-12-18T08:23:31.915+0530][info][gc,heap     ] GC(214) Humongous regions: 3->3
[2025-12-18T08:23:31.915+0530][info][gc,metaspace] GC(214) Metaspace: 4092K(4352K)->4092K(4352K) NonClass: 3706K(3840K)->3706K(3840K) Class: 385K(512K)->385K(512K)
[2025-12-18T08:23:31.915+0530][info][gc          ] GC(214) Pause Young (Normal) (G1 Evacuation Pause) 482M->239M(512M) 1.917ms
[2025-12-18T08:23:31.915+0530][info][gc,cpu      ] GC(214) User=0.12s Sys=0.00s Real=0.00s
[2025-12-18T08:23:32.102+0530][info][gc,start    ] GC(215) Pause Young (Concurrent Start) (G1 Evacuation Pause)
[2025-12-18T08:23:32.102+0530][info][gc,task     ] GC(215) Using 8 workers of 8 for evacuation
[2025-12-18T08:23:32.104+0530][info][gc,phases   ] GC(215)   Pre Evacuate Collection Set: 0.3ms
[2025-12-18T08:23:32.104+0530][info][gc,phases   ] GC(215)   Merge Heap Roots: 0.1ms
[2025-12-18T08:23:32.104+0530][info][gc,phases   ] GC(215)   Evacuate Collection Set: 0.8ms
[2025-12-18T08:23:32.104+0530][info][gc,phases   ] GC(215)   Post Evacuate Collection Set: 0.6ms
[2025-12-18T08:23:32.104+0530][info][gc,phases   ] GC(215)   Other: 0.2ms
[2025-12-18T08:23:32.104+0530][info][gc,heap     ] GC(215) Eden regions: 243->0(243)
[2025-12-18T08:23:32.104+0530][info][gc,heap     ] GC(215) Survivor regions: 1->1(28)
[2025-12-18T08:23:32.104+0530][info][gc,heap     ] GC(215) Old regions: 237->237
[2025-12-18T08:23:32.104+0530][info][gc,heap     ] GC(215) Humongous regions: 3->3
[2025-12-18T08:23:32.104+0530][info][gc,metaspace] GC(215) Metaspace: 4092K(4352K)->4092K(4352K) NonClass: 3706K(3840K)->3706K(3840K) Class: 385K(512K)->385K(512K)
[2025-12-18T08:23:32.104+0530][info][gc          ] GC(215) Pause Young (Concurrent Start) (G1 Evacuation Pause) 482M->239M(512M) 2.429ms
[2025-12-18T08:23:32.104+0530][info][gc,cpu      ] GC(215) User=0.00s Sys=0.00s Real=0.00s
[2025-12-18T08:23:32.104+0530][info][gc          ] GC(216) Concurrent Mark Cycle
[2025-12-18T08:23:32.104+0530][info][gc,marking  ] GC(216) Concurrent Scan Root Regions
[2025-12-18T08:23:32.104+0530][info][gc,marking  ] GC(216) Concurrent Scan Root Regions 0.206ms
[2025-12-18T08:23:32.104+0530][info][gc,marking  ] GC(216) Concurrent Mark
[2025-12-18T08:23:32.104+0530][info][gc,marking  ] GC(216) Concurrent Mark From Roots
[2025-12-18T08:23:32.104+0530][info][gc,task     ] GC(216) Using 2 workers of 2 for marking
[2025-12-18T08:23:32.200+0530][info][gc,marking  ] GC(216) Concurrent Mark From Roots 94.873ms
[2025-12-18T08:23:32.200+0530][info][gc,marking  ] GC(216) Concurrent Preclean
[2025-12-18T08:23:32.200+0530][info][gc,marking  ] GC(216) Concurrent Preclean 0.066ms
[2025-12-18T08:23:32.200+0530][info][gc,start    ] GC(216) Pause Remark
[2025-12-18T08:23:32.202+0530][info][gc          ] GC(216) Pause Remark 331M->331M(512M) 1.306ms
[2025-12-18T08:23:32.202+0530][info][gc,cpu      ] GC(216) User=0.00s Sys=0.00s Real=0.00s
[2025-12-18T08:23:32.202+0530][info][gc,marking  ] GC(216) Concurrent Mark 97.025ms
[2025-12-18T08:23:32.202+0530][info][gc,marking  ] GC(216) Concurrent Rebuild Remembered Sets and Scrub Regions
[2025-12-18T08:23:32.249+0530][info][gc,marking  ] GC(216) Concurrent Rebuild Remembered Sets and Scrub Regions 46.623ms
[2025-12-18T08:23:32.249+0530][info][gc,start    ] GC(216) Pause Cleanup
[2025-12-18T08:23:32.249+0530][info][gc          ] GC(216) Pause Cleanup 377M->377M(512M) 0.281ms
[2025-12-18T08:23:32.249+0530][info][gc,cpu      ] GC(216) User=0.00s Sys=0.00s Real=0.00s
[2025-12-18T08:23:32.251+0530][info][gc,marking  ] GC(216) Concurrent Clear Claimed Marks
[2025-12-18T08:23:32.251+0530][info][gc,marking  ] GC(216) Concurrent Clear Claimed Marks 0.070ms
[2025-12-18T08:23:32.251+0530][info][gc,marking  ] GC(216) Concurrent Cleanup for Next Mark
[2025-12-18T08:23:32.251+0530][info][gc,marking  ] GC(216) Concurrent Cleanup for Next Mark 0.738ms
[2025-12-18T08:23:32.251+0530][info][gc          ] GC(216) Concurrent Mark Cycle 146.401ms
[2025-12-18T08:23:32.331+0530][info][gc,start    ] GC(217) Pause Young (Normal) (G1 Evacuation Pause)
[2025-12-18T08:23:32.331+0530][info][gc,task     ] GC(217) Using 8 workers of 8 for evacuation
[2025-12-18T08:23:32.331+0530][info][gc,phases   ] GC(217)   Pre Evacuate Collection Set: 0.2ms
[2025-12-18T08:23:32.331+0530][info][gc,phases   ] GC(217)   Merge Heap Roots: 0.1ms
[2025-12-18T08:23:32.331+0530][info][gc,phases   ] GC(217)   Evacuate Collection Set: 0.4ms
[2025-12-18T08:23:32.331+0530][info][gc,phases   ] GC(217)   Post Evacuate Collection Set: 0.6ms
[2025-12-18T08:23:32.331+0530][info][gc,phases   ] GC(217)   Other: 0.1ms
[2025-12-18T08:23:32.331+0530][info][gc,heap     ] GC(217) Eden regions: 243->0(243)
[2025-12-18T08:23:32.331+0530][info][gc,heap     ] GC(217) Survivor regions: 1->1(28)
[2025-12-18T08:23:32.331+0530][info][gc,heap     ] GC(217) Old regions: 237->237
[2025-12-18T08:23:32.331+0530][info][gc,heap     ] GC(217) Humongous regions: 3->3
[2025-12-18T08:23:32.331+0530][info][gc,metaspace] GC(217) Metaspace: 4092K(4352K)->4092K(4352K) NonClass: 3706K(3840K)->3706K(3840K) Class: 385K(512K)->385K(512K)
[2025-12-18T08:23:32.331+0530][info][gc          ] GC(217) Pause Young (Normal) (G1 Evacuation Pause) 482M->239M(512M) 1.789ms
[2025-12-18T08:23:32.331+0530][info][gc,cpu      ] GC(217) User=0.00s Sys=0.00s Real=0.00s
[2025-12-18T08:23:32.510+0530][info][gc,start    ] GC(218) Pause Young (Concurrent Start) (G1 Evacuation Pause)
[2025-12-18T08:23:32.512+0530][info][gc,task     ] GC(218) Using 8 workers of 8 for evacuation
[2025-12-18T08:23:32.512+0530][info][gc,phases   ] GC(218)   Pre Evacuate Collection Set: 0.3ms
[2025-12-18T08:23:32.512+0530][info][gc,phases   ] GC(218)   Merge Heap Roots: 0.1ms
[2025-12-18T08:23:32.512+0530][info][gc,phases   ] GC(218)   Evacuate Collection Set: 0.7ms
[2025-12-18T08:23:32.512+0530][info][gc,phases   ] GC(218)   Post Evacuate Collection Set: 0.6ms
[2025-12-18T08:23:32.514+0530][info][gc,phases   ] GC(218)   Other: 0.2ms
[2025-12-18T08:23:32.514+0530][info][gc,heap     ] GC(218) Eden regions: 243->0(243)
[2025-12-18T08:23:32.514+0530][info][gc,heap     ] GC(218) Survivor regions: 1->1(28)
[2025-12-18T08:23:32.514+0530][info][gc,heap     ] GC(218) Old regions: 237->237
[2025-12-18T08:23:32.514+0530][info][gc,heap     ] GC(218) Humongous regions: 3->3
[2025-12-18T08:23:32.514+0530][info][gc,metaspace] GC(218) Metaspace: 4092K(4352K)->4092K(4352K) NonClass: 3706K(3840K)->3706K(3840K) Class: 385K(512K)->385K(512K)
[2025-12-18T08:23:32.514+0530][info][gc          ] GC(218) Pause Young (Concurrent Start) (G1 Evacuation Pause) 482M->239M(512M) 2.274ms
[2025-12-18T08:23:32.514+0530][info][gc,cpu      ] GC(218) User=0.00s Sys=0.00s Real=0.00s
[2025-12-18T08:23:32.514+0530][info][gc          ] GC(219) Concurrent Mark Cycle
[2025-12-18T08:23:32.514+0530][info][gc,marking  ] GC(219) Concurrent Scan Root Regions
[2025-12-18T08:23:32.514+0530][info][gc,marking  ] GC(219) Concurrent Scan Root Regions 0.200ms
[2025-12-18T08:23:32.514+0530][info][gc,marking  ] GC(219) Concurrent Mark
[2025-12-18T08:23:32.514+0530][info][gc,marking  ] GC(219) Concurrent Mark From Roots
[2025-12-18T08:23:32.514+0530][info][gc,task     ] GC(219) Using 2 workers of 2 for marking
[2025-12-18T08:23:32.608+0530][info][gc,marking  ] GC(219) Concurrent Mark From Roots 94.089ms
[2025-12-18T08:23:32.608+0530][info][gc,marking  ] GC(219) Concurrent Preclean
[2025-12-18T08:23:32.608+0530][info][gc,marking  ] GC(219) Concurrent Preclean 0.064ms
[2025-12-18T08:23:32.608+0530][info][gc,start    ] GC(219) Pause Remark
[2025-12-18T08:23:32.610+0530][info][gc          ] GC(219) Pause Remark 334M->334M(512M) 1.161ms
[2025-12-18T08:23:32.610+0530][info][gc,cpu      ] GC(219) User=0.00s Sys=0.00s Real=0.00s
[2025-12-18T08:23:32.610+0530][info][gc,marking  ] GC(219) Concurrent Mark 96.197ms
[2025-12-18T08:23:32.610+0530][info][gc,marking  ] GC(219) Concurrent Rebuild Remembered Sets and Scrub Regions
[2025-12-18T08:23:32.657+0530][info][gc,marking  ] GC(219) Concurrent Rebuild Remembered Sets and Scrub Regions 46.544ms
[2025-12-18T08:23:32.657+0530][info][gc,start    ] GC(219) Pause Cleanup
[2025-12-18T08:23:32.657+0530][info][gc          ] GC(219) Pause Cleanup 380M->380M(512M) 0.280ms
[2025-12-18T08:23:32.657+0530][info][gc,cpu      ] GC(219) User=0.00s Sys=0.00s Real=0.00s
[2025-12-18T08:23:32.659+0530][info][gc,marking  ] GC(219) Concurrent Clear Claimed Marks
[2025-12-18T08:23:32.659+0530][info][gc,marking  ] GC(219) Concurrent Clear Claimed Marks 0.070ms
[2025-12-18T08:23:32.659+0530][info][gc,marking  ] GC(219) Concurrent Cleanup for Next Mark
[2025-12-18T08:23:32.659+0530][info][gc,marking  ] GC(219) Concurrent Cleanup for Next Mark 0.745ms
[2025-12-18T08:23:32.659+0530][info][gc          ] GC(219) Concurrent Mark Cycle 145.061ms
[2025-12-18T08:23:32.735+0530][info][gc,start    ] GC(220) Pause Young (Normal) (G1 Evacuation Pause)
[2025-12-18T08:23:32.735+0530][info][gc,task     ] GC(220) Using 8 workers of 8 for evacuation
[2025-12-18T08:23:32.737+0530][info][gc,phases   ] GC(220)   Pre Evacuate Collection Set: 0.3ms
[2025-12-18T08:23:32.737+0530][info][gc,phases   ] GC(220)   Merge Heap Roots: 0.2ms
[2025-12-18T08:23:32.737+0530][info][gc,phases   ] GC(220)   Evacuate Collection Set: 0.6ms
[2025-12-18T08:23:32.737+0530][info][gc,phases   ] GC(220)   Post Evacuate Collection Set: 0.6ms
[2025-12-18T08:23:32.737+0530][info][gc,phases   ] GC(220)   Other: 0.2ms
[2025-12-18T08:23:32.737+0530][info][gc,heap     ] GC(220) Eden regions: 243->0(243)
[2025-12-18T08:23:32.737+0530][info][gc,heap     ] GC(220) Survivor regions: 1->1(28)
[2025-12-18T08:23:32.737+0530][info][gc,heap     ] GC(220) Old regions: 237->237
[2025-12-18T08:23:32.737+0530][info][gc,heap     ] GC(220) Humongous regions: 3->3
[2025-12-18T08:23:32.737+0530][info][gc,metaspace] GC(220) Metaspace: 4092K(4352K)->4092K(4352K) NonClass: 3706K(3840K)->3706K(3840K) Class: 385K(512K)->385K(512K)
[2025-12-18T08:23:32.737+0530][info][gc          ] GC(220) Pause Young (Normal) (G1 Evacuation Pause) 482M->239M(512M) 2.162ms
[2025-12-18T08:23:32.737+0530][info][gc,cpu      ] GC(220) User=0.00s Sys=0.00s Real=0.00s
[2025-12-18T08:23:32.917+0530][info][gc,start    ] GC(221) Pause Young (Concurrent Start) (G1 Evacuation Pause)
[2025-12-18T08:23:32.917+0530][info][gc,task     ] GC(221) Using 8 workers of 8 for evacuation
[2025-12-18T08:23:32.919+0530][info][gc,phases   ] GC(221)   Pre Evacuate Collection Set: 0.3ms
[2025-12-18T08:23:32.919+0530][info][gc,phases   ] GC(221)   Merge Heap Roots: 0.1ms
[2025-12-18T08:23:32.919+0530][info][gc,phases   ] GC(221)   Evacuate Collection Set: 0.7ms
[2025-12-18T08:23:32.919+0530][info][gc,phases   ] GC(221)   Post Evacuate Collection Set: 0.6ms
[2025-12-18T08:23:32.919+0530][info][gc,phases   ] GC(221)   Other: 0.2ms
[2025-12-18T08:23:32.919+0530][info][gc,heap     ] GC(221) Eden regions: 243->0(243)
[2025-12-18T08:23:32.919+0530][info][gc,heap     ] GC(221) Survivor regions: 1->1(28)
[2025-12-18T08:23:32.919+0530][info][gc,heap     ] GC(221) Old regions: 237->237
[2025-12-18T08:23:32.919+0530][info][gc,heap     ] GC(221) Humongous regions: 3->3
[2025-12-18T08:23:32.919+0530][info][gc,metaspace] GC(221) Metaspace: 4092K(4352K)->4092K(4352K) NonClass: 3706K(3840K)->3706K(3840K) Class: 385K(512K)->385K(512K)
[2025-12-18T08:23:32.919+0530][info][gc          ] GC(221) Pause Young (Concurrent Start) (G1 Evacuation Pause) 482M->239M(512M) 2.338ms
[2025-12-18T08:23:32.919+0530][info][gc,cpu      ] GC(221) User=0.00s Sys=0.00s Real=0.00s
[2025-12-18T08:23:32.919+0530][info][gc          ] GC(222) Concurrent Mark Cycle
[2025-12-18T08:23:32.919+0530][info][gc,marking  ] GC(222) Concurrent Scan Root Regions
[2025-12-18T08:23:32.919+0530][info][gc,marking  ] GC(222) Concurrent Scan Root Regions 0.246ms
[2025-12-18T08:23:32.919+0530][info][gc,marking  ] GC(222) Concurrent Mark
[2025-12-18T08:23:32.919+0530][info][gc,marking  ] GC(222) Concurrent Mark From Roots
[2025-12-18T08:23:32.919+0530][info][gc,task     ] GC(222) Using 2 workers of 2 for marking
[2025-12-18T08:23:33.013+0530][info][gc,marking  ] GC(222) Concurrent Mark From Roots 94.350ms
[2025-12-18T08:23:33.013+0530][info][gc,marking  ] GC(222) Concurrent Preclean
[2025-12-18T08:23:33.013+0530][info][gc,marking  ] GC(222) Concurrent Preclean 0.064ms
[2025-12-18T08:23:33.015+0530][info][gc,start    ] GC(222) Pause Remark
[2025-12-18T08:23:33.015+0530][info][gc          ] GC(222) Pause Remark 335M->335M(512M) 1.248ms
[2025-12-18T08:23:33.015+0530][info][gc,cpu      ] GC(222) User=0.00s Sys=0.00s Real=0.00s
[2025-12-18T08:23:33.017+0530][info][gc,marking  ] GC(222) Concurrent Mark 97.764ms
[2025-12-18T08:23:33.017+0530][info][gc,marking  ] GC(222) Concurrent Rebuild Remembered Sets and Scrub Regions
[2025-12-18T08:23:33.063+0530][info][gc,marking  ] GC(222) Concurrent Rebuild Remembered Sets and Scrub Regions 46.654ms
[2025-12-18T08:23:33.063+0530][info][gc,start    ] GC(222) Pause Cleanup
[2025-12-18T08:23:33.065+0530][info][gc          ] GC(222) Pause Cleanup 380M->380M(512M) 0.281ms
[2025-12-18T08:23:33.065+0530][info][gc,cpu      ] GC(222) User=0.00s Sys=0.00s Real=0.00s
[2025-12-18T08:23:33.065+0530][info][gc,marking  ] GC(222) Concurrent Clear Claimed Marks
[2025-12-18T08:23:33.065+0530][info][gc,marking  ] GC(222) Concurrent Clear Claimed Marks 0.064ms
[2025-12-18T08:23:33.065+0530][info][gc,marking  ] GC(222) Concurrent Cleanup for Next Mark
[2025-12-18T08:23:33.067+0530][info][gc,marking  ] GC(222) Concurrent Cleanup for Next Mark 0.753ms
[2025-12-18T08:23:33.067+0530][info][gc          ] GC(222) Concurrent Mark Cycle 148.262ms
[2025-12-18T08:23:33.140+0530][info][gc,start    ] GC(223) Pause Young (Normal) (G1 Evacuation Pause)
[2025-12-18T08:23:33.140+0530][info][gc,task     ] GC(223) Using 8 workers of 8 for evacuation
[2025-12-18T08:23:33.142+0530][info][gc,phases   ] GC(223)   Pre Evacuate Collection Set: 0.2ms
[2025-12-18T08:23:33.142+0530][info][gc,phases   ] GC(223)   Merge Heap Roots: 0.2ms
[2025-12-18T08:23:33.142+0530][info][gc,phases   ] GC(223)   Evacuate Collection Set: 0.3ms
[2025-12-18T08:23:33.142+0530][info][gc,phases   ] GC(223)   Post Evacuate Collection Set: 0.6ms
[2025-12-18T08:23:33.142+0530][info][gc,phases   ] GC(223)   Other: 0.1ms
[2025-12-18T08:23:33.142+0530][info][gc,heap     ] GC(223) Eden regions: 243->0(243)
[2025-12-18T08:23:33.142+0530][info][gc,heap     ] GC(223) Survivor regions: 1->1(28)
[2025-12-18T08:23:33.142+0530][info][gc,heap     ] GC(223) Old regions: 237->237
[2025-12-18T08:23:33.142+0530][info][gc,heap     ] GC(223) Humongous regions: 3->3
[2025-12-18T08:23:33.142+0530][info][gc,metaspace] GC(223) Metaspace: 4092K(4352K)->4092K(4352K) NonClass: 3706K(3840K)->3706K(3840K) Class: 385K(512K)->385K(512K)
[2025-12-18T08:23:33.142+0530][info][gc          ] GC(223) Pause Young (Normal) (G1 Evacuation Pause) 482M->239M(512M) 1.757ms
[2025-12-18T08:23:33.142+0530][info][gc,cpu      ] GC(223) User=0.00s Sys=0.00s Real=0.00s
[2025-12-18T08:23:33.325+0530][info][gc,start    ] GC(224) Pause Young (Concurrent Start) (G1 Evacuation Pause)
[2025-12-18T08:23:33.325+0530][info][gc,task     ] GC(224) Using 8 workers of 8 for evacuation
[2025-12-18T08:23:33.327+0530][info][gc,phases   ] GC(224)   Pre Evacuate Collection Set: 0.2ms
[2025-12-18T08:23:33.327+0530][info][gc,phases   ] GC(224)   Merge Heap Roots: 0.2ms
[2025-12-18T08:23:33.327+0530][info][gc,phases   ] GC(224)   Evacuate Collection Set: 0.8ms
[2025-12-18T08:23:33.327+0530][info][gc,phases   ] GC(224)   Post Evacuate Collection Set: 0.6ms
[2025-12-18T08:23:33.327+0530][info][gc,phases   ] GC(224)   Other: 0.2ms
[2025-12-18T08:23:33.327+0530][info][gc,heap     ] GC(224) Eden regions: 243->0(243)
[2025-12-18T08:23:33.327+0530][info][gc,heap     ] GC(224) Survivor regions: 1->1(28)
[2025-12-18T08:23:33.327+0530][info][gc,heap     ] GC(224) Old regions: 237->237
[2025-12-18T08:23:33.327+0530][info][gc,heap     ] GC(224) Humongous regions: 3->3
[2025-12-18T08:23:33.327+0530][info][gc,metaspace] GC(224) Metaspace: 4092K(4352K)->4092K(4352K) NonClass: 3706K(3840K)->3706K(3840K) Class: 385K(512K)->385K(512K)
[2025-12-18T08:23:33.327+0530][info][gc          ] GC(224) Pause Young (Concurrent Start) (G1 Evacuation Pause) 482M->239M(512M) 2.531ms
[2025-12-18T08:23:33.327+0530][info][gc,cpu      ] GC(224) User=0.00s Sys=0.00s Real=0.00s
[2025-12-18T08:23:33.327+0530][info][gc          ] GC(225) Concurrent Mark Cycle
[2025-12-18T08:23:33.327+0530][info][gc,marking  ] GC(225) Concurrent Scan Root Regions
[2025-12-18T08:23:33.327+0530][info][gc,marking  ] GC(225) Concurrent Scan Root Regions 0.260ms
[2025-12-18T08:23:33.327+0530][info][gc,marking  ] GC(225) Concurrent Mark
[2025-12-18T08:23:33.327+0530][info][gc,marking  ] GC(225) Concurrent Mark From Roots
[2025-12-18T08:23:33.327+0530][info][gc,task     ] GC(225) Using 2 workers of 2 for marking
[2025-12-18T08:23:33.423+0530][info][gc,marking  ] GC(225) Concurrent Mark From Roots 94.987ms
[2025-12-18T08:23:33.423+0530][info][gc,marking  ] GC(225) Concurrent Preclean
[2025-12-18T08:23:33.423+0530][info][gc,marking  ] GC(225) Concurrent Preclean 0.066ms
[2025-12-18T08:23:33.423+0530][info][gc,start    ] GC(225) Pause Remark
[2025-12-18T08:23:33.425+0530][info][gc          ] GC(225) Pause Remark 330M->330M(512M) 1.223ms
[2025-12-18T08:23:33.425+0530][info][gc,cpu      ] GC(225) User=0.00s Sys=0.00s Real=0.00s
[2025-12-18T08:23:33.425+0530][info][gc,marking  ] GC(225) Concurrent Mark 97.278ms
[2025-12-18T08:23:33.425+0530][info][gc,marking  ] GC(225) Concurrent Rebuild Remembered Sets and Scrub Regions
[2025-12-18T08:23:33.472+0530][info][gc,marking  ] GC(225) Concurrent Rebuild Remembered Sets and Scrub Regions 46.542ms
[2025-12-18T08:23:33.472+0530][info][gc,start    ] GC(225) Pause Cleanup
[2025-12-18T08:23:33.472+0530][info][gc          ] GC(225) Pause Cleanup 375M->375M(512M) 0.232ms
[2025-12-18T08:23:33.472+0530][info][gc,cpu      ] GC(225) User=0.00s Sys=0.00s Real=0.00s
[2025-12-18T08:23:33.472+0530][info][gc,marking  ] GC(225) Concurrent Clear Claimed Marks
[2025-12-18T08:23:33.472+0530][info][gc,marking  ] GC(225) Concurrent Clear Claimed Marks 0.067ms
[2025-12-18T08:23:33.472+0530][info][gc,marking  ] GC(225) Concurrent Cleanup for Next Mark
[2025-12-18T08:23:33.474+0530][info][gc,marking  ] GC(225) Concurrent Cleanup for Next Mark 0.775ms
[2025-12-18T08:23:33.474+0530][info][gc          ] GC(225) Concurrent Mark Cycle 146.335ms
[2025-12-18T08:23:33.551+0530][info][gc,start    ] GC(226) Pause Young (Normal) (G1 Evacuation Pause)
[2025-12-18T08:23:33.551+0530][info][gc,task     ] GC(226) Using 8 workers of 8 for evacuation
[2025-12-18T08:23:33.553+0530][info][gc,phases   ] GC(226)   Pre Evacuate Collection Set: 0.3ms
[2025-12-18T08:23:33.553+0530][info][gc,phases   ] GC(226)   Merge Heap Roots: 0.2ms
[2025-12-18T08:23:33.553+0530][info][gc,phases   ] GC(226)   Evacuate Collection Set: 0.6ms
[2025-12-18T08:23:33.553+0530][info][gc,phases   ] GC(226)   Post Evacuate Collection Set: 0.6ms
[2025-12-18T08:23:33.553+0530][info][gc,phases   ] GC(226)   Other: 0.1ms
[2025-12-18T08:23:33.553+0530][info][gc,heap     ] GC(226) Eden regions: 243->0(243)
[2025-12-18T08:23:33.553+0530][info][gc,heap     ] GC(226) Survivor regions: 1->1(28)
[2025-12-18T08:23:33.553+0530][info][gc,heap     ] GC(226) Old regions: 237->237
[2025-12-18T08:23:33.553+0530][info][gc,heap     ] GC(226) Humongous regions: 3->3
[2025-12-18T08:23:33.553+0530][info][gc,metaspace] GC(226) Metaspace: 4092K(4352K)->4092K(4352K) NonClass: 3706K(3840K)->3706K(3840K) Class: 385K(512K)->385K(512K)
[2025-12-18T08:23:33.553+0530][info][gc          ] GC(226) Pause Young (Normal) (G1 Evacuation Pause) 482M->239M(512M) 2.178ms
[2025-12-18T08:23:33.553+0530][info][gc,cpu      ] GC(226) User=0.00s Sys=0.00s Real=0.00s
[2025-12-18T08:23:33.733+0530][info][gc,start    ] GC(227) Pause Young (Concurrent Start) (G1 Evacuation Pause)
[2025-12-18T08:23:33.733+0530][info][gc,task     ] GC(227) Using 8 workers of 8 for evacuation
[2025-12-18T08:23:33.735+0530][info][gc,phases   ] GC(227)   Pre Evacuate Collection Set: 0.3ms
[2025-12-18T08:23:33.735+0530][info][gc,phases   ] GC(227)   Merge Heap Roots: 0.2ms
[2025-12-18T08:23:33.735+0530][info][gc,phases   ] GC(227)   Evacuate Collection Set: 0.7ms
[2025-12-18T08:23:33.735+0530][info][gc,phases   ] GC(227)   Post Evacuate Collection Set: 0.6ms
[2025-12-18T08:23:33.735+0530][info][gc,phases   ] GC(227)   Other: 0.3ms
[2025-12-18T08:23:33.735+0530][info][gc,heap     ] GC(227) Eden regions: 243->0(243)
[2025-12-18T08:23:33.735+0530][info][gc,heap     ] GC(227) Survivor regions: 1->1(28)
[2025-12-18T08:23:33.735+0530][info][gc,heap     ] GC(227) Old regions: 237->237
[2025-12-18T08:23:33.735+0530][info][gc,heap     ] GC(227) Humongous regions: 3->3
[2025-12-18T08:23:33.735+0530][info][gc,metaspace] GC(227) Metaspace: 4092K(4352K)->4092K(4352K) NonClass: 3706K(3840K)->3706K(3840K) Class: 385K(512K)->385K(512K)
[2025-12-18T08:23:33.735+0530][info][gc          ] GC(227) Pause Young (Concurrent Start) (G1 Evacuation Pause) 482M->239M(512M) 2.309ms
[2025-12-18T08:23:33.735+0530][info][gc,cpu      ] GC(227) User=0.00s Sys=0.00s Real=0.00s
[2025-12-18T08:23:33.735+0530][info][gc          ] GC(228) Concurrent Mark Cycle
[2025-12-18T08:23:33.735+0530][info][gc,marking  ] GC(228) Concurrent Scan Root Regions
[2025-12-18T08:23:33.735+0530][info][gc,marking  ] GC(228) Concurrent Scan Root Regions 0.204ms
[2025-12-18T08:23:33.735+0530][info][gc,marking  ] GC(228) Concurrent Mark
[2025-12-18T08:23:33.735+0530][info][gc,marking  ] GC(228) Concurrent Mark From Roots
[2025-12-18T08:23:33.735+0530][info][gc,task     ] GC(228) Using 2 workers of 2 for marking
[2025-12-18T08:23:33.831+0530][info][gc,marking  ] GC(228) Concurrent Mark From Roots 94.786ms
[2025-12-18T08:23:33.831+0530][info][gc,marking  ] GC(228) Concurrent Preclean
[2025-12-18T08:23:33.831+0530][info][gc,marking  ] GC(228) Concurrent Preclean 0.064ms
[2025-12-18T08:23:33.831+0530][info][gc,start    ] GC(228) Pause Remark
[2025-12-18T08:23:33.831+0530][info][gc          ] GC(228) Pause Remark 334M->334M(512M) 1.222ms
[2025-12-18T08:23:33.831+0530][info][gc,cpu      ] GC(228) User=0.00s Sys=0.00s Real=0.00s
[2025-12-18T08:23:33.833+0530][info][gc,marking  ] GC(228) Concurrent Mark 97.680ms
[2025-12-18T08:23:33.833+0530][info][gc,marking  ] GC(228) Concurrent Rebuild Remembered Sets and Scrub Regions
[2025-12-18T08:23:33.880+0530][info][gc,marking  ] GC(228) Concurrent Rebuild Remembered Sets and Scrub Regions 46.683ms
[2025-12-18T08:23:33.880+0530][info][gc,start    ] GC(228) Pause Cleanup
[2025-12-18T08:23:33.880+0530][info][gc          ] GC(228) Pause Cleanup 379M->379M(512M) 0.250ms
[2025-12-18T08:23:33.880+0530][info][gc,cpu      ] GC(228) User=0.00s Sys=0.00s Real=0.00s
[2025-12-18T08:23:33.882+0530][info][gc,marking  ] GC(228) Concurrent Clear Claimed Marks
[2025-12-18T08:23:33.882+0530][info][gc,marking  ] GC(228) Concurrent Clear Claimed Marks 0.068ms
[2025-12-18T08:23:33.882+0530][info][gc,marking  ] GC(228) Concurrent Cleanup for Next Mark
[2025-12-18T08:23:33.882+0530][info][gc,marking  ] GC(228) Concurrent Cleanup for Next Mark 0.731ms
[2025-12-18T08:23:33.882+0530][info][gc          ] GC(228) Concurrent Mark Cycle 147.293ms
[2025-12-18T08:23:33.963+0530][info][gc,start    ] GC(229) Pause Young (Normal) (G1 Evacuation Pause)
[2025-12-18T08:23:33.963+0530][info][gc,task     ] GC(229) Using 8 workers of 8 for evacuation
[2025-12-18T08:23:33.963+0530][info][gc,phases   ] GC(229)   Pre Evacuate Collection Set: 0.2ms
[2025-12-18T08:23:33.963+0530][info][gc,phases   ] GC(229)   Merge Heap Roots: 0.1ms
[2025-12-18T08:23:33.963+0530][info][gc,phases   ] GC(229)   Evacuate Collection Set: 0.4ms
[2025-12-18T08:23:33.963+0530][info][gc,phases   ] GC(229)   Post Evacuate Collection Set: 0.5ms
[2025-12-18T08:23:33.963+0530][info][gc,phases   ] GC(229)   Other: 0.2ms
[2025-12-18T08:23:33.963+0530][info][gc,heap     ] GC(229) Eden regions: 243->0(243)
[2025-12-18T08:23:33.963+0530][info][gc,heap     ] GC(229) Survivor regions: 1->1(28)
[2025-12-18T08:23:33.963+0530][info][gc,heap     ] GC(229) Old regions: 237->237
[2025-12-18T08:23:33.965+0530][info][gc,heap     ] GC(229) Humongous regions: 3->3
[2025-12-18T08:23:33.965+0530][info][gc,metaspace] GC(229) Metaspace: 4092K(4352K)->4092K(4352K) NonClass: 3706K(3840K)->3706K(3840K) Class: 385K(512K)->385K(512K)
[2025-12-18T08:23:33.965+0530][info][gc          ] GC(229) Pause Young (Normal) (G1 Evacuation Pause) 482M->239M(512M) 1.757ms
[2025-12-18T08:23:33.965+0530][info][gc,cpu      ] GC(229) User=0.00s Sys=0.00s Real=0.00s
[2025-12-18T08:23:34.153+0530][info][gc,start    ] GC(230) Pause Young (Concurrent Start) (G1 Evacuation Pause)
[2025-12-18T08:23:34.153+0530][info][gc,task     ] GC(230) Using 8 workers of 8 for evacuation
[2025-12-18T08:23:34.155+0530][info][gc,phases   ] GC(230)   Pre Evacuate Collection Set: 0.3ms
[2025-12-18T08:23:34.155+0530][info][gc,phases   ] GC(230)   Merge Heap Roots: 0.1ms
[2025-12-18T08:23:34.155+0530][info][gc,phases   ] GC(230)   Evacuate Collection Set: 0.6ms
[2025-12-18T08:23:34.155+0530][info][gc,phases   ] GC(230)   Post Evacuate Collection Set: 0.6ms
[2025-12-18T08:23:34.155+0530][info][gc,phases   ] GC(230)   Other: 0.2ms
[2025-12-18T08:23:34.155+0530][info][gc,heap     ] GC(230) Eden regions: 243->0(243)
[2025-12-18T08:23:34.155+0530][info][gc,heap     ] GC(230) Survivor regions: 1->1(28)
[2025-12-18T08:23:34.155+0530][info][gc,heap     ] GC(230) Old regions: 237->237
[2025-12-18T08:23:34.155+0530][info][gc,heap     ] GC(230) Humongous regions: 3->3
[2025-12-18T08:23:34.155+0530][info][gc,metaspace] GC(230) Metaspace: 4094K(4352K)->4094K(4352K) NonClass: 3708K(3840K)->3708K(3840K) Class: 385K(512K)->385K(512K)
[2025-12-18T08:23:34.155+0530][info][gc          ] GC(230) Pause Young (Concurrent Start) (G1 Evacuation Pause) 482M->239M(512M) 2.223ms
[2025-12-18T08:23:34.155+0530][info][gc,cpu      ] GC(230) User=0.00s Sys=0.00s Real=0.00s
[2025-12-18T08:23:34.155+0530][info][gc          ] GC(231) Concurrent Mark Cycle
[2025-12-18T08:23:34.155+0530][info][gc,marking  ] GC(231) Concurrent Scan Root Regions
[2025-12-18T08:23:34.157+0530][info][gc,marking  ] GC(231) Concurrent Scan Root Regions 0.213ms
[2025-12-18T08:23:34.157+0530][info][gc,marking  ] GC(231) Concurrent Mark
[2025-12-18T08:23:34.157+0530][info][gc,marking  ] GC(231) Concurrent Mark From Roots
[2025-12-18T08:23:34.157+0530][info][gc,task     ] GC(231) Using 2 workers of 2 for marking
[2025-12-18T08:23:34.250+0530][info][gc,marking  ] GC(231) Concurrent Mark From Roots 94.889ms
[2025-12-18T08:23:34.250+0530][info][gc,marking  ] GC(231) Concurrent Preclean
[2025-12-18T08:23:34.250+0530][info][gc,marking  ] GC(231) Concurrent Preclean 0.061ms
[2025-12-18T08:23:34.252+0530][info][gc,start    ] GC(231) Pause Remark
[2025-12-18T08:23:34.254+0530][info][gc          ] GC(231) Pause Remark 334M->334M(512M) 0.938ms
[2025-12-18T08:23:34.254+0530][info][gc,cpu      ] GC(231) User=0.00s Sys=0.00s Real=0.00s
[2025-12-18T08:23:34.254+0530][info][gc,marking  ] GC(231) Concurrent Mark 97.863ms
[2025-12-18T08:23:34.254+0530][info][gc,marking  ] GC(231) Concurrent Rebuild Remembered Sets and Scrub Regions
[2025-12-18T08:23:34.302+0530][info][gc,marking  ] GC(231) Concurrent Rebuild Remembered Sets and Scrub Regions 47.365ms
[2025-12-18T08:23:34.302+0530][info][gc,start    ] GC(231) Pause Cleanup
[2025-12-18T08:23:34.302+0530][info][gc          ] GC(231) Pause Cleanup 375M->375M(512M) 0.271ms
[2025-12-18T08:23:34.302+0530][info][gc,cpu      ] GC(231) User=0.00s Sys=0.00s Real=0.00s
[2025-12-18T08:23:34.302+0530][info][gc,marking  ] GC(231) Concurrent Clear Claimed Marks
[2025-12-18T08:23:34.302+0530][info][gc,marking  ] GC(231) Concurrent Clear Claimed Marks 0.063ms
[2025-12-18T08:23:34.302+0530][info][gc,marking  ] GC(231) Concurrent Cleanup for Next Mark
[2025-12-18T08:23:34.304+0530][info][gc,marking  ] GC(231) Concurrent Cleanup for Next Mark 0.763ms
[2025-12-18T08:23:34.304+0530][info][gc          ] GC(231) Concurrent Mark Cycle 147.683ms
[2025-12-18T08:23:34.385+0530][info][gc,start    ] GC(232) Pause Young (Normal) (G1 Evacuation Pause)
[2025-12-18T08:23:34.385+0530][info][gc,task     ] GC(232) Using 8 workers of 8 for evacuation
[2025-12-18T08:23:34.387+0530][info][gc,phases   ] GC(232)   Pre Evacuate Collection Set: 0.2ms
[2025-12-18T08:23:34.387+0530][info][gc,phases   ] GC(232)   Merge Heap Roots: 0.1ms
[2025-12-18T08:23:34.387+0530][info][gc,phases   ] GC(232)   Evacuate Collection Set: 0.6ms
[2025-12-18T08:23:34.387+0530][info][gc,phases   ] GC(232)   Post Evacuate Collection Set: 0.5ms
[2025-12-18T08:23:34.387+0530][info][gc,phases   ] GC(232)   Other: 0.1ms
[2025-12-18T08:23:34.387+0530][info][gc,heap     ] GC(232) Eden regions: 243->0(243)
[2025-12-18T08:23:34.387+0530][info][gc,heap     ] GC(232) Survivor regions: 1->1(28)
[2025-12-18T08:23:34.387+0530][info][gc,heap     ] GC(232) Old regions: 237->237
[2025-12-18T08:23:34.387+0530][info][gc,heap     ] GC(232) Humongous regions: 3->3
[2025-12-18T08:23:34.387+0530][info][gc,metaspace] GC(232) Metaspace: 4094K(4352K)->4094K(4352K) NonClass: 3708K(3840K)->3708K(3840K) Class: 385K(512K)->385K(512K)
[2025-12-18T08:23:34.387+0530][info][gc          ] GC(232) Pause Young (Normal) (G1 Evacuation Pause) 482M->239M(512M) 1.946ms
[2025-12-18T08:23:34.387+0530][info][gc,cpu      ] GC(232) User=0.00s Sys=0.00s Real=0.00s
[2025-12-18T08:23:34.569+0530][info][gc,start    ] GC(233) Pause Young (Concurrent Start) (G1 Evacuation Pause)
[2025-12-18T08:23:34.569+0530][info][gc,task     ] GC(233) Using 8 workers of 8 for evacuation
[2025-12-18T08:23:34.571+0530][info][gc,phases   ] GC(233)   Pre Evacuate Collection Set: 0.4ms
[2025-12-18T08:23:34.571+0530][info][gc,phases   ] GC(233)   Merge Heap Roots: 0.1ms
[2025-12-18T08:23:34.571+0530][info][gc,phases   ] GC(233)   Evacuate Collection Set: 0.7ms
[2025-12-18T08:23:34.571+0530][info][gc,phases   ] GC(233)   Post Evacuate Collection Set: 0.5ms
[2025-12-18T08:23:34.571+0530][info][gc,phases   ] GC(233)   Other: 0.2ms
[2025-12-18T08:23:34.571+0530][info][gc,heap     ] GC(233) Eden regions: 243->0(243)
[2025-12-18T08:23:34.571+0530][info][gc,heap     ] GC(233) Survivor regions: 1->1(28)
[2025-12-18T08:23:34.571+0530][info][gc,heap     ] GC(233) Old regions: 237->237
[2025-12-18T08:23:34.571+0530][info][gc,heap     ] GC(233) Humongous regions: 3->3
[2025-12-18T08:23:34.571+0530][info][gc,metaspace] GC(233) Metaspace: 4094K(4352K)->4094K(4352K) NonClass: 3708K(3840K)->3708K(3840K) Class: 385K(512K)->385K(512K)
[2025-12-18T08:23:34.571+0530][info][gc          ] GC(233) Pause Young (Concurrent Start) (G1 Evacuation Pause) 482M->239M(512M) 2.250ms
[2025-12-18T08:23:34.571+0530][info][gc,cpu      ] GC(233) User=0.00s Sys=0.00s Real=0.00s
[2025-12-18T08:23:34.571+0530][info][gc          ] GC(234) Concurrent Mark Cycle
[2025-12-18T08:23:34.571+0530][info][gc,marking  ] GC(234) Concurrent Scan Root Regions
[2025-12-18T08:23:34.573+0530][info][gc,marking  ] GC(234) Concurrent Scan Root Regions 0.240ms
[2025-12-18T08:23:34.573+0530][info][gc,marking  ] GC(234) Concurrent Mark
[2025-12-18T08:23:34.573+0530][info][gc,marking  ] GC(234) Concurrent Mark From Roots
[2025-12-18T08:23:34.573+0530][info][gc,task     ] GC(234) Using 2 workers of 2 for marking
[2025-12-18T08:23:34.666+0530][info][gc,marking  ] GC(234) Concurrent Mark From Roots 94.478ms
[2025-12-18T08:23:34.666+0530][info][gc,marking  ] GC(234) Concurrent Preclean
[2025-12-18T08:23:34.666+0530][info][gc,marking  ] GC(234) Concurrent Preclean 0.063ms
[2025-12-18T08:23:34.666+0530][info][gc,start    ] GC(234) Pause Remark
[2025-12-18T08:23:34.669+0530][info][gc          ] GC(234) Pause Remark 334M->334M(512M) 1.207ms
[2025-12-18T08:23:34.669+0530][info][gc,cpu      ] GC(234) User=0.00s Sys=0.00s Real=0.00s
[2025-12-18T08:23:34.669+0530][info][gc,marking  ] GC(234) Concurrent Mark 96.378ms
[2025-12-18T08:23:34.669+0530][info][gc,marking  ] GC(234) Concurrent Rebuild Remembered Sets and Scrub Regions
[2025-12-18T08:23:34.715+0530][info][gc,marking  ] GC(234) Concurrent Rebuild Remembered Sets and Scrub Regions 46.642ms
[2025-12-18T08:23:34.715+0530][info][gc,start    ] GC(234) Pause Cleanup
[2025-12-18T08:23:34.715+0530][info][gc          ] GC(234) Pause Cleanup 378M->378M(512M) 0.276ms
[2025-12-18T08:23:34.715+0530][info][gc,cpu      ] GC(234) User=0.00s Sys=0.00s Real=0.00s
[2025-12-18T08:23:34.717+0530][info][gc,marking  ] GC(234) Concurrent Clear Claimed Marks
[2025-12-18T08:23:34.717+0530][info][gc,marking  ] GC(234) Concurrent Clear Claimed Marks 0.057ms
[2025-12-18T08:23:34.717+0530][info][gc,marking  ] GC(234) Concurrent Cleanup for Next Mark
[2025-12-18T08:23:34.717+0530][info][gc,marking  ] GC(234) Concurrent Cleanup for Next Mark 0.730ms
[2025-12-18T08:23:34.717+0530][info][gc          ] GC(234) Concurrent Mark Cycle 145.641ms
[2025-12-18T08:23:34.796+0530][info][gc,start    ] GC(235) Pause Young (Normal) (G1 Evacuation Pause)
[2025-12-18T08:23:34.796+0530][info][gc,task     ] GC(235) Using 8 workers of 8 for evacuation
[2025-12-18T08:23:34.798+0530][info][gc,phases   ] GC(235)   Pre Evacuate Collection Set: 0.2ms
[2025-12-18T08:23:34.798+0530][info][gc,phases   ] GC(235)   Merge Heap Roots: 0.1ms
[2025-12-18T08:23:34.798+0530][info][gc,phases   ] GC(235)   Evacuate Collection Set: 0.5ms
[2025-12-18T08:23:34.798+0530][info][gc,phases   ] GC(235)   Post Evacuate Collection Set: 0.7ms
[2025-12-18T08:23:34.798+0530][info][gc,phases   ] GC(235)   Other: 0.1ms
[2025-12-18T08:23:34.798+0530][info][gc,heap     ] GC(235) Eden regions: 243->0(243)
[2025-12-18T08:23:34.798+0530][info][gc,heap     ] GC(235) Survivor regions: 1->1(28)
[2025-12-18T08:23:34.798+0530][info][gc,heap     ] GC(235) Old regions: 237->237
[2025-12-18T08:23:34.798+0530][info][gc,heap     ] GC(235) Humongous regions: 3->3
[2025-12-18T08:23:34.798+0530][info][gc,metaspace] GC(235) Metaspace: 4094K(4352K)->4094K(4352K) NonClass: 3708K(3840K)->3708K(3840K) Class: 385K(512K)->385K(512K)
[2025-12-18T08:23:34.798+0530][info][gc          ] GC(235) Pause Young (Normal) (G1 Evacuation Pause) 482M->239M(512M) 2.171ms
[2025-12-18T08:23:34.798+0530][info][gc,cpu      ] GC(235) User=0.00s Sys=0.00s Real=0.00s
[2025-12-18T08:23:34.977+0530][info][gc,start    ] GC(236) Pause Young (Concurrent Start) (G1 Evacuation Pause)
[2025-12-18T08:23:34.977+0530][info][gc,task     ] GC(236) Using 8 workers of 8 for evacuation
[2025-12-18T08:23:34.979+0530][info][gc,phases   ] GC(236)   Pre Evacuate Collection Set: 0.2ms
[2025-12-18T08:23:34.979+0530][info][gc,phases   ] GC(236)   Merge Heap Roots: 0.1ms
[2025-12-18T08:23:34.979+0530][info][gc,phases   ] GC(236)   Evacuate Collection Set: 0.7ms
[2025-12-18T08:23:34.979+0530][info][gc,phases   ] GC(236)   Post Evacuate Collection Set: 0.6ms
[2025-12-18T08:23:34.979+0530][info][gc,phases   ] GC(236)   Other: 0.2ms
[2025-12-18T08:23:34.979+0530][info][gc,heap     ] GC(236) Eden regions: 243->0(243)
[2025-12-18T08:23:34.979+0530][info][gc,heap     ] GC(236) Survivor regions: 1->1(28)
[2025-12-18T08:23:34.979+0530][info][gc,heap     ] GC(236) Old regions: 237->237
[2025-12-18T08:23:34.979+0530][info][gc,heap     ] GC(236) Humongous regions: 3->3
[2025-12-18T08:23:34.979+0530][info][gc,metaspace] GC(236) Metaspace: 4094K(4352K)->4094K(4352K) NonClass: 3708K(3840K)->3708K(3840K) Class: 385K(512K)->385K(512K)
[2025-12-18T08:23:34.979+0530][info][gc          ] GC(236) Pause Young (Concurrent Start) (G1 Evacuation Pause) 482M->239M(512M) 2.382ms
[2025-12-18T08:23:34.979+0530][info][gc,cpu      ] GC(236) User=0.00s Sys=0.00s Real=0.00s
[2025-12-18T08:23:34.979+0530][info][gc          ] GC(237) Concurrent Mark Cycle
[2025-12-18T08:23:34.979+0530][info][gc,marking  ] GC(237) Concurrent Scan Root Regions
[2025-12-18T08:23:34.979+0530][info][gc,marking  ] GC(237) Concurrent Scan Root Regions 0.221ms
[2025-12-18T08:23:34.979+0530][info][gc,marking  ] GC(237) Concurrent Mark
[2025-12-18T08:23:34.979+0530][info][gc,marking  ] GC(237) Concurrent Mark From Roots
[2025-12-18T08:23:34.979+0530][info][gc,task     ] GC(237) Using 2 workers of 2 for marking
[2025-12-18T08:23:35.075+0530][info][gc,marking  ] GC(237) Concurrent Mark From Roots 94.454ms
[2025-12-18T08:23:35.075+0530][info][gc,marking  ] GC(237) Concurrent Preclean
[2025-12-18T08:23:35.075+0530][info][gc,marking  ] GC(237) Concurrent Preclean 0.065ms
[2025-12-18T08:23:35.075+0530][info][gc,start    ] GC(237) Pause Remark
[2025-12-18T08:23:35.077+0530][info][gc          ] GC(237) Pause Remark 334M->334M(512M) 1.337ms
[2025-12-18T08:23:35.077+0530][info][gc,cpu      ] GC(237) User=0.00s Sys=0.00s Real=0.00s
[2025-12-18T08:23:35.077+0530][info][gc,marking  ] GC(237) Concurrent Mark 97.890ms
[2025-12-18T08:23:35.077+0530][info][gc,marking  ] GC(237) Concurrent Rebuild Remembered Sets and Scrub Regions
[2025-12-18T08:23:35.123+0530][info][gc,marking  ] GC(237) Concurrent Rebuild Remembered Sets and Scrub Regions 45.877ms
[2025-12-18T08:23:35.123+0530][info][gc,start    ] GC(237) Pause Cleanup
[2025-12-18T08:23:35.123+0530][info][gc          ] GC(237) Pause Cleanup 381M->381M(512M) 0.223ms
[2025-12-18T08:23:35.123+0530][info][gc,cpu      ] GC(237) User=0.00s Sys=0.00s Real=0.00s
[2025-12-18T08:23:35.125+0530][info][gc,marking  ] GC(237) Concurrent Clear Claimed Marks
[2025-12-18T08:23:35.125+0530][info][gc,marking  ] GC(237) Concurrent Clear Claimed Marks 0.077ms
[2025-12-18T08:23:35.125+0530][info][gc,marking  ] GC(237) Concurrent Cleanup for Next Mark
[2025-12-18T08:23:35.125+0530][info][gc,marking  ] GC(237) Concurrent Cleanup for Next Mark 0.758ms
[2025-12-18T08:23:35.125+0530][info][gc          ] GC(237) Concurrent Mark Cycle 146.649ms
[2025-12-18T08:23:35.200+0530][info][gc,start    ] GC(238) Pause Young (Normal) (G1 Evacuation Pause)
[2025-12-18T08:23:35.200+0530][info][gc,task     ] GC(238) Using 8 workers of 8 for evacuation
[2025-12-18T08:23:35.202+0530][info][gc,phases   ] GC(238)   Pre Evacuate Collection Set: 0.3ms
[2025-12-18T08:23:35.202+0530][info][gc,phases   ] GC(238)   Merge Heap Roots: 0.1ms
[2025-12-18T08:23:35.202+0530][info][gc,phases   ] GC(238)   Evacuate Collection Set: 0.5ms
[2025-12-18T08:23:35.202+0530][info][gc,phases   ] GC(238)   Post Evacuate Collection Set: 0.6ms
[2025-12-18T08:23:35.202+0530][info][gc,phases   ] GC(238)   Other: 0.2ms
[2025-12-18T08:23:35.202+0530][info][gc,heap     ] GC(238) Eden regions: 243->0(243)
[2025-12-18T08:23:35.202+0530][info][gc,heap     ] GC(238) Survivor regions: 1->1(28)
[2025-12-18T08:23:35.202+0530][info][gc,heap     ] GC(238) Old regions: 237->237
[2025-12-18T08:23:35.202+0530][info][gc,heap     ] GC(238) Humongous regions: 3->3
[2025-12-18T08:23:35.202+0530][info][gc,metaspace] GC(238) Metaspace: 4094K(4352K)->4094K(4352K) NonClass: 3708K(3840K)->3708K(3840K) Class: 385K(512K)->385K(512K)
[2025-12-18T08:23:35.202+0530][info][gc          ] GC(238) Pause Young (Normal) (G1 Evacuation Pause) 482M->239M(512M) 2.162ms
[2025-12-18T08:23:35.202+0530][info][gc,cpu      ] GC(238) User=0.00s Sys=0.00s Real=0.00s
[2025-12-18T08:23:35.387+0530][info][gc,start    ] GC(239) Pause Young (Concurrent Start) (G1 Evacuation Pause)
[2025-12-18T08:23:35.387+0530][info][gc,task     ] GC(239) Using 8 workers of 8 for evacuation
[2025-12-18T08:23:35.390+0530][info][gc,phases   ] GC(239)   Pre Evacuate Collection Set: 0.3ms
[2025-12-18T08:23:35.390+0530][info][gc,phases   ] GC(239)   Merge Heap Roots: 0.1ms
[2025-12-18T08:23:35.390+0530][info][gc,phases   ] GC(239)   Evacuate Collection Set: 0.7ms
[2025-12-18T08:23:35.390+0530][info][gc,phases   ] GC(239)   Post Evacuate Collection Set: 0.6ms
[2025-12-18T08:23:35.390+0530][info][gc,phases   ] GC(239)   Other: 0.2ms
[2025-12-18T08:23:35.390+0530][info][gc,heap     ] GC(239) Eden regions: 243->0(243)
[2025-12-18T08:23:35.390+0530][info][gc,heap     ] GC(239) Survivor regions: 1->1(28)
[2025-12-18T08:23:35.390+0530][info][gc,heap     ] GC(239) Old regions: 237->237
[2025-12-18T08:23:35.390+0530][info][gc,heap     ] GC(239) Humongous regions: 3->3
[2025-12-18T08:23:35.390+0530][info][gc,metaspace] GC(239) Metaspace: 4094K(4352K)->4094K(4352K) NonClass: 3708K(3840K)->3708K(3840K) Class: 385K(512K)->385K(512K)
[2025-12-18T08:23:35.390+0530][info][gc          ] GC(239) Pause Young (Concurrent Start) (G1 Evacuation Pause) 482M->239M(512M) 2.269ms
[2025-12-18T08:23:35.390+0530][info][gc,cpu      ] GC(239) User=0.00s Sys=0.00s Real=0.00s
[2025-12-18T08:23:35.390+0530][info][gc          ] GC(240) Concurrent Mark Cycle
[2025-12-18T08:23:35.390+0530][info][gc,marking  ] GC(240) Concurrent Scan Root Regions
[2025-12-18T08:23:35.390+0530][info][gc,marking  ] GC(240) Concurrent Scan Root Regions 0.177ms
[2025-12-18T08:23:35.392+0530][info][gc,marking  ] GC(240) Concurrent Mark
[2025-12-18T08:23:35.392+0530][info][gc,marking  ] GC(240) Concurrent Mark From Roots
[2025-12-18T08:23:35.392+0530][info][gc,task     ] GC(240) Using 2 workers of 2 for marking
[2025-12-18T08:23:35.485+0530][info][gc,marking  ] GC(240) Concurrent Mark From Roots 95.644ms
[2025-12-18T08:23:35.485+0530][info][gc,marking  ] GC(240) Concurrent Preclean
[2025-12-18T08:23:35.485+0530][info][gc,marking  ] GC(240) Concurrent Preclean 0.064ms
[2025-12-18T08:23:35.487+0530][info][gc,start    ] GC(240) Pause Remark
[2025-12-18T08:23:35.487+0530][info][gc          ] GC(240) Pause Remark 327M->327M(512M) 1.793ms
[2025-12-18T08:23:35.489+0530][info][gc,cpu      ] GC(240) User=0.00s Sys=0.00s Real=0.00s
[2025-12-18T08:23:35.489+0530][info][gc,marking  ] GC(240) Concurrent Mark 98.300ms
[2025-12-18T08:23:35.489+0530][info][gc,marking  ] GC(240) Concurrent Rebuild Remembered Sets and Scrub Regions
[2025-12-18T08:23:35.536+0530][info][gc,marking  ] GC(240) Concurrent Rebuild Remembered Sets and Scrub Regions 47.117ms
[2025-12-18T08:23:35.536+0530][info][gc,start    ] GC(240) Pause Cleanup
[2025-12-18T08:23:35.536+0530][info][gc          ] GC(240) Pause Cleanup 371M->371M(512M) 0.242ms
[2025-12-18T08:23:35.536+0530][info][gc,cpu      ] GC(240) User=0.00s Sys=0.00s Real=0.00s
[2025-12-18T08:23:35.538+0530][info][gc,marking  ] GC(240) Concurrent Clear Claimed Marks
[2025-12-18T08:23:35.538+0530][info][gc,marking  ] GC(240) Concurrent Clear Claimed Marks 0.067ms
[2025-12-18T08:23:35.538+0530][info][gc,marking  ] GC(240) Concurrent Cleanup for Next Mark
[2025-12-18T08:23:35.538+0530][info][gc,marking  ] GC(240) Concurrent Cleanup for Next Mark 0.734ms
[2025-12-18T08:23:35.538+0530][info][gc          ] GC(240) Concurrent Mark Cycle 147.930ms
[2025-12-18T08:23:35.618+0530][info][gc,start    ] GC(241) Pause Young (Normal) (G1 Evacuation Pause)
[2025-12-18T08:23:35.618+0530][info][gc,task     ] GC(241) Using 8 workers of 8 for evacuation
[2025-12-18T08:23:35.620+0530][info][gc,phases   ] GC(241)   Pre Evacuate Collection Set: 0.3ms
[2025-12-18T08:23:35.620+0530][info][gc,phases   ] GC(241)   Merge Heap Roots: 0.1ms
[2025-12-18T08:23:35.620+0530][info][gc,phases   ] GC(241)   Evacuate Collection Set: 0.5ms
[2025-12-18T08:23:35.620+0530][info][gc,phases   ] GC(241)   Post Evacuate Collection Set: 0.6ms
[2025-12-18T08:23:35.620+0530][info][gc,phases   ] GC(241)   Other: 0.1ms
[2025-12-18T08:23:35.620+0530][info][gc,heap     ] GC(241) Eden regions: 243->0(243)
[2025-12-18T08:23:35.620+0530][info][gc,heap     ] GC(241) Survivor regions: 1->1(28)
[2025-12-18T08:23:35.620+0530][info][gc,heap     ] GC(241) Old regions: 237->237
[2025-12-18T08:23:35.620+0530][info][gc,heap     ] GC(241) Humongous regions: 3->3
[2025-12-18T08:23:35.620+0530][info][gc,metaspace] GC(241) Metaspace: 4094K(4352K)->4094K(4352K) NonClass: 3708K(3840K)->3708K(3840K) Class: 385K(512K)->385K(512K)
[2025-12-18T08:23:35.620+0530][info][gc          ] GC(241) Pause Young (Normal) (G1 Evacuation Pause) 482M->239M(512M) 1.940ms
[2025-12-18T08:23:35.620+0530][info][gc,cpu      ] GC(241) User=0.00s Sys=0.00s Real=0.00s
[2025-12-18T08:23:35.813+0530][info][gc,start    ] GC(242) Pause Young (Concurrent Start) (G1 Evacuation Pause)
[2025-12-18T08:23:35.815+0530][info][gc,task     ] GC(242) Using 8 workers of 8 for evacuation
[2025-12-18T08:23:35.817+0530][info][gc,phases   ] GC(242)   Pre Evacuate Collection Set: 0.3ms
[2025-12-18T08:23:35.817+0530][info][gc,phases   ] GC(242)   Merge Heap Roots: 0.1ms
[2025-12-18T08:23:35.817+0530][info][gc,phases   ] GC(242)   Evacuate Collection Set: 0.7ms
[2025-12-18T08:23:35.817+0530][info][gc,phases   ] GC(242)   Post Evacuate Collection Set: 0.6ms
[2025-12-18T08:23:35.817+0530][info][gc,phases   ] GC(242)   Other: 0.2ms
[2025-12-18T08:23:35.817+0530][info][gc,heap     ] GC(242) Eden regions: 243->0(243)
[2025-12-18T08:23:35.817+0530][info][gc,heap     ] GC(242) Survivor regions: 1->1(28)
[2025-12-18T08:23:35.817+0530][info][gc,heap     ] GC(242) Old regions: 237->237
[2025-12-18T08:23:35.817+0530][info][gc,heap     ] GC(242) Humongous regions: 3->3
[2025-12-18T08:23:35.817+0530][info][gc,metaspace] GC(242) Metaspace: 4094K(4352K)->4094K(4352K) NonClass: 3708K(3840K)->3708K(3840K) Class: 385K(512K)->385K(512K)
[2025-12-18T08:23:35.817+0530][info][gc          ] GC(242) Pause Young (Concurrent Start) (G1 Evacuation Pause) 482M->239M(512M) 2.721ms
[2025-12-18T08:23:35.817+0530][info][gc,cpu      ] GC(242) User=0.00s Sys=0.00s Real=0.00s
[2025-12-18T08:23:35.817+0530][info][gc          ] GC(243) Concurrent Mark Cycle
[2025-12-18T08:23:35.817+0530][info][gc,marking  ] GC(243) Concurrent Scan Root Regions
[2025-12-18T08:23:35.817+0530][info][gc,marking  ] GC(243) Concurrent Scan Root Regions 0.204ms
[2025-12-18T08:23:35.817+0530][info][gc,marking  ] GC(243) Concurrent Mark
[2025-12-18T08:23:35.817+0530][info][gc,marking  ] GC(243) Concurrent Mark From Roots
[2025-12-18T08:23:35.817+0530][info][gc,task     ] GC(243) Using 2 workers of 2 for marking
[2025-12-18T08:23:35.917+0530][info][gc,marking  ] GC(243) Concurrent Mark From Roots 99.156ms
[2025-12-18T08:23:35.917+0530][info][gc,marking  ] GC(243) Concurrent Preclean
[2025-12-18T08:23:35.917+0530][info][gc,marking  ] GC(243) Concurrent Preclean 0.069ms
[2025-12-18T08:23:35.919+0530][info][gc,start    ] GC(243) Pause Remark
[2025-12-18T08:23:35.921+0530][info][gc          ] GC(243) Pause Remark 312M->312M(512M) 1.289ms
[2025-12-18T08:23:35.921+0530][info][gc,cpu      ] GC(243) User=0.00s Sys=0.00s Real=0.00s
[2025-12-18T08:23:35.923+0530][info][gc,marking  ] GC(243) Concurrent Mark 104.708ms
[2025-12-18T08:23:35.923+0530][info][gc,marking  ] GC(243) Concurrent Rebuild Remembered Sets and Scrub Regions
[2025-12-18T08:23:35.969+0530][info][gc,marking  ] GC(243) Concurrent Rebuild Remembered Sets and Scrub Regions 47.741ms
[2025-12-18T08:23:35.973+0530][info][gc,start    ] GC(243) Pause Cleanup
[2025-12-18T08:23:35.973+0530][info][gc          ] GC(243) Pause Cleanup 342M->342M(512M) 0.298ms
[2025-12-18T08:23:35.973+0530][info][gc,cpu      ] GC(243) User=0.00s Sys=0.00s Real=0.00s
[2025-12-18T08:23:35.973+0530][info][gc,marking  ] GC(243) Concurrent Clear Claimed Marks
[2025-12-18T08:23:35.973+0530][info][gc,marking  ] GC(243) Concurrent Clear Claimed Marks 0.070ms
[2025-12-18T08:23:35.973+0530][info][gc,marking  ] GC(243) Concurrent Cleanup for Next Mark
[2025-12-18T08:23:35.975+0530][info][gc,marking  ] GC(243) Concurrent Cleanup for Next Mark 0.771ms
[2025-12-18T08:23:35.975+0530][info][gc          ] GC(243) Concurrent Mark Cycle 157.522ms
[2025-12-18T08:23:36.165+0530][info][gc,start    ] GC(244) Pause Young (Normal) (G1 Evacuation Pause)
[2025-12-18T08:23:36.165+0530][info][gc,task     ] GC(244) Using 8 workers of 8 for evacuation
[2025-12-18T08:23:36.167+0530][info][gc,phases   ] GC(244)   Pre Evacuate Collection Set: 0.3ms
[2025-12-18T08:23:36.167+0530][info][gc,phases   ] GC(244)   Merge Heap Roots: 0.2ms
[2025-12-18T08:23:36.167+0530][info][gc,phases   ] GC(244)   Evacuate Collection Set: 0.5ms
[2025-12-18T08:23:36.167+0530][info][gc,phases   ] GC(244)   Post Evacuate Collection Set: 0.6ms
[2025-12-18T08:23:36.167+0530][info][gc,phases   ] GC(244)   Other: 0.2ms
[2025-12-18T08:23:36.167+0530][info][gc,heap     ] GC(244) Eden regions: 243->0(243)
[2025-12-18T08:23:36.167+0530][info][gc,heap     ] GC(244) Survivor regions: 1->1(28)
[2025-12-18T08:23:36.167+0530][info][gc,heap     ] GC(244) Old regions: 237->237
[2025-12-18T08:23:36.167+0530][info][gc,heap     ] GC(244) Humongous regions: 3->3
[2025-12-18T08:23:36.167+0530][info][gc,metaspace] GC(244) Metaspace: 4094K(4352K)->4094K(4352K) NonClass: 3708K(3840K)->3708K(3840K) Class: 385K(512K)->385K(512K)
[2025-12-18T08:23:36.167+0530][info][gc          ] GC(244) Pause Young (Normal) (G1 Evacuation Pause) 482M->239M(512M) 2.233ms
[2025-12-18T08:23:36.167+0530][info][gc,cpu      ] GC(244) User=0.00s Sys=0.00s Real=0.00s
[2025-12-18T08:23:36.546+0530][info][gc,start    ] GC(245) Pause Young (Concurrent Start) (G1 Evacuation Pause)
[2025-12-18T08:23:36.546+0530][info][gc,task     ] GC(245) Using 8 workers of 8 for evacuation
[2025-12-18T08:23:36.548+0530][info][gc,phases   ] GC(245)   Pre Evacuate Collection Set: 0.3ms
[2025-12-18T08:23:36.548+0530][info][gc,phases   ] GC(245)   Merge Heap Roots: 0.1ms
[2025-12-18T08:23:36.548+0530][info][gc,phases   ] GC(245)   Evacuate Collection Set: 0.7ms
[2025-12-18T08:23:36.548+0530][info][gc,phases   ] GC(245)   Post Evacuate Collection Set: 0.6ms
[2025-12-18T08:23:36.548+0530][info][gc,phases   ] GC(245)   Other: 0.3ms
[2025-12-18T08:23:36.548+0530][info][gc,heap     ] GC(245) Eden regions: 243->0(243)
[2025-12-18T08:23:36.548+0530][info][gc,heap     ] GC(245) Survivor regions: 1->1(28)
[2025-12-18T08:23:36.548+0530][info][gc,heap     ] GC(245) Old regions: 237->237
[2025-12-18T08:23:36.548+0530][info][gc,heap     ] GC(245) Humongous regions: 3->3
[2025-12-18T08:23:36.548+0530][info][gc,metaspace] GC(245) Metaspace: 4094K(4352K)->4094K(4352K) NonClass: 3708K(3840K)->3708K(3840K) Class: 385K(512K)->385K(512K)
[2025-12-18T08:23:36.548+0530][info][gc          ] GC(245) Pause Young (Concurrent Start) (G1 Evacuation Pause) 482M->239M(512M) 2.616ms
[2025-12-18T08:23:36.548+0530][info][gc,cpu      ] GC(245) User=0.00s Sys=0.00s Real=0.00s
[2025-12-18T08:23:36.548+0530][info][gc          ] GC(246) Concurrent Mark Cycle
[2025-12-18T08:23:36.548+0530][info][gc,marking  ] GC(246) Concurrent Scan Root Regions
[2025-12-18T08:23:36.548+0530][info][gc,marking  ] GC(246) Concurrent Scan Root Regions 0.220ms
[2025-12-18T08:23:36.548+0530][info][gc,marking  ] GC(246) Concurrent Mark
[2025-12-18T08:23:36.548+0530][info][gc,marking  ] GC(246) Concurrent Mark From Roots
[2025-12-18T08:23:36.550+0530][info][gc,task     ] GC(246) Using 2 workers of 2 for marking
[2025-12-18T08:23:36.646+0530][info][gc,marking  ] GC(246) Concurrent Mark From Roots 97.013ms
[2025-12-18T08:23:36.646+0530][info][gc,marking  ] GC(246) Concurrent Preclean
[2025-12-18T08:23:36.646+0530][info][gc,marking  ] GC(246) Concurrent Preclean 0.071ms
[2025-12-18T08:23:36.646+0530][info][gc,start    ] GC(246) Pause Remark
[2025-12-18T08:23:36.649+0530][info][gc          ] GC(246) Pause Remark 306M->306M(512M) 1.312ms
[2025-12-18T08:23:36.649+0530][info][gc,cpu      ] GC(246) User=0.00s Sys=0.02s Real=0.00s
[2025-12-18T08:23:36.649+0530][info][gc,marking  ] GC(246) Concurrent Mark 100.121ms
[2025-12-18T08:23:36.649+0530][info][gc,marking  ] GC(246) Concurrent Rebuild Remembered Sets and Scrub Regions
[2025-12-18T08:23:36.696+0530][info][gc,marking  ] GC(246) Concurrent Rebuild Remembered Sets and Scrub Regions 46.912ms
[2025-12-18T08:23:36.696+0530][info][gc,start    ] GC(246) Pause Cleanup
[2025-12-18T08:23:36.698+0530][info][gc          ] GC(246) Pause Cleanup 343M->343M(512M) 0.298ms
[2025-12-18T08:23:36.698+0530][info][gc,cpu      ] GC(246) User=0.00s Sys=0.00s Real=0.00s
[2025-12-18T08:23:36.698+0530][info][gc,marking  ] GC(246) Concurrent Clear Claimed Marks
[2025-12-18T08:23:36.698+0530][info][gc,marking  ] GC(246) Concurrent Clear Claimed Marks 0.066ms
[2025-12-18T08:23:36.698+0530][info][gc,marking  ] GC(246) Concurrent Cleanup for Next Mark
[2025-12-18T08:23:36.700+0530][info][gc,marking  ] GC(246) Concurrent Cleanup for Next Mark 0.770ms
[2025-12-18T08:23:36.700+0530][info][gc          ] GC(246) Concurrent Mark Cycle 150.700ms
[2025-12-18T08:23:36.833+0530][info][gc,start    ] GC(247) Pause Young (Normal) (G1 Evacuation Pause)
[2025-12-18T08:23:36.833+0530][info][gc,task     ] GC(247) Using 8 workers of 8 for evacuation
[2025-12-18T08:23:36.836+0530][info][gc,phases   ] GC(247)   Pre Evacuate Collection Set: 0.3ms
[2025-12-18T08:23:36.836+0530][info][gc,phases   ] GC(247)   Merge Heap Roots: 0.1ms
[2025-12-18T08:23:36.836+0530][info][gc,phases   ] GC(247)   Evacuate Collection Set: 0.5ms
[2025-12-18T08:23:36.836+0530][info][gc,phases   ] GC(247)   Post Evacuate Collection Set: 0.7ms
[2025-12-18T08:23:36.836+0530][info][gc,phases   ] GC(247)   Other: 0.2ms
[2025-12-18T08:23:36.836+0530][info][gc,heap     ] GC(247) Eden regions: 243->0(243)
[2025-12-18T08:23:36.836+0530][info][gc,heap     ] GC(247) Survivor regions: 1->1(28)
[2025-12-18T08:23:36.836+0530][info][gc,heap     ] GC(247) Old regions: 237->237
[2025-12-18T08:23:36.836+0530][info][gc,heap     ] GC(247) Humongous regions: 3->3
[2025-12-18T08:23:36.836+0530][info][gc,metaspace] GC(247) Metaspace: 4094K(4352K)->4094K(4352K) NonClass: 3708K(3840K)->3708K(3840K) Class: 385K(512K)->385K(512K)
[2025-12-18T08:23:36.836+0530][info][gc          ] GC(247) Pause Young (Normal) (G1 Evacuation Pause) 482M->239M(512M) 2.294ms
[2025-12-18T08:23:36.836+0530][info][gc,cpu      ] GC(247) User=0.02s Sys=0.00s Real=0.00s
[2025-12-18T08:23:37.049+0530][info][gc,start    ] GC(248) Pause Young (Concurrent Start) (G1 Evacuation Pause)
[2025-12-18T08:23:37.049+0530][info][gc,task     ] GC(248) Using 8 workers of 8 for evacuation
[2025-12-18T08:23:37.051+0530][info][gc,phases   ] GC(248)   Pre Evacuate Collection Set: 0.4ms
[2025-12-18T08:23:37.051+0530][info][gc,phases   ] GC(248)   Merge Heap Roots: 0.2ms
[2025-12-18T08:23:37.051+0530][info][gc,phases   ] GC(248)   Evacuate Collection Set: 0.8ms
[2025-12-18T08:23:37.051+0530][info][gc,phases   ] GC(248)   Post Evacuate Collection Set: 0.6ms
[2025-12-18T08:23:37.051+0530][info][gc,phases   ] GC(248)   Other: 0.2ms
[2025-12-18T08:23:37.051+0530][info][gc,heap     ] GC(248) Eden regions: 243->0(243)
[2025-12-18T08:23:37.051+0530][info][gc,heap     ] GC(248) Survivor regions: 1->1(28)
[2025-12-18T08:23:37.051+0530][info][gc,heap     ] GC(248) Old regions: 237->237
[2025-12-18T08:23:37.051+0530][info][gc,heap     ] GC(248) Humongous regions: 3->3
[2025-12-18T08:23:37.051+0530][info][gc,metaspace] GC(248) Metaspace: 4094K(4352K)->4094K(4352K) NonClass: 3708K(3840K)->3708K(3840K) Class: 385K(512K)->385K(512K)
[2025-12-18T08:23:37.051+0530][info][gc          ] GC(248) Pause Young (Concurrent Start) (G1 Evacuation Pause) 482M->239M(512M) 2.603ms
[2025-12-18T08:23:37.051+0530][info][gc,cpu      ] GC(248) User=0.00s Sys=0.00s Real=0.00s
[2025-12-18T08:23:37.051+0530][info][gc          ] GC(249) Concurrent Mark Cycle
[2025-12-18T08:23:37.053+0530][info][gc,marking  ] GC(249) Concurrent Scan Root Regions
[2025-12-18T08:23:37.053+0530][info][gc,marking  ] GC(249) Concurrent Scan Root Regions 0.258ms
[2025-12-18T08:23:37.053+0530][info][gc,marking  ] GC(249) Concurrent Mark
[2025-12-18T08:23:37.053+0530][info][gc,marking  ] GC(249) Concurrent Mark From Roots
[2025-12-18T08:23:37.053+0530][info][gc,task     ] GC(249) Using 2 workers of 2 for marking
[2025-12-18T08:23:37.149+0530][info][gc,marking  ] GC(249) Concurrent Mark From Roots 95.793ms
[2025-12-18T08:23:37.149+0530][info][gc,marking  ] GC(249) Concurrent Preclean
[2025-12-18T08:23:37.149+0530][info][gc,marking  ] GC(249) Concurrent Preclean 0.067ms
[2025-12-18T08:23:37.149+0530][info][gc,start    ] GC(249) Pause Remark
[2025-12-18T08:23:37.151+0530][info][gc          ] GC(249) Pause Remark 326M->326M(512M) 1.306ms
[2025-12-18T08:23:37.151+0530][info][gc,cpu      ] GC(249) User=0.00s Sys=0.00s Real=0.00s
[2025-12-18T08:23:37.151+0530][info][gc,marking  ] GC(249) Concurrent Mark 98.021ms
[2025-12-18T08:23:37.151+0530][info][gc,marking  ] GC(249) Concurrent Rebuild Remembered Sets and Scrub Regions
[2025-12-18T08:23:37.196+0530][info][gc,marking  ] GC(249) Concurrent Rebuild Remembered Sets and Scrub Regions 46.704ms
[2025-12-18T08:23:37.198+0530][info][gc,start    ] GC(249) Pause Cleanup
[2025-12-18T08:23:37.198+0530][info][gc          ] GC(249) Pause Cleanup 370M->370M(512M) 0.289ms
[2025-12-18T08:23:37.198+0530][info][gc,cpu      ] GC(249) User=0.00s Sys=0.00s Real=0.00s
[2025-12-18T08:23:37.200+0530][info][gc,marking  ] GC(249) Concurrent Clear Claimed Marks
[2025-12-18T08:23:37.200+0530][info][gc,marking  ] GC(249) Concurrent Clear Claimed Marks 0.068ms
[2025-12-18T08:23:37.200+0530][info][gc,marking  ] GC(249) Concurrent Cleanup for Next Mark
[2025-12-18T08:23:37.200+0530][info][gc,marking  ] GC(249) Concurrent Cleanup for Next Mark 0.731ms
[2025-12-18T08:23:37.200+0530][info][gc          ] GC(249) Concurrent Mark Cycle 148.557ms
[2025-12-18T08:23:37.300+0530][info][gc,start    ] GC(250) Pause Young (Normal) (G1 Evacuation Pause)
[2025-12-18T08:23:37.300+0530][info][gc,task     ] GC(250) Using 8 workers of 8 for evacuation
[2025-12-18T08:23:37.302+0530][info][gc,phases   ] GC(250)   Pre Evacuate Collection Set: 0.3ms
[2025-12-18T08:23:37.302+0530][info][gc,phases   ] GC(250)   Merge Heap Roots: 0.1ms
[2025-12-18T08:23:37.302+0530][info][gc,phases   ] GC(250)   Evacuate Collection Set: 0.5ms
[2025-12-18T08:23:37.302+0530][info][gc,phases   ] GC(250)   Post Evacuate Collection Set: 0.6ms
[2025-12-18T08:23:37.302+0530][info][gc,phases   ] GC(250)   Other: 0.2ms
[2025-12-18T08:23:37.302+0530][info][gc,heap     ] GC(250) Eden regions: 243->0(243)
[2025-12-18T08:23:37.302+0530][info][gc,heap     ] GC(250) Survivor regions: 1->1(28)
[2025-12-18T08:23:37.302+0530][info][gc,heap     ] GC(250) Old regions: 237->237
[2025-12-18T08:23:37.302+0530][info][gc,heap     ] GC(250) Humongous regions: 3->3
[2025-12-18T08:23:37.302+0530][info][gc,metaspace] GC(250) Metaspace: 4094K(4352K)->4094K(4352K) NonClass: 3708K(3840K)->3708K(3840K) Class: 385K(512K)->385K(512K)
[2025-12-18T08:23:37.302+0530][info][gc          ] GC(250) Pause Young (Normal) (G1 Evacuation Pause) 482M->239M(512M) 2.197ms
[2025-12-18T08:23:37.302+0530][info][gc,cpu      ] GC(250) User=0.00s Sys=0.00s Real=0.00s
[2025-12-18T08:23:37.514+0530][info][gc,start    ] GC(251) Pause Young (Concurrent Start) (G1 Evacuation Pause)
[2025-12-18T08:23:37.514+0530][info][gc,task     ] GC(251) Using 8 workers of 8 for evacuation
[2025-12-18T08:23:37.517+0530][info][gc,phases   ] GC(251)   Pre Evacuate Collection Set: 0.3ms
[2025-12-18T08:23:37.517+0530][info][gc,phases   ] GC(251)   Merge Heap Roots: 0.2ms
[2025-12-18T08:23:37.517+0530][info][gc,phases   ] GC(251)   Evacuate Collection Set: 0.8ms
[2025-12-18T08:23:37.517+0530][info][gc,phases   ] GC(251)   Post Evacuate Collection Set: 0.7ms
[2025-12-18T08:23:37.517+0530][info][gc,phases   ] GC(251)   Other: 0.2ms
[2025-12-18T08:23:37.517+0530][info][gc,heap     ] GC(251) Eden regions: 243->0(243)
[2025-12-18T08:23:37.517+0530][info][gc,heap     ] GC(251) Survivor regions: 1->1(28)
[2025-12-18T08:23:37.517+0530][info][gc,heap     ] GC(251) Old regions: 237->237
[2025-12-18T08:23:37.517+0530][info][gc,heap     ] GC(251) Humongous regions: 3->3
[2025-12-18T08:23:37.517+0530][info][gc,metaspace] GC(251) Metaspace: 4094K(4352K)->4094K(4352K) NonClass: 3708K(3840K)->3708K(3840K) Class: 385K(512K)->385K(512K)
[2025-12-18T08:23:37.517+0530][info][gc          ] GC(251) Pause Young (Concurrent Start) (G1 Evacuation Pause) 482M->239M(512M) 2.721ms
[2025-12-18T08:23:37.517+0530][info][gc,cpu      ] GC(251) User=0.00s Sys=0.00s Real=0.00s
[2025-12-18T08:23:37.519+0530][info][gc          ] GC(252) Concurrent Mark Cycle
[2025-12-18T08:23:37.519+0530][info][gc,marking  ] GC(252) Concurrent Scan Root Regions
[2025-12-18T08:23:37.519+0530][info][gc,marking  ] GC(252) Concurrent Scan Root Regions 0.228ms
[2025-12-18T08:23:37.519+0530][info][gc,marking  ] GC(252) Concurrent Mark
[2025-12-18T08:23:37.519+0530][info][gc,marking  ] GC(252) Concurrent Mark From Roots
[2025-12-18T08:23:37.519+0530][info][gc,task     ] GC(252) Using 2 workers of 2 for marking
[2025-12-18T08:23:37.613+0530][info][gc,marking  ] GC(252) Concurrent Mark From Roots 95.278ms
[2025-12-18T08:23:37.613+0530][info][gc,marking  ] GC(252) Concurrent Preclean
[2025-12-18T08:23:37.613+0530][info][gc,marking  ] GC(252) Concurrent Preclean 0.065ms
[2025-12-18T08:23:37.613+0530][info][gc,start    ] GC(252) Pause Remark
[2025-12-18T08:23:37.615+0530][info][gc          ] GC(252) Pause Remark 318M->318M(512M) 1.371ms
[2025-12-18T08:23:37.615+0530][info][gc,cpu      ] GC(252) User=0.00s Sys=0.00s Real=0.00s
[2025-12-18T08:23:37.617+0530][info][gc,marking  ] GC(252) Concurrent Mark 97.942ms
[2025-12-18T08:23:37.617+0530][info][gc,marking  ] GC(252) Concurrent Rebuild Remembered Sets and Scrub Regions
[2025-12-18T08:23:37.663+0530][info][gc,marking  ] GC(252) Concurrent Rebuild Remembered Sets and Scrub Regions 47.919ms
[2025-12-18T08:23:37.665+0530][info][gc,start    ] GC(252) Pause Cleanup
[2025-12-18T08:23:37.665+0530][info][gc          ] GC(252) Pause Cleanup 358M->358M(512M) 0.283ms
[2025-12-18T08:23:37.665+0530][info][gc,cpu      ] GC(252) User=0.00s Sys=0.00s Real=0.00s
[2025-12-18T08:23:37.665+0530][info][gc,marking  ] GC(252) Concurrent Clear Claimed Marks
[2025-12-18T08:23:37.665+0530][info][gc,marking  ] GC(252) Concurrent Clear Claimed Marks 0.061ms
[2025-12-18T08:23:37.665+0530][info][gc,marking  ] GC(252) Concurrent Cleanup for Next Mark
[2025-12-18T08:23:37.665+0530][info][gc,marking  ] GC(252) Concurrent Cleanup for Next Mark 0.773ms
[2025-12-18T08:23:37.665+0530][info][gc          ] GC(252) Concurrent Mark Cycle 148.379ms
[2025-12-18T08:23:37.776+0530][info][gc,start    ] GC(253) Pause Young (Normal) (G1 Evacuation Pause)
[2025-12-18T08:23:37.776+0530][info][gc,task     ] GC(253) Using 8 workers of 8 for evacuation
[2025-12-18T08:23:37.778+0530][info][gc,phases   ] GC(253)   Pre Evacuate Collection Set: 0.3ms
[2025-12-18T08:23:37.778+0530][info][gc,phases   ] GC(253)   Merge Heap Roots: 0.2ms
[2025-12-18T08:23:37.778+0530][info][gc,phases   ] GC(253)   Evacuate Collection Set: 0.6ms
[2025-12-18T08:23:37.778+0530][info][gc,phases   ] GC(253)   Post Evacuate Collection Set: 0.7ms
[2025-12-18T08:23:37.778+0530][info][gc,phases   ] GC(253)   Other: 0.2ms
[2025-12-18T08:23:37.778+0530][info][gc,heap     ] GC(253) Eden regions: 243->0(243)
[2025-12-18T08:23:37.778+0530][info][gc,heap     ] GC(253) Survivor regions: 1->1(28)
[2025-12-18T08:23:37.778+0530][info][gc,heap     ] GC(253) Old regions: 237->237
[2025-12-18T08:23:37.778+0530][info][gc,heap     ] GC(253) Humongous regions: 3->3
[2025-12-18T08:23:37.778+0530][info][gc,metaspace] GC(253) Metaspace: 4094K(4352K)->4094K(4352K) NonClass: 3708K(3840K)->3708K(3840K) Class: 385K(512K)->385K(512K)
[2025-12-18T08:23:37.778+0530][info][gc          ] GC(253) Pause Young (Normal) (G1 Evacuation Pause) 482M->239M(512M) 2.331ms
[2025-12-18T08:23:37.778+0530][info][gc,cpu      ] GC(253) User=0.00s Sys=0.00s Real=0.00s
[2025-12-18T08:23:37.973+0530][info][gc,start    ] GC(254) Pause Young (Concurrent Start) (G1 Evacuation Pause)
[2025-12-18T08:23:37.973+0530][info][gc,task     ] GC(254) Using 8 workers of 8 for evacuation
[2025-12-18T08:23:37.975+0530][info][gc,phases   ] GC(254)   Pre Evacuate Collection Set: 0.3ms
[2025-12-18T08:23:37.975+0530][info][gc,phases   ] GC(254)   Merge Heap Roots: 0.1ms
[2025-12-18T08:23:37.975+0530][info][gc,phases   ] GC(254)   Evacuate Collection Set: 0.8ms
[2025-12-18T08:23:37.975+0530][info][gc,phases   ] GC(254)   Post Evacuate Collection Set: 0.6ms
[2025-12-18T08:23:37.975+0530][info][gc,phases   ] GC(254)   Other: 0.2ms
[2025-12-18T08:23:37.975+0530][info][gc,heap     ] GC(254) Eden regions: 243->0(243)
[2025-12-18T08:23:37.975+0530][info][gc,heap     ] GC(254) Survivor regions: 1->1(28)
[2025-12-18T08:23:37.975+0530][info][gc,heap     ] GC(254) Old regions: 237->237
[2025-12-18T08:23:37.975+0530][info][gc,heap     ] GC(254) Humongous regions: 3->3
[2025-12-18T08:23:37.975+0530][info][gc,metaspace] GC(254) Metaspace: 4094K(4352K)->4094K(4352K) NonClass: 3708K(3840K)->3708K(3840K) Class: 385K(512K)->385K(512K)
[2025-12-18T08:23:37.975+0530][info][gc          ] GC(254) Pause Young (Concurrent Start) (G1 Evacuation Pause) 482M->239M(512M) 2.544ms
[2025-12-18T08:23:37.975+0530][info][gc,cpu      ] GC(254) User=0.00s Sys=0.00s Real=0.00s
[2025-12-18T08:23:37.975+0530][info][gc          ] GC(255) Concurrent Mark Cycle
[2025-12-18T08:23:37.975+0530][info][gc,marking  ] GC(255) Concurrent Scan Root Regions
[2025-12-18T08:23:37.975+0530][info][gc,marking  ] GC(255) Concurrent Scan Root Regions 0.254ms
[2025-12-18T08:23:37.975+0530][info][gc,marking  ] GC(255) Concurrent Mark
[2025-12-18T08:23:37.975+0530][info][gc,marking  ] GC(255) Concurrent Mark From Roots
[2025-12-18T08:23:37.975+0530][info][gc,task     ] GC(255) Using 2 workers of 2 for marking
[2025-12-18T08:23:38.071+0530][info][gc,marking  ] GC(255) Concurrent Mark From Roots 94.502ms
[2025-12-18T08:23:38.071+0530][info][gc,marking  ] GC(255) Concurrent Preclean
[2025-12-18T08:23:38.071+0530][info][gc,marking  ] GC(255) Concurrent Preclean 0.029ms
[2025-12-18T08:23:38.071+0530][info][gc,start    ] GC(255) Pause Remark
[2025-12-18T08:23:38.071+0530][info][gc          ] GC(255) Pause Remark 328M->328M(512M) 1.193ms
[2025-12-18T08:23:38.071+0530][info][gc,cpu      ] GC(255) User=0.00s Sys=0.00s Real=0.00s
[2025-12-18T08:23:38.073+0530][info][gc,marking  ] GC(255) Concurrent Mark 97.517ms
[2025-12-18T08:23:38.073+0530][info][gc,marking  ] GC(255) Concurrent Rebuild Remembered Sets and Scrub Regions
[2025-12-18T08:23:38.120+0530][info][gc,marking  ] GC(255) Concurrent Rebuild Remembered Sets and Scrub Regions 46.446ms
[2025-12-18T08:23:38.120+0530][info][gc,start    ] GC(255) Pause Cleanup
[2025-12-18T08:23:38.120+0530][info][gc          ] GC(255) Pause Cleanup 376M->376M(512M) 0.325ms
[2025-12-18T08:23:38.122+0530][info][gc,cpu      ] GC(255) User=0.00s Sys=0.00s Real=0.00s
[2025-12-18T08:23:38.122+0530][info][gc,marking  ] GC(255) Concurrent Clear Claimed Marks
[2025-12-18T08:23:38.122+0530][info][gc,marking  ] GC(255) Concurrent Clear Claimed Marks 0.064ms
[2025-12-18T08:23:38.122+0530][info][gc,marking  ] GC(255) Concurrent Cleanup for Next Mark
[2025-12-18T08:23:38.122+0530][info][gc,marking  ] GC(255) Concurrent Cleanup for Next Mark 0.743ms
[2025-12-18T08:23:38.122+0530][info][gc          ] GC(255) Concurrent Mark Cycle 146.718ms
[2025-12-18T08:23:38.202+0530][info][gc,start    ] GC(256) Pause Young (Normal) (G1 Evacuation Pause)
[2025-12-18T08:23:38.202+0530][info][gc,task     ] GC(256) Using 8 workers of 8 for evacuation
[2025-12-18T08:23:38.204+0530][info][gc,phases   ] GC(256)   Pre Evacuate Collection Set: 0.2ms
[2025-12-18T08:23:38.204+0530][info][gc,phases   ] GC(256)   Merge Heap Roots: 0.1ms
[2025-12-18T08:23:38.204+0530][info][gc,phases   ] GC(256)   Evacuate Collection Set: 0.4ms
[2025-12-18T08:23:38.204+0530][info][gc,phases   ] GC(256)   Post Evacuate Collection Set: 0.6ms
[2025-12-18T08:23:38.204+0530][info][gc,phases   ] GC(256)   Other: 0.2ms
[2025-12-18T08:23:38.204+0530][info][gc,heap     ] GC(256) Eden regions: 243->0(243)
[2025-12-18T08:23:38.204+0530][info][gc,heap     ] GC(256) Survivor regions: 1->1(28)
[2025-12-18T08:23:38.204+0530][info][gc,heap     ] GC(256) Old regions: 237->237
[2025-12-18T08:23:38.204+0530][info][gc,heap     ] GC(256) Humongous regions: 3->3
[2025-12-18T08:23:38.204+0530][info][gc,metaspace] GC(256) Metaspace: 4094K(4352K)->4094K(4352K) NonClass: 3708K(3840K)->3708K(3840K) Class: 385K(512K)->385K(512K)
[2025-12-18T08:23:38.204+0530][info][gc          ] GC(256) Pause Young (Normal) (G1 Evacuation Pause) 482M->239M(512M) 1.965ms
[2025-12-18T08:23:38.204+0530][info][gc,cpu      ] GC(256) User=0.00s Sys=0.00s Real=0.00s
[2025-12-18T08:23:38.386+0530][info][gc,start    ] GC(257) Pause Young (Concurrent Start) (G1 Evacuation Pause)
[2025-12-18T08:23:38.388+0530][info][gc,task     ] GC(257) Using 8 workers of 8 for evacuation
[2025-12-18T08:23:38.388+0530][info][gc,phases   ] GC(257)   Pre Evacuate Collection Set: 0.3ms
[2025-12-18T08:23:38.390+0530][info][gc,phases   ] GC(257)   Merge Heap Roots: 0.1ms
[2025-12-18T08:23:38.390+0530][info][gc,phases   ] GC(257)   Evacuate Collection Set: 0.7ms
[2025-12-18T08:23:38.390+0530][info][gc,phases   ] GC(257)   Post Evacuate Collection Set: 0.5ms
[2025-12-18T08:23:38.390+0530][info][gc,phases   ] GC(257)   Other: 0.2ms
[2025-12-18T08:23:38.390+0530][info][gc,heap     ] GC(257) Eden regions: 243->0(243)
[2025-12-18T08:23:38.390+0530][info][gc,heap     ] GC(257) Survivor regions: 1->1(28)
[2025-12-18T08:23:38.390+0530][info][gc,heap     ] GC(257) Old regions: 237->237
[2025-12-18T08:23:38.390+0530][info][gc,heap     ] GC(257) Humongous regions: 3->3
[2025-12-18T08:23:38.390+0530][info][gc,metaspace] GC(257) Metaspace: 4094K(4352K)->4094K(4352K) NonClass: 3708K(3840K)->3708K(3840K) Class: 385K(512K)->385K(512K)
[2025-12-18T08:23:38.390+0530][info][gc          ] GC(257) Pause Young (Concurrent Start) (G1 Evacuation Pause) 482M->239M(512M) 2.262ms
[2025-12-18T08:23:38.390+0530][info][gc,cpu      ] GC(257) User=0.00s Sys=0.00s Real=0.00s
[2025-12-18T08:23:38.390+0530][info][gc          ] GC(258) Concurrent Mark Cycle
[2025-12-18T08:23:38.390+0530][info][gc,marking  ] GC(258) Concurrent Scan Root Regions
[2025-12-18T08:23:38.390+0530][info][gc,marking  ] GC(258) Concurrent Scan Root Regions 0.174ms
[2025-12-18T08:23:38.390+0530][info][gc,marking  ] GC(258) Concurrent Mark
[2025-12-18T08:23:38.390+0530][info][gc,marking  ] GC(258) Concurrent Mark From Roots
[2025-12-18T08:23:38.390+0530][info][gc,task     ] GC(258) Using 2 workers of 2 for marking
[2025-12-18T08:23:38.485+0530][info][gc,marking  ] GC(258) Concurrent Mark From Roots 96.256ms
[2025-12-18T08:23:38.485+0530][info][gc,marking  ] GC(258) Concurrent Preclean
[2025-12-18T08:23:38.485+0530][info][gc,marking  ] GC(258) Concurrent Preclean 0.060ms
[2025-12-18T08:23:38.485+0530][info][gc,start    ] GC(258) Pause Remark
[2025-12-18T08:23:38.487+0530][info][gc          ] GC(258) Pause Remark 331M->331M(512M) 1.291ms
[2025-12-18T08:23:38.487+0530][info][gc,cpu      ] GC(258) User=0.00s Sys=0.00s Real=0.00s
[2025-12-18T08:23:38.487+0530][info][gc,marking  ] GC(258) Concurrent Mark 98.844ms
[2025-12-18T08:23:38.487+0530][info][gc,marking  ] GC(258) Concurrent Rebuild Remembered Sets and Scrub Regions
[2025-12-18T08:23:38.536+0530][info][gc,marking  ] GC(258) Concurrent Rebuild Remembered Sets and Scrub Regions 46.508ms
[2025-12-18T08:23:38.536+0530][info][gc,start    ] GC(258) Pause Cleanup
[2025-12-18T08:23:38.536+0530][info][gc          ] GC(258) Pause Cleanup 377M->377M(512M) 0.294ms
[2025-12-18T08:23:38.536+0530][info][gc,cpu      ] GC(258) User=0.00s Sys=0.00s Real=0.00s
[2025-12-18T08:23:38.536+0530][info][gc,marking  ] GC(258) Concurrent Clear Claimed Marks
[2025-12-18T08:23:38.536+0530][info][gc,marking  ] GC(258) Concurrent Clear Claimed Marks 0.062ms
[2025-12-18T08:23:38.536+0530][info][gc,marking  ] GC(258) Concurrent Cleanup for Next Mark
[2025-12-18T08:23:38.538+0530][info][gc,marking  ] GC(258) Concurrent Cleanup for Next Mark 0.763ms
[2025-12-18T08:23:38.538+0530][info][gc          ] GC(258) Concurrent Mark Cycle 148.261ms
[2025-12-18T08:23:38.615+0530][info][gc,start    ] GC(259) Pause Young (Normal) (G1 Evacuation Pause)
[2025-12-18T08:23:38.615+0530][info][gc,task     ] GC(259) Using 8 workers of 8 for evacuation
[2025-12-18T08:23:38.617+0530][info][gc,phases   ] GC(259)   Pre Evacuate Collection Set: 0.3ms
[2025-12-18T08:23:38.617+0530][info][gc,phases   ] GC(259)   Merge Heap Roots: 0.1ms
[2025-12-18T08:23:38.617+0530][info][gc,phases   ] GC(259)   Evacuate Collection Set: 0.3ms
[2025-12-18T08:23:38.617+0530][info][gc,phases   ] GC(259)   Post Evacuate Collection Set: 0.6ms
[2025-12-18T08:23:38.617+0530][info][gc,phases   ] GC(259)   Other: 0.2ms
[2025-12-18T08:23:38.617+0530][info][gc,heap     ] GC(259) Eden regions: 243->0(243)
[2025-12-18T08:23:38.617+0530][info][gc,heap     ] GC(259) Survivor regions: 1->1(28)
[2025-12-18T08:23:38.617+0530][info][gc,heap     ] GC(259) Old regions: 237->237
[2025-12-18T08:23:38.617+0530][info][gc,heap     ] GC(259) Humongous regions: 3->3
[2025-12-18T08:23:38.617+0530][info][gc,metaspace] GC(259) Metaspace: 4101K(4352K)->4101K(4352K) NonClass: 3716K(3840K)->3716K(3840K) Class: 385K(512K)->385K(512K)
[2025-12-18T08:23:38.617+0530][info][gc          ] GC(259) Pause Young (Normal) (G1 Evacuation Pause) 482M->239M(512M) 1.842ms
[2025-12-18T08:23:38.617+0530][info][gc,cpu      ] GC(259) User=0.00s Sys=0.00s Real=0.00s
[2025-12-18T08:23:38.804+0530][info][gc,start    ] GC(260) Pause Young (Concurrent Start) (G1 Evacuation Pause)
[2025-12-18T08:23:38.804+0530][info][gc,task     ] GC(260) Using 8 workers of 8 for evacuation
[2025-12-18T08:23:38.805+0530][info][gc,phases   ] GC(260)   Pre Evacuate Collection Set: 0.3ms
[2025-12-18T08:23:38.805+0530][info][gc,phases   ] GC(260)   Merge Heap Roots: 0.2ms
[2025-12-18T08:23:38.805+0530][info][gc,phases   ] GC(260)   Evacuate Collection Set: 0.7ms
[2025-12-18T08:23:38.805+0530][info][gc,phases   ] GC(260)   Post Evacuate Collection Set: 0.6ms
[2025-12-18T08:23:38.805+0530][info][gc,phases   ] GC(260)   Other: 0.2ms
[2025-12-18T08:23:38.805+0530][info][gc,heap     ] GC(260) Eden regions: 243->0(243)
[2025-12-18T08:23:38.805+0530][info][gc,heap     ] GC(260) Survivor regions: 1->1(28)
[2025-12-18T08:23:38.805+0530][info][gc,heap     ] GC(260) Old regions: 237->237
[2025-12-18T08:23:38.805+0530][info][gc,heap     ] GC(260) Humongous regions: 3->3
[2025-12-18T08:23:38.805+0530][info][gc,metaspace] GC(260) Metaspace: 4101K(4352K)->4101K(4352K) NonClass: 3716K(3840K)->3716K(3840K) Class: 385K(512K)->385K(512K)
[2025-12-18T08:23:38.805+0530][info][gc          ] GC(260) Pause Young (Concurrent Start) (G1 Evacuation Pause) 482M->239M(512M) 2.364ms
[2025-12-18T08:23:38.805+0530][info][gc,cpu      ] GC(260) User=0.00s Sys=0.02s Real=0.00s
[2025-12-18T08:23:38.805+0530][info][gc          ] GC(261) Concurrent Mark Cycle
[2025-12-18T08:23:38.805+0530][info][gc,marking  ] GC(261) Concurrent Scan Root Regions
[2025-12-18T08:23:38.807+0530][info][gc,marking  ] GC(261) Concurrent Scan Root Regions 0.215ms
[2025-12-18T08:23:38.807+0530][info][gc,marking  ] GC(261) Concurrent Mark
[2025-12-18T08:23:38.807+0530][info][gc,marking  ] GC(261) Concurrent Mark From Roots
[2025-12-18T08:23:38.807+0530][info][gc,task     ] GC(261) Using 2 workers of 2 for marking
[2025-12-18T08:23:38.901+0530][info][gc,marking  ] GC(261) Concurrent Mark From Roots 94.219ms
[2025-12-18T08:23:38.901+0530][info][gc,marking  ] GC(261) Concurrent Preclean
[2025-12-18T08:23:38.901+0530][info][gc,marking  ] GC(261) Concurrent Preclean 0.070ms
[2025-12-18T08:23:38.901+0530][info][gc,start    ] GC(261) Pause Remark
[2025-12-18T08:23:38.903+0530][info][gc          ] GC(261) Pause Remark 334M->334M(512M) 1.191ms
[2025-12-18T08:23:38.903+0530][info][gc,cpu      ] GC(261) User=0.00s Sys=0.00s Real=0.00s
[2025-12-18T08:23:38.903+0530][info][gc,marking  ] GC(261) Concurrent Mark 96.102ms
[2025-12-18T08:23:38.903+0530][info][gc,marking  ] GC(261) Concurrent Rebuild Remembered Sets and Scrub Regions
[2025-12-18T08:23:38.950+0530][info][gc,marking  ] GC(261) Concurrent Rebuild Remembered Sets and Scrub Regions 46.175ms
[2025-12-18T08:23:38.950+0530][info][gc,start    ] GC(261) Pause Cleanup
[2025-12-18T08:23:38.950+0530][info][gc          ] GC(261) Pause Cleanup 380M->380M(512M) 0.249ms
[2025-12-18T08:23:38.950+0530][info][gc,cpu      ] GC(261) User=0.00s Sys=0.00s Real=0.00s
[2025-12-18T08:23:38.950+0530][info][gc,marking  ] GC(261) Concurrent Clear Claimed Marks
[2025-12-18T08:23:38.950+0530][info][gc,marking  ] GC(261) Concurrent Clear Claimed Marks 0.056ms
[2025-12-18T08:23:38.950+0530][info][gc,marking  ] GC(261) Concurrent Cleanup for Next Mark
[2025-12-18T08:23:38.952+0530][info][gc,marking  ] GC(261) Concurrent Cleanup for Next Mark 0.736ms
[2025-12-18T08:23:38.952+0530][info][gc          ] GC(261) Concurrent Mark Cycle 145.390ms
[2025-12-18T08:23:39.024+0530][info][gc,start    ] GC(262) Pause Young (Normal) (G1 Evacuation Pause)
[2025-12-18T08:23:39.024+0530][info][gc,task     ] GC(262) Using 8 workers of 8 for evacuation
[2025-12-18T08:23:39.026+0530][info][gc,phases   ] GC(262)   Pre Evacuate Collection Set: 0.2ms
[2025-12-18T08:23:39.026+0530][info][gc,phases   ] GC(262)   Merge Heap Roots: 0.1ms
[2025-12-18T08:23:39.026+0530][info][gc,phases   ] GC(262)   Evacuate Collection Set: 0.3ms
[2025-12-18T08:23:39.026+0530][info][gc,phases   ] GC(262)   Post Evacuate Collection Set: 0.6ms
[2025-12-18T08:23:39.026+0530][info][gc,phases   ] GC(262)   Other: 0.1ms
[2025-12-18T08:23:39.026+0530][info][gc,heap     ] GC(262) Eden regions: 243->0(243)
[2025-12-18T08:23:39.026+0530][info][gc,heap     ] GC(262) Survivor regions: 1->1(28)
[2025-12-18T08:23:39.026+0530][info][gc,heap     ] GC(262) Old regions: 237->237
[2025-12-18T08:23:39.026+0530][info][gc,heap     ] GC(262) Humongous regions: 3->3
[2025-12-18T08:23:39.026+0530][info][gc,metaspace] GC(262) Metaspace: 4101K(4352K)->4101K(4352K) NonClass: 3716K(3840K)->3716K(3840K) Class: 385K(512K)->385K(512K)
[2025-12-18T08:23:39.026+0530][info][gc          ] GC(262) Pause Young (Normal) (G1 Evacuation Pause) 482M->239M(512M) 1.780ms
[2025-12-18T08:23:39.026+0530][info][gc,cpu      ] GC(262) User=0.00s Sys=0.00s Real=0.00s
[2025-12-18T08:23:39.202+0530][info][gc,start    ] GC(263) Pause Young (Concurrent Start) (G1 Evacuation Pause)
[2025-12-18T08:23:39.202+0530][info][gc,task     ] GC(263) Using 8 workers of 8 for evacuation
[2025-12-18T08:23:39.204+0530][info][gc,phases   ] GC(263)   Pre Evacuate Collection Set: 0.3ms
[2025-12-18T08:23:39.204+0530][info][gc,phases   ] GC(263)   Merge Heap Roots: 0.1ms
[2025-12-18T08:23:39.204+0530][info][gc,phases   ] GC(263)   Evacuate Collection Set: 0.7ms
[2025-12-18T08:23:39.204+0530][info][gc,phases   ] GC(263)   Post Evacuate Collection Set: 0.6ms
[2025-12-18T08:23:39.204+0530][info][gc,phases   ] GC(263)   Other: 0.3ms
[2025-12-18T08:23:39.204+0530][info][gc,heap     ] GC(263) Eden regions: 243->0(243)
[2025-12-18T08:23:39.204+0530][info][gc,heap     ] GC(263) Survivor regions: 1->1(28)
[2025-12-18T08:23:39.204+0530][info][gc,heap     ] GC(263) Old regions: 237->237
[2025-12-18T08:23:39.204+0530][info][gc,heap     ] GC(263) Humongous regions: 3->3
[2025-12-18T08:23:39.204+0530][info][gc,metaspace] GC(263) Metaspace: 4101K(4352K)->4101K(4352K) NonClass: 3716K(3840K)->3716K(3840K) Class: 385K(512K)->385K(512K)
[2025-12-18T08:23:39.204+0530][info][gc          ] GC(263) Pause Young (Concurrent Start) (G1 Evacuation Pause) 482M->239M(512M) 2.277ms
[2025-12-18T08:23:39.204+0530][info][gc,cpu      ] GC(263) User=0.00s Sys=0.00s Real=0.00s
[2025-12-18T08:23:39.204+0530][info][gc          ] GC(264) Concurrent Mark Cycle
[2025-12-18T08:23:39.204+0530][info][gc,marking  ] GC(264) Concurrent Scan Root Regions
[2025-12-18T08:23:39.204+0530][info][gc,marking  ] GC(264) Concurrent Scan Root Regions 0.237ms
[2025-12-18T08:23:39.204+0530][info][gc,marking  ] GC(264) Concurrent Mark
[2025-12-18T08:23:39.204+0530][info][gc,marking  ] GC(264) Concurrent Mark From Roots
[2025-12-18T08:23:39.204+0530][info][gc,task     ] GC(264) Using 2 workers of 2 for marking
[2025-12-18T08:23:39.298+0530][info][gc,marking  ] GC(264) Concurrent Mark From Roots 94.293ms
[2025-12-18T08:23:39.298+0530][info][gc,marking  ] GC(264) Concurrent Preclean
[2025-12-18T08:23:39.298+0530][info][gc,marking  ] GC(264) Concurrent Preclean 0.062ms
[2025-12-18T08:23:39.298+0530][info][gc,start    ] GC(264) Pause Remark
[2025-12-18T08:23:39.300+0530][info][gc          ] GC(264) Pause Remark 336M->336M(512M) 1.308ms
[2025-12-18T08:23:39.300+0530][info][gc,cpu      ] GC(264) User=0.00s Sys=0.00s Real=0.00s
[2025-12-18T08:23:39.300+0530][info][gc,marking  ] GC(264) Concurrent Mark 96.455ms
[2025-12-18T08:23:39.300+0530][info][gc,marking  ] GC(264) Concurrent Rebuild Remembered Sets and Scrub Regions
[2025-12-18T08:23:39.347+0530][info][gc,marking  ] GC(264) Concurrent Rebuild Remembered Sets and Scrub Regions 46.091ms
[2025-12-18T08:23:39.347+0530][info][gc,start    ] GC(264) Pause Cleanup
[2025-12-18T08:23:39.348+0530][info][gc          ] GC(264) Pause Cleanup 381M->381M(512M) 0.259ms
[2025-12-18T08:23:39.348+0530][info][gc,cpu      ] GC(264) User=0.00s Sys=0.00s Real=0.00s
[2025-12-18T08:23:39.348+0530][info][gc,marking  ] GC(264) Concurrent Clear Claimed Marks
[2025-12-18T08:23:39.348+0530][info][gc,marking  ] GC(264) Concurrent Clear Claimed Marks 0.068ms
[2025-12-18T08:23:39.348+0530][info][gc,marking  ] GC(264) Concurrent Cleanup for Next Mark
[2025-12-18T08:23:39.350+0530][info][gc,marking  ] GC(264) Concurrent Cleanup for Next Mark 0.760ms
[2025-12-18T08:23:39.350+0530][info][gc          ] GC(264) Concurrent Mark Cycle 145.804ms
[2025-12-18T08:23:39.421+0530][info][gc,start    ] GC(265) Pause Young (Normal) (G1 Evacuation Pause)
[2025-12-18T08:23:39.421+0530][info][gc,task     ] GC(265) Using 8 workers of 8 for evacuation
[2025-12-18T08:23:39.423+0530][info][gc,phases   ] GC(265)   Pre Evacuate Collection Set: 0.3ms
[2025-12-18T08:23:39.423+0530][info][gc,phases   ] GC(265)   Merge Heap Roots: 0.1ms
[2025-12-18T08:23:39.423+0530][info][gc,phases   ] GC(265)   Evacuate Collection Set: 0.6ms
[2025-12-18T08:23:39.423+0530][info][gc,phases   ] GC(265)   Post Evacuate Collection Set: 0.5ms
[2025-12-18T08:23:39.423+0530][info][gc,phases   ] GC(265)   Other: 0.1ms
[2025-12-18T08:23:39.423+0530][info][gc,heap     ] GC(265) Eden regions: 243->0(243)
[2025-12-18T08:23:39.423+0530][info][gc,heap     ] GC(265) Survivor regions: 1->1(28)
[2025-12-18T08:23:39.423+0530][info][gc,heap     ] GC(265) Old regions: 237->237
[2025-12-18T08:23:39.423+0530][info][gc,heap     ] GC(265) Humongous regions: 3->3
[2025-12-18T08:23:39.423+0530][info][gc,metaspace] GC(265) Metaspace: 4101K(4352K)->4101K(4352K) NonClass: 3716K(3840K)->3716K(3840K) Class: 385K(512K)->385K(512K)
[2025-12-18T08:23:39.423+0530][info][gc          ] GC(265) Pause Young (Normal) (G1 Evacuation Pause) 482M->239M(512M) 2.031ms
[2025-12-18T08:23:39.423+0530][info][gc,cpu      ] GC(265) User=0.00s Sys=0.00s Real=0.00s
[2025-12-18T08:23:39.602+0530][info][gc,start    ] GC(266) Pause Young (Concurrent Start) (G1 Evacuation Pause)
[2025-12-18T08:23:39.602+0530][info][gc,task     ] GC(266) Using 8 workers of 8 for evacuation
[2025-12-18T08:23:39.604+0530][info][gc,phases   ] GC(266)   Pre Evacuate Collection Set: 0.3ms
[2025-12-18T08:23:39.604+0530][info][gc,phases   ] GC(266)   Merge Heap Roots: 0.1ms
[2025-12-18T08:23:39.604+0530][info][gc,phases   ] GC(266)   Evacuate Collection Set: 0.6ms
[2025-12-18T08:23:39.604+0530][info][gc,phases   ] GC(266)   Post Evacuate Collection Set: 0.6ms
[2025-12-18T08:23:39.604+0530][info][gc,phases   ] GC(266)   Other: 0.2ms
[2025-12-18T08:23:39.604+0530][info][gc,heap     ] GC(266) Eden regions: 243->0(243)
[2025-12-18T08:23:39.604+0530][info][gc,heap     ] GC(266) Survivor regions: 1->1(28)
[2025-12-18T08:23:39.604+0530][info][gc,heap     ] GC(266) Old regions: 237->237
[2025-12-18T08:23:39.604+0530][info][gc,heap     ] GC(266) Humongous regions: 3->3
[2025-12-18T08:23:39.604+0530][info][gc,metaspace] GC(266) Metaspace: 4110K(4352K)->4110K(4352K) NonClass: 3725K(3840K)->3725K(3840K) Class: 385K(512K)->385K(512K)
[2025-12-18T08:23:39.604+0530][info][gc          ] GC(266) Pause Young (Concurrent Start) (G1 Evacuation Pause) 482M->239M(512M) 2.252ms
[2025-12-18T08:23:39.604+0530][info][gc,cpu      ] GC(266) User=0.00s Sys=0.00s Real=0.00s
[2025-12-18T08:23:39.604+0530][info][gc          ] GC(267) Concurrent Mark Cycle
[2025-12-18T08:23:39.604+0530][info][gc,marking  ] GC(267) Concurrent Scan Root Regions
[2025-12-18T08:23:39.606+0530][info][gc,marking  ] GC(267) Concurrent Scan Root Regions 0.237ms
[2025-12-18T08:23:39.606+0530][info][gc,marking  ] GC(267) Concurrent Mark
[2025-12-18T08:23:39.606+0530][info][gc,marking  ] GC(267) Concurrent Mark From Roots
[2025-12-18T08:23:39.606+0530][info][gc,task     ] GC(267) Using 2 workers of 2 for marking
[2025-12-18T08:23:39.700+0530][info][gc,marking  ] GC(267) Concurrent Mark From Roots 93.888ms
[2025-12-18T08:23:39.700+0530][info][gc,marking  ] GC(267) Concurrent Preclean
[2025-12-18T08:23:39.700+0530][info][gc,marking  ] GC(267) Concurrent Preclean 0.065ms
[2025-12-18T08:23:39.700+0530][info][gc,start    ] GC(267) Pause Remark
[2025-12-18T08:23:39.700+0530][info][gc          ] GC(267) Pause Remark 335M->335M(512M) 1.258ms
[2025-12-18T08:23:39.700+0530][info][gc,cpu      ] GC(267) User=0.00s Sys=0.00s Real=0.00s
[2025-12-18T08:23:39.702+0530][info][gc,marking  ] GC(267) Concurrent Mark 95.918ms
[2025-12-18T08:23:39.702+0530][info][gc,marking  ] GC(267) Concurrent Rebuild Remembered Sets and Scrub Regions
[2025-12-18T08:23:39.749+0530][info][gc,marking  ] GC(267) Concurrent Rebuild Remembered Sets and Scrub Regions 46.636ms
[2025-12-18T08:23:39.749+0530][info][gc,start    ] GC(267) Pause Cleanup
[2025-12-18T08:23:39.749+0530][info][gc          ] GC(267) Pause Cleanup 376M->376M(512M) 0.295ms
[2025-12-18T08:23:39.749+0530][info][gc,cpu      ] GC(267) User=0.00s Sys=0.00s Real=0.00s
[2025-12-18T08:23:39.749+0530][info][gc,marking  ] GC(267) Concurrent Clear Claimed Marks
[2025-12-18T08:23:39.749+0530][info][gc,marking  ] GC(267) Concurrent Clear Claimed Marks 0.064ms
[2025-12-18T08:23:39.749+0530][info][gc,marking  ] GC(267) Concurrent Cleanup for Next Mark
[2025-12-18T08:23:39.751+0530][info][gc,marking  ] GC(267) Concurrent Cleanup for Next Mark 0.764ms
[2025-12-18T08:23:39.751+0530][info][gc          ] GC(267) Concurrent Mark Cycle 145.032ms
[2025-12-18T08:23:39.829+0530][info][gc,start    ] GC(268) Pause Young (Normal) (G1 Evacuation Pause)
[2025-12-18T08:23:39.829+0530][info][gc,task     ] GC(268) Using 8 workers of 8 for evacuation
[2025-12-18T08:23:39.831+0530][info][gc,phases   ] GC(268)   Pre Evacuate Collection Set: 0.3ms
[2025-12-18T08:23:39.831+0530][info][gc,phases   ] GC(268)   Merge Heap Roots: 0.1ms
[2025-12-18T08:23:39.831+0530][info][gc,phases   ] GC(268)   Evacuate Collection Set: 0.4ms
[2025-12-18T08:23:39.831+0530][info][gc,phases   ] GC(268)   Post Evacuate Collection Set: 0.7ms
[2025-12-18T08:23:39.831+0530][info][gc,phases   ] GC(268)   Other: 0.2ms
[2025-12-18T08:23:39.831+0530][info][gc,heap     ] GC(268) Eden regions: 243->0(243)
[2025-12-18T08:23:39.831+0530][info][gc,heap     ] GC(268) Survivor regions: 1->1(28)
[2025-12-18T08:23:39.831+0530][info][gc,heap     ] GC(268) Old regions: 237->237
[2025-12-18T08:23:39.831+0530][info][gc,heap     ] GC(268) Humongous regions: 3->3
[2025-12-18T08:23:39.831+0530][info][gc,metaspace] GC(268) Metaspace: 4110K(4352K)->4110K(4352K) NonClass: 3725K(3840K)->3725K(3840K) Class: 385K(512K)->385K(512K)
[2025-12-18T08:23:39.831+0530][info][gc          ] GC(268) Pause Young (Normal) (G1 Evacuation Pause) 482M->239M(512M) 2.088ms
[2025-12-18T08:23:39.831+0530][info][gc,cpu      ] GC(268) User=0.00s Sys=0.00s Real=0.00s
[2025-12-18T08:23:40.012+0530][info][gc,start    ] GC(269) Pause Young (Concurrent Start) (G1 Evacuation Pause)
[2025-12-18T08:23:40.012+0530][info][gc,task     ] GC(269) Using 8 workers of 8 for evacuation
[2025-12-18T08:23:40.014+0530][info][gc,phases   ] GC(269)   Pre Evacuate Collection Set: 0.3ms
[2025-12-18T08:23:40.014+0530][info][gc,phases   ] GC(269)   Merge Heap Roots: 0.1ms
[2025-12-18T08:23:40.014+0530][info][gc,phases   ] GC(269)   Evacuate Collection Set: 0.7ms
[2025-12-18T08:23:40.014+0530][info][gc,phases   ] GC(269)   Post Evacuate Collection Set: 0.6ms
[2025-12-18T08:23:40.014+0530][info][gc,phases   ] GC(269)   Other: 0.3ms
[2025-12-18T08:23:40.014+0530][info][gc,heap     ] GC(269) Eden regions: 243->0(243)
[2025-12-18T08:23:40.014+0530][info][gc,heap     ] GC(269) Survivor regions: 1->1(28)
[2025-12-18T08:23:40.014+0530][info][gc,heap     ] GC(269) Old regions: 237->237
[2025-12-18T08:23:40.016+0530][info][gc,heap     ] GC(269) Humongous regions: 3->3
[2025-12-18T08:23:40.016+0530][info][gc,metaspace] GC(269) Metaspace: 4110K(4352K)->4110K(4352K) NonClass: 3725K(3840K)->3725K(3840K) Class: 385K(512K)->385K(512K)
[2025-12-18T08:23:40.016+0530][info][gc          ] GC(269) Pause Young (Concurrent Start) (G1 Evacuation Pause) 482M->239M(512M) 2.396ms
[2025-12-18T08:23:40.016+0530][info][gc,cpu      ] GC(269) User=0.00s Sys=0.00s Real=0.00s
[2025-12-18T08:23:40.016+0530][info][gc          ] GC(270) Concurrent Mark Cycle
[2025-12-18T08:23:40.016+0530][info][gc,marking  ] GC(270) Concurrent Scan Root Regions
[2025-12-18T08:23:40.016+0530][info][gc,marking  ] GC(270) Concurrent Scan Root Regions 0.252ms
[2025-12-18T08:23:40.016+0530][info][gc,marking  ] GC(270) Concurrent Mark
[2025-12-18T08:23:40.016+0530][info][gc,marking  ] GC(270) Concurrent Mark From Roots
[2025-12-18T08:23:40.016+0530][info][gc,task     ] GC(270) Using 2 workers of 2 for marking
[2025-12-18T08:23:40.111+0530][info][gc,marking  ] GC(270) Concurrent Mark From Roots 94.023ms
[2025-12-18T08:23:40.111+0530][info][gc,marking  ] GC(270) Concurrent Preclean
[2025-12-18T08:23:40.111+0530][info][gc,marking  ] GC(270) Concurrent Preclean 0.097ms
[2025-12-18T08:23:40.111+0530][info][gc,start    ] GC(270) Pause Remark
[2025-12-18T08:23:40.113+0530][info][gc          ] GC(270) Pause Remark 335M->335M(512M) 1.059ms
[2025-12-18T08:23:40.113+0530][info][gc,cpu      ] GC(270) User=0.00s Sys=0.00s Real=0.00s
[2025-12-18T08:23:40.113+0530][info][gc,marking  ] GC(270) Concurrent Mark 95.865ms
[2025-12-18T08:23:40.113+0530][info][gc,marking  ] GC(270) Concurrent Rebuild Remembered Sets and Scrub Regions
[2025-12-18T08:23:40.157+0530][info][gc,marking  ] GC(270) Concurrent Rebuild Remembered Sets and Scrub Regions 46.314ms
[2025-12-18T08:23:40.160+0530][info][gc,start    ] GC(270) Pause Cleanup
[2025-12-18T08:23:40.160+0530][info][gc          ] GC(270) Pause Cleanup 380M->380M(512M) 0.237ms
[2025-12-18T08:23:40.160+0530][info][gc,cpu      ] GC(270) User=0.00s Sys=0.00s Real=0.00s
[2025-12-18T08:23:40.160+0530][info][gc,marking  ] GC(270) Concurrent Clear Claimed Marks
[2025-12-18T08:23:40.160+0530][info][gc,marking  ] GC(270) Concurrent Clear Claimed Marks 0.067ms
[2025-12-18T08:23:40.160+0530][info][gc,marking  ] GC(270) Concurrent Cleanup for Next Mark
[2025-12-18T08:23:40.160+0530][info][gc,marking  ] GC(270) Concurrent Cleanup for Next Mark 0.732ms
[2025-12-18T08:23:40.160+0530][info][gc          ] GC(270) Concurrent Mark Cycle 144.434ms
[2025-12-18T08:23:40.236+0530][info][gc,start    ] GC(271) Pause Young (Normal) (G1 Evacuation Pause)
[2025-12-18T08:23:40.236+0530][info][gc,task     ] GC(271) Using 8 workers of 8 for evacuation
[2025-12-18T08:23:40.238+0530][info][gc,phases   ] GC(271)   Pre Evacuate Collection Set: 0.2ms
[2025-12-18T08:23:40.238+0530][info][gc,phases   ] GC(271)   Merge Heap Roots: 0.1ms
[2025-12-18T08:23:40.238+0530][info][gc,phases   ] GC(271)   Evacuate Collection Set: 0.6ms
[2025-12-18T08:23:40.238+0530][info][gc,phases   ] GC(271)   Post Evacuate Collection Set: 0.5ms
[2025-12-18T08:23:40.238+0530][info][gc,phases   ] GC(271)   Other: 0.1ms
[2025-12-18T08:23:40.238+0530][info][gc,heap     ] GC(271) Eden regions: 243->0(243)
[2025-12-18T08:23:40.238+0530][info][gc,heap     ] GC(271) Survivor regions: 1->1(28)
[2025-12-18T08:23:40.238+0530][info][gc,heap     ] GC(271) Old regions: 237->237
[2025-12-18T08:23:40.238+0530][info][gc,heap     ] GC(271) Humongous regions: 3->3
[2025-12-18T08:23:40.238+0530][info][gc,metaspace] GC(271) Metaspace: 4110K(4352K)->4110K(4352K) NonClass: 3725K(3840K)->3725K(3840K) Class: 385K(512K)->385K(512K)
[2025-12-18T08:23:40.238+0530][info][gc          ] GC(271) Pause Young (Normal) (G1 Evacuation Pause) 482M->239M(512M) 2.027ms
[2025-12-18T08:23:40.238+0530][info][gc,cpu      ] GC(271) User=0.00s Sys=0.00s Real=0.00s
[2025-12-18T08:23:40.423+0530][info][gc,start    ] GC(272) Pause Young (Concurrent Start) (G1 Evacuation Pause)
[2025-12-18T08:23:40.423+0530][info][gc,task     ] GC(272) Using 8 workers of 8 for evacuation
[2025-12-18T08:23:40.425+0530][info][gc,phases   ] GC(272)   Pre Evacuate Collection Set: 0.3ms
[2025-12-18T08:23:40.425+0530][info][gc,phases   ] GC(272)   Merge Heap Roots: 0.2ms
[2025-12-18T08:23:40.425+0530][info][gc,phases   ] GC(272)   Evacuate Collection Set: 0.6ms
[2025-12-18T08:23:40.425+0530][info][gc,phases   ] GC(272)   Post Evacuate Collection Set: 0.5ms
[2025-12-18T08:23:40.425+0530][info][gc,phases   ] GC(272)   Other: 0.2ms
[2025-12-18T08:23:40.425+0530][info][gc,heap     ] GC(272) Eden regions: 243->0(243)
[2025-12-18T08:23:40.425+0530][info][gc,heap     ] GC(272) Survivor regions: 1->1(28)
[2025-12-18T08:23:40.425+0530][info][gc,heap     ] GC(272) Old regions: 237->237
[2025-12-18T08:23:40.425+0530][info][gc,heap     ] GC(272) Humongous regions: 3->3
[2025-12-18T08:23:40.425+0530][info][gc,metaspace] GC(272) Metaspace: 4110K(4352K)->4110K(4352K) NonClass: 3725K(3840K)->3725K(3840K) Class: 385K(512K)->385K(512K)
[2025-12-18T08:23:40.425+0530][info][gc          ] GC(272) Pause Young (Concurrent Start) (G1 Evacuation Pause) 482M->239M(512M) 2.147ms
[2025-12-18T08:23:40.425+0530][info][gc,cpu      ] GC(272) User=0.00s Sys=0.00s Real=0.00s
[2025-12-18T08:23:40.425+0530][info][gc          ] GC(273) Concurrent Mark Cycle
[2025-12-18T08:23:40.425+0530][info][gc,marking  ] GC(273) Concurrent Scan Root Regions
[2025-12-18T08:23:40.425+0530][info][gc,marking  ] GC(273) Concurrent Scan Root Regions 0.237ms
[2025-12-18T08:23:40.427+0530][info][gc,marking  ] GC(273) Concurrent Mark
[2025-12-18T08:23:40.427+0530][info][gc,marking  ] GC(273) Concurrent Mark From Roots
[2025-12-18T08:23:40.427+0530][info][gc,task     ] GC(273) Using 2 workers of 2 for marking
[2025-12-18T08:23:40.520+0530][info][gc,marking  ] GC(273) Concurrent Mark From Roots 94.009ms
[2025-12-18T08:23:40.520+0530][info][gc,marking  ] GC(273) Concurrent Preclean
[2025-12-18T08:23:40.520+0530][info][gc,marking  ] GC(273) Concurrent Preclean 0.068ms
[2025-12-18T08:23:40.520+0530][info][gc,start    ] GC(273) Pause Remark
[2025-12-18T08:23:40.522+0530][info][gc          ] GC(273) Pause Remark 333M->333M(512M) 1.287ms
[2025-12-18T08:23:40.522+0530][info][gc,cpu      ] GC(273) User=0.00s Sys=0.00s Real=0.00s
[2025-12-18T08:23:40.522+0530][info][gc,marking  ] GC(273) Concurrent Mark 96.643ms
[2025-12-18T08:23:40.522+0530][info][gc,marking  ] GC(273) Concurrent Rebuild Remembered Sets and Scrub Regions
[2025-12-18T08:23:40.569+0530][info][gc,marking  ] GC(273) Concurrent Rebuild Remembered Sets and Scrub Regions 46.632ms
[2025-12-18T08:23:40.569+0530][info][gc,start    ] GC(273) Pause Cleanup
[2025-12-18T08:23:40.569+0530][info][gc          ] GC(273) Pause Cleanup 377M->377M(512M) 0.278ms
[2025-12-18T08:23:40.569+0530][info][gc,cpu      ] GC(273) User=0.00s Sys=0.00s Real=0.00s
[2025-12-18T08:23:40.571+0530][info][gc,marking  ] GC(273) Concurrent Clear Claimed Marks
[2025-12-18T08:23:40.571+0530][info][gc,marking  ] GC(273) Concurrent Clear Claimed Marks 0.058ms
[2025-12-18T08:23:40.571+0530][info][gc,marking  ] GC(273) Concurrent Cleanup for Next Mark
[2025-12-18T08:23:40.573+0530][info][gc,marking  ] GC(273) Concurrent Cleanup for Next Mark 0.759ms
[2025-12-18T08:23:40.573+0530][info][gc          ] GC(273) Concurrent Mark Cycle 146.718ms
[2025-12-18T08:23:40.656+0530][info][gc,start    ] GC(274) Pause Young (Normal) (G1 Evacuation Pause)
[2025-12-18T08:23:40.656+0530][info][gc,task     ] GC(274) Using 8 workers of 8 for evacuation
[2025-12-18T08:23:40.658+0530][info][gc,phases   ] GC(274)   Pre Evacuate Collection Set: 0.2ms
[2025-12-18T08:23:40.658+0530][info][gc,phases   ] GC(274)   Merge Heap Roots: 0.2ms
[2025-12-18T08:23:40.658+0530][info][gc,phases   ] GC(274)   Evacuate Collection Set: 0.5ms
[2025-12-18T08:23:40.658+0530][info][gc,phases   ] GC(274)   Post Evacuate Collection Set: 0.6ms
[2025-12-18T08:23:40.658+0530][info][gc,phases   ] GC(274)   Other: 0.2ms
[2025-12-18T08:23:40.658+0530][info][gc,heap     ] GC(274) Eden regions: 243->0(243)
[2025-12-18T08:23:40.658+0530][info][gc,heap     ] GC(274) Survivor regions: 1->1(28)
[2025-12-18T08:23:40.658+0530][info][gc,heap     ] GC(274) Old regions: 237->237
[2025-12-18T08:23:40.658+0530][info][gc,heap     ] GC(274) Humongous regions: 3->3
[2025-12-18T08:23:40.658+0530][info][gc,metaspace] GC(274) Metaspace: 4110K(4352K)->4110K(4352K) NonClass: 3725K(3840K)->3725K(3840K) Class: 385K(512K)->385K(512K)
[2025-12-18T08:23:40.658+0530][info][gc          ] GC(274) Pause Young (Normal) (G1 Evacuation Pause) 482M->239M(512M) 2.015ms
[2025-12-18T08:23:40.658+0530][info][gc,cpu      ] GC(274) User=0.00s Sys=0.00s Real=0.00s
[2025-12-18T08:23:40.878+0530][info][gc,start    ] GC(275) Pause Young (Concurrent Start) (G1 Evacuation Pause)
[2025-12-18T08:23:40.878+0530][info][gc,task     ] GC(275) Using 8 workers of 8 for evacuation
[2025-12-18T08:23:40.880+0530][info][gc,phases   ] GC(275)   Pre Evacuate Collection Set: 0.3ms
[2025-12-18T08:23:40.880+0530][info][gc,phases   ] GC(275)   Merge Heap Roots: 0.1ms
[2025-12-18T08:23:40.880+0530][info][gc,phases   ] GC(275)   Evacuate Collection Set: 0.7ms
[2025-12-18T08:23:40.880+0530][info][gc,phases   ] GC(275)   Post Evacuate Collection Set: 0.6ms
[2025-12-18T08:23:40.880+0530][info][gc,phases   ] GC(275)   Other: 0.2ms
[2025-12-18T08:23:40.880+0530][info][gc,heap     ] GC(275) Eden regions: 243->0(243)
[2025-12-18T08:23:40.880+0530][info][gc,heap     ] GC(275) Survivor regions: 1->1(28)
[2025-12-18T08:23:40.880+0530][info][gc,heap     ] GC(275) Old regions: 237->237
[2025-12-18T08:23:40.880+0530][info][gc,heap     ] GC(275) Humongous regions: 3->3
[2025-12-18T08:23:40.880+0530][info][gc,metaspace] GC(275) Metaspace: 4110K(4352K)->4110K(4352K) NonClass: 3725K(3840K)->3725K(3840K) Class: 385K(512K)->385K(512K)
[2025-12-18T08:23:40.880+0530][info][gc          ] GC(275) Pause Young (Concurrent Start) (G1 Evacuation Pause) 482M->239M(512M) 2.243ms
[2025-12-18T08:23:40.880+0530][info][gc,cpu      ] GC(275) User=0.00s Sys=0.00s Real=0.00s
[2025-12-18T08:23:40.880+0530][info][gc          ] GC(276) Concurrent Mark Cycle
[2025-12-18T08:23:40.880+0530][info][gc,marking  ] GC(276) Concurrent Scan Root Regions
[2025-12-18T08:23:40.880+0530][info][gc,marking  ] GC(276) Concurrent Scan Root Regions 0.260ms
[2025-12-18T08:23:40.880+0530][info][gc,marking  ] GC(276) Concurrent Mark
[2025-12-18T08:23:40.880+0530][info][gc,marking  ] GC(276) Concurrent Mark From Roots
[2025-12-18T08:23:40.880+0530][info][gc,task     ] GC(276) Using 2 workers of 2 for marking
[2025-12-18T08:23:40.976+0530][info][gc,marking  ] GC(276) Concurrent Mark From Roots 96.509ms
[2025-12-18T08:23:40.976+0530][info][gc,marking  ] GC(276) Concurrent Preclean
[2025-12-18T08:23:40.977+0530][info][gc,marking  ] GC(276) Concurrent Preclean 0.071ms
[2025-12-18T08:23:40.977+0530][info][gc,start    ] GC(276) Pause Remark
[2025-12-18T08:23:40.977+0530][info][gc          ] GC(276) Pause Remark 324M->324M(512M) 1.410ms
[2025-12-18T08:23:40.977+0530][info][gc,cpu      ] GC(276) User=0.00s Sys=0.00s Real=0.00s
[2025-12-18T08:23:40.979+0530][info][gc,marking  ] GC(276) Concurrent Mark 99.364ms
[2025-12-18T08:23:40.979+0530][info][gc,marking  ] GC(276) Concurrent Rebuild Remembered Sets and Scrub Regions
[2025-12-18T08:23:41.026+0530][info][gc,marking  ] GC(276) Concurrent Rebuild Remembered Sets and Scrub Regions 46.772ms
[2025-12-18T08:23:41.026+0530][info][gc,start    ] GC(276) Pause Cleanup
[2025-12-18T08:23:41.026+0530][info][gc          ] GC(276) Pause Cleanup 369M->369M(512M) 0.284ms
[2025-12-18T08:23:41.026+0530][info][gc,cpu      ] GC(276) User=0.00s Sys=0.00s Real=0.00s
[2025-12-18T08:23:41.028+0530][info][gc,marking  ] GC(276) Concurrent Clear Claimed Marks
[2025-12-18T08:23:41.028+0530][info][gc,marking  ] GC(276) Concurrent Clear Claimed Marks 0.063ms
[2025-12-18T08:23:41.028+0530][info][gc,marking  ] GC(276) Concurrent Cleanup for Next Mark
[2025-12-18T08:23:41.028+0530][info][gc,marking  ] GC(276) Concurrent Cleanup for Next Mark 0.756ms
[2025-12-18T08:23:41.028+0530][info][gc          ] GC(276) Concurrent Mark Cycle 148.783ms
[2025-12-18T08:23:41.114+0530][info][gc,start    ] GC(277) Pause Young (Normal) (G1 Evacuation Pause)
[2025-12-18T08:23:41.114+0530][info][gc,task     ] GC(277) Using 8 workers of 8 for evacuation
[2025-12-18T08:23:41.116+0530][info][gc,phases   ] GC(277)   Pre Evacuate Collection Set: 0.3ms
[2025-12-18T08:23:41.116+0530][info][gc,phases   ] GC(277)   Merge Heap Roots: 0.1ms
[2025-12-18T08:23:41.116+0530][info][gc,phases   ] GC(277)   Evacuate Collection Set: 0.5ms
[2025-12-18T08:23:41.116+0530][info][gc,phases   ] GC(277)   Post Evacuate Collection Set: 0.6ms
[2025-12-18T08:23:41.116+0530][info][gc,phases   ] GC(277)   Other: 0.2ms
[2025-12-18T08:23:41.116+0530][info][gc,heap     ] GC(277) Eden regions: 243->0(243)
[2025-12-18T08:23:41.116+0530][info][gc,heap     ] GC(277) Survivor regions: 1->1(28)
[2025-12-18T08:23:41.116+0530][info][gc,heap     ] GC(277) Old regions: 237->237
[2025-12-18T08:23:41.116+0530][info][gc,heap     ] GC(277) Humongous regions: 3->3
[2025-12-18T08:23:41.116+0530][info][gc,metaspace] GC(277) Metaspace: 4110K(4352K)->4110K(4352K) NonClass: 3725K(3840K)->3725K(3840K) Class: 385K(512K)->385K(512K)
[2025-12-18T08:23:41.117+0530][info][gc          ] GC(277) Pause Young (Normal) (G1 Evacuation Pause) 482M->239M(512M) 1.977ms
[2025-12-18T08:23:41.117+0530][info][gc,cpu      ] GC(277) User=0.00s Sys=0.00s Real=0.00s
[2025-12-18T08:23:41.300+0530][info][gc,start    ] GC(278) Pause Young (Concurrent Start) (G1 Evacuation Pause)
[2025-12-18T08:23:41.300+0530][info][gc,task     ] GC(278) Using 8 workers of 8 for evacuation
[2025-12-18T08:23:41.302+0530][info][gc,phases   ] GC(278)   Pre Evacuate Collection Set: 0.3ms
[2025-12-18T08:23:41.302+0530][info][gc,phases   ] GC(278)   Merge Heap Roots: 0.2ms
[2025-12-18T08:23:41.302+0530][info][gc,phases   ] GC(278)   Evacuate Collection Set: 0.6ms
[2025-12-18T08:23:41.302+0530][info][gc,phases   ] GC(278)   Post Evacuate Collection Set: 0.6ms
[2025-12-18T08:23:41.302+0530][info][gc,phases   ] GC(278)   Other: 0.2ms
[2025-12-18T08:23:41.302+0530][info][gc,heap     ] GC(278) Eden regions: 243->0(243)
[2025-12-18T08:23:41.302+0530][info][gc,heap     ] GC(278) Survivor regions: 1->1(28)
[2025-12-18T08:23:41.302+0530][info][gc,heap     ] GC(278) Old regions: 237->237
[2025-12-18T08:23:41.302+0530][info][gc,heap     ] GC(278) Humongous regions: 3->3
[2025-12-18T08:23:41.302+0530][info][gc,metaspace] GC(278) Metaspace: 4110K(4352K)->4110K(4352K) NonClass: 3725K(3840K)->3725K(3840K) Class: 385K(512K)->385K(512K)
[2025-12-18T08:23:41.302+0530][info][gc          ] GC(278) Pause Young (Concurrent Start) (G1 Evacuation Pause) 482M->239M(512M) 2.209ms
[2025-12-18T08:23:41.302+0530][info][gc,cpu      ] GC(278) User=0.00s Sys=0.00s Real=0.00s
[2025-12-18T08:23:41.302+0530][info][gc          ] GC(279) Concurrent Mark Cycle
[2025-12-18T08:23:41.302+0530][info][gc,marking  ] GC(279) Concurrent Scan Root Regions
[2025-12-18T08:23:41.304+0530][info][gc,marking  ] GC(279) Concurrent Scan Root Regions 0.258ms
[2025-12-18T08:23:41.304+0530][info][gc,marking  ] GC(279) Concurrent Mark
[2025-12-18T08:23:41.304+0530][info][gc,marking  ] GC(279) Concurrent Mark From Roots
[2025-12-18T08:23:41.304+0530][info][gc,task     ] GC(279) Using 2 workers of 2 for marking
[2025-12-18T08:23:41.399+0530][info][gc,marking  ] GC(279) Concurrent Mark From Roots 96.434ms
[2025-12-18T08:23:41.399+0530][info][gc,marking  ] GC(279) Concurrent Preclean
[2025-12-18T08:23:41.399+0530][info][gc,marking  ] GC(279) Concurrent Preclean 0.064ms
[2025-12-18T08:23:41.401+0530][info][gc,start    ] GC(279) Pause Remark
[2025-12-18T08:23:41.401+0530][info][gc          ] GC(279) Pause Remark 332M->332M(512M) 1.228ms
[2025-12-18T08:23:41.401+0530][info][gc,cpu      ] GC(279) User=0.00s Sys=0.00s Real=0.00s
[2025-12-18T08:23:41.403+0530][info][gc,marking  ] GC(279) Concurrent Mark 99.259ms
[2025-12-18T08:23:41.403+0530][info][gc,marking  ] GC(279) Concurrent Rebuild Remembered Sets and Scrub Regions
[2025-12-18T08:23:41.450+0530][info][gc,marking  ] GC(279) Concurrent Rebuild Remembered Sets and Scrub Regions 47.018ms
[2025-12-18T08:23:41.450+0530][info][gc,start    ] GC(279) Pause Cleanup
[2025-12-18T08:23:41.450+0530][info][gc          ] GC(279) Pause Cleanup 377M->377M(512M) 0.235ms
[2025-12-18T08:23:41.450+0530][info][gc,cpu      ] GC(279) User=0.00s Sys=0.00s Real=0.00s
[2025-12-18T08:23:41.450+0530][info][gc,marking  ] GC(279) Concurrent Clear Claimed Marks
[2025-12-18T08:23:41.450+0530][info][gc,marking  ] GC(279) Concurrent Clear Claimed Marks 0.066ms
[2025-12-18T08:23:41.450+0530][info][gc,marking  ] GC(279) Concurrent Cleanup for Next Mark
[2025-12-18T08:23:41.452+0530][info][gc,marking  ] GC(279) Concurrent Cleanup for Next Mark 0.760ms
[2025-12-18T08:23:41.452+0530][info][gc          ] GC(279) Concurrent Mark Cycle 148.718ms
[2025-12-18T08:23:41.532+0530][info][gc,start    ] GC(280) Pause Young (Normal) (G1 Evacuation Pause)
[2025-12-18T08:23:41.532+0530][info][gc,task     ] GC(280) Using 8 workers of 8 for evacuation
[2025-12-18T08:23:41.534+0530][info][gc,phases   ] GC(280)   Pre Evacuate Collection Set: 0.3ms
[2025-12-18T08:23:41.534+0530][info][gc,phases   ] GC(280)   Merge Heap Roots: 0.1ms
[2025-12-18T08:23:41.534+0530][info][gc,phases   ] GC(280)   Evacuate Collection Set: 0.5ms
[2025-12-18T08:23:41.534+0530][info][gc,phases   ] GC(280)   Post Evacuate Collection Set: 0.5ms
[2025-12-18T08:23:41.534+0530][info][gc,phases   ] GC(280)   Other: 0.1ms
[2025-12-18T08:23:41.534+0530][info][gc,heap     ] GC(280) Eden regions: 243->0(243)
[2025-12-18T08:23:41.534+0530][info][gc,heap     ] GC(280) Survivor regions: 1->1(28)
[2025-12-18T08:23:41.534+0530][info][gc,heap     ] GC(280) Old regions: 237->237
[2025-12-18T08:23:41.534+0530][info][gc,heap     ] GC(280) Humongous regions: 3->3
[2025-12-18T08:23:41.534+0530][info][gc,metaspace] GC(280) Metaspace: 4110K(4352K)->4110K(4352K) NonClass: 3725K(3840K)->3725K(3840K) Class: 385K(512K)->385K(512K)
[2025-12-18T08:23:41.534+0530][info][gc          ] GC(280) Pause Young (Normal) (G1 Evacuation Pause) 482M->239M(512M) 1.949ms
[2025-12-18T08:23:41.534+0530][info][gc,cpu      ] GC(280) User=0.00s Sys=0.00s Real=0.00s
[2025-12-18T08:23:41.719+0530][info][gc,start    ] GC(281) Pause Young (Concurrent Start) (G1 Evacuation Pause)
[2025-12-18T08:23:41.719+0530][info][gc,task     ] GC(281) Using 8 workers of 8 for evacuation
[2025-12-18T08:23:41.721+0530][info][gc,phases   ] GC(281)   Pre Evacuate Collection Set: 0.3ms
[2025-12-18T08:23:41.721+0530][info][gc,phases   ] GC(281)   Merge Heap Roots: 0.1ms
[2025-12-18T08:23:41.721+0530][info][gc,phases   ] GC(281)   Evacuate Collection Set: 0.7ms
[2025-12-18T08:23:41.721+0530][info][gc,phases   ] GC(281)   Post Evacuate Collection Set: 0.6ms
[2025-12-18T08:23:41.721+0530][info][gc,phases   ] GC(281)   Other: 0.2ms
[2025-12-18T08:23:41.721+0530][info][gc,heap     ] GC(281) Eden regions: 243->0(243)
[2025-12-18T08:23:41.721+0530][info][gc,heap     ] GC(281) Survivor regions: 1->1(28)
[2025-12-18T08:23:41.721+0530][info][gc,heap     ] GC(281) Old regions: 237->237
[2025-12-18T08:23:41.721+0530][info][gc,heap     ] GC(281) Humongous regions: 3->3
[2025-12-18T08:23:41.721+0530][info][gc,metaspace] GC(281) Metaspace: 4110K(4352K)->4110K(4352K) NonClass: 3725K(3840K)->3725K(3840K) Class: 385K(512K)->385K(512K)
[2025-12-18T08:23:41.721+0530][info][gc          ] GC(281) Pause Young (Concurrent Start) (G1 Evacuation Pause) 482M->239M(512M) 2.460ms
[2025-12-18T08:23:41.721+0530][info][gc,cpu      ] GC(281) User=0.00s Sys=0.00s Real=0.00s
[2025-12-18T08:23:41.721+0530][info][gc          ] GC(282) Concurrent Mark Cycle
[2025-12-18T08:23:41.721+0530][info][gc,marking  ] GC(282) Concurrent Scan Root Regions
[2025-12-18T08:23:41.721+0530][info][gc,marking  ] GC(282) Concurrent Scan Root Regions 0.249ms
[2025-12-18T08:23:41.721+0530][info][gc,marking  ] GC(282) Concurrent Mark
[2025-12-18T08:23:41.721+0530][info][gc,marking  ] GC(282) Concurrent Mark From Roots
[2025-12-18T08:23:41.721+0530][info][gc,task     ] GC(282) Using 2 workers of 2 for marking
[2025-12-18T08:23:41.819+0530][info][gc,marking  ] GC(282) Concurrent Mark From Roots 96.980ms
[2025-12-18T08:23:41.819+0530][info][gc,marking  ] GC(282) Concurrent Preclean
[2025-12-18T08:23:41.819+0530][info][gc,marking  ] GC(282) Concurrent Preclean 0.064ms
[2025-12-18T08:23:41.819+0530][info][gc,start    ] GC(282) Pause Remark
[2025-12-18T08:23:41.821+0530][info][gc          ] GC(282) Pause Remark 330M->330M(512M) 1.260ms
[2025-12-18T08:23:41.821+0530][info][gc,cpu      ] GC(282) User=0.00s Sys=0.02s Real=0.00s
[2025-12-18T08:23:41.821+0530][info][gc,marking  ] GC(282) Concurrent Mark 98.935ms
[2025-12-18T08:23:41.821+0530][info][gc,marking  ] GC(282) Concurrent Rebuild Remembered Sets and Scrub Regions
[2025-12-18T08:23:41.868+0530][info][gc,marking  ] GC(282) Concurrent Rebuild Remembered Sets and Scrub Regions 46.483ms
[2025-12-18T08:23:41.868+0530][info][gc,start    ] GC(282) Pause Cleanup
[2025-12-18T08:23:41.868+0530][info][gc          ] GC(282) Pause Cleanup 375M->375M(512M) 0.317ms
[2025-12-18T08:23:41.868+0530][info][gc,cpu      ] GC(282) User=0.00s Sys=0.00s Real=0.00s
[2025-12-18T08:23:41.870+0530][info][gc,marking  ] GC(282) Concurrent Clear Claimed Marks
[2025-12-18T08:23:41.870+0530][info][gc,marking  ] GC(282) Concurrent Clear Claimed Marks 0.068ms
[2025-12-18T08:23:41.870+0530][info][gc,marking  ] GC(282) Concurrent Cleanup for Next Mark
[2025-12-18T08:23:41.870+0530][info][gc,marking  ] GC(282) Concurrent Cleanup for Next Mark 0.731ms
[2025-12-18T08:23:41.870+0530][info][gc          ] GC(282) Concurrent Mark Cycle 148.891ms
[2025-12-18T08:23:41.953+0530][info][gc,start    ] GC(283) Pause Young (Normal) (G1 Evacuation Pause)
[2025-12-18T08:23:41.953+0530][info][gc,task     ] GC(283) Using 8 workers of 8 for evacuation
[2025-12-18T08:23:41.955+0530][info][gc,phases   ] GC(283)   Pre Evacuate Collection Set: 0.2ms
[2025-12-18T08:23:41.955+0530][info][gc,phases   ] GC(283)   Merge Heap Roots: 0.1ms
[2025-12-18T08:23:41.955+0530][info][gc,phases   ] GC(283)   Evacuate Collection Set: 0.5ms
[2025-12-18T08:23:41.955+0530][info][gc,phases   ] GC(283)   Post Evacuate Collection Set: 0.6ms
[2025-12-18T08:23:41.955+0530][info][gc,phases   ] GC(283)   Other: 0.1ms
[2025-12-18T08:23:41.955+0530][info][gc,heap     ] GC(283) Eden regions: 243->0(243)
[2025-12-18T08:23:41.955+0530][info][gc,heap     ] GC(283) Survivor regions: 1->1(28)
[2025-12-18T08:23:41.955+0530][info][gc,heap     ] GC(283) Old regions: 237->237
[2025-12-18T08:23:41.955+0530][info][gc,heap     ] GC(283) Humongous regions: 3->3
[2025-12-18T08:23:41.955+0530][info][gc,metaspace] GC(283) Metaspace: 4110K(4352K)->4110K(4352K) NonClass: 3725K(3840K)->3725K(3840K) Class: 385K(512K)->385K(512K)
[2025-12-18T08:23:41.955+0530][info][gc          ] GC(283) Pause Young (Normal) (G1 Evacuation Pause) 482M->239M(512M) 1.872ms
[2025-12-18T08:23:41.955+0530][info][gc,cpu      ] GC(283) User=0.00s Sys=0.00s Real=0.00s
[2025-12-18T08:23:42.144+0530][info][gc,start    ] GC(284) Pause Young (Concurrent Start) (G1 Evacuation Pause)
[2025-12-18T08:23:42.144+0530][info][gc,task     ] GC(284) Using 8 workers of 8 for evacuation
[2025-12-18T08:23:42.146+0530][info][gc,phases   ] GC(284)   Pre Evacuate Collection Set: 0.3ms
[2025-12-18T08:23:42.146+0530][info][gc,phases   ] GC(284)   Merge Heap Roots: 0.1ms
[2025-12-18T08:23:42.146+0530][info][gc,phases   ] GC(284)   Evacuate Collection Set: 0.6ms
[2025-12-18T08:23:42.146+0530][info][gc,phases   ] GC(284)   Post Evacuate Collection Set: 0.5ms
[2025-12-18T08:23:42.146+0530][info][gc,phases   ] GC(284)   Other: 0.2ms
[2025-12-18T08:23:42.146+0530][info][gc,heap     ] GC(284) Eden regions: 243->0(243)
[2025-12-18T08:23:42.146+0530][info][gc,heap     ] GC(284) Survivor regions: 1->1(28)
[2025-12-18T08:23:42.146+0530][info][gc,heap     ] GC(284) Old regions: 237->237
[2025-12-18T08:23:42.146+0530][info][gc,heap     ] GC(284) Humongous regions: 3->3
[2025-12-18T08:23:42.146+0530][info][gc,metaspace] GC(284) Metaspace: 4110K(4352K)->4110K(4352K) NonClass: 3725K(3840K)->3725K(3840K) Class: 385K(512K)->385K(512K)
[2025-12-18T08:23:42.146+0530][info][gc          ] GC(284) Pause Young (Concurrent Start) (G1 Evacuation Pause) 482M->239M(512M) 2.088ms
[2025-12-18T08:23:42.146+0530][info][gc,cpu      ] GC(284) User=0.00s Sys=0.00s Real=0.00s
[2025-12-18T08:23:42.146+0530][info][gc          ] GC(285) Concurrent Mark Cycle
[2025-12-18T08:23:42.146+0530][info][gc,marking  ] GC(285) Concurrent Scan Root Regions
[2025-12-18T08:23:42.146+0530][info][gc,marking  ] GC(285) Concurrent Scan Root Regions 0.209ms
[2025-12-18T08:23:42.146+0530][info][gc,marking  ] GC(285) Concurrent Mark
[2025-12-18T08:23:42.146+0530][info][gc,marking  ] GC(285) Concurrent Mark From Roots
[2025-12-18T08:23:42.146+0530][info][gc,task     ] GC(285) Using 2 workers of 2 for marking
[2025-12-18T08:23:42.242+0530][info][gc,marking  ] GC(285) Concurrent Mark From Roots 94.423ms
[2025-12-18T08:23:42.242+0530][info][gc,marking  ] GC(285) Concurrent Preclean
[2025-12-18T08:23:42.242+0530][info][gc,marking  ] GC(285) Concurrent Preclean 0.066ms
[2025-12-18T08:23:42.242+0530][info][gc,start    ] GC(285) Pause Remark
[2025-12-18T08:23:42.243+0530][info][gc          ] GC(285) Pause Remark 334M->334M(512M) 1.259ms
[2025-12-18T08:23:42.243+0530][info][gc,cpu      ] GC(285) User=0.00s Sys=0.00s Real=0.00s
[2025-12-18T08:23:42.243+0530][info][gc,marking  ] GC(285) Concurrent Mark 96.692ms
[2025-12-18T08:23:42.243+0530][info][gc,marking  ] GC(285) Concurrent Rebuild Remembered Sets and Scrub Regions
[2025-12-18T08:23:42.290+0530][info][gc,marking  ] GC(285) Concurrent Rebuild Remembered Sets and Scrub Regions 46.042ms
[2025-12-18T08:23:42.290+0530][info][gc,start    ] GC(285) Pause Cleanup
[2025-12-18T08:23:42.290+0530][info][gc          ] GC(285) Pause Cleanup 381M->381M(512M) 0.232ms
[2025-12-18T08:23:42.290+0530][info][gc,cpu      ] GC(285) User=0.00s Sys=0.00s Real=0.00s
[2025-12-18T08:23:42.292+0530][info][gc,marking  ] GC(285) Concurrent Clear Claimed Marks
[2025-12-18T08:23:42.292+0530][info][gc,marking  ] GC(285) Concurrent Clear Claimed Marks 0.071ms
[2025-12-18T08:23:42.292+0530][info][gc,marking  ] GC(285) Concurrent Cleanup for Next Mark
[2025-12-18T08:23:42.292+0530][info][gc,marking  ] GC(285) Concurrent Cleanup for Next Mark 0.767ms
[2025-12-18T08:23:42.292+0530][info][gc          ] GC(285) Concurrent Mark Cycle 146.520ms
[2025-12-18T08:23:42.368+0530][info][gc,start    ] GC(286) Pause Young (Normal) (G1 Evacuation Pause)
[2025-12-18T08:23:42.368+0530][info][gc,task     ] GC(286) Using 8 workers of 8 for evacuation
[2025-12-18T08:23:42.370+0530][info][gc,phases   ] GC(286)   Pre Evacuate Collection Set: 0.3ms
[2025-12-18T08:23:42.370+0530][info][gc,phases   ] GC(286)   Merge Heap Roots: 0.1ms
[2025-12-18T08:23:42.370+0530][info][gc,phases   ] GC(286)   Evacuate Collection Set: 0.4ms
[2025-12-18T08:23:42.370+0530][info][gc,phases   ] GC(286)   Post Evacuate Collection Set: 0.5ms
[2025-12-18T08:23:42.370+0530][info][gc,phases   ] GC(286)   Other: 0.2ms
[2025-12-18T08:23:42.370+0530][info][gc,heap     ] GC(286) Eden regions: 243->0(243)
[2025-12-18T08:23:42.370+0530][info][gc,heap     ] GC(286) Survivor regions: 1->1(28)
[2025-12-18T08:23:42.370+0530][info][gc,heap     ] GC(286) Old regions: 237->237
[2025-12-18T08:23:42.370+0530][info][gc,heap     ] GC(286) Humongous regions: 3->3
[2025-12-18T08:23:42.370+0530][info][gc,metaspace] GC(286) Metaspace: 4110K(4352K)->4110K(4352K) NonClass: 3725K(3840K)->3725K(3840K) Class: 385K(512K)->385K(512K)
[2025-12-18T08:23:42.370+0530][info][gc          ] GC(286) Pause Young (Normal) (G1 Evacuation Pause) 482M->239M(512M) 1.953ms
[2025-12-18T08:23:42.370+0530][info][gc,cpu      ] GC(286) User=0.00s Sys=0.00s Real=0.00s
[2025-12-18T08:23:42.550+0530][info][gc,start    ] GC(287) Pause Young (Concurrent Start) (G1 Evacuation Pause)
[2025-12-18T08:23:42.552+0530][info][gc,task     ] GC(287) Using 8 workers of 8 for evacuation
[2025-12-18T08:23:42.552+0530][info][gc,phases   ] GC(287)   Pre Evacuate Collection Set: 0.3ms
[2025-12-18T08:23:42.552+0530][info][gc,phases   ] GC(287)   Merge Heap Roots: 0.2ms
[2025-12-18T08:23:42.552+0530][info][gc,phases   ] GC(287)   Evacuate Collection Set: 0.7ms
[2025-12-18T08:23:42.554+0530][info][gc,phases   ] GC(287)   Post Evacuate Collection Set: 0.5ms
[2025-12-18T08:23:42.554+0530][info][gc,phases   ] GC(287)   Other: 0.2ms
[2025-12-18T08:23:42.554+0530][info][gc,heap     ] GC(287) Eden regions: 243->0(243)
[2025-12-18T08:23:42.554+0530][info][gc,heap     ] GC(287) Survivor regions: 1->1(28)
[2025-12-18T08:23:42.554+0530][info][gc,heap     ] GC(287) Old regions: 237->237
[2025-12-18T08:23:42.554+0530][info][gc,heap     ] GC(287) Humongous regions: 3->3
[2025-12-18T08:23:42.554+0530][info][gc,metaspace] GC(287) Metaspace: 4110K(4352K)->4110K(4352K) NonClass: 3725K(3840K)->3725K(3840K) Class: 385K(512K)->385K(512K)
[2025-12-18T08:23:42.554+0530][info][gc          ] GC(287) Pause Young (Concurrent Start) (G1 Evacuation Pause) 482M->239M(512M) 2.293ms
[2025-12-18T08:23:42.554+0530][info][gc,cpu      ] GC(287) User=0.00s Sys=0.00s Real=0.00s
[2025-12-18T08:23:42.554+0530][info][gc          ] GC(288) Concurrent Mark Cycle
[2025-12-18T08:23:42.554+0530][info][gc,marking  ] GC(288) Concurrent Scan Root Regions
[2025-12-18T08:23:42.554+0530][info][gc,marking  ] GC(288) Concurrent Scan Root Regions 0.179ms
[2025-12-18T08:23:42.554+0530][info][gc,marking  ] GC(288) Concurrent Mark
[2025-12-18T08:23:42.554+0530][info][gc,marking  ] GC(288) Concurrent Mark From Roots
[2025-12-18T08:23:42.554+0530][info][gc,task     ] GC(288) Using 2 workers of 2 for marking
[2025-12-18T08:23:42.649+0530][info][gc,marking  ] GC(288) Concurrent Mark From Roots 94.857ms
[2025-12-18T08:23:42.649+0530][info][gc,marking  ] GC(288) Concurrent Preclean
[2025-12-18T08:23:42.649+0530][info][gc,marking  ] GC(288) Concurrent Preclean 0.063ms
[2025-12-18T08:23:42.649+0530][info][gc,start    ] GC(288) Pause Remark
[2025-12-18T08:23:42.649+0530][info][gc          ] GC(288) Pause Remark 333M->333M(512M) 1.146ms
[2025-12-18T08:23:42.649+0530][info][gc,cpu      ] GC(288) User=0.00s Sys=0.00s Real=0.00s
[2025-12-18T08:23:42.651+0530][info][gc,marking  ] GC(288) Concurrent Mark 97.628ms
[2025-12-18T08:23:42.652+0530][info][gc,marking  ] GC(288) Concurrent Rebuild Remembered Sets and Scrub Regions
[2025-12-18T08:23:42.698+0530][info][gc,marking  ] GC(288) Concurrent Rebuild Remembered Sets and Scrub Regions 46.336ms
[2025-12-18T08:23:42.698+0530][info][gc,start    ] GC(288) Pause Cleanup
[2025-12-18T08:23:42.698+0530][info][gc          ] GC(288) Pause Cleanup 379M->379M(512M) 0.228ms
[2025-12-18T08:23:42.698+0530][info][gc,cpu      ] GC(288) User=0.00s Sys=0.00s Real=0.00s
[2025-12-18T08:23:42.698+0530][info][gc,marking  ] GC(288) Concurrent Clear Claimed Marks
[2025-12-18T08:23:42.698+0530][info][gc,marking  ] GC(288) Concurrent Clear Claimed Marks 0.060ms
[2025-12-18T08:23:42.698+0530][info][gc,marking  ] GC(288) Concurrent Cleanup for Next Mark
[2025-12-18T08:23:42.700+0530][info][gc,marking  ] GC(288) Concurrent Cleanup for Next Mark 0.774ms
[2025-12-18T08:23:42.700+0530][info][gc          ] GC(288) Concurrent Mark Cycle 146.135ms
[2025-12-18T08:23:42.780+0530][info][gc,start    ] GC(289) Pause Young (Normal) (G1 Evacuation Pause)
[2025-12-18T08:23:42.780+0530][info][gc,task     ] GC(289) Using 8 workers of 8 for evacuation
[2025-12-18T08:23:42.782+0530][info][gc,phases   ] GC(289)   Pre Evacuate Collection Set: 0.2ms
[2025-12-18T08:23:42.782+0530][info][gc,phases   ] GC(289)   Merge Heap Roots: 0.2ms
[2025-12-18T08:23:42.782+0530][info][gc,phases   ] GC(289)   Evacuate Collection Set: 0.5ms
[2025-12-18T08:23:42.782+0530][info][gc,phases   ] GC(289)   Post Evacuate Collection Set: 0.6ms
[2025-12-18T08:23:42.782+0530][info][gc,phases   ] GC(289)   Other: 0.1ms
[2025-12-18T08:23:42.782+0530][info][gc,heap     ] GC(289) Eden regions: 243->0(243)
[2025-12-18T08:23:42.782+0530][info][gc,heap     ] GC(289) Survivor regions: 1->1(28)
[2025-12-18T08:23:42.782+0530][info][gc,heap     ] GC(289) Old regions: 237->237
[2025-12-18T08:23:42.782+0530][info][gc,heap     ] GC(289) Humongous regions: 3->3
[2025-12-18T08:23:42.782+0530][info][gc,metaspace] GC(289) Metaspace: 4110K(4352K)->4110K(4352K) NonClass: 3725K(3840K)->3725K(3840K) Class: 385K(512K)->385K(512K)
[2025-12-18T08:23:42.782+0530][info][gc          ] GC(289) Pause Young (Normal) (G1 Evacuation Pause) 482M->239M(512M) 1.946ms
[2025-12-18T08:23:42.782+0530][info][gc,cpu      ] GC(289) User=0.00s Sys=0.00s Real=0.00s
[2025-12-18T08:23:42.963+0530][info][gc,start    ] GC(290) Pause Young (Concurrent Start) (G1 Evacuation Pause)
[2025-12-18T08:23:42.963+0530][info][gc,task     ] GC(290) Using 8 workers of 8 for evacuation
[2025-12-18T08:23:42.965+0530][info][gc,phases   ] GC(290)   Pre Evacuate Collection Set: 0.3ms
[2025-12-18T08:23:42.965+0530][info][gc,phases   ] GC(290)   Merge Heap Roots: 0.1ms
[2025-12-18T08:23:42.965+0530][info][gc,phases   ] GC(290)   Evacuate Collection Set: 0.6ms
[2025-12-18T08:23:42.965+0530][info][gc,phases   ] GC(290)   Post Evacuate Collection Set: 0.6ms
[2025-12-18T08:23:42.965+0530][info][gc,phases   ] GC(290)   Other: 0.2ms
[2025-12-18T08:23:42.965+0530][info][gc,heap     ] GC(290) Eden regions: 243->0(243)
[2025-12-18T08:23:42.965+0530][info][gc,heap     ] GC(290) Survivor regions: 1->1(28)
[2025-12-18T08:23:42.965+0530][info][gc,heap     ] GC(290) Old regions: 237->237
[2025-12-18T08:23:42.965+0530][info][gc,heap     ] GC(290) Humongous regions: 3->3
[2025-12-18T08:23:42.965+0530][info][gc,metaspace] GC(290) Metaspace: 4112K(4352K)->4112K(4352K) NonClass: 3727K(3840K)->3727K(3840K) Class: 385K(512K)->385K(512K)
[2025-12-18T08:23:42.965+0530][info][gc          ] GC(290) Pause Young (Concurrent Start) (G1 Evacuation Pause) 482M->239M(512M) 2.217ms
[2025-12-18T08:23:42.965+0530][info][gc,cpu      ] GC(290) User=0.00s Sys=0.00s Real=0.00s
[2025-12-18T08:23:42.965+0530][info][gc          ] GC(291) Concurrent Mark Cycle
[2025-12-18T08:23:42.967+0530][info][gc,marking  ] GC(291) Concurrent Scan Root Regions
[2025-12-18T08:23:42.967+0530][info][gc,marking  ] GC(291) Concurrent Scan Root Regions 0.249ms
[2025-12-18T08:23:42.967+0530][info][gc,marking  ] GC(291) Concurrent Mark
[2025-12-18T08:23:42.967+0530][info][gc,marking  ] GC(291) Concurrent Mark From Roots
[2025-12-18T08:23:42.967+0530][info][gc,task     ] GC(291) Using 2 workers of 2 for marking
[2025-12-18T08:23:43.063+0530][info][gc,marking  ] GC(291) Concurrent Mark From Roots 95.310ms
[2025-12-18T08:23:43.063+0530][info][gc,marking  ] GC(291) Concurrent Preclean
[2025-12-18T08:23:43.063+0530][info][gc,marking  ] GC(291) Concurrent Preclean 0.063ms
[2025-12-18T08:23:43.063+0530][info][gc,start    ] GC(291) Pause Remark
[2025-12-18T08:23:43.063+0530][info][gc          ] GC(291) Pause Remark 329M->329M(512M) 1.213ms
[2025-12-18T08:23:43.063+0530][info][gc,cpu      ] GC(291) User=0.00s Sys=0.00s Real=0.00s
[2025-12-18T08:23:43.065+0530][info][gc,marking  ] GC(291) Concurrent Mark 97.837ms
[2025-12-18T08:23:43.065+0530][info][gc,marking  ] GC(291) Concurrent Rebuild Remembered Sets and Scrub Regions
[2025-12-18T08:23:43.113+0530][info][gc,marking  ] GC(291) Concurrent Rebuild Remembered Sets and Scrub Regions 47.068ms
[2025-12-18T08:23:43.113+0530][info][gc,start    ] GC(291) Pause Cleanup
[2025-12-18T08:23:43.113+0530][info][gc          ] GC(291) Pause Cleanup 371M->371M(512M) 0.270ms
[2025-12-18T08:23:43.113+0530][info][gc,cpu      ] GC(291) User=0.00s Sys=0.00s Real=0.00s
[2025-12-18T08:23:43.113+0530][info][gc,marking  ] GC(291) Concurrent Clear Claimed Marks
[2025-12-18T08:23:43.113+0530][info][gc,marking  ] GC(291) Concurrent Clear Claimed Marks 0.070ms
[2025-12-18T08:23:43.113+0530][info][gc,marking  ] GC(291) Concurrent Cleanup for Next Mark
[2025-12-18T08:23:43.115+0530][info][gc,marking  ] GC(291) Concurrent Cleanup for Next Mark 0.745ms
[2025-12-18T08:23:43.115+0530][info][gc          ] GC(291) Concurrent Mark Cycle 147.585ms
[2025-12-18T08:23:43.196+0530][info][gc,start    ] GC(292) Pause Young (Normal) (G1 Evacuation Pause)
[2025-12-18T08:23:43.196+0530][info][gc,task     ] GC(292) Using 8 workers of 8 for evacuation
[2025-12-18T08:23:43.198+0530][info][gc,phases   ] GC(292)   Pre Evacuate Collection Set: 0.3ms
[2025-12-18T08:23:43.198+0530][info][gc,phases   ] GC(292)   Merge Heap Roots: 0.1ms
[2025-12-18T08:23:43.198+0530][info][gc,phases   ] GC(292)   Evacuate Collection Set: 0.4ms
[2025-12-18T08:23:43.198+0530][info][gc,phases   ] GC(292)   Post Evacuate Collection Set: 0.5ms
[2025-12-18T08:23:43.198+0530][info][gc,phases   ] GC(292)   Other: 0.2ms
[2025-12-18T08:23:43.198+0530][info][gc,heap     ] GC(292) Eden regions: 243->0(243)
[2025-12-18T08:23:43.198+0530][info][gc,heap     ] GC(292) Survivor regions: 1->1(28)
[2025-12-18T08:23:43.198+0530][info][gc,heap     ] GC(292) Old regions: 237->237
[2025-12-18T08:23:43.198+0530][info][gc,heap     ] GC(292) Humongous regions: 3->3
[2025-12-18T08:23:43.198+0530][info][gc,metaspace] GC(292) Metaspace: 4113K(4352K)->4113K(4352K) NonClass: 3727K(3840K)->3727K(3840K) Class: 385K(512K)->385K(512K)
[2025-12-18T08:23:43.198+0530][info][gc          ] GC(292) Pause Young (Normal) (G1 Evacuation Pause) 482M->239M(512M) 2.054ms
[2025-12-18T08:23:43.198+0530][info][gc,cpu      ] GC(292) User=0.00s Sys=0.00s Real=0.00s
[2025-12-18T08:23:43.381+0530][info][gc,start    ] GC(293) Pause Young (Concurrent Start) (G1 Evacuation Pause)
[2025-12-18T08:23:43.381+0530][info][gc,task     ] GC(293) Using 8 workers of 8 for evacuation
[2025-12-18T08:23:43.383+0530][info][gc,phases   ] GC(293)   Pre Evacuate Collection Set: 1.0ms
[2025-12-18T08:23:43.383+0530][info][gc,phases   ] GC(293)   Merge Heap Roots: 0.1ms
[2025-12-18T08:23:43.383+0530][info][gc,phases   ] GC(293)   Evacuate Collection Set: 0.6ms
[2025-12-18T08:23:43.383+0530][info][gc,phases   ] GC(293)   Post Evacuate Collection Set: 0.6ms
[2025-12-18T08:23:43.383+0530][info][gc,phases   ] GC(293)   Other: 0.2ms
[2025-12-18T08:23:43.383+0530][info][gc,heap     ] GC(293) Eden regions: 243->0(243)
[2025-12-18T08:23:43.383+0530][info][gc,heap     ] GC(293) Survivor regions: 1->1(28)
[2025-12-18T08:23:43.383+0530][info][gc,heap     ] GC(293) Old regions: 237->237
[2025-12-18T08:23:43.383+0530][info][gc,heap     ] GC(293) Humongous regions: 3->3
[2025-12-18T08:23:43.383+0530][info][gc,metaspace] GC(293) Metaspace: 4113K(4352K)->4113K(4352K) NonClass: 3727K(3840K)->3727K(3840K) Class: 385K(512K)->385K(512K)
[2025-12-18T08:23:43.383+0530][info][gc          ] GC(293) Pause Young (Concurrent Start) (G1 Evacuation Pause) 482M->239M(512M) 2.883ms
[2025-12-18T08:23:43.383+0530][info][gc,cpu      ] GC(293) User=0.09s Sys=0.03s Real=0.00s
[2025-12-18T08:23:43.383+0530][info][gc          ] GC(294) Concurrent Mark Cycle
[2025-12-18T08:23:43.384+0530][info][gc,marking  ] GC(294) Concurrent Scan Root Regions
[2025-12-18T08:23:43.384+0530][info][gc,marking  ] GC(294) Concurrent Scan Root Regions 0.250ms
[2025-12-18T08:23:43.384+0530][info][gc,marking  ] GC(294) Concurrent Mark
[2025-12-18T08:23:43.384+0530][info][gc,marking  ] GC(294) Concurrent Mark From Roots
[2025-12-18T08:23:43.384+0530][info][gc,task     ] GC(294) Using 2 workers of 2 for marking
[2025-12-18T08:23:43.479+0530][info][gc,marking  ] GC(294) Concurrent Mark From Roots 94.759ms
[2025-12-18T08:23:43.479+0530][info][gc,marking  ] GC(294) Concurrent Preclean
[2025-12-18T08:23:43.479+0530][info][gc,marking  ] GC(294) Concurrent Preclean 0.064ms
[2025-12-18T08:23:43.479+0530][info][gc,start    ] GC(294) Pause Remark
[2025-12-18T08:23:43.479+0530][info][gc          ] GC(294) Pause Remark 333M->333M(512M) 1.204ms
[2025-12-18T08:23:43.479+0530][info][gc,cpu      ] GC(294) User=0.00s Sys=0.00s Real=0.00s
[2025-12-18T08:23:43.481+0530][info][gc,marking  ] GC(294) Concurrent Mark 97.067ms
[2025-12-18T08:23:43.481+0530][info][gc,marking  ] GC(294) Concurrent Rebuild Remembered Sets and Scrub Regions
[2025-12-18T08:23:43.528+0530][info][gc,marking  ] GC(294) Concurrent Rebuild Remembered Sets and Scrub Regions 46.513ms
[2025-12-18T08:23:43.528+0530][info][gc,start    ] GC(294) Pause Cleanup
[2025-12-18T08:23:43.528+0530][info][gc          ] GC(294) Pause Cleanup 379M->379M(512M) 0.227ms
[2025-12-18T08:23:43.528+0530][info][gc,cpu      ] GC(294) User=0.00s Sys=0.00s Real=0.00s
[2025-12-18T08:23:43.528+0530][info][gc,marking  ] GC(294) Concurrent Clear Claimed Marks
[2025-12-18T08:23:43.528+0530][info][gc,marking  ] GC(294) Concurrent Clear Claimed Marks 0.062ms
[2025-12-18T08:23:43.528+0530][info][gc,marking  ] GC(294) Concurrent Cleanup for Next Mark
[2025-12-18T08:23:43.530+0530][info][gc,marking  ] GC(294) Concurrent Cleanup for Next Mark 0.735ms
[2025-12-18T08:23:43.530+0530][info][gc          ] GC(294) Concurrent Mark Cycle 146.000ms
[2025-12-18T08:23:43.604+0530][info][gc,start    ] GC(295) Pause Young (Normal) (G1 Evacuation Pause)
[2025-12-18T08:23:43.606+0530][info][gc,task     ] GC(295) Using 8 workers of 8 for evacuation
[2025-12-18T08:23:43.606+0530][info][gc,phases   ] GC(295)   Pre Evacuate Collection Set: 0.2ms
[2025-12-18T08:23:43.606+0530][info][gc,phases   ] GC(295)   Merge Heap Roots: 0.1ms
[2025-12-18T08:23:43.606+0530][info][gc,phases   ] GC(295)   Evacuate Collection Set: 0.4ms
[2025-12-18T08:23:43.606+0530][info][gc,phases   ] GC(295)   Post Evacuate Collection Set: 0.5ms
[2025-12-18T08:23:43.606+0530][info][gc,phases   ] GC(295)   Other: 0.1ms
[2025-12-18T08:23:43.606+0530][info][gc,heap     ] GC(295) Eden regions: 243->0(243)
[2025-12-18T08:23:43.606+0530][info][gc,heap     ] GC(295) Survivor regions: 1->1(28)
[2025-12-18T08:23:43.606+0530][info][gc,heap     ] GC(295) Old regions: 237->237
[2025-12-18T08:23:43.606+0530][info][gc,heap     ] GC(295) Humongous regions: 3->3
[2025-12-18T08:23:43.606+0530][info][gc,metaspace] GC(295) Metaspace: 4113K(4352K)->4113K(4352K) NonClass: 3727K(3840K)->3727K(3840K) Class: 385K(512K)->385K(512K)
[2025-12-18T08:23:43.606+0530][info][gc          ] GC(295) Pause Young (Normal) (G1 Evacuation Pause) 482M->239M(512M) 1.755ms
[2025-12-18T08:23:43.606+0530][info][gc,cpu      ] GC(295) User=0.00s Sys=0.00s Real=0.00s
[2025-12-18T08:23:43.784+0530][info][gc,start    ] GC(296) Pause Young (Concurrent Start) (G1 Evacuation Pause)
[2025-12-18T08:23:43.784+0530][info][gc,task     ] GC(296) Using 8 workers of 8 for evacuation
[2025-12-18T08:23:43.786+0530][info][gc,phases   ] GC(296)   Pre Evacuate Collection Set: 0.3ms
[2025-12-18T08:23:43.786+0530][info][gc,phases   ] GC(296)   Merge Heap Roots: 0.2ms
[2025-12-18T08:23:43.786+0530][info][gc,phases   ] GC(296)   Evacuate Collection Set: 0.7ms
[2025-12-18T08:23:43.786+0530][info][gc,phases   ] GC(296)   Post Evacuate Collection Set: 0.5ms
[2025-12-18T08:23:43.786+0530][info][gc,phases   ] GC(296)   Other: 0.2ms
[2025-12-18T08:23:43.786+0530][info][gc,heap     ] GC(296) Eden regions: 243->0(243)
[2025-12-18T08:23:43.786+0530][info][gc,heap     ] GC(296) Survivor regions: 1->1(28)
[2025-12-18T08:23:43.786+0530][info][gc,heap     ] GC(296) Old regions: 237->237
[2025-12-18T08:23:43.786+0530][info][gc,heap     ] GC(296) Humongous regions: 3->3
[2025-12-18T08:23:43.786+0530][info][gc,metaspace] GC(296) Metaspace: 4113K(4352K)->4113K(4352K) NonClass: 3727K(3840K)->3727K(3840K) Class: 385K(512K)->385K(512K)
[2025-12-18T08:23:43.786+0530][info][gc          ] GC(296) Pause Young (Concurrent Start) (G1 Evacuation Pause) 482M->239M(512M) 2.235ms
[2025-12-18T08:23:43.786+0530][info][gc,cpu      ] GC(296) User=0.00s Sys=0.00s Real=0.00s
[2025-12-18T08:23:43.786+0530][info][gc          ] GC(297) Concurrent Mark Cycle
[2025-12-18T08:23:43.786+0530][info][gc,marking  ] GC(297) Concurrent Scan Root Regions
[2025-12-18T08:23:43.786+0530][info][gc,marking  ] GC(297) Concurrent Scan Root Regions 0.179ms
[2025-12-18T08:23:43.788+0530][info][gc,marking  ] GC(297) Concurrent Mark
[2025-12-18T08:23:43.788+0530][info][gc,marking  ] GC(297) Concurrent Mark From Roots
[2025-12-18T08:23:43.788+0530][info][gc,task     ] GC(297) Using 2 workers of 2 for marking
[2025-12-18T08:23:43.882+0530][info][gc,marking  ] GC(297) Concurrent Mark From Roots 94.131ms
[2025-12-18T08:23:43.882+0530][info][gc,marking  ] GC(297) Concurrent Preclean
[2025-12-18T08:23:43.882+0530][info][gc,marking  ] GC(297) Concurrent Preclean 0.066ms
[2025-12-18T08:23:43.882+0530][info][gc,start    ] GC(297) Pause Remark
[2025-12-18T08:23:43.882+0530][info][gc          ] GC(297) Pause Remark 335M->335M(512M) 1.210ms
[2025-12-18T08:23:43.882+0530][info][gc,cpu      ] GC(297) User=0.02s Sys=0.00s Real=0.00s
[2025-12-18T08:23:43.884+0530][info][gc,marking  ] GC(297) Concurrent Mark 96.849ms
[2025-12-18T08:23:43.884+0530][info][gc,marking  ] GC(297) Concurrent Rebuild Remembered Sets and Scrub Regions
[2025-12-18T08:23:43.930+0530][info][gc,marking  ] GC(297) Concurrent Rebuild Remembered Sets and Scrub Regions 46.660ms
[2025-12-18T08:23:43.930+0530][info][gc,start    ] GC(297) Pause Cleanup
[2025-12-18T08:23:43.930+0530][info][gc          ] GC(297) Pause Cleanup 380M->380M(512M) 0.276ms
[2025-12-18T08:23:43.932+0530][info][gc,cpu      ] GC(297) User=0.00s Sys=0.00s Real=0.00s
[2025-12-18T08:23:43.932+0530][info][gc,marking  ] GC(297) Concurrent Clear Claimed Marks
[2025-12-18T08:23:43.932+0530][info][gc,marking  ] GC(297) Concurrent Clear Claimed Marks 0.066ms
[2025-12-18T08:23:43.932+0530][info][gc,marking  ] GC(297) Concurrent Cleanup for Next Mark
[2025-12-18T08:23:43.934+0530][info][gc,marking  ] GC(297) Concurrent Cleanup for Next Mark 0.733ms
[2025-12-18T08:23:43.934+0530][info][gc          ] GC(297) Concurrent Mark Cycle 146.815ms
[2025-12-18T08:23:44.007+0530][info][gc,start    ] GC(298) Pause Young (Normal) (G1 Evacuation Pause)
[2025-12-18T08:23:44.007+0530][info][gc,task     ] GC(298) Using 8 workers of 8 for evacuation
[2025-12-18T08:23:44.009+0530][info][gc,phases   ] GC(298)   Pre Evacuate Collection Set: 0.2ms
[2025-12-18T08:23:44.009+0530][info][gc,phases   ] GC(298)   Merge Heap Roots: 0.1ms
[2025-12-18T08:23:44.009+0530][info][gc,phases   ] GC(298)   Evacuate Collection Set: 0.4ms
[2025-12-18T08:23:44.009+0530][info][gc,phases   ] GC(298)   Post Evacuate Collection Set: 0.5ms
[2025-12-18T08:23:44.009+0530][info][gc,phases   ] GC(298)   Other: 0.1ms
[2025-12-18T08:23:44.009+0530][info][gc,heap     ] GC(298) Eden regions: 243->0(243)
[2025-12-18T08:23:44.009+0530][info][gc,heap     ] GC(298) Survivor regions: 1->1(28)
[2025-12-18T08:23:44.009+0530][info][gc,heap     ] GC(298) Old regions: 237->237
[2025-12-18T08:23:44.009+0530][info][gc,heap     ] GC(298) Humongous regions: 3->3
[2025-12-18T08:23:44.009+0530][info][gc,metaspace] GC(298) Metaspace: 4113K(4352K)->4113K(4352K) NonClass: 3727K(3840K)->3727K(3840K) Class: 385K(512K)->385K(512K)
[2025-12-18T08:23:44.009+0530][info][gc          ] GC(298) Pause Young (Normal) (G1 Evacuation Pause) 482M->239M(512M) 1.741ms
[2025-12-18T08:23:44.009+0530][info][gc,cpu      ] GC(298) User=0.00s Sys=0.00s Real=0.00s
[2025-12-18T08:23:44.194+0530][info][gc,start    ] GC(299) Pause Young (Concurrent Start) (G1 Evacuation Pause)
[2025-12-18T08:23:44.194+0530][info][gc,task     ] GC(299) Using 8 workers of 8 for evacuation
[2025-12-18T08:23:44.196+0530][info][gc,phases   ] GC(299)   Pre Evacuate Collection Set: 0.3ms
[2025-12-18T08:23:44.196+0530][info][gc,phases   ] GC(299)   Merge Heap Roots: 0.1ms
[2025-12-18T08:23:44.196+0530][info][gc,phases   ] GC(299)   Evacuate Collection Set: 0.7ms
[2025-12-18T08:23:44.196+0530][info][gc,phases   ] GC(299)   Post Evacuate Collection Set: 0.6ms
[2025-12-18T08:23:44.196+0530][info][gc,phases   ] GC(299)   Other: 0.2ms
[2025-12-18T08:23:44.196+0530][info][gc,heap     ] GC(299) Eden regions: 243->0(243)
[2025-12-18T08:23:44.196+0530][info][gc,heap     ] GC(299) Survivor regions: 1->1(28)
[2025-12-18T08:23:44.196+0530][info][gc,heap     ] GC(299) Old regions: 237->237
[2025-12-18T08:23:44.196+0530][info][gc,heap     ] GC(299) Humongous regions: 3->3
[2025-12-18T08:23:44.196+0530][info][gc,metaspace] GC(299) Metaspace: 4113K(4352K)->4113K(4352K) NonClass: 3727K(3840K)->3727K(3840K) Class: 385K(512K)->385K(512K)
[2025-12-18T08:23:44.196+0530][info][gc          ] GC(299) Pause Young (Concurrent Start) (G1 Evacuation Pause) 482M->239M(512M) 2.222ms
[2025-12-18T08:23:44.198+0530][info][gc,cpu      ] GC(299) User=0.00s Sys=0.00s Real=0.00s
[2025-12-18T08:23:44.198+0530][info][gc          ] GC(300) Concurrent Mark Cycle
[2025-12-18T08:23:44.198+0530][info][gc,marking  ] GC(300) Concurrent Scan Root Regions
[2025-12-18T08:23:44.198+0530][info][gc,marking  ] GC(300) Concurrent Scan Root Regions 0.277ms
[2025-12-18T08:23:44.198+0530][info][gc,marking  ] GC(300) Concurrent Mark
[2025-12-18T08:23:44.198+0530][info][gc,marking  ] GC(300) Concurrent Mark From Roots
[2025-12-18T08:23:44.198+0530][info][gc,task     ] GC(300) Using 2 workers of 2 for marking
[2025-12-18T08:23:44.296+0530][info][gc,marking  ] GC(300) Concurrent Mark From Roots 98.126ms
[2025-12-18T08:23:44.296+0530][info][gc,marking  ] GC(300) Concurrent Preclean
[2025-12-18T08:23:44.296+0530][info][gc,marking  ] GC(300) Concurrent Preclean 0.063ms
[2025-12-18T08:23:44.296+0530][info][gc,start    ] GC(300) Pause Remark
[2025-12-18T08:23:44.298+0530][info][gc          ] GC(300) Pause Remark 332M->332M(512M) 1.169ms
[2025-12-18T08:23:44.298+0530][info][gc,cpu      ] GC(300) User=0.00s Sys=0.00s Real=0.00s
[2025-12-18T08:23:44.298+0530][info][gc,marking  ] GC(300) Concurrent Mark 101.029ms
[2025-12-18T08:23:44.298+0530][info][gc,marking  ] GC(300) Concurrent Rebuild Remembered Sets and Scrub Regions
[2025-12-18T08:23:44.345+0530][info][gc,marking  ] GC(300) Concurrent Rebuild Remembered Sets and Scrub Regions 46.819ms
[2025-12-18T08:23:44.347+0530][info][gc,start    ] GC(300) Pause Cleanup
[2025-12-18T08:23:44.347+0530][info][gc          ] GC(300) Pause Cleanup 377M->377M(512M) 0.279ms
[2025-12-18T08:23:44.347+0530][info][gc,cpu      ] GC(300) User=0.00s Sys=0.00s Real=0.00s
[2025-12-18T08:23:44.347+0530][info][gc,marking  ] GC(300) Concurrent Clear Claimed Marks
[2025-12-18T08:23:44.347+0530][info][gc,marking  ] GC(300) Concurrent Clear Claimed Marks 0.076ms
[2025-12-18T08:23:44.347+0530][info][gc,marking  ] GC(300) Concurrent Cleanup for Next Mark
[2025-12-18T08:23:44.349+0530][info][gc,marking  ] GC(300) Concurrent Cleanup for Next Mark 0.740ms
[2025-12-18T08:23:44.349+0530][info][gc          ] GC(300) Concurrent Mark Cycle 150.774ms
[2025-12-18T08:23:44.427+0530][info][gc,start    ] GC(301) Pause Young (Normal) (G1 Evacuation Pause)
[2025-12-18T08:23:44.427+0530][info][gc,task     ] GC(301) Using 8 workers of 8 for evacuation
[2025-12-18T08:23:44.429+0530][info][gc,phases   ] GC(301)   Pre Evacuate Collection Set: 0.3ms
[2025-12-18T08:23:44.429+0530][info][gc,phases   ] GC(301)   Merge Heap Roots: 0.1ms
[2025-12-18T08:23:44.429+0530][info][gc,phases   ] GC(301)   Evacuate Collection Set: 0.6ms
[2025-12-18T08:23:44.429+0530][info][gc,phases   ] GC(301)   Post Evacuate Collection Set: 0.6ms
[2025-12-18T08:23:44.429+0530][info][gc,phases   ] GC(301)   Other: 0.2ms
[2025-12-18T08:23:44.429+0530][info][gc,heap     ] GC(301) Eden regions: 243->0(243)
[2025-12-18T08:23:44.429+0530][info][gc,heap     ] GC(301) Survivor regions: 1->1(28)
[2025-12-18T08:23:44.429+0530][info][gc,heap     ] GC(301) Old regions: 237->237
[2025-12-18T08:23:44.429+0530][info][gc,heap     ] GC(301) Humongous regions: 3->3
[2025-12-18T08:23:44.429+0530][info][gc,metaspace] GC(301) Metaspace: 4113K(4352K)->4113K(4352K) NonClass: 3727K(3840K)->3727K(3840K) Class: 385K(512K)->385K(512K)
[2025-12-18T08:23:44.429+0530][info][gc          ] GC(301) Pause Young (Normal) (G1 Evacuation Pause) 482M->239M(512M) 2.175ms
[2025-12-18T08:23:44.429+0530][info][gc,cpu      ] GC(301) User=0.00s Sys=0.00s Real=0.00s
[2025-12-18T08:23:44.610+0530][info][gc,start    ] GC(302) Pause Young (Concurrent Start) (G1 Evacuation Pause)
[2025-12-18T08:23:44.610+0530][info][gc,task     ] GC(302) Using 8 workers of 8 for evacuation
[2025-12-18T08:23:44.612+0530][info][gc,phases   ] GC(302)   Pre Evacuate Collection Set: 0.3ms
[2025-12-18T08:23:44.612+0530][info][gc,phases   ] GC(302)   Merge Heap Roots: 0.1ms
[2025-12-18T08:23:44.612+0530][info][gc,phases   ] GC(302)   Evacuate Collection Set: 0.7ms
[2025-12-18T08:23:44.612+0530][info][gc,phases   ] GC(302)   Post Evacuate Collection Set: 0.5ms
[2025-12-18T08:23:44.612+0530][info][gc,phases   ] GC(302)   Other: 0.2ms
[2025-12-18T08:23:44.612+0530][info][gc,heap     ] GC(302) Eden regions: 243->0(243)
[2025-12-18T08:23:44.612+0530][info][gc,heap     ] GC(302) Survivor regions: 1->1(28)
[2025-12-18T08:23:44.612+0530][info][gc,heap     ] GC(302) Old regions: 237->237
[2025-12-18T08:23:44.612+0530][info][gc,heap     ] GC(302) Humongous regions: 3->3
[2025-12-18T08:23:44.612+0530][info][gc,metaspace] GC(302) Metaspace: 4113K(4352K)->4113K(4352K) NonClass: 3727K(3840K)->3727K(3840K) Class: 385K(512K)->385K(512K)
[2025-12-18T08:23:44.612+0530][info][gc          ] GC(302) Pause Young (Concurrent Start) (G1 Evacuation Pause) 482M->239M(512M) 2.220ms
[2025-12-18T08:23:44.612+0530][info][gc,cpu      ] GC(302) User=0.00s Sys=0.00s Real=0.00s
[2025-12-18T08:23:44.612+0530][info][gc          ] GC(303) Concurrent Mark Cycle
[2025-12-18T08:23:44.612+0530][info][gc,marking  ] GC(303) Concurrent Scan Root Regions
[2025-12-18T08:23:44.612+0530][info][gc,marking  ] GC(303) Concurrent Scan Root Regions 0.214ms
[2025-12-18T08:23:44.612+0530][info][gc,marking  ] GC(303) Concurrent Mark
[2025-12-18T08:23:44.612+0530][info][gc,marking  ] GC(303) Concurrent Mark From Roots
[2025-12-18T08:23:44.612+0530][info][gc,task     ] GC(303) Using 2 workers of 2 for marking
[2025-12-18T08:23:44.706+0530][info][gc,marking  ] GC(303) Concurrent Mark From Roots 94.265ms
[2025-12-18T08:23:44.706+0530][info][gc,marking  ] GC(303) Concurrent Preclean
[2025-12-18T08:23:44.706+0530][info][gc,marking  ] GC(303) Concurrent Preclean 0.062ms
[2025-12-18T08:23:44.706+0530][info][gc,start    ] GC(303) Pause Remark
[2025-12-18T08:23:44.708+0530][info][gc          ] GC(303) Pause Remark 335M->335M(512M) 1.201ms
[2025-12-18T08:23:44.708+0530][info][gc,cpu      ] GC(303) User=0.00s Sys=0.00s Real=0.00s
[2025-12-18T08:23:44.708+0530][info][gc,marking  ] GC(303) Concurrent Mark 96.359ms
[2025-12-18T08:23:44.708+0530][info][gc,marking  ] GC(303) Concurrent Rebuild Remembered Sets and Scrub Regions
[2025-12-18T08:23:44.756+0530][info][gc,marking  ] GC(303) Concurrent Rebuild Remembered Sets and Scrub Regions 47.153ms
[2025-12-18T08:23:44.756+0530][info][gc,start    ] GC(303) Pause Cleanup
[2025-12-18T08:23:44.756+0530][info][gc          ] GC(303) Pause Cleanup 378M->378M(512M) 0.250ms
[2025-12-18T08:23:44.756+0530][info][gc,cpu      ] GC(303) User=0.00s Sys=0.00s Real=0.00s
[2025-12-18T08:23:44.758+0530][info][gc,marking  ] GC(303) Concurrent Clear Claimed Marks
[2025-12-18T08:23:44.758+0530][info][gc,marking  ] GC(303) Concurrent Clear Claimed Marks 0.072ms
[2025-12-18T08:23:44.758+0530][info][gc,marking  ] GC(303) Concurrent Cleanup for Next Mark
[2025-12-18T08:23:44.758+0530][info][gc,marking  ] GC(303) Concurrent Cleanup for Next Mark 0.726ms
[2025-12-18T08:23:44.758+0530][info][gc          ] GC(303) Concurrent Mark Cycle 146.041ms
[2025-12-18T08:23:44.836+0530][info][gc,start    ] GC(304) Pause Young (Normal) (G1 Evacuation Pause)
[2025-12-18T08:23:44.836+0530][info][gc,task     ] GC(304) Using 8 workers of 8 for evacuation
[2025-12-18T08:23:44.838+0530][info][gc,phases   ] GC(304)   Pre Evacuate Collection Set: 0.3ms
[2025-12-18T08:23:44.838+0530][info][gc,phases   ] GC(304)   Merge Heap Roots: 0.1ms
[2025-12-18T08:23:44.838+0530][info][gc,phases   ] GC(304)   Evacuate Collection Set: 0.5ms
[2025-12-18T08:23:44.838+0530][info][gc,phases   ] GC(304)   Post Evacuate Collection Set: 0.5ms
[2025-12-18T08:23:44.838+0530][info][gc,phases   ] GC(304)   Other: 0.1ms
[2025-12-18T08:23:44.838+0530][info][gc,heap     ] GC(304) Eden regions: 243->0(243)
[2025-12-18T08:23:44.838+0530][info][gc,heap     ] GC(304) Survivor regions: 1->1(28)
[2025-12-18T08:23:44.838+0530][info][gc,heap     ] GC(304) Old regions: 237->237
[2025-12-18T08:23:44.838+0530][info][gc,heap     ] GC(304) Humongous regions: 3->3
[2025-12-18T08:23:44.838+0530][info][gc,metaspace] GC(304) Metaspace: 4113K(4352K)->4113K(4352K) NonClass: 3727K(3840K)->3727K(3840K) Class: 385K(512K)->385K(512K)
[2025-12-18T08:23:44.838+0530][info][gc          ] GC(304) Pause Young (Normal) (G1 Evacuation Pause) 482M->239M(512M) 2.008ms
[2025-12-18T08:23:44.838+0530][info][gc,cpu      ] GC(304) User=0.00s Sys=0.00s Real=0.00s
[2025-12-18T08:23:45.017+0530][info][gc,start    ] GC(305) Pause Young (Concurrent Start) (G1 Evacuation Pause)
[2025-12-18T08:23:45.017+0530][info][gc,task     ] GC(305) Using 8 workers of 8 for evacuation
[2025-12-18T08:23:45.019+0530][info][gc,phases   ] GC(305)   Pre Evacuate Collection Set: 0.3ms
[2025-12-18T08:23:45.019+0530][info][gc,phases   ] GC(305)   Merge Heap Roots: 0.1ms
[2025-12-18T08:23:45.019+0530][info][gc,phases   ] GC(305)   Evacuate Collection Set: 0.6ms
[2025-12-18T08:23:45.019+0530][info][gc,phases   ] GC(305)   Post Evacuate Collection Set: 0.6ms
[2025-12-18T08:23:45.019+0530][info][gc,phases   ] GC(305)   Other: 0.2ms
[2025-12-18T08:23:45.019+0530][info][gc,heap     ] GC(305) Eden regions: 243->0(243)
[2025-12-18T08:23:45.019+0530][info][gc,heap     ] GC(305) Survivor regions: 1->1(28)
[2025-12-18T08:23:45.019+0530][info][gc,heap     ] GC(305) Old regions: 237->237
[2025-12-18T08:23:45.019+0530][info][gc,heap     ] GC(305) Humongous regions: 3->3
[2025-12-18T08:23:45.019+0530][info][gc,metaspace] GC(305) Metaspace: 4113K(4352K)->4113K(4352K) NonClass: 3727K(3840K)->3727K(3840K) Class: 385K(512K)->385K(512K)
[2025-12-18T08:23:45.019+0530][info][gc          ] GC(305) Pause Young (Concurrent Start) (G1 Evacuation Pause) 482M->239M(512M) 2.149ms
[2025-12-18T08:23:45.019+0530][info][gc,cpu      ] GC(305) User=0.00s Sys=0.00s Real=0.00s
[2025-12-18T08:23:45.019+0530][info][gc          ] GC(306) Concurrent Mark Cycle
[2025-12-18T08:23:45.019+0530][info][gc,marking  ] GC(306) Concurrent Scan Root Regions
[2025-12-18T08:23:45.021+0530][info][gc,marking  ] GC(306) Concurrent Scan Root Regions 0.233ms
[2025-12-18T08:23:45.021+0530][info][gc,marking  ] GC(306) Concurrent Mark
[2025-12-18T08:23:45.021+0530][info][gc,marking  ] GC(306) Concurrent Mark From Roots
[2025-12-18T08:23:45.021+0530][info][gc,task     ] GC(306) Using 2 workers of 2 for marking
[2025-12-18T08:23:45.115+0530][info][gc,marking  ] GC(306) Concurrent Mark From Roots 94.331ms
[2025-12-18T08:23:45.115+0530][info][gc,marking  ] GC(306) Concurrent Preclean
[2025-12-18T08:23:45.115+0530][info][gc,marking  ] GC(306) Concurrent Preclean 0.068ms
[2025-12-18T08:23:45.115+0530][info][gc,start    ] GC(306) Pause Remark
[2025-12-18T08:23:45.115+0530][info][gc          ] GC(306) Pause Remark 335M->335M(512M) 1.165ms
[2025-12-18T08:23:45.117+0530][info][gc,cpu      ] GC(306) User=0.00s Sys=0.00s Real=0.00s
[2025-12-18T08:23:45.118+0530][info][gc,marking  ] GC(306) Concurrent Mark 97.082ms
[2025-12-18T08:23:45.118+0530][info][gc,marking  ] GC(306) Concurrent Rebuild Remembered Sets and Scrub Regions
[2025-12-18T08:23:45.163+0530][info][gc,marking  ] GC(306) Concurrent Rebuild Remembered Sets and Scrub Regions 46.162ms
[2025-12-18T08:23:45.163+0530][info][gc,start    ] GC(306) Pause Cleanup
[2025-12-18T08:23:45.163+0530][info][gc          ] GC(306) Pause Cleanup 381M->381M(512M) 0.256ms
[2025-12-18T08:23:45.163+0530][info][gc,cpu      ] GC(306) User=0.00s Sys=0.00s Real=0.00s
[2025-12-18T08:23:45.163+0530][info][gc,marking  ] GC(306) Concurrent Clear Claimed Marks
[2025-12-18T08:23:45.163+0530][info][gc,marking  ] GC(306) Concurrent Clear Claimed Marks 0.054ms
[2025-12-18T08:23:45.163+0530][info][gc,marking  ] GC(306) Concurrent Cleanup for Next Mark
[2025-12-18T08:23:45.165+0530][info][gc,marking  ] GC(306) Concurrent Cleanup for Next Mark 0.730ms
[2025-12-18T08:23:45.165+0530][info][gc          ] GC(306) Concurrent Mark Cycle 145.587ms
[2025-12-18T08:23:45.245+0530][info][gc,start    ] GC(307) Pause Young (Normal) (G1 Evacuation Pause)
[2025-12-18T08:23:45.245+0530][info][gc,task     ] GC(307) Using 8 workers of 8 for evacuation
[2025-12-18T08:23:45.245+0530][info][gc,phases   ] GC(307)   Pre Evacuate Collection Set: 0.3ms
[2025-12-18T08:23:45.247+0530][info][gc,phases   ] GC(307)   Merge Heap Roots: 0.1ms
[2025-12-18T08:23:45.247+0530][info][gc,phases   ] GC(307)   Evacuate Collection Set: 0.6ms
[2025-12-18T08:23:45.247+0530][info][gc,phases   ] GC(307)   Post Evacuate Collection Set: 0.6ms
[2025-12-18T08:23:45.247+0530][info][gc,phases   ] GC(307)   Other: 0.1ms
[2025-12-18T08:23:45.247+0530][info][gc,heap     ] GC(307) Eden regions: 243->0(243)
[2025-12-18T08:23:45.247+0530][info][gc,heap     ] GC(307) Survivor regions: 1->1(28)
[2025-12-18T08:23:45.247+0530][info][gc,heap     ] GC(307) Old regions: 237->237
[2025-12-18T08:23:45.247+0530][info][gc,heap     ] GC(307) Humongous regions: 3->3
[2025-12-18T08:23:45.247+0530][info][gc,metaspace] GC(307) Metaspace: 4113K(4352K)->4113K(4352K) NonClass: 3727K(3840K)->3727K(3840K) Class: 385K(512K)->385K(512K)
[2025-12-18T08:23:45.247+0530][info][gc          ] GC(307) Pause Young (Normal) (G1 Evacuation Pause) 482M->239M(512M) 2.103ms
[2025-12-18T08:23:45.247+0530][info][gc,cpu      ] GC(307) User=0.00s Sys=0.00s Real=0.00s
[2025-12-18T08:23:45.427+0530][info][gc,start    ] GC(308) Pause Young (Concurrent Start) (G1 Evacuation Pause)
[2025-12-18T08:23:45.427+0530][info][gc,task     ] GC(308) Using 8 workers of 8 for evacuation
[2025-12-18T08:23:45.430+0530][info][gc,phases   ] GC(308)   Pre Evacuate Collection Set: 0.3ms
[2025-12-18T08:23:45.430+0530][info][gc,phases   ] GC(308)   Merge Heap Roots: 0.1ms
[2025-12-18T08:23:45.430+0530][info][gc,phases   ] GC(308)   Evacuate Collection Set: 0.6ms
[2025-12-18T08:23:45.430+0530][info][gc,phases   ] GC(308)   Post Evacuate Collection Set: 0.6ms
[2025-12-18T08:23:45.430+0530][info][gc,phases   ] GC(308)   Other: 0.2ms
[2025-12-18T08:23:45.430+0530][info][gc,heap     ] GC(308) Eden regions: 243->0(243)
[2025-12-18T08:23:45.430+0530][info][gc,heap     ] GC(308) Survivor regions: 1->1(28)
[2025-12-18T08:23:45.430+0530][info][gc,heap     ] GC(308) Old regions: 237->237
[2025-12-18T08:23:45.430+0530][info][gc,heap     ] GC(308) Humongous regions: 3->3
[2025-12-18T08:23:45.430+0530][info][gc,metaspace] GC(308) Metaspace: 4113K(4352K)->4113K(4352K) NonClass: 3727K(3840K)->3727K(3840K) Class: 385K(512K)->385K(512K)
[2025-12-18T08:23:45.430+0530][info][gc          ] GC(308) Pause Young (Concurrent Start) (G1 Evacuation Pause) 482M->239M(512M) 2.117ms
[2025-12-18T08:23:45.430+0530][info][gc,cpu      ] GC(308) User=0.00s Sys=0.02s Real=0.00s
[2025-12-18T08:23:45.430+0530][info][gc          ] GC(309) Concurrent Mark Cycle
[2025-12-18T08:23:45.430+0530][info][gc,marking  ] GC(309) Concurrent Scan Root Regions
[2025-12-18T08:23:45.430+0530][info][gc,marking  ] GC(309) Concurrent Scan Root Regions 0.196ms
[2025-12-18T08:23:45.430+0530][info][gc,marking  ] GC(309) Concurrent Mark
[2025-12-18T08:23:45.430+0530][info][gc,marking  ] GC(309) Concurrent Mark From Roots
[2025-12-18T08:23:45.430+0530][info][gc,task     ] GC(309) Using 2 workers of 2 for marking
[2025-12-18T08:23:45.524+0530][info][gc,marking  ] GC(309) Concurrent Mark From Roots 94.119ms
[2025-12-18T08:23:45.524+0530][info][gc,marking  ] GC(309) Concurrent Preclean
[2025-12-18T08:23:45.524+0530][info][gc,marking  ] GC(309) Concurrent Preclean 0.063ms
[2025-12-18T08:23:45.524+0530][info][gc,start    ] GC(309) Pause Remark
[2025-12-18T08:23:45.526+0530][info][gc          ] GC(309) Pause Remark 328M->328M(512M) 1.274ms
[2025-12-18T08:23:45.526+0530][info][gc,cpu      ] GC(309) User=0.00s Sys=0.00s Real=0.00s
[2025-12-18T08:23:45.526+0530][info][gc,marking  ] GC(309) Concurrent Mark 96.461ms
[2025-12-18T08:23:45.526+0530][info][gc,marking  ] GC(309) Concurrent Rebuild Remembered Sets and Scrub Regions
[2025-12-18T08:23:45.574+0530][info][gc,marking  ] GC(309) Concurrent Rebuild Remembered Sets and Scrub Regions 46.417ms
[2025-12-18T08:23:45.574+0530][info][gc,start    ] GC(309) Pause Cleanup
[2025-12-18T08:23:45.574+0530][info][gc          ] GC(309) Pause Cleanup 374M->374M(512M) 0.225ms
[2025-12-18T08:23:45.574+0530][info][gc,cpu      ] GC(309) User=0.00s Sys=0.00s Real=0.00s
[2025-12-18T08:23:45.574+0530][info][gc,marking  ] GC(309) Concurrent Clear Claimed Marks
[2025-12-18T08:23:45.574+0530][info][gc,marking  ] GC(309) Concurrent Clear Claimed Marks 0.069ms
[2025-12-18T08:23:45.574+0530][info][gc,marking  ] GC(309) Concurrent Cleanup for Next Mark
[2025-12-18T08:23:45.574+0530][info][gc,marking  ] GC(309) Concurrent Cleanup for Next Mark 0.727ms
[2025-12-18T08:23:45.574+0530][info][gc          ] GC(309) Concurrent Mark Cycle 145.019ms
[2025-12-18T08:23:45.655+0530][info][gc,start    ] GC(310) Pause Young (Normal) (G1 Evacuation Pause)
[2025-12-18T08:23:45.655+0530][info][gc,task     ] GC(310) Using 8 workers of 8 for evacuation
[2025-12-18T08:23:45.658+0530][info][gc,phases   ] GC(310)   Pre Evacuate Collection Set: 0.3ms
[2025-12-18T08:23:45.658+0530][info][gc,phases   ] GC(310)   Merge Heap Roots: 0.1ms
[2025-12-18T08:23:45.658+0530][info][gc,phases   ] GC(310)   Evacuate Collection Set: 0.5ms
[2025-12-18T08:23:45.658+0530][info][gc,phases   ] GC(310)   Post Evacuate Collection Set: 0.6ms
[2025-12-18T08:23:45.658+0530][info][gc,phases   ] GC(310)   Other: 0.2ms
[2025-12-18T08:23:45.658+0530][info][gc,heap     ] GC(310) Eden regions: 243->0(243)
[2025-12-18T08:23:45.658+0530][info][gc,heap     ] GC(310) Survivor regions: 1->1(28)
[2025-12-18T08:23:45.658+0530][info][gc,heap     ] GC(310) Old regions: 237->237
[2025-12-18T08:23:45.658+0530][info][gc,heap     ] GC(310) Humongous regions: 3->3
[2025-12-18T08:23:45.658+0530][info][gc,metaspace] GC(310) Metaspace: 4113K(4352K)->4113K(4352K) NonClass: 3727K(3840K)->3727K(3840K) Class: 385K(512K)->385K(512K)
[2025-12-18T08:23:45.658+0530][info][gc          ] GC(310) Pause Young (Normal) (G1 Evacuation Pause) 482M->239M(512M) 2.127ms
[2025-12-18T08:23:45.658+0530][info][gc,cpu      ] GC(310) User=0.00s Sys=0.00s Real=0.00s
[2025-12-18T08:23:45.843+0530][info][gc,start    ] GC(311) Pause Young (Concurrent Start) (G1 Evacuation Pause)
[2025-12-18T08:23:45.843+0530][info][gc,task     ] GC(311) Using 8 workers of 8 for evacuation
[2025-12-18T08:23:45.845+0530][info][gc,phases   ] GC(311)   Pre Evacuate Collection Set: 0.3ms
[2025-12-18T08:23:45.845+0530][info][gc,phases   ] GC(311)   Merge Heap Roots: 0.1ms
[2025-12-18T08:23:45.845+0530][info][gc,phases   ] GC(311)   Evacuate Collection Set: 0.6ms
[2025-12-18T08:23:45.845+0530][info][gc,phases   ] GC(311)   Post Evacuate Collection Set: 0.6ms
[2025-12-18T08:23:45.845+0530][info][gc,phases   ] GC(311)   Other: 0.2ms
[2025-12-18T08:23:45.845+0530][info][gc,heap     ] GC(311) Eden regions: 243->0(243)
[2025-12-18T08:23:45.845+0530][info][gc,heap     ] GC(311) Survivor regions: 1->1(28)
[2025-12-18T08:23:45.845+0530][info][gc,heap     ] GC(311) Old regions: 237->237
[2025-12-18T08:23:45.845+0530][info][gc,heap     ] GC(311) Humongous regions: 3->3
[2025-12-18T08:23:45.845+0530][info][gc,metaspace] GC(311) Metaspace: 4113K(4352K)->4113K(4352K) NonClass: 3727K(3840K)->3727K(3840K) Class: 385K(512K)->385K(512K)
[2025-12-18T08:23:45.845+0530][info][gc          ] GC(311) Pause Young (Concurrent Start) (G1 Evacuation Pause) 482M->239M(512M) 2.202ms
[2025-12-18T08:23:45.845+0530][info][gc,cpu      ] GC(311) User=0.00s Sys=0.00s Real=0.00s
[2025-12-18T08:23:45.845+0530][info][gc          ] GC(312) Concurrent Mark Cycle
[2025-12-18T08:23:45.845+0530][info][gc,marking  ] GC(312) Concurrent Scan Root Regions
[2025-12-18T08:23:45.845+0530][info][gc,marking  ] GC(312) Concurrent Scan Root Regions 0.217ms
[2025-12-18T08:23:45.845+0530][info][gc,marking  ] GC(312) Concurrent Mark
[2025-12-18T08:23:45.845+0530][info][gc,marking  ] GC(312) Concurrent Mark From Roots
[2025-12-18T08:23:45.845+0530][info][gc,task     ] GC(312) Using 2 workers of 2 for marking
[2025-12-18T08:23:45.940+0530][info][gc,marking  ] GC(312) Concurrent Mark From Roots 94.444ms
[2025-12-18T08:23:45.940+0530][info][gc,marking  ] GC(312) Concurrent Preclean
[2025-12-18T08:23:45.940+0530][info][gc,marking  ] GC(312) Concurrent Preclean 0.131ms
[2025-12-18T08:23:45.940+0530][info][gc,start    ] GC(312) Pause Remark
[2025-12-18T08:23:45.940+0530][info][gc          ] GC(312) Pause Remark 332M->332M(512M) 1.253ms
[2025-12-18T08:23:45.940+0530][info][gc,cpu      ] GC(312) User=0.00s Sys=0.00s Real=0.00s
[2025-12-18T08:23:45.942+0530][info][gc,marking  ] GC(312) Concurrent Mark 96.620ms
[2025-12-18T08:23:45.942+0530][info][gc,marking  ] GC(312) Concurrent Rebuild Remembered Sets and Scrub Regions
[2025-12-18T08:23:45.988+0530][info][gc,marking  ] GC(312) Concurrent Rebuild Remembered Sets and Scrub Regions 46.701ms
[2025-12-18T08:23:45.990+0530][info][gc,start    ] GC(312) Pause Cleanup
[2025-12-18T08:23:45.990+0530][info][gc          ] GC(312) Pause Cleanup 376M->376M(512M) 0.267ms
[2025-12-18T08:23:45.990+0530][info][gc,cpu      ] GC(312) User=0.00s Sys=0.00s Real=0.00s
[2025-12-18T08:23:45.990+0530][info][gc,marking  ] GC(312) Concurrent Clear Claimed Marks
[2025-12-18T08:23:45.990+0530][info][gc,marking  ] GC(312) Concurrent Clear Claimed Marks 0.065ms
[2025-12-18T08:23:45.990+0530][info][gc,marking  ] GC(312) Concurrent Cleanup for Next Mark
[2025-12-18T08:23:45.990+0530][info][gc,marking  ] GC(312) Concurrent Cleanup for Next Mark 0.732ms
[2025-12-18T08:23:45.990+0530][info][gc          ] GC(312) Concurrent Mark Cycle 145.977ms
[2025-12-18T08:23:46.070+0530][info][gc,start    ] GC(313) Pause Young (Normal) (G1 Evacuation Pause)
[2025-12-18T08:23:46.070+0530][info][gc,task     ] GC(313) Using 8 workers of 8 for evacuation
[2025-12-18T08:23:46.072+0530][info][gc,phases   ] GC(313)   Pre Evacuate Collection Set: 0.3ms
[2025-12-18T08:23:46.072+0530][info][gc,phases   ] GC(313)   Merge Heap Roots: 0.2ms
[2025-12-18T08:23:46.072+0530][info][gc,phases   ] GC(313)   Evacuate Collection Set: 0.4ms
[2025-12-18T08:23:46.072+0530][info][gc,phases   ] GC(313)   Post Evacuate Collection Set: 0.5ms
[2025-12-18T08:23:46.072+0530][info][gc,phases   ] GC(313)   Other: 0.1ms
[2025-12-18T08:23:46.072+0530][info][gc,heap     ] GC(313) Eden regions: 243->0(243)
[2025-12-18T08:23:46.072+0530][info][gc,heap     ] GC(313) Survivor regions: 1->1(28)
[2025-12-18T08:23:46.072+0530][info][gc,heap     ] GC(313) Old regions: 237->237
[2025-12-18T08:23:46.072+0530][info][gc,heap     ] GC(313) Humongous regions: 3->3
[2025-12-18T08:23:46.072+0530][info][gc,metaspace] GC(313) Metaspace: 4113K(4352K)->4113K(4352K) NonClass: 3727K(3840K)->3727K(3840K) Class: 385K(512K)->385K(512K)
[2025-12-18T08:23:46.072+0530][info][gc          ] GC(313) Pause Young (Normal) (G1 Evacuation Pause) 482M->239M(512M) 1.837ms
[2025-12-18T08:23:46.072+0530][info][gc,cpu      ] GC(313) User=0.00s Sys=0.00s Real=0.00s
[2025-12-18T08:23:46.253+0530][info][gc,start    ] GC(314) Pause Young (Concurrent Start) (G1 Evacuation Pause)
[2025-12-18T08:23:46.253+0530][info][gc,task     ] GC(314) Using 8 workers of 8 for evacuation
[2025-12-18T08:23:46.255+0530][info][gc,phases   ] GC(314)   Pre Evacuate Collection Set: 0.3ms
[2025-12-18T08:23:46.255+0530][info][gc,phases   ] GC(314)   Merge Heap Roots: 0.1ms
[2025-12-18T08:23:46.255+0530][info][gc,phases   ] GC(314)   Evacuate Collection Set: 0.7ms
[2025-12-18T08:23:46.255+0530][info][gc,phases   ] GC(314)   Post Evacuate Collection Set: 0.6ms
[2025-12-18T08:23:46.255+0530][info][gc,phases   ] GC(314)   Other: 0.2ms
[2025-12-18T08:23:46.255+0530][info][gc,heap     ] GC(314) Eden regions: 243->0(243)
[2025-12-18T08:23:46.255+0530][info][gc,heap     ] GC(314) Survivor regions: 1->1(28)
[2025-12-18T08:23:46.255+0530][info][gc,heap     ] GC(314) Old regions: 237->237
[2025-12-18T08:23:46.256+0530][info][gc,heap     ] GC(314) Humongous regions: 3->3
[2025-12-18T08:23:46.256+0530][info][gc,metaspace] GC(314) Metaspace: 4113K(4352K)->4113K(4352K) NonClass: 3727K(3840K)->3727K(3840K) Class: 385K(512K)->385K(512K)
[2025-12-18T08:23:46.256+0530][info][gc          ] GC(314) Pause Young (Concurrent Start) (G1 Evacuation Pause) 482M->239M(512M) 2.325ms
[2025-12-18T08:23:46.256+0530][info][gc,cpu      ] GC(314) User=0.00s Sys=0.00s Real=0.00s
[2025-12-18T08:23:46.256+0530][info][gc          ] GC(315) Concurrent Mark Cycle
[2025-12-18T08:23:46.256+0530][info][gc,marking  ] GC(315) Concurrent Scan Root Regions
[2025-12-18T08:23:46.256+0530][info][gc,marking  ] GC(315) Concurrent Scan Root Regions 0.206ms
[2025-12-18T08:23:46.256+0530][info][gc,marking  ] GC(315) Concurrent Mark
[2025-12-18T08:23:46.256+0530][info][gc,marking  ] GC(315) Concurrent Mark From Roots
[2025-12-18T08:23:46.256+0530][info][gc,task     ] GC(315) Using 2 workers of 2 for marking
[2025-12-18T08:23:46.350+0530][info][gc,marking  ] GC(315) Concurrent Mark From Roots 94.850ms
[2025-12-18T08:23:46.350+0530][info][gc,marking  ] GC(315) Concurrent Preclean
[2025-12-18T08:23:46.350+0530][info][gc,marking  ] GC(315) Concurrent Preclean 0.066ms
[2025-12-18T08:23:46.350+0530][info][gc,start    ] GC(315) Pause Remark
[2025-12-18T08:23:46.352+0530][info][gc          ] GC(315) Pause Remark 333M->333M(512M) 1.174ms
[2025-12-18T08:23:46.352+0530][info][gc,cpu      ] GC(315) User=0.00s Sys=0.00s Real=0.00s
[2025-12-18T08:23:46.352+0530][info][gc,marking  ] GC(315) Concurrent Mark 97.247ms
[2025-12-18T08:23:46.352+0530][info][gc,marking  ] GC(315) Concurrent Rebuild Remembered Sets and Scrub Regions
[2025-12-18T08:23:46.401+0530][info][gc,marking  ] GC(315) Concurrent Rebuild Remembered Sets and Scrub Regions 47.267ms
[2025-12-18T08:23:46.401+0530][info][gc,start    ] GC(315) Pause Cleanup
[2025-12-18T08:23:46.401+0530][info][gc          ] GC(315) Pause Cleanup 378M->378M(512M) 0.255ms
[2025-12-18T08:23:46.401+0530][info][gc,cpu      ] GC(315) User=0.00s Sys=0.00s Real=0.00s
[2025-12-18T08:23:46.401+0530][info][gc,marking  ] GC(315) Concurrent Clear Claimed Marks
[2025-12-18T08:23:46.401+0530][info][gc,marking  ] GC(315) Concurrent Clear Claimed Marks 0.062ms
[2025-12-18T08:23:46.401+0530][info][gc,marking  ] GC(315) Concurrent Cleanup for Next Mark
[2025-12-18T08:23:46.403+0530][info][gc,marking  ] GC(315) Concurrent Cleanup for Next Mark 0.796ms
[2025-12-18T08:23:46.403+0530][info][gc          ] GC(315) Concurrent Mark Cycle 147.260ms
[2025-12-18T08:23:46.480+0530][info][gc,start    ] GC(316) Pause Young (Normal) (G1 Evacuation Pause)
[2025-12-18T08:23:46.480+0530][info][gc,task     ] GC(316) Using 8 workers of 8 for evacuation
[2025-12-18T08:23:46.482+0530][info][gc,phases   ] GC(316)   Pre Evacuate Collection Set: 0.2ms
[2025-12-18T08:23:46.482+0530][info][gc,phases   ] GC(316)   Merge Heap Roots: 0.1ms
[2025-12-18T08:23:46.482+0530][info][gc,phases   ] GC(316)   Evacuate Collection Set: 0.4ms
[2025-12-18T08:23:46.482+0530][info][gc,phases   ] GC(316)   Post Evacuate Collection Set: 0.5ms
[2025-12-18T08:23:46.482+0530][info][gc,phases   ] GC(316)   Other: 0.1ms
[2025-12-18T08:23:46.482+0530][info][gc,heap     ] GC(316) Eden regions: 243->0(243)
[2025-12-18T08:23:46.482+0530][info][gc,heap     ] GC(316) Survivor regions: 1->1(28)
[2025-12-18T08:23:46.482+0530][info][gc,heap     ] GC(316) Old regions: 237->237
[2025-12-18T08:23:46.482+0530][info][gc,heap     ] GC(316) Humongous regions: 3->3
[2025-12-18T08:23:46.482+0530][info][gc,metaspace] GC(316) Metaspace: 4113K(4352K)->4113K(4352K) NonClass: 3727K(3840K)->3727K(3840K) Class: 385K(512K)->385K(512K)
[2025-12-18T08:23:46.482+0530][info][gc          ] GC(316) Pause Young (Normal) (G1 Evacuation Pause) 482M->239M(512M) 1.842ms
[2025-12-18T08:23:46.482+0530][info][gc,cpu      ] GC(316) User=0.00s Sys=0.00s Real=0.00s
[2025-12-18T08:23:46.665+0530][info][gc,start    ] GC(317) Pause Young (Concurrent Start) (G1 Evacuation Pause)
[2025-12-18T08:23:46.665+0530][info][gc,task     ] GC(317) Using 8 workers of 8 for evacuation
[2025-12-18T08:23:46.667+0530][info][gc,phases   ] GC(317)   Pre Evacuate Collection Set: 0.3ms
[2025-12-18T08:23:46.667+0530][info][gc,phases   ] GC(317)   Merge Heap Roots: 0.2ms
[2025-12-18T08:23:46.667+0530][info][gc,phases   ] GC(317)   Evacuate Collection Set: 0.7ms
[2025-12-18T08:23:46.667+0530][info][gc,phases   ] GC(317)   Post Evacuate Collection Set: 0.6ms
[2025-12-18T08:23:46.667+0530][info][gc,phases   ] GC(317)   Other: 0.2ms
[2025-12-18T08:23:46.667+0530][info][gc,heap     ] GC(317) Eden regions: 243->0(243)
[2025-12-18T08:23:46.667+0530][info][gc,heap     ] GC(317) Survivor regions: 1->1(28)
[2025-12-18T08:23:46.667+0530][info][gc,heap     ] GC(317) Old regions: 237->237
[2025-12-18T08:23:46.667+0530][info][gc,heap     ] GC(317) Humongous regions: 3->3
[2025-12-18T08:23:46.667+0530][info][gc,metaspace] GC(317) Metaspace: 4113K(4352K)->4113K(4352K) NonClass: 3727K(3840K)->3727K(3840K) Class: 385K(512K)->385K(512K)
[2025-12-18T08:23:46.667+0530][info][gc          ] GC(317) Pause Young (Concurrent Start) (G1 Evacuation Pause) 482M->239M(512M) 2.340ms
[2025-12-18T08:23:46.667+0530][info][gc,cpu      ] GC(317) User=0.00s Sys=0.00s Real=0.00s
[2025-12-18T08:23:46.667+0530][info][gc          ] GC(318) Concurrent Mark Cycle
[2025-12-18T08:23:46.667+0530][info][gc,marking  ] GC(318) Concurrent Scan Root Regions
[2025-12-18T08:23:46.667+0530][info][gc,marking  ] GC(318) Concurrent Scan Root Regions 0.241ms
[2025-12-18T08:23:46.667+0530][info][gc,marking  ] GC(318) Concurrent Mark
[2025-12-18T08:23:46.667+0530][info][gc,marking  ] GC(318) Concurrent Mark From Roots
[2025-12-18T08:23:46.667+0530][info][gc,task     ] GC(318) Using 2 workers of 2 for marking
[2025-12-18T08:23:46.761+0530][info][gc,marking  ] GC(318) Concurrent Mark From Roots 94.751ms
[2025-12-18T08:23:46.761+0530][info][gc,marking  ] GC(318) Concurrent Preclean
[2025-12-18T08:23:46.761+0530][info][gc,marking  ] GC(318) Concurrent Preclean 0.069ms
[2025-12-18T08:23:46.763+0530][info][gc,start    ] GC(318) Pause Remark
[2025-12-18T08:23:46.764+0530][info][gc          ] GC(318) Pause Remark 333M->333M(512M) 1.218ms
[2025-12-18T08:23:46.764+0530][info][gc,cpu      ] GC(318) User=0.00s Sys=0.00s Real=0.00s
[2025-12-18T08:23:46.764+0530][info][gc,marking  ] GC(318) Concurrent Mark 97.167ms
[2025-12-18T08:23:46.764+0530][info][gc,marking  ] GC(318) Concurrent Rebuild Remembered Sets and Scrub Regions
[2025-12-18T08:23:46.811+0530][info][gc,marking  ] GC(318) Concurrent Rebuild Remembered Sets and Scrub Regions 46.353ms
[2025-12-18T08:23:46.811+0530][info][gc,start    ] GC(318) Pause Cleanup
[2025-12-18T08:23:46.811+0530][info][gc          ] GC(318) Pause Cleanup 379M->379M(512M) 0.235ms
[2025-12-18T08:23:46.811+0530][info][gc,cpu      ] GC(318) User=0.00s Sys=0.00s Real=0.00s
[2025-12-18T08:23:46.813+0530][info][gc,marking  ] GC(318) Concurrent Clear Claimed Marks
[2025-12-18T08:23:46.813+0530][info][gc,marking  ] GC(318) Concurrent Clear Claimed Marks 0.068ms
[2025-12-18T08:23:46.813+0530][info][gc,marking  ] GC(318) Concurrent Cleanup for Next Mark
[2025-12-18T08:23:46.813+0530][info][gc,marking  ] GC(318) Concurrent Cleanup for Next Mark 0.730ms
[2025-12-18T08:23:46.813+0530][info][gc          ] GC(318) Concurrent Mark Cycle 146.882ms
[2025-12-18T08:23:46.890+0530][info][gc,start    ] GC(319) Pause Young (Normal) (G1 Evacuation Pause)
[2025-12-18T08:23:46.890+0530][info][gc,task     ] GC(319) Using 8 workers of 8 for evacuation
[2025-12-18T08:23:46.892+0530][info][gc,phases   ] GC(319)   Pre Evacuate Collection Set: 0.3ms
[2025-12-18T08:23:46.892+0530][info][gc,phases   ] GC(319)   Merge Heap Roots: 0.1ms
[2025-12-18T08:23:46.892+0530][info][gc,phases   ] GC(319)   Evacuate Collection Set: 0.5ms
[2025-12-18T08:23:46.892+0530][info][gc,phases   ] GC(319)   Post Evacuate Collection Set: 0.6ms
[2025-12-18T08:23:46.892+0530][info][gc,phases   ] GC(319)   Other: 0.2ms
[2025-12-18T08:23:46.892+0530][info][gc,heap     ] GC(319) Eden regions: 243->0(243)
[2025-12-18T08:23:46.892+0530][info][gc,heap     ] GC(319) Survivor regions: 1->1(28)
[2025-12-18T08:23:46.892+0530][info][gc,heap     ] GC(319) Old regions: 237->237
[2025-12-18T08:23:46.892+0530][info][gc,heap     ] GC(319) Humongous regions: 3->3
[2025-12-18T08:23:46.892+0530][info][gc,metaspace] GC(319) Metaspace: 4113K(4352K)->4113K(4352K) NonClass: 3727K(3840K)->3727K(3840K) Class: 385K(512K)->385K(512K)
[2025-12-18T08:23:46.892+0530][info][gc          ] GC(319) Pause Young (Normal) (G1 Evacuation Pause) 482M->239M(512M) 2.214ms
[2025-12-18T08:23:46.892+0530][info][gc,cpu      ] GC(319) User=0.00s Sys=0.00s Real=0.00s
[2025-12-18T08:23:47.078+0530][info][gc,start    ] GC(320) Pause Young (Concurrent Start) (G1 Evacuation Pause)
[2025-12-18T08:23:47.078+0530][info][gc,task     ] GC(320) Using 8 workers of 8 for evacuation
[2025-12-18T08:23:47.080+0530][info][gc,phases   ] GC(320)   Pre Evacuate Collection Set: 0.3ms
[2025-12-18T08:23:47.080+0530][info][gc,phases   ] GC(320)   Merge Heap Roots: 0.1ms
[2025-12-18T08:23:47.080+0530][info][gc,phases   ] GC(320)   Evacuate Collection Set: 0.7ms
[2025-12-18T08:23:47.080+0530][info][gc,phases   ] GC(320)   Post Evacuate Collection Set: 0.6ms
[2025-12-18T08:23:47.080+0530][info][gc,phases   ] GC(320)   Other: 0.2ms
[2025-12-18T08:23:47.080+0530][info][gc,heap     ] GC(320) Eden regions: 243->0(243)
[2025-12-18T08:23:47.080+0530][info][gc,heap     ] GC(320) Survivor regions: 1->1(28)
[2025-12-18T08:23:47.080+0530][info][gc,heap     ] GC(320) Old regions: 237->237
[2025-12-18T08:23:47.080+0530][info][gc,heap     ] GC(320) Humongous regions: 3->3
[2025-12-18T08:23:47.080+0530][info][gc,metaspace] GC(320) Metaspace: 4113K(4352K)->4113K(4352K) NonClass: 3727K(3840K)->3727K(3840K) Class: 385K(512K)->385K(512K)
[2025-12-18T08:23:47.080+0530][info][gc          ] GC(320) Pause Young (Concurrent Start) (G1 Evacuation Pause) 482M->239M(512M) 2.293ms
[2025-12-18T08:23:47.080+0530][info][gc,cpu      ] GC(320) User=0.00s Sys=0.00s Real=0.00s
[2025-12-18T08:23:47.080+0530][info][gc          ] GC(321) Concurrent Mark Cycle
[2025-12-18T08:23:47.080+0530][info][gc,marking  ] GC(321) Concurrent Scan Root Regions
[2025-12-18T08:23:47.080+0530][info][gc,marking  ] GC(321) Concurrent Scan Root Regions 0.245ms
[2025-12-18T08:23:47.080+0530][info][gc,marking  ] GC(321) Concurrent Mark
[2025-12-18T08:23:47.080+0530][info][gc,marking  ] GC(321) Concurrent Mark From Roots
[2025-12-18T08:23:47.080+0530][info][gc,task     ] GC(321) Using 2 workers of 2 for marking
[2025-12-18T08:23:47.174+0530][info][gc,marking  ] GC(321) Concurrent Mark From Roots 94.068ms
[2025-12-18T08:23:47.174+0530][info][gc,marking  ] GC(321) Concurrent Preclean
[2025-12-18T08:23:47.174+0530][info][gc,marking  ] GC(321) Concurrent Preclean 0.065ms
[2025-12-18T08:23:47.176+0530][info][gc,start    ] GC(321) Pause Remark
[2025-12-18T08:23:47.178+0530][info][gc          ] GC(321) Pause Remark 335M->335M(512M) 1.164ms
[2025-12-18T08:23:47.178+0530][info][gc,cpu      ] GC(321) User=0.00s Sys=0.00s Real=0.00s
[2025-12-18T08:23:47.178+0530][info][gc,marking  ] GC(321) Concurrent Mark 97.459ms
[2025-12-18T08:23:47.178+0530][info][gc,marking  ] GC(321) Concurrent Rebuild Remembered Sets and Scrub Regions
[2025-12-18T08:23:47.224+0530][info][gc,marking  ] GC(321) Concurrent Rebuild Remembered Sets and Scrub Regions 46.790ms
[2025-12-18T08:23:47.224+0530][info][gc,start    ] GC(321) Pause Cleanup
[2025-12-18T08:23:47.226+0530][info][gc          ] GC(321) Pause Cleanup 378M->378M(512M) 0.284ms
[2025-12-18T08:23:47.226+0530][info][gc,cpu      ] GC(321) User=0.00s Sys=0.00s Real=0.00s
[2025-12-18T08:23:47.226+0530][info][gc,marking  ] GC(321) Concurrent Clear Claimed Marks
[2025-12-18T08:23:47.226+0530][info][gc,marking  ] GC(321) Concurrent Clear Claimed Marks 0.064ms
[2025-12-18T08:23:47.226+0530][info][gc,marking  ] GC(321) Concurrent Cleanup for Next Mark
[2025-12-18T08:23:47.226+0530][info][gc,marking  ] GC(321) Concurrent Cleanup for Next Mark 0.753ms
[2025-12-18T08:23:47.226+0530][info][gc          ] GC(321) Concurrent Mark Cycle 146.814ms
[2025-12-18T08:23:47.304+0530][info][gc,start    ] GC(322) Pause Young (Normal) (G1 Evacuation Pause)
[2025-12-18T08:23:47.304+0530][info][gc,task     ] GC(322) Using 8 workers of 8 for evacuation
[2025-12-18T08:23:47.305+0530][info][gc,phases   ] GC(322)   Pre Evacuate Collection Set: 0.3ms
[2025-12-18T08:23:47.305+0530][info][gc,phases   ] GC(322)   Merge Heap Roots: 0.1ms
[2025-12-18T08:23:47.305+0530][info][gc,phases   ] GC(322)   Evacuate Collection Set: 0.5ms
[2025-12-18T08:23:47.305+0530][info][gc,phases   ] GC(322)   Post Evacuate Collection Set: 0.7ms
[2025-12-18T08:23:47.305+0530][info][gc,phases   ] GC(322)   Other: 0.1ms
[2025-12-18T08:23:47.305+0530][info][gc,heap     ] GC(322) Eden regions: 243->0(243)
[2025-12-18T08:23:47.305+0530][info][gc,heap     ] GC(322) Survivor regions: 1->1(28)
[2025-12-18T08:23:47.305+0530][info][gc,heap     ] GC(322) Old regions: 237->237
[2025-12-18T08:23:47.305+0530][info][gc,heap     ] GC(322) Humongous regions: 3->3
[2025-12-18T08:23:47.305+0530][info][gc,metaspace] GC(322) Metaspace: 4113K(4352K)->4113K(4352K) NonClass: 3727K(3840K)->3727K(3840K) Class: 385K(512K)->385K(512K)
[2025-12-18T08:23:47.305+0530][info][gc          ] GC(322) Pause Young (Normal) (G1 Evacuation Pause) 482M->239M(512M) 2.050ms
[2025-12-18T08:23:47.305+0530][info][gc,cpu      ] GC(322) User=0.03s Sys=0.00s Real=0.00s
[2025-12-18T08:23:47.497+0530][info][gc,start    ] GC(323) Pause Young (Concurrent Start) (G1 Evacuation Pause)
[2025-12-18T08:23:47.497+0530][info][gc,task     ] GC(323) Using 8 workers of 8 for evacuation
[2025-12-18T08:23:47.499+0530][info][gc,phases   ] GC(323)   Pre Evacuate Collection Set: 0.3ms
[2025-12-18T08:23:47.499+0530][info][gc,phases   ] GC(323)   Merge Heap Roots: 0.1ms
[2025-12-18T08:23:47.499+0530][info][gc,phases   ] GC(323)   Evacuate Collection Set: 0.8ms
[2025-12-18T08:23:47.499+0530][info][gc,phases   ] GC(323)   Post Evacuate Collection Set: 0.5ms
[2025-12-18T08:23:47.499+0530][info][gc,phases   ] GC(323)   Other: 0.2ms
[2025-12-18T08:23:47.499+0530][info][gc,heap     ] GC(323) Eden regions: 243->0(243)
[2025-12-18T08:23:47.499+0530][info][gc,heap     ] GC(323) Survivor regions: 1->1(28)
[2025-12-18T08:23:47.499+0530][info][gc,heap     ] GC(323) Old regions: 237->237
[2025-12-18T08:23:47.499+0530][info][gc,heap     ] GC(323) Humongous regions: 3->3
[2025-12-18T08:23:47.499+0530][info][gc,metaspace] GC(323) Metaspace: 4113K(4352K)->4113K(4352K) NonClass: 3727K(3840K)->3727K(3840K) Class: 385K(512K)->385K(512K)
[2025-12-18T08:23:47.499+0530][info][gc          ] GC(323) Pause Young (Concurrent Start) (G1 Evacuation Pause) 482M->239M(512M) 2.291ms
[2025-12-18T08:23:47.499+0530][info][gc,cpu      ] GC(323) User=0.00s Sys=0.00s Real=0.00s
[2025-12-18T08:23:47.499+0530][info][gc          ] GC(324) Concurrent Mark Cycle
[2025-12-18T08:23:47.499+0530][info][gc,marking  ] GC(324) Concurrent Scan Root Regions
[2025-12-18T08:23:47.499+0530][info][gc,marking  ] GC(324) Concurrent Scan Root Regions 0.218ms
[2025-12-18T08:23:47.499+0530][info][gc,marking  ] GC(324) Concurrent Mark
[2025-12-18T08:23:47.499+0530][info][gc,marking  ] GC(324) Concurrent Mark From Roots
[2025-12-18T08:23:47.499+0530][info][gc,task     ] GC(324) Using 2 workers of 2 for marking
[2025-12-18T08:23:47.593+0530][info][gc,marking  ] GC(324) Concurrent Mark From Roots 94.341ms
[2025-12-18T08:23:47.593+0530][info][gc,marking  ] GC(324) Concurrent Preclean
[2025-12-18T08:23:47.593+0530][info][gc,marking  ] GC(324) Concurrent Preclean 0.064ms
[2025-12-18T08:23:47.593+0530][info][gc,start    ] GC(324) Pause Remark
[2025-12-18T08:23:47.595+0530][info][gc          ] GC(324) Pause Remark 334M->334M(512M) 1.169ms
[2025-12-18T08:23:47.595+0530][info][gc,cpu      ] GC(324) User=0.00s Sys=0.00s Real=0.00s
[2025-12-18T08:23:47.596+0530][info][gc,marking  ] GC(324) Concurrent Mark 96.333ms
[2025-12-18T08:23:47.596+0530][info][gc,marking  ] GC(324) Concurrent Rebuild Remembered Sets and Scrub Regions
[2025-12-18T08:23:47.642+0530][info][gc,marking  ] GC(324) Concurrent Rebuild Remembered Sets and Scrub Regions 46.166ms
[2025-12-18T08:23:47.642+0530][info][gc,start    ] GC(324) Pause Cleanup
[2025-12-18T08:23:47.642+0530][info][gc          ] GC(324) Pause Cleanup 381M->381M(512M) 0.289ms
[2025-12-18T08:23:47.642+0530][info][gc,cpu      ] GC(324) User=0.00s Sys=0.00s Real=0.00s
[2025-12-18T08:23:47.642+0530][info][gc,marking  ] GC(324) Concurrent Clear Claimed Marks
[2025-12-18T08:23:47.642+0530][info][gc,marking  ] GC(324) Concurrent Clear Claimed Marks 0.058ms
[2025-12-18T08:23:47.642+0530][info][gc,marking  ] GC(324) Concurrent Cleanup for Next Mark
[2025-12-18T08:23:47.644+0530][info][gc,marking  ] GC(324) Concurrent Cleanup for Next Mark 0.797ms
[2025-12-18T08:23:47.644+0530][info][gc          ] GC(324) Concurrent Mark Cycle 144.928ms
[2025-12-18T08:23:47.720+0530][info][gc,start    ] GC(325) Pause Young (Normal) (G1 Evacuation Pause)
[2025-12-18T08:23:47.720+0530][info][gc,task     ] GC(325) Using 8 workers of 8 for evacuation
[2025-12-18T08:23:47.722+0530][info][gc,phases   ] GC(325)   Pre Evacuate Collection Set: 0.3ms
[2025-12-18T08:23:47.722+0530][info][gc,phases   ] GC(325)   Merge Heap Roots: 0.1ms
[2025-12-18T08:23:47.722+0530][info][gc,phases   ] GC(325)   Evacuate Collection Set: 0.5ms
[2025-12-18T08:23:47.722+0530][info][gc,phases   ] GC(325)   Post Evacuate Collection Set: 0.5ms
[2025-12-18T08:23:47.722+0530][info][gc,phases   ] GC(325)   Other: 0.1ms
[2025-12-18T08:23:47.722+0530][info][gc,heap     ] GC(325) Eden regions: 243->0(243)
[2025-12-18T08:23:47.722+0530][info][gc,heap     ] GC(325) Survivor regions: 1->1(28)
[2025-12-18T08:23:47.722+0530][info][gc,heap     ] GC(325) Old regions: 237->237
[2025-12-18T08:23:47.722+0530][info][gc,heap     ] GC(325) Humongous regions: 3->3
[2025-12-18T08:23:47.722+0530][info][gc,metaspace] GC(325) Metaspace: 4113K(4352K)->4113K(4352K) NonClass: 3727K(3840K)->3727K(3840K) Class: 385K(512K)->385K(512K)
[2025-12-18T08:23:47.722+0530][info][gc          ] GC(325) Pause Young (Normal) (G1 Evacuation Pause) 482M->239M(512M) 1.858ms
[2025-12-18T08:23:47.722+0530][info][gc,cpu      ] GC(325) User=0.00s Sys=0.00s Real=0.00s
[2025-12-18T08:23:47.903+0530][info][gc,start    ] GC(326) Pause Young (Concurrent Start) (G1 Evacuation Pause)
[2025-12-18T08:23:47.903+0530][info][gc,task     ] GC(326) Using 8 workers of 8 for evacuation
[2025-12-18T08:23:47.905+0530][info][gc,phases   ] GC(326)   Pre Evacuate Collection Set: 0.4ms
[2025-12-18T08:23:47.905+0530][info][gc,phases   ] GC(326)   Merge Heap Roots: 0.2ms
[2025-12-18T08:23:47.905+0530][info][gc,phases   ] GC(326)   Evacuate Collection Set: 0.7ms
[2025-12-18T08:23:47.905+0530][info][gc,phases   ] GC(326)   Post Evacuate Collection Set: 0.5ms
[2025-12-18T08:23:47.905+0530][info][gc,phases   ] GC(326)   Other: 0.4ms
[2025-12-18T08:23:47.905+0530][info][gc,heap     ] GC(326) Eden regions: 243->0(243)
[2025-12-18T08:23:47.905+0530][info][gc,heap     ] GC(326) Survivor regions: 1->1(28)
[2025-12-18T08:23:47.905+0530][info][gc,heap     ] GC(326) Old regions: 237->237
[2025-12-18T08:23:47.905+0530][info][gc,heap     ] GC(326) Humongous regions: 3->3
[2025-12-18T08:23:47.905+0530][info][gc,metaspace] GC(326) Metaspace: 4113K(4352K)->4113K(4352K) NonClass: 3727K(3840K)->3727K(3840K) Class: 385K(512K)->385K(512K)
[2025-12-18T08:23:47.905+0530][info][gc          ] GC(326) Pause Young (Concurrent Start) (G1 Evacuation Pause) 482M->239M(512M) 2.551ms
[2025-12-18T08:23:47.905+0530][info][gc,cpu      ] GC(326) User=0.00s Sys=0.00s Real=0.00s
[2025-12-18T08:23:47.905+0530][info][gc          ] GC(327) Concurrent Mark Cycle
[2025-12-18T08:23:47.905+0530][info][gc,marking  ] GC(327) Concurrent Scan Root Regions
[2025-12-18T08:23:47.907+0530][info][gc,marking  ] GC(327) Concurrent Scan Root Regions 0.266ms
[2025-12-18T08:23:47.907+0530][info][gc,marking  ] GC(327) Concurrent Mark
[2025-12-18T08:23:47.907+0530][info][gc,marking  ] GC(327) Concurrent Mark From Roots
[2025-12-18T08:23:47.907+0530][info][gc,task     ] GC(327) Using 2 workers of 2 for marking
[2025-12-18T08:23:48.001+0530][info][gc,marking  ] GC(327) Concurrent Mark From Roots 94.770ms
[2025-12-18T08:23:48.001+0530][info][gc,marking  ] GC(327) Concurrent Preclean
[2025-12-18T08:23:48.001+0530][info][gc,marking  ] GC(327) Concurrent Preclean 0.069ms
[2025-12-18T08:23:48.003+0530][info][gc,start    ] GC(327) Pause Remark
[2025-12-18T08:23:48.003+0530][info][gc          ] GC(327) Pause Remark 332M->332M(512M) 1.220ms
[2025-12-18T08:23:48.003+0530][info][gc,cpu      ] GC(327) User=0.00s Sys=0.00s Real=0.00s
[2025-12-18T08:23:48.003+0530][info][gc,marking  ] GC(327) Concurrent Mark 96.997ms
[2025-12-18T08:23:48.003+0530][info][gc,marking  ] GC(327) Concurrent Rebuild Remembered Sets and Scrub Regions
[2025-12-18T08:23:48.050+0530][info][gc,marking  ] GC(327) Concurrent Rebuild Remembered Sets and Scrub Regions 46.614ms
[2025-12-18T08:23:48.050+0530][info][gc,start    ] GC(327) Pause Cleanup
[2025-12-18T08:23:48.050+0530][info][gc          ] GC(327) Pause Cleanup 376M->376M(512M) 0.289ms
[2025-12-18T08:23:48.050+0530][info][gc,cpu      ] GC(327) User=0.00s Sys=0.00s Real=0.00s
[2025-12-18T08:23:48.050+0530][info][gc,marking  ] GC(327) Concurrent Clear Claimed Marks
[2025-12-18T08:23:48.050+0530][info][gc,marking  ] GC(327) Concurrent Clear Claimed Marks 0.071ms
[2025-12-18T08:23:48.052+0530][info][gc,marking  ] GC(327) Concurrent Cleanup for Next Mark
[2025-12-18T08:23:48.052+0530][info][gc,marking  ] GC(327) Concurrent Cleanup for Next Mark 0.735ms
[2025-12-18T08:23:48.052+0530][info][gc          ] GC(327) Concurrent Mark Cycle 146.441ms
[2025-12-18T08:23:48.130+0530][info][gc,start    ] GC(328) Pause Young (Normal) (G1 Evacuation Pause)
[2025-12-18T08:23:48.130+0530][info][gc,task     ] GC(328) Using 8 workers of 8 for evacuation
[2025-12-18T08:23:48.132+0530][info][gc,phases   ] GC(328)   Pre Evacuate Collection Set: 0.3ms
[2025-12-18T08:23:48.132+0530][info][gc,phases   ] GC(328)   Merge Heap Roots: 0.2ms
[2025-12-18T08:23:48.132+0530][info][gc,phases   ] GC(328)   Evacuate Collection Set: 0.5ms
[2025-12-18T08:23:48.132+0530][info][gc,phases   ] GC(328)   Post Evacuate Collection Set: 0.6ms
[2025-12-18T08:23:48.132+0530][info][gc,phases   ] GC(328)   Other: 0.1ms
[2025-12-18T08:23:48.132+0530][info][gc,heap     ] GC(328) Eden regions: 243->0(243)
[2025-12-18T08:23:48.132+0530][info][gc,heap     ] GC(328) Survivor regions: 1->1(28)
[2025-12-18T08:23:48.132+0530][info][gc,heap     ] GC(328) Old regions: 237->237
[2025-12-18T08:23:48.132+0530][info][gc,heap     ] GC(328) Humongous regions: 3->3
[2025-12-18T08:23:48.132+0530][info][gc,metaspace] GC(328) Metaspace: 4113K(4352K)->4113K(4352K) NonClass: 3727K(3840K)->3727K(3840K) Class: 385K(512K)->385K(512K)
[2025-12-18T08:23:48.132+0530][info][gc          ] GC(328) Pause Young (Normal) (G1 Evacuation Pause) 482M->239M(512M) 2.063ms
[2025-12-18T08:23:48.132+0530][info][gc,cpu      ] GC(328) User=0.00s Sys=0.00s Real=0.00s
[2025-12-18T08:23:48.307+0530][info][gc,start    ] GC(329) Pause Young (Concurrent Start) (G1 Evacuation Pause)
[2025-12-18T08:23:48.307+0530][info][gc,task     ] GC(329) Using 8 workers of 8 for evacuation
[2025-12-18T08:23:48.309+0530][info][gc,phases   ] GC(329)   Pre Evacuate Collection Set: 0.4ms
[2025-12-18T08:23:48.309+0530][info][gc,phases   ] GC(329)   Merge Heap Roots: 0.1ms
[2025-12-18T08:23:48.309+0530][info][gc,phases   ] GC(329)   Evacuate Collection Set: 0.7ms
[2025-12-18T08:23:48.309+0530][info][gc,phases   ] GC(329)   Post Evacuate Collection Set: 0.6ms
[2025-12-18T08:23:48.311+0530][info][gc,phases   ] GC(329)   Other: 0.3ms
[2025-12-18T08:23:48.311+0530][info][gc,heap     ] GC(329) Eden regions: 243->0(243)
[2025-12-18T08:23:48.311+0530][info][gc,heap     ] GC(329) Survivor regions: 1->1(28)
[2025-12-18T08:23:48.311+0530][info][gc,heap     ] GC(329) Old regions: 237->237
[2025-12-18T08:23:48.311+0530][info][gc,heap     ] GC(329) Humongous regions: 3->3
[2025-12-18T08:23:48.311+0530][info][gc,metaspace] GC(329) Metaspace: 4113K(4352K)->4113K(4352K) NonClass: 3727K(3840K)->3727K(3840K) Class: 385K(512K)->385K(512K)
[2025-12-18T08:23:48.311+0530][info][gc          ] GC(329) Pause Young (Concurrent Start) (G1 Evacuation Pause) 482M->239M(512M) 2.411ms
[2025-12-18T08:23:48.311+0530][info][gc,cpu      ] GC(329) User=0.00s Sys=0.00s Real=0.00s
[2025-12-18T08:23:48.311+0530][info][gc          ] GC(330) Concurrent Mark Cycle
[2025-12-18T08:23:48.311+0530][info][gc,marking  ] GC(330) Concurrent Scan Root Regions
[2025-12-18T08:23:48.311+0530][info][gc,marking  ] GC(330) Concurrent Scan Root Regions 0.213ms
[2025-12-18T08:23:48.311+0530][info][gc,marking  ] GC(330) Concurrent Mark
[2025-12-18T08:23:48.311+0530][info][gc,marking  ] GC(330) Concurrent Mark From Roots
[2025-12-18T08:23:48.311+0530][info][gc,task     ] GC(330) Using 2 workers of 2 for marking
[2025-12-18T08:23:48.405+0530][info][gc,marking  ] GC(330) Concurrent Mark From Roots 94.540ms
[2025-12-18T08:23:48.405+0530][info][gc,marking  ] GC(330) Concurrent Preclean
[2025-12-18T08:23:48.405+0530][info][gc,marking  ] GC(330) Concurrent Preclean 0.062ms
[2025-12-18T08:23:48.405+0530][info][gc,start    ] GC(330) Pause Remark
[2025-12-18T08:23:48.407+0530][info][gc          ] GC(330) Pause Remark 335M->335M(512M) 1.052ms
[2025-12-18T08:23:48.407+0530][info][gc,cpu      ] GC(330) User=0.00s Sys=0.00s Real=0.00s
[2025-12-18T08:23:48.407+0530][info][gc,marking  ] GC(330) Concurrent Mark 97.472ms
[2025-12-18T08:23:48.407+0530][info][gc,marking  ] GC(330) Concurrent Rebuild Remembered Sets and Scrub Regions
[2025-12-18T08:23:48.454+0530][info][gc,marking  ] GC(330) Concurrent Rebuild Remembered Sets and Scrub Regions 46.435ms
[2025-12-18T08:23:48.454+0530][info][gc,start    ] GC(330) Pause Cleanup
[2025-12-18T08:23:48.454+0530][info][gc          ] GC(330) Pause Cleanup 381M->381M(512M) 0.289ms
[2025-12-18T08:23:48.454+0530][info][gc,cpu      ] GC(330) User=0.00s Sys=0.00s Real=0.00s
[2025-12-18T08:23:48.456+0530][info][gc,marking  ] GC(330) Concurrent Clear Claimed Marks
[2025-12-18T08:23:48.456+0530][info][gc,marking  ] GC(330) Concurrent Clear Claimed Marks 0.061ms
[2025-12-18T08:23:48.456+0530][info][gc,marking  ] GC(330) Concurrent Cleanup for Next Mark
[2025-12-18T08:23:48.456+0530][info][gc,marking  ] GC(330) Concurrent Cleanup for Next Mark 0.751ms
[2025-12-18T08:23:48.456+0530][info][gc          ] GC(330) Concurrent Mark Cycle 146.677ms
[2025-12-18T08:23:48.534+0530][info][gc,start    ] GC(331) Pause Young (Normal) (G1 Evacuation Pause)
[2025-12-18T08:23:48.534+0530][info][gc,task     ] GC(331) Using 8 workers of 8 for evacuation
[2025-12-18T08:23:48.536+0530][info][gc,phases   ] GC(331)   Pre Evacuate Collection Set: 0.3ms
[2025-12-18T08:23:48.536+0530][info][gc,phases   ] GC(331)   Merge Heap Roots: 0.1ms
[2025-12-18T08:23:48.536+0530][info][gc,phases   ] GC(331)   Evacuate Collection Set: 0.3ms
[2025-12-18T08:23:48.536+0530][info][gc,phases   ] GC(331)   Post Evacuate Collection Set: 0.6ms
[2025-12-18T08:23:48.536+0530][info][gc,phases   ] GC(331)   Other: 0.1ms
[2025-12-18T08:23:48.536+0530][info][gc,heap     ] GC(331) Eden regions: 243->0(243)
[2025-12-18T08:23:48.536+0530][info][gc,heap     ] GC(331) Survivor regions: 1->1(28)
[2025-12-18T08:23:48.536+0530][info][gc,heap     ] GC(331) Old regions: 237->237
[2025-12-18T08:23:48.536+0530][info][gc,heap     ] GC(331) Humongous regions: 3->3
[2025-12-18T08:23:48.536+0530][info][gc,metaspace] GC(331) Metaspace: 4113K(4352K)->4113K(4352K) NonClass: 3727K(3840K)->3727K(3840K) Class: 385K(512K)->385K(512K)
[2025-12-18T08:23:48.536+0530][info][gc          ] GC(331) Pause Young (Normal) (G1 Evacuation Pause) 482M->239M(512M) 1.736ms
[2025-12-18T08:23:48.536+0530][info][gc,cpu      ] GC(331) User=0.00s Sys=0.00s Real=0.00s
[2025-12-18T08:23:48.724+0530][info][gc,start    ] GC(332) Pause Young (Concurrent Start) (G1 Evacuation Pause)
[2025-12-18T08:23:48.724+0530][info][gc,task     ] GC(332) Using 8 workers of 8 for evacuation
[2025-12-18T08:23:48.726+0530][info][gc,phases   ] GC(332)   Pre Evacuate Collection Set: 0.3ms
[2025-12-18T08:23:48.726+0530][info][gc,phases   ] GC(332)   Merge Heap Roots: 0.1ms
[2025-12-18T08:23:48.726+0530][info][gc,phases   ] GC(332)   Evacuate Collection Set: 0.6ms
[2025-12-18T08:23:48.726+0530][info][gc,phases   ] GC(332)   Post Evacuate Collection Set: 0.6ms
[2025-12-18T08:23:48.726+0530][info][gc,phases   ] GC(332)   Other: 0.2ms
[2025-12-18T08:23:48.726+0530][info][gc,heap     ] GC(332) Eden regions: 243->0(243)
[2025-12-18T08:23:48.726+0530][info][gc,heap     ] GC(332) Survivor regions: 1->1(28)
[2025-12-18T08:23:48.726+0530][info][gc,heap     ] GC(332) Old regions: 237->237
[2025-12-18T08:23:48.726+0530][info][gc,heap     ] GC(332) Humongous regions: 3->3
[2025-12-18T08:23:48.726+0530][info][gc,metaspace] GC(332) Metaspace: 4113K(4352K)->4113K(4352K) NonClass: 3727K(3840K)->3727K(3840K) Class: 385K(512K)->385K(512K)
[2025-12-18T08:23:48.726+0530][info][gc          ] GC(332) Pause Young (Concurrent Start) (G1 Evacuation Pause) 482M->239M(512M) 2.245ms
[2025-12-18T08:23:48.726+0530][info][gc,cpu      ] GC(332) User=0.00s Sys=0.02s Real=0.00s
[2025-12-18T08:23:48.726+0530][info][gc          ] GC(333) Concurrent Mark Cycle
[2025-12-18T08:23:48.726+0530][info][gc,marking  ] GC(333) Concurrent Scan Root Regions
[2025-12-18T08:23:48.726+0530][info][gc,marking  ] GC(333) Concurrent Scan Root Regions 0.201ms
[2025-12-18T08:23:48.726+0530][info][gc,marking  ] GC(333) Concurrent Mark
[2025-12-18T08:23:48.726+0530][info][gc,marking  ] GC(333) Concurrent Mark From Roots
[2025-12-18T08:23:48.726+0530][info][gc,task     ] GC(333) Using 2 workers of 2 for marking
[2025-12-18T08:23:48.821+0530][info][gc,marking  ] GC(333) Concurrent Mark From Roots 94.292ms
[2025-12-18T08:23:48.821+0530][info][gc,marking  ] GC(333) Concurrent Preclean
[2025-12-18T08:23:48.821+0530][info][gc,marking  ] GC(333) Concurrent Preclean 0.065ms
[2025-12-18T08:23:48.821+0530][info][gc,start    ] GC(333) Pause Remark
[2025-12-18T08:23:48.823+0530][info][gc          ] GC(333) Pause Remark 332M->332M(512M) 1.054ms
[2025-12-18T08:23:48.823+0530][info][gc,cpu      ] GC(333) User=0.00s Sys=0.00s Real=0.00s
[2025-12-18T08:23:48.823+0530][info][gc,marking  ] GC(333) Concurrent Mark 96.605ms
[2025-12-18T08:23:48.823+0530][info][gc,marking  ] GC(333) Concurrent Rebuild Remembered Sets and Scrub Regions
[2025-12-18T08:23:48.870+0530][info][gc,marking  ] GC(333) Concurrent Rebuild Remembered Sets and Scrub Regions 46.281ms
[2025-12-18T08:23:48.870+0530][info][gc,start    ] GC(333) Pause Cleanup
[2025-12-18T08:23:48.870+0530][info][gc          ] GC(333) Pause Cleanup 379M->379M(512M) 0.245ms
[2025-12-18T08:23:48.870+0530][info][gc,cpu      ] GC(333) User=0.00s Sys=0.00s Real=0.00s
[2025-12-18T08:23:48.870+0530][info][gc,marking  ] GC(333) Concurrent Clear Claimed Marks
[2025-12-18T08:23:48.870+0530][info][gc,marking  ] GC(333) Concurrent Clear Claimed Marks 0.067ms
[2025-12-18T08:23:48.870+0530][info][gc,marking  ] GC(333) Concurrent Cleanup for Next Mark
[2025-12-18T08:23:48.872+0530][info][gc,marking  ] GC(333) Concurrent Cleanup for Next Mark 0.740ms
[2025-12-18T08:23:48.872+0530][info][gc          ] GC(333) Concurrent Mark Cycle 145.807ms
[2025-12-18T08:23:48.950+0530][info][gc,start    ] GC(334) Pause Young (Normal) (G1 Evacuation Pause)
[2025-12-18T08:23:48.950+0530][info][gc,task     ] GC(334) Using 8 workers of 8 for evacuation
[2025-12-18T08:23:48.952+0530][info][gc,phases   ] GC(334)   Pre Evacuate Collection Set: 0.2ms
[2025-12-18T08:23:48.952+0530][info][gc,phases   ] GC(334)   Merge Heap Roots: 0.1ms
[2025-12-18T08:23:48.952+0530][info][gc,phases   ] GC(334)   Evacuate Collection Set: 0.4ms
[2025-12-18T08:23:48.952+0530][info][gc,phases   ] GC(334)   Post Evacuate Collection Set: 0.6ms
[2025-12-18T08:23:48.952+0530][info][gc,phases   ] GC(334)   Other: 0.2ms
[2025-12-18T08:23:48.952+0530][info][gc,heap     ] GC(334) Eden regions: 243->0(243)
[2025-12-18T08:23:48.952+0530][info][gc,heap     ] GC(334) Survivor regions: 1->1(28)
[2025-12-18T08:23:48.952+0530][info][gc,heap     ] GC(334) Old regions: 237->237
[2025-12-18T08:23:48.952+0530][info][gc,heap     ] GC(334) Humongous regions: 3->3
[2025-12-18T08:23:48.952+0530][info][gc,metaspace] GC(334) Metaspace: 4113K(4352K)->4113K(4352K) NonClass: 3727K(3840K)->3727K(3840K) Class: 385K(512K)->385K(512K)
[2025-12-18T08:23:48.952+0530][info][gc          ] GC(334) Pause Young (Normal) (G1 Evacuation Pause) 482M->239M(512M) 1.959ms
[2025-12-18T08:23:48.952+0530][info][gc,cpu      ] GC(334) User=0.00s Sys=0.00s Real=0.00s
[2025-12-18T08:23:49.134+0530][info][gc,start    ] GC(335) Pause Young (Concurrent Start) (G1 Evacuation Pause)
[2025-12-18T08:23:49.134+0530][info][gc,task     ] GC(335) Using 8 workers of 8 for evacuation
[2025-12-18T08:23:49.135+0530][info][gc,phases   ] GC(335)   Pre Evacuate Collection Set: 0.3ms
[2025-12-18T08:23:49.135+0530][info][gc,phases   ] GC(335)   Merge Heap Roots: 0.1ms
[2025-12-18T08:23:49.135+0530][info][gc,phases   ] GC(335)   Evacuate Collection Set: 0.7ms
[2025-12-18T08:23:49.135+0530][info][gc,phases   ] GC(335)   Post Evacuate Collection Set: 0.6ms
[2025-12-18T08:23:49.135+0530][info][gc,phases   ] GC(335)   Other: 0.2ms
[2025-12-18T08:23:49.135+0530][info][gc,heap     ] GC(335) Eden regions: 243->0(243)
[2025-12-18T08:23:49.135+0530][info][gc,heap     ] GC(335) Survivor regions: 1->1(28)
[2025-12-18T08:23:49.135+0530][info][gc,heap     ] GC(335) Old regions: 237->237
[2025-12-18T08:23:49.135+0530][info][gc,heap     ] GC(335) Humongous regions: 3->3
[2025-12-18T08:23:49.135+0530][info][gc,metaspace] GC(335) Metaspace: 4113K(4352K)->4113K(4352K) NonClass: 3727K(3840K)->3727K(3840K) Class: 385K(512K)->385K(512K)
[2025-12-18T08:23:49.135+0530][info][gc          ] GC(335) Pause Young (Concurrent Start) (G1 Evacuation Pause) 482M->239M(512M) 2.299ms
[2025-12-18T08:23:49.135+0530][info][gc,cpu      ] GC(335) User=0.00s Sys=0.00s Real=0.00s
[2025-12-18T08:23:49.135+0530][info][gc          ] GC(336) Concurrent Mark Cycle
[2025-12-18T08:23:49.135+0530][info][gc,marking  ] GC(336) Concurrent Scan Root Regions
[2025-12-18T08:23:49.137+0530][info][gc,marking  ] GC(336) Concurrent Scan Root Regions 0.234ms
[2025-12-18T08:23:49.137+0530][info][gc,marking  ] GC(336) Concurrent Mark
[2025-12-18T08:23:49.137+0530][info][gc,marking  ] GC(336) Concurrent Mark From Roots
[2025-12-18T08:23:49.137+0530][info][gc,task     ] GC(336) Using 2 workers of 2 for marking
[2025-12-18T08:23:49.231+0530][info][gc,marking  ] GC(336) Concurrent Mark From Roots 94.701ms
[2025-12-18T08:23:49.231+0530][info][gc,marking  ] GC(336) Concurrent Preclean
[2025-12-18T08:23:49.231+0530][info][gc,marking  ] GC(336) Concurrent Preclean 0.064ms
[2025-12-18T08:23:49.231+0530][info][gc,start    ] GC(336) Pause Remark
[2025-12-18T08:23:49.233+0530][info][gc          ] GC(336) Pause Remark 334M->334M(512M) 1.226ms
[2025-12-18T08:23:49.233+0530][info][gc,cpu      ] GC(336) User=0.00s Sys=0.00s Real=0.00s
[2025-12-18T08:23:49.235+0530][info][gc,marking  ] GC(336) Concurrent Mark 97.914ms
[2025-12-18T08:23:49.235+0530][info][gc,marking  ] GC(336) Concurrent Rebuild Remembered Sets and Scrub Regions
[2025-12-18T08:23:49.282+0530][info][gc,marking  ] GC(336) Concurrent Rebuild Remembered Sets and Scrub Regions 46.379ms
[2025-12-18T08:23:49.282+0530][info][gc,start    ] GC(336) Pause Cleanup
[2025-12-18T08:23:49.282+0530][info][gc          ] GC(336) Pause Cleanup 382M->382M(512M) 0.234ms
[2025-12-18T08:23:49.282+0530][info][gc,cpu      ] GC(336) User=0.00s Sys=0.00s Real=0.00s
[2025-12-18T08:23:49.284+0530][info][gc,marking  ] GC(336) Concurrent Clear Claimed Marks
[2025-12-18T08:23:49.284+0530][info][gc,marking  ] GC(336) Concurrent Clear Claimed Marks 0.098ms
[2025-12-18T08:23:49.284+0530][info][gc,marking  ] GC(336) Concurrent Cleanup for Next Mark
[2025-12-18T08:23:49.284+0530][info][gc,marking  ] GC(336) Concurrent Cleanup for Next Mark 0.693ms
[2025-12-18T08:23:49.284+0530][info][gc          ] GC(336) Concurrent Mark Cycle 147.519ms
[2025-12-18T08:23:49.358+0530][info][gc,start    ] GC(337) Pause Young (Normal) (G1 Evacuation Pause)
[2025-12-18T08:23:49.358+0530][info][gc,task     ] GC(337) Using 8 workers of 8 for evacuation
[2025-12-18T08:23:49.358+0530][info][gc,phases   ] GC(337)   Pre Evacuate Collection Set: 0.2ms
[2025-12-18T08:23:49.358+0530][info][gc,phases   ] GC(337)   Merge Heap Roots: 0.1ms
[2025-12-18T08:23:49.358+0530][info][gc,phases   ] GC(337)   Evacuate Collection Set: 0.3ms
[2025-12-18T08:23:49.358+0530][info][gc,phases   ] GC(337)   Post Evacuate Collection Set: 0.6ms
[2025-12-18T08:23:49.358+0530][info][gc,phases   ] GC(337)   Other: 0.2ms
[2025-12-18T08:23:49.358+0530][info][gc,heap     ] GC(337) Eden regions: 243->0(243)
[2025-12-18T08:23:49.361+0530][info][gc,heap     ] GC(337) Survivor regions: 1->1(28)
[2025-12-18T08:23:49.361+0530][info][gc,heap     ] GC(337) Old regions: 237->237
[2025-12-18T08:23:49.361+0530][info][gc,heap     ] GC(337) Humongous regions: 3->3
[2025-12-18T08:23:49.361+0530][info][gc,metaspace] GC(337) Metaspace: 4114K(4352K)->4114K(4352K) NonClass: 3729K(3840K)->3729K(3840K) Class: 385K(512K)->385K(512K)
[2025-12-18T08:23:49.361+0530][info][gc          ] GC(337) Pause Young (Normal) (G1 Evacuation Pause) 482M->239M(512M) 1.714ms
[2025-12-18T08:23:49.361+0530][info][gc,cpu      ] GC(337) User=0.00s Sys=0.00s Real=0.00s
[2025-12-18T08:23:49.548+0530][info][gc,start    ] GC(338) Pause Young (Concurrent Start) (G1 Evacuation Pause)
[2025-12-18T08:23:49.548+0530][info][gc,task     ] GC(338) Using 8 workers of 8 for evacuation
[2025-12-18T08:23:49.550+0530][info][gc,phases   ] GC(338)   Pre Evacuate Collection Set: 0.3ms
[2025-12-18T08:23:49.550+0530][info][gc,phases   ] GC(338)   Merge Heap Roots: 0.1ms
[2025-12-18T08:23:49.550+0530][info][gc,phases   ] GC(338)   Evacuate Collection Set: 0.6ms
[2025-12-18T08:23:49.550+0530][info][gc,phases   ] GC(338)   Post Evacuate Collection Set: 0.6ms
[2025-12-18T08:23:49.550+0530][info][gc,phases   ] GC(338)   Other: 0.2ms
[2025-12-18T08:23:49.550+0530][info][gc,heap     ] GC(338) Eden regions: 243->0(243)
[2025-12-18T08:23:49.550+0530][info][gc,heap     ] GC(338) Survivor regions: 1->1(28)
[2025-12-18T08:23:49.550+0530][info][gc,heap     ] GC(338) Old regions: 237->237
[2025-12-18T08:23:49.550+0530][info][gc,heap     ] GC(338) Humongous regions: 3->3
[2025-12-18T08:23:49.550+0530][info][gc,metaspace] GC(338) Metaspace: 4114K(4352K)->4114K(4352K) NonClass: 3729K(3840K)->3729K(3840K) Class: 385K(512K)->385K(512K)
[2025-12-18T08:23:49.550+0530][info][gc          ] GC(338) Pause Young (Concurrent Start) (G1 Evacuation Pause) 482M->239M(512M) 2.215ms
[2025-12-18T08:23:49.550+0530][info][gc,cpu      ] GC(338) User=0.00s Sys=0.00s Real=0.00s
[2025-12-18T08:23:49.550+0530][info][gc          ] GC(339) Concurrent Mark Cycle
[2025-12-18T08:23:49.550+0530][info][gc,marking  ] GC(339) Concurrent Scan Root Regions
[2025-12-18T08:23:49.550+0530][info][gc,marking  ] GC(339) Concurrent Scan Root Regions 0.241ms
[2025-12-18T08:23:49.550+0530][info][gc,marking  ] GC(339) Concurrent Mark
[2025-12-18T08:23:49.550+0530][info][gc,marking  ] GC(339) Concurrent Mark From Roots
[2025-12-18T08:23:49.550+0530][info][gc,task     ] GC(339) Using 2 workers of 2 for marking
[2025-12-18T08:23:49.644+0530][info][gc,marking  ] GC(339) Concurrent Mark From Roots 94.222ms
[2025-12-18T08:23:49.644+0530][info][gc,marking  ] GC(339) Concurrent Preclean
[2025-12-18T08:23:49.644+0530][info][gc,marking  ] GC(339) Concurrent Preclean 0.063ms
[2025-12-18T08:23:49.644+0530][info][gc,start    ] GC(339) Pause Remark
[2025-12-18T08:23:49.646+0530][info][gc          ] GC(339) Pause Remark 333M->333M(512M) 1.267ms
[2025-12-18T08:23:49.646+0530][info][gc,cpu      ] GC(339) User=0.00s Sys=0.00s Real=0.00s
[2025-12-18T08:23:49.646+0530][info][gc,marking  ] GC(339) Concurrent Mark 96.527ms
[2025-12-18T08:23:49.646+0530][info][gc,marking  ] GC(339) Concurrent Rebuild Remembered Sets and Scrub Regions
[2025-12-18T08:23:49.694+0530][info][gc,marking  ] GC(339) Concurrent Rebuild Remembered Sets and Scrub Regions 47.071ms
[2025-12-18T08:23:49.694+0530][info][gc,start    ] GC(339) Pause Cleanup
[2025-12-18T08:23:49.694+0530][info][gc          ] GC(339) Pause Cleanup 377M->377M(512M) 0.244ms
[2025-12-18T08:23:49.694+0530][info][gc,cpu      ] GC(339) User=0.00s Sys=0.00s Real=0.00s
[2025-12-18T08:23:49.694+0530][info][gc,marking  ] GC(339) Concurrent Clear Claimed Marks
[2025-12-18T08:23:49.694+0530][info][gc,marking  ] GC(339) Concurrent Clear Claimed Marks 0.066ms
[2025-12-18T08:23:49.694+0530][info][gc,marking  ] GC(339) Concurrent Cleanup for Next Mark
[2025-12-18T08:23:49.694+0530][info][gc,marking  ] GC(339) Concurrent Cleanup for Next Mark 0.733ms
[2025-12-18T08:23:49.694+0530][info][gc          ] GC(339) Concurrent Mark Cycle 145.774ms
[2025-12-18T08:23:49.771+0530][info][gc,start    ] GC(340) Pause Young (Normal) (G1 Evacuation Pause)
[2025-12-18T08:23:49.771+0530][info][gc,task     ] GC(340) Using 8 workers of 8 for evacuation
[2025-12-18T08:23:49.774+0530][info][gc,phases   ] GC(340)   Pre Evacuate Collection Set: 0.3ms
[2025-12-18T08:23:49.774+0530][info][gc,phases   ] GC(340)   Merge Heap Roots: 0.1ms
[2025-12-18T08:23:49.774+0530][info][gc,phases   ] GC(340)   Evacuate Collection Set: 0.6ms
[2025-12-18T08:23:49.774+0530][info][gc,phases   ] GC(340)   Post Evacuate Collection Set: 0.6ms
[2025-12-18T08:23:49.774+0530][info][gc,phases   ] GC(340)   Other: 0.1ms
[2025-12-18T08:23:49.774+0530][info][gc,heap     ] GC(340) Eden regions: 243->0(243)
[2025-12-18T08:23:49.774+0530][info][gc,heap     ] GC(340) Survivor regions: 1->1(28)
[2025-12-18T08:23:49.774+0530][info][gc,heap     ] GC(340) Old regions: 237->237
[2025-12-18T08:23:49.774+0530][info][gc,heap     ] GC(340) Humongous regions: 3->3
[2025-12-18T08:23:49.774+0530][info][gc,metaspace] GC(340) Metaspace: 4114K(4352K)->4114K(4352K) NonClass: 3729K(3840K)->3729K(3840K) Class: 385K(512K)->385K(512K)
[2025-12-18T08:23:49.774+0530][info][gc          ] GC(340) Pause Young (Normal) (G1 Evacuation Pause) 482M->239M(512M) 2.132ms
[2025-12-18T08:23:49.774+0530][info][gc,cpu      ] GC(340) User=0.03s Sys=0.02s Real=0.00s
[2025-12-18T08:23:49.954+0530][info][gc,start    ] GC(341) Pause Young (Concurrent Start) (G1 Evacuation Pause)
[2025-12-18T08:23:49.954+0530][info][gc,task     ] GC(341) Using 8 workers of 8 for evacuation
[2025-12-18T08:23:49.956+0530][info][gc,phases   ] GC(341)   Pre Evacuate Collection Set: 0.3ms
[2025-12-18T08:23:49.956+0530][info][gc,phases   ] GC(341)   Merge Heap Roots: 0.1ms
[2025-12-18T08:23:49.956+0530][info][gc,phases   ] GC(341)   Evacuate Collection Set: 0.7ms
[2025-12-18T08:23:49.956+0530][info][gc,phases   ] GC(341)   Post Evacuate Collection Set: 0.6ms
[2025-12-18T08:23:49.956+0530][info][gc,phases   ] GC(341)   Other: 0.2ms
[2025-12-18T08:23:49.956+0530][info][gc,heap     ] GC(341) Eden regions: 243->0(243)
[2025-12-18T08:23:49.956+0530][info][gc,heap     ] GC(341) Survivor regions: 1->1(28)
[2025-12-18T08:23:49.956+0530][info][gc,heap     ] GC(341) Old regions: 237->237
[2025-12-18T08:23:49.956+0530][info][gc,heap     ] GC(341) Humongous regions: 3->3
[2025-12-18T08:23:49.956+0530][info][gc,metaspace] GC(341) Metaspace: 4114K(4352K)->4114K(4352K) NonClass: 3729K(3840K)->3729K(3840K) Class: 385K(512K)->385K(512K)
[2025-12-18T08:23:49.956+0530][info][gc          ] GC(341) Pause Young (Concurrent Start) (G1 Evacuation Pause) 482M->239M(512M) 2.216ms
[2025-12-18T08:23:49.956+0530][info][gc,cpu      ] GC(341) User=0.00s Sys=0.00s Real=0.00s
[2025-12-18T08:23:49.956+0530][info][gc          ] GC(342) Concurrent Mark Cycle
[2025-12-18T08:23:49.956+0530][info][gc,marking  ] GC(342) Concurrent Scan Root Regions
[2025-12-18T08:23:49.958+0530][info][gc,marking  ] GC(342) Concurrent Scan Root Regions 0.233ms
[2025-12-18T08:23:49.958+0530][info][gc,marking  ] GC(342) Concurrent Mark
[2025-12-18T08:23:49.958+0530][info][gc,marking  ] GC(342) Concurrent Mark From Roots
[2025-12-18T08:23:49.958+0530][info][gc,task     ] GC(342) Using 2 workers of 2 for marking
[2025-12-18T08:23:50.085+0530][info][gc,marking  ] GC(342) Concurrent Mark From Roots 127.734ms
[2025-12-18T08:23:50.085+0530][info][gc,marking  ] GC(342) Concurrent Preclean
[2025-12-18T08:23:50.086+0530][info][gc,marking  ] GC(342) Concurrent Preclean 0.063ms
[2025-12-18T08:23:50.086+0530][info][gc,start    ] GC(342) Pause Remark
[2025-12-18T08:23:50.086+0530][info][gc          ] GC(342) Pause Remark 363M->363M(512M) 1.189ms
[2025-12-18T08:23:50.086+0530][info][gc,cpu      ] GC(342) User=0.00s Sys=0.00s Real=0.00s
[2025-12-18T08:23:50.088+0530][info][gc,marking  ] GC(342) Concurrent Mark 130.903ms
[2025-12-18T08:23:50.088+0530][info][gc,marking  ] GC(342) Concurrent Rebuild Remembered Sets and Scrub Regions
[2025-12-18T08:23:50.136+0530][info][gc,marking  ] GC(342) Concurrent Rebuild Remembered Sets and Scrub Regions 46.837ms
[2025-12-18T08:23:50.136+0530][info][gc,start    ] GC(342) Pause Cleanup
[2025-12-18T08:23:50.136+0530][info][gc          ] GC(342) Pause Cleanup 408M->408M(512M) 0.255ms
[2025-12-18T08:23:50.136+0530][info][gc,cpu      ] GC(342) User=0.00s Sys=0.00s Real=0.00s
[2025-12-18T08:23:50.138+0530][info][gc,marking  ] GC(342) Concurrent Clear Claimed Marks
[2025-12-18T08:23:50.138+0530][info][gc,marking  ] GC(342) Concurrent Clear Claimed Marks 0.065ms
[2025-12-18T08:23:50.138+0530][info][gc,marking  ] GC(342) Concurrent Cleanup for Next Mark
[2025-12-18T08:23:50.140+0530][info][gc,marking  ] GC(342) Concurrent Cleanup for Next Mark 1.541ms
[2025-12-18T08:23:50.140+0530][info][gc          ] GC(342) Concurrent Mark Cycle 181.623ms
[2025-12-18T08:23:50.195+0530][info][gc,start    ] GC(343) Pause Young (Normal) (G1 Evacuation Pause)
[2025-12-18T08:23:50.195+0530][info][gc,task     ] GC(343) Using 8 workers of 8 for evacuation
[2025-12-18T08:23:50.197+0530][info][gc,phases   ] GC(343)   Pre Evacuate Collection Set: 0.3ms
[2025-12-18T08:23:50.197+0530][info][gc,phases   ] GC(343)   Merge Heap Roots: 0.1ms
[2025-12-18T08:23:50.197+0530][info][gc,phases   ] GC(343)   Evacuate Collection Set: 0.5ms
[2025-12-18T08:23:50.197+0530][info][gc,phases   ] GC(343)   Post Evacuate Collection Set: 0.6ms
[2025-12-18T08:23:50.197+0530][info][gc,phases   ] GC(343)   Other: 0.1ms
[2025-12-18T08:23:50.197+0530][info][gc,heap     ] GC(343) Eden regions: 243->0(243)
[2025-12-18T08:23:50.197+0530][info][gc,heap     ] GC(343) Survivor regions: 1->1(28)
[2025-12-18T08:23:50.197+0530][info][gc,heap     ] GC(343) Old regions: 237->237
[2025-12-18T08:23:50.197+0530][info][gc,heap     ] GC(343) Humongous regions: 3->3
[2025-12-18T08:23:50.197+0530][info][gc,metaspace] GC(343) Metaspace: 4123K(4352K)->4123K(4352K) NonClass: 3737K(3840K)->3737K(3840K) Class: 386K(512K)->386K(512K)
[2025-12-18T08:23:50.197+0530][info][gc          ] GC(343) Pause Young (Normal) (G1 Evacuation Pause) 482M->239M(512M) 2.067ms
[2025-12-18T08:23:50.197+0530][info][gc,cpu      ] GC(343) User=0.00s Sys=0.00s Real=0.00s
[2025-12-18T08:23:50.383+0530][info][gc,start    ] GC(344) Pause Young (Concurrent Start) (G1 Evacuation Pause)
[2025-12-18T08:23:50.383+0530][info][gc,task     ] GC(344) Using 8 workers of 8 for evacuation
[2025-12-18T08:23:50.385+0530][info][gc,phases   ] GC(344)   Pre Evacuate Collection Set: 0.3ms
[2025-12-18T08:23:50.385+0530][info][gc,phases   ] GC(344)   Merge Heap Roots: 0.1ms
[2025-12-18T08:23:50.385+0530][info][gc,phases   ] GC(344)   Evacuate Collection Set: 0.6ms
[2025-12-18T08:23:50.385+0530][info][gc,phases   ] GC(344)   Post Evacuate Collection Set: 0.5ms
[2025-12-18T08:23:50.385+0530][info][gc,phases   ] GC(344)   Other: 0.2ms
[2025-12-18T08:23:50.385+0530][info][gc,heap     ] GC(344) Eden regions: 243->0(243)
[2025-12-18T08:23:50.385+0530][info][gc,heap     ] GC(344) Survivor regions: 1->1(28)
[2025-12-18T08:23:50.385+0530][info][gc,heap     ] GC(344) Old regions: 237->237
[2025-12-18T08:23:50.385+0530][info][gc,heap     ] GC(344) Humongous regions: 3->3
[2025-12-18T08:23:50.385+0530][info][gc,metaspace] GC(344) Metaspace: 4123K(4352K)->4123K(4352K) NonClass: 3737K(3840K)->3737K(3840K) Class: 386K(512K)->386K(512K)
[2025-12-18T08:23:50.385+0530][info][gc          ] GC(344) Pause Young (Concurrent Start) (G1 Evacuation Pause) 482M->239M(512M) 2.147ms
[2025-12-18T08:23:50.386+0530][info][gc,cpu      ] GC(344) User=0.00s Sys=0.00s Real=0.00s
[2025-12-18T08:23:50.386+0530][info][gc          ] GC(345) Concurrent Mark Cycle
[2025-12-18T08:23:50.386+0530][info][gc,marking  ] GC(345) Concurrent Scan Root Regions
[2025-12-18T08:23:50.386+0530][info][gc,marking  ] GC(345) Concurrent Scan Root Regions 0.208ms
[2025-12-18T08:23:50.386+0530][info][gc,marking  ] GC(345) Concurrent Mark
[2025-12-18T08:23:50.386+0530][info][gc,marking  ] GC(345) Concurrent Mark From Roots
[2025-12-18T08:23:50.386+0530][info][gc,task     ] GC(345) Using 2 workers of 2 for marking
[2025-12-18T08:23:50.482+0530][info][gc,marking  ] GC(345) Concurrent Mark From Roots 96.883ms
[2025-12-18T08:23:50.483+0530][info][gc,marking  ] GC(345) Concurrent Preclean
[2025-12-18T08:23:50.483+0530][info][gc,marking  ] GC(345) Concurrent Preclean 0.062ms
[2025-12-18T08:23:50.483+0530][info][gc,start    ] GC(345) Pause Remark
[2025-12-18T08:23:50.483+0530][info][gc          ] GC(345) Pause Remark 323M->323M(512M) 1.216ms
[2025-12-18T08:23:50.483+0530][info][gc,cpu      ] GC(345) User=0.00s Sys=0.00s Real=0.00s
[2025-12-18T08:23:50.487+0530][info][gc,marking  ] GC(345) Concurrent Mark 101.591ms
[2025-12-18T08:23:50.487+0530][info][gc,marking  ] GC(345) Concurrent Rebuild Remembered Sets and Scrub Regions
[2025-12-18T08:23:50.534+0530][info][gc,marking  ] GC(345) Concurrent Rebuild Remembered Sets and Scrub Regions 47.373ms
[2025-12-18T08:23:50.546+0530][info][gc,start    ] GC(345) Pause Cleanup
[2025-12-18T08:23:50.546+0530][info][gc          ] GC(345) Pause Cleanup 362M->362M(512M) 0.299ms
[2025-12-18T08:23:50.546+0530][info][gc,cpu      ] GC(345) User=0.00s Sys=0.00s Real=0.00s
[2025-12-18T08:23:50.548+0530][info][gc,marking  ] GC(345) Concurrent Clear Claimed Marks
[2025-12-18T08:23:50.548+0530][info][gc,marking  ] GC(345) Concurrent Clear Claimed Marks 0.080ms
[2025-12-18T08:23:50.548+0530][info][gc,marking  ] GC(345) Concurrent Cleanup for Next Mark
[2025-12-18T08:23:50.548+0530][info][gc,marking  ] GC(345) Concurrent Cleanup for Next Mark 0.790ms
[2025-12-18T08:23:50.548+0530][info][gc          ] GC(345) Concurrent Mark Cycle 163.647ms
[2025-12-18T08:23:50.640+0530][info][gc,start    ] GC(346) Pause Young (Normal) (G1 Evacuation Pause)
[2025-12-18T08:23:50.640+0530][info][gc,task     ] GC(346) Using 8 workers of 8 for evacuation
[2025-12-18T08:23:50.642+0530][info][gc,phases   ] GC(346)   Pre Evacuate Collection Set: 0.3ms
[2025-12-18T08:23:50.642+0530][info][gc,phases   ] GC(346)   Merge Heap Roots: 0.1ms
[2025-12-18T08:23:50.642+0530][info][gc,phases   ] GC(346)   Evacuate Collection Set: 0.3ms
[2025-12-18T08:23:50.642+0530][info][gc,phases   ] GC(346)   Post Evacuate Collection Set: 0.6ms
[2025-12-18T08:23:50.642+0530][info][gc,phases   ] GC(346)   Other: 0.1ms
[2025-12-18T08:23:50.642+0530][info][gc,heap     ] GC(346) Eden regions: 243->0(243)
[2025-12-18T08:23:50.642+0530][info][gc,heap     ] GC(346) Survivor regions: 1->1(28)
[2025-12-18T08:23:50.642+0530][info][gc,heap     ] GC(346) Old regions: 237->237
[2025-12-18T08:23:50.642+0530][info][gc,heap     ] GC(346) Humongous regions: 3->3
[2025-12-18T08:23:50.642+0530][info][gc,metaspace] GC(346) Metaspace: 4123K(4352K)->4123K(4352K) NonClass: 3737K(3840K)->3737K(3840K) Class: 386K(512K)->386K(512K)
[2025-12-18T08:23:50.642+0530][info][gc          ] GC(346) Pause Young (Normal) (G1 Evacuation Pause) 482M->239M(512M) 1.833ms
[2025-12-18T08:23:50.642+0530][info][gc,cpu      ] GC(346) User=0.00s Sys=0.00s Real=0.00s
[2025-12-18T08:23:50.858+0530][info][gc,start    ] GC(347) Pause Young (Concurrent Start) (G1 Evacuation Pause)
[2025-12-18T08:23:50.858+0530][info][gc,task     ] GC(347) Using 8 workers of 8 for evacuation
[2025-12-18T08:23:50.860+0530][info][gc,phases   ] GC(347)   Pre Evacuate Collection Set: 0.3ms
[2025-12-18T08:23:50.860+0530][info][gc,phases   ] GC(347)   Merge Heap Roots: 0.2ms
[2025-12-18T08:23:50.860+0530][info][gc,phases   ] GC(347)   Evacuate Collection Set: 0.7ms
[2025-12-18T08:23:50.860+0530][info][gc,phases   ] GC(347)   Post Evacuate Collection Set: 0.6ms
[2025-12-18T08:23:50.860+0530][info][gc,phases   ] GC(347)   Other: 0.2ms
[2025-12-18T08:23:50.860+0530][info][gc,heap     ] GC(347) Eden regions: 243->0(243)
[2025-12-18T08:23:50.860+0530][info][gc,heap     ] GC(347) Survivor regions: 1->1(28)
[2025-12-18T08:23:50.860+0530][info][gc,heap     ] GC(347) Old regions: 237->237
[2025-12-18T08:23:50.860+0530][info][gc,heap     ] GC(347) Humongous regions: 3->3
[2025-12-18T08:23:50.860+0530][info][gc,metaspace] GC(347) Metaspace: 4123K(4352K)->4123K(4352K) NonClass: 3737K(3840K)->3737K(3840K) Class: 386K(512K)->386K(512K)
[2025-12-18T08:23:50.860+0530][info][gc          ] GC(347) Pause Young (Concurrent Start) (G1 Evacuation Pause) 482M->239M(512M) 2.482ms
[2025-12-18T08:23:50.860+0530][info][gc,cpu      ] GC(347) User=0.00s Sys=0.00s Real=0.00s
[2025-12-18T08:23:50.860+0530][info][gc          ] GC(348) Concurrent Mark Cycle
[2025-12-18T08:23:50.860+0530][info][gc,marking  ] GC(348) Concurrent Scan Root Regions
[2025-12-18T08:23:50.863+0530][info][gc,marking  ] GC(348) Concurrent Scan Root Regions 0.251ms
[2025-12-18T08:23:50.863+0530][info][gc,marking  ] GC(348) Concurrent Mark
[2025-12-18T08:23:50.863+0530][info][gc,marking  ] GC(348) Concurrent Mark From Roots
[2025-12-18T08:23:50.863+0530][info][gc,task     ] GC(348) Using 2 workers of 2 for marking
[2025-12-18T08:23:50.956+0530][info][gc,marking  ] GC(348) Concurrent Mark From Roots 95.032ms
[2025-12-18T08:23:50.956+0530][info][gc,marking  ] GC(348) Concurrent Preclean
[2025-12-18T08:23:50.956+0530][info][gc,marking  ] GC(348) Concurrent Preclean 0.063ms
[2025-12-18T08:23:50.958+0530][info][gc,start    ] GC(348) Pause Remark
[2025-12-18T08:23:50.958+0530][info][gc          ] GC(348) Pause Remark 324M->324M(512M) 1.414ms
[2025-12-18T08:23:50.960+0530][info][gc,cpu      ] GC(348) User=0.00s Sys=0.00s Real=0.00s
[2025-12-18T08:23:50.960+0530][info][gc,marking  ] GC(348) Concurrent Mark 97.686ms
[2025-12-18T08:23:50.960+0530][info][gc,marking  ] GC(348) Concurrent Rebuild Remembered Sets and Scrub Regions
[2025-12-18T08:23:51.006+0530][info][gc,marking  ] GC(348) Concurrent Rebuild Remembered Sets and Scrub Regions 47.020ms
[2025-12-18T08:23:51.008+0530][info][gc,start    ] GC(348) Pause Cleanup
[2025-12-18T08:23:51.008+0530][info][gc          ] GC(348) Pause Cleanup 367M->367M(512M) 0.311ms
[2025-12-18T08:23:51.008+0530][info][gc,cpu      ] GC(348) User=0.00s Sys=0.00s Real=0.00s
[2025-12-18T08:23:51.008+0530][info][gc,marking  ] GC(348) Concurrent Clear Claimed Marks
[2025-12-18T08:23:51.008+0530][info][gc,marking  ] GC(348) Concurrent Clear Claimed Marks 0.073ms
[2025-12-18T08:23:51.008+0530][info][gc,marking  ] GC(348) Concurrent Cleanup for Next Mark
[2025-12-18T08:23:51.010+0530][info][gc,marking  ] GC(348) Concurrent Cleanup for Next Mark 0.759ms
[2025-12-18T08:23:51.010+0530][info][gc          ] GC(348) Concurrent Mark Cycle 148.206ms
[2025-12-18T08:23:51.120+0530][info][gc,start    ] GC(349) Pause Young (Normal) (G1 Evacuation Pause)
[2025-12-18T08:23:51.120+0530][info][gc,task     ] GC(349) Using 8 workers of 8 for evacuation
[2025-12-18T08:23:51.122+0530][info][gc,phases   ] GC(349)   Pre Evacuate Collection Set: 0.3ms
[2025-12-18T08:23:51.122+0530][info][gc,phases   ] GC(349)   Merge Heap Roots: 0.2ms
[2025-12-18T08:23:51.122+0530][info][gc,phases   ] GC(349)   Evacuate Collection Set: 0.5ms
[2025-12-18T08:23:51.122+0530][info][gc,phases   ] GC(349)   Post Evacuate Collection Set: 0.6ms
[2025-12-18T08:23:51.122+0530][info][gc,phases   ] GC(349)   Other: 0.2ms
[2025-12-18T08:23:51.122+0530][info][gc,heap     ] GC(349) Eden regions: 243->0(243)
[2025-12-18T08:23:51.122+0530][info][gc,heap     ] GC(349) Survivor regions: 1->1(28)
[2025-12-18T08:23:51.122+0530][info][gc,heap     ] GC(349) Old regions: 237->237
[2025-12-18T08:23:51.122+0530][info][gc,heap     ] GC(349) Humongous regions: 3->3
[2025-12-18T08:23:51.122+0530][info][gc,metaspace] GC(349) Metaspace: 4123K(4352K)->4123K(4352K) NonClass: 3737K(3840K)->3737K(3840K) Class: 386K(512K)->386K(512K)
[2025-12-18T08:23:51.122+0530][info][gc          ] GC(349) Pause Young (Normal) (G1 Evacuation Pause) 482M->239M(512M) 2.246ms
[2025-12-18T08:23:51.122+0530][info][gc,cpu      ] GC(349) User=0.00s Sys=0.00s Real=0.00s
[2025-12-18T08:23:51.345+0530][info][gc,start    ] GC(350) Pause Young (Concurrent Start) (G1 Evacuation Pause)
[2025-12-18T08:23:51.345+0530][info][gc,task     ] GC(350) Using 8 workers of 8 for evacuation
[2025-12-18T08:23:51.347+0530][info][gc,phases   ] GC(350)   Pre Evacuate Collection Set: 0.3ms
[2025-12-18T08:23:51.347+0530][info][gc,phases   ] GC(350)   Merge Heap Roots: 0.2ms
[2025-12-18T08:23:51.347+0530][info][gc,phases   ] GC(350)   Evacuate Collection Set: 0.7ms
[2025-12-18T08:23:51.347+0530][info][gc,phases   ] GC(350)   Post Evacuate Collection Set: 0.6ms
[2025-12-18T08:23:51.347+0530][info][gc,phases   ] GC(350)   Other: 0.3ms
[2025-12-18T08:23:51.347+0530][info][gc,heap     ] GC(350) Eden regions: 243->0(243)
[2025-12-18T08:23:51.347+0530][info][gc,heap     ] GC(350) Survivor regions: 1->1(28)
[2025-12-18T08:23:51.347+0530][info][gc,heap     ] GC(350) Old regions: 237->237
[2025-12-18T08:23:51.347+0530][info][gc,heap     ] GC(350) Humongous regions: 3->3
[2025-12-18T08:23:51.347+0530][info][gc,metaspace] GC(350) Metaspace: 4123K(4352K)->4123K(4352K) NonClass: 3737K(3840K)->3737K(3840K) Class: 386K(512K)->386K(512K)
[2025-12-18T08:23:51.347+0530][info][gc          ] GC(350) Pause Young (Concurrent Start) (G1 Evacuation Pause) 482M->239M(512M) 2.475ms
[2025-12-18T08:23:51.347+0530][info][gc,cpu      ] GC(350) User=0.00s Sys=0.00s Real=0.00s
[2025-12-18T08:23:51.347+0530][info][gc          ] GC(351) Concurrent Mark Cycle
[2025-12-18T08:23:51.347+0530][info][gc,marking  ] GC(351) Concurrent Scan Root Regions
[2025-12-18T08:23:51.347+0530][info][gc,marking  ] GC(351) Concurrent Scan Root Regions 0.217ms
[2025-12-18T08:23:51.347+0530][info][gc,marking  ] GC(351) Concurrent Mark
[2025-12-18T08:23:51.347+0530][info][gc,marking  ] GC(351) Concurrent Mark From Roots
[2025-12-18T08:23:51.347+0530][info][gc,task     ] GC(351) Using 2 workers of 2 for marking
[2025-12-18T08:23:51.442+0530][info][gc,marking  ] GC(351) Concurrent Mark From Roots 94.479ms
[2025-12-18T08:23:51.442+0530][info][gc,marking  ] GC(351) Concurrent Preclean
[2025-12-18T08:23:51.442+0530][info][gc,marking  ] GC(351) Concurrent Preclean 0.097ms
[2025-12-18T08:23:51.442+0530][info][gc,start    ] GC(351) Pause Remark
[2025-12-18T08:23:51.444+0530][info][gc          ] GC(351) Pause Remark 328M->328M(512M) 1.207ms
[2025-12-18T08:23:51.444+0530][info][gc,cpu      ] GC(351) User=0.00s Sys=0.00s Real=0.00s
[2025-12-18T08:23:51.446+0530][info][gc,marking  ] GC(351) Concurrent Mark 98.150ms
[2025-12-18T08:23:51.446+0530][info][gc,marking  ] GC(351) Concurrent Rebuild Remembered Sets and Scrub Regions
[2025-12-18T08:23:51.492+0530][info][gc,marking  ] GC(351) Concurrent Rebuild Remembered Sets and Scrub Regions 46.967ms
[2025-12-18T08:23:51.492+0530][info][gc,start    ] GC(351) Pause Cleanup
[2025-12-18T08:23:51.495+0530][info][gc          ] GC(351) Pause Cleanup 370M->370M(512M) 0.289ms
[2025-12-18T08:23:51.495+0530][info][gc,cpu      ] GC(351) User=0.00s Sys=0.00s Real=0.00s
[2025-12-18T08:23:51.495+0530][info][gc,marking  ] GC(351) Concurrent Clear Claimed Marks
[2025-12-18T08:23:51.495+0530][info][gc,marking  ] GC(351) Concurrent Clear Claimed Marks 0.062ms
[2025-12-18T08:23:51.495+0530][info][gc,marking  ] GC(351) Concurrent Cleanup for Next Mark
[2025-12-18T08:23:51.497+0530][info][gc,marking  ] GC(351) Concurrent Cleanup for Next Mark 0.741ms
[2025-12-18T08:23:51.497+0530][info][gc          ] GC(351) Concurrent Mark Cycle 148.918ms
[2025-12-18T08:23:51.579+0530][info][gc,start    ] GC(352) Pause Young (Normal) (G1 Evacuation Pause)
[2025-12-18T08:23:51.579+0530][info][gc,task     ] GC(352) Using 8 workers of 8 for evacuation
[2025-12-18T08:23:51.581+0530][info][gc,phases   ] GC(352)   Pre Evacuate Collection Set: 0.3ms
[2025-12-18T08:23:51.581+0530][info][gc,phases   ] GC(352)   Merge Heap Roots: 0.2ms
[2025-12-18T08:23:51.581+0530][info][gc,phases   ] GC(352)   Evacuate Collection Set: 0.6ms
[2025-12-18T08:23:51.581+0530][info][gc,phases   ] GC(352)   Post Evacuate Collection Set: 0.5ms
[2025-12-18T08:23:51.581+0530][info][gc,phases   ] GC(352)   Other: 0.2ms
[2025-12-18T08:23:51.581+0530][info][gc,heap     ] GC(352) Eden regions: 243->0(243)
[2025-12-18T08:23:51.581+0530][info][gc,heap     ] GC(352) Survivor regions: 1->1(28)
[2025-12-18T08:23:51.581+0530][info][gc,heap     ] GC(352) Old regions: 237->237
[2025-12-18T08:23:51.581+0530][info][gc,heap     ] GC(352) Humongous regions: 3->3
[2025-12-18T08:23:51.581+0530][info][gc,metaspace] GC(352) Metaspace: 4123K(4352K)->4123K(4352K) NonClass: 3737K(3840K)->3737K(3840K) Class: 386K(512K)->386K(512K)
[2025-12-18T08:23:51.581+0530][info][gc          ] GC(352) Pause Young (Normal) (G1 Evacuation Pause) 482M->239M(512M) 2.307ms
[2025-12-18T08:23:51.581+0530][info][gc,cpu      ] GC(352) User=0.00s Sys=0.00s Real=0.00s
[2025-12-18T08:23:51.788+0530][info][gc,start    ] GC(353) Pause Young (Concurrent Start) (G1 Evacuation Pause)
[2025-12-18T08:23:51.788+0530][info][gc,task     ] GC(353) Using 8 workers of 8 for evacuation
[2025-12-18T08:23:51.790+0530][info][gc,phases   ] GC(353)   Pre Evacuate Collection Set: 0.3ms
[2025-12-18T08:23:51.790+0530][info][gc,phases   ] GC(353)   Merge Heap Roots: 0.1ms
[2025-12-18T08:23:51.792+0530][info][gc,phases   ] GC(353)   Evacuate Collection Set: 0.7ms
[2025-12-18T08:23:51.792+0530][info][gc,phases   ] GC(353)   Post Evacuate Collection Set: 0.7ms
[2025-12-18T08:23:51.792+0530][info][gc,phases   ] GC(353)   Other: 0.2ms
[2025-12-18T08:23:51.792+0530][info][gc,heap     ] GC(353) Eden regions: 243->0(243)
[2025-12-18T08:23:51.792+0530][info][gc,heap     ] GC(353) Survivor regions: 1->1(28)
[2025-12-18T08:23:51.792+0530][info][gc,heap     ] GC(353) Old regions: 237->237
[2025-12-18T08:23:51.792+0530][info][gc,heap     ] GC(353) Humongous regions: 3->3
[2025-12-18T08:23:51.792+0530][info][gc,metaspace] GC(353) Metaspace: 4123K(4352K)->4123K(4352K) NonClass: 3737K(3840K)->3737K(3840K) Class: 386K(512K)->386K(512K)
[2025-12-18T08:23:51.792+0530][info][gc          ] GC(353) Pause Young (Concurrent Start) (G1 Evacuation Pause) 482M->239M(512M) 2.419ms
[2025-12-18T08:23:51.792+0530][info][gc,cpu      ] GC(353) User=0.00s Sys=0.00s Real=0.00s
[2025-12-18T08:23:51.792+0530][info][gc          ] GC(354) Concurrent Mark Cycle
[2025-12-18T08:23:51.792+0530][info][gc,marking  ] GC(354) Concurrent Scan Root Regions
[2025-12-18T08:23:51.792+0530][info][gc,marking  ] GC(354) Concurrent Scan Root Regions 0.246ms
[2025-12-18T08:23:51.792+0530][info][gc,marking  ] GC(354) Concurrent Mark
[2025-12-18T08:23:51.792+0530][info][gc,marking  ] GC(354) Concurrent Mark From Roots
[2025-12-18T08:23:51.792+0530][info][gc,task     ] GC(354) Using 2 workers of 2 for marking
[2025-12-18T08:23:51.888+0530][info][gc,marking  ] GC(354) Concurrent Mark From Roots 96.256ms
[2025-12-18T08:23:51.888+0530][info][gc,marking  ] GC(354) Concurrent Preclean
[2025-12-18T08:23:51.888+0530][info][gc,marking  ] GC(354) Concurrent Preclean 0.068ms
[2025-12-18T08:23:51.890+0530][info][gc,start    ] GC(354) Pause Remark
[2025-12-18T08:23:51.890+0530][info][gc          ] GC(354) Pause Remark 322M->322M(512M) 1.288ms
[2025-12-18T08:23:51.890+0530][info][gc,cpu      ] GC(354) User=0.00s Sys=0.00s Real=0.00s
[2025-12-18T08:23:51.894+0530][info][gc,marking  ] GC(354) Concurrent Mark 100.944ms
[2025-12-18T08:23:51.894+0530][info][gc,marking  ] GC(354) Concurrent Rebuild Remembered Sets and Scrub Regions
[2025-12-18T08:23:51.940+0530][info][gc,marking  ] GC(354) Concurrent Rebuild Remembered Sets and Scrub Regions 47.410ms
[2025-12-18T08:23:51.940+0530][info][gc,start    ] GC(354) Pause Cleanup
[2025-12-18T08:23:51.940+0530][info][gc          ] GC(354) Pause Cleanup 366M->366M(512M) 0.292ms
[2025-12-18T08:23:51.942+0530][info][gc,cpu      ] GC(354) User=0.00s Sys=0.00s Real=0.00s
[2025-12-18T08:23:51.942+0530][info][gc,marking  ] GC(354) Concurrent Clear Claimed Marks
[2025-12-18T08:23:51.942+0530][info][gc,marking  ] GC(354) Concurrent Clear Claimed Marks 0.067ms
[2025-12-18T08:23:51.942+0530][info][gc,marking  ] GC(354) Concurrent Cleanup for Next Mark
[2025-12-18T08:23:51.944+0530][info][gc,marking  ] GC(354) Concurrent Cleanup for Next Mark 0.749ms
[2025-12-18T08:23:51.944+0530][info][gc          ] GC(354) Concurrent Mark Cycle 151.831ms
[2025-12-18T08:23:52.032+0530][info][gc,start    ] GC(355) Pause Young (Normal) (G1 Evacuation Pause)
[2025-12-18T08:23:52.032+0530][info][gc,task     ] GC(355) Using 8 workers of 8 for evacuation
[2025-12-18T08:23:52.034+0530][info][gc,phases   ] GC(355)   Pre Evacuate Collection Set: 0.3ms
[2025-12-18T08:23:52.034+0530][info][gc,phases   ] GC(355)   Merge Heap Roots: 0.2ms
[2025-12-18T08:23:52.034+0530][info][gc,phases   ] GC(355)   Evacuate Collection Set: 0.6ms
[2025-12-18T08:23:52.034+0530][info][gc,phases   ] GC(355)   Post Evacuate Collection Set: 0.7ms
[2025-12-18T08:23:52.034+0530][info][gc,phases   ] GC(355)   Other: 0.2ms
[2025-12-18T08:23:52.034+0530][info][gc,heap     ] GC(355) Eden regions: 243->0(243)
[2025-12-18T08:23:52.034+0530][info][gc,heap     ] GC(355) Survivor regions: 1->1(28)
[2025-12-18T08:23:52.034+0530][info][gc,heap     ] GC(355) Old regions: 237->237
[2025-12-18T08:23:52.034+0530][info][gc,heap     ] GC(355) Humongous regions: 3->3
[2025-12-18T08:23:52.034+0530][info][gc,metaspace] GC(355) Metaspace: 4123K(4352K)->4123K(4352K) NonClass: 3737K(3840K)->3737K(3840K) Class: 386K(512K)->386K(512K)
[2025-12-18T08:23:52.034+0530][info][gc          ] GC(355) Pause Young (Normal) (G1 Evacuation Pause) 482M->239M(512M) 2.315ms
[2025-12-18T08:23:52.034+0530][info][gc,cpu      ] GC(355) User=0.00s Sys=0.00s Real=0.00s
[2025-12-18T08:23:52.225+0530][info][gc,start    ] GC(356) Pause Young (Concurrent Start) (G1 Evacuation Pause)
[2025-12-18T08:23:52.225+0530][info][gc,task     ] GC(356) Using 8 workers of 8 for evacuation
[2025-12-18T08:23:52.228+0530][info][gc,phases   ] GC(356)   Pre Evacuate Collection Set: 0.3ms
[2025-12-18T08:23:52.228+0530][info][gc,phases   ] GC(356)   Merge Heap Roots: 0.1ms
[2025-12-18T08:23:52.228+0530][info][gc,phases   ] GC(356)   Evacuate Collection Set: 0.8ms
[2025-12-18T08:23:52.228+0530][info][gc,phases   ] GC(356)   Post Evacuate Collection Set: 0.6ms
[2025-12-18T08:23:52.228+0530][info][gc,phases   ] GC(356)   Other: 0.2ms
[2025-12-18T08:23:52.228+0530][info][gc,heap     ] GC(356) Eden regions: 243->0(243)
[2025-12-18T08:23:52.228+0530][info][gc,heap     ] GC(356) Survivor regions: 1->1(28)
[2025-12-18T08:23:52.228+0530][info][gc,heap     ] GC(356) Old regions: 237->237
[2025-12-18T08:23:52.228+0530][info][gc,heap     ] GC(356) Humongous regions: 3->3
[2025-12-18T08:23:52.228+0530][info][gc,metaspace] GC(356) Metaspace: 4123K(4352K)->4123K(4352K) NonClass: 3737K(3840K)->3737K(3840K) Class: 386K(512K)->386K(512K)
[2025-12-18T08:23:52.228+0530][info][gc          ] GC(356) Pause Young (Concurrent Start) (G1 Evacuation Pause) 482M->239M(512M) 2.483ms
[2025-12-18T08:23:52.228+0530][info][gc,cpu      ] GC(356) User=0.12s Sys=0.00s Real=0.00s
[2025-12-18T08:23:52.228+0530][info][gc          ] GC(357) Concurrent Mark Cycle
[2025-12-18T08:23:52.228+0530][info][gc,marking  ] GC(357) Concurrent Scan Root Regions
[2025-12-18T08:23:52.228+0530][info][gc,marking  ] GC(357) Concurrent Scan Root Regions 0.214ms
[2025-12-18T08:23:52.228+0530][info][gc,marking  ] GC(357) Concurrent Mark
[2025-12-18T08:23:52.228+0530][info][gc,marking  ] GC(357) Concurrent Mark From Roots
[2025-12-18T08:23:52.228+0530][info][gc,task     ] GC(357) Using 2 workers of 2 for marking
[2025-12-18T08:23:52.324+0530][info][gc,marking  ] GC(357) Concurrent Mark From Roots 95.019ms
[2025-12-18T08:23:52.324+0530][info][gc,marking  ] GC(357) Concurrent Preclean
[2025-12-18T08:23:52.324+0530][info][gc,marking  ] GC(357) Concurrent Preclean 0.064ms
[2025-12-18T08:23:52.324+0530][info][gc,start    ] GC(357) Pause Remark
[2025-12-18T08:23:52.326+0530][info][gc          ] GC(357) Pause Remark 332M->332M(512M) 1.264ms
[2025-12-18T08:23:52.326+0530][info][gc,cpu      ] GC(357) User=0.00s Sys=0.00s Real=0.00s
[2025-12-18T08:23:52.326+0530][info][gc,marking  ] GC(357) Concurrent Mark 97.920ms
[2025-12-18T08:23:52.326+0530][info][gc,marking  ] GC(357) Concurrent Rebuild Remembered Sets and Scrub Regions
[2025-12-18T08:23:52.374+0530][info][gc,marking  ] GC(357) Concurrent Rebuild Remembered Sets and Scrub Regions 47.093ms
[2025-12-18T08:23:52.374+0530][info][gc,start    ] GC(357) Pause Cleanup
[2025-12-18T08:23:52.374+0530][info][gc          ] GC(357) Pause Cleanup 373M->373M(512M) 0.303ms
[2025-12-18T08:23:52.374+0530][info][gc,cpu      ] GC(357) User=0.00s Sys=0.00s Real=0.00s
[2025-12-18T08:23:52.376+0530][info][gc,marking  ] GC(357) Concurrent Clear Claimed Marks
[2025-12-18T08:23:52.376+0530][info][gc,marking  ] GC(357) Concurrent Clear Claimed Marks 0.071ms
[2025-12-18T08:23:52.376+0530][info][gc,marking  ] GC(357) Concurrent Cleanup for Next Mark
[2025-12-18T08:23:52.376+0530][info][gc,marking  ] GC(357) Concurrent Cleanup for Next Mark 0.767ms
[2025-12-18T08:23:52.376+0530][info][gc          ] GC(357) Concurrent Mark Cycle 148.632ms
[2025-12-18T08:23:52.467+0530][info][gc,start    ] GC(358) Pause Young (Normal) (G1 Evacuation Pause)
[2025-12-18T08:23:52.467+0530][info][gc,task     ] GC(358) Using 8 workers of 8 for evacuation
[2025-12-18T08:23:52.469+0530][info][gc,phases   ] GC(358)   Pre Evacuate Collection Set: 0.3ms
[2025-12-18T08:23:52.469+0530][info][gc,phases   ] GC(358)   Merge Heap Roots: 0.2ms
[2025-12-18T08:23:52.469+0530][info][gc,phases   ] GC(358)   Evacuate Collection Set: 0.5ms
[2025-12-18T08:23:52.469+0530][info][gc,phases   ] GC(358)   Post Evacuate Collection Set: 0.6ms
[2025-12-18T08:23:52.469+0530][info][gc,phases   ] GC(358)   Other: 0.2ms
[2025-12-18T08:23:52.469+0530][info][gc,heap     ] GC(358) Eden regions: 243->0(243)
[2025-12-18T08:23:52.469+0530][info][gc,heap     ] GC(358) Survivor regions: 1->1(28)
[2025-12-18T08:23:52.469+0530][info][gc,heap     ] GC(358) Old regions: 237->237
[2025-12-18T08:23:52.469+0530][info][gc,heap     ] GC(358) Humongous regions: 3->3
[2025-12-18T08:23:52.469+0530][info][gc,metaspace] GC(358) Metaspace: 4123K(4352K)->4123K(4352K) NonClass: 3737K(3840K)->3737K(3840K) Class: 386K(512K)->386K(512K)
[2025-12-18T08:23:52.469+0530][info][gc          ] GC(358) Pause Young (Normal) (G1 Evacuation Pause) 482M->239M(512M) 2.144ms
[2025-12-18T08:23:52.469+0530][info][gc,cpu      ] GC(358) User=0.00s Sys=0.00s Real=0.00s
[2025-12-18T08:23:52.671+0530][info][gc,start    ] GC(359) Pause Young (Concurrent Start) (G1 Evacuation Pause)
[2025-12-18T08:23:52.671+0530][info][gc,task     ] GC(359) Using 8 workers of 8 for evacuation
[2025-12-18T08:23:52.673+0530][info][gc,phases   ] GC(359)   Pre Evacuate Collection Set: 0.3ms
[2025-12-18T08:23:52.673+0530][info][gc,phases   ] GC(359)   Merge Heap Roots: 0.1ms
[2025-12-18T08:23:52.673+0530][info][gc,phases   ] GC(359)   Evacuate Collection Set: 0.7ms
[2025-12-18T08:23:52.673+0530][info][gc,phases   ] GC(359)   Post Evacuate Collection Set: 0.6ms
[2025-12-18T08:23:52.673+0530][info][gc,phases   ] GC(359)   Other: 0.2ms
[2025-12-18T08:23:52.673+0530][info][gc,heap     ] GC(359) Eden regions: 243->0(243)
[2025-12-18T08:23:52.673+0530][info][gc,heap     ] GC(359) Survivor regions: 1->1(28)
[2025-12-18T08:23:52.673+0530][info][gc,heap     ] GC(359) Old regions: 237->237
[2025-12-18T08:23:52.673+0530][info][gc,heap     ] GC(359) Humongous regions: 3->3
[2025-12-18T08:23:52.673+0530][info][gc,metaspace] GC(359) Metaspace: 4129K(4352K)->4129K(4352K) NonClass: 3743K(3840K)->3743K(3840K) Class: 386K(512K)->386K(512K)
[2025-12-18T08:23:52.673+0530][info][gc          ] GC(359) Pause Young (Concurrent Start) (G1 Evacuation Pause) 482M->239M(512M) 2.323ms
[2025-12-18T08:23:52.673+0530][info][gc,cpu      ] GC(359) User=0.00s Sys=0.00s Real=0.00s
[2025-12-18T08:23:52.673+0530][info][gc          ] GC(360) Concurrent Mark Cycle
[2025-12-18T08:23:52.673+0530][info][gc,marking  ] GC(360) Concurrent Scan Root Regions
[2025-12-18T08:23:52.673+0530][info][gc,marking  ] GC(360) Concurrent Scan Root Regions 0.218ms
[2025-12-18T08:23:52.673+0530][info][gc,marking  ] GC(360) Concurrent Mark
[2025-12-18T08:23:52.673+0530][info][gc,marking  ] GC(360) Concurrent Mark From Roots
[2025-12-18T08:23:52.673+0530][info][gc,task     ] GC(360) Using 2 workers of 2 for marking
[2025-12-18T08:23:52.768+0530][info][gc,marking  ] GC(360) Concurrent Mark From Roots 93.721ms
[2025-12-18T08:23:52.768+0530][info][gc,marking  ] GC(360) Concurrent Preclean
[2025-12-18T08:23:52.768+0530][info][gc,marking  ] GC(360) Concurrent Preclean 0.064ms
[2025-12-18T08:23:52.770+0530][info][gc,start    ] GC(360) Pause Remark
[2025-12-18T08:23:52.770+0530][info][gc          ] GC(360) Pause Remark 333M->333M(512M) 1.268ms
[2025-12-18T08:23:52.770+0530][info][gc,cpu      ] GC(360) User=0.00s Sys=0.00s Real=0.00s
[2025-12-18T08:23:52.772+0530][info][gc,marking  ] GC(360) Concurrent Mark 97.033ms
[2025-12-18T08:23:52.772+0530][info][gc,marking  ] GC(360) Concurrent Rebuild Remembered Sets and Scrub Regions
[2025-12-18T08:23:52.818+0530][info][gc,marking  ] GC(360) Concurrent Rebuild Remembered Sets and Scrub Regions 47.024ms
[2025-12-18T08:23:52.818+0530][info][gc,start    ] GC(360) Pause Cleanup
[2025-12-18T08:23:52.818+0530][info][gc          ] GC(360) Pause Cleanup 374M->374M(512M) 0.285ms
[2025-12-18T08:23:52.818+0530][info][gc,cpu      ] GC(360) User=0.00s Sys=0.00s Real=0.00s
[2025-12-18T08:23:52.820+0530][info][gc,marking  ] GC(360) Concurrent Clear Claimed Marks
[2025-12-18T08:23:52.820+0530][info][gc,marking  ] GC(360) Concurrent Clear Claimed Marks 0.066ms
[2025-12-18T08:23:52.820+0530][info][gc,marking  ] GC(360) Concurrent Cleanup for Next Mark
[2025-12-18T08:23:52.822+0530][info][gc,marking  ] GC(360) Concurrent Cleanup for Next Mark 0.752ms
[2025-12-18T08:23:52.822+0530][info][gc          ] GC(360) Concurrent Mark Cycle 147.479ms
[2025-12-18T08:23:52.903+0530][info][gc,start    ] GC(361) Pause Young (Normal) (G1 Evacuation Pause)
[2025-12-18T08:23:52.903+0530][info][gc,task     ] GC(361) Using 8 workers of 8 for evacuation
[2025-12-18T08:23:52.905+0530][info][gc,phases   ] GC(361)   Pre Evacuate Collection Set: 0.3ms
[2025-12-18T08:23:52.905+0530][info][gc,phases   ] GC(361)   Merge Heap Roots: 0.1ms
[2025-12-18T08:23:52.905+0530][info][gc,phases   ] GC(361)   Evacuate Collection Set: 0.3ms
[2025-12-18T08:23:52.905+0530][info][gc,phases   ] GC(361)   Post Evacuate Collection Set: 0.6ms
[2025-12-18T08:23:52.905+0530][info][gc,phases   ] GC(361)   Other: 0.2ms
[2025-12-18T08:23:52.905+0530][info][gc,heap     ] GC(361) Eden regions: 243->0(243)
[2025-12-18T08:23:52.905+0530][info][gc,heap     ] GC(361) Survivor regions: 1->1(28)
[2025-12-18T08:23:52.905+0530][info][gc,heap     ] GC(361) Old regions: 237->237
[2025-12-18T08:23:52.905+0530][info][gc,heap     ] GC(361) Humongous regions: 3->3
[2025-12-18T08:23:52.905+0530][info][gc,metaspace] GC(361) Metaspace: 4129K(4352K)->4129K(4352K) NonClass: 3743K(3840K)->3743K(3840K) Class: 386K(512K)->386K(512K)
[2025-12-18T08:23:52.905+0530][info][gc          ] GC(361) Pause Young (Normal) (G1 Evacuation Pause) 482M->239M(512M) 1.787ms
[2025-12-18T08:23:52.905+0530][info][gc,cpu      ] GC(361) User=0.00s Sys=0.00s Real=0.00s
[2025-12-18T08:23:53.089+0530][info][gc,start    ] GC(362) Pause Young (Concurrent Start) (G1 Evacuation Pause)
[2025-12-18T08:23:53.089+0530][info][gc,task     ] GC(362) Using 8 workers of 8 for evacuation
[2025-12-18T08:23:53.091+0530][info][gc,phases   ] GC(362)   Pre Evacuate Collection Set: 0.3ms
[2025-12-18T08:23:53.091+0530][info][gc,phases   ] GC(362)   Merge Heap Roots: 0.2ms
[2025-12-18T08:23:53.091+0530][info][gc,phases   ] GC(362)   Evacuate Collection Set: 0.7ms
[2025-12-18T08:23:53.091+0530][info][gc,phases   ] GC(362)   Post Evacuate Collection Set: 0.6ms
[2025-12-18T08:23:53.091+0530][info][gc,phases   ] GC(362)   Other: 0.3ms
[2025-12-18T08:23:53.091+0530][info][gc,heap     ] GC(362) Eden regions: 243->0(243)
[2025-12-18T08:23:53.091+0530][info][gc,heap     ] GC(362) Survivor regions: 1->1(28)
[2025-12-18T08:23:53.091+0530][info][gc,heap     ] GC(362) Old regions: 237->237
[2025-12-18T08:23:53.091+0530][info][gc,heap     ] GC(362) Humongous regions: 3->3
[2025-12-18T08:23:53.091+0530][info][gc,metaspace] GC(362) Metaspace: 4129K(4352K)->4129K(4352K) NonClass: 3743K(3840K)->3743K(3840K) Class: 386K(512K)->386K(512K)
[2025-12-18T08:23:53.091+0530][info][gc          ] GC(362) Pause Young (Concurrent Start) (G1 Evacuation Pause) 482M->239M(512M) 2.509ms
[2025-12-18T08:23:53.091+0530][info][gc,cpu      ] GC(362) User=0.00s Sys=0.00s Real=0.00s
[2025-12-18T08:23:53.091+0530][info][gc          ] GC(363) Concurrent Mark Cycle
[2025-12-18T08:23:53.091+0530][info][gc,marking  ] GC(363) Concurrent Scan Root Regions
[2025-12-18T08:23:53.091+0530][info][gc,marking  ] GC(363) Concurrent Scan Root Regions 0.253ms
[2025-12-18T08:23:53.091+0530][info][gc,marking  ] GC(363) Concurrent Mark
[2025-12-18T08:23:53.091+0530][info][gc,marking  ] GC(363) Concurrent Mark From Roots
[2025-12-18T08:23:53.091+0530][info][gc,task     ] GC(363) Using 2 workers of 2 for marking
[2025-12-18T08:23:53.186+0530][info][gc,marking  ] GC(363) Concurrent Mark From Roots 94.682ms
[2025-12-18T08:23:53.186+0530][info][gc,marking  ] GC(363) Concurrent Preclean
[2025-12-18T08:23:53.186+0530][info][gc,marking  ] GC(363) Concurrent Preclean 0.068ms
[2025-12-18T08:23:53.186+0530][info][gc,start    ] GC(363) Pause Remark
[2025-12-18T08:23:53.188+0530][info][gc          ] GC(363) Pause Remark 330M->330M(512M) 1.228ms
[2025-12-18T08:23:53.188+0530][info][gc,cpu      ] GC(363) User=0.00s Sys=0.00s Real=0.00s
[2025-12-18T08:23:53.190+0530][info][gc,marking  ] GC(363) Concurrent Mark 97.669ms
[2025-12-18T08:23:53.190+0530][info][gc,marking  ] GC(363) Concurrent Rebuild Remembered Sets and Scrub Regions
[2025-12-18T08:23:53.235+0530][info][gc,marking  ] GC(363) Concurrent Rebuild Remembered Sets and Scrub Regions 46.598ms
[2025-12-18T08:23:53.235+0530][info][gc,start    ] GC(363) Pause Cleanup
[2025-12-18T08:23:53.237+0530][info][gc          ] GC(363) Pause Cleanup 373M->373M(512M) 0.328ms
[2025-12-18T08:23:53.237+0530][info][gc,cpu      ] GC(363) User=0.00s Sys=0.00s Real=0.00s
[2025-12-18T08:23:53.237+0530][info][gc,marking  ] GC(363) Concurrent Clear Claimed Marks
[2025-12-18T08:23:53.237+0530][info][gc,marking  ] GC(363) Concurrent Clear Claimed Marks 0.074ms
[2025-12-18T08:23:53.237+0530][info][gc,marking  ] GC(363) Concurrent Cleanup for Next Mark
[2025-12-18T08:23:53.239+0530][info][gc,marking  ] GC(363) Concurrent Cleanup for Next Mark 0.748ms
[2025-12-18T08:23:53.239+0530][info][gc          ] GC(363) Concurrent Mark Cycle 147.807ms
[2025-12-18T08:23:53.325+0530][info][gc,start    ] GC(364) Pause Young (Normal) (G1 Evacuation Pause)
[2025-12-18T08:23:53.325+0530][info][gc,task     ] GC(364) Using 8 workers of 8 for evacuation
[2025-12-18T08:23:53.327+0530][info][gc,phases   ] GC(364)   Pre Evacuate Collection Set: 0.2ms
[2025-12-18T08:23:53.327+0530][info][gc,phases   ] GC(364)   Merge Heap Roots: 0.1ms
[2025-12-18T08:23:53.327+0530][info][gc,phases   ] GC(364)   Evacuate Collection Set: 0.6ms
[2025-12-18T08:23:53.327+0530][info][gc,phases   ] GC(364)   Post Evacuate Collection Set: 0.6ms
[2025-12-18T08:23:53.327+0530][info][gc,phases   ] GC(364)   Other: 0.1ms
[2025-12-18T08:23:53.327+0530][info][gc,heap     ] GC(364) Eden regions: 243->0(243)
[2025-12-18T08:23:53.327+0530][info][gc,heap     ] GC(364) Survivor regions: 1->1(28)
[2025-12-18T08:23:53.327+0530][info][gc,heap     ] GC(364) Old regions: 237->237
[2025-12-18T08:23:53.327+0530][info][gc,heap     ] GC(364) Humongous regions: 3->3
[2025-12-18T08:23:53.327+0530][info][gc,metaspace] GC(364) Metaspace: 4129K(4352K)->4129K(4352K) NonClass: 3743K(3840K)->3743K(3840K) Class: 386K(512K)->386K(512K)
[2025-12-18T08:23:53.327+0530][info][gc          ] GC(364) Pause Young (Normal) (G1 Evacuation Pause) 482M->239M(512M) 2.012ms
[2025-12-18T08:23:53.327+0530][info][gc,cpu      ] GC(364) User=0.00s Sys=0.00s Real=0.00s
[2025-12-18T08:23:53.510+0530][info][gc,start    ] GC(365) Pause Young (Concurrent Start) (G1 Evacuation Pause)
[2025-12-18T08:23:53.510+0530][info][gc,task     ] GC(365) Using 8 workers of 8 for evacuation
[2025-12-18T08:23:53.512+0530][info][gc,phases   ] GC(365)   Pre Evacuate Collection Set: 0.3ms
[2025-12-18T08:23:53.512+0530][info][gc,phases   ] GC(365)   Merge Heap Roots: 0.1ms
[2025-12-18T08:23:53.512+0530][info][gc,phases   ] GC(365)   Evacuate Collection Set: 0.7ms
[2025-12-18T08:23:53.512+0530][info][gc,phases   ] GC(365)   Post Evacuate Collection Set: 0.6ms
[2025-12-18T08:23:53.512+0530][info][gc,phases   ] GC(365)   Other: 0.2ms
[2025-12-18T08:23:53.512+0530][info][gc,heap     ] GC(365) Eden regions: 243->0(243)
[2025-12-18T08:23:53.512+0530][info][gc,heap     ] GC(365) Survivor regions: 1->1(28)
[2025-12-18T08:23:53.512+0530][info][gc,heap     ] GC(365) Old regions: 237->237
[2025-12-18T08:23:53.512+0530][info][gc,heap     ] GC(365) Humongous regions: 3->3
[2025-12-18T08:23:53.512+0530][info][gc,metaspace] GC(365) Metaspace: 4129K(4352K)->4129K(4352K) NonClass: 3743K(3840K)->3743K(3840K) Class: 386K(512K)->386K(512K)
[2025-12-18T08:23:53.512+0530][info][gc          ] GC(365) Pause Young (Concurrent Start) (G1 Evacuation Pause) 482M->239M(512M) 2.229ms
[2025-12-18T08:23:53.515+0530][info][gc,cpu      ] GC(365) User=0.00s Sys=0.00s Real=0.01s
[2025-12-18T08:23:53.515+0530][info][gc          ] GC(366) Concurrent Mark Cycle
[2025-12-18T08:23:53.515+0530][info][gc,marking  ] GC(366) Concurrent Scan Root Regions
[2025-12-18T08:23:53.515+0530][info][gc,marking  ] GC(366) Concurrent Scan Root Regions 0.189ms
[2025-12-18T08:23:53.515+0530][info][gc,marking  ] GC(366) Concurrent Mark
[2025-12-18T08:23:53.515+0530][info][gc,marking  ] GC(366) Concurrent Mark From Roots
[2025-12-18T08:23:53.515+0530][info][gc,task     ] GC(366) Using 2 workers of 2 for marking
[2025-12-18T08:23:53.608+0530][info][gc,marking  ] GC(366) Concurrent Mark From Roots 94.791ms
[2025-12-18T08:23:53.608+0530][info][gc,marking  ] GC(366) Concurrent Preclean
[2025-12-18T08:23:53.608+0530][info][gc,marking  ] GC(366) Concurrent Preclean 0.064ms
[2025-12-18T08:23:53.608+0530][info][gc,start    ] GC(366) Pause Remark
[2025-12-18T08:23:53.610+0530][info][gc          ] GC(366) Pause Remark 334M->334M(512M) 1.234ms
[2025-12-18T08:23:53.610+0530][info][gc,cpu      ] GC(366) User=0.00s Sys=0.00s Real=0.00s
[2025-12-18T08:23:53.610+0530][info][gc,marking  ] GC(366) Concurrent Mark 97.319ms
[2025-12-18T08:23:53.610+0530][info][gc,marking  ] GC(366) Concurrent Rebuild Remembered Sets and Scrub Regions
[2025-12-18T08:23:53.657+0530][info][gc,marking  ] GC(366) Concurrent Rebuild Remembered Sets and Scrub Regions 46.833ms
[2025-12-18T08:23:53.659+0530][info][gc,start    ] GC(366) Pause Cleanup
[2025-12-18T08:23:53.659+0530][info][gc          ] GC(366) Pause Cleanup 377M->377M(512M) 0.232ms
[2025-12-18T08:23:53.659+0530][info][gc,cpu      ] GC(366) User=0.00s Sys=0.00s Real=0.00s
[2025-12-18T08:23:53.659+0530][info][gc,marking  ] GC(366) Concurrent Clear Claimed Marks
[2025-12-18T08:23:53.659+0530][info][gc,marking  ] GC(366) Concurrent Clear Claimed Marks 0.068ms
[2025-12-18T08:23:53.659+0530][info][gc,marking  ] GC(366) Concurrent Cleanup for Next Mark
[2025-12-18T08:23:53.661+0530][info][gc,marking  ] GC(366) Concurrent Cleanup for Next Mark 0.762ms
[2025-12-18T08:23:53.661+0530][info][gc          ] GC(366) Concurrent Mark Cycle 147.281ms
[2025-12-18T08:23:53.745+0530][info][gc,start    ] GC(367) Pause Young (Normal) (G1 Evacuation Pause)
[2025-12-18T08:23:53.745+0530][info][gc,task     ] GC(367) Using 8 workers of 8 for evacuation
[2025-12-18T08:23:53.747+0530][info][gc,phases   ] GC(367)   Pre Evacuate Collection Set: 0.2ms
[2025-12-18T08:23:53.747+0530][info][gc,phases   ] GC(367)   Merge Heap Roots: 0.1ms
[2025-12-18T08:23:53.747+0530][info][gc,phases   ] GC(367)   Evacuate Collection Set: 0.5ms
[2025-12-18T08:23:53.747+0530][info][gc,phases   ] GC(367)   Post Evacuate Collection Set: 0.6ms
[2025-12-18T08:23:53.747+0530][info][gc,phases   ] GC(367)   Other: 0.1ms
[2025-12-18T08:23:53.747+0530][info][gc,heap     ] GC(367) Eden regions: 243->0(243)
[2025-12-18T08:23:53.747+0530][info][gc,heap     ] GC(367) Survivor regions: 1->1(28)
[2025-12-18T08:23:53.747+0530][info][gc,heap     ] GC(367) Old regions: 237->237
[2025-12-18T08:23:53.747+0530][info][gc,heap     ] GC(367) Humongous regions: 3->3
[2025-12-18T08:23:53.747+0530][info][gc,metaspace] GC(367) Metaspace: 4129K(4352K)->4129K(4352K) NonClass: 3743K(3840K)->3743K(3840K) Class: 386K(512K)->386K(512K)
[2025-12-18T08:23:53.747+0530][info][gc          ] GC(367) Pause Young (Normal) (G1 Evacuation Pause) 482M->239M(512M) 1.959ms
[2025-12-18T08:23:53.747+0530][info][gc,cpu      ] GC(367) User=0.00s Sys=0.00s Real=0.00s
[2025-12-18T08:23:53.934+0530][info][gc,start    ] GC(368) Pause Young (Concurrent Start) (G1 Evacuation Pause)
[2025-12-18T08:23:53.934+0530][info][gc,task     ] GC(368) Using 8 workers of 8 for evacuation
[2025-12-18T08:23:53.936+0530][info][gc,phases   ] GC(368)   Pre Evacuate Collection Set: 0.3ms
[2025-12-18T08:23:53.936+0530][info][gc,phases   ] GC(368)   Merge Heap Roots: 0.1ms
[2025-12-18T08:23:53.936+0530][info][gc,phases   ] GC(368)   Evacuate Collection Set: 0.6ms
[2025-12-18T08:23:53.936+0530][info][gc,phases   ] GC(368)   Post Evacuate Collection Set: 0.6ms
[2025-12-18T08:23:53.936+0530][info][gc,phases   ] GC(368)   Other: 0.3ms
[2025-12-18T08:23:53.936+0530][info][gc,heap     ] GC(368) Eden regions: 243->0(243)
[2025-12-18T08:23:53.936+0530][info][gc,heap     ] GC(368) Survivor regions: 1->1(28)
[2025-12-18T08:23:53.936+0530][info][gc,heap     ] GC(368) Old regions: 237->237
[2025-12-18T08:23:53.936+0530][info][gc,heap     ] GC(368) Humongous regions: 3->3
[2025-12-18T08:23:53.936+0530][info][gc,metaspace] GC(368) Metaspace: 4129K(4352K)->4129K(4352K) NonClass: 3743K(3840K)->3743K(3840K) Class: 386K(512K)->386K(512K)
[2025-12-18T08:23:53.936+0530][info][gc          ] GC(368) Pause Young (Concurrent Start) (G1 Evacuation Pause) 482M->239M(512M) 2.278ms
[2025-12-18T08:23:53.936+0530][info][gc,cpu      ] GC(368) User=0.00s Sys=0.00s Real=0.00s
[2025-12-18T08:23:53.936+0530][info][gc          ] GC(369) Concurrent Mark Cycle
[2025-12-18T08:23:53.936+0530][info][gc,marking  ] GC(369) Concurrent Scan Root Regions
[2025-12-18T08:23:53.936+0530][info][gc,marking  ] GC(369) Concurrent Scan Root Regions 0.208ms
[2025-12-18T08:23:53.936+0530][info][gc,marking  ] GC(369) Concurrent Mark
[2025-12-18T08:23:53.936+0530][info][gc,marking  ] GC(369) Concurrent Mark From Roots
[2025-12-18T08:23:53.936+0530][info][gc,task     ] GC(369) Using 2 workers of 2 for marking
[2025-12-18T08:23:54.032+0530][info][gc,marking  ] GC(369) Concurrent Mark From Roots 95.144ms
[2025-12-18T08:23:54.032+0530][info][gc,marking  ] GC(369) Concurrent Preclean
[2025-12-18T08:23:54.032+0530][info][gc,marking  ] GC(369) Concurrent Preclean 0.066ms
[2025-12-18T08:23:54.032+0530][info][gc,start    ] GC(369) Pause Remark
[2025-12-18T08:23:54.034+0530][info][gc          ] GC(369) Pause Remark 331M->331M(512M) 1.292ms
[2025-12-18T08:23:54.034+0530][info][gc,cpu      ] GC(369) User=0.00s Sys=0.00s Real=0.00s
[2025-12-18T08:23:54.034+0530][info][gc,marking  ] GC(369) Concurrent Mark 97.873ms
[2025-12-18T08:23:54.034+0530][info][gc,marking  ] GC(369) Concurrent Rebuild Remembered Sets and Scrub Regions
[2025-12-18T08:23:54.082+0530][info][gc,marking  ] GC(369) Concurrent Rebuild Remembered Sets and Scrub Regions 46.810ms
[2025-12-18T08:23:54.082+0530][info][gc,start    ] GC(369) Pause Cleanup
[2025-12-18T08:23:54.082+0530][info][gc          ] GC(369) Pause Cleanup 375M->375M(512M) 0.235ms
[2025-12-18T08:23:54.082+0530][info][gc,cpu      ] GC(369) User=0.00s Sys=0.00s Real=0.00s
[2025-12-18T08:23:54.084+0530][info][gc,marking  ] GC(369) Concurrent Clear Claimed Marks
[2025-12-18T08:23:54.084+0530][info][gc,marking  ] GC(369) Concurrent Clear Claimed Marks 0.072ms
[2025-12-18T08:23:54.084+0530][info][gc,marking  ] GC(369) Concurrent Cleanup for Next Mark
[2025-12-18T08:23:54.084+0530][info][gc,marking  ] GC(369) Concurrent Cleanup for Next Mark 0.732ms
[2025-12-18T08:23:54.084+0530][info][gc          ] GC(369) Concurrent Mark Cycle 148.391ms
[2025-12-18T08:23:54.165+0530][info][gc,start    ] GC(370) Pause Young (Normal) (G1 Evacuation Pause)
[2025-12-18T08:23:54.165+0530][info][gc,task     ] GC(370) Using 8 workers of 8 for evacuation
[2025-12-18T08:23:54.168+0530][info][gc,phases   ] GC(370)   Pre Evacuate Collection Set: 0.3ms
[2025-12-18T08:23:54.168+0530][info][gc,phases   ] GC(370)   Merge Heap Roots: 0.1ms
[2025-12-18T08:23:54.168+0530][info][gc,phases   ] GC(370)   Evacuate Collection Set: 0.6ms
[2025-12-18T08:23:54.168+0530][info][gc,phases   ] GC(370)   Post Evacuate Collection Set: 0.6ms
[2025-12-18T08:23:54.168+0530][info][gc,phases   ] GC(370)   Other: 0.2ms
[2025-12-18T08:23:54.168+0530][info][gc,heap     ] GC(370) Eden regions: 243->0(243)
[2025-12-18T08:23:54.168+0530][info][gc,heap     ] GC(370) Survivor regions: 1->1(28)
[2025-12-18T08:23:54.168+0530][info][gc,heap     ] GC(370) Old regions: 237->237
[2025-12-18T08:23:54.168+0530][info][gc,heap     ] GC(370) Humongous regions: 3->3
[2025-12-18T08:23:54.168+0530][info][gc,metaspace] GC(370) Metaspace: 4129K(4352K)->4129K(4352K) NonClass: 3743K(3840K)->3743K(3840K) Class: 386K(512K)->386K(512K)
[2025-12-18T08:23:54.168+0530][info][gc          ] GC(370) Pause Young (Normal) (G1 Evacuation Pause) 482M->239M(512M) 2.092ms
[2025-12-18T08:23:54.168+0530][info][gc,cpu      ] GC(370) User=0.00s Sys=0.00s Real=0.00s
[2025-12-18T08:23:54.351+0530][info][gc,start    ] GC(371) Pause Young (Concurrent Start) (G1 Evacuation Pause)
[2025-12-18T08:23:54.351+0530][info][gc,task     ] GC(371) Using 8 workers of 8 for evacuation
[2025-12-18T08:23:54.353+0530][info][gc,phases   ] GC(371)   Pre Evacuate Collection Set: 0.3ms
[2025-12-18T08:23:54.353+0530][info][gc,phases   ] GC(371)   Merge Heap Roots: 0.1ms
[2025-12-18T08:23:54.353+0530][info][gc,phases   ] GC(371)   Evacuate Collection Set: 0.8ms
[2025-12-18T08:23:54.353+0530][info][gc,phases   ] GC(371)   Post Evacuate Collection Set: 0.6ms
[2025-12-18T08:23:54.353+0530][info][gc,phases   ] GC(371)   Other: 0.2ms
[2025-12-18T08:23:54.353+0530][info][gc,heap     ] GC(371) Eden regions: 243->0(243)
[2025-12-18T08:23:54.353+0530][info][gc,heap     ] GC(371) Survivor regions: 1->1(28)
[2025-12-18T08:23:54.353+0530][info][gc,heap     ] GC(371) Old regions: 237->237
[2025-12-18T08:23:54.353+0530][info][gc,heap     ] GC(371) Humongous regions: 3->3
[2025-12-18T08:23:54.355+0530][info][gc,metaspace] GC(371) Metaspace: 4129K(4352K)->4129K(4352K) NonClass: 3743K(3840K)->3743K(3840K) Class: 386K(512K)->386K(512K)
[2025-12-18T08:23:54.355+0530][info][gc          ] GC(371) Pause Young (Concurrent Start) (G1 Evacuation Pause) 482M->239M(512M) 2.462ms
[2025-12-18T08:23:54.355+0530][info][gc,cpu      ] GC(371) User=0.00s Sys=0.00s Real=0.00s
[2025-12-18T08:23:54.355+0530][info][gc          ] GC(372) Concurrent Mark Cycle
[2025-12-18T08:23:54.355+0530][info][gc,marking  ] GC(372) Concurrent Scan Root Regions
[2025-12-18T08:23:54.355+0530][info][gc,marking  ] GC(372) Concurrent Scan Root Regions 0.197ms
[2025-12-18T08:23:54.355+0530][info][gc,marking  ] GC(372) Concurrent Mark
[2025-12-18T08:23:54.355+0530][info][gc,marking  ] GC(372) Concurrent Mark From Roots
[2025-12-18T08:23:54.355+0530][info][gc,task     ] GC(372) Using 2 workers of 2 for marking
[2025-12-18T08:23:54.450+0530][info][gc,marking  ] GC(372) Concurrent Mark From Roots 95.177ms
[2025-12-18T08:23:54.450+0530][info][gc,marking  ] GC(372) Concurrent Preclean
[2025-12-18T08:23:54.450+0530][info][gc,marking  ] GC(372) Concurrent Preclean 0.069ms
[2025-12-18T08:23:54.450+0530][info][gc,start    ] GC(372) Pause Remark
[2025-12-18T08:23:54.452+0530][info][gc          ] GC(372) Pause Remark 330M->330M(512M) 1.104ms
[2025-12-18T08:23:54.452+0530][info][gc,cpu      ] GC(372) User=0.00s Sys=0.00s Real=0.00s
[2025-12-18T08:23:54.452+0530][info][gc,marking  ] GC(372) Concurrent Mark 97.246ms
[2025-12-18T08:23:54.452+0530][info][gc,marking  ] GC(372) Concurrent Rebuild Remembered Sets and Scrub Regions
[2025-12-18T08:23:54.497+0530][info][gc,marking  ] GC(372) Concurrent Rebuild Remembered Sets and Scrub Regions 46.166ms
[2025-12-18T08:23:54.499+0530][info][gc,start    ] GC(372) Pause Cleanup
[2025-12-18T08:23:54.499+0530][info][gc          ] GC(372) Pause Cleanup 376M->376M(512M) 0.317ms
[2025-12-18T08:23:54.499+0530][info][gc,cpu      ] GC(372) User=0.00s Sys=0.00s Real=0.00s
[2025-12-18T08:23:54.499+0530][info][gc,marking  ] GC(372) Concurrent Clear Claimed Marks
[2025-12-18T08:23:54.499+0530][info][gc,marking  ] GC(372) Concurrent Clear Claimed Marks 0.068ms
[2025-12-18T08:23:54.499+0530][info][gc,marking  ] GC(372) Concurrent Cleanup for Next Mark
[2025-12-18T08:23:54.501+0530][info][gc,marking  ] GC(372) Concurrent Cleanup for Next Mark 0.743ms
[2025-12-18T08:23:54.501+0530][info][gc          ] GC(372) Concurrent Mark Cycle 146.442ms
[2025-12-18T08:23:54.577+0530][info][gc,start    ] GC(373) Pause Young (Normal) (G1 Evacuation Pause)
[2025-12-18T08:23:54.577+0530][info][gc,task     ] GC(373) Using 8 workers of 8 for evacuation
[2025-12-18T08:23:54.579+0530][info][gc,phases   ] GC(373)   Pre Evacuate Collection Set: 0.3ms
[2025-12-18T08:23:54.579+0530][info][gc,phases   ] GC(373)   Merge Heap Roots: 0.1ms
[2025-12-18T08:23:54.579+0530][info][gc,phases   ] GC(373)   Evacuate Collection Set: 0.6ms
[2025-12-18T08:23:54.579+0530][info][gc,phases   ] GC(373)   Post Evacuate Collection Set: 0.6ms
[2025-12-18T08:23:54.579+0530][info][gc,phases   ] GC(373)   Other: 0.2ms
[2025-12-18T08:23:54.579+0530][info][gc,heap     ] GC(373) Eden regions: 243->0(243)
[2025-12-18T08:23:54.579+0530][info][gc,heap     ] GC(373) Survivor regions: 1->1(28)
[2025-12-18T08:23:54.579+0530][info][gc,heap     ] GC(373) Old regions: 237->237
[2025-12-18T08:23:54.579+0530][info][gc,heap     ] GC(373) Humongous regions: 3->3
[2025-12-18T08:23:54.579+0530][info][gc,metaspace] GC(373) Metaspace: 4129K(4352K)->4129K(4352K) NonClass: 3743K(3840K)->3743K(3840K) Class: 386K(512K)->386K(512K)
[2025-12-18T08:23:54.579+0530][info][gc          ] GC(373) Pause Young (Normal) (G1 Evacuation Pause) 482M->239M(512M) 2.097ms
[2025-12-18T08:23:54.579+0530][info][gc,cpu      ] GC(373) User=0.00s Sys=0.00s Real=0.00s
[2025-12-18T08:23:54.761+0530][info][gc,start    ] GC(374) Pause Young (Concurrent Start) (G1 Evacuation Pause)
[2025-12-18T08:23:54.761+0530][info][gc,task     ] GC(374) Using 8 workers of 8 for evacuation
[2025-12-18T08:23:54.763+0530][info][gc,phases   ] GC(374)   Pre Evacuate Collection Set: 0.3ms
[2025-12-18T08:23:54.763+0530][info][gc,phases   ] GC(374)   Merge Heap Roots: 0.2ms
[2025-12-18T08:23:54.763+0530][info][gc,phases   ] GC(374)   Evacuate Collection Set: 0.7ms
[2025-12-18T08:23:54.763+0530][info][gc,phases   ] GC(374)   Post Evacuate Collection Set: 0.6ms
[2025-12-18T08:23:54.763+0530][info][gc,phases   ] GC(374)   Other: 0.2ms
[2025-12-18T08:23:54.763+0530][info][gc,heap     ] GC(374) Eden regions: 243->0(243)
[2025-12-18T08:23:54.763+0530][info][gc,heap     ] GC(374) Survivor regions: 1->1(28)
[2025-12-18T08:23:54.763+0530][info][gc,heap     ] GC(374) Old regions: 237->237
[2025-12-18T08:23:54.763+0530][info][gc,heap     ] GC(374) Humongous regions: 3->3
[2025-12-18T08:23:54.763+0530][info][gc,metaspace] GC(374) Metaspace: 4129K(4352K)->4129K(4352K) NonClass: 3743K(3840K)->3743K(3840K) Class: 386K(512K)->386K(512K)
[2025-12-18T08:23:54.763+0530][info][gc          ] GC(374) Pause Young (Concurrent Start) (G1 Evacuation Pause) 482M->239M(512M) 2.456ms
[2025-12-18T08:23:54.763+0530][info][gc,cpu      ] GC(374) User=0.00s Sys=0.00s Real=0.00s
[2025-12-18T08:23:54.763+0530][info][gc          ] GC(375) Concurrent Mark Cycle
[2025-12-18T08:23:54.763+0530][info][gc,marking  ] GC(375) Concurrent Scan Root Regions
[2025-12-18T08:23:54.763+0530][info][gc,marking  ] GC(375) Concurrent Scan Root Regions 0.218ms
[2025-12-18T08:23:54.763+0530][info][gc,marking  ] GC(375) Concurrent Mark
[2025-12-18T08:23:54.763+0530][info][gc,marking  ] GC(375) Concurrent Mark From Roots
[2025-12-18T08:23:54.763+0530][info][gc,task     ] GC(375) Using 2 workers of 2 for marking
[2025-12-18T08:23:54.859+0530][info][gc,marking  ] GC(375) Concurrent Mark From Roots 94.953ms
[2025-12-18T08:23:54.859+0530][info][gc,marking  ] GC(375) Concurrent Preclean
[2025-12-18T08:23:54.859+0530][info][gc,marking  ] GC(375) Concurrent Preclean 0.070ms
[2025-12-18T08:23:54.859+0530][info][gc,start    ] GC(375) Pause Remark
[2025-12-18T08:23:54.861+0530][info][gc          ] GC(375) Pause Remark 332M->332M(512M) 1.252ms
[2025-12-18T08:23:54.861+0530][info][gc,cpu      ] GC(375) User=0.00s Sys=0.00s Real=0.00s
[2025-12-18T08:23:54.861+0530][info][gc,marking  ] GC(375) Concurrent Mark 97.216ms
[2025-12-18T08:23:54.861+0530][info][gc,marking  ] GC(375) Concurrent Rebuild Remembered Sets and Scrub Regions
[2025-12-18T08:23:54.908+0530][info][gc,marking  ] GC(375) Concurrent Rebuild Remembered Sets and Scrub Regions 46.927ms
[2025-12-18T08:23:54.908+0530][info][gc,start    ] GC(375) Pause Cleanup
[2025-12-18T08:23:54.908+0530][info][gc          ] GC(375) Pause Cleanup 376M->376M(512M) 0.291ms
[2025-12-18T08:23:54.908+0530][info][gc,cpu      ] GC(375) User=0.00s Sys=0.00s Real=0.00s
[2025-12-18T08:23:54.910+0530][info][gc,marking  ] GC(375) Concurrent Clear Claimed Marks
[2025-12-18T08:23:54.910+0530][info][gc,marking  ] GC(375) Concurrent Clear Claimed Marks 0.067ms
[2025-12-18T08:23:54.910+0530][info][gc,marking  ] GC(375) Concurrent Cleanup for Next Mark
[2025-12-18T08:23:54.910+0530][info][gc,marking  ] GC(375) Concurrent Cleanup for Next Mark 0.733ms
[2025-12-18T08:23:54.910+0530][info][gc          ] GC(375) Concurrent Mark Cycle 147.752ms
[2025-12-18T08:23:54.995+0530][info][gc,start    ] GC(376) Pause Young (Normal) (G1 Evacuation Pause)
[2025-12-18T08:23:54.995+0530][info][gc,task     ] GC(376) Using 8 workers of 8 for evacuation
[2025-12-18T08:23:54.997+0530][info][gc,phases   ] GC(376)   Pre Evacuate Collection Set: 0.2ms
[2025-12-18T08:23:54.997+0530][info][gc,phases   ] GC(376)   Merge Heap Roots: 0.1ms
[2025-12-18T08:23:54.997+0530][info][gc,phases   ] GC(376)   Evacuate Collection Set: 0.3ms
[2025-12-18T08:23:54.997+0530][info][gc,phases   ] GC(376)   Post Evacuate Collection Set: 0.6ms
[2025-12-18T08:23:54.997+0530][info][gc,phases   ] GC(376)   Other: 0.1ms
[2025-12-18T08:23:54.997+0530][info][gc,heap     ] GC(376) Eden regions: 243->0(243)
[2025-12-18T08:23:54.997+0530][info][gc,heap     ] GC(376) Survivor regions: 1->1(28)
[2025-12-18T08:23:54.997+0530][info][gc,heap     ] GC(376) Old regions: 237->237
[2025-12-18T08:23:54.997+0530][info][gc,heap     ] GC(376) Humongous regions: 3->3
[2025-12-18T08:23:54.997+0530][info][gc,metaspace] GC(376) Metaspace: 4129K(4352K)->4129K(4352K) NonClass: 3743K(3840K)->3743K(3840K) Class: 386K(512K)->386K(512K)
[2025-12-18T08:23:54.997+0530][info][gc          ] GC(376) Pause Young (Normal) (G1 Evacuation Pause) 482M->239M(512M) 1.780ms
[2025-12-18T08:23:54.997+0530][info][gc,cpu      ] GC(376) User=0.00s Sys=0.00s Real=0.00s
[2025-12-18T08:23:55.179+0530][info][gc,start    ] GC(377) Pause Young (Concurrent Start) (G1 Evacuation Pause)
[2025-12-18T08:23:55.179+0530][info][gc,task     ] GC(377) Using 8 workers of 8 for evacuation
[2025-12-18T08:23:55.182+0530][info][gc,phases   ] GC(377)   Pre Evacuate Collection Set: 2.5ms
[2025-12-18T08:23:55.182+0530][info][gc,phases   ] GC(377)   Merge Heap Roots: 0.1ms
[2025-12-18T08:23:55.182+0530][info][gc,phases   ] GC(377)   Evacuate Collection Set: 0.7ms
[2025-12-18T08:23:55.182+0530][info][gc,phases   ] GC(377)   Post Evacuate Collection Set: 0.6ms
[2025-12-18T08:23:55.182+0530][info][gc,phases   ] GC(377)   Other: 0.2ms
[2025-12-18T08:23:55.182+0530][info][gc,heap     ] GC(377) Eden regions: 243->0(243)
[2025-12-18T08:23:55.182+0530][info][gc,heap     ] GC(377) Survivor regions: 1->1(28)
[2025-12-18T08:23:55.182+0530][info][gc,heap     ] GC(377) Old regions: 237->237
[2025-12-18T08:23:55.182+0530][info][gc,heap     ] GC(377) Humongous regions: 3->3
[2025-12-18T08:23:55.184+0530][info][gc,metaspace] GC(377) Metaspace: 4129K(4352K)->4129K(4352K) NonClass: 3743K(3840K)->3743K(3840K) Class: 386K(512K)->386K(512K)
[2025-12-18T08:23:55.184+0530][info][gc          ] GC(377) Pause Young (Concurrent Start) (G1 Evacuation Pause) 482M->239M(512M) 4.511ms
[2025-12-18T08:23:55.184+0530][info][gc,cpu      ] GC(377) User=0.02s Sys=0.00s Real=0.01s
[2025-12-18T08:23:55.184+0530][info][gc          ] GC(378) Concurrent Mark Cycle
[2025-12-18T08:23:55.184+0530][info][gc,marking  ] GC(378) Concurrent Scan Root Regions
[2025-12-18T08:23:55.184+0530][info][gc,marking  ] GC(378) Concurrent Scan Root Regions 0.203ms
[2025-12-18T08:23:55.184+0530][info][gc,marking  ] GC(378) Concurrent Mark
[2025-12-18T08:23:55.184+0530][info][gc,marking  ] GC(378) Concurrent Mark From Roots
[2025-12-18T08:23:55.184+0530][info][gc,task     ] GC(378) Using 2 workers of 2 for marking
[2025-12-18T08:23:55.278+0530][info][gc,marking  ] GC(378) Concurrent Mark From Roots 93.920ms
[2025-12-18T08:23:55.278+0530][info][gc,marking  ] GC(378) Concurrent Preclean
[2025-12-18T08:23:55.278+0530][info][gc,marking  ] GC(378) Concurrent Preclean 0.068ms
[2025-12-18T08:23:55.278+0530][info][gc,start    ] GC(378) Pause Remark
[2025-12-18T08:23:55.280+0530][info][gc          ] GC(378) Pause Remark 334M->334M(512M) 1.054ms
[2025-12-18T08:23:55.280+0530][info][gc,cpu      ] GC(378) User=0.00s Sys=0.00s Real=0.00s
[2025-12-18T08:23:55.280+0530][info][gc,marking  ] GC(378) Concurrent Mark 95.789ms
[2025-12-18T08:23:55.280+0530][info][gc,marking  ] GC(378) Concurrent Rebuild Remembered Sets and Scrub Regions
[2025-12-18T08:23:55.326+0530][info][gc,marking  ] GC(378) Concurrent Rebuild Remembered Sets and Scrub Regions 46.439ms
[2025-12-18T08:23:55.326+0530][info][gc,start    ] GC(378) Pause Cleanup
[2025-12-18T08:23:55.327+0530][info][gc          ] GC(378) Pause Cleanup 379M->379M(512M) 0.299ms
[2025-12-18T08:23:55.327+0530][info][gc,cpu      ] GC(378) User=0.00s Sys=0.00s Real=0.00s
[2025-12-18T08:23:55.327+0530][info][gc,marking  ] GC(378) Concurrent Clear Claimed Marks
[2025-12-18T08:23:55.327+0530][info][gc,marking  ] GC(378) Concurrent Clear Claimed Marks 0.063ms
[2025-12-18T08:23:55.327+0530][info][gc,marking  ] GC(378) Concurrent Cleanup for Next Mark
[2025-12-18T08:23:55.327+0530][info][gc,marking  ] GC(378) Concurrent Cleanup for Next Mark 0.748ms
[2025-12-18T08:23:55.327+0530][info][gc          ] GC(378) Concurrent Mark Cycle 144.798ms
[2025-12-18T08:23:55.403+0530][info][gc,start    ] GC(379) Pause Young (Normal) (G1 Evacuation Pause)
[2025-12-18T08:23:55.403+0530][info][gc,task     ] GC(379) Using 8 workers of 8 for evacuation
[2025-12-18T08:23:55.405+0530][info][gc,phases   ] GC(379)   Pre Evacuate Collection Set: 0.3ms
[2025-12-18T08:23:55.405+0530][info][gc,phases   ] GC(379)   Merge Heap Roots: 0.1ms
[2025-12-18T08:23:55.405+0530][info][gc,phases   ] GC(379)   Evacuate Collection Set: 0.5ms
[2025-12-18T08:23:55.405+0530][info][gc,phases   ] GC(379)   Post Evacuate Collection Set: 0.9ms
[2025-12-18T08:23:55.405+0530][info][gc,phases   ] GC(379)   Other: 0.1ms
[2025-12-18T08:23:55.405+0530][info][gc,heap     ] GC(379) Eden regions: 243->0(243)
[2025-12-18T08:23:55.405+0530][info][gc,heap     ] GC(379) Survivor regions: 1->1(28)
[2025-12-18T08:23:55.405+0530][info][gc,heap     ] GC(379) Old regions: 237->237
[2025-12-18T08:23:55.405+0530][info][gc,heap     ] GC(379) Humongous regions: 3->3
[2025-12-18T08:23:55.405+0530][info][gc,metaspace] GC(379) Metaspace: 4129K(4352K)->4129K(4352K) NonClass: 3743K(3840K)->3743K(3840K) Class: 386K(512K)->386K(512K)
[2025-12-18T08:23:55.405+0530][info][gc          ] GC(379) Pause Young (Normal) (G1 Evacuation Pause) 482M->239M(512M) 2.291ms
[2025-12-18T08:23:55.405+0530][info][gc,cpu      ] GC(379) User=0.00s Sys=0.00s Real=0.00s
[2025-12-18T08:23:55.587+0530][info][gc,start    ] GC(380) Pause Young (Concurrent Start) (G1 Evacuation Pause)
[2025-12-18T08:23:55.587+0530][info][gc,task     ] GC(380) Using 8 workers of 8 for evacuation
[2025-12-18T08:23:55.589+0530][info][gc,phases   ] GC(380)   Pre Evacuate Collection Set: 0.3ms
[2025-12-18T08:23:55.589+0530][info][gc,phases   ] GC(380)   Merge Heap Roots: 0.1ms
[2025-12-18T08:23:55.589+0530][info][gc,phases   ] GC(380)   Evacuate Collection Set: 0.6ms
[2025-12-18T08:23:55.589+0530][info][gc,phases   ] GC(380)   Post Evacuate Collection Set: 0.5ms
[2025-12-18T08:23:55.589+0530][info][gc,phases   ] GC(380)   Other: 0.2ms
[2025-12-18T08:23:55.589+0530][info][gc,heap     ] GC(380) Eden regions: 243->0(243)
[2025-12-18T08:23:55.589+0530][info][gc,heap     ] GC(380) Survivor regions: 1->1(28)
[2025-12-18T08:23:55.589+0530][info][gc,heap     ] GC(380) Old regions: 237->237
[2025-12-18T08:23:55.589+0530][info][gc,heap     ] GC(380) Humongous regions: 3->3
[2025-12-18T08:23:55.589+0530][info][gc,metaspace] GC(380) Metaspace: 4129K(4352K)->4129K(4352K) NonClass: 3743K(3840K)->3743K(3840K) Class: 386K(512K)->386K(512K)
[2025-12-18T08:23:55.589+0530][info][gc          ] GC(380) Pause Young (Concurrent Start) (G1 Evacuation Pause) 482M->239M(512M) 2.194ms
[2025-12-18T08:23:55.589+0530][info][gc,cpu      ] GC(380) User=0.00s Sys=0.00s Real=0.00s
[2025-12-18T08:23:55.589+0530][info][gc          ] GC(381) Concurrent Mark Cycle
[2025-12-18T08:23:55.589+0530][info][gc,marking  ] GC(381) Concurrent Scan Root Regions
[2025-12-18T08:23:55.589+0530][info][gc,marking  ] GC(381) Concurrent Scan Root Regions 0.208ms
[2025-12-18T08:23:55.589+0530][info][gc,marking  ] GC(381) Concurrent Mark
[2025-12-18T08:23:55.589+0530][info][gc,marking  ] GC(381) Concurrent Mark From Roots
[2025-12-18T08:23:55.589+0530][info][gc,task     ] GC(381) Using 2 workers of 2 for marking
[2025-12-18T08:23:55.682+0530][info][gc,marking  ] GC(381) Concurrent Mark From Roots 94.137ms
[2025-12-18T08:23:55.682+0530][info][gc,marking  ] GC(381) Concurrent Preclean
[2025-12-18T08:23:55.682+0530][info][gc,marking  ] GC(381) Concurrent Preclean 0.104ms
[2025-12-18T08:23:55.684+0530][info][gc,start    ] GC(381) Pause Remark
[2025-12-18T08:23:55.684+0530][info][gc          ] GC(381) Pause Remark 336M->336M(512M) 1.233ms
[2025-12-18T08:23:55.684+0530][info][gc,cpu      ] GC(381) User=0.00s Sys=0.00s Real=0.00s
[2025-12-18T08:23:55.686+0530][info][gc,marking  ] GC(381) Concurrent Mark 96.670ms
[2025-12-18T08:23:55.686+0530][info][gc,marking  ] GC(381) Concurrent Rebuild Remembered Sets and Scrub Regions
[2025-12-18T08:23:55.732+0530][info][gc,marking  ] GC(381) Concurrent Rebuild Remembered Sets and Scrub Regions 45.727ms
[2025-12-18T08:23:55.732+0530][info][gc,start    ] GC(381) Pause Cleanup
[2025-12-18T08:23:55.733+0530][info][gc          ] GC(381) Pause Cleanup 384M->384M(512M) 0.298ms
[2025-12-18T08:23:55.733+0530][info][gc,cpu      ] GC(381) User=0.00s Sys=0.00s Real=0.00s
[2025-12-18T08:23:55.733+0530][info][gc,marking  ] GC(381) Concurrent Clear Claimed Marks
[2025-12-18T08:23:55.735+0530][info][gc,marking  ] GC(381) Concurrent Clear Claimed Marks 0.080ms
[2025-12-18T08:23:55.735+0530][info][gc,marking  ] GC(381) Concurrent Cleanup for Next Mark
[2025-12-18T08:23:55.735+0530][info][gc,marking  ] GC(381) Concurrent Cleanup for Next Mark 0.758ms
[2025-12-18T08:23:55.735+0530][info][gc          ] GC(381) Concurrent Mark Cycle 146.814ms
[2025-12-18T08:23:55.827+0530][info][gc,start    ] GC(382) Pause Young (Normal) (G1 Evacuation Pause)
[2025-12-18T08:23:55.827+0530][info][gc,task     ] GC(382) Using 8 workers of 8 for evacuation
[2025-12-18T08:23:55.829+0530][info][gc,phases   ] GC(382)   Pre Evacuate Collection Set: 0.4ms
[2025-12-18T08:23:55.829+0530][info][gc,phases   ] GC(382)   Merge Heap Roots: 0.1ms
[2025-12-18T08:23:55.829+0530][info][gc,phases   ] GC(382)   Evacuate Collection Set: 0.6ms
[2025-12-18T08:23:55.829+0530][info][gc,phases   ] GC(382)   Post Evacuate Collection Set: 0.6ms
[2025-12-18T08:23:55.829+0530][info][gc,phases   ] GC(382)   Other: 0.2ms
[2025-12-18T08:23:55.829+0530][info][gc,heap     ] GC(382) Eden regions: 243->0(243)
[2025-12-18T08:23:55.829+0530][info][gc,heap     ] GC(382) Survivor regions: 1->1(28)
[2025-12-18T08:23:55.829+0530][info][gc,heap     ] GC(382) Old regions: 237->237
[2025-12-18T08:23:55.829+0530][info][gc,heap     ] GC(382) Humongous regions: 3->3
[2025-12-18T08:23:55.829+0530][info][gc,metaspace] GC(382) Metaspace: 4129K(4352K)->4129K(4352K) NonClass: 3743K(3840K)->3743K(3840K) Class: 386K(512K)->386K(512K)
[2025-12-18T08:23:55.829+0530][info][gc          ] GC(382) Pause Young (Normal) (G1 Evacuation Pause) 482M->239M(512M) 2.180ms
[2025-12-18T08:23:55.829+0530][info][gc,cpu      ] GC(382) User=0.00s Sys=0.00s Real=0.00s
[2025-12-18T08:23:56.011+0530][info][gc,start    ] GC(383) Pause Young (Concurrent Start) (G1 Evacuation Pause)
[2025-12-18T08:23:56.011+0530][info][gc,task     ] GC(383) Using 8 workers of 8 for evacuation
[2025-12-18T08:23:56.013+0530][info][gc,phases   ] GC(383)   Pre Evacuate Collection Set: 0.3ms
[2025-12-18T08:23:56.013+0530][info][gc,phases   ] GC(383)   Merge Heap Roots: 0.1ms
[2025-12-18T08:23:56.013+0530][info][gc,phases   ] GC(383)   Evacuate Collection Set: 0.6ms
[2025-12-18T08:23:56.013+0530][info][gc,phases   ] GC(383)   Post Evacuate Collection Set: 0.5ms
[2025-12-18T08:23:56.013+0530][info][gc,phases   ] GC(383)   Other: 0.2ms
[2025-12-18T08:23:56.013+0530][info][gc,heap     ] GC(383) Eden regions: 243->0(243)
[2025-12-18T08:23:56.013+0530][info][gc,heap     ] GC(383) Survivor regions: 1->1(28)
[2025-12-18T08:23:56.013+0530][info][gc,heap     ] GC(383) Old regions: 237->237
[2025-12-18T08:23:56.013+0530][info][gc,heap     ] GC(383) Humongous regions: 3->3
[2025-12-18T08:23:56.013+0530][info][gc,metaspace] GC(383) Metaspace: 4129K(4352K)->4129K(4352K) NonClass: 3743K(3840K)->3743K(3840K) Class: 386K(512K)->386K(512K)
[2025-12-18T08:23:56.013+0530][info][gc          ] GC(383) Pause Young (Concurrent Start) (G1 Evacuation Pause) 482M->239M(512M) 2.139ms
[2025-12-18T08:23:56.013+0530][info][gc,cpu      ] GC(383) User=0.00s Sys=0.00s Real=0.00s
[2025-12-18T08:23:56.013+0530][info][gc          ] GC(384) Concurrent Mark Cycle
[2025-12-18T08:23:56.013+0530][info][gc,marking  ] GC(384) Concurrent Scan Root Regions
[2025-12-18T08:23:56.015+0530][info][gc,marking  ] GC(384) Concurrent Scan Root Regions 0.260ms
[2025-12-18T08:23:56.015+0530][info][gc,marking  ] GC(384) Concurrent Mark
[2025-12-18T08:23:56.015+0530][info][gc,marking  ] GC(384) Concurrent Mark From Roots
[2025-12-18T08:23:56.015+0530][info][gc,task     ] GC(384) Using 2 workers of 2 for marking
[2025-12-18T08:23:56.109+0530][info][gc,marking  ] GC(384) Concurrent Mark From Roots 95.450ms
[2025-12-18T08:23:56.111+0530][info][gc,marking  ] GC(384) Concurrent Preclean
[2025-12-18T08:23:56.111+0530][info][gc,marking  ] GC(384) Concurrent Preclean 0.064ms
[2025-12-18T08:23:56.111+0530][info][gc,start    ] GC(384) Pause Remark
[2025-12-18T08:23:56.111+0530][info][gc          ] GC(384) Pause Remark 328M->328M(512M) 1.360ms
[2025-12-18T08:23:56.111+0530][info][gc,cpu      ] GC(384) User=0.00s Sys=0.00s Real=0.00s
[2025-12-18T08:23:56.113+0530][info][gc,marking  ] GC(384) Concurrent Mark 97.968ms
[2025-12-18T08:23:56.113+0530][info][gc,marking  ] GC(384) Concurrent Rebuild Remembered Sets and Scrub Regions
[2025-12-18T08:23:56.159+0530][info][gc,marking  ] GC(384) Concurrent Rebuild Remembered Sets and Scrub Regions 46.561ms
[2025-12-18T08:23:56.159+0530][info][gc,start    ] GC(384) Pause Cleanup
[2025-12-18T08:23:56.159+0530][info][gc          ] GC(384) Pause Cleanup 374M->374M(512M) 0.325ms
[2025-12-18T08:23:56.159+0530][info][gc,cpu      ] GC(384) User=0.00s Sys=0.00s Real=0.00s
[2025-12-18T08:23:56.159+0530][info][gc,marking  ] GC(384) Concurrent Clear Claimed Marks
[2025-12-18T08:23:56.159+0530][info][gc,marking  ] GC(384) Concurrent Clear Claimed Marks 0.066ms
[2025-12-18T08:23:56.159+0530][info][gc,marking  ] GC(384) Concurrent Cleanup for Next Mark
[2025-12-18T08:23:56.161+0530][info][gc,marking  ] GC(384) Concurrent Cleanup for Next Mark 0.745ms
[2025-12-18T08:23:56.161+0530][info][gc          ] GC(384) Concurrent Mark Cycle 147.189ms
[2025-12-18T08:23:56.243+0530][info][gc,start    ] GC(385) Pause Young (Normal) (G1 Evacuation Pause)
[2025-12-18T08:23:56.243+0530][info][gc,task     ] GC(385) Using 8 workers of 8 for evacuation
[2025-12-18T08:23:56.243+0530][info][gc,phases   ] GC(385)   Pre Evacuate Collection Set: 0.3ms
[2025-12-18T08:23:56.243+0530][info][gc,phases   ] GC(385)   Merge Heap Roots: 0.1ms
[2025-12-18T08:23:56.243+0530][info][gc,phases   ] GC(385)   Evacuate Collection Set: 0.5ms
[2025-12-18T08:23:56.243+0530][info][gc,phases   ] GC(385)   Post Evacuate Collection Set: 0.6ms
[2025-12-18T08:23:56.243+0530][info][gc,phases   ] GC(385)   Other: 0.1ms
[2025-12-18T08:23:56.243+0530][info][gc,heap     ] GC(385) Eden regions: 243->0(243)
[2025-12-18T08:23:56.243+0530][info][gc,heap     ] GC(385) Survivor regions: 1->1(28)
[2025-12-18T08:23:56.245+0530][info][gc,heap     ] GC(385) Old regions: 237->237
[2025-12-18T08:23:56.245+0530][info][gc,heap     ] GC(385) Humongous regions: 3->3
[2025-12-18T08:23:56.245+0530][info][gc,metaspace] GC(385) Metaspace: 4129K(4352K)->4129K(4352K) NonClass: 3743K(3840K)->3743K(3840K) Class: 386K(512K)->386K(512K)
[2025-12-18T08:23:56.245+0530][info][gc          ] GC(385) Pause Young (Normal) (G1 Evacuation Pause) 482M->239M(512M) 1.911ms
[2025-12-18T08:23:56.245+0530][info][gc,cpu      ] GC(385) User=0.00s Sys=0.00s Real=0.00s
[2025-12-18T08:23:56.421+0530][info][gc,start    ] GC(386) Pause Young (Concurrent Start) (G1 Evacuation Pause)
[2025-12-18T08:23:56.421+0530][info][gc,task     ] GC(386) Using 8 workers of 8 for evacuation
[2025-12-18T08:23:56.423+0530][info][gc,phases   ] GC(386)   Pre Evacuate Collection Set: 0.3ms
[2025-12-18T08:23:56.423+0530][info][gc,phases   ] GC(386)   Merge Heap Roots: 0.2ms
[2025-12-18T08:23:56.423+0530][info][gc,phases   ] GC(386)   Evacuate Collection Set: 0.7ms
[2025-12-18T08:23:56.423+0530][info][gc,phases   ] GC(386)   Post Evacuate Collection Set: 0.6ms
[2025-12-18T08:23:56.423+0530][info][gc,phases   ] GC(386)   Other: 0.2ms
[2025-12-18T08:23:56.423+0530][info][gc,heap     ] GC(386) Eden regions: 243->0(243)
[2025-12-18T08:23:56.423+0530][info][gc,heap     ] GC(386) Survivor regions: 1->1(28)
[2025-12-18T08:23:56.423+0530][info][gc,heap     ] GC(386) Old regions: 237->237
[2025-12-18T08:23:56.423+0530][info][gc,heap     ] GC(386) Humongous regions: 3->3
[2025-12-18T08:23:56.423+0530][info][gc,metaspace] GC(386) Metaspace: 4129K(4352K)->4129K(4352K) NonClass: 3743K(3840K)->3743K(3840K) Class: 386K(512K)->386K(512K)
[2025-12-18T08:23:56.423+0530][info][gc          ] GC(386) Pause Young (Concurrent Start) (G1 Evacuation Pause) 482M->239M(512M) 2.404ms
[2025-12-18T08:23:56.423+0530][info][gc,cpu      ] GC(386) User=0.00s Sys=0.00s Real=0.00s
[2025-12-18T08:23:56.423+0530][info][gc          ] GC(387) Concurrent Mark Cycle
[2025-12-18T08:23:56.423+0530][info][gc,marking  ] GC(387) Concurrent Scan Root Regions
[2025-12-18T08:23:56.425+0530][info][gc,marking  ] GC(387) Concurrent Scan Root Regions 0.248ms
[2025-12-18T08:23:56.425+0530][info][gc,marking  ] GC(387) Concurrent Mark
[2025-12-18T08:23:56.425+0530][info][gc,marking  ] GC(387) Concurrent Mark From Roots
[2025-12-18T08:23:56.425+0530][info][gc,task     ] GC(387) Using 2 workers of 2 for marking
[2025-12-18T08:23:56.519+0530][info][gc,marking  ] GC(387) Concurrent Mark From Roots 95.312ms
[2025-12-18T08:23:56.519+0530][info][gc,marking  ] GC(387) Concurrent Preclean
[2025-12-18T08:23:56.521+0530][info][gc,marking  ] GC(387) Concurrent Preclean 0.069ms
[2025-12-18T08:23:56.548+0530][info][gc,start    ] GC(387) Pause Remark
[2025-12-18T08:23:56.548+0530][info][gc          ] GC(387) Pause Remark 328M->328M(512M) 1.513ms
[2025-12-18T08:23:56.548+0530][info][gc,cpu      ] GC(387) User=0.00s Sys=0.00s Real=0.00s
[2025-12-18T08:23:56.550+0530][info][gc,marking  ] GC(387) Concurrent Mark 125.620ms
[2025-12-18T08:23:56.550+0530][info][gc,marking  ] GC(387) Concurrent Rebuild Remembered Sets and Scrub Regions
[2025-12-18T08:23:56.682+0530][info][gc,marking  ] GC(387) Concurrent Rebuild Remembered Sets and Scrub Regions 132.218ms
[2025-12-18T08:23:56.684+0530][info][gc,start    ] GC(387) Pause Cleanup
[2025-12-18T08:23:56.684+0530][info][gc          ] GC(387) Pause Cleanup 473M->473M(512M) 0.242ms
[2025-12-18T08:23:56.684+0530][info][gc,cpu      ] GC(387) User=0.00s Sys=0.00s Real=0.00s
[2025-12-18T08:23:56.684+0530][info][gc,marking  ] GC(387) Concurrent Clear Claimed Marks
[2025-12-18T08:23:56.684+0530][info][gc,marking  ] GC(387) Concurrent Clear Claimed Marks 0.074ms
[2025-12-18T08:23:56.684+0530][info][gc,marking  ] GC(387) Concurrent Cleanup for Next Mark
[2025-12-18T08:23:56.684+0530][info][gc,marking  ] GC(387) Concurrent Cleanup for Next Mark 0.744ms
[2025-12-18T08:23:56.684+0530][info][gc          ] GC(387) Concurrent Mark Cycle 260.943ms
[2025-12-18T08:23:56.692+0530][info][gc,start    ] GC(388) Pause Young (Normal) (G1 Evacuation Pause)
[2025-12-18T08:23:56.692+0530][info][gc,task     ] GC(388) Using 8 workers of 8 for evacuation
[2025-12-18T08:23:56.694+0530][info][gc,phases   ] GC(388)   Pre Evacuate Collection Set: 0.3ms
[2025-12-18T08:23:56.694+0530][info][gc,phases   ] GC(388)   Merge Heap Roots: 0.1ms
[2025-12-18T08:23:56.694+0530][info][gc,phases   ] GC(388)   Evacuate Collection Set: 1.0ms
[2025-12-18T08:23:56.694+0530][info][gc,phases   ] GC(388)   Post Evacuate Collection Set: 0.6ms
[2025-12-18T08:23:56.694+0530][info][gc,phases   ] GC(388)   Other: 0.1ms
[2025-12-18T08:23:56.694+0530][info][gc,heap     ] GC(388) Eden regions: 243->0(243)
[2025-12-18T08:23:56.694+0530][info][gc,heap     ] GC(388) Survivor regions: 1->1(28)
[2025-12-18T08:23:56.694+0530][info][gc,heap     ] GC(388) Old regions: 237->237
[2025-12-18T08:23:56.694+0530][info][gc,heap     ] GC(388) Humongous regions: 3->3
[2025-12-18T08:23:56.694+0530][info][gc,metaspace] GC(388) Metaspace: 4157K(4416K)->4157K(4416K) NonClass: 3767K(3904K)->3767K(3904K) Class: 389K(512K)->389K(512K)
[2025-12-18T08:23:56.694+0530][info][gc          ] GC(388) Pause Young (Normal) (G1 Evacuation Pause) 482M->239M(512M) 2.391ms
[2025-12-18T08:23:56.694+0530][info][gc,cpu      ] GC(388) User=0.00s Sys=0.00s Real=0.00s
[2025-12-18T08:23:56.901+0530][info][gc,start    ] GC(389) Pause Young (Concurrent Start) (G1 Evacuation Pause)
[2025-12-18T08:23:56.901+0530][info][gc,task     ] GC(389) Using 8 workers of 8 for evacuation
[2025-12-18T08:23:56.903+0530][info][gc,phases   ] GC(389)   Pre Evacuate Collection Set: 0.3ms
[2025-12-18T08:23:56.903+0530][info][gc,phases   ] GC(389)   Merge Heap Roots: 0.2ms
[2025-12-18T08:23:56.903+0530][info][gc,phases   ] GC(389)   Evacuate Collection Set: 0.7ms
[2025-12-18T08:23:56.903+0530][info][gc,phases   ] GC(389)   Post Evacuate Collection Set: 0.6ms
[2025-12-18T08:23:56.903+0530][info][gc,phases   ] GC(389)   Other: 0.2ms
[2025-12-18T08:23:56.903+0530][info][gc,heap     ] GC(389) Eden regions: 243->0(243)
[2025-12-18T08:23:56.903+0530][info][gc,heap     ] GC(389) Survivor regions: 1->1(28)
[2025-12-18T08:23:56.903+0530][info][gc,heap     ] GC(389) Old regions: 237->237
[2025-12-18T08:23:56.903+0530][info][gc,heap     ] GC(389) Humongous regions: 3->3
[2025-12-18T08:23:56.903+0530][info][gc,metaspace] GC(389) Metaspace: 4280K(4544K)->4280K(4544K) NonClass: 3876K(4032K)->3876K(4032K) Class: 404K(512K)->404K(512K)
[2025-12-18T08:23:56.903+0530][info][gc          ] GC(389) Pause Young (Concurrent Start) (G1 Evacuation Pause) 482M->239M(512M) 2.263ms
[2025-12-18T08:23:56.903+0530][info][gc,cpu      ] GC(389) User=0.00s Sys=0.00s Real=0.00s
[2025-12-18T08:23:56.903+0530][info][gc          ] GC(390) Concurrent Mark Cycle
[2025-12-18T08:23:56.903+0530][info][gc,marking  ] GC(390) Concurrent Scan Root Regions
[2025-12-18T08:23:56.903+0530][info][gc,marking  ] GC(390) Concurrent Scan Root Regions 0.391ms
[2025-12-18T08:23:56.904+0530][info][gc,marking  ] GC(390) Concurrent Mark
[2025-12-18T08:23:56.904+0530][info][gc,marking  ] GC(390) Concurrent Mark From Roots
[2025-12-18T08:23:56.904+0530][info][gc,task     ] GC(390) Using 2 workers of 2 for marking
[2025-12-18T08:23:56.998+0530][info][gc,marking  ] GC(390) Concurrent Mark From Roots 94.656ms
[2025-12-18T08:23:56.998+0530][info][gc,marking  ] GC(390) Concurrent Preclean
[2025-12-18T08:23:56.998+0530][info][gc,marking  ] GC(390) Concurrent Preclean 0.068ms
[2025-12-18T08:23:56.998+0530][info][gc,start    ] GC(390) Pause Remark
[2025-12-18T08:23:56.999+0530][info][gc          ] GC(390) Pause Remark 331M->331M(512M) 1.145ms
[2025-12-18T08:23:56.999+0530][info][gc,cpu      ] GC(390) User=0.00s Sys=0.00s Real=0.00s
[2025-12-18T08:23:57.000+0530][info][gc,marking  ] GC(390) Concurrent Mark 97.112ms
[2025-12-18T08:23:57.000+0530][info][gc,marking  ] GC(390) Concurrent Rebuild Remembered Sets and Scrub Regions
[2025-12-18T08:23:57.047+0530][info][gc,marking  ] GC(390) Concurrent Rebuild Remembered Sets and Scrub Regions 46.926ms
[2025-12-18T08:23:57.048+0530][info][gc,start    ] GC(390) Pause Cleanup
[2025-12-18T08:23:57.048+0530][info][gc          ] GC(390) Pause Cleanup 377M->377M(512M) 0.294ms
[2025-12-18T08:23:57.048+0530][info][gc,cpu      ] GC(390) User=0.00s Sys=0.00s Real=0.00s
[2025-12-18T08:23:57.049+0530][info][gc,marking  ] GC(390) Concurrent Clear Claimed Marks
[2025-12-18T08:23:57.049+0530][info][gc,marking  ] GC(390) Concurrent Clear Claimed Marks 0.066ms
[2025-12-18T08:23:57.049+0530][info][gc,marking  ] GC(390) Concurrent Cleanup for Next Mark
[2025-12-18T08:23:57.050+0530][info][gc,marking  ] GC(390) Concurrent Cleanup for Next Mark 0.743ms
[2025-12-18T08:23:57.050+0530][info][gc          ] GC(390) Concurrent Mark Cycle 147.173ms
[2025-12-18T08:23:57.133+0530][info][gc,start    ] GC(391) Pause Young (Normal) (G1 Evacuation Pause)
[2025-12-18T08:23:57.133+0530][info][gc,task     ] GC(391) Using 8 workers of 8 for evacuation
[2025-12-18T08:23:57.134+0530][info][gc,phases   ] GC(391)   Pre Evacuate Collection Set: 0.2ms
[2025-12-18T08:23:57.134+0530][info][gc,phases   ] GC(391)   Merge Heap Roots: 0.1ms
[2025-12-18T08:23:57.135+0530][info][gc,phases   ] GC(391)   Evacuate Collection Set: 0.4ms
[2025-12-18T08:23:57.135+0530][info][gc,phases   ] GC(391)   Post Evacuate Collection Set: 0.5ms
[2025-12-18T08:23:57.135+0530][info][gc,phases   ] GC(391)   Other: 0.2ms
[2025-12-18T08:23:57.135+0530][info][gc,heap     ] GC(391) Eden regions: 243->0(243)
[2025-12-18T08:23:57.135+0530][info][gc,heap     ] GC(391) Survivor regions: 1->1(28)
[2025-12-18T08:23:57.135+0530][info][gc,heap     ] GC(391) Old regions: 237->237
[2025-12-18T08:23:57.135+0530][info][gc,heap     ] GC(391) Humongous regions: 3->3
[2025-12-18T08:23:57.135+0530][info][gc,metaspace] GC(391) Metaspace: 4280K(4544K)->4280K(4544K) NonClass: 3876K(4032K)->3876K(4032K) Class: 404K(512K)->404K(512K)
[2025-12-18T08:23:57.135+0530][info][gc          ] GC(391) Pause Young (Normal) (G1 Evacuation Pause) 482M->239M(512M) 1.894ms
[2025-12-18T08:23:57.135+0530][info][gc,cpu      ] GC(391) User=0.00s Sys=0.00s Real=0.00s
[2025-12-18T08:23:57.322+0530][info][gc,start    ] GC(392) Pause Young (Concurrent Start) (G1 Evacuation Pause)
[2025-12-18T08:23:57.322+0530][info][gc,task     ] GC(392) Using 8 workers of 8 for evacuation
[2025-12-18T08:23:57.324+0530][info][gc,phases   ] GC(392)   Pre Evacuate Collection Set: 0.3ms
[2025-12-18T08:23:57.324+0530][info][gc,phases   ] GC(392)   Merge Heap Roots: 0.1ms
[2025-12-18T08:23:57.324+0530][info][gc,phases   ] GC(392)   Evacuate Collection Set: 0.7ms
[2025-12-18T08:23:57.324+0530][info][gc,phases   ] GC(392)   Post Evacuate Collection Set: 0.6ms
[2025-12-18T08:23:57.324+0530][info][gc,phases   ] GC(392)   Other: 0.2ms
[2025-12-18T08:23:57.324+0530][info][gc,heap     ] GC(392) Eden regions: 243->0(243)
[2025-12-18T08:23:57.324+0530][info][gc,heap     ] GC(392) Survivor regions: 1->1(28)
[2025-12-18T08:23:57.324+0530][info][gc,heap     ] GC(392) Old regions: 237->237
[2025-12-18T08:23:57.324+0530][info][gc,heap     ] GC(392) Humongous regions: 3->3
[2025-12-18T08:23:57.324+0530][info][gc,metaspace] GC(392) Metaspace: 4280K(4544K)->4280K(4544K) NonClass: 3876K(4032K)->3876K(4032K) Class: 404K(512K)->404K(512K)
[2025-12-18T08:23:57.325+0530][info][gc          ] GC(392) Pause Young (Concurrent Start) (G1 Evacuation Pause) 482M->239M(512M) 2.438ms
[2025-12-18T08:23:57.325+0530][info][gc,cpu      ] GC(392) User=0.00s Sys=0.00s Real=0.00s
[2025-12-18T08:23:57.325+0530][info][gc          ] GC(393) Concurrent Mark Cycle
[2025-12-18T08:23:57.325+0530][info][gc,marking  ] GC(393) Concurrent Scan Root Regions
[2025-12-18T08:23:57.325+0530][info][gc,marking  ] GC(393) Concurrent Scan Root Regions 0.386ms
[2025-12-18T08:23:57.325+0530][info][gc,marking  ] GC(393) Concurrent Mark
[2025-12-18T08:23:57.325+0530][info][gc,marking  ] GC(393) Concurrent Mark From Roots
[2025-12-18T08:23:57.325+0530][info][gc,task     ] GC(393) Using 2 workers of 2 for marking
[2025-12-18T08:23:57.421+0530][info][gc,marking  ] GC(393) Concurrent Mark From Roots 94.813ms
[2025-12-18T08:23:57.421+0530][info][gc,marking  ] GC(393) Concurrent Preclean
[2025-12-18T08:23:57.421+0530][info][gc,marking  ] GC(393) Concurrent Preclean 0.070ms
[2025-12-18T08:23:57.421+0530][info][gc,start    ] GC(393) Pause Remark
[2025-12-18T08:23:57.423+0530][info][gc          ] GC(393) Pause Remark 324M->324M(512M) 1.556ms
[2025-12-18T08:23:57.423+0530][info][gc,cpu      ] GC(393) User=0.00s Sys=0.00s Real=0.00s
[2025-12-18T08:23:57.424+0530][info][gc,marking  ] GC(393) Concurrent Mark 98.011ms
[2025-12-18T08:23:57.424+0530][info][gc,marking  ] GC(393) Concurrent Rebuild Remembered Sets and Scrub Regions
[2025-12-18T08:23:57.470+0530][info][gc,marking  ] GC(393) Concurrent Rebuild Remembered Sets and Scrub Regions 46.360ms
[2025-12-18T08:23:57.470+0530][info][gc,start    ] GC(393) Pause Cleanup
[2025-12-18T08:23:57.471+0530][info][gc          ] GC(393) Pause Cleanup 367M->367M(512M) 0.278ms
[2025-12-18T08:23:57.471+0530][info][gc,cpu      ] GC(393) User=0.00s Sys=0.00s Real=0.00s
[2025-12-18T08:23:57.472+0530][info][gc,marking  ] GC(393) Concurrent Clear Claimed Marks
[2025-12-18T08:23:57.472+0530][info][gc,marking  ] GC(393) Concurrent Clear Claimed Marks 0.064ms
[2025-12-18T08:23:57.472+0530][info][gc,marking  ] GC(393) Concurrent Cleanup for Next Mark
[2025-12-18T08:23:57.472+0530][info][gc,marking  ] GC(393) Concurrent Cleanup for Next Mark 0.782ms
[2025-12-18T08:23:57.472+0530][info][gc          ] GC(393) Concurrent Mark Cycle 147.359ms
[2025-12-18T08:23:57.573+0530][info][gc,start    ] GC(394) Pause Young (Normal) (G1 Evacuation Pause)
[2025-12-18T08:23:57.573+0530][info][gc,task     ] GC(394) Using 8 workers of 8 for evacuation
[2025-12-18T08:23:57.575+0530][info][gc,phases   ] GC(394)   Pre Evacuate Collection Set: 0.2ms
[2025-12-18T08:23:57.575+0530][info][gc,phases   ] GC(394)   Merge Heap Roots: 0.1ms
[2025-12-18T08:23:57.575+0530][info][gc,phases   ] GC(394)   Evacuate Collection Set: 0.5ms
[2025-12-18T08:23:57.575+0530][info][gc,phases   ] GC(394)   Post Evacuate Collection Set: 0.5ms
[2025-12-18T08:23:57.575+0530][info][gc,phases   ] GC(394)   Other: 0.2ms
[2025-12-18T08:23:57.575+0530][info][gc,heap     ] GC(394) Eden regions: 243->0(243)
[2025-12-18T08:23:57.575+0530][info][gc,heap     ] GC(394) Survivor regions: 1->1(28)
[2025-12-18T08:23:57.575+0530][info][gc,heap     ] GC(394) Old regions: 237->237
[2025-12-18T08:23:57.575+0530][info][gc,heap     ] GC(394) Humongous regions: 3->3
[2025-12-18T08:23:57.575+0530][info][gc,metaspace] GC(394) Metaspace: 4280K(4544K)->4280K(4544K) NonClass: 3876K(4032K)->3876K(4032K) Class: 404K(512K)->404K(512K)
[2025-12-18T08:23:57.575+0530][info][gc          ] GC(394) Pause Young (Normal) (G1 Evacuation Pause) 482M->239M(512M) 1.920ms
[2025-12-18T08:23:57.575+0530][info][gc,cpu      ] GC(394) User=0.00s Sys=0.00s Real=0.00s
[2025-12-18T08:23:57.755+0530][info][gc,start    ] GC(395) Pause Young (Concurrent Start) (G1 Evacuation Pause)
[2025-12-18T08:23:57.755+0530][info][gc,task     ] GC(395) Using 8 workers of 8 for evacuation
[2025-12-18T08:23:57.757+0530][info][gc,phases   ] GC(395)   Pre Evacuate Collection Set: 0.3ms
[2025-12-18T08:23:57.757+0530][info][gc,phases   ] GC(395)   Merge Heap Roots: 0.1ms
[2025-12-18T08:23:57.757+0530][info][gc,phases   ] GC(395)   Evacuate Collection Set: 0.7ms
[2025-12-18T08:23:57.757+0530][info][gc,phases   ] GC(395)   Post Evacuate Collection Set: 0.6ms
[2025-12-18T08:23:57.757+0530][info][gc,phases   ] GC(395)   Other: 0.3ms
[2025-12-18T08:23:57.757+0530][info][gc,heap     ] GC(395) Eden regions: 243->0(243)
[2025-12-18T08:23:57.757+0530][info][gc,heap     ] GC(395) Survivor regions: 1->1(28)
[2025-12-18T08:23:57.757+0530][info][gc,heap     ] GC(395) Old regions: 237->237
[2025-12-18T08:23:57.757+0530][info][gc,heap     ] GC(395) Humongous regions: 3->3
[2025-12-18T08:23:57.757+0530][info][gc,metaspace] GC(395) Metaspace: 4280K(4544K)->4280K(4544K) NonClass: 3876K(4032K)->3876K(4032K) Class: 404K(512K)->404K(512K)
[2025-12-18T08:23:57.757+0530][info][gc          ] GC(395) Pause Young (Concurrent Start) (G1 Evacuation Pause) 482M->239M(512M) 2.385ms
[2025-12-18T08:23:57.758+0530][info][gc,cpu      ] GC(395) User=0.02s Sys=0.00s Real=0.00s
[2025-12-18T08:23:57.758+0530][info][gc          ] GC(396) Concurrent Mark Cycle
[2025-12-18T08:23:57.758+0530][info][gc,marking  ] GC(396) Concurrent Scan Root Regions
[2025-12-18T08:23:57.758+0530][info][gc,marking  ] GC(396) Concurrent Scan Root Regions 0.388ms
[2025-12-18T08:23:57.758+0530][info][gc,marking  ] GC(396) Concurrent Mark
[2025-12-18T08:23:57.758+0530][info][gc,marking  ] GC(396) Concurrent Mark From Roots
[2025-12-18T08:23:57.758+0530][info][gc,task     ] GC(396) Using 2 workers of 2 for marking
[2025-12-18T08:23:57.853+0530][info][gc,marking  ] GC(396) Concurrent Mark From Roots 94.240ms
[2025-12-18T08:23:57.853+0530][info][gc,marking  ] GC(396) Concurrent Preclean
[2025-12-18T08:23:57.853+0530][info][gc,marking  ] GC(396) Concurrent Preclean 0.067ms
[2025-12-18T08:23:57.853+0530][info][gc,start    ] GC(396) Pause Remark
[2025-12-18T08:23:57.855+0530][info][gc          ] GC(396) Pause Remark 333M->333M(512M) 1.244ms
[2025-12-18T08:23:57.855+0530][info][gc,cpu      ] GC(396) User=0.00s Sys=0.00s Real=0.00s
[2025-12-18T08:23:57.855+0530][info][gc,marking  ] GC(396) Concurrent Mark 96.618ms
[2025-12-18T08:23:57.855+0530][info][gc,marking  ] GC(396) Concurrent Rebuild Remembered Sets and Scrub Regions
[2025-12-18T08:23:57.902+0530][info][gc,marking  ] GC(396) Concurrent Rebuild Remembered Sets and Scrub Regions 46.519ms
[2025-12-18T08:23:57.902+0530][info][gc,start    ] GC(396) Pause Cleanup
[2025-12-18T08:23:57.902+0530][info][gc          ] GC(396) Pause Cleanup 380M->380M(512M) 0.300ms
[2025-12-18T08:23:57.902+0530][info][gc,cpu      ] GC(396) User=0.00s Sys=0.00s Real=0.00s
[2025-12-18T08:23:57.903+0530][info][gc,marking  ] GC(396) Concurrent Clear Claimed Marks
[2025-12-18T08:23:57.903+0530][info][gc,marking  ] GC(396) Concurrent Clear Claimed Marks 0.066ms
[2025-12-18T08:23:57.903+0530][info][gc,marking  ] GC(396) Concurrent Cleanup for Next Mark
[2025-12-18T08:23:57.904+0530][info][gc,marking  ] GC(396) Concurrent Cleanup for Next Mark 0.772ms
[2025-12-18T08:23:57.904+0530][info][gc          ] GC(396) Concurrent Mark Cycle 146.138ms
[2025-12-18T08:23:57.980+0530][info][gc,start    ] GC(397) Pause Young (Normal) (G1 Evacuation Pause)
[2025-12-18T08:23:57.980+0530][info][gc,task     ] GC(397) Using 8 workers of 8 for evacuation
[2025-12-18T08:23:57.982+0530][info][gc,phases   ] GC(397)   Pre Evacuate Collection Set: 0.2ms
[2025-12-18T08:23:57.982+0530][info][gc,phases   ] GC(397)   Merge Heap Roots: 0.1ms
[2025-12-18T08:23:57.982+0530][info][gc,phases   ] GC(397)   Evacuate Collection Set: 0.5ms
[2025-12-18T08:23:57.982+0530][info][gc,phases   ] GC(397)   Post Evacuate Collection Set: 0.6ms
[2025-12-18T08:23:57.982+0530][info][gc,phases   ] GC(397)   Other: 0.2ms
[2025-12-18T08:23:57.982+0530][info][gc,heap     ] GC(397) Eden regions: 243->0(243)
[2025-12-18T08:23:57.982+0530][info][gc,heap     ] GC(397) Survivor regions: 1->1(28)
[2025-12-18T08:23:57.982+0530][info][gc,heap     ] GC(397) Old regions: 237->237
[2025-12-18T08:23:57.982+0530][info][gc,heap     ] GC(397) Humongous regions: 3->3
[2025-12-18T08:23:57.982+0530][info][gc,metaspace] GC(397) Metaspace: 4280K(4544K)->4280K(4544K) NonClass: 3876K(4032K)->3876K(4032K) Class: 404K(512K)->404K(512K)
[2025-12-18T08:23:57.982+0530][info][gc          ] GC(397) Pause Young (Normal) (G1 Evacuation Pause) 482M->239M(512M) 1.976ms
[2025-12-18T08:23:57.982+0530][info][gc,cpu      ] GC(397) User=0.00s Sys=0.00s Real=0.00s
[2025-12-18T08:23:58.166+0530][info][gc,start    ] GC(398) Pause Young (Concurrent Start) (G1 Evacuation Pause)
[2025-12-18T08:23:58.166+0530][info][gc,task     ] GC(398) Using 8 workers of 8 for evacuation
[2025-12-18T08:23:58.168+0530][info][gc,phases   ] GC(398)   Pre Evacuate Collection Set: 0.3ms
[2025-12-18T08:23:58.168+0530][info][gc,phases   ] GC(398)   Merge Heap Roots: 0.1ms
[2025-12-18T08:23:58.168+0530][info][gc,phases   ] GC(398)   Evacuate Collection Set: 0.6ms
[2025-12-18T08:23:58.168+0530][info][gc,phases   ] GC(398)   Post Evacuate Collection Set: 0.5ms
[2025-12-18T08:23:58.168+0530][info][gc,phases   ] GC(398)   Other: 0.2ms
[2025-12-18T08:23:58.168+0530][info][gc,heap     ] GC(398) Eden regions: 243->0(243)
[2025-12-18T08:23:58.168+0530][info][gc,heap     ] GC(398) Survivor regions: 1->1(28)
[2025-12-18T08:23:58.168+0530][info][gc,heap     ] GC(398) Old regions: 237->237
[2025-12-18T08:23:58.168+0530][info][gc,heap     ] GC(398) Humongous regions: 3->3
[2025-12-18T08:23:58.168+0530][info][gc,metaspace] GC(398) Metaspace: 4282K(4544K)->4282K(4544K) NonClass: 3877K(4032K)->3877K(4032K) Class: 404K(512K)->404K(512K)
[2025-12-18T08:23:58.168+0530][info][gc          ] GC(398) Pause Young (Concurrent Start) (G1 Evacuation Pause) 482M->239M(512M) 2.151ms
[2025-12-18T08:23:58.169+0530][info][gc,cpu      ] GC(398) User=0.00s Sys=0.00s Real=0.00s
[2025-12-18T08:23:58.169+0530][info][gc          ] GC(399) Concurrent Mark Cycle
[2025-12-18T08:23:58.169+0530][info][gc,marking  ] GC(399) Concurrent Scan Root Regions
[2025-12-18T08:23:58.169+0530][info][gc,marking  ] GC(399) Concurrent Scan Root Regions 0.431ms
[2025-12-18T08:23:58.169+0530][info][gc,marking  ] GC(399) Concurrent Mark
[2025-12-18T08:23:58.169+0530][info][gc,marking  ] GC(399) Concurrent Mark From Roots
[2025-12-18T08:23:58.169+0530][info][gc,task     ] GC(399) Using 2 workers of 2 for marking
[2025-12-18T08:23:58.264+0530][info][gc,marking  ] GC(399) Concurrent Mark From Roots 94.835ms
[2025-12-18T08:23:58.264+0530][info][gc,marking  ] GC(399) Concurrent Preclean
[2025-12-18T08:23:58.264+0530][info][gc,marking  ] GC(399) Concurrent Preclean 0.067ms
[2025-12-18T08:23:58.264+0530][info][gc,start    ] GC(399) Pause Remark
[2025-12-18T08:23:58.265+0530][info][gc          ] GC(399) Pause Remark 335M->335M(512M) 1.060ms
[2025-12-18T08:23:58.265+0530][info][gc,cpu      ] GC(399) User=0.00s Sys=0.00s Real=0.00s
[2025-12-18T08:23:58.266+0530][info][gc,marking  ] GC(399) Concurrent Mark 97.584ms
[2025-12-18T08:23:58.266+0530][info][gc,marking  ] GC(399) Concurrent Rebuild Remembered Sets and Scrub Regions
[2025-12-18T08:23:58.313+0530][info][gc,marking  ] GC(399) Concurrent Rebuild Remembered Sets and Scrub Regions 46.707ms
[2025-12-18T08:23:58.314+0530][info][gc,start    ] GC(399) Pause Cleanup
[2025-12-18T08:23:58.314+0530][info][gc          ] GC(399) Pause Cleanup 380M->380M(512M) 0.292ms
[2025-12-18T08:23:58.314+0530][info][gc,cpu      ] GC(399) User=0.00s Sys=0.00s Real=0.00s
[2025-12-18T08:23:58.315+0530][info][gc,marking  ] GC(399) Concurrent Clear Claimed Marks
[2025-12-18T08:23:58.315+0530][info][gc,marking  ] GC(399) Concurrent Clear Claimed Marks 0.068ms
[2025-12-18T08:23:58.315+0530][info][gc,marking  ] GC(399) Concurrent Cleanup for Next Mark
[2025-12-18T08:23:58.316+0530][info][gc,marking  ] GC(399) Concurrent Cleanup for Next Mark 0.795ms
[2025-12-18T08:23:58.316+0530][info][gc          ] GC(399) Concurrent Mark Cycle 147.166ms
[2025-12-18T08:23:58.390+0530][info][gc,start    ] GC(400) Pause Young (Normal) (G1 Evacuation Pause)
[2025-12-18T08:23:58.390+0530][info][gc,task     ] GC(400) Using 8 workers of 8 for evacuation
[2025-12-18T08:23:58.391+0530][info][gc,phases   ] GC(400)   Pre Evacuate Collection Set: 0.2ms
[2025-12-18T08:23:58.391+0530][info][gc,phases   ] GC(400)   Merge Heap Roots: 0.1ms
[2025-12-18T08:23:58.391+0530][info][gc,phases   ] GC(400)   Evacuate Collection Set: 0.5ms
[2025-12-18T08:23:58.391+0530][info][gc,phases   ] GC(400)   Post Evacuate Collection Set: 0.6ms
[2025-12-18T08:23:58.391+0530][info][gc,phases   ] GC(400)   Other: 0.1ms
[2025-12-18T08:23:58.391+0530][info][gc,heap     ] GC(400) Eden regions: 243->0(243)
[2025-12-18T08:23:58.391+0530][info][gc,heap     ] GC(400) Survivor regions: 1->1(28)
[2025-12-18T08:23:58.391+0530][info][gc,heap     ] GC(400) Old regions: 237->237
[2025-12-18T08:23:58.391+0530][info][gc,heap     ] GC(400) Humongous regions: 3->3
[2025-12-18T08:23:58.391+0530][info][gc,metaspace] GC(400) Metaspace: 4282K(4544K)->4282K(4544K) NonClass: 3877K(4032K)->3877K(4032K) Class: 404K(512K)->404K(512K)
[2025-12-18T08:23:58.391+0530][info][gc          ] GC(400) Pause Young (Normal) (G1 Evacuation Pause) 482M->239M(512M) 1.942ms
[2025-12-18T08:23:58.392+0530][info][gc,cpu      ] GC(400) User=0.00s Sys=0.00s Real=0.00s
[2025-12-18T08:23:58.568+0530][info][gc,start    ] GC(401) Pause Young (Concurrent Start) (G1 Evacuation Pause)
[2025-12-18T08:23:58.568+0530][info][gc,task     ] GC(401) Using 8 workers of 8 for evacuation
[2025-12-18T08:23:58.570+0530][info][gc,phases   ] GC(401)   Pre Evacuate Collection Set: 0.3ms
[2025-12-18T08:23:58.570+0530][info][gc,phases   ] GC(401)   Merge Heap Roots: 0.1ms
[2025-12-18T08:23:58.570+0530][info][gc,phases   ] GC(401)   Evacuate Collection Set: 0.7ms
[2025-12-18T08:23:58.570+0530][info][gc,phases   ] GC(401)   Post Evacuate Collection Set: 0.6ms
[2025-12-18T08:23:58.570+0530][info][gc,phases   ] GC(401)   Other: 0.2ms
[2025-12-18T08:23:58.570+0530][info][gc,heap     ] GC(401) Eden regions: 243->0(243)
[2025-12-18T08:23:58.570+0530][info][gc,heap     ] GC(401) Survivor regions: 1->1(28)
[2025-12-18T08:23:58.570+0530][info][gc,heap     ] GC(401) Old regions: 237->237
[2025-12-18T08:23:58.570+0530][info][gc,heap     ] GC(401) Humongous regions: 3->3
[2025-12-18T08:23:58.570+0530][info][gc,metaspace] GC(401) Metaspace: 4282K(4544K)->4282K(4544K) NonClass: 3877K(4032K)->3877K(4032K) Class: 404K(512K)->404K(512K)
[2025-12-18T08:23:58.570+0530][info][gc          ] GC(401) Pause Young (Concurrent Start) (G1 Evacuation Pause) 482M->239M(512M) 2.293ms
[2025-12-18T08:23:58.570+0530][info][gc,cpu      ] GC(401) User=0.00s Sys=0.00s Real=0.00s
[2025-12-18T08:23:58.570+0530][info][gc          ] GC(402) Concurrent Mark Cycle
[2025-12-18T08:23:58.570+0530][info][gc,marking  ] GC(402) Concurrent Scan Root Regions
[2025-12-18T08:23:58.571+0530][info][gc,marking  ] GC(402) Concurrent Scan Root Regions 0.403ms
[2025-12-18T08:23:58.571+0530][info][gc,marking  ] GC(402) Concurrent Mark
[2025-12-18T08:23:58.571+0530][info][gc,marking  ] GC(402) Concurrent Mark From Roots
[2025-12-18T08:23:58.571+0530][info][gc,task     ] GC(402) Using 2 workers of 2 for marking
[2025-12-18T08:23:58.665+0530][info][gc,marking  ] GC(402) Concurrent Mark From Roots 94.067ms
[2025-12-18T08:23:58.665+0530][info][gc,marking  ] GC(402) Concurrent Preclean
[2025-12-18T08:23:58.665+0530][info][gc,marking  ] GC(402) Concurrent Preclean 0.068ms
[2025-12-18T08:23:58.665+0530][info][gc,start    ] GC(402) Pause Remark
[2025-12-18T08:23:58.667+0530][info][gc          ] GC(402) Pause Remark 335M->335M(512M) 1.147ms
[2025-12-18T08:23:58.667+0530][info][gc,cpu      ] GC(402) User=0.00s Sys=0.00s Real=0.00s
[2025-12-18T08:23:58.668+0530][info][gc,marking  ] GC(402) Concurrent Mark 96.843ms
[2025-12-18T08:23:58.668+0530][info][gc,marking  ] GC(402) Concurrent Rebuild Remembered Sets and Scrub Regions
[2025-12-18T08:23:58.714+0530][info][gc,marking  ] GC(402) Concurrent Rebuild Remembered Sets and Scrub Regions 46.474ms
[2025-12-18T08:23:58.714+0530][info][gc,start    ] GC(402) Pause Cleanup
[2025-12-18T08:23:58.714+0530][info][gc          ] GC(402) Pause Cleanup 382M->382M(512M) 0.255ms
[2025-12-18T08:23:58.714+0530][info][gc,cpu      ] GC(402) User=0.00s Sys=0.00s Real=0.00s
[2025-12-18T08:23:58.716+0530][info][gc,marking  ] GC(402) Concurrent Clear Claimed Marks
[2025-12-18T08:23:58.716+0530][info][gc,marking  ] GC(402) Concurrent Clear Claimed Marks 0.071ms
[2025-12-18T08:23:58.716+0530][info][gc,marking  ] GC(402) Concurrent Cleanup for Next Mark
[2025-12-18T08:23:58.716+0530][info][gc,marking  ] GC(402) Concurrent Cleanup for Next Mark 0.731ms
[2025-12-18T08:23:58.716+0530][info][gc          ] GC(402) Concurrent Mark Cycle 146.573ms
[2025-12-18T08:23:58.788+0530][info][gc,start    ] GC(403) Pause Young (Normal) (G1 Evacuation Pause)
[2025-12-18T08:23:58.788+0530][info][gc,task     ] GC(403) Using 8 workers of 8 for evacuation
[2025-12-18T08:23:58.791+0530][info][gc,phases   ] GC(403)   Pre Evacuate Collection Set: 0.2ms
[2025-12-18T08:23:58.791+0530][info][gc,phases   ] GC(403)   Merge Heap Roots: 0.1ms
[2025-12-18T08:23:58.791+0530][info][gc,phases   ] GC(403)   Evacuate Collection Set: 0.6ms
[2025-12-18T08:23:58.791+0530][info][gc,phases   ] GC(403)   Post Evacuate Collection Set: 0.6ms
[2025-12-18T08:23:58.791+0530][info][gc,phases   ] GC(403)   Other: 0.6ms
[2025-12-18T08:23:58.791+0530][info][gc,heap     ] GC(403) Eden regions: 243->0(243)
[2025-12-18T08:23:58.791+0530][info][gc,heap     ] GC(403) Survivor regions: 1->1(28)
[2025-12-18T08:23:58.791+0530][info][gc,heap     ] GC(403) Old regions: 237->237
[2025-12-18T08:23:58.791+0530][info][gc,heap     ] GC(403) Humongous regions: 3->3
[2025-12-18T08:23:58.791+0530][info][gc,metaspace] GC(403) Metaspace: 4282K(4544K)->4282K(4544K) NonClass: 3877K(4032K)->3877K(4032K) Class: 404K(512K)->404K(512K)
[2025-12-18T08:23:58.791+0530][info][gc          ] GC(403) Pause Young (Normal) (G1 Evacuation Pause) 482M->239M(512M) 2.590ms
[2025-12-18T08:23:58.791+0530][info][gc,cpu      ] GC(403) User=0.02s Sys=0.00s Real=0.00s
[2025-12-18T08:23:58.971+0530][info][gc,start    ] GC(404) Pause Young (Concurrent Start) (G1 Evacuation Pause)
[2025-12-18T08:23:58.971+0530][info][gc,task     ] GC(404) Using 8 workers of 8 for evacuation
[2025-12-18T08:23:58.973+0530][info][gc,phases   ] GC(404)   Pre Evacuate Collection Set: 0.3ms
[2025-12-18T08:23:58.973+0530][info][gc,phases   ] GC(404)   Merge Heap Roots: 0.2ms
[2025-12-18T08:23:58.973+0530][info][gc,phases   ] GC(404)   Evacuate Collection Set: 0.7ms
[2025-12-18T08:23:58.973+0530][info][gc,phases   ] GC(404)   Post Evacuate Collection Set: 0.5ms
[2025-12-18T08:23:58.973+0530][info][gc,phases   ] GC(404)   Other: 0.2ms
[2025-12-18T08:23:58.973+0530][info][gc,heap     ] GC(404) Eden regions: 243->0(243)
[2025-12-18T08:23:58.973+0530][info][gc,heap     ] GC(404) Survivor regions: 1->1(28)
[2025-12-18T08:23:58.973+0530][info][gc,heap     ] GC(404) Old regions: 237->237
[2025-12-18T08:23:58.973+0530][info][gc,heap     ] GC(404) Humongous regions: 3->3
[2025-12-18T08:23:58.973+0530][info][gc,metaspace] GC(404) Metaspace: 4282K(4544K)->4282K(4544K) NonClass: 3877K(4032K)->3877K(4032K) Class: 404K(512K)->404K(512K)
[2025-12-18T08:23:58.973+0530][info][gc          ] GC(404) Pause Young (Concurrent Start) (G1 Evacuation Pause) 482M->239M(512M) 2.396ms
[2025-12-18T08:23:58.973+0530][info][gc,cpu      ] GC(404) User=0.00s Sys=0.00s Real=0.00s
[2025-12-18T08:23:58.973+0530][info][gc          ] GC(405) Concurrent Mark Cycle
[2025-12-18T08:23:58.973+0530][info][gc,marking  ] GC(405) Concurrent Scan Root Regions
[2025-12-18T08:23:58.974+0530][info][gc,marking  ] GC(405) Concurrent Scan Root Regions 0.341ms
[2025-12-18T08:23:58.974+0530][info][gc,marking  ] GC(405) Concurrent Mark
[2025-12-18T08:23:58.974+0530][info][gc,marking  ] GC(405) Concurrent Mark From Roots
[2025-12-18T08:23:58.974+0530][info][gc,task     ] GC(405) Using 2 workers of 2 for marking
[2025-12-18T08:23:59.068+0530][info][gc,marking  ] GC(405) Concurrent Mark From Roots 94.509ms
[2025-12-18T08:23:59.068+0530][info][gc,marking  ] GC(405) Concurrent Preclean
[2025-12-18T08:23:59.068+0530][info][gc,marking  ] GC(405) Concurrent Preclean 0.069ms
[2025-12-18T08:23:59.068+0530][info][gc,start    ] GC(405) Pause Remark
[2025-12-18T08:23:59.070+0530][info][gc          ] GC(405) Pause Remark 335M->335M(512M) 1.373ms
[2025-12-18T08:23:59.070+0530][info][gc,cpu      ] GC(405) User=0.00s Sys=0.00s Real=0.00s
[2025-12-18T08:23:59.071+0530][info][gc,marking  ] GC(405) Concurrent Mark 97.186ms
[2025-12-18T08:23:59.071+0530][info][gc,marking  ] GC(405) Concurrent Rebuild Remembered Sets and Scrub Regions
[2025-12-18T08:23:59.118+0530][info][gc,marking  ] GC(405) Concurrent Rebuild Remembered Sets and Scrub Regions 46.754ms
[2025-12-18T08:23:59.118+0530][info][gc,start    ] GC(405) Pause Cleanup
[2025-12-18T08:23:59.118+0530][info][gc          ] GC(405) Pause Cleanup 379M->379M(512M) 0.333ms
[2025-12-18T08:23:59.118+0530][info][gc,cpu      ] GC(405) User=0.00s Sys=0.00s Real=0.00s
[2025-12-18T08:23:59.120+0530][info][gc,marking  ] GC(405) Concurrent Clear Claimed Marks
[2025-12-18T08:23:59.120+0530][info][gc,marking  ] GC(405) Concurrent Clear Claimed Marks 0.072ms
[2025-12-18T08:23:59.120+0530][info][gc,marking  ] GC(405) Concurrent Cleanup for Next Mark
[2025-12-18T08:23:59.120+0530][info][gc,marking  ] GC(405) Concurrent Cleanup for Next Mark 0.730ms
[2025-12-18T08:23:59.121+0530][info][gc          ] GC(405) Concurrent Mark Cycle 147.370ms
[2025-12-18T08:23:59.195+0530][info][gc,start    ] GC(406) Pause Young (Normal) (G1 Evacuation Pause)
[2025-12-18T08:23:59.195+0530][info][gc,task     ] GC(406) Using 8 workers of 8 for evacuation
[2025-12-18T08:23:59.197+0530][info][gc,phases   ] GC(406)   Pre Evacuate Collection Set: 0.3ms
[2025-12-18T08:23:59.197+0530][info][gc,phases   ] GC(406)   Merge Heap Roots: 0.1ms
[2025-12-18T08:23:59.197+0530][info][gc,phases   ] GC(406)   Evacuate Collection Set: 0.6ms
[2025-12-18T08:23:59.197+0530][info][gc,phases   ] GC(406)   Post Evacuate Collection Set: 0.6ms
[2025-12-18T08:23:59.197+0530][info][gc,phases   ] GC(406)   Other: 0.2ms
[2025-12-18T08:23:59.197+0530][info][gc,heap     ] GC(406) Eden regions: 243->0(243)
[2025-12-18T08:23:59.197+0530][info][gc,heap     ] GC(406) Survivor regions: 1->1(28)
[2025-12-18T08:23:59.197+0530][info][gc,heap     ] GC(406) Old regions: 237->237
[2025-12-18T08:23:59.197+0530][info][gc,heap     ] GC(406) Humongous regions: 3->3
[2025-12-18T08:23:59.197+0530][info][gc,metaspace] GC(406) Metaspace: 4282K(4544K)->4282K(4544K) NonClass: 3877K(4032K)->3877K(4032K) Class: 404K(512K)->404K(512K)
[2025-12-18T08:23:59.197+0530][info][gc          ] GC(406) Pause Young (Normal) (G1 Evacuation Pause) 482M->239M(512M) 2.311ms
[2025-12-18T08:23:59.197+0530][info][gc,cpu      ] GC(406) User=0.02s Sys=0.00s Real=0.00s
[2025-12-18T08:23:59.381+0530][info][gc,start    ] GC(407) Pause Young (Concurrent Start) (G1 Evacuation Pause)
[2025-12-18T08:23:59.382+0530][info][gc,task     ] GC(407) Using 8 workers of 8 for evacuation
[2025-12-18T08:23:59.383+0530][info][gc,phases   ] GC(407)   Pre Evacuate Collection Set: 0.3ms
[2025-12-18T08:23:59.383+0530][info][gc,phases   ] GC(407)   Merge Heap Roots: 0.2ms
[2025-12-18T08:23:59.383+0530][info][gc,phases   ] GC(407)   Evacuate Collection Set: 0.6ms
[2025-12-18T08:23:59.383+0530][info][gc,phases   ] GC(407)   Post Evacuate Collection Set: 0.6ms
[2025-12-18T08:23:59.383+0530][info][gc,phases   ] GC(407)   Other: 0.2ms
[2025-12-18T08:23:59.383+0530][info][gc,heap     ] GC(407) Eden regions: 243->0(243)
[2025-12-18T08:23:59.383+0530][info][gc,heap     ] GC(407) Survivor regions: 1->1(28)
[2025-12-18T08:23:59.383+0530][info][gc,heap     ] GC(407) Old regions: 237->237
[2025-12-18T08:23:59.383+0530][info][gc,heap     ] GC(407) Humongous regions: 3->3
[2025-12-18T08:23:59.383+0530][info][gc,metaspace] GC(407) Metaspace: 4282K(4544K)->4282K(4544K) NonClass: 3877K(4032K)->3877K(4032K) Class: 404K(512K)->404K(512K)
[2025-12-18T08:23:59.383+0530][info][gc          ] GC(407) Pause Young (Concurrent Start) (G1 Evacuation Pause) 482M->239M(512M) 2.107ms
[2025-12-18T08:23:59.384+0530][info][gc,cpu      ] GC(407) User=0.11s Sys=0.00s Real=0.00s
[2025-12-18T08:23:59.384+0530][info][gc          ] GC(408) Concurrent Mark Cycle
[2025-12-18T08:23:59.384+0530][info][gc,marking  ] GC(408) Concurrent Scan Root Regions
[2025-12-18T08:23:59.384+0530][info][gc,marking  ] GC(408) Concurrent Scan Root Regions 0.401ms
[2025-12-18T08:23:59.384+0530][info][gc,marking  ] GC(408) Concurrent Mark
[2025-12-18T08:23:59.384+0530][info][gc,marking  ] GC(408) Concurrent Mark From Roots
[2025-12-18T08:23:59.384+0530][info][gc,task     ] GC(408) Using 2 workers of 2 for marking
[2025-12-18T08:23:59.480+0530][info][gc,marking  ] GC(408) Concurrent Mark From Roots 95.198ms
[2025-12-18T08:23:59.480+0530][info][gc,marking  ] GC(408) Concurrent Preclean
[2025-12-18T08:23:59.480+0530][info][gc,marking  ] GC(408) Concurrent Preclean 0.067ms
[2025-12-18T08:23:59.480+0530][info][gc,start    ] GC(408) Pause Remark
[2025-12-18T08:23:59.481+0530][info][gc          ] GC(408) Pause Remark 335M->335M(512M) 1.192ms
[2025-12-18T08:23:59.481+0530][info][gc,cpu      ] GC(408) User=0.00s Sys=0.00s Real=0.00s
[2025-12-18T08:23:59.481+0530][info][gc,marking  ] GC(408) Concurrent Mark 97.367ms
[2025-12-18T08:23:59.481+0530][info][gc,marking  ] GC(408) Concurrent Rebuild Remembered Sets and Scrub Regions
[2025-12-18T08:23:59.528+0530][info][gc,marking  ] GC(408) Concurrent Rebuild Remembered Sets and Scrub Regions 46.684ms
[2025-12-18T08:23:59.528+0530][info][gc,start    ] GC(408) Pause Cleanup
[2025-12-18T08:23:59.528+0530][info][gc          ] GC(408) Pause Cleanup 382M->382M(512M) 0.318ms
[2025-12-18T08:23:59.528+0530][info][gc,cpu      ] GC(408) User=0.00s Sys=0.00s Real=0.00s
[2025-12-18T08:23:59.530+0530][info][gc,marking  ] GC(408) Concurrent Clear Claimed Marks
[2025-12-18T08:23:59.530+0530][info][gc,marking  ] GC(408) Concurrent Clear Claimed Marks 0.076ms
[2025-12-18T08:23:59.530+0530][info][gc,marking  ] GC(408) Concurrent Cleanup for Next Mark
[2025-12-18T08:23:59.531+0530][info][gc,marking  ] GC(408) Concurrent Cleanup for Next Mark 0.740ms
[2025-12-18T08:23:59.531+0530][info][gc          ] GC(408) Concurrent Mark Cycle 148.059ms
[2025-12-18T08:23:59.603+0530][info][gc,start    ] GC(409) Pause Young (Normal) (G1 Evacuation Pause)
[2025-12-18T08:23:59.604+0530][info][gc,task     ] GC(409) Using 8 workers of 8 for evacuation
[2025-12-18T08:23:59.605+0530][info][gc,phases   ] GC(409)   Pre Evacuate Collection Set: 0.3ms
[2025-12-18T08:23:59.605+0530][info][gc,phases   ] GC(409)   Merge Heap Roots: 0.1ms
[2025-12-18T08:23:59.605+0530][info][gc,phases   ] GC(409)   Evacuate Collection Set: 0.3ms
[2025-12-18T08:23:59.605+0530][info][gc,phases   ] GC(409)   Post Evacuate Collection Set: 0.6ms
[2025-12-18T08:23:59.605+0530][info][gc,phases   ] GC(409)   Other: 0.1ms
[2025-12-18T08:23:59.605+0530][info][gc,heap     ] GC(409) Eden regions: 243->0(243)
[2025-12-18T08:23:59.605+0530][info][gc,heap     ] GC(409) Survivor regions: 1->1(28)
[2025-12-18T08:23:59.605+0530][info][gc,heap     ] GC(409) Old regions: 237->237
[2025-12-18T08:23:59.605+0530][info][gc,heap     ] GC(409) Humongous regions: 3->3
[2025-12-18T08:23:59.605+0530][info][gc,metaspace] GC(409) Metaspace: 4282K(4544K)->4282K(4544K) NonClass: 3877K(4032K)->3877K(4032K) Class: 404K(512K)->404K(512K)
[2025-12-18T08:23:59.605+0530][info][gc          ] GC(409) Pause Young (Normal) (G1 Evacuation Pause) 482M->239M(512M) 1.821ms
[2025-12-18T08:23:59.605+0530][info][gc,cpu      ] GC(409) User=0.00s Sys=0.00s Real=0.00s
[2025-12-18T08:23:59.785+0530][info][gc,start    ] GC(410) Pause Young (Concurrent Start) (G1 Evacuation Pause)
[2025-12-18T08:23:59.785+0530][info][gc,task     ] GC(410) Using 8 workers of 8 for evacuation
[2025-12-18T08:23:59.787+0530][info][gc,phases   ] GC(410)   Pre Evacuate Collection Set: 0.3ms
[2025-12-18T08:23:59.787+0530][info][gc,phases   ] GC(410)   Merge Heap Roots: 0.1ms
[2025-12-18T08:23:59.787+0530][info][gc,phases   ] GC(410)   Evacuate Collection Set: 0.7ms
[2025-12-18T08:23:59.787+0530][info][gc,phases   ] GC(410)   Post Evacuate Collection Set: 0.6ms
[2025-12-18T08:23:59.787+0530][info][gc,phases   ] GC(410)   Other: 0.2ms
[2025-12-18T08:23:59.787+0530][info][gc,heap     ] GC(410) Eden regions: 243->0(243)
[2025-12-18T08:23:59.787+0530][info][gc,heap     ] GC(410) Survivor regions: 1->1(28)
[2025-12-18T08:23:59.787+0530][info][gc,heap     ] GC(410) Old regions: 237->237
[2025-12-18T08:23:59.787+0530][info][gc,heap     ] GC(410) Humongous regions: 3->3
[2025-12-18T08:23:59.787+0530][info][gc,metaspace] GC(410) Metaspace: 4282K(4544K)->4282K(4544K) NonClass: 3877K(4032K)->3877K(4032K) Class: 404K(512K)->404K(512K)
[2025-12-18T08:23:59.787+0530][info][gc          ] GC(410) Pause Young (Concurrent Start) (G1 Evacuation Pause) 482M->239M(512M) 2.220ms
[2025-12-18T08:23:59.787+0530][info][gc,cpu      ] GC(410) User=0.00s Sys=0.00s Real=0.00s
[2025-12-18T08:23:59.787+0530][info][gc          ] GC(411) Concurrent Mark Cycle
[2025-12-18T08:23:59.787+0530][info][gc,marking  ] GC(411) Concurrent Scan Root Regions
[2025-12-18T08:23:59.788+0530][info][gc,marking  ] GC(411) Concurrent Scan Root Regions 0.420ms
[2025-12-18T08:23:59.788+0530][info][gc,marking  ] GC(411) Concurrent Mark
[2025-12-18T08:23:59.788+0530][info][gc,marking  ] GC(411) Concurrent Mark From Roots
[2025-12-18T08:23:59.788+0530][info][gc,task     ] GC(411) Using 2 workers of 2 for marking
[2025-12-18T08:23:59.882+0530][info][gc,marking  ] GC(411) Concurrent Mark From Roots 94.579ms
[2025-12-18T08:23:59.882+0530][info][gc,marking  ] GC(411) Concurrent Preclean
[2025-12-18T08:23:59.882+0530][info][gc,marking  ] GC(411) Concurrent Preclean 0.069ms
[2025-12-18T08:23:59.882+0530][info][gc,start    ] GC(411) Pause Remark
[2025-12-18T08:23:59.884+0530][info][gc          ] GC(411) Pause Remark 337M->337M(512M) 1.270ms
[2025-12-18T08:23:59.884+0530][info][gc,cpu      ] GC(411) User=0.02s Sys=0.00s Real=0.00s
[2025-12-18T08:23:59.884+0530][info][gc,marking  ] GC(411) Concurrent Mark 96.675ms
[2025-12-18T08:23:59.884+0530][info][gc,marking  ] GC(411) Concurrent Rebuild Remembered Sets and Scrub Regions
[2025-12-18T08:23:59.931+0530][info][gc,marking  ] GC(411) Concurrent Rebuild Remembered Sets and Scrub Regions 46.892ms
[2025-12-18T08:23:59.931+0530][info][gc,start    ] GC(411) Pause Cleanup
[2025-12-18T08:23:59.931+0530][info][gc          ] GC(411) Pause Cleanup 382M->382M(512M) 0.259ms
[2025-12-18T08:23:59.931+0530][info][gc,cpu      ] GC(411) User=0.00s Sys=0.00s Real=0.00s
[2025-12-18T08:23:59.932+0530][info][gc,marking  ] GC(411) Concurrent Clear Claimed Marks
[2025-12-18T08:23:59.932+0530][info][gc,marking  ] GC(411) Concurrent Clear Claimed Marks 0.064ms
[2025-12-18T08:23:59.932+0530][info][gc,marking  ] GC(411) Concurrent Cleanup for Next Mark
[2025-12-18T08:23:59.933+0530][info][gc,marking  ] GC(411) Concurrent Cleanup for Next Mark 0.764ms
[2025-12-18T08:23:59.933+0530][info][gc          ] GC(411) Concurrent Mark Cycle 146.278ms
[2025-12-18T08:24:00.008+0530][info][gc,start    ] GC(412) Pause Young (Normal) (G1 Evacuation Pause)
[2025-12-18T08:24:00.008+0530][info][gc,task     ] GC(412) Using 8 workers of 8 for evacuation
[2025-12-18T08:24:00.010+0530][info][gc,phases   ] GC(412)   Pre Evacuate Collection Set: 0.2ms
[2025-12-18T08:24:00.010+0530][info][gc,phases   ] GC(412)   Merge Heap Roots: 0.1ms
[2025-12-18T08:24:00.010+0530][info][gc,phases   ] GC(412)   Evacuate Collection Set: 0.5ms
[2025-12-18T08:24:00.010+0530][info][gc,phases   ] GC(412)   Post Evacuate Collection Set: 0.5ms
[2025-12-18T08:24:00.010+0530][info][gc,phases   ] GC(412)   Other: 0.1ms
[2025-12-18T08:24:00.010+0530][info][gc,heap     ] GC(412) Eden regions: 243->0(243)
[2025-12-18T08:24:00.010+0530][info][gc,heap     ] GC(412) Survivor regions: 1->1(28)
[2025-12-18T08:24:00.010+0530][info][gc,heap     ] GC(412) Old regions: 237->237
[2025-12-18T08:24:00.010+0530][info][gc,heap     ] GC(412) Humongous regions: 3->3
[2025-12-18T08:24:00.010+0530][info][gc,metaspace] GC(412) Metaspace: 4282K(4544K)->4282K(4544K) NonClass: 3877K(4032K)->3877K(4032K) Class: 404K(512K)->404K(512K)
[2025-12-18T08:24:00.010+0530][info][gc          ] GC(412) Pause Young (Normal) (G1 Evacuation Pause) 482M->239M(512M) 1.878ms
[2025-12-18T08:24:00.010+0530][info][gc,cpu      ] GC(412) User=0.00s Sys=0.00s Real=0.00s
[2025-12-18T08:24:00.197+0530][info][gc,start    ] GC(413) Pause Young (Concurrent Start) (G1 Evacuation Pause)
[2025-12-18T08:24:00.197+0530][info][gc,task     ] GC(413) Using 8 workers of 8 for evacuation
[2025-12-18T08:24:00.199+0530][info][gc,phases   ] GC(413)   Pre Evacuate Collection Set: 0.3ms
[2025-12-18T08:24:00.199+0530][info][gc,phases   ] GC(413)   Merge Heap Roots: 0.1ms
[2025-12-18T08:24:00.199+0530][info][gc,phases   ] GC(413)   Evacuate Collection Set: 0.6ms
[2025-12-18T08:24:00.199+0530][info][gc,phases   ] GC(413)   Post Evacuate Collection Set: 0.5ms
[2025-12-18T08:24:00.199+0530][info][gc,phases   ] GC(413)   Other: 0.2ms
[2025-12-18T08:24:00.199+0530][info][gc,heap     ] GC(413) Eden regions: 243->0(243)
[2025-12-18T08:24:00.199+0530][info][gc,heap     ] GC(413) Survivor regions: 1->1(28)
[2025-12-18T08:24:00.199+0530][info][gc,heap     ] GC(413) Old regions: 237->237
[2025-12-18T08:24:00.199+0530][info][gc,heap     ] GC(413) Humongous regions: 3->3
[2025-12-18T08:24:00.199+0530][info][gc,metaspace] GC(413) Metaspace: 4282K(4544K)->4282K(4544K) NonClass: 3877K(4032K)->3877K(4032K) Class: 404K(512K)->404K(512K)
[2025-12-18T08:24:00.199+0530][info][gc          ] GC(413) Pause Young (Concurrent Start) (G1 Evacuation Pause) 482M->239M(512M) 2.154ms
[2025-12-18T08:24:00.199+0530][info][gc,cpu      ] GC(413) User=0.00s Sys=0.00s Real=0.00s
[2025-12-18T08:24:00.199+0530][info][gc          ] GC(414) Concurrent Mark Cycle
[2025-12-18T08:24:00.199+0530][info][gc,marking  ] GC(414) Concurrent Scan Root Regions
[2025-12-18T08:24:00.200+0530][info][gc,marking  ] GC(414) Concurrent Scan Root Regions 0.234ms
[2025-12-18T08:24:00.200+0530][info][gc,marking  ] GC(414) Concurrent Mark
[2025-12-18T08:24:00.200+0530][info][gc,marking  ] GC(414) Concurrent Mark From Roots
[2025-12-18T08:24:00.200+0530][info][gc,task     ] GC(414) Using 2 workers of 2 for marking
[2025-12-18T08:24:00.295+0530][info][gc,marking  ] GC(414) Concurrent Mark From Roots 95.063ms
[2025-12-18T08:24:00.295+0530][info][gc,marking  ] GC(414) Concurrent Preclean
[2025-12-18T08:24:00.296+0530][info][gc,marking  ] GC(414) Concurrent Preclean 0.106ms
[2025-12-18T08:24:00.296+0530][info][gc,start    ] GC(414) Pause Remark
[2025-12-18T08:24:00.297+0530][info][gc          ] GC(414) Pause Remark 332M->332M(512M) 1.249ms
[2025-12-18T08:24:00.297+0530][info][gc,cpu      ] GC(414) User=0.00s Sys=0.00s Real=0.00s
[2025-12-18T08:24:00.299+0530][info][gc,marking  ] GC(414) Concurrent Mark 98.314ms
[2025-12-18T08:24:00.299+0530][info][gc,marking  ] GC(414) Concurrent Rebuild Remembered Sets and Scrub Regions
[2025-12-18T08:24:00.345+0530][info][gc,marking  ] GC(414) Concurrent Rebuild Remembered Sets and Scrub Regions 46.416ms
[2025-12-18T08:24:00.345+0530][info][gc,start    ] GC(414) Pause Cleanup
[2025-12-18T08:24:00.345+0530][info][gc          ] GC(414) Pause Cleanup 379M->379M(512M) 0.280ms
[2025-12-18T08:24:00.346+0530][info][gc,cpu      ] GC(414) User=0.00s Sys=0.00s Real=0.00s
[2025-12-18T08:24:00.346+0530][info][gc,marking  ] GC(414) Concurrent Clear Claimed Marks
[2025-12-18T08:24:00.346+0530][info][gc,marking  ] GC(414) Concurrent Clear Claimed Marks 0.057ms
[2025-12-18T08:24:00.346+0530][info][gc,marking  ] GC(414) Concurrent Cleanup for Next Mark
[2025-12-18T08:24:00.347+0530][info][gc,marking  ] GC(414) Concurrent Cleanup for Next Mark 0.749ms
[2025-12-18T08:24:00.347+0530][info][gc          ] GC(414) Concurrent Mark Cycle 146.888ms
[2025-12-18T08:24:00.425+0530][info][gc,start    ] GC(415) Pause Young (Normal) (G1 Evacuation Pause)
[2025-12-18T08:24:00.425+0530][info][gc,task     ] GC(415) Using 8 workers of 8 for evacuation
[2025-12-18T08:24:00.426+0530][info][gc,phases   ] GC(415)   Pre Evacuate Collection Set: 0.2ms
[2025-12-18T08:24:00.426+0530][info][gc,phases   ] GC(415)   Merge Heap Roots: 0.1ms
[2025-12-18T08:24:00.426+0530][info][gc,phases   ] GC(415)   Evacuate Collection Set: 0.4ms
[2025-12-18T08:24:00.426+0530][info][gc,phases   ] GC(415)   Post Evacuate Collection Set: 0.5ms
[2025-12-18T08:24:00.426+0530][info][gc,phases   ] GC(415)   Other: 0.2ms
[2025-12-18T08:24:00.426+0530][info][gc,heap     ] GC(415) Eden regions: 243->0(243)
[2025-12-18T08:24:00.426+0530][info][gc,heap     ] GC(415) Survivor regions: 1->1(28)
[2025-12-18T08:24:00.426+0530][info][gc,heap     ] GC(415) Old regions: 237->237
[2025-12-18T08:24:00.426+0530][info][gc,heap     ] GC(415) Humongous regions: 3->3
[2025-12-18T08:24:00.426+0530][info][gc,metaspace] GC(415) Metaspace: 4282K(4544K)->4282K(4544K) NonClass: 3877K(4032K)->3877K(4032K) Class: 404K(512K)->404K(512K)
[2025-12-18T08:24:00.426+0530][info][gc          ] GC(415) Pause Young (Normal) (G1 Evacuation Pause) 482M->239M(512M) 1.839ms
[2025-12-18T08:24:00.426+0530][info][gc,cpu      ] GC(415) User=0.00s Sys=0.00s Real=0.00s
[2025-12-18T08:24:00.606+0530][info][gc,start    ] GC(416) Pause Young (Concurrent Start) (G1 Evacuation Pause)
[2025-12-18T08:24:00.606+0530][info][gc,task     ] GC(416) Using 8 workers of 8 for evacuation
[2025-12-18T08:24:00.608+0530][info][gc,phases   ] GC(416)   Pre Evacuate Collection Set: 0.3ms
[2025-12-18T08:24:00.608+0530][info][gc,phases   ] GC(416)   Merge Heap Roots: 0.1ms
[2025-12-18T08:24:00.608+0530][info][gc,phases   ] GC(416)   Evacuate Collection Set: 0.7ms
[2025-12-18T08:24:00.608+0530][info][gc,phases   ] GC(416)   Post Evacuate Collection Set: 0.5ms
[2025-12-18T08:24:00.608+0530][info][gc,phases   ] GC(416)   Other: 0.2ms
[2025-12-18T08:24:00.608+0530][info][gc,heap     ] GC(416) Eden regions: 243->0(243)
[2025-12-18T08:24:00.608+0530][info][gc,heap     ] GC(416) Survivor regions: 1->1(28)
[2025-12-18T08:24:00.608+0530][info][gc,heap     ] GC(416) Old regions: 237->237
[2025-12-18T08:24:00.608+0530][info][gc,heap     ] GC(416) Humongous regions: 3->3
[2025-12-18T08:24:00.608+0530][info][gc,metaspace] GC(416) Metaspace: 4282K(4544K)->4282K(4544K) NonClass: 3877K(4032K)->3877K(4032K) Class: 404K(512K)->404K(512K)
[2025-12-18T08:24:00.608+0530][info][gc          ] GC(416) Pause Young (Concurrent Start) (G1 Evacuation Pause) 482M->239M(512M) 2.121ms
[2025-12-18T08:24:00.609+0530][info][gc,cpu      ] GC(416) User=0.00s Sys=0.00s Real=0.00s
[2025-12-18T08:24:00.609+0530][info][gc          ] GC(417) Concurrent Mark Cycle
[2025-12-18T08:24:00.609+0530][info][gc,marking  ] GC(417) Concurrent Scan Root Regions
[2025-12-18T08:24:00.609+0530][info][gc,marking  ] GC(417) Concurrent Scan Root Regions 0.212ms
[2025-12-18T08:24:00.609+0530][info][gc,marking  ] GC(417) Concurrent Mark
[2025-12-18T08:24:00.609+0530][info][gc,marking  ] GC(417) Concurrent Mark From Roots
[2025-12-18T08:24:00.609+0530][info][gc,task     ] GC(417) Using 2 workers of 2 for marking
[2025-12-18T08:24:00.705+0530][info][gc,marking  ] GC(417) Concurrent Mark From Roots 95.193ms
[2025-12-18T08:24:00.705+0530][info][gc,marking  ] GC(417) Concurrent Preclean
[2025-12-18T08:24:00.705+0530][info][gc,marking  ] GC(417) Concurrent Preclean 0.066ms
[2025-12-18T08:24:00.705+0530][info][gc,start    ] GC(417) Pause Remark
[2025-12-18T08:24:00.706+0530][info][gc          ] GC(417) Pause Remark 335M->335M(512M) 1.218ms
[2025-12-18T08:24:00.706+0530][info][gc,cpu      ] GC(417) User=0.00s Sys=0.00s Real=0.00s
[2025-12-18T08:24:00.707+0530][info][gc,marking  ] GC(417) Concurrent Mark 97.121ms
[2025-12-18T08:24:00.707+0530][info][gc,marking  ] GC(417) Concurrent Rebuild Remembered Sets and Scrub Regions
[2025-12-18T08:24:00.754+0530][info][gc,marking  ] GC(417) Concurrent Rebuild Remembered Sets and Scrub Regions 47.002ms
[2025-12-18T08:24:00.754+0530][info][gc,start    ] GC(417) Pause Cleanup
[2025-12-18T08:24:00.754+0530][info][gc          ] GC(417) Pause Cleanup 378M->378M(512M) 0.286ms
[2025-12-18T08:24:00.754+0530][info][gc,cpu      ] GC(417) User=0.00s Sys=0.00s Real=0.00s
[2025-12-18T08:24:00.755+0530][info][gc,marking  ] GC(417) Concurrent Clear Claimed Marks
[2025-12-18T08:24:00.755+0530][info][gc,marking  ] GC(417) Concurrent Clear Claimed Marks 0.072ms
[2025-12-18T08:24:00.755+0530][info][gc,marking  ] GC(417) Concurrent Cleanup for Next Mark
[2025-12-18T08:24:00.756+0530][info][gc,marking  ] GC(417) Concurrent Cleanup for Next Mark 0.758ms
[2025-12-18T08:24:00.756+0530][info][gc          ] GC(417) Concurrent Mark Cycle 147.139ms
[2025-12-18T08:24:00.831+0530][info][gc,start    ] GC(418) Pause Young (Normal) (G1 Evacuation Pause)
[2025-12-18T08:24:00.831+0530][info][gc,task     ] GC(418) Using 8 workers of 8 for evacuation
[2025-12-18T08:24:00.832+0530][info][gc,phases   ] GC(418)   Pre Evacuate Collection Set: 0.2ms
[2025-12-18T08:24:00.832+0530][info][gc,phases   ] GC(418)   Merge Heap Roots: 0.2ms
[2025-12-18T08:24:00.832+0530][info][gc,phases   ] GC(418)   Evacuate Collection Set: 0.4ms
[2025-12-18T08:24:00.832+0530][info][gc,phases   ] GC(418)   Post Evacuate Collection Set: 0.5ms
[2025-12-18T08:24:00.832+0530][info][gc,phases   ] GC(418)   Other: 0.1ms
[2025-12-18T08:24:00.832+0530][info][gc,heap     ] GC(418) Eden regions: 243->0(243)
[2025-12-18T08:24:00.832+0530][info][gc,heap     ] GC(418) Survivor regions: 1->1(28)
[2025-12-18T08:24:00.832+0530][info][gc,heap     ] GC(418) Old regions: 237->237
[2025-12-18T08:24:00.832+0530][info][gc,heap     ] GC(418) Humongous regions: 3->3
[2025-12-18T08:24:00.832+0530][info][gc,metaspace] GC(418) Metaspace: 4282K(4544K)->4282K(4544K) NonClass: 3877K(4032K)->3877K(4032K) Class: 404K(512K)->404K(512K)
[2025-12-18T08:24:00.832+0530][info][gc          ] GC(418) Pause Young (Normal) (G1 Evacuation Pause) 482M->239M(512M) 1.812ms
[2025-12-18T08:24:00.832+0530][info][gc,cpu      ] GC(418) User=0.00s Sys=0.00s Real=0.00s
[2025-12-18T08:24:01.010+0530][info][gc,start    ] GC(419) Pause Young (Concurrent Start) (G1 Evacuation Pause)
[2025-12-18T08:24:01.010+0530][info][gc,task     ] GC(419) Using 8 workers of 8 for evacuation
[2025-12-18T08:24:01.012+0530][info][gc,phases   ] GC(419)   Pre Evacuate Collection Set: 0.3ms
[2025-12-18T08:24:01.012+0530][info][gc,phases   ] GC(419)   Merge Heap Roots: 0.1ms
[2025-12-18T08:24:01.012+0530][info][gc,phases   ] GC(419)   Evacuate Collection Set: 0.6ms
[2025-12-18T08:24:01.012+0530][info][gc,phases   ] GC(419)   Post Evacuate Collection Set: 0.5ms
[2025-12-18T08:24:01.012+0530][info][gc,phases   ] GC(419)   Other: 0.3ms
[2025-12-18T08:24:01.012+0530][info][gc,heap     ] GC(419) Eden regions: 243->0(243)
[2025-12-18T08:24:01.012+0530][info][gc,heap     ] GC(419) Survivor regions: 1->1(28)
[2025-12-18T08:24:01.012+0530][info][gc,heap     ] GC(419) Old regions: 237->237
[2025-12-18T08:24:01.012+0530][info][gc,heap     ] GC(419) Humongous regions: 3->3
[2025-12-18T08:24:01.012+0530][info][gc,metaspace] GC(419) Metaspace: 4282K(4544K)->4282K(4544K) NonClass: 3877K(4032K)->3877K(4032K) Class: 404K(512K)->404K(512K)
[2025-12-18T08:24:01.012+0530][info][gc          ] GC(419) Pause Young (Concurrent Start) (G1 Evacuation Pause) 482M->239M(512M) 2.301ms
[2025-12-18T08:24:01.012+0530][info][gc,cpu      ] GC(419) User=0.00s Sys=0.00s Real=0.00s
[2025-12-18T08:24:01.012+0530][info][gc          ] GC(420) Concurrent Mark Cycle
[2025-12-18T08:24:01.012+0530][info][gc,marking  ] GC(420) Concurrent Scan Root Regions
[2025-12-18T08:24:01.012+0530][info][gc,marking  ] GC(420) Concurrent Scan Root Regions 0.222ms
[2025-12-18T08:24:01.012+0530][info][gc,marking  ] GC(420) Concurrent Mark
[2025-12-18T08:24:01.012+0530][info][gc,marking  ] GC(420) Concurrent Mark From Roots
[2025-12-18T08:24:01.013+0530][info][gc,task     ] GC(420) Using 2 workers of 2 for marking
[2025-12-18T08:24:01.107+0530][info][gc,marking  ] GC(420) Concurrent Mark From Roots 94.591ms
[2025-12-18T08:24:01.107+0530][info][gc,marking  ] GC(420) Concurrent Preclean
[2025-12-18T08:24:01.107+0530][info][gc,marking  ] GC(420) Concurrent Preclean 0.080ms
[2025-12-18T08:24:01.107+0530][info][gc,start    ] GC(420) Pause Remark
[2025-12-18T08:24:01.108+0530][info][gc          ] GC(420) Pause Remark 333M->333M(512M) 1.218ms
[2025-12-18T08:24:01.108+0530][info][gc,cpu      ] GC(420) User=0.00s Sys=0.00s Real=0.00s
[2025-12-18T08:24:01.109+0530][info][gc,marking  ] GC(420) Concurrent Mark 96.828ms
[2025-12-18T08:24:01.109+0530][info][gc,marking  ] GC(420) Concurrent Rebuild Remembered Sets and Scrub Regions
[2025-12-18T08:24:01.156+0530][info][gc,marking  ] GC(420) Concurrent Rebuild Remembered Sets and Scrub Regions 46.186ms
[2025-12-18T08:24:01.156+0530][info][gc,start    ] GC(420) Pause Cleanup
[2025-12-18T08:24:01.157+0530][info][gc          ] GC(420) Pause Cleanup 379M->379M(512M) 0.275ms
[2025-12-18T08:24:01.157+0530][info][gc,cpu      ] GC(420) User=0.00s Sys=0.00s Real=0.00s
[2025-12-18T08:24:01.157+0530][info][gc,marking  ] GC(420) Concurrent Clear Claimed Marks
[2025-12-18T08:24:01.157+0530][info][gc,marking  ] GC(420) Concurrent Clear Claimed Marks 0.064ms
[2025-12-18T08:24:01.158+0530][info][gc,marking  ] GC(420) Concurrent Cleanup for Next Mark
[2025-12-18T08:24:01.158+0530][info][gc,marking  ] GC(420) Concurrent Cleanup for Next Mark 0.726ms
[2025-12-18T08:24:01.158+0530][info][gc          ] GC(420) Concurrent Mark Cycle 145.788ms
[2025-12-18T08:24:01.234+0530][info][gc,start    ] GC(421) Pause Young (Normal) (G1 Evacuation Pause)
[2025-12-18T08:24:01.234+0530][info][gc,task     ] GC(421) Using 8 workers of 8 for evacuation
[2025-12-18T08:24:01.236+0530][info][gc,phases   ] GC(421)   Pre Evacuate Collection Set: 0.3ms
[2025-12-18T08:24:01.236+0530][info][gc,phases   ] GC(421)   Merge Heap Roots: 0.1ms
[2025-12-18T08:24:01.236+0530][info][gc,phases   ] GC(421)   Evacuate Collection Set: 0.4ms
[2025-12-18T08:24:01.236+0530][info][gc,phases   ] GC(421)   Post Evacuate Collection Set: 0.5ms
[2025-12-18T08:24:01.236+0530][info][gc,phases   ] GC(421)   Other: 0.2ms
[2025-12-18T08:24:01.236+0530][info][gc,heap     ] GC(421) Eden regions: 243->0(243)
[2025-12-18T08:24:01.236+0530][info][gc,heap     ] GC(421) Survivor regions: 1->1(28)
[2025-12-18T08:24:01.236+0530][info][gc,heap     ] GC(421) Old regions: 237->237
[2025-12-18T08:24:01.236+0530][info][gc,heap     ] GC(421) Humongous regions: 3->3
[2025-12-18T08:24:01.236+0530][info][gc,metaspace] GC(421) Metaspace: 4282K(4544K)->4282K(4544K) NonClass: 3877K(4032K)->3877K(4032K) Class: 404K(512K)->404K(512K)
[2025-12-18T08:24:01.236+0530][info][gc          ] GC(421) Pause Young (Normal) (G1 Evacuation Pause) 482M->239M(512M) 1.894ms
[2025-12-18T08:24:01.236+0530][info][gc,cpu      ] GC(421) User=0.00s Sys=0.00s Real=0.00s
[2025-12-18T08:24:01.416+0530][info][gc,start    ] GC(422) Pause Young (Concurrent Start) (G1 Evacuation Pause)
[2025-12-18T08:24:01.416+0530][info][gc,task     ] GC(422) Using 8 workers of 8 for evacuation
[2025-12-18T08:24:01.418+0530][info][gc,phases   ] GC(422)   Pre Evacuate Collection Set: 0.3ms
[2025-12-18T08:24:01.418+0530][info][gc,phases   ] GC(422)   Merge Heap Roots: 0.1ms
[2025-12-18T08:24:01.418+0530][info][gc,phases   ] GC(422)   Evacuate Collection Set: 0.6ms
[2025-12-18T08:24:01.418+0530][info][gc,phases   ] GC(422)   Post Evacuate Collection Set: 0.6ms
[2025-12-18T08:24:01.418+0530][info][gc,phases   ] GC(422)   Other: 0.2ms
[2025-12-18T08:24:01.418+0530][info][gc,heap     ] GC(422) Eden regions: 243->0(243)
[2025-12-18T08:24:01.418+0530][info][gc,heap     ] GC(422) Survivor regions: 1->1(28)
[2025-12-18T08:24:01.418+0530][info][gc,heap     ] GC(422) Old regions: 237->237
[2025-12-18T08:24:01.418+0530][info][gc,heap     ] GC(422) Humongous regions: 3->3
[2025-12-18T08:24:01.418+0530][info][gc,metaspace] GC(422) Metaspace: 4282K(4544K)->4282K(4544K) NonClass: 3877K(4032K)->3877K(4032K) Class: 404K(512K)->404K(512K)
[2025-12-18T08:24:01.418+0530][info][gc          ] GC(422) Pause Young (Concurrent Start) (G1 Evacuation Pause) 482M->239M(512M) 2.174ms
[2025-12-18T08:24:01.418+0530][info][gc,cpu      ] GC(422) User=0.00s Sys=0.00s Real=0.00s
[2025-12-18T08:24:01.418+0530][info][gc          ] GC(423) Concurrent Mark Cycle
[2025-12-18T08:24:01.418+0530][info][gc,marking  ] GC(423) Concurrent Scan Root Regions
[2025-12-18T08:24:01.419+0530][info][gc,marking  ] GC(423) Concurrent Scan Root Regions 0.189ms
[2025-12-18T08:24:01.419+0530][info][gc,marking  ] GC(423) Concurrent Mark
[2025-12-18T08:24:01.419+0530][info][gc,marking  ] GC(423) Concurrent Mark From Roots
[2025-12-18T08:24:01.419+0530][info][gc,task     ] GC(423) Using 2 workers of 2 for marking
[2025-12-18T08:24:01.514+0530][info][gc,marking  ] GC(423) Concurrent Mark From Roots 95.844ms
[2025-12-18T08:24:01.514+0530][info][gc,marking  ] GC(423) Concurrent Preclean
[2025-12-18T08:24:01.514+0530][info][gc,marking  ] GC(423) Concurrent Preclean 0.074ms
[2025-12-18T08:24:01.515+0530][info][gc,start    ] GC(423) Pause Remark
[2025-12-18T08:24:01.516+0530][info][gc          ] GC(423) Pause Remark 329M->329M(512M) 1.409ms
[2025-12-18T08:24:01.516+0530][info][gc,cpu      ] GC(423) User=0.00s Sys=0.00s Real=0.00s
[2025-12-18T08:24:01.517+0530][info][gc,marking  ] GC(423) Concurrent Mark 98.685ms
[2025-12-18T08:24:01.517+0530][info][gc,marking  ] GC(423) Concurrent Rebuild Remembered Sets and Scrub Regions
[2025-12-18T08:24:01.565+0530][info][gc,marking  ] GC(423) Concurrent Rebuild Remembered Sets and Scrub Regions 46.721ms
[2025-12-18T08:24:01.565+0530][info][gc,start    ] GC(423) Pause Cleanup
[2025-12-18T08:24:01.565+0530][info][gc          ] GC(423) Pause Cleanup 376M->376M(512M) 0.263ms
[2025-12-18T08:24:01.565+0530][info][gc,cpu      ] GC(423) User=0.00s Sys=0.00s Real=0.00s
[2025-12-18T08:24:01.566+0530][info][gc,marking  ] GC(423) Concurrent Clear Claimed Marks
[2025-12-18T08:24:01.566+0530][info][gc,marking  ] GC(423) Concurrent Clear Claimed Marks 0.070ms
[2025-12-18T08:24:01.566+0530][info][gc,marking  ] GC(423) Concurrent Cleanup for Next Mark
[2025-12-18T08:24:01.567+0530][info][gc,marking  ] GC(423) Concurrent Cleanup for Next Mark 0.741ms
[2025-12-18T08:24:01.567+0530][info][gc          ] GC(423) Concurrent Mark Cycle 148.270ms
[2025-12-18T08:24:01.649+0530][info][gc,start    ] GC(424) Pause Young (Normal) (G1 Evacuation Pause)
[2025-12-18T08:24:01.650+0530][info][gc,task     ] GC(424) Using 8 workers of 8 for evacuation
[2025-12-18T08:24:01.651+0530][info][gc,phases   ] GC(424)   Pre Evacuate Collection Set: 0.3ms
[2025-12-18T08:24:01.651+0530][info][gc,phases   ] GC(424)   Merge Heap Roots: 0.1ms
[2025-12-18T08:24:01.651+0530][info][gc,phases   ] GC(424)   Evacuate Collection Set: 0.4ms
[2025-12-18T08:24:01.651+0530][info][gc,phases   ] GC(424)   Post Evacuate Collection Set: 0.6ms
[2025-12-18T08:24:01.651+0530][info][gc,phases   ] GC(424)   Other: 0.1ms
[2025-12-18T08:24:01.651+0530][info][gc,heap     ] GC(424) Eden regions: 243->0(243)
[2025-12-18T08:24:01.651+0530][info][gc,heap     ] GC(424) Survivor regions: 1->1(28)
[2025-12-18T08:24:01.651+0530][info][gc,heap     ] GC(424) Old regions: 237->237
[2025-12-18T08:24:01.651+0530][info][gc,heap     ] GC(424) Humongous regions: 3->3
[2025-12-18T08:24:01.651+0530][info][gc,metaspace] GC(424) Metaspace: 4282K(4544K)->4282K(4544K) NonClass: 3877K(4032K)->3877K(4032K) Class: 404K(512K)->404K(512K)
[2025-12-18T08:24:01.651+0530][info][gc          ] GC(424) Pause Young (Normal) (G1 Evacuation Pause) 482M->239M(512M) 1.886ms
[2025-12-18T08:24:01.651+0530][info][gc,cpu      ] GC(424) User=0.00s Sys=0.00s Real=0.00s
[2025-12-18T08:24:01.839+0530][info][gc,start    ] GC(425) Pause Young (Concurrent Start) (G1 Evacuation Pause)
[2025-12-18T08:24:01.839+0530][info][gc,task     ] GC(425) Using 8 workers of 8 for evacuation
[2025-12-18T08:24:01.840+0530][info][gc,phases   ] GC(425)   Pre Evacuate Collection Set: 0.3ms
[2025-12-18T08:24:01.841+0530][info][gc,phases   ] GC(425)   Merge Heap Roots: 0.1ms
[2025-12-18T08:24:01.841+0530][info][gc,phases   ] GC(425)   Evacuate Collection Set: 0.7ms
[2025-12-18T08:24:01.841+0530][info][gc,phases   ] GC(425)   Post Evacuate Collection Set: 0.5ms
[2025-12-18T08:24:01.841+0530][info][gc,phases   ] GC(425)   Other: 0.2ms
[2025-12-18T08:24:01.841+0530][info][gc,heap     ] GC(425) Eden regions: 243->0(243)
[2025-12-18T08:24:01.841+0530][info][gc,heap     ] GC(425) Survivor regions: 1->1(28)
[2025-12-18T08:24:01.841+0530][info][gc,heap     ] GC(425) Old regions: 237->237
[2025-12-18T08:24:01.841+0530][info][gc,heap     ] GC(425) Humongous regions: 3->3
[2025-12-18T08:24:01.841+0530][info][gc,metaspace] GC(425) Metaspace: 4282K(4544K)->4282K(4544K) NonClass: 3877K(4032K)->3877K(4032K) Class: 404K(512K)->404K(512K)
[2025-12-18T08:24:01.841+0530][info][gc          ] GC(425) Pause Young (Concurrent Start) (G1 Evacuation Pause) 482M->239M(512M) 2.136ms
[2025-12-18T08:24:01.841+0530][info][gc,cpu      ] GC(425) User=0.00s Sys=0.00s Real=0.00s
[2025-12-18T08:24:01.841+0530][info][gc          ] GC(426) Concurrent Mark Cycle
[2025-12-18T08:24:01.841+0530][info][gc,marking  ] GC(426) Concurrent Scan Root Regions
[2025-12-18T08:24:01.841+0530][info][gc,marking  ] GC(426) Concurrent Scan Root Regions 0.232ms
[2025-12-18T08:24:01.841+0530][info][gc,marking  ] GC(426) Concurrent Mark
[2025-12-18T08:24:01.841+0530][info][gc,marking  ] GC(426) Concurrent Mark From Roots
[2025-12-18T08:24:01.841+0530][info][gc,task     ] GC(426) Using 2 workers of 2 for marking
[2025-12-18T08:24:01.936+0530][info][gc,marking  ] GC(426) Concurrent Mark From Roots 95.106ms
[2025-12-18T08:24:01.936+0530][info][gc,marking  ] GC(426) Concurrent Preclean
[2025-12-18T08:24:01.936+0530][info][gc,marking  ] GC(426) Concurrent Preclean 0.068ms
[2025-12-18T08:24:01.936+0530][info][gc,start    ] GC(426) Pause Remark
[2025-12-18T08:24:01.938+0530][info][gc          ] GC(426) Pause Remark 334M->334M(512M) 1.261ms
[2025-12-18T08:24:01.938+0530][info][gc,cpu      ] GC(426) User=0.00s Sys=0.00s Real=0.00s
[2025-12-18T08:24:01.938+0530][info][gc,marking  ] GC(426) Concurrent Mark 97.136ms
[2025-12-18T08:24:01.938+0530][info][gc,marking  ] GC(426) Concurrent Rebuild Remembered Sets and Scrub Regions
[2025-12-18T08:24:01.985+0530][info][gc,marking  ] GC(426) Concurrent Rebuild Remembered Sets and Scrub Regions 46.921ms
[2025-12-18T08:24:01.986+0530][info][gc,start    ] GC(426) Pause Cleanup
[2025-12-18T08:24:01.986+0530][info][gc          ] GC(426) Pause Cleanup 380M->380M(512M) 0.228ms
[2025-12-18T08:24:01.986+0530][info][gc,cpu      ] GC(426) User=0.00s Sys=0.00s Real=0.00s
[2025-12-18T08:24:01.986+0530][info][gc,marking  ] GC(426) Concurrent Clear Claimed Marks
[2025-12-18T08:24:01.986+0530][info][gc,marking  ] GC(426) Concurrent Clear Claimed Marks 0.072ms
[2025-12-18T08:24:01.986+0530][info][gc,marking  ] GC(426) Concurrent Cleanup for Next Mark
[2025-12-18T08:24:01.987+0530][info][gc,marking  ] GC(426) Concurrent Cleanup for Next Mark 0.762ms
[2025-12-18T08:24:01.987+0530][info][gc          ] GC(426) Concurrent Mark Cycle 146.274ms
[2025-12-18T08:24:02.066+0530][info][gc,start    ] GC(427) Pause Young (Normal) (G1 Evacuation Pause)
[2025-12-18T08:24:02.066+0530][info][gc,task     ] GC(427) Using 8 workers of 8 for evacuation
[2025-12-18T08:24:02.068+0530][info][gc,phases   ] GC(427)   Pre Evacuate Collection Set: 0.3ms
[2025-12-18T08:24:02.068+0530][info][gc,phases   ] GC(427)   Merge Heap Roots: 0.2ms
[2025-12-18T08:24:02.068+0530][info][gc,phases   ] GC(427)   Evacuate Collection Set: 0.4ms
[2025-12-18T08:24:02.068+0530][info][gc,phases   ] GC(427)   Post Evacuate Collection Set: 0.5ms
[2025-12-18T08:24:02.068+0530][info][gc,phases   ] GC(427)   Other: 0.1ms
[2025-12-18T08:24:02.068+0530][info][gc,heap     ] GC(427) Eden regions: 243->0(243)
[2025-12-18T08:24:02.068+0530][info][gc,heap     ] GC(427) Survivor regions: 1->1(28)
[2025-12-18T08:24:02.068+0530][info][gc,heap     ] GC(427) Old regions: 237->237
[2025-12-18T08:24:02.068+0530][info][gc,heap     ] GC(427) Humongous regions: 3->3
[2025-12-18T08:24:02.068+0530][info][gc,metaspace] GC(427) Metaspace: 4282K(4544K)->4282K(4544K) NonClass: 3877K(4032K)->3877K(4032K) Class: 404K(512K)->404K(512K)
[2025-12-18T08:24:02.068+0530][info][gc          ] GC(427) Pause Young (Normal) (G1 Evacuation Pause) 482M->239M(512M) 1.883ms
[2025-12-18T08:24:02.068+0530][info][gc,cpu      ] GC(427) User=0.00s Sys=0.00s Real=0.00s
[2025-12-18T08:24:02.256+0530][info][gc,start    ] GC(428) Pause Young (Concurrent Start) (G1 Evacuation Pause)
[2025-12-18T08:24:02.256+0530][info][gc,task     ] GC(428) Using 8 workers of 8 for evacuation
[2025-12-18T08:24:02.258+0530][info][gc,phases   ] GC(428)   Pre Evacuate Collection Set: 0.3ms
[2025-12-18T08:24:02.258+0530][info][gc,phases   ] GC(428)   Merge Heap Roots: 0.1ms
[2025-12-18T08:24:02.258+0530][info][gc,phases   ] GC(428)   Evacuate Collection Set: 0.6ms
[2025-12-18T08:24:02.258+0530][info][gc,phases   ] GC(428)   Post Evacuate Collection Set: 0.5ms
[2025-12-18T08:24:02.258+0530][info][gc,phases   ] GC(428)   Other: 0.2ms
[2025-12-18T08:24:02.258+0530][info][gc,heap     ] GC(428) Eden regions: 243->0(243)
[2025-12-18T08:24:02.258+0530][info][gc,heap     ] GC(428) Survivor regions: 1->1(28)
[2025-12-18T08:24:02.258+0530][info][gc,heap     ] GC(428) Old regions: 237->237
[2025-12-18T08:24:02.258+0530][info][gc,heap     ] GC(428) Humongous regions: 3->3
[2025-12-18T08:24:02.258+0530][info][gc,metaspace] GC(428) Metaspace: 4282K(4544K)->4282K(4544K) NonClass: 3877K(4032K)->3877K(4032K) Class: 404K(512K)->404K(512K)
[2025-12-18T08:24:02.258+0530][info][gc          ] GC(428) Pause Young (Concurrent Start) (G1 Evacuation Pause) 482M->239M(512M) 2.131ms
[2025-12-18T08:24:02.258+0530][info][gc,cpu      ] GC(428) User=0.09s Sys=0.03s Real=0.00s
[2025-12-18T08:24:02.258+0530][info][gc          ] GC(429) Concurrent Mark Cycle
[2025-12-18T08:24:02.258+0530][info][gc,marking  ] GC(429) Concurrent Scan Root Regions
[2025-12-18T08:24:02.259+0530][info][gc,marking  ] GC(429) Concurrent Scan Root Regions 0.223ms
[2025-12-18T08:24:02.259+0530][info][gc,marking  ] GC(429) Concurrent Mark
[2025-12-18T08:24:02.259+0530][info][gc,marking  ] GC(429) Concurrent Mark From Roots
[2025-12-18T08:24:02.259+0530][info][gc,task     ] GC(429) Using 2 workers of 2 for marking
[2025-12-18T08:24:02.354+0530][info][gc,marking  ] GC(429) Concurrent Mark From Roots 95.690ms
[2025-12-18T08:24:02.354+0530][info][gc,marking  ] GC(429) Concurrent Preclean
[2025-12-18T08:24:02.354+0530][info][gc,marking  ] GC(429) Concurrent Preclean 0.066ms
[2025-12-18T08:24:02.355+0530][info][gc,start    ] GC(429) Pause Remark
[2025-12-18T08:24:02.356+0530][info][gc          ] GC(429) Pause Remark 332M->332M(512M) 1.218ms
[2025-12-18T08:24:02.356+0530][info][gc,cpu      ] GC(429) User=0.00s Sys=0.00s Real=0.00s
[2025-12-18T08:24:02.357+0530][info][gc,marking  ] GC(429) Concurrent Mark 98.294ms
[2025-12-18T08:24:02.357+0530][info][gc,marking  ] GC(429) Concurrent Rebuild Remembered Sets and Scrub Regions
[2025-12-18T08:24:02.404+0530][info][gc,marking  ] GC(429) Concurrent Rebuild Remembered Sets and Scrub Regions 46.979ms
[2025-12-18T08:24:02.404+0530][info][gc,start    ] GC(429) Pause Cleanup
[2025-12-18T08:24:02.405+0530][info][gc          ] GC(429) Pause Cleanup 375M->375M(512M) 0.268ms
[2025-12-18T08:24:02.405+0530][info][gc,cpu      ] GC(429) User=0.00s Sys=0.00s Real=0.00s
[2025-12-18T08:24:02.406+0530][info][gc,marking  ] GC(429) Concurrent Clear Claimed Marks
[2025-12-18T08:24:02.406+0530][info][gc,marking  ] GC(429) Concurrent Clear Claimed Marks 0.073ms
[2025-12-18T08:24:02.406+0530][info][gc,marking  ] GC(429) Concurrent Cleanup for Next Mark
[2025-12-18T08:24:02.407+0530][info][gc,marking  ] GC(429) Concurrent Cleanup for Next Mark 0.772ms
[2025-12-18T08:24:02.407+0530][info][gc          ] GC(429) Concurrent Mark Cycle 148.800ms
[2025-12-18T08:24:02.492+0530][info][gc,start    ] GC(430) Pause Young (Normal) (G1 Evacuation Pause)
[2025-12-18T08:24:02.492+0530][info][gc,task     ] GC(430) Using 8 workers of 8 for evacuation
[2025-12-18T08:24:02.493+0530][info][gc,phases   ] GC(430)   Pre Evacuate Collection Set: 0.3ms
[2025-12-18T08:24:02.493+0530][info][gc,phases   ] GC(430)   Merge Heap Roots: 0.2ms
[2025-12-18T08:24:02.493+0530][info][gc,phases   ] GC(430)   Evacuate Collection Set: 0.4ms
[2025-12-18T08:24:02.493+0530][info][gc,phases   ] GC(430)   Post Evacuate Collection Set: 0.6ms
[2025-12-18T08:24:02.493+0530][info][gc,phases   ] GC(430)   Other: 0.1ms
[2025-12-18T08:24:02.493+0530][info][gc,heap     ] GC(430) Eden regions: 243->0(243)
[2025-12-18T08:24:02.493+0530][info][gc,heap     ] GC(430) Survivor regions: 1->1(28)
[2025-12-18T08:24:02.493+0530][info][gc,heap     ] GC(430) Old regions: 237->237
[2025-12-18T08:24:02.493+0530][info][gc,heap     ] GC(430) Humongous regions: 3->3
[2025-12-18T08:24:02.493+0530][info][gc,metaspace] GC(430) Metaspace: 4282K(4544K)->4282K(4544K) NonClass: 3877K(4032K)->3877K(4032K) Class: 404K(512K)->404K(512K)
[2025-12-18T08:24:02.493+0530][info][gc          ] GC(430) Pause Young (Normal) (G1 Evacuation Pause) 482M->239M(512M) 1.940ms
[2025-12-18T08:24:02.493+0530][info][gc,cpu      ] GC(430) User=0.02s Sys=0.00s Real=0.00s
[2025-12-18T08:24:02.672+0530][info][gc,start    ] GC(431) Pause Young (Concurrent Start) (G1 Evacuation Pause)
[2025-12-18T08:24:02.672+0530][info][gc,task     ] GC(431) Using 8 workers of 8 for evacuation
[2025-12-18T08:24:02.674+0530][info][gc,phases   ] GC(431)   Pre Evacuate Collection Set: 0.3ms
[2025-12-18T08:24:02.674+0530][info][gc,phases   ] GC(431)   Merge Heap Roots: 0.1ms
[2025-12-18T08:24:02.674+0530][info][gc,phases   ] GC(431)   Evacuate Collection Set: 0.6ms
[2025-12-18T08:24:02.674+0530][info][gc,phases   ] GC(431)   Post Evacuate Collection Set: 0.5ms
[2025-12-18T08:24:02.674+0530][info][gc,phases   ] GC(431)   Other: 0.2ms
[2025-12-18T08:24:02.674+0530][info][gc,heap     ] GC(431) Eden regions: 243->0(243)
[2025-12-18T08:24:02.674+0530][info][gc,heap     ] GC(431) Survivor regions: 1->1(28)
[2025-12-18T08:24:02.674+0530][info][gc,heap     ] GC(431) Old regions: 237->237
[2025-12-18T08:24:02.674+0530][info][gc,heap     ] GC(431) Humongous regions: 3->3
[2025-12-18T08:24:02.674+0530][info][gc,metaspace] GC(431) Metaspace: 4282K(4544K)->4282K(4544K) NonClass: 3877K(4032K)->3877K(4032K) Class: 404K(512K)->404K(512K)
[2025-12-18T08:24:02.674+0530][info][gc          ] GC(431) Pause Young (Concurrent Start) (G1 Evacuation Pause) 482M->239M(512M) 1.991ms
[2025-12-18T08:24:02.674+0530][info][gc,cpu      ] GC(431) User=0.00s Sys=0.00s Real=0.00s
[2025-12-18T08:24:02.674+0530][info][gc          ] GC(432) Concurrent Mark Cycle
[2025-12-18T08:24:02.674+0530][info][gc,marking  ] GC(432) Concurrent Scan Root Regions
[2025-12-18T08:24:02.675+0530][info][gc,marking  ] GC(432) Concurrent Scan Root Regions 0.244ms
[2025-12-18T08:24:02.675+0530][info][gc,marking  ] GC(432) Concurrent Mark
[2025-12-18T08:24:02.675+0530][info][gc,marking  ] GC(432) Concurrent Mark From Roots
[2025-12-18T08:24:02.675+0530][info][gc,task     ] GC(432) Using 2 workers of 2 for marking
[2025-12-18T08:24:02.768+0530][info][gc,marking  ] GC(432) Concurrent Mark From Roots 94.097ms
[2025-12-18T08:24:02.769+0530][info][gc,marking  ] GC(432) Concurrent Preclean
[2025-12-18T08:24:02.769+0530][info][gc,marking  ] GC(432) Concurrent Preclean 0.068ms
[2025-12-18T08:24:02.769+0530][info][gc,start    ] GC(432) Pause Remark
[2025-12-18T08:24:02.770+0530][info][gc          ] GC(432) Pause Remark 331M->331M(512M) 1.213ms
[2025-12-18T08:24:02.770+0530][info][gc,cpu      ] GC(432) User=0.00s Sys=0.00s Real=0.00s
[2025-12-18T08:24:02.771+0530][info][gc,marking  ] GC(432) Concurrent Mark 96.276ms
[2025-12-18T08:24:02.771+0530][info][gc,marking  ] GC(432) Concurrent Rebuild Remembered Sets and Scrub Regions
[2025-12-18T08:24:02.817+0530][info][gc,marking  ] GC(432) Concurrent Rebuild Remembered Sets and Scrub Regions 46.347ms
[2025-12-18T08:24:02.818+0530][info][gc,start    ] GC(432) Pause Cleanup
[2025-12-18T08:24:02.818+0530][info][gc          ] GC(432) Pause Cleanup 376M->376M(512M) 0.240ms
[2025-12-18T08:24:02.818+0530][info][gc,cpu      ] GC(432) User=0.00s Sys=0.00s Real=0.00s
[2025-12-18T08:24:02.818+0530][info][gc,marking  ] GC(432) Concurrent Clear Claimed Marks
[2025-12-18T08:24:02.818+0530][info][gc,marking  ] GC(432) Concurrent Clear Claimed Marks 0.066ms
[2025-12-18T08:24:02.818+0530][info][gc,marking  ] GC(432) Concurrent Cleanup for Next Mark
[2025-12-18T08:24:02.819+0530][info][gc,marking  ] GC(432) Concurrent Cleanup for Next Mark 0.766ms
[2025-12-18T08:24:02.819+0530][info][gc          ] GC(432) Concurrent Mark Cycle 145.072ms
[2025-12-18T08:24:02.896+0530][info][gc,start    ] GC(433) Pause Young (Normal) (G1 Evacuation Pause)
[2025-12-18T08:24:02.896+0530][info][gc,task     ] GC(433) Using 8 workers of 8 for evacuation
[2025-12-18T08:24:02.899+0530][info][gc,phases   ] GC(433)   Pre Evacuate Collection Set: 0.3ms
[2025-12-18T08:24:02.899+0530][info][gc,phases   ] GC(433)   Merge Heap Roots: 0.2ms
[2025-12-18T08:24:02.899+0530][info][gc,phases   ] GC(433)   Evacuate Collection Set: 0.6ms
[2025-12-18T08:24:02.899+0530][info][gc,phases   ] GC(433)   Post Evacuate Collection Set: 0.7ms
[2025-12-18T08:24:02.899+0530][info][gc,phases   ] GC(433)   Other: 0.1ms
[2025-12-18T08:24:02.899+0530][info][gc,heap     ] GC(433) Eden regions: 243->0(243)
[2025-12-18T08:24:02.899+0530][info][gc,heap     ] GC(433) Survivor regions: 1->1(28)
[2025-12-18T08:24:02.899+0530][info][gc,heap     ] GC(433) Old regions: 237->237
[2025-12-18T08:24:02.899+0530][info][gc,heap     ] GC(433) Humongous regions: 3->3
[2025-12-18T08:24:02.899+0530][info][gc,metaspace] GC(433) Metaspace: 4282K(4544K)->4282K(4544K) NonClass: 3877K(4032K)->3877K(4032K) Class: 404K(512K)->404K(512K)
[2025-12-18T08:24:02.899+0530][info][gc          ] GC(433) Pause Young (Normal) (G1 Evacuation Pause) 482M->239M(512M) 2.198ms
[2025-12-18T08:24:02.899+0530][info][gc,cpu      ] GC(433) User=0.11s Sys=0.02s Real=0.00s
[2025-12-18T08:24:03.085+0530][info][gc,start    ] GC(434) Pause Young (Concurrent Start) (G1 Evacuation Pause)
[2025-12-18T08:24:03.085+0530][info][gc,task     ] GC(434) Using 8 workers of 8 for evacuation
[2025-12-18T08:24:03.086+0530][info][gc,phases   ] GC(434)   Pre Evacuate Collection Set: 0.3ms
[2025-12-18T08:24:03.086+0530][info][gc,phases   ] GC(434)   Merge Heap Roots: 0.1ms
[2025-12-18T08:24:03.086+0530][info][gc,phases   ] GC(434)   Evacuate Collection Set: 0.6ms
[2025-12-18T08:24:03.086+0530][info][gc,phases   ] GC(434)   Post Evacuate Collection Set: 0.6ms
[2025-12-18T08:24:03.086+0530][info][gc,phases   ] GC(434)   Other: 0.2ms
[2025-12-18T08:24:03.086+0530][info][gc,heap     ] GC(434) Eden regions: 243->0(243)
[2025-12-18T08:24:03.086+0530][info][gc,heap     ] GC(434) Survivor regions: 1->1(28)
[2025-12-18T08:24:03.086+0530][info][gc,heap     ] GC(434) Old regions: 237->237
[2025-12-18T08:24:03.086+0530][info][gc,heap     ] GC(434) Humongous regions: 3->3
[2025-12-18T08:24:03.086+0530][info][gc,metaspace] GC(434) Metaspace: 4282K(4544K)->4282K(4544K) NonClass: 3877K(4032K)->3877K(4032K) Class: 404K(512K)->404K(512K)
[2025-12-18T08:24:03.086+0530][info][gc          ] GC(434) Pause Young (Concurrent Start) (G1 Evacuation Pause) 482M->239M(512M) 2.164ms
[2025-12-18T08:24:03.086+0530][info][gc,cpu      ] GC(434) User=0.02s Sys=0.00s Real=0.00s
[2025-12-18T08:24:03.086+0530][info][gc          ] GC(435) Concurrent Mark Cycle
[2025-12-18T08:24:03.087+0530][info][gc,marking  ] GC(435) Concurrent Scan Root Regions
[2025-12-18T08:24:03.087+0530][info][gc,marking  ] GC(435) Concurrent Scan Root Regions 0.249ms
[2025-12-18T08:24:03.087+0530][info][gc,marking  ] GC(435) Concurrent Mark
[2025-12-18T08:24:03.087+0530][info][gc,marking  ] GC(435) Concurrent Mark From Roots
[2025-12-18T08:24:03.087+0530][info][gc,task     ] GC(435) Using 2 workers of 2 for marking
[2025-12-18T08:24:03.182+0530][info][gc,marking  ] GC(435) Concurrent Mark From Roots 94.905ms
[2025-12-18T08:24:03.183+0530][info][gc,marking  ] GC(435) Concurrent Preclean
[2025-12-18T08:24:03.183+0530][info][gc,marking  ] GC(435) Concurrent Preclean 0.066ms
[2025-12-18T08:24:03.183+0530][info][gc,start    ] GC(435) Pause Remark
[2025-12-18T08:24:03.184+0530][info][gc          ] GC(435) Pause Remark 334M->334M(512M) 1.235ms
[2025-12-18T08:24:03.184+0530][info][gc,cpu      ] GC(435) User=0.00s Sys=0.00s Real=0.00s
[2025-12-18T08:24:03.186+0530][info][gc,marking  ] GC(435) Concurrent Mark 98.324ms
[2025-12-18T08:24:03.186+0530][info][gc,marking  ] GC(435) Concurrent Rebuild Remembered Sets and Scrub Regions
[2025-12-18T08:24:03.233+0530][info][gc,marking  ] GC(435) Concurrent Rebuild Remembered Sets and Scrub Regions 47.132ms
[2025-12-18T08:24:03.233+0530][info][gc,start    ] GC(435) Pause Cleanup
[2025-12-18T08:24:03.233+0530][info][gc          ] GC(435) Pause Cleanup 379M->379M(512M) 0.278ms
[2025-12-18T08:24:03.233+0530][info][gc,cpu      ] GC(435) User=0.00s Sys=0.00s Real=0.00s
[2025-12-18T08:24:03.234+0530][info][gc,marking  ] GC(435) Concurrent Clear Claimed Marks
[2025-12-18T08:24:03.234+0530][info][gc,marking  ] GC(435) Concurrent Clear Claimed Marks 0.062ms
[2025-12-18T08:24:03.234+0530][info][gc,marking  ] GC(435) Concurrent Cleanup for Next Mark
[2025-12-18T08:24:03.235+0530][info][gc,marking  ] GC(435) Concurrent Cleanup for Next Mark 0.751ms
[2025-12-18T08:24:03.235+0530][info][gc          ] GC(435) Concurrent Mark Cycle 148.178ms
[2025-12-18T08:24:03.312+0530][info][gc,start    ] GC(436) Pause Young (Normal) (G1 Evacuation Pause)
[2025-12-18T08:24:03.312+0530][info][gc,task     ] GC(436) Using 8 workers of 8 for evacuation
[2025-12-18T08:24:03.313+0530][info][gc,phases   ] GC(436)   Pre Evacuate Collection Set: 0.2ms
[2025-12-18T08:24:03.313+0530][info][gc,phases   ] GC(436)   Merge Heap Roots: 0.1ms
[2025-12-18T08:24:03.313+0530][info][gc,phases   ] GC(436)   Evacuate Collection Set: 0.5ms
[2025-12-18T08:24:03.313+0530][info][gc,phases   ] GC(436)   Post Evacuate Collection Set: 0.5ms
[2025-12-18T08:24:03.313+0530][info][gc,phases   ] GC(436)   Other: 0.1ms
[2025-12-18T08:24:03.313+0530][info][gc,heap     ] GC(436) Eden regions: 243->0(243)
[2025-12-18T08:24:03.313+0530][info][gc,heap     ] GC(436) Survivor regions: 1->1(28)
[2025-12-18T08:24:03.313+0530][info][gc,heap     ] GC(436) Old regions: 237->237
[2025-12-18T08:24:03.313+0530][info][gc,heap     ] GC(436) Humongous regions: 3->3
[2025-12-18T08:24:03.313+0530][info][gc,metaspace] GC(436) Metaspace: 4282K(4544K)->4282K(4544K) NonClass: 3877K(4032K)->3877K(4032K) Class: 404K(512K)->404K(512K)
[2025-12-18T08:24:03.313+0530][info][gc          ] GC(436) Pause Young (Normal) (G1 Evacuation Pause) 482M->239M(512M) 1.820ms
[2025-12-18T08:24:03.313+0530][info][gc,cpu      ] GC(436) User=0.00s Sys=0.00s Real=0.00s
[2025-12-18T08:24:03.492+0530][info][gc,start    ] GC(437) Pause Young (Concurrent Start) (G1 Evacuation Pause)
[2025-12-18T08:24:03.492+0530][info][gc,task     ] GC(437) Using 8 workers of 8 for evacuation
[2025-12-18T08:24:03.494+0530][info][gc,phases   ] GC(437)   Pre Evacuate Collection Set: 0.3ms
[2025-12-18T08:24:03.494+0530][info][gc,phases   ] GC(437)   Merge Heap Roots: 0.1ms
[2025-12-18T08:24:03.494+0530][info][gc,phases   ] GC(437)   Evacuate Collection Set: 0.5ms
[2025-12-18T08:24:03.494+0530][info][gc,phases   ] GC(437)   Post Evacuate Collection Set: 0.5ms
[2025-12-18T08:24:03.494+0530][info][gc,phases   ] GC(437)   Other: 0.2ms
[2025-12-18T08:24:03.494+0530][info][gc,heap     ] GC(437) Eden regions: 243->0(243)
[2025-12-18T08:24:03.494+0530][info][gc,heap     ] GC(437) Survivor regions: 1->1(28)
[2025-12-18T08:24:03.494+0530][info][gc,heap     ] GC(437) Old regions: 237->237
[2025-12-18T08:24:03.494+0530][info][gc,heap     ] GC(437) Humongous regions: 3->3
[2025-12-18T08:24:03.494+0530][info][gc,metaspace] GC(437) Metaspace: 4282K(4544K)->4282K(4544K) NonClass: 3877K(4032K)->3877K(4032K) Class: 404K(512K)->404K(512K)
[2025-12-18T08:24:03.494+0530][info][gc          ] GC(437) Pause Young (Concurrent Start) (G1 Evacuation Pause) 482M->239M(512M) 2.024ms
[2025-12-18T08:24:03.494+0530][info][gc,cpu      ] GC(437) User=0.00s Sys=0.02s Real=0.00s
[2025-12-18T08:24:03.494+0530][info][gc          ] GC(438) Concurrent Mark Cycle
[2025-12-18T08:24:03.494+0530][info][gc,marking  ] GC(438) Concurrent Scan Root Regions
[2025-12-18T08:24:03.494+0530][info][gc,marking  ] GC(438) Concurrent Scan Root Regions 0.235ms
[2025-12-18T08:24:03.494+0530][info][gc,marking  ] GC(438) Concurrent Mark
[2025-12-18T08:24:03.494+0530][info][gc,marking  ] GC(438) Concurrent Mark From Roots
[2025-12-18T08:24:03.494+0530][info][gc,task     ] GC(438) Using 2 workers of 2 for marking
[2025-12-18T08:24:03.589+0530][info][gc,marking  ] GC(438) Concurrent Mark From Roots 95.023ms
[2025-12-18T08:24:03.589+0530][info][gc,marking  ] GC(438) Concurrent Preclean
[2025-12-18T08:24:03.590+0530][info][gc,marking  ] GC(438) Concurrent Preclean 0.064ms
[2025-12-18T08:24:03.590+0530][info][gc,start    ] GC(438) Pause Remark
[2025-12-18T08:24:03.591+0530][info][gc          ] GC(438) Pause Remark 332M->332M(512M) 1.235ms
[2025-12-18T08:24:03.591+0530][info][gc,cpu      ] GC(438) User=0.00s Sys=0.00s Real=0.00s
[2025-12-18T08:24:03.591+0530][info][gc,marking  ] GC(438) Concurrent Mark 97.192ms
[2025-12-18T08:24:03.591+0530][info][gc,marking  ] GC(438) Concurrent Rebuild Remembered Sets and Scrub Regions
[2025-12-18T08:24:03.637+0530][info][gc,marking  ] GC(438) Concurrent Rebuild Remembered Sets and Scrub Regions 45.998ms
[2025-12-18T08:24:03.638+0530][info][gc,start    ] GC(438) Pause Cleanup
[2025-12-18T08:24:03.638+0530][info][gc          ] GC(438) Pause Cleanup 379M->379M(512M) 0.283ms
[2025-12-18T08:24:03.638+0530][info][gc,cpu      ] GC(438) User=0.00s Sys=0.00s Real=0.00s
[2025-12-18T08:24:03.639+0530][info][gc,marking  ] GC(438) Concurrent Clear Claimed Marks
[2025-12-18T08:24:03.639+0530][info][gc,marking  ] GC(438) Concurrent Clear Claimed Marks 0.065ms
[2025-12-18T08:24:03.639+0530][info][gc,marking  ] GC(438) Concurrent Cleanup for Next Mark
[2025-12-18T08:24:03.640+0530][info][gc,marking  ] GC(438) Concurrent Cleanup for Next Mark 0.731ms
[2025-12-18T08:24:03.640+0530][info][gc          ] GC(438) Concurrent Mark Cycle 145.834ms
[2025-12-18T08:24:03.718+0530][info][gc,start    ] GC(439) Pause Young (Normal) (G1 Evacuation Pause)
[2025-12-18T08:24:03.718+0530][info][gc,task     ] GC(439) Using 8 workers of 8 for evacuation
[2025-12-18T08:24:03.720+0530][info][gc,phases   ] GC(439)   Pre Evacuate Collection Set: 0.3ms
[2025-12-18T08:24:03.720+0530][info][gc,phases   ] GC(439)   Merge Heap Roots: 0.2ms
[2025-12-18T08:24:03.720+0530][info][gc,phases   ] GC(439)   Evacuate Collection Set: 0.5ms
[2025-12-18T08:24:03.720+0530][info][gc,phases   ] GC(439)   Post Evacuate Collection Set: 0.7ms
[2025-12-18T08:24:03.720+0530][info][gc,phases   ] GC(439)   Other: 0.1ms
[2025-12-18T08:24:03.720+0530][info][gc,heap     ] GC(439) Eden regions: 243->0(243)
[2025-12-18T08:24:03.720+0530][info][gc,heap     ] GC(439) Survivor regions: 1->1(28)
[2025-12-18T08:24:03.720+0530][info][gc,heap     ] GC(439) Old regions: 237->237
[2025-12-18T08:24:03.720+0530][info][gc,heap     ] GC(439) Humongous regions: 3->3
[2025-12-18T08:24:03.720+0530][info][gc,metaspace] GC(439) Metaspace: 4366K(4608K)->4366K(4608K) NonClass: 3950K(4096K)->3950K(4096K) Class: 415K(512K)->415K(512K)
[2025-12-18T08:24:03.720+0530][info][gc          ] GC(439) Pause Young (Normal) (G1 Evacuation Pause) 482M->239M(512M) 2.200ms
[2025-12-18T08:24:03.720+0530][info][gc,cpu      ] GC(439) User=0.00s Sys=0.00s Real=0.00s
[2025-12-18T08:24:03.730+0530][info][gc,heap,exit] Heap
[2025-12-18T08:24:03.730+0530][info][gc,heap,exit]  garbage-first heap   total 524288K, used 256894K [0x00000000e0000000, 0x0000000100000000)
[2025-12-18T08:24:03.730+0530][info][gc,heap,exit]   region size 1024K, 13 young (13312K), 1 survivors (1024K)
[2025-12-18T08:24:03.730+0530][info][gc,heap,exit]  Metaspace       used 4412K, committed 4672K, reserved 1114112K
[2025-12-18T08:24:03.731+0530][info][gc,heap,exit]   class space    used 424K, committed 512K, reserved 1048576K
