[2025-12-18T08:24:27.444+0530][info][gc,init] Initializing The Z Garbage Collector
[2025-12-18T08:24:27.444+0530][info][gc,init] Version: 21.0.9+7-LTS-338 (release)
[2025-12-18T08:24:27.444+0530][info][gc,init] Using legacy single-generation mode
[2025-12-18T08:24:27.444+0530][info][gc,init] NUMA Support: Disabled
[2025-12-18T08:24:27.444+0530][info][gc,init] CPUs: 8 total, 8 available
[2025-12-18T08:24:27.444+0530][info][gc,init] Memory: 32762M
[2025-12-18T08:24:27.444+0530][info][gc,init] Large Page Support: Disabled
[2025-12-18T08:24:27.444+0530][info][gc,init] GC Workers: 2 (dynamic)
[2025-12-18T08:24:27.446+0530][info][gc,init] Address Space Type: Contiguous/Unrestricted/Complete
[2025-12-18T08:24:27.446+0530][info][gc,init] Address Space Size: 8192M x 3 = 24576M
[2025-12-18T08:24:27.446+0530][info][gc,init] Min Capacity: 512M
[2025-12-18T08:24:27.446+0530][info][gc,init] Initial Capacity: 512M
[2025-12-18T08:24:27.446+0530][info][gc,init] Max Capacity: 512M
[2025-12-18T08:24:27.446+0530][info][gc,init] Medium Page Size: 16M
[2025-12-18T08:24:27.446+0530][info][gc,init] Pre-touch: Disabled
[2025-12-18T08:24:27.446+0530][info][gc,init] Uncommit: Implicitly Disabled (-Xms equals -Xmx)
[2025-12-18T08:24:27.472+0530][info][gc,init] Runtime Workers: 5
[2025-12-18T08:24:27.474+0530][info][gc     ] Using The Z Garbage Collector
[2025-12-18T08:24:27.484+0530][info][gc,metaspace] CDS archive(s) mapped at: [0x0000016626000000-0x0000016626c90000-0x0000016626c90000), size 13172736, SharedBaseAddress: 0x0000016626000000, ArchiveRelocationMode: 1.
[2025-12-18T08:24:27.484+0530][info][gc,metaspace] Compressed class space mapped at: 0x0000016627000000-0x0000016667000000, reserved size: 1073741824
[2025-12-18T08:24:27.486+0530][info][gc,metaspace] Narrow klass base: 0x0000016626000000, Narrow klass shift: 0, Narrow klass range: 0x100000000
[2025-12-18T08:24:28.317+0530][info][gc,start    ] GC(0) Garbage Collection (Warmup)
[2025-12-18T08:24:28.317+0530][info][gc,task     ] GC(0) Using 2 workers
[2025-12-18T08:24:28.317+0530][info][gc,phases   ] GC(0) Pause Mark Start 0.014ms
[2025-12-18T08:24:28.330+0530][info][gc,phases   ] GC(0) Concurrent Mark 12.611ms
[2025-12-18T08:24:28.330+0530][info][gc,phases   ] GC(0) Pause Mark End 0.018ms
[2025-12-18T08:24:28.330+0530][info][gc,phases   ] GC(0) Concurrent Mark Free 0.002ms
[2025-12-18T08:24:28.334+0530][info][gc,phases   ] GC(0) Concurrent Process Non-Strong References 3.602ms
[2025-12-18T08:24:28.334+0530][info][gc,phases   ] GC(0) Concurrent Reset Relocation Set 0.001ms
[2025-12-18T08:24:28.341+0530][info][gc,phases   ] GC(0) Concurrent Select Relocation Set 6.683ms
[2025-12-18T08:24:28.341+0530][info][gc,phases   ] GC(0) Pause Relocate Start 0.008ms
[2025-12-18T08:24:28.345+0530][info][gc,phases   ] GC(0) Concurrent Relocate 3.504ms
[2025-12-18T08:24:28.345+0530][info][gc,load     ] GC(0) Load: 0.00/0.00/0.00
[2025-12-18T08:24:28.345+0530][info][gc,mmu      ] GC(0) MMU: 2ms/99.1%, 5ms/99.6%, 10ms/99.8%, 20ms/99.8%, 50ms/99.9%, 100ms/100.0%
[2025-12-18T08:24:28.345+0530][info][gc,marking  ] GC(0) Mark: 2 stripe(s), 2 proactive flush(es), 1 terminate flush(es), 0 completion(s), 0 continuation(s) 
[2025-12-18T08:24:28.345+0530][info][gc,marking  ] GC(0) Mark Stack Usage: 32M
[2025-12-18T08:24:28.345+0530][info][gc,nmethod  ] GC(0) NMethods: 338 registered, 0 unregistered
[2025-12-18T08:24:28.345+0530][info][gc,metaspace] GC(0) Metaspace: 3M used, 3M committed, 1088M reserved
[2025-12-18T08:24:28.345+0530][info][gc,ref      ] GC(0) Soft: 201 encountered, 0 discovered, 0 enqueued
[2025-12-18T08:24:28.345+0530][info][gc,ref      ] GC(0) Weak: 490 encountered, 355 discovered, 127 enqueued
[2025-12-18T08:24:28.345+0530][info][gc,ref      ] GC(0) Final: 0 encountered, 0 discovered, 0 enqueued
[2025-12-18T08:24:28.345+0530][info][gc,ref      ] GC(0) Phantom: 6 encountered, 5 discovered, 0 enqueued
[2025-12-18T08:24:28.345+0530][info][gc,reloc    ] GC(0) Small Pages: 18 / 36M, Empty: 0M, Relocated: 3M, In-Place: 0
[2025-12-18T08:24:28.345+0530][info][gc,reloc    ] GC(0) Medium Pages: 1 / 16M, Empty: 0M, Relocated: 0M, In-Place: 0
[2025-12-18T08:24:28.345+0530][info][gc,reloc    ] GC(0) Large Pages: 0 / 0M, Empty: 0M, Relocated: 0M, In-Place: 0
[2025-12-18T08:24:28.345+0530][info][gc,reloc    ] GC(0) Forwarding Usage: 1M
[2025-12-18T08:24:28.345+0530][info][gc,heap     ] GC(0) Min Capacity: 512M(100%)
[2025-12-18T08:24:28.345+0530][info][gc,heap     ] GC(0) Max Capacity: 512M(100%)
[2025-12-18T08:24:28.345+0530][info][gc,heap     ] GC(0) Soft Max Capacity: 512M(100%)
[2025-12-18T08:24:28.345+0530][info][gc,heap     ] GC(0)                Mark Start          Mark End        Relocate Start      Relocate End           High               Low         
[2025-12-18T08:24:28.345+0530][info][gc,heap     ] GC(0)  Capacity:      512M (100%)        512M (100%)        512M (100%)        512M (100%)        512M (100%)        512M (100%)   
[2025-12-18T08:24:28.345+0530][info][gc,heap     ] GC(0)      Free:      460M (90%)         454M (89%)         454M (89%)         484M (95%)         484M (95%)         450M (88%)    
[2025-12-18T08:24:28.345+0530][info][gc,heap     ] GC(0)      Used:       52M (10%)          58M (11%)          58M (11%)          28M (5%)           62M (12%)          28M (5%)     
[2025-12-18T08:24:28.345+0530][info][gc,heap     ] GC(0)      Live:         -                 3M (1%)            3M (1%)            3M (1%)             -                  -          
[2025-12-18T08:24:28.345+0530][info][gc,heap     ] GC(0) Allocated:         -                 6M (1%)            6M (1%)            7M (2%)             -                  -          
[2025-12-18T08:24:28.345+0530][info][gc,heap     ] GC(0)   Garbage:         -                48M (9%)           48M (9%)           16M (3%)             -                  -          
[2025-12-18T08:24:28.345+0530][info][gc,heap     ] GC(0) Reclaimed:         -                  -                 0M (0%)           31M (6%)             -                  -          
[2025-12-18T08:24:28.345+0530][info][gc          ] GC(0) Garbage Collection (Warmup) 52M(10%)->28M(5%)
[2025-12-18T08:24:28.516+0530][info][gc,start    ] GC(1) Garbage Collection (Warmup)
[2025-12-18T08:24:28.516+0530][info][gc,task     ] GC(1) Using 2 workers
[2025-12-18T08:24:28.516+0530][info][gc,phases   ] GC(1) Pause Mark Start 0.012ms
[2025-12-18T08:24:28.602+0530][info][gc,phases   ] GC(1) Concurrent Mark 85.425ms
[2025-12-18T08:24:28.602+0530][info][gc,phases   ] GC(1) Pause Mark End 0.109ms
[2025-12-18T08:24:28.602+0530][info][gc,phases   ] GC(1) Concurrent Mark Free 0.001ms
[2025-12-18T08:24:28.604+0530][info][gc,phases   ] GC(1) Concurrent Process Non-Strong References 1.471ms
[2025-12-18T08:24:28.604+0530][info][gc,phases   ] GC(1) Concurrent Reset Relocation Set 0.003ms
[2025-12-18T08:24:28.607+0530][info][gc,phases   ] GC(1) Concurrent Select Relocation Set 3.105ms
[2025-12-18T08:24:28.608+0530][info][gc,phases   ] GC(1) Pause Relocate Start 0.009ms
[2025-12-18T08:24:28.610+0530][info][gc,phases   ] GC(1) Concurrent Relocate 2.081ms
[2025-12-18T08:24:28.610+0530][info][gc,load     ] GC(1) Load: 0.00/0.00/0.00
[2025-12-18T08:24:28.610+0530][info][gc,mmu      ] GC(1) MMU: 2ms/94.6%, 5ms/97.8%, 10ms/98.8%, 20ms/99.4%, 50ms/99.8%, 100ms/99.9%
[2025-12-18T08:24:28.610+0530][info][gc,marking  ] GC(1) Mark: 2 stripe(s), 2 proactive flush(es), 1 terminate flush(es), 1 completion(s), 0 continuation(s) 
[2025-12-18T08:24:28.610+0530][info][gc,marking  ] GC(1) Mark Stack Usage: 32M
[2025-12-18T08:24:28.610+0530][info][gc,nmethod  ] GC(1) NMethods: 484 registered, 46 unregistered
[2025-12-18T08:24:28.610+0530][info][gc,metaspace] GC(1) Metaspace: 3M used, 3M committed, 1088M reserved
[2025-12-18T08:24:28.610+0530][info][gc,ref      ] GC(1) Soft: 303 encountered, 0 discovered, 0 enqueued
[2025-12-18T08:24:28.610+0530][info][gc,ref      ] GC(1) Weak: 540 encountered, 299 discovered, 49 enqueued
[2025-12-18T08:24:28.610+0530][info][gc,ref      ] GC(1) Final: 0 encountered, 0 discovered, 0 enqueued
[2025-12-18T08:24:28.610+0530][info][gc,ref      ] GC(1) Phantom: 7 encountered, 3 discovered, 0 enqueued
[2025-12-18T08:24:28.610+0530][info][gc,reloc    ] GC(1) Small Pages: 52 / 104M, Empty: 0M, Relocated: 0M, In-Place: 0
[2025-12-18T08:24:28.610+0530][info][gc,reloc    ] GC(1) Medium Pages: 2 / 32M, Empty: 0M, Relocated: 1M, In-Place: 0
[2025-12-18T08:24:28.610+0530][info][gc,reloc    ] GC(1) Large Pages: 0 / 0M, Empty: 0M, Relocated: 0M, In-Place: 0
[2025-12-18T08:24:28.610+0530][info][gc,reloc    ] GC(1) Forwarding Usage: 0M
[2025-12-18T08:24:28.610+0530][info][gc,heap     ] GC(1) Min Capacity: 512M(100%)
[2025-12-18T08:24:28.610+0530][info][gc,heap     ] GC(1) Max Capacity: 512M(100%)
[2025-12-18T08:24:28.610+0530][info][gc,heap     ] GC(1) Soft Max Capacity: 512M(100%)
[2025-12-18T08:24:28.610+0530][info][gc,heap     ] GC(1)                Mark Start          Mark End        Relocate Start      Relocate End           High               Low         
[2025-12-18T08:24:28.610+0530][info][gc,heap     ] GC(1)  Capacity:      512M (100%)        512M (100%)        512M (100%)        512M (100%)        512M (100%)        512M (100%)   
[2025-12-18T08:24:28.610+0530][info][gc,heap     ] GC(1)      Free:      376M (73%)         288M (56%)         284M (55%)         304M (59%)         376M (73%)         266M (52%)    
[2025-12-18T08:24:28.610+0530][info][gc,heap     ] GC(1)      Used:      136M (27%)         224M (44%)         228M (45%)         208M (41%)         246M (48%)         136M (27%)    
[2025-12-18T08:24:28.610+0530][info][gc,heap     ] GC(1)      Live:         -                96M (19%)          96M (19%)          96M (19%)            -                  -          
[2025-12-18T08:24:28.610+0530][info][gc,heap     ] GC(1) Allocated:         -                88M (17%)          92M (18%)          94M (18%)            -                  -          
[2025-12-18T08:24:28.610+0530][info][gc,heap     ] GC(1)   Garbage:         -                39M (8%)           39M (8%)           17M (3%)             -                  -          
[2025-12-18T08:24:28.610+0530][info][gc,heap     ] GC(1) Reclaimed:         -                  -                 0M (0%)           22M (4%)             -                  -          
[2025-12-18T08:24:28.610+0530][info][gc          ] GC(1) Garbage Collection (Warmup) 136M(27%)->208M(41%)
[2025-12-18T08:24:28.616+0530][info][gc,start    ] GC(2) Garbage Collection (Warmup)
[2025-12-18T08:24:28.616+0530][info][gc,task     ] GC(2) Using 2 workers
[2025-12-18T08:24:28.616+0530][info][gc,phases   ] GC(2) Pause Mark Start 0.011ms
[2025-12-18T08:24:28.766+0530][info][gc,phases   ] GC(2) Concurrent Mark 149.647ms
[2025-12-18T08:24:28.766+0530][info][gc,phases   ] GC(2) Pause Mark End 0.026ms
[2025-12-18T08:24:28.766+0530][info][gc,phases   ] GC(2) Concurrent Mark Free 0.001ms
[2025-12-18T08:24:28.767+0530][info][gc,phases   ] GC(2) Concurrent Process Non-Strong References 1.006ms
[2025-12-18T08:24:28.767+0530][info][gc,phases   ] GC(2) Concurrent Reset Relocation Set 0.001ms
[2025-12-18T08:24:28.770+0530][info][gc,phases   ] GC(2) Concurrent Select Relocation Set 3.236ms
[2025-12-18T08:24:28.770+0530][info][gc,phases   ] GC(2) Pause Relocate Start 0.009ms
[2025-12-18T08:24:28.775+0530][info][gc,phases   ] GC(2) Concurrent Relocate 3.764ms
[2025-12-18T08:24:28.775+0530][info][gc,load     ] GC(2) Load: 0.00/0.00/0.00
[2025-12-18T08:24:28.775+0530][info][gc,mmu      ] GC(2) MMU: 2ms/94.6%, 5ms/97.8%, 10ms/98.8%, 20ms/99.4%, 50ms/99.7%, 100ms/99.9%
[2025-12-18T08:24:28.775+0530][info][gc,marking  ] GC(2) Mark: 2 stripe(s), 3 proactive flush(es), 1 terminate flush(es), 0 completion(s), 0 continuation(s) 
[2025-12-18T08:24:28.775+0530][info][gc,marking  ] GC(2) Mark Stack Usage: 32M
[2025-12-18T08:24:28.775+0530][info][gc,nmethod  ] GC(2) NMethods: 567 registered, 47 unregistered
[2025-12-18T08:24:28.775+0530][info][gc,metaspace] GC(2) Metaspace: 3M used, 4M committed, 1088M reserved
[2025-12-18T08:24:28.775+0530][info][gc,ref      ] GC(2) Soft: 303 encountered, 0 discovered, 0 enqueued
[2025-12-18T08:24:28.775+0530][info][gc,ref      ] GC(2) Weak: 491 encountered, 211 discovered, 0 enqueued
[2025-12-18T08:24:28.775+0530][info][gc,ref      ] GC(2) Final: 0 encountered, 0 discovered, 0 enqueued
[2025-12-18T08:24:28.775+0530][info][gc,ref      ] GC(2) Phantom: 7 encountered, 6 discovered, 0 enqueued
[2025-12-18T08:24:28.775+0530][info][gc,reloc    ] GC(2) Small Pages: 91 / 182M, Empty: 0M, Relocated: 3M, In-Place: 0
[2025-12-18T08:24:28.775+0530][info][gc,reloc    ] GC(2) Medium Pages: 2 / 32M, Empty: 16M, Relocated: 0M, In-Place: 0
[2025-12-18T08:24:28.775+0530][info][gc,reloc    ] GC(2) Large Pages: 1 / 4M, Empty: 0M, Relocated: 0M, In-Place: 0
[2025-12-18T08:24:28.775+0530][info][gc,reloc    ] GC(2) Forwarding Usage: 0M
[2025-12-18T08:24:28.775+0530][info][gc,heap     ] GC(2) Min Capacity: 512M(100%)
[2025-12-18T08:24:28.775+0530][info][gc,heap     ] GC(2) Max Capacity: 512M(100%)
[2025-12-18T08:24:28.775+0530][info][gc,heap     ] GC(2) Soft Max Capacity: 512M(100%)
[2025-12-18T08:24:28.775+0530][info][gc,heap     ] GC(2)                Mark Start          Mark End        Relocate Start      Relocate End           High               Low         
[2025-12-18T08:24:28.775+0530][info][gc,heap     ] GC(2)  Capacity:      512M (100%)        512M (100%)        512M (100%)        512M (100%)        512M (100%)        512M (100%)   
[2025-12-18T08:24:28.775+0530][info][gc,heap     ] GC(2)      Free:      294M (57%)         220M (43%)         236M (46%)         234M (46%)         294M (57%)         220M (43%)    
[2025-12-18T08:24:28.775+0530][info][gc,heap     ] GC(2)      Used:      218M (43%)         292M (57%)         276M (54%)         278M (54%)         292M (57%)         218M (43%)    
[2025-12-18T08:24:28.775+0530][info][gc,heap     ] GC(2)      Live:         -               181M (36%)         181M (36%)         181M (36%)            -                  -          
[2025-12-18T08:24:28.775+0530][info][gc,heap     ] GC(2) Allocated:         -                74M (14%)          74M (14%)          75M (15%)            -                  -          
[2025-12-18T08:24:28.775+0530][info][gc,heap     ] GC(2)   Garbage:         -                36M (7%)           20M (4%)           20M (4%)             -                  -          
[2025-12-18T08:24:28.775+0530][info][gc,heap     ] GC(2) Reclaimed:         -                  -                16M (3%)           15M (3%)             -                  -          
[2025-12-18T08:24:28.775+0530][info][gc          ] GC(2) Garbage Collection (Warmup) 218M(43%)->278M(54%)
[2025-12-18T08:24:28.817+0530][info][gc,start    ] GC(3) Garbage Collection (Allocation Rate)
[2025-12-18T08:24:28.817+0530][info][gc,task     ] GC(3) Using 2 workers
[2025-12-18T08:24:28.817+0530][info][gc,phases   ] GC(3) Pause Mark Start 0.016ms
[2025-12-18T08:24:28.938+0530][info][gc,phases   ] GC(3) Concurrent Mark 121.059ms
[2025-12-18T08:24:28.938+0530][info][gc,phases   ] GC(3) Pause Mark End 0.019ms
[2025-12-18T08:24:28.938+0530][info][gc,phases   ] GC(3) Concurrent Mark Free 0.001ms
[2025-12-18T08:24:28.939+0530][info][gc,phases   ] GC(3) Concurrent Process Non-Strong References 1.251ms
[2025-12-18T08:24:28.939+0530][info][gc,phases   ] GC(3) Concurrent Reset Relocation Set 0.001ms
[2025-12-18T08:24:28.942+0530][info][gc,phases   ] GC(3) Concurrent Select Relocation Set 3.024ms
[2025-12-18T08:24:28.942+0530][info][gc,phases   ] GC(3) Pause Relocate Start 0.011ms
[2025-12-18T08:24:28.943+0530][info][gc,phases   ] GC(3) Concurrent Relocate 0.843ms
[2025-12-18T08:24:28.943+0530][info][gc,load     ] GC(3) Load: 0.00/0.00/0.00
[2025-12-18T08:24:28.943+0530][info][gc,mmu      ] GC(3) MMU: 2ms/94.6%, 5ms/97.8%, 10ms/98.8%, 20ms/99.4%, 50ms/99.7%, 100ms/99.9%
[2025-12-18T08:24:28.943+0530][info][gc,marking  ] GC(3) Mark: 2 stripe(s), 3 proactive flush(es), 1 terminate flush(es), 0 completion(s), 0 continuation(s) 
[2025-12-18T08:24:28.943+0530][info][gc,marking  ] GC(3) Mark Stack Usage: 32M
[2025-12-18T08:24:28.943+0530][info][gc,nmethod  ] GC(3) NMethods: 557 registered, 57 unregistered
[2025-12-18T08:24:28.943+0530][info][gc,metaspace] GC(3) Metaspace: 3M used, 4M committed, 1088M reserved
[2025-12-18T08:24:28.943+0530][info][gc,ref      ] GC(3) Soft: 344 encountered, 0 discovered, 0 enqueued
[2025-12-18T08:24:28.944+0530][info][gc,ref      ] GC(3) Weak: 577 encountered, 293 discovered, 19 enqueued
[2025-12-18T08:24:28.944+0530][info][gc,ref      ] GC(3) Final: 0 encountered, 0 discovered, 0 enqueued
[2025-12-18T08:24:28.944+0530][info][gc,ref      ] GC(3) Phantom: 7 encountered, 6 discovered, 0 enqueued
[2025-12-18T08:24:28.944+0530][info][gc,reloc    ] GC(3) Small Pages: 126 / 252M, Empty: 0M, Relocated: 1M, In-Place: 0
[2025-12-18T08:24:28.944+0530][info][gc,reloc    ] GC(3) Medium Pages: 1 / 16M, Empty: 0M, Relocated: 0M, In-Place: 0
[2025-12-18T08:24:28.944+0530][info][gc,reloc    ] GC(3) Large Pages: 2 / 10M, Empty: 4M, Relocated: 0M, In-Place: 0
[2025-12-18T08:24:28.944+0530][info][gc,reloc    ] GC(3) Forwarding Usage: 0M
[2025-12-18T08:24:28.944+0530][info][gc,heap     ] GC(3) Min Capacity: 512M(100%)
[2025-12-18T08:24:28.944+0530][info][gc,heap     ] GC(3) Max Capacity: 512M(100%)
[2025-12-18T08:24:28.944+0530][info][gc,heap     ] GC(3) Soft Max Capacity: 512M(100%)
[2025-12-18T08:24:28.944+0530][info][gc,heap     ] GC(3)                Mark Start          Mark End        Relocate Start      Relocate End           High               Low         
[2025-12-18T08:24:28.944+0530][info][gc,heap     ] GC(3)  Capacity:      512M (100%)        512M (100%)        512M (100%)        512M (100%)        512M (100%)        512M (100%)   
[2025-12-18T08:24:28.944+0530][info][gc,heap     ] GC(3)      Free:      234M (46%)         234M (46%)         238M (46%)         244M (48%)         244M (48%)         234M (46%)    
[2025-12-18T08:24:28.944+0530][info][gc,heap     ] GC(3)      Used:      278M (54%)         278M (54%)         274M (54%)         268M (52%)         278M (54%)         268M (52%)    
[2025-12-18T08:24:28.944+0530][info][gc,heap     ] GC(3)      Live:         -               248M (49%)         248M (49%)         248M (49%)            -                  -          
[2025-12-18T08:24:28.944+0530][info][gc,heap     ] GC(3) Allocated:         -                 0M (0%)            0M (0%)            0M (0%)             -                  -          
[2025-12-18T08:24:28.944+0530][info][gc,heap     ] GC(3)   Garbage:         -                29M (6%)           25M (5%)           19M (4%)             -                  -          
[2025-12-18T08:24:28.944+0530][info][gc,heap     ] GC(3) Reclaimed:         -                  -                 4M (1%)           10M (2%)             -                  -          
[2025-12-18T08:24:28.944+0530][info][gc          ] GC(3) Garbage Collection (Allocation Rate) 278M(54%)->268M(52%)
[2025-12-18T08:24:29.016+0530][info][gc,start    ] GC(4) Garbage Collection (Allocation Rate)
[2025-12-18T08:24:29.016+0530][info][gc,task     ] GC(4) Using 2 workers
[2025-12-18T08:24:29.016+0530][info][gc,phases   ] GC(4) Pause Mark Start 0.015ms
[2025-12-18T08:24:29.107+0530][info][gc,phases   ] GC(4) Concurrent Mark 89.871ms
[2025-12-18T08:24:29.107+0530][info][gc,phases   ] GC(4) Pause Mark End 0.019ms
[2025-12-18T08:24:29.107+0530][info][gc,phases   ] GC(4) Concurrent Mark Free 0.001ms
[2025-12-18T08:24:29.109+0530][info][gc,phases   ] GC(4) Concurrent Process Non-Strong References 2.135ms
[2025-12-18T08:24:29.109+0530][info][gc,phases   ] GC(4) Concurrent Reset Relocation Set 0.002ms
[2025-12-18T08:24:29.111+0530][info][gc,phases   ] GC(4) Concurrent Select Relocation Set 2.888ms
[2025-12-18T08:24:29.111+0530][info][gc,phases   ] GC(4) Pause Relocate Start 0.012ms
[2025-12-18T08:24:29.112+0530][info][gc,phases   ] GC(4) Concurrent Relocate 0.892ms
[2025-12-18T08:24:29.112+0530][info][gc,load     ] GC(4) Load: 0.00/0.00/0.00
[2025-12-18T08:24:29.112+0530][info][gc,mmu      ] GC(4) MMU: 2ms/94.6%, 5ms/97.8%, 10ms/98.8%, 20ms/99.4%, 50ms/99.7%, 100ms/99.9%
[2025-12-18T08:24:29.112+0530][info][gc,marking  ] GC(4) Mark: 2 stripe(s), 4 proactive flush(es), 1 terminate flush(es), 0 completion(s), 0 continuation(s) 
[2025-12-18T08:24:29.112+0530][info][gc,marking  ] GC(4) Mark Stack Usage: 32M
[2025-12-18T08:24:29.112+0530][info][gc,nmethod  ] GC(4) NMethods: 557 registered, 57 unregistered
[2025-12-18T08:24:29.112+0530][info][gc,metaspace] GC(4) Metaspace: 3M used, 4M committed, 1088M reserved
[2025-12-18T08:24:29.112+0530][info][gc,ref      ] GC(4) Soft: 344 encountered, 0 discovered, 0 enqueued
[2025-12-18T08:24:29.112+0530][info][gc,ref      ] GC(4) Weak: 558 encountered, 287 discovered, 0 enqueued
[2025-12-18T08:24:29.112+0530][info][gc,ref      ] GC(4) Final: 0 encountered, 0 discovered, 0 enqueued
[2025-12-18T08:24:29.112+0530][info][gc,ref      ] GC(4) Phantom: 7 encountered, 5 discovered, 0 enqueued
[2025-12-18T08:24:29.112+0530][info][gc,reloc    ] GC(4) Small Pages: 123 / 246M, Empty: 0M, Relocated: 1M, In-Place: 0
[2025-12-18T08:24:29.112+0530][info][gc,reloc    ] GC(4) Medium Pages: 1 / 16M, Empty: 0M, Relocated: 0M, In-Place: 0
[2025-12-18T08:24:29.112+0530][info][gc,reloc    ] GC(4) Large Pages: 1 / 6M, Empty: 0M, Relocated: 0M, In-Place: 0
[2025-12-18T08:24:29.114+0530][info][gc,reloc    ] GC(4) Forwarding Usage: 0M
[2025-12-18T08:24:29.114+0530][info][gc,heap     ] GC(4) Min Capacity: 512M(100%)
[2025-12-18T08:24:29.114+0530][info][gc,heap     ] GC(4) Max Capacity: 512M(100%)
[2025-12-18T08:24:29.114+0530][info][gc,heap     ] GC(4) Soft Max Capacity: 512M(100%)
[2025-12-18T08:24:29.114+0530][info][gc,heap     ] GC(4)                Mark Start          Mark End        Relocate Start      Relocate End           High               Low         
[2025-12-18T08:24:29.114+0530][info][gc,heap     ] GC(4)  Capacity:      512M (100%)        512M (100%)        512M (100%)        512M (100%)        512M (100%)        512M (100%)   
[2025-12-18T08:24:29.114+0530][info][gc,heap     ] GC(4)      Free:      244M (48%)         244M (48%)         244M (48%)         244M (48%)         244M (48%)         240M (47%)    
[2025-12-18T08:24:29.114+0530][info][gc,heap     ] GC(4)      Used:      268M (52%)         268M (52%)         268M (52%)         268M (52%)         272M (53%)         268M (52%)    
[2025-12-18T08:24:29.114+0530][info][gc,heap     ] GC(4)      Live:         -               248M (49%)         248M (49%)         248M (49%)            -                  -          
[2025-12-18T08:24:29.114+0530][info][gc,heap     ] GC(4) Allocated:         -                 0M (0%)            0M (0%)            0M (0%)             -                  -          
[2025-12-18T08:24:29.114+0530][info][gc,heap     ] GC(4)   Garbage:         -                19M (4%)           19M (4%)           19M (4%)             -                  -          
[2025-12-18T08:24:29.114+0530][info][gc,heap     ] GC(4) Reclaimed:         -                  -                 0M (0%)            0M (0%)             -                  -          
[2025-12-18T08:24:29.114+0530][info][gc          ] GC(4) Garbage Collection (Allocation Rate) 268M(52%)->268M(52%)
[2025-12-18T08:24:29.116+0530][info][gc,start    ] GC(5) Garbage Collection (Allocation Rate)
[2025-12-18T08:24:29.116+0530][info][gc,task     ] GC(5) Using 2 workers
[2025-12-18T08:24:29.116+0530][info][gc,phases   ] GC(5) Pause Mark Start 0.010ms
[2025-12-18T08:24:29.208+0530][info][gc,phases   ] GC(5) Concurrent Mark 90.892ms
[2025-12-18T08:24:29.208+0530][info][gc,phases   ] GC(5) Pause Mark End 0.020ms
[2025-12-18T08:24:29.208+0530][info][gc,phases   ] GC(5) Concurrent Mark Free 0.001ms
[2025-12-18T08:24:29.209+0530][info][gc,phases   ] GC(5) Concurrent Process Non-Strong References 1.243ms
[2025-12-18T08:24:29.209+0530][info][gc,phases   ] GC(5) Concurrent Reset Relocation Set 0.001ms
[2025-12-18T08:24:29.212+0530][info][gc,phases   ] GC(5) Concurrent Select Relocation Set 3.009ms
[2025-12-18T08:24:29.212+0530][info][gc,phases   ] GC(5) Pause Relocate Start 0.011ms
[2025-12-18T08:24:29.213+0530][info][gc,phases   ] GC(5) Concurrent Relocate 1.097ms
[2025-12-18T08:24:29.213+0530][info][gc,load     ] GC(5) Load: 0.00/0.00/0.00
[2025-12-18T08:24:29.213+0530][info][gc,mmu      ] GC(5) MMU: 2ms/94.6%, 5ms/97.8%, 10ms/98.8%, 20ms/99.4%, 50ms/99.7%, 100ms/99.9%
[2025-12-18T08:24:29.213+0530][info][gc,marking  ] GC(5) Mark: 2 stripe(s), 2 proactive flush(es), 1 terminate flush(es), 0 completion(s), 0 continuation(s) 
[2025-12-18T08:24:29.213+0530][info][gc,marking  ] GC(5) Mark Stack Usage: 32M
[2025-12-18T08:24:29.213+0530][info][gc,nmethod  ] GC(5) NMethods: 557 registered, 57 unregistered
[2025-12-18T08:24:29.213+0530][info][gc,metaspace] GC(5) Metaspace: 3M used, 4M committed, 1088M reserved
[2025-12-18T08:24:29.213+0530][info][gc,ref      ] GC(5) Soft: 344 encountered, 0 discovered, 0 enqueued
[2025-12-18T08:24:29.213+0530][info][gc,ref      ] GC(5) Weak: 558 encountered, 307 discovered, 0 enqueued
[2025-12-18T08:24:29.213+0530][info][gc,ref      ] GC(5) Final: 0 encountered, 0 discovered, 0 enqueued
[2025-12-18T08:24:29.213+0530][info][gc,ref      ] GC(5) Phantom: 7 encountered, 6 discovered, 0 enqueued
[2025-12-18T08:24:29.213+0530][info][gc,reloc    ] GC(5) Small Pages: 123 / 246M, Empty: 0M, Relocated: 1M, In-Place: 0
[2025-12-18T08:24:29.213+0530][info][gc,reloc    ] GC(5) Medium Pages: 1 / 16M, Empty: 0M, Relocated: 0M, In-Place: 0
[2025-12-18T08:24:29.213+0530][info][gc,reloc    ] GC(5) Large Pages: 1 / 6M, Empty: 0M, Relocated: 0M, In-Place: 0
[2025-12-18T08:24:29.213+0530][info][gc,reloc    ] GC(5) Forwarding Usage: 0M
[2025-12-18T08:24:29.213+0530][info][gc,heap     ] GC(5) Min Capacity: 512M(100%)
[2025-12-18T08:24:29.213+0530][info][gc,heap     ] GC(5) Max Capacity: 512M(100%)
[2025-12-18T08:24:29.213+0530][info][gc,heap     ] GC(5) Soft Max Capacity: 512M(100%)
[2025-12-18T08:24:29.213+0530][info][gc,heap     ] GC(5)                Mark Start          Mark End        Relocate Start      Relocate End           High               Low         
[2025-12-18T08:24:29.213+0530][info][gc,heap     ] GC(5)  Capacity:      512M (100%)        512M (100%)        512M (100%)        512M (100%)        512M (100%)        512M (100%)   
[2025-12-18T08:24:29.213+0530][info][gc,heap     ] GC(5)      Free:      244M (48%)         242M (47%)         242M (47%)         242M (47%)         244M (48%)         238M (46%)    
[2025-12-18T08:24:29.213+0530][info][gc,heap     ] GC(5)      Used:      268M (52%)         270M (53%)         270M (53%)         270M (53%)         274M (54%)         268M (52%)    
[2025-12-18T08:24:29.213+0530][info][gc,heap     ] GC(5)      Live:         -               248M (49%)         248M (49%)         248M (49%)            -                  -          
[2025-12-18T08:24:29.214+0530][info][gc,heap     ] GC(5) Allocated:         -                 2M (0%)            2M (0%)            2M (0%)             -                  -          
[2025-12-18T08:24:29.214+0530][info][gc,heap     ] GC(5)   Garbage:         -                19M (4%)           19M (4%)           19M (4%)             -                  -          
[2025-12-18T08:24:29.214+0530][info][gc,heap     ] GC(5) Reclaimed:         -                  -                 0M (0%)            0M (0%)             -                  -          
[2025-12-18T08:24:29.214+0530][info][gc          ] GC(5) Garbage Collection (Allocation Rate) 268M(52%)->270M(53%)
[2025-12-18T08:24:29.217+0530][info][gc,start    ] GC(6) Garbage Collection (Allocation Rate)
[2025-12-18T08:24:29.217+0530][info][gc,task     ] GC(6) Using 2 workers
[2025-12-18T08:24:29.217+0530][info][gc,phases   ] GC(6) Pause Mark Start 0.011ms
[2025-12-18T08:24:29.330+0530][info][gc,phases   ] GC(6) Concurrent Mark 112.141ms
[2025-12-18T08:24:29.330+0530][info][gc,phases   ] GC(6) Pause Mark End 0.020ms
[2025-12-18T08:24:29.330+0530][info][gc,phases   ] GC(6) Concurrent Mark Free 0.002ms
[2025-12-18T08:24:29.331+0530][info][gc,phases   ] GC(6) Concurrent Process Non-Strong References 1.072ms
[2025-12-18T08:24:29.331+0530][info][gc,phases   ] GC(6) Concurrent Reset Relocation Set 0.001ms
[2025-12-18T08:24:29.334+0530][info][gc,phases   ] GC(6) Concurrent Select Relocation Set 3.113ms
[2025-12-18T08:24:29.334+0530][info][gc,phases   ] GC(6) Pause Relocate Start 0.012ms
[2025-12-18T08:24:29.336+0530][info][gc,phases   ] GC(6) Concurrent Relocate 0.973ms
[2025-12-18T08:24:29.336+0530][info][gc,load     ] GC(6) Load: 0.00/0.00/0.00
[2025-12-18T08:24:29.336+0530][info][gc,mmu      ] GC(6) MMU: 2ms/94.6%, 5ms/97.8%, 10ms/98.8%, 20ms/99.4%, 50ms/99.7%, 100ms/99.9%
[2025-12-18T08:24:29.336+0530][info][gc,marking  ] GC(6) Mark: 2 stripe(s), 1 proactive flush(es), 1 terminate flush(es), 0 completion(s), 0 continuation(s) 
[2025-12-18T08:24:29.336+0530][info][gc,marking  ] GC(6) Mark Stack Usage: 32M
[2025-12-18T08:24:29.336+0530][info][gc,nmethod  ] GC(6) NMethods: 557 registered, 57 unregistered
[2025-12-18T08:24:29.336+0530][info][gc,metaspace] GC(6) Metaspace: 3M used, 4M committed, 1088M reserved
[2025-12-18T08:24:29.336+0530][info][gc,ref      ] GC(6) Soft: 344 encountered, 0 discovered, 0 enqueued
[2025-12-18T08:24:29.336+0530][info][gc,ref      ] GC(6) Weak: 558 encountered, 170 discovered, 0 enqueued
[2025-12-18T08:24:29.336+0530][info][gc,ref      ] GC(6) Final: 0 encountered, 0 discovered, 0 enqueued
[2025-12-18T08:24:29.336+0530][info][gc,ref      ] GC(6) Phantom: 7 encountered, 6 discovered, 0 enqueued
[2025-12-18T08:24:29.336+0530][info][gc,reloc    ] GC(6) Small Pages: 124 / 248M, Empty: 0M, Relocated: 1M, In-Place: 0
[2025-12-18T08:24:29.336+0530][info][gc,reloc    ] GC(6) Medium Pages: 1 / 16M, Empty: 0M, Relocated: 0M, In-Place: 0
[2025-12-18T08:24:29.336+0530][info][gc,reloc    ] GC(6) Large Pages: 1 / 6M, Empty: 0M, Relocated: 0M, In-Place: 0
[2025-12-18T08:24:29.336+0530][info][gc,reloc    ] GC(6) Forwarding Usage: 0M
[2025-12-18T08:24:29.336+0530][info][gc,heap     ] GC(6) Min Capacity: 512M(100%)
[2025-12-18T08:24:29.336+0530][info][gc,heap     ] GC(6) Max Capacity: 512M(100%)
[2025-12-18T08:24:29.336+0530][info][gc,heap     ] GC(6) Soft Max Capacity: 512M(100%)
[2025-12-18T08:24:29.336+0530][info][gc,heap     ] GC(6)                Mark Start          Mark End        Relocate Start      Relocate End           High               Low         
[2025-12-18T08:24:29.336+0530][info][gc,heap     ] GC(6)  Capacity:      512M (100%)        512M (100%)        512M (100%)        512M (100%)        512M (100%)        512M (100%)   
[2025-12-18T08:24:29.336+0530][info][gc,heap     ] GC(6)      Free:      242M (47%)         242M (47%)         242M (47%)         244M (48%)         244M (48%)         238M (46%)    
[2025-12-18T08:24:29.336+0530][info][gc,heap     ] GC(6)      Used:      270M (53%)         270M (53%)         270M (53%)         268M (52%)         274M (54%)         268M (52%)    
[2025-12-18T08:24:29.336+0530][info][gc,heap     ] GC(6)      Live:         -               248M (49%)         248M (49%)         248M (49%)            -                  -          
[2025-12-18T08:24:29.336+0530][info][gc,heap     ] GC(6) Allocated:         -                 0M (0%)            0M (0%)            0M (0%)             -                  -          
[2025-12-18T08:24:29.336+0530][info][gc,heap     ] GC(6)   Garbage:         -                21M (4%)           21M (4%)           19M (4%)             -                  -          
[2025-12-18T08:24:29.336+0530][info][gc,heap     ] GC(6) Reclaimed:         -                  -                 0M (0%)            2M (0%)             -                  -          
[2025-12-18T08:24:29.336+0530][info][gc          ] GC(6) Garbage Collection (Allocation Rate) 270M(53%)->268M(52%)
[2025-12-18T08:24:29.717+0530][info][gc,start    ] GC(7) Garbage Collection (Allocation Rate)
[2025-12-18T08:24:29.717+0530][info][gc,task     ] GC(7) Using 2 workers
[2025-12-18T08:24:29.717+0530][info][gc,phases   ] GC(7) Pause Mark Start 0.016ms
[2025-12-18T08:24:29.808+0530][info][gc,phases   ] GC(7) Concurrent Mark 90.904ms
[2025-12-18T08:24:29.808+0530][info][gc,phases   ] GC(7) Pause Mark End 0.025ms
[2025-12-18T08:24:29.808+0530][info][gc,phases   ] GC(7) Concurrent Mark Free 0.001ms
[2025-12-18T08:24:29.809+0530][info][gc,phases   ] GC(7) Concurrent Process Non-Strong References 1.129ms
[2025-12-18T08:24:29.809+0530][info][gc,phases   ] GC(7) Concurrent Reset Relocation Set 0.001ms
[2025-12-18T08:24:29.813+0530][info][gc,phases   ] GC(7) Concurrent Select Relocation Set 3.376ms
[2025-12-18T08:24:29.813+0530][info][gc,phases   ] GC(7) Pause Relocate Start 0.011ms
[2025-12-18T08:24:29.814+0530][info][gc,phases   ] GC(7) Concurrent Relocate 0.925ms
[2025-12-18T08:24:29.814+0530][info][gc,load     ] GC(7) Load: 0.00/0.00/0.00
[2025-12-18T08:24:29.814+0530][info][gc,mmu      ] GC(7) MMU: 2ms/94.6%, 5ms/97.8%, 10ms/98.8%, 20ms/99.4%, 50ms/99.7%, 100ms/99.9%
[2025-12-18T08:24:29.814+0530][info][gc,marking  ] GC(7) Mark: 2 stripe(s), 1 proactive flush(es), 1 terminate flush(es), 0 completion(s), 0 continuation(s) 
[2025-12-18T08:24:29.814+0530][info][gc,marking  ] GC(7) Mark Stack Usage: 32M
[2025-12-18T08:24:29.814+0530][info][gc,nmethod  ] GC(7) NMethods: 558 registered, 57 unregistered
[2025-12-18T08:24:29.814+0530][info][gc,metaspace] GC(7) Metaspace: 3M used, 4M committed, 1088M reserved
[2025-12-18T08:24:29.814+0530][info][gc,ref      ] GC(7) Soft: 344 encountered, 0 discovered, 0 enqueued
[2025-12-18T08:24:29.814+0530][info][gc,ref      ] GC(7) Weak: 558 encountered, 253 discovered, 0 enqueued
[2025-12-18T08:24:29.814+0530][info][gc,ref      ] GC(7) Final: 0 encountered, 0 discovered, 0 enqueued
[2025-12-18T08:24:29.814+0530][info][gc,ref      ] GC(7) Phantom: 7 encountered, 6 discovered, 0 enqueued
[2025-12-18T08:24:29.814+0530][info][gc,reloc    ] GC(7) Small Pages: 124 / 248M, Empty: 0M, Relocated: 1M, In-Place: 0
[2025-12-18T08:24:29.814+0530][info][gc,reloc    ] GC(7) Medium Pages: 1 / 16M, Empty: 0M, Relocated: 0M, In-Place: 0
[2025-12-18T08:24:29.814+0530][info][gc,reloc    ] GC(7) Large Pages: 1 / 6M, Empty: 0M, Relocated: 0M, In-Place: 0
[2025-12-18T08:24:29.814+0530][info][gc,reloc    ] GC(7) Forwarding Usage: 0M
[2025-12-18T08:24:29.814+0530][info][gc,heap     ] GC(7) Min Capacity: 512M(100%)
[2025-12-18T08:24:29.814+0530][info][gc,heap     ] GC(7) Max Capacity: 512M(100%)
[2025-12-18T08:24:29.814+0530][info][gc,heap     ] GC(7) Soft Max Capacity: 512M(100%)
[2025-12-18T08:24:29.814+0530][info][gc,heap     ] GC(7)                Mark Start          Mark End        Relocate Start      Relocate End           High               Low         
[2025-12-18T08:24:29.814+0530][info][gc,heap     ] GC(7)  Capacity:      512M (100%)        512M (100%)        512M (100%)        512M (100%)        512M (100%)        512M (100%)   
[2025-12-18T08:24:29.814+0530][info][gc,heap     ] GC(7)      Free:      242M (47%)         242M (47%)         242M (47%)         244M (48%)         244M (48%)         238M (46%)    
[2025-12-18T08:24:29.814+0530][info][gc,heap     ] GC(7)      Used:      270M (53%)         270M (53%)         270M (53%)         268M (52%)         274M (54%)         268M (52%)    
[2025-12-18T08:24:29.814+0530][info][gc,heap     ] GC(7)      Live:         -               248M (49%)         248M (49%)         248M (49%)            -                  -          
[2025-12-18T08:24:29.814+0530][info][gc,heap     ] GC(7) Allocated:         -                 0M (0%)            0M (0%)            0M (0%)             -                  -          
[2025-12-18T08:24:29.814+0530][info][gc,heap     ] GC(7)   Garbage:         -                21M (4%)           21M (4%)           19M (4%)             -                  -          
[2025-12-18T08:24:29.814+0530][info][gc,heap     ] GC(7) Reclaimed:         -                  -                 0M (0%)            2M (0%)             -                  -          
[2025-12-18T08:24:29.814+0530][info][gc          ] GC(7) Garbage Collection (Allocation Rate) 270M(53%)->268M(52%)
[2025-12-18T08:24:29.816+0530][info][gc,start    ] GC(8) Garbage Collection (Allocation Rate)
[2025-12-18T08:24:29.816+0530][info][gc,task     ] GC(8) Using 2 workers
[2025-12-18T08:24:29.816+0530][info][gc,phases   ] GC(8) Pause Mark Start 0.009ms
[2025-12-18T08:24:29.910+0530][info][gc,phases   ] GC(8) Concurrent Mark 93.083ms
[2025-12-18T08:24:29.910+0530][info][gc,phases   ] GC(8) Pause Mark End 0.033ms
[2025-12-18T08:24:29.910+0530][info][gc,phases   ] GC(8) Concurrent Mark Free 0.002ms
[2025-12-18T08:24:29.912+0530][info][gc,phases   ] GC(8) Concurrent Process Non-Strong References 1.088ms
[2025-12-18T08:24:29.912+0530][info][gc,phases   ] GC(8) Concurrent Reset Relocation Set 0.002ms
[2025-12-18T08:24:29.914+0530][info][gc,phases   ] GC(8) Concurrent Select Relocation Set 2.877ms
[2025-12-18T08:24:29.915+0530][info][gc,phases   ] GC(8) Pause Relocate Start 0.010ms
[2025-12-18T08:24:29.916+0530][info][gc,phases   ] GC(8) Concurrent Relocate 1.060ms
[2025-12-18T08:24:29.916+0530][info][gc,load     ] GC(8) Load: 0.00/0.00/0.00
[2025-12-18T08:24:29.916+0530][info][gc,mmu      ] GC(8) MMU: 2ms/94.6%, 5ms/97.8%, 10ms/98.8%, 20ms/99.4%, 50ms/99.7%, 100ms/99.9%
[2025-12-18T08:24:29.916+0530][info][gc,marking  ] GC(8) Mark: 2 stripe(s), 3 proactive flush(es), 1 terminate flush(es), 0 completion(s), 0 continuation(s) 
[2025-12-18T08:24:29.916+0530][info][gc,marking  ] GC(8) Mark Stack Usage: 32M
[2025-12-18T08:24:29.916+0530][info][gc,nmethod  ] GC(8) NMethods: 558 registered, 57 unregistered
[2025-12-18T08:24:29.916+0530][info][gc,metaspace] GC(8) Metaspace: 3M used, 4M committed, 1088M reserved
[2025-12-18T08:24:29.916+0530][info][gc,ref      ] GC(8) Soft: 344 encountered, 0 discovered, 0 enqueued
[2025-12-18T08:24:29.916+0530][info][gc,ref      ] GC(8) Weak: 558 encountered, 335 discovered, 0 enqueued
[2025-12-18T08:24:29.916+0530][info][gc,ref      ] GC(8) Final: 0 encountered, 0 discovered, 0 enqueued
[2025-12-18T08:24:29.916+0530][info][gc,ref      ] GC(8) Phantom: 7 encountered, 5 discovered, 0 enqueued
[2025-12-18T08:24:29.916+0530][info][gc,reloc    ] GC(8) Small Pages: 123 / 246M, Empty: 0M, Relocated: 1M, In-Place: 0
[2025-12-18T08:24:29.916+0530][info][gc,reloc    ] GC(8) Medium Pages: 1 / 16M, Empty: 0M, Relocated: 0M, In-Place: 0
[2025-12-18T08:24:29.916+0530][info][gc,reloc    ] GC(8) Large Pages: 1 / 6M, Empty: 0M, Relocated: 0M, In-Place: 0
[2025-12-18T08:24:29.916+0530][info][gc,reloc    ] GC(8) Forwarding Usage: 0M
[2025-12-18T08:24:29.916+0530][info][gc,heap     ] GC(8) Min Capacity: 512M(100%)
[2025-12-18T08:24:29.916+0530][info][gc,heap     ] GC(8) Max Capacity: 512M(100%)
[2025-12-18T08:24:29.916+0530][info][gc,heap     ] GC(8) Soft Max Capacity: 512M(100%)
[2025-12-18T08:24:29.916+0530][info][gc,heap     ] GC(8)                Mark Start          Mark End        Relocate Start      Relocate End           High               Low         
[2025-12-18T08:24:29.916+0530][info][gc,heap     ] GC(8)  Capacity:      512M (100%)        512M (100%)        512M (100%)        512M (100%)        512M (100%)        512M (100%)   
[2025-12-18T08:24:29.916+0530][info][gc,heap     ] GC(8)      Free:      244M (48%)         244M (48%)         244M (48%)         244M (48%)         244M (48%)         240M (47%)    
[2025-12-18T08:24:29.916+0530][info][gc,heap     ] GC(8)      Used:      268M (52%)         268M (52%)         268M (52%)         268M (52%)         272M (53%)         268M (52%)    
[2025-12-18T08:24:29.916+0530][info][gc,heap     ] GC(8)      Live:         -               248M (49%)         248M (49%)         248M (49%)            -                  -          
[2025-12-18T08:24:29.916+0530][info][gc,heap     ] GC(8) Allocated:         -                 0M (0%)            0M (0%)            0M (0%)             -                  -          
[2025-12-18T08:24:29.916+0530][info][gc,heap     ] GC(8)   Garbage:         -                19M (4%)           19M (4%)           19M (4%)             -                  -          
[2025-12-18T08:24:29.916+0530][info][gc,heap     ] GC(8) Reclaimed:         -                  -                 0M (0%)            0M (0%)             -                  -          
[2025-12-18T08:24:29.916+0530][info][gc          ] GC(8) Garbage Collection (Allocation Rate) 268M(52%)->268M(52%)
[2025-12-18T08:24:29.917+0530][info][gc,start    ] GC(9) Garbage Collection (Allocation Rate)
[2025-12-18T08:24:29.917+0530][info][gc,task     ] GC(9) Using 2 workers
[2025-12-18T08:24:29.917+0530][info][gc,phases   ] GC(9) Pause Mark Start 0.009ms
[2025-12-18T08:24:30.007+0530][info][gc,phases   ] GC(9) Concurrent Mark 89.967ms
[2025-12-18T08:24:30.007+0530][info][gc,phases   ] GC(9) Pause Mark End 0.019ms
[2025-12-18T08:24:30.007+0530][info][gc,phases   ] GC(9) Concurrent Mark Free 0.002ms
[2025-12-18T08:24:30.008+0530][info][gc,phases   ] GC(9) Concurrent Process Non-Strong References 1.050ms
[2025-12-18T08:24:30.008+0530][info][gc,phases   ] GC(9) Concurrent Reset Relocation Set 0.001ms
[2025-12-18T08:24:30.011+0530][info][gc,phases   ] GC(9) Concurrent Select Relocation Set 2.913ms
[2025-12-18T08:24:30.011+0530][info][gc,phases   ] GC(9) Pause Relocate Start 0.009ms
[2025-12-18T08:24:30.012+0530][info][gc,phases   ] GC(9) Concurrent Relocate 0.842ms
[2025-12-18T08:24:30.012+0530][info][gc,load     ] GC(9) Load: 0.00/0.00/0.00
[2025-12-18T08:24:30.012+0530][info][gc,mmu      ] GC(9) MMU: 2ms/94.6%, 5ms/97.8%, 10ms/98.8%, 20ms/99.4%, 50ms/99.7%, 100ms/99.9%
[2025-12-18T08:24:30.012+0530][info][gc,marking  ] GC(9) Mark: 2 stripe(s), 1 proactive flush(es), 1 terminate flush(es), 0 completion(s), 0 continuation(s) 
[2025-12-18T08:24:30.012+0530][info][gc,marking  ] GC(9) Mark Stack Usage: 32M
[2025-12-18T08:24:30.012+0530][info][gc,nmethod  ] GC(9) NMethods: 558 registered, 57 unregistered
[2025-12-18T08:24:30.012+0530][info][gc,metaspace] GC(9) Metaspace: 3M used, 4M committed, 1088M reserved
[2025-12-18T08:24:30.012+0530][info][gc,ref      ] GC(9) Soft: 344 encountered, 0 discovered, 0 enqueued
[2025-12-18T08:24:30.012+0530][info][gc,ref      ] GC(9) Weak: 558 encountered, 264 discovered, 0 enqueued
[2025-12-18T08:24:30.012+0530][info][gc,ref      ] GC(9) Final: 0 encountered, 0 discovered, 0 enqueued
[2025-12-18T08:24:30.012+0530][info][gc,ref      ] GC(9) Phantom: 7 encountered, 6 discovered, 0 enqueued
[2025-12-18T08:24:30.012+0530][info][gc,reloc    ] GC(9) Small Pages: 123 / 246M, Empty: 0M, Relocated: 1M, In-Place: 0
[2025-12-18T08:24:30.012+0530][info][gc,reloc    ] GC(9) Medium Pages: 1 / 16M, Empty: 0M, Relocated: 0M, In-Place: 0
[2025-12-18T08:24:30.012+0530][info][gc,reloc    ] GC(9) Large Pages: 1 / 6M, Empty: 0M, Relocated: 0M, In-Place: 0
[2025-12-18T08:24:30.012+0530][info][gc,reloc    ] GC(9) Forwarding Usage: 0M
[2025-12-18T08:24:30.012+0530][info][gc,heap     ] GC(9) Min Capacity: 512M(100%)
[2025-12-18T08:24:30.012+0530][info][gc,heap     ] GC(9) Max Capacity: 512M(100%)
[2025-12-18T08:24:30.012+0530][info][gc,heap     ] GC(9) Soft Max Capacity: 512M(100%)
[2025-12-18T08:24:30.012+0530][info][gc,heap     ] GC(9)                Mark Start          Mark End        Relocate Start      Relocate End           High               Low         
[2025-12-18T08:24:30.012+0530][info][gc,heap     ] GC(9)  Capacity:      512M (100%)        512M (100%)        512M (100%)        512M (100%)        512M (100%)        512M (100%)   
[2025-12-18T08:24:30.012+0530][info][gc,heap     ] GC(9)      Free:      244M (48%)         244M (48%)         244M (48%)         244M (48%)         244M (48%)         240M (47%)    
[2025-12-18T08:24:30.012+0530][info][gc,heap     ] GC(9)      Used:      268M (52%)         268M (52%)         268M (52%)         268M (52%)         272M (53%)         268M (52%)    
[2025-12-18T08:24:30.012+0530][info][gc,heap     ] GC(9)      Live:         -               248M (49%)         248M (49%)         248M (49%)            -                  -          
[2025-12-18T08:24:30.012+0530][info][gc,heap     ] GC(9) Allocated:         -                 0M (0%)            0M (0%)            0M (0%)             -                  -          
[2025-12-18T08:24:30.013+0530][info][gc,heap     ] GC(9)   Garbage:         -                19M (4%)           19M (4%)           19M (4%)             -                  -          
[2025-12-18T08:24:30.013+0530][info][gc,heap     ] GC(9) Reclaimed:         -                  -                 0M (0%)            0M (0%)             -                  -          
[2025-12-18T08:24:30.013+0530][info][gc          ] GC(9) Garbage Collection (Allocation Rate) 268M(52%)->268M(52%)
[2025-12-18T08:24:30.016+0530][info][gc,start    ] GC(10) Garbage Collection (Allocation Rate)
[2025-12-18T08:24:30.016+0530][info][gc,task     ] GC(10) Using 2 workers
[2025-12-18T08:24:30.016+0530][info][gc,phases   ] GC(10) Pause Mark Start 0.009ms
[2025-12-18T08:24:30.112+0530][info][gc,phases   ] GC(10) Concurrent Mark 95.938ms
[2025-12-18T08:24:30.112+0530][info][gc,phases   ] GC(10) Pause Mark End 0.020ms
[2025-12-18T08:24:30.112+0530][info][gc,phases   ] GC(10) Concurrent Mark Free 0.001ms
[2025-12-18T08:24:30.113+0530][info][gc,phases   ] GC(10) Concurrent Process Non-Strong References 1.131ms
[2025-12-18T08:24:30.113+0530][info][gc,phases   ] GC(10) Concurrent Reset Relocation Set 0.001ms
[2025-12-18T08:24:30.114+0530][info][gc,phases   ] GC(10) Concurrent Select Relocation Set 3.009ms
[2025-12-18T08:24:30.114+0530][info][gc,phases   ] GC(10) Pause Relocate Start 0.009ms
[2025-12-18T08:24:30.114+0530][info][gc,phases   ] GC(10) Concurrent Relocate 1.209ms
[2025-12-18T08:24:30.114+0530][info][gc,load     ] GC(10) Load: 0.00/0.00/0.00
[2025-12-18T08:24:30.114+0530][info][gc,mmu      ] GC(10) MMU: 2ms/94.6%, 5ms/97.8%, 10ms/98.8%, 20ms/99.4%, 50ms/99.7%, 100ms/99.9%
[2025-12-18T08:24:30.114+0530][info][gc,marking  ] GC(10) Mark: 2 stripe(s), 1 proactive flush(es), 1 terminate flush(es), 0 completion(s), 0 continuation(s) 
[2025-12-18T08:24:30.114+0530][info][gc,marking  ] GC(10) Mark Stack Usage: 32M
[2025-12-18T08:24:30.114+0530][info][gc,nmethod  ] GC(10) NMethods: 558 registered, 57 unregistered
[2025-12-18T08:24:30.114+0530][info][gc,metaspace] GC(10) Metaspace: 3M used, 4M committed, 1088M reserved
[2025-12-18T08:24:30.114+0530][info][gc,ref      ] GC(10) Soft: 344 encountered, 0 discovered, 0 enqueued
[2025-12-18T08:24:30.114+0530][info][gc,ref      ] GC(10) Weak: 558 encountered, 335 discovered, 0 enqueued
[2025-12-18T08:24:30.114+0530][info][gc,ref      ] GC(10) Final: 0 encountered, 0 discovered, 0 enqueued
[2025-12-18T08:24:30.114+0530][info][gc,ref      ] GC(10) Phantom: 7 encountered, 6 discovered, 0 enqueued
[2025-12-18T08:24:30.114+0530][info][gc,reloc    ] GC(10) Small Pages: 123 / 246M, Empty: 0M, Relocated: 1M, In-Place: 0
[2025-12-18T08:24:30.114+0530][info][gc,reloc    ] GC(10) Medium Pages: 1 / 16M, Empty: 0M, Relocated: 0M, In-Place: 0
[2025-12-18T08:24:30.114+0530][info][gc,reloc    ] GC(10) Large Pages: 1 / 6M, Empty: 0M, Relocated: 0M, In-Place: 0
[2025-12-18T08:24:30.114+0530][info][gc,reloc    ] GC(10) Forwarding Usage: 0M
[2025-12-18T08:24:30.114+0530][info][gc,heap     ] GC(10) Min Capacity: 512M(100%)
[2025-12-18T08:24:30.114+0530][info][gc,heap     ] GC(10) Max Capacity: 512M(100%)
[2025-12-18T08:24:30.114+0530][info][gc,heap     ] GC(10) Soft Max Capacity: 512M(100%)
[2025-12-18T08:24:30.114+0530][info][gc,heap     ] GC(10)                Mark Start          Mark End        Relocate Start      Relocate End           High               Low         
[2025-12-18T08:24:30.114+0530][info][gc,heap     ] GC(10)  Capacity:      512M (100%)        512M (100%)        512M (100%)        512M (100%)        512M (100%)        512M (100%)   
[2025-12-18T08:24:30.114+0530][info][gc,heap     ] GC(10)      Free:      244M (48%)         244M (48%)         244M (48%)         244M (48%)         244M (48%)         240M (47%)    
[2025-12-18T08:24:30.114+0530][info][gc,heap     ] GC(10)      Used:      268M (52%)         268M (52%)         268M (52%)         268M (52%)         272M (53%)         268M (52%)    
[2025-12-18T08:24:30.114+0530][info][gc,heap     ] GC(10)      Live:         -               248M (49%)         248M (49%)         248M (49%)            -                  -          
[2025-12-18T08:24:30.114+0530][info][gc,heap     ] GC(10) Allocated:         -                 0M (0%)            0M (0%)            0M (0%)             -                  -          
[2025-12-18T08:24:30.114+0530][info][gc,heap     ] GC(10)   Garbage:         -                19M (4%)           19M (4%)           19M (4%)             -                  -          
[2025-12-18T08:24:30.114+0530][info][gc,heap     ] GC(10) Reclaimed:         -                  -                 0M (0%)            0M (0%)             -                  -          
[2025-12-18T08:24:30.114+0530][info][gc          ] GC(10) Garbage Collection (Allocation Rate) 268M(52%)->268M(52%)
[2025-12-18T08:24:30.122+0530][info][gc,start    ] GC(11) Garbage Collection (Allocation Rate)
[2025-12-18T08:24:30.122+0530][info][gc,task     ] GC(11) Using 2 workers
[2025-12-18T08:24:30.122+0530][info][gc,phases   ] GC(11) Pause Mark Start 0.010ms
[2025-12-18T08:24:30.210+0530][info][gc,phases   ] GC(11) Concurrent Mark 88.158ms
[2025-12-18T08:24:30.210+0530][info][gc,phases   ] GC(11) Pause Mark End 0.019ms
[2025-12-18T08:24:30.210+0530][info][gc,phases   ] GC(11) Concurrent Mark Free 0.004ms
[2025-12-18T08:24:30.212+0530][info][gc,phases   ] GC(11) Concurrent Process Non-Strong References 1.048ms
[2025-12-18T08:24:30.212+0530][info][gc,phases   ] GC(11) Concurrent Reset Relocation Set 0.001ms
[2025-12-18T08:24:30.215+0530][info][gc,phases   ] GC(11) Concurrent Select Relocation Set 2.893ms
[2025-12-18T08:24:30.215+0530][info][gc,phases   ] GC(11) Pause Relocate Start 0.011ms
[2025-12-18T08:24:30.216+0530][info][gc,phases   ] GC(11) Concurrent Relocate 1.086ms
[2025-12-18T08:24:30.216+0530][info][gc,load     ] GC(11) Load: 0.00/0.00/0.00
[2025-12-18T08:24:30.216+0530][info][gc,mmu      ] GC(11) MMU: 2ms/94.6%, 5ms/97.8%, 10ms/98.8%, 20ms/99.4%, 50ms/99.7%, 100ms/99.9%
[2025-12-18T08:24:30.216+0530][info][gc,marking  ] GC(11) Mark: 2 stripe(s), 2 proactive flush(es), 1 terminate flush(es), 0 completion(s), 0 continuation(s) 
[2025-12-18T08:24:30.216+0530][info][gc,marking  ] GC(11) Mark Stack Usage: 32M
[2025-12-18T08:24:30.216+0530][info][gc,nmethod  ] GC(11) NMethods: 558 registered, 57 unregistered
[2025-12-18T08:24:30.216+0530][info][gc,metaspace] GC(11) Metaspace: 3M used, 4M committed, 1088M reserved
[2025-12-18T08:24:30.216+0530][info][gc,ref      ] GC(11) Soft: 344 encountered, 0 discovered, 0 enqueued
[2025-12-18T08:24:30.216+0530][info][gc,ref      ] GC(11) Weak: 558 encountered, 209 discovered, 0 enqueued
[2025-12-18T08:24:30.216+0530][info][gc,ref      ] GC(11) Final: 0 encountered, 0 discovered, 0 enqueued
[2025-12-18T08:24:30.216+0530][info][gc,ref      ] GC(11) Phantom: 7 encountered, 6 discovered, 0 enqueued
[2025-12-18T08:24:30.216+0530][info][gc,reloc    ] GC(11) Small Pages: 123 / 246M, Empty: 0M, Relocated: 1M, In-Place: 0
[2025-12-18T08:24:30.216+0530][info][gc,reloc    ] GC(11) Medium Pages: 1 / 16M, Empty: 0M, Relocated: 0M, In-Place: 0
[2025-12-18T08:24:30.216+0530][info][gc,reloc    ] GC(11) Large Pages: 1 / 6M, Empty: 0M, Relocated: 0M, In-Place: 0
[2025-12-18T08:24:30.216+0530][info][gc,reloc    ] GC(11) Forwarding Usage: 0M
[2025-12-18T08:24:30.216+0530][info][gc,heap     ] GC(11) Min Capacity: 512M(100%)
[2025-12-18T08:24:30.216+0530][info][gc,heap     ] GC(11) Max Capacity: 512M(100%)
[2025-12-18T08:24:30.216+0530][info][gc,heap     ] GC(11) Soft Max Capacity: 512M(100%)
[2025-12-18T08:24:30.216+0530][info][gc,heap     ] GC(11)                Mark Start          Mark End        Relocate Start      Relocate End           High               Low         
[2025-12-18T08:24:30.216+0530][info][gc,heap     ] GC(11)  Capacity:      512M (100%)        512M (100%)        512M (100%)        512M (100%)        512M (100%)        512M (100%)   
[2025-12-18T08:24:30.216+0530][info][gc,heap     ] GC(11)      Free:      244M (48%)         244M (48%)         244M (48%)         244M (48%)         244M (48%)         240M (47%)    
[2025-12-18T08:24:30.216+0530][info][gc,heap     ] GC(11)      Used:      268M (52%)         268M (52%)         268M (52%)         268M (52%)         272M (53%)         268M (52%)    
[2025-12-18T08:24:30.216+0530][info][gc,heap     ] GC(11)      Live:         -               248M (49%)         248M (49%)         248M (49%)            -                  -          
[2025-12-18T08:24:30.216+0530][info][gc,heap     ] GC(11) Allocated:         -                 0M (0%)            0M (0%)            0M (0%)             -                  -          
[2025-12-18T08:24:30.216+0530][info][gc,heap     ] GC(11)   Garbage:         -                19M (4%)           19M (4%)           19M (4%)             -                  -          
[2025-12-18T08:24:30.216+0530][info][gc,heap     ] GC(11) Reclaimed:         -                  -                 0M (0%)            0M (0%)             -                  -          
[2025-12-18T08:24:30.216+0530][info][gc          ] GC(11) Garbage Collection (Allocation Rate) 268M(52%)->268M(52%)
[2025-12-18T08:24:30.217+0530][info][gc,start    ] GC(12) Garbage Collection (Allocation Rate)
[2025-12-18T08:24:30.217+0530][info][gc,task     ] GC(12) Using 2 workers
[2025-12-18T08:24:30.217+0530][info][gc,phases   ] GC(12) Pause Mark Start 0.009ms
[2025-12-18T08:24:30.304+0530][info][gc,phases   ] GC(12) Concurrent Mark 86.519ms
[2025-12-18T08:24:30.304+0530][info][gc,phases   ] GC(12) Pause Mark End 0.021ms
[2025-12-18T08:24:30.304+0530][info][gc,phases   ] GC(12) Concurrent Mark Free 0.001ms
[2025-12-18T08:24:30.305+0530][info][gc,phases   ] GC(12) Concurrent Process Non-Strong References 1.097ms
[2025-12-18T08:24:30.305+0530][info][gc,phases   ] GC(12) Concurrent Reset Relocation Set 0.001ms
[2025-12-18T08:24:30.307+0530][info][gc,phases   ] GC(12) Concurrent Select Relocation Set 2.948ms
[2025-12-18T08:24:30.308+0530][info][gc,phases   ] GC(12) Pause Relocate Start 0.011ms
[2025-12-18T08:24:30.309+0530][info][gc,phases   ] GC(12) Concurrent Relocate 0.933ms
[2025-12-18T08:24:30.309+0530][info][gc,load     ] GC(12) Load: 0.00/0.00/0.00
[2025-12-18T08:24:30.309+0530][info][gc,mmu      ] GC(12) MMU: 2ms/94.6%, 5ms/97.8%, 10ms/98.8%, 20ms/99.4%, 50ms/99.7%, 100ms/99.9%
[2025-12-18T08:24:30.309+0530][info][gc,marking  ] GC(12) Mark: 2 stripe(s), 3 proactive flush(es), 1 terminate flush(es), 0 completion(s), 0 continuation(s) 
[2025-12-18T08:24:30.309+0530][info][gc,marking  ] GC(12) Mark Stack Usage: 32M
[2025-12-18T08:24:30.309+0530][info][gc,nmethod  ] GC(12) NMethods: 558 registered, 57 unregistered
[2025-12-18T08:24:30.309+0530][info][gc,metaspace] GC(12) Metaspace: 3M used, 4M committed, 1088M reserved
[2025-12-18T08:24:30.309+0530][info][gc,ref      ] GC(12) Soft: 344 encountered, 0 discovered, 0 enqueued
[2025-12-18T08:24:30.309+0530][info][gc,ref      ] GC(12) Weak: 558 encountered, 299 discovered, 0 enqueued
[2025-12-18T08:24:30.309+0530][info][gc,ref      ] GC(12) Final: 0 encountered, 0 discovered, 0 enqueued
[2025-12-18T08:24:30.309+0530][info][gc,ref      ] GC(12) Phantom: 7 encountered, 6 discovered, 0 enqueued
[2025-12-18T08:24:30.309+0530][info][gc,reloc    ] GC(12) Small Pages: 123 / 246M, Empty: 0M, Relocated: 1M, In-Place: 0
[2025-12-18T08:24:30.309+0530][info][gc,reloc    ] GC(12) Medium Pages: 1 / 16M, Empty: 0M, Relocated: 0M, In-Place: 0
[2025-12-18T08:24:30.309+0530][info][gc,reloc    ] GC(12) Large Pages: 1 / 6M, Empty: 0M, Relocated: 0M, In-Place: 0
[2025-12-18T08:24:30.309+0530][info][gc,reloc    ] GC(12) Forwarding Usage: 0M
[2025-12-18T08:24:30.309+0530][info][gc,heap     ] GC(12) Min Capacity: 512M(100%)
[2025-12-18T08:24:30.309+0530][info][gc,heap     ] GC(12) Max Capacity: 512M(100%)
[2025-12-18T08:24:30.309+0530][info][gc,heap     ] GC(12) Soft Max Capacity: 512M(100%)
[2025-12-18T08:24:30.309+0530][info][gc,heap     ] GC(12)                Mark Start          Mark End        Relocate Start      Relocate End           High               Low         
[2025-12-18T08:24:30.309+0530][info][gc,heap     ] GC(12)  Capacity:      512M (100%)        512M (100%)        512M (100%)        512M (100%)        512M (100%)        512M (100%)   
[2025-12-18T08:24:30.309+0530][info][gc,heap     ] GC(12)      Free:      244M (48%)         244M (48%)         244M (48%)         244M (48%)         244M (48%)         240M (47%)    
[2025-12-18T08:24:30.309+0530][info][gc,heap     ] GC(12)      Used:      268M (52%)         268M (52%)         268M (52%)         268M (52%)         272M (53%)         268M (52%)    
[2025-12-18T08:24:30.309+0530][info][gc,heap     ] GC(12)      Live:         -               248M (49%)         248M (49%)         248M (49%)            -                  -          
[2025-12-18T08:24:30.309+0530][info][gc,heap     ] GC(12) Allocated:         -                 0M (0%)            0M (0%)            0M (0%)             -                  -          
[2025-12-18T08:24:30.309+0530][info][gc,heap     ] GC(12)   Garbage:         -                19M (4%)           19M (4%)           19M (4%)             -                  -          
[2025-12-18T08:24:30.309+0530][info][gc,heap     ] GC(12) Reclaimed:         -                  -                 0M (0%)            0M (0%)             -                  -          
[2025-12-18T08:24:30.309+0530][info][gc          ] GC(12) Garbage Collection (Allocation Rate) 268M(52%)->268M(52%)
[2025-12-18T08:24:33.917+0530][info][gc,start    ] GC(13) Garbage Collection (Allocation Rate)
[2025-12-18T08:24:33.917+0530][info][gc,task     ] GC(13) Using 2 workers
[2025-12-18T08:24:33.917+0530][info][gc,phases   ] GC(13) Pause Mark Start 0.010ms
[2025-12-18T08:24:34.059+0530][info][gc,phases   ] GC(13) Concurrent Mark 141.513ms
[2025-12-18T08:24:34.059+0530][info][gc,phases   ] GC(13) Pause Mark End 0.092ms
[2025-12-18T08:24:34.059+0530][info][gc,phases   ] GC(13) Concurrent Mark Free 0.001ms
[2025-12-18T08:24:34.060+0530][info][gc,phases   ] GC(13) Concurrent Process Non-Strong References 1.213ms
[2025-12-18T08:24:34.060+0530][info][gc,phases   ] GC(13) Concurrent Reset Relocation Set 0.001ms
[2025-12-18T08:24:34.064+0530][info][gc          ] Allocation Stall (Worker-6) 24.347ms
[2025-12-18T08:24:34.064+0530][info][gc          ] Allocation Stall (Worker-3) 22.573ms
[2025-12-18T08:24:34.064+0530][info][gc          ] Allocation Stall (Worker-0) 19.668ms
[2025-12-18T08:24:34.064+0530][info][gc          ] Allocation Stall (Worker-4) 20.543ms
[2025-12-18T08:24:34.064+0530][info][gc          ] Allocation Stall (Worker-5) 30.736ms
[2025-12-18T08:24:34.064+0530][info][gc          ] Allocation Stall (Worker-2) 28.723ms
[2025-12-18T08:24:34.065+0530][info][gc          ] Allocation Stall (Worker-1) 27.200ms
[2025-12-18T08:24:34.065+0530][info][gc          ] Allocation Stall (Worker-7) 26.542ms
[2025-12-18T08:24:34.065+0530][info][gc,phases   ] GC(13) Concurrent Select Relocation Set 4.841ms
[2025-12-18T08:24:34.065+0530][info][gc,phases   ] GC(13) Pause Relocate Start 0.010ms
[2025-12-18T08:24:34.079+0530][info][gc,phases   ] GC(13) Concurrent Relocate 3.777ms
[2025-12-18T08:24:34.080+0530][info][gc,load     ] GC(13) Load: 0.00/0.00/0.00
[2025-12-18T08:24:34.080+0530][info][gc,mmu      ] GC(13) MMU: 2ms/94.6%, 5ms/97.8%, 10ms/98.8%, 20ms/99.4%, 50ms/99.7%, 100ms/99.9%
[2025-12-18T08:24:34.080+0530][info][gc,marking  ] GC(13) Mark: 2 stripe(s), 2 proactive flush(es), 1 terminate flush(es), 1 completion(s), 0 continuation(s) 
[2025-12-18T08:24:34.080+0530][info][gc,marking  ] GC(13) Mark Stack Usage: 32M
[2025-12-18T08:24:34.080+0530][info][gc,nmethod  ] GC(13) NMethods: 579 registered, 64 unregistered
[2025-12-18T08:24:34.080+0530][info][gc,metaspace] GC(13) Metaspace: 3M used, 4M committed, 1088M reserved
[2025-12-18T08:24:34.080+0530][info][gc,ref      ] GC(13) Soft: 344 encountered, 0 discovered, 0 enqueued
[2025-12-18T08:24:34.080+0530][info][gc,ref      ] GC(13) Weak: 561 encountered, 4 discovered, 3 enqueued
[2025-12-18T08:24:34.080+0530][info][gc,ref      ] GC(13) Final: 0 encountered, 0 discovered, 0 enqueued
[2025-12-18T08:24:34.080+0530][info][gc,ref      ] GC(13) Phantom: 7 encountered, 5 discovered, 0 enqueued
[2025-12-18T08:24:34.080+0530][info][gc,reloc    ] GC(13) Small Pages: 196 / 392M, Empty: 118M, Relocated: 3M, In-Place: 0
[2025-12-18T08:24:34.080+0530][info][gc,reloc    ] GC(13) Medium Pages: 1 / 16M, Empty: 0M, Relocated: 0M, In-Place: 0
[2025-12-18T08:24:34.080+0530][info][gc,reloc    ] GC(13) Large Pages: 1 / 6M, Empty: 0M, Relocated: 0M, In-Place: 0
[2025-12-18T08:24:34.080+0530][info][gc,reloc    ] GC(13) Forwarding Usage: 0M
[2025-12-18T08:24:34.080+0530][info][gc,heap     ] GC(13) Min Capacity: 512M(100%)
[2025-12-18T08:24:34.080+0530][info][gc,heap     ] GC(13) Max Capacity: 512M(100%)
[2025-12-18T08:24:34.080+0530][info][gc,heap     ] GC(13) Soft Max Capacity: 512M(100%)
[2025-12-18T08:24:34.080+0530][info][gc,heap     ] GC(13)                Mark Start          Mark End        Relocate Start      Relocate End           High               Low         
[2025-12-18T08:24:34.080+0530][info][gc,heap     ] GC(13)  Capacity:      512M (100%)        512M (100%)        512M (100%)        512M (100%)        512M (100%)        512M (100%)   
[2025-12-18T08:24:34.080+0530][info][gc,heap     ] GC(13)      Free:       98M (19%)           0M (0%)          102M (20%)         116M (23%)         128M (25%)           0M (0%)     
[2025-12-18T08:24:34.080+0530][info][gc,heap     ] GC(13)      Used:      414M (81%)         512M (100%)        410M (80%)         396M (77%)         512M (100%)        384M (75%)    
[2025-12-18T08:24:34.080+0530][info][gc,heap     ] GC(13)      Live:         -               248M (49%)         248M (49%)         248M (49%)            -                  -          
[2025-12-18T08:24:34.080+0530][info][gc,heap     ] GC(13) Allocated:         -                98M (19%)         114M (22%)         127M (25%)            -                  -          
[2025-12-18T08:24:34.080+0530][info][gc,heap     ] GC(13)   Garbage:         -               165M (32%)          47M (9%)           19M (4%)             -                  -          
[2025-12-18T08:24:34.080+0530][info][gc,heap     ] GC(13) Reclaimed:         -                  -               118M (23%)         145M (29%)            -                  -          
[2025-12-18T08:24:34.080+0530][info][gc          ] GC(13) Garbage Collection (Allocation Rate) 414M(81%)->396M(77%)
[2025-12-18T08:24:34.117+0530][info][gc,start    ] GC(14) Garbage Collection (Allocation Stall)
[2025-12-18T08:24:34.117+0530][info][gc,ref      ] GC(14) Clearing All SoftReferences
[2025-12-18T08:24:34.117+0530][info][gc,task     ] GC(14) Using 2 workers
[2025-12-18T08:24:34.117+0530][info][gc,ref      ] GC(14) Clearing All SoftReferences
[2025-12-18T08:24:34.117+0530][info][gc,phases   ] GC(14) Pause Mark Start 0.052ms
[2025-12-18T08:24:34.256+0530][info][gc,phases   ] GC(14) Concurrent Mark 137.715ms
[2025-12-18T08:24:34.256+0530][info][gc,phases   ] GC(14) Pause Mark End 0.120ms
[2025-12-18T08:24:34.256+0530][info][gc,phases   ] GC(14) Concurrent Mark Free 0.001ms
[2025-12-18T08:24:34.259+0530][info][gc,phases   ] GC(14) Concurrent Process Non-Strong References 3.215ms
[2025-12-18T08:24:34.259+0530][info][gc,phases   ] GC(14) Concurrent Reset Relocation Set 0.001ms
[2025-12-18T08:24:34.259+0530][info][gc          ] Allocation Stall (Worker-7) 64.054ms
[2025-12-18T08:24:34.259+0530][info][gc          ] Allocation Stall (Worker-2) 63.990ms
[2025-12-18T08:24:34.259+0530][info][gc          ] Allocation Stall (Worker-4) 60.733ms
[2025-12-18T08:24:34.259+0530][info][gc          ] Allocation Stall (Worker-5) 60.308ms
[2025-12-18T08:24:34.259+0530][info][gc          ] Allocation Stall (Worker-6) 72.634ms
[2025-12-18T08:24:34.259+0530][info][gc          ] Allocation Stall (Worker-1) 69.061ms
[2025-12-18T08:24:34.259+0530][info][gc          ] Allocation Stall (Worker-3) 65.959ms
[2025-12-18T08:24:34.259+0530][info][gc          ] Allocation Stall (Worker-0) 64.267ms
[2025-12-18T08:24:34.263+0530][info][gc,phases   ] GC(14) Concurrent Select Relocation Set 3.797ms
[2025-12-18T08:24:34.263+0530][info][gc,phases   ] GC(14) Pause Relocate Start 0.009ms
[2025-12-18T08:24:34.271+0530][info][gc,phases   ] GC(14) Concurrent Relocate 2.441ms
[2025-12-18T08:24:34.271+0530][info][gc,load     ] GC(14) Load: 0.00/0.00/0.00
[2025-12-18T08:24:34.271+0530][info][gc,mmu      ] GC(14) MMU: 2ms/94.0%, 5ms/97.6%, 10ms/98.7%, 20ms/99.4%, 50ms/99.7%, 100ms/99.8%
[2025-12-18T08:24:34.271+0530][info][gc,marking  ] GC(14) Mark: 2 stripe(s), 2 proactive flush(es), 1 terminate flush(es), 1 completion(s), 0 continuation(s) 
[2025-12-18T08:24:34.271+0530][info][gc,marking  ] GC(14) Mark Stack Usage: 32M
[2025-12-18T08:24:34.271+0530][info][gc,nmethod  ] GC(14) NMethods: 580 registered, 64 unregistered
[2025-12-18T08:24:34.271+0530][info][gc,metaspace] GC(14) Metaspace: 3M used, 4M committed, 1088M reserved
[2025-12-18T08:24:34.271+0530][info][gc,ref      ] GC(14) Soft: 320 encountered, 241 discovered, 163 enqueued
[2025-12-18T08:24:34.271+0530][info][gc,ref      ] GC(14) Weak: 558 encountered, 438 discovered, 19 enqueued
[2025-12-18T08:24:34.271+0530][info][gc,ref      ] GC(14) Final: 0 encountered, 0 discovered, 0 enqueued
[2025-12-18T08:24:34.271+0530][info][gc,ref      ] GC(14) Phantom: 7 encountered, 5 discovered, 0 enqueued
[2025-12-18T08:24:34.271+0530][info][gc,reloc    ] GC(14) Small Pages: 211 / 422M, Empty: 130M, Relocated: 1M, In-Place: 0
[2025-12-18T08:24:34.271+0530][info][gc,reloc    ] GC(14) Medium Pages: 1 / 16M, Empty: 0M, Relocated: 0M, In-Place: 0
[2025-12-18T08:24:34.271+0530][info][gc,reloc    ] GC(14) Large Pages: 1 / 6M, Empty: 0M, Relocated: 0M, In-Place: 0
[2025-12-18T08:24:34.271+0530][info][gc,reloc    ] GC(14) Forwarding Usage: 0M
[2025-12-18T08:24:34.271+0530][info][gc,heap     ] GC(14) Min Capacity: 512M(100%)
[2025-12-18T08:24:34.271+0530][info][gc,heap     ] GC(14) Max Capacity: 512M(100%)
[2025-12-18T08:24:34.271+0530][info][gc,heap     ] GC(14) Soft Max Capacity: 512M(100%)
[2025-12-18T08:24:34.271+0530][info][gc,heap     ] GC(14)                Mark Start          Mark End        Relocate Start      Relocate End           High               Low         
[2025-12-18T08:24:34.272+0530][info][gc,heap     ] GC(14)  Capacity:      512M (100%)        512M (100%)        512M (100%)        512M (100%)        512M (100%)        512M (100%)   
[2025-12-18T08:24:34.272+0530][info][gc,heap     ] GC(14)      Free:       68M (13%)           0M (0%)          116M (23%)         162M (32%)         162M (32%)           0M (0%)     
[2025-12-18T08:24:34.272+0530][info][gc,heap     ] GC(14)      Used:      444M (87%)         512M (100%)        396M (77%)         350M (68%)         512M (100%)        350M (68%)    
[2025-12-18T08:24:34.272+0530][info][gc,heap     ] GC(14)      Live:         -               248M (48%)         248M (48%)         248M (48%)            -                  -          
[2025-12-18T08:24:34.272+0530][info][gc,heap     ] GC(14) Allocated:         -                68M (13%)          82M (16%)          81M (16%)            -                  -          
[2025-12-18T08:24:34.272+0530][info][gc,heap     ] GC(14)   Garbage:         -               195M (38%)          65M (13%)          19M (4%)             -                  -          
[2025-12-18T08:24:34.272+0530][info][gc,heap     ] GC(14) Reclaimed:         -                  -               130M (25%)         175M (34%)            -                  -          
[2025-12-18T08:24:34.272+0530][info][gc          ] GC(14) Garbage Collection (Allocation Stall) 444M(87%)->350M(68%)
[2025-12-18T08:24:34.316+0530][info][gc,start    ] GC(15) Garbage Collection (Allocation Stall)
[2025-12-18T08:24:34.316+0530][info][gc,ref      ] GC(15) Clearing All SoftReferences
[2025-12-18T08:24:34.316+0530][info][gc,task     ] GC(15) Using 2 workers
[2025-12-18T08:24:34.316+0530][info][gc,ref      ] GC(15) Clearing All SoftReferences
[2025-12-18T08:24:34.317+0530][info][gc,phases   ] GC(15) Pause Mark Start 0.072ms
[2025-12-18T08:24:34.460+0530][info][gc,phases   ] GC(15) Concurrent Mark 132.608ms
[2025-12-18T08:24:34.460+0530][info][gc,phases   ] GC(15) Pause Mark End 0.094ms
[2025-12-18T08:24:34.460+0530][info][gc,phases   ] GC(15) Concurrent Mark Free 0.001ms
[2025-12-18T08:24:34.461+0530][info][gc,phases   ] GC(15) Concurrent Process Non-Strong References 1.010ms
[2025-12-18T08:24:34.461+0530][info][gc,phases   ] GC(15) Concurrent Reset Relocation Set 0.003ms
[2025-12-18T08:24:34.464+0530][info][gc          ] Allocation Stall (Worker-7) 38.126ms
[2025-12-18T08:24:34.464+0530][info][gc          ] Allocation Stall (Worker-3) 48.172ms
[2025-12-18T08:24:34.464+0530][info][gc          ] Allocation Stall (Worker-0) 47.982ms
[2025-12-18T08:24:34.464+0530][info][gc          ] Allocation Stall (Worker-2) 46.518ms
[2025-12-18T08:24:34.464+0530][info][gc          ] Allocation Stall (Worker-5) 46.510ms
[2025-12-18T08:24:34.464+0530][info][gc          ] Allocation Stall (Worker-6) 45.319ms
[2025-12-18T08:24:34.464+0530][info][gc,phases   ] GC(15) Concurrent Select Relocation Set 3.418ms
[2025-12-18T08:24:34.464+0530][info][gc          ] Allocation Stall (Worker-1) 42.131ms
[2025-12-18T08:24:34.464+0530][info][gc          ] Allocation Stall (Worker-4) 39.313ms
[2025-12-18T08:24:34.464+0530][info][gc,phases   ] GC(15) Pause Relocate Start 0.012ms
[2025-12-18T08:24:34.470+0530][info][gc,phases   ] GC(15) Concurrent Relocate 1.558ms
[2025-12-18T08:24:34.470+0530][info][gc,load     ] GC(15) Load: 0.00/0.00/0.00
[2025-12-18T08:24:34.470+0530][info][gc,mmu      ] GC(15) MMU: 2ms/94.0%, 5ms/97.6%, 10ms/98.7%, 20ms/99.4%, 50ms/99.7%, 100ms/99.8%
[2025-12-18T08:24:34.470+0530][info][gc,marking  ] GC(15) Mark: 2 stripe(s), 2 proactive flush(es), 1 terminate flush(es), 1 completion(s), 0 continuation(s) 
[2025-12-18T08:24:34.470+0530][info][gc,marking  ] GC(15) Mark Stack Usage: 32M
[2025-12-18T08:24:34.470+0530][info][gc,nmethod  ] GC(15) NMethods: 580 registered, 64 unregistered
[2025-12-18T08:24:34.470+0530][info][gc,metaspace] GC(15) Metaspace: 3M used, 4M committed, 1088M reserved
[2025-12-18T08:24:34.470+0530][info][gc,ref      ] GC(15) Soft: 157 encountered, 76 discovered, 0 enqueued
[2025-12-18T08:24:34.470+0530][info][gc,ref      ] GC(15) Weak: 539 encountered, 420 discovered, 0 enqueued
[2025-12-18T08:24:34.470+0530][info][gc,ref      ] GC(15) Final: 0 encountered, 0 discovered, 0 enqueued
[2025-12-18T08:24:34.470+0530][info][gc,ref      ] GC(15) Phantom: 7 encountered, 2 discovered, 0 enqueued
[2025-12-18T08:24:34.470+0530][info][gc,reloc    ] GC(15) Small Pages: 194 / 388M, Empty: 110M, Relocated: 1M, In-Place: 0
[2025-12-18T08:24:34.470+0530][info][gc,reloc    ] GC(15) Medium Pages: 1 / 16M, Empty: 0M, Relocated: 0M, In-Place: 0
[2025-12-18T08:24:34.470+0530][info][gc,reloc    ] GC(15) Large Pages: 1 / 6M, Empty: 0M, Relocated: 0M, In-Place: 0
[2025-12-18T08:24:34.470+0530][info][gc,reloc    ] GC(15) Forwarding Usage: 0M
[2025-12-18T08:24:34.470+0530][info][gc,heap     ] GC(15) Min Capacity: 512M(100%)
[2025-12-18T08:24:34.470+0530][info][gc,heap     ] GC(15) Max Capacity: 512M(100%)
[2025-12-18T08:24:34.470+0530][info][gc,heap     ] GC(15) Soft Max Capacity: 512M(100%)
[2025-12-18T08:24:34.470+0530][info][gc,heap     ] GC(15)                Mark Start          Mark End        Relocate Start      Relocate End           High               Low         
[2025-12-18T08:24:34.470+0530][info][gc,heap     ] GC(15)  Capacity:      512M (100%)        512M (100%)        512M (100%)        512M (100%)        512M (100%)        512M (100%)   
[2025-12-18T08:24:34.470+0530][info][gc,heap     ] GC(15)      Free:      102M (20%)           0M (0%)           96M (19%)         128M (25%)         128M (25%)           0M (0%)     
[2025-12-18T08:24:34.470+0530][info][gc,heap     ] GC(15)      Used:      410M (80%)         512M (100%)        416M (81%)         384M (75%)         512M (100%)        384M (75%)    
[2025-12-18T08:24:34.471+0530][info][gc,heap     ] GC(15)      Live:         -               248M (48%)         248M (48%)         248M (48%)            -                  -          
[2025-12-18T08:24:34.471+0530][info][gc,heap     ] GC(15) Allocated:         -               102M (20%)         116M (23%)         115M (23%)            -                  -          
[2025-12-18T08:24:34.471+0530][info][gc,heap     ] GC(15)   Garbage:         -               161M (32%)          51M (10%)          19M (4%)             -                  -          
[2025-12-18T08:24:34.471+0530][info][gc,heap     ] GC(15) Reclaimed:         -                  -               110M (21%)         141M (28%)            -                  -          
[2025-12-18T08:24:34.471+0530][info][gc          ] GC(15) Garbage Collection (Allocation Stall) 410M(80%)->384M(75%)
[2025-12-18T08:24:34.517+0530][info][gc,start    ] GC(16) Garbage Collection (Allocation Stall)
[2025-12-18T08:24:34.517+0530][info][gc,ref      ] GC(16) Clearing All SoftReferences
[2025-12-18T08:24:34.517+0530][info][gc,task     ] GC(16) Using 2 workers
[2025-12-18T08:24:34.517+0530][info][gc,ref      ] GC(16) Clearing All SoftReferences
[2025-12-18T08:24:34.517+0530][info][gc,phases   ] GC(16) Pause Mark Start 0.051ms
[2025-12-18T08:24:34.652+0530][info][gc,phases   ] GC(16) Concurrent Mark 122.299ms
[2025-12-18T08:24:34.652+0530][info][gc,phases   ] GC(16) Pause Mark End 0.087ms
[2025-12-18T08:24:34.652+0530][info][gc,phases   ] GC(16) Concurrent Mark Free 0.001ms
[2025-12-18T08:24:34.653+0530][info][gc,phases   ] GC(16) Concurrent Process Non-Strong References 0.948ms
[2025-12-18T08:24:34.653+0530][info][gc,phases   ] GC(16) Concurrent Reset Relocation Set 0.002ms
[2025-12-18T08:24:34.653+0530][info][gc          ] Allocation Stall (Worker-1) 82.358ms
[2025-12-18T08:24:34.653+0530][info][gc          ] Allocation Stall (Worker-4) 77.186ms
[2025-12-18T08:24:34.653+0530][info][gc          ] Allocation Stall (JFR Periodic Tasks) 10.559ms
[2025-12-18T08:24:34.653+0530][info][gc          ] Allocation Stall (Worker-2) 89.974ms
[2025-12-18T08:24:34.653+0530][info][gc          ] Allocation Stall (Worker-5) 85.391ms
[2025-12-18T08:24:34.653+0530][info][gc          ] Allocation Stall (Worker-3) 84.801ms
[2025-12-18T08:24:34.653+0530][info][gc          ] Allocation Stall (Worker-6) 83.921ms
[2025-12-18T08:24:34.653+0530][info][gc          ] Allocation Stall (Worker-7) 84.316ms
[2025-12-18T08:24:34.653+0530][info][gc          ] Allocation Stall (Worker-0) 82.694ms
[2025-12-18T08:24:34.657+0530][info][gc,phases   ] GC(16) Concurrent Select Relocation Set 3.659ms
[2025-12-18T08:24:34.657+0530][info][gc,phases   ] GC(16) Pause Relocate Start 0.011ms
[2025-12-18T08:24:34.662+0530][info][gc,phases   ] GC(16) Concurrent Relocate 1.550ms
[2025-12-18T08:24:34.662+0530][info][gc,load     ] GC(16) Load: 0.00/0.00/0.00
[2025-12-18T08:24:34.662+0530][info][gc,mmu      ] GC(16) MMU: 2ms/94.0%, 5ms/97.6%, 10ms/98.7%, 20ms/99.4%, 50ms/99.7%, 100ms/99.8%
[2025-12-18T08:24:34.662+0530][info][gc,marking  ] GC(16) Mark: 2 stripe(s), 2 proactive flush(es), 1 terminate flush(es), 1 completion(s), 0 continuation(s) 
[2025-12-18T08:24:34.662+0530][info][gc,marking  ] GC(16) Mark Stack Usage: 32M
[2025-12-18T08:24:34.662+0530][info][gc,nmethod  ] GC(16) NMethods: 580 registered, 64 unregistered
[2025-12-18T08:24:34.662+0530][info][gc,metaspace] GC(16) Metaspace: 3M used, 4M committed, 1088M reserved
[2025-12-18T08:24:34.662+0530][info][gc,ref      ] GC(16) Soft: 157 encountered, 77 discovered, 0 enqueued
[2025-12-18T08:24:34.662+0530][info][gc,ref      ] GC(16) Weak: 539 encountered, 3 discovered, 0 enqueued
[2025-12-18T08:24:34.662+0530][info][gc,ref      ] GC(16) Final: 0 encountered, 0 discovered, 0 enqueued
[2025-12-18T08:24:34.662+0530][info][gc,ref      ] GC(16) Phantom: 7 encountered, 5 discovered, 0 enqueued
[2025-12-18T08:24:34.662+0530][info][gc,reloc    ] GC(16) Small Pages: 213 / 426M, Empty: 150M, Relocated: 1M, In-Place: 0
[2025-12-18T08:24:34.662+0530][info][gc,reloc    ] GC(16) Medium Pages: 1 / 16M, Empty: 0M, Relocated: 0M, In-Place: 0
[2025-12-18T08:24:34.662+0530][info][gc,reloc    ] GC(16) Large Pages: 1 / 6M, Empty: 0M, Relocated: 0M, In-Place: 0
[2025-12-18T08:24:34.662+0530][info][gc,reloc    ] GC(16) Forwarding Usage: 0M
[2025-12-18T08:24:34.662+0530][info][gc,heap     ] GC(16) Min Capacity: 512M(100%)
[2025-12-18T08:24:34.663+0530][info][gc,heap     ] GC(16) Max Capacity: 512M(100%)
[2025-12-18T08:24:34.663+0530][info][gc,heap     ] GC(16) Soft Max Capacity: 512M(100%)
[2025-12-18T08:24:34.663+0530][info][gc,heap     ] GC(16)                Mark Start          Mark End        Relocate Start      Relocate End           High               Low         
[2025-12-18T08:24:34.663+0530][info][gc,heap     ] GC(16)  Capacity:      512M (100%)        512M (100%)        512M (100%)        512M (100%)        512M (100%)        512M (100%)   
[2025-12-18T08:24:34.663+0530][info][gc,heap     ] GC(16)      Free:       64M (12%)           0M (0%)          138M (27%)         168M (33%)         168M (33%)           0M (0%)     
[2025-12-18T08:24:34.663+0530][info][gc,heap     ] GC(16)      Used:      448M (88%)         512M (100%)        374M (73%)         344M (67%)         512M (100%)        344M (67%)    
[2025-12-18T08:24:34.663+0530][info][gc,heap     ] GC(16)      Live:         -               248M (48%)         248M (48%)         248M (48%)            -                  -          
[2025-12-18T08:24:34.663+0530][info][gc,heap     ] GC(16) Allocated:         -                64M (12%)          76M (15%)          75M (15%)            -                  -          
[2025-12-18T08:24:34.663+0530][info][gc,heap     ] GC(16)   Garbage:         -               199M (39%)          49M (10%)          19M (4%)             -                  -          
[2025-12-18T08:24:34.663+0530][info][gc,heap     ] GC(16) Reclaimed:         -                  -               150M (29%)         179M (35%)            -                  -          
[2025-12-18T08:24:34.663+0530][info][gc          ] GC(16) Garbage Collection (Allocation Stall) 448M(88%)->344M(67%)
[2025-12-18T08:24:34.717+0530][info][gc,start    ] GC(17) Garbage Collection (Allocation Stall)
[2025-12-18T08:24:34.717+0530][info][gc,ref      ] GC(17) Clearing All SoftReferences
[2025-12-18T08:24:34.717+0530][info][gc,task     ] GC(17) Using 2 workers
[2025-12-18T08:24:34.717+0530][info][gc,ref      ] GC(17) Clearing All SoftReferences
[2025-12-18T08:24:34.717+0530][info][gc,phases   ] GC(17) Pause Mark Start 0.063ms
[2025-12-18T08:24:34.872+0530][info][gc,phases   ] GC(17) Concurrent Mark 149.820ms
[2025-12-18T08:24:34.872+0530][info][gc,phases   ] GC(17) Pause Mark End 0.099ms
[2025-12-18T08:24:34.872+0530][info][gc,phases   ] GC(17) Concurrent Mark Free 0.001ms
[2025-12-18T08:24:34.873+0530][info][gc,phases   ] GC(17) Concurrent Process Non-Strong References 1.023ms
[2025-12-18T08:24:34.873+0530][info][gc,phases   ] GC(17) Concurrent Reset Relocation Set 0.002ms
[2025-12-18T08:24:34.876+0530][info][gc          ] Allocation Stall (Worker-2) 78.876ms
[2025-12-18T08:24:34.876+0530][info][gc          ] Allocation Stall (Worker-7) 73.077ms
[2025-12-18T08:24:34.876+0530][info][gc          ] Allocation Stall (Worker-5) 78.330ms
[2025-12-18T08:24:34.876+0530][info][gc          ] Allocation Stall (Worker-1) 81.872ms
[2025-12-18T08:24:34.876+0530][info][gc          ] Allocation Stall (Worker-6) 81.819ms
[2025-12-18T08:24:34.877+0530][info][gc          ] Allocation Stall (Worker-0) 80.972ms
[2025-12-18T08:24:34.877+0530][info][gc          ] Allocation Stall (Worker-3) 81.599ms
[2025-12-18T08:24:34.877+0530][info][gc          ] Allocation Stall (Worker-4) 79.710ms
[2025-12-18T08:24:34.877+0530][info][gc,phases   ] GC(17) Concurrent Select Relocation Set 3.443ms
[2025-12-18T08:24:34.877+0530][info][gc,phases   ] GC(17) Pause Relocate Start 0.010ms
[2025-12-18T08:24:34.907+0530][info][gc,phases   ] GC(17) Concurrent Relocate 1.709ms
[2025-12-18T08:24:34.907+0530][info][gc,load     ] GC(17) Load: 0.00/0.00/0.00
[2025-12-18T08:24:34.908+0530][info][gc,mmu      ] GC(17) MMU: 2ms/94.0%, 5ms/97.6%, 10ms/98.7%, 20ms/99.4%, 50ms/99.7%, 100ms/99.8%
[2025-12-18T08:24:34.908+0530][info][gc,marking  ] GC(17) Mark: 2 stripe(s), 2 proactive flush(es), 1 terminate flush(es), 1 completion(s), 0 continuation(s) 
[2025-12-18T08:24:34.908+0530][info][gc,marking  ] GC(17) Mark Stack Usage: 32M
[2025-12-18T08:24:34.908+0530][info][gc,nmethod  ] GC(17) NMethods: 583 registered, 64 unregistered
[2025-12-18T08:24:34.908+0530][info][gc,metaspace] GC(17) Metaspace: 3M used, 4M committed, 1088M reserved
[2025-12-18T08:24:34.908+0530][info][gc,ref      ] GC(17) Soft: 157 encountered, 90 discovered, 0 enqueued
[2025-12-18T08:24:34.908+0530][info][gc,ref      ] GC(17) Weak: 539 encountered, 445 discovered, 0 enqueued
[2025-12-18T08:24:34.908+0530][info][gc,ref      ] GC(17) Final: 0 encountered, 0 discovered, 0 enqueued
[2025-12-18T08:24:34.908+0530][info][gc,ref      ] GC(17) Phantom: 7 encountered, 2 discovered, 0 enqueued
[2025-12-18T08:24:34.908+0530][info][gc,reloc    ] GC(17) Small Pages: 201 / 402M, Empty: 124M, Relocated: 1M, In-Place: 0
[2025-12-18T08:24:34.908+0530][info][gc,reloc    ] GC(17) Medium Pages: 1 / 16M, Empty: 0M, Relocated: 0M, In-Place: 0
[2025-12-18T08:24:34.908+0530][info][gc,reloc    ] GC(17) Large Pages: 1 / 6M, Empty: 0M, Relocated: 0M, In-Place: 0
[2025-12-18T08:24:34.908+0530][info][gc,reloc    ] GC(17) Forwarding Usage: 0M
[2025-12-18T08:24:34.908+0530][info][gc,heap     ] GC(17) Min Capacity: 512M(100%)
[2025-12-18T08:24:34.908+0530][info][gc,heap     ] GC(17) Max Capacity: 512M(100%)
[2025-12-18T08:24:34.908+0530][info][gc,heap     ] GC(17) Soft Max Capacity: 512M(100%)
[2025-12-18T08:24:34.908+0530][info][gc,heap     ] GC(17)                Mark Start          Mark End        Relocate Start      Relocate End           High               Low         
[2025-12-18T08:24:34.908+0530][info][gc,heap     ] GC(17)  Capacity:      512M (100%)        512M (100%)        512M (100%)        512M (100%)        512M (100%)        512M (100%)   
[2025-12-18T08:24:34.908+0530][info][gc,heap     ] GC(17)      Free:       88M (17%)           0M (0%)          112M (22%)         116M (23%)         124M (24%)           0M (0%)     
[2025-12-18T08:24:34.908+0530][info][gc,heap     ] GC(17)      Used:      424M (83%)         512M (100%)        400M (78%)         396M (77%)         512M (100%)        388M (76%)    
[2025-12-18T08:24:34.908+0530][info][gc,heap     ] GC(17)      Live:         -               248M (48%)         248M (48%)         248M (48%)            -                  -          
[2025-12-18T08:24:34.908+0530][info][gc,heap     ] GC(17) Allocated:         -                88M (17%)         100M (20%)         127M (25%)            -                  -          
[2025-12-18T08:24:34.908+0530][info][gc,heap     ] GC(17)   Garbage:         -               175M (34%)          51M (10%)          20M (4%)             -                  -          
[2025-12-18T08:24:34.908+0530][info][gc,heap     ] GC(17) Reclaimed:         -                  -               124M (24%)         155M (30%)            -                  -          
[2025-12-18T08:24:34.908+0530][info][gc          ] GC(17) Garbage Collection (Allocation Stall) 424M(83%)->396M(77%)
[2025-12-18T08:24:34.916+0530][info][gc,start    ] GC(18) Garbage Collection (Allocation Stall)
[2025-12-18T08:24:34.916+0530][info][gc,ref      ] GC(18) Clearing All SoftReferences
[2025-12-18T08:24:34.916+0530][info][gc,task     ] GC(18) Using 2 workers
[2025-12-18T08:24:34.916+0530][info][gc,ref      ] GC(18) Clearing All SoftReferences
[2025-12-18T08:24:34.916+0530][info][gc,phases   ] GC(18) Pause Mark Start 0.055ms
[2025-12-18T08:24:35.067+0530][info][gc,phases   ] GC(18) Concurrent Mark 137.023ms
[2025-12-18T08:24:35.067+0530][info][gc,phases   ] GC(18) Pause Mark End 0.096ms
[2025-12-18T08:24:35.067+0530][info][gc,phases   ] GC(18) Concurrent Mark Free 0.001ms
[2025-12-18T08:24:35.068+0530][info][gc,phases   ] GC(18) Concurrent Process Non-Strong References 1.082ms
[2025-12-18T08:24:35.068+0530][info][gc,phases   ] GC(18) Concurrent Reset Relocation Set 0.002ms
[2025-12-18T08:24:35.071+0530][info][gc          ] Allocation Stall (Worker-0) 57.219ms
[2025-12-18T08:24:35.071+0530][info][gc          ] Allocation Stall (Worker-1) 64.693ms
[2025-12-18T08:24:35.071+0530][info][gc          ] Allocation Stall (Worker-7) 56.536ms
[2025-12-18T08:24:35.071+0530][info][gc          ] Allocation Stall (Worker-6) 64.960ms
[2025-12-18T08:24:35.071+0530][info][gc          ] Allocation Stall (Worker-3) 57.515ms
[2025-12-18T08:24:35.071+0530][info][gc          ] Allocation Stall (Worker-2) 62.702ms
[2025-12-18T08:24:35.071+0530][info][gc          ] Allocation Stall (Worker-5) 60.929ms
[2025-12-18T08:24:35.071+0530][info][gc          ] Allocation Stall (Worker-4) 57.928ms
[2025-12-18T08:24:35.071+0530][info][gc,phases   ] GC(18) Concurrent Select Relocation Set 3.064ms
[2025-12-18T08:24:35.073+0530][info][gc,phases   ] GC(18) Pause Relocate Start 0.009ms
[2025-12-18T08:24:35.089+0530][info][gc,phases   ] GC(18) Concurrent Relocate 2.320ms
[2025-12-18T08:24:35.089+0530][info][gc,load     ] GC(18) Load: 0.00/0.00/0.00
[2025-12-18T08:24:35.089+0530][info][gc,mmu      ] GC(18) MMU: 2ms/94.0%, 5ms/97.6%, 10ms/98.7%, 20ms/99.4%, 50ms/99.7%, 100ms/99.8%
[2025-12-18T08:24:35.089+0530][info][gc,marking  ] GC(18) Mark: 2 stripe(s), 2 proactive flush(es), 1 terminate flush(es), 1 completion(s), 0 continuation(s) 
[2025-12-18T08:24:35.089+0530][info][gc,marking  ] GC(18) Mark Stack Usage: 32M
[2025-12-18T08:24:35.089+0530][info][gc,nmethod  ] GC(18) NMethods: 583 registered, 64 unregistered
[2025-12-18T08:24:35.089+0530][info][gc,metaspace] GC(18) Metaspace: 3M used, 4M committed, 1088M reserved
[2025-12-18T08:24:35.089+0530][info][gc,ref      ] GC(18) Soft: 157 encountered, 77 discovered, 0 enqueued
[2025-12-18T08:24:35.089+0530][info][gc,ref      ] GC(18) Weak: 539 encountered, 4 discovered, 0 enqueued
[2025-12-18T08:24:35.089+0530][info][gc,ref      ] GC(18) Final: 0 encountered, 0 discovered, 0 enqueued
[2025-12-18T08:24:35.089+0530][info][gc,ref      ] GC(18) Phantom: 7 encountered, 3 discovered, 0 enqueued
[2025-12-18T08:24:35.089+0530][info][gc,reloc    ] GC(18) Small Pages: 194 / 388M, Empty: 82M, Relocated: 1M, In-Place: 0
[2025-12-18T08:24:35.089+0530][info][gc,reloc    ] GC(18) Medium Pages: 1 / 16M, Empty: 0M, Relocated: 0M, In-Place: 0
[2025-12-18T08:24:35.089+0530][info][gc,reloc    ] GC(18) Large Pages: 1 / 6M, Empty: 0M, Relocated: 0M, In-Place: 0
[2025-12-18T08:24:35.089+0530][info][gc,reloc    ] GC(18) Forwarding Usage: 0M
[2025-12-18T08:24:35.089+0530][info][gc,heap     ] GC(18) Min Capacity: 512M(100%)
[2025-12-18T08:24:35.089+0530][info][gc,heap     ] GC(18) Max Capacity: 512M(100%)
[2025-12-18T08:24:35.089+0530][info][gc,heap     ] GC(18) Soft Max Capacity: 512M(100%)
[2025-12-18T08:24:35.089+0530][info][gc,heap     ] GC(18)                Mark Start          Mark End        Relocate Start      Relocate End           High               Low         
[2025-12-18T08:24:35.089+0530][info][gc,heap     ] GC(18)  Capacity:      512M (100%)        512M (100%)        512M (100%)        512M (100%)        512M (100%)        512M (100%)   
[2025-12-18T08:24:35.089+0530][info][gc,heap     ] GC(18)      Free:      102M (20%)           0M (0%)           66M (13%)         110M (21%)         110M (21%)           0M (0%)     
[2025-12-18T08:24:35.089+0530][info][gc,heap     ] GC(18)      Used:      410M (80%)         512M (100%)        446M (87%)         402M (79%)         512M (100%)        402M (79%)    
[2025-12-18T08:24:35.089+0530][info][gc,heap     ] GC(18)      Live:         -               248M (48%)         248M (48%)         248M (48%)            -                  -          
[2025-12-18T08:24:35.089+0530][info][gc,heap     ] GC(18) Allocated:         -               102M (20%)         118M (23%)         133M (26%)            -                  -          
[2025-12-18T08:24:35.090+0530][info][gc,heap     ] GC(18)   Garbage:         -               161M (32%)          79M (16%)          20M (4%)             -                  -          
[2025-12-18T08:24:35.090+0530][info][gc,heap     ] GC(18) Reclaimed:         -                  -                82M (16%)         141M (28%)            -                  -          
[2025-12-18T08:24:35.090+0530][info][gc          ] GC(18) Garbage Collection (Allocation Stall) 410M(80%)->402M(79%)
[2025-12-18T08:24:35.116+0530][info][gc,start    ] GC(19) Garbage Collection (Allocation Stall)
[2025-12-18T08:24:35.116+0530][info][gc,ref      ] GC(19) Clearing All SoftReferences
[2025-12-18T08:24:35.116+0530][info][gc,task     ] GC(19) Using 2 workers
[2025-12-18T08:24:35.116+0530][info][gc,ref      ] GC(19) Clearing All SoftReferences
[2025-12-18T08:24:35.116+0530][info][gc,phases   ] GC(19) Pause Mark Start 0.050ms
[2025-12-18T08:24:35.254+0530][info][gc,phases   ] GC(19) Concurrent Mark 122.346ms
[2025-12-18T08:24:35.254+0530][info][gc,phases   ] GC(19) Pause Mark End 0.121ms
[2025-12-18T08:24:35.254+0530][info][gc,phases   ] GC(19) Concurrent Mark Free 0.001ms
[2025-12-18T08:24:35.255+0530][info][gc,phases   ] GC(19) Concurrent Process Non-Strong References 0.945ms
[2025-12-18T08:24:35.255+0530][info][gc,phases   ] GC(19) Concurrent Reset Relocation Set 0.005ms
[2025-12-18T08:24:35.258+0530][info][gc          ] Allocation Stall (Worker-0) 72.213ms
[2025-12-18T08:24:35.258+0530][info][gc          ] Allocation Stall (Worker-6) 73.414ms
[2025-12-18T08:24:35.258+0530][info][gc          ] Allocation Stall (Worker-2) 79.090ms
[2025-12-18T08:24:35.258+0530][info][gc          ] Allocation Stall (Worker-4) 73.651ms
[2025-12-18T08:24:35.258+0530][info][gc          ] Allocation Stall (Worker-3) 68.636ms
[2025-12-18T08:24:35.258+0530][info][gc          ] Allocation Stall (Worker-5) 75.804ms
[2025-12-18T08:24:35.258+0530][info][gc          ] Allocation Stall (Worker-7) 75.618ms
[2025-12-18T08:24:35.258+0530][info][gc          ] Allocation Stall (Worker-1) 74.333ms
[2025-12-18T08:24:35.258+0530][info][gc,phases   ] GC(19) Concurrent Select Relocation Set 3.000ms
[2025-12-18T08:24:35.259+0530][info][gc,phases   ] GC(19) Pause Relocate Start 0.010ms
[2025-12-18T08:24:35.261+0530][info][gc,phases   ] GC(19) Concurrent Relocate 1.354ms
[2025-12-18T08:24:35.261+0530][info][gc,load     ] GC(19) Load: 0.00/0.00/0.00
[2025-12-18T08:24:35.261+0530][info][gc,mmu      ] GC(19) MMU: 2ms/93.9%, 5ms/97.4%, 10ms/98.7%, 20ms/99.3%, 50ms/99.7%, 100ms/99.8%
[2025-12-18T08:24:35.261+0530][info][gc,marking  ] GC(19) Mark: 2 stripe(s), 2 proactive flush(es), 1 terminate flush(es), 1 completion(s), 0 continuation(s) 
[2025-12-18T08:24:35.261+0530][info][gc,marking  ] GC(19) Mark Stack Usage: 32M
[2025-12-18T08:24:35.261+0530][info][gc,nmethod  ] GC(19) NMethods: 583 registered, 64 unregistered
[2025-12-18T08:24:35.261+0530][info][gc,metaspace] GC(19) Metaspace: 3M used, 4M committed, 1088M reserved
[2025-12-18T08:24:35.261+0530][info][gc,ref      ] GC(19) Soft: 157 encountered, 77 discovered, 0 enqueued
[2025-12-18T08:24:35.261+0530][info][gc,ref      ] GC(19) Weak: 539 encountered, 3 discovered, 0 enqueued
[2025-12-18T08:24:35.261+0530][info][gc,ref      ] GC(19) Final: 0 encountered, 0 discovered, 0 enqueued
[2025-12-18T08:24:35.261+0530][info][gc,ref      ] GC(19) Phantom: 7 encountered, 5 discovered, 0 enqueued
[2025-12-18T08:24:35.261+0530][info][gc,reloc    ] GC(19) Small Pages: 206 / 412M, Empty: 118M, Relocated: 1M, In-Place: 0
[2025-12-18T08:24:35.261+0530][info][gc,reloc    ] GC(19) Medium Pages: 1 / 16M, Empty: 0M, Relocated: 0M, In-Place: 0
[2025-12-18T08:24:35.261+0530][info][gc,reloc    ] GC(19) Large Pages: 1 / 6M, Empty: 0M, Relocated: 0M, In-Place: 0
[2025-12-18T08:24:35.261+0530][info][gc,reloc    ] GC(19) Forwarding Usage: 0M
[2025-12-18T08:24:35.261+0530][info][gc,heap     ] GC(19) Min Capacity: 512M(100%)
[2025-12-18T08:24:35.261+0530][info][gc,heap     ] GC(19) Max Capacity: 512M(100%)
[2025-12-18T08:24:35.261+0530][info][gc,heap     ] GC(19) Soft Max Capacity: 512M(100%)
[2025-12-18T08:24:35.261+0530][info][gc,heap     ] GC(19)                Mark Start          Mark End        Relocate Start      Relocate End           High               Low         
[2025-12-18T08:24:35.261+0530][info][gc,heap     ] GC(19)  Capacity:      512M (100%)        512M (100%)        512M (100%)        512M (100%)        512M (100%)        512M (100%)   
[2025-12-18T08:24:35.261+0530][info][gc,heap     ] GC(19)      Free:       78M (15%)           0M (0%)          106M (21%)         154M (30%)         154M (30%)           0M (0%)     
[2025-12-18T08:24:35.261+0530][info][gc,heap     ] GC(19)      Used:      434M (85%)         512M (100%)        406M (79%)         358M (70%)         512M (100%)        358M (70%)    
[2025-12-18T08:24:35.261+0530][info][gc,heap     ] GC(19)      Live:         -               248M (48%)         248M (48%)         248M (48%)            -                  -          
[2025-12-18T08:24:35.261+0530][info][gc,heap     ] GC(19) Allocated:         -                78M (15%)          90M (18%)          89M (18%)            -                  -          
[2025-12-18T08:24:35.261+0530][info][gc,heap     ] GC(19)   Garbage:         -               185M (36%)          67M (13%)          19M (4%)             -                  -          
[2025-12-18T08:24:35.262+0530][info][gc,heap     ] GC(19) Reclaimed:         -                  -               118M (23%)         165M (32%)            -                  -          
[2025-12-18T08:24:35.262+0530][info][gc          ] GC(19) Garbage Collection (Allocation Stall) 434M(85%)->358M(70%)
[2025-12-18T08:24:35.316+0530][info][gc,start    ] GC(20) Garbage Collection (Allocation Stall)
[2025-12-18T08:24:35.316+0530][info][gc,ref      ] GC(20) Clearing All SoftReferences
[2025-12-18T08:24:35.316+0530][info][gc,task     ] GC(20) Using 2 workers
[2025-12-18T08:24:35.316+0530][info][gc,ref      ] GC(20) Clearing All SoftReferences
[2025-12-18T08:24:35.316+0530][info][gc,phases   ] GC(20) Pause Mark Start 0.058ms
[2025-12-18T08:24:35.447+0530][info][gc,phases   ] GC(20) Concurrent Mark 129.150ms
[2025-12-18T08:24:35.447+0530][info][gc,phases   ] GC(20) Pause Mark End 0.118ms
[2025-12-18T08:24:35.447+0530][info][gc,phases   ] GC(20) Concurrent Mark Free 0.001ms
[2025-12-18T08:24:35.448+0530][info][gc,phases   ] GC(20) Concurrent Process Non-Strong References 1.038ms
[2025-12-18T08:24:35.448+0530][info][gc,phases   ] GC(20) Concurrent Reset Relocation Set 0.004ms
[2025-12-18T08:24:35.448+0530][info][gc          ] Allocation Stall (Worker-0) 56.142ms
[2025-12-18T08:24:35.448+0530][info][gc          ] Allocation Stall (Worker-6) 53.003ms
[2025-12-18T08:24:35.448+0530][info][gc          ] Allocation Stall (Worker-3) 52.497ms
[2025-12-18T08:24:35.448+0530][info][gc          ] Allocation Stall (Worker-4) 57.831ms
[2025-12-18T08:24:35.448+0530][info][gc          ] Allocation Stall (Worker-5) 57.270ms
[2025-12-18T08:24:35.448+0530][info][gc          ] Allocation Stall (Worker-7) 57.920ms
[2025-12-18T08:24:35.448+0530][info][gc          ] Allocation Stall (Worker-1) 61.392ms
[2025-12-18T08:24:35.448+0530][info][gc          ] Allocation Stall (Worker-2) 57.813ms
[2025-12-18T08:24:35.451+0530][info][gc,phases   ] GC(20) Concurrent Select Relocation Set 3.704ms
[2025-12-18T08:24:35.451+0530][info][gc,phases   ] GC(20) Pause Relocate Start 0.010ms
[2025-12-18T08:24:35.454+0530][info][gc,phases   ] GC(20) Concurrent Relocate 1.332ms
[2025-12-18T08:24:35.454+0530][info][gc,load     ] GC(20) Load: 0.00/0.00/0.00
[2025-12-18T08:24:35.454+0530][info][gc,mmu      ] GC(20) MMU: 2ms/93.9%, 5ms/97.4%, 10ms/98.7%, 20ms/99.3%, 50ms/99.7%, 100ms/99.8%
[2025-12-18T08:24:35.454+0530][info][gc,marking  ] GC(20) Mark: 2 stripe(s), 2 proactive flush(es), 1 terminate flush(es), 1 completion(s), 0 continuation(s) 
[2025-12-18T08:24:35.454+0530][info][gc,marking  ] GC(20) Mark Stack Usage: 32M
[2025-12-18T08:24:35.454+0530][info][gc,nmethod  ] GC(20) NMethods: 583 registered, 64 unregistered
[2025-12-18T08:24:35.454+0530][info][gc,metaspace] GC(20) Metaspace: 3M used, 4M committed, 1088M reserved
[2025-12-18T08:24:35.454+0530][info][gc,ref      ] GC(20) Soft: 157 encountered, 77 discovered, 0 enqueued
[2025-12-18T08:24:35.454+0530][info][gc,ref      ] GC(20) Weak: 539 encountered, 3 discovered, 0 enqueued
[2025-12-18T08:24:35.454+0530][info][gc,ref      ] GC(20) Final: 0 encountered, 0 discovered, 0 enqueued
[2025-12-18T08:24:35.454+0530][info][gc,ref      ] GC(20) Phantom: 7 encountered, 6 discovered, 0 enqueued
[2025-12-18T08:24:35.454+0530][info][gc,reloc    ] GC(20) Small Pages: 206 / 412M, Empty: 134M, Relocated: 1M, In-Place: 0
[2025-12-18T08:24:35.454+0530][info][gc,reloc    ] GC(20) Medium Pages: 1 / 16M, Empty: 0M, Relocated: 0M, In-Place: 0
[2025-12-18T08:24:35.454+0530][info][gc,reloc    ] GC(20) Large Pages: 1 / 6M, Empty: 0M, Relocated: 0M, In-Place: 0
[2025-12-18T08:24:35.454+0530][info][gc,reloc    ] GC(20) Forwarding Usage: 0M
[2025-12-18T08:24:35.454+0530][info][gc,heap     ] GC(20) Min Capacity: 512M(100%)
[2025-12-18T08:24:35.454+0530][info][gc,heap     ] GC(20) Max Capacity: 512M(100%)
[2025-12-18T08:24:35.454+0530][info][gc,heap     ] GC(20) Soft Max Capacity: 512M(100%)
[2025-12-18T08:24:35.454+0530][info][gc,heap     ] GC(20)                Mark Start          Mark End        Relocate Start      Relocate End           High               Low         
[2025-12-18T08:24:35.454+0530][info][gc,heap     ] GC(20)  Capacity:      512M (100%)        512M (100%)        512M (100%)        512M (100%)        512M (100%)        512M (100%)   
[2025-12-18T08:24:35.454+0530][info][gc,heap     ] GC(20)      Free:       78M (15%)           0M (0%)          120M (23%)         152M (30%)         152M (30%)           0M (0%)     
[2025-12-18T08:24:35.454+0530][info][gc,heap     ] GC(20)      Used:      434M (85%)         512M (100%)        392M (77%)         360M (70%)         512M (100%)        360M (70%)    
[2025-12-18T08:24:35.454+0530][info][gc,heap     ] GC(20)      Live:         -               248M (48%)         248M (48%)         248M (48%)            -                  -          
[2025-12-18T08:24:35.454+0530][info][gc,heap     ] GC(20) Allocated:         -                78M (15%)          92M (18%)          91M (18%)            -                  -          
[2025-12-18T08:24:35.454+0530][info][gc,heap     ] GC(20)   Garbage:         -               185M (36%)          51M (10%)          19M (4%)             -                  -          
[2025-12-18T08:24:35.454+0530][info][gc,heap     ] GC(20) Reclaimed:         -                  -               134M (26%)         165M (32%)            -                  -          
[2025-12-18T08:24:35.454+0530][info][gc          ] GC(20) Garbage Collection (Allocation Stall) 434M(85%)->360M(70%)
[2025-12-18T08:24:35.517+0530][info][gc,start    ] GC(21) Garbage Collection (Allocation Stall)
[2025-12-18T08:24:35.517+0530][info][gc,ref      ] GC(21) Clearing All SoftReferences
[2025-12-18T08:24:35.517+0530][info][gc,task     ] GC(21) Using 2 workers
[2025-12-18T08:24:35.517+0530][info][gc,ref      ] GC(21) Clearing All SoftReferences
[2025-12-18T08:24:35.517+0530][info][gc,phases   ] GC(21) Pause Mark Start 0.049ms
[2025-12-18T08:24:35.646+0530][info][gc,phases   ] GC(21) Concurrent Mark 125.330ms
[2025-12-18T08:24:35.646+0530][info][gc,phases   ] GC(21) Pause Mark End 0.091ms
[2025-12-18T08:24:35.646+0530][info][gc,phases   ] GC(21) Concurrent Mark Free 0.001ms
[2025-12-18T08:24:35.647+0530][info][gc,phases   ] GC(21) Concurrent Process Non-Strong References 0.949ms
[2025-12-18T08:24:35.647+0530][info][gc,phases   ] GC(21) Concurrent Reset Relocation Set 0.002ms
[2025-12-18T08:24:35.647+0530][info][gc          ] Allocation Stall (Worker-6) 75.491ms
[2025-12-18T08:24:35.647+0530][info][gc          ] Allocation Stall (Worker-3) 74.579ms
[2025-12-18T08:24:35.647+0530][info][gc          ] Allocation Stall (Worker-5) 73.972ms
[2025-12-18T08:24:35.647+0530][info][gc          ] Allocation Stall (Worker-4) 83.583ms
[2025-12-18T08:24:35.647+0530][info][gc          ] Allocation Stall (Worker-7) 82.888ms
[2025-12-18T08:24:35.647+0530][info][gc          ] Allocation Stall (Worker-2) 82.732ms
[2025-12-18T08:24:35.647+0530][info][gc          ] Allocation Stall (Worker-1) 82.749ms
[2025-12-18T08:24:35.647+0530][info][gc          ] Allocation Stall (Worker-0) 82.232ms
[2025-12-18T08:24:35.650+0530][info][gc,phases   ] GC(21) Concurrent Select Relocation Set 3.698ms
[2025-12-18T08:24:35.650+0530][info][gc,phases   ] GC(21) Pause Relocate Start 0.014ms
[2025-12-18T08:24:35.654+0530][info][gc,phases   ] GC(21) Concurrent Relocate 1.280ms
[2025-12-18T08:24:35.654+0530][info][gc,load     ] GC(21) Load: 0.00/0.00/0.00
[2025-12-18T08:24:35.654+0530][info][gc,mmu      ] GC(21) MMU: 2ms/93.9%, 5ms/97.4%, 10ms/98.7%, 20ms/99.3%, 50ms/99.7%, 100ms/99.8%
[2025-12-18T08:24:35.654+0530][info][gc,marking  ] GC(21) Mark: 2 stripe(s), 2 proactive flush(es), 1 terminate flush(es), 1 completion(s), 0 continuation(s) 
[2025-12-18T08:24:35.655+0530][info][gc,marking  ] GC(21) Mark Stack Usage: 32M
[2025-12-18T08:24:35.655+0530][info][gc,nmethod  ] GC(21) NMethods: 583 registered, 64 unregistered
[2025-12-18T08:24:35.655+0530][info][gc,metaspace] GC(21) Metaspace: 3M used, 4M committed, 1088M reserved
[2025-12-18T08:24:35.655+0530][info][gc,ref      ] GC(21) Soft: 157 encountered, 79 discovered, 0 enqueued
[2025-12-18T08:24:35.655+0530][info][gc,ref      ] GC(21) Weak: 539 encountered, 4 discovered, 0 enqueued
[2025-12-18T08:24:35.655+0530][info][gc,ref      ] GC(21) Final: 0 encountered, 0 discovered, 0 enqueued
[2025-12-18T08:24:35.655+0530][info][gc,ref      ] GC(21) Phantom: 7 encountered, 6 discovered, 0 enqueued
[2025-12-18T08:24:35.655+0530][info][gc,reloc    ] GC(21) Small Pages: 216 / 432M, Empty: 156M, Relocated: 1M, In-Place: 0
[2025-12-18T08:24:35.655+0530][info][gc,reloc    ] GC(21) Medium Pages: 1 / 16M, Empty: 0M, Relocated: 0M, In-Place: 0
[2025-12-18T08:24:35.655+0530][info][gc,reloc    ] GC(21) Large Pages: 1 / 6M, Empty: 0M, Relocated: 0M, In-Place: 0
[2025-12-18T08:24:35.655+0530][info][gc,reloc    ] GC(21) Forwarding Usage: 0M
[2025-12-18T08:24:35.655+0530][info][gc,heap     ] GC(21) Min Capacity: 512M(100%)
[2025-12-18T08:24:35.655+0530][info][gc,heap     ] GC(21) Max Capacity: 512M(100%)
[2025-12-18T08:24:35.655+0530][info][gc,heap     ] GC(21) Soft Max Capacity: 512M(100%)
[2025-12-18T08:24:35.655+0530][info][gc,heap     ] GC(21)                Mark Start          Mark End        Relocate Start      Relocate End           High               Low         
[2025-12-18T08:24:35.655+0530][info][gc,heap     ] GC(21)  Capacity:      512M (100%)        512M (100%)        512M (100%)        512M (100%)        512M (100%)        512M (100%)   
[2025-12-18T08:24:35.655+0530][info][gc,heap     ] GC(21)      Free:       58M (11%)           0M (0%)          144M (28%)         174M (34%)         174M (34%)           0M (0%)     
[2025-12-18T08:24:35.655+0530][info][gc,heap     ] GC(21)      Used:      454M (89%)         512M (100%)        368M (72%)         338M (66%)         512M (100%)        338M (66%)    
[2025-12-18T08:24:35.655+0530][info][gc,heap     ] GC(21)      Live:         -               248M (48%)         248M (48%)         248M (48%)            -                  -          
[2025-12-18T08:24:35.655+0530][info][gc,heap     ] GC(21) Allocated:         -                58M (11%)          70M (14%)          69M (14%)            -                  -          
[2025-12-18T08:24:35.655+0530][info][gc,heap     ] GC(21)   Garbage:         -               205M (40%)          49M (10%)          19M (4%)             -                  -          
[2025-12-18T08:24:35.655+0530][info][gc,heap     ] GC(21) Reclaimed:         -                  -               156M (30%)         185M (36%)            -                  -          
[2025-12-18T08:24:35.655+0530][info][gc          ] GC(21) Garbage Collection (Allocation Stall) 454M(89%)->338M(66%)
[2025-12-18T08:24:35.717+0530][info][gc,start    ] GC(22) Garbage Collection (Allocation Stall)
[2025-12-18T08:24:35.717+0530][info][gc,ref      ] GC(22) Clearing All SoftReferences
[2025-12-18T08:24:35.717+0530][info][gc,task     ] GC(22) Using 2 workers
[2025-12-18T08:24:35.717+0530][info][gc,ref      ] GC(22) Clearing All SoftReferences
[2025-12-18T08:24:35.717+0530][info][gc,phases   ] GC(22) Pause Mark Start 0.055ms
[2025-12-18T08:24:35.852+0530][info][gc,phases   ] GC(22) Concurrent Mark 131.280ms
[2025-12-18T08:24:35.852+0530][info][gc,phases   ] GC(22) Pause Mark End 0.096ms
[2025-12-18T08:24:35.852+0530][info][gc,phases   ] GC(22) Concurrent Mark Free 0.001ms
[2025-12-18T08:24:35.852+0530][info][gc,phases   ] GC(22) Concurrent Process Non-Strong References 0.963ms
[2025-12-18T08:24:35.852+0530][info][gc,phases   ] GC(22) Concurrent Reset Relocation Set 0.002ms
[2025-12-18T08:24:35.852+0530][info][gc          ] Allocation Stall (Worker-5) 53.047ms
[2025-12-18T08:24:35.852+0530][info][gc          ] Allocation Stall (Worker-1) 51.960ms
[2025-12-18T08:24:35.852+0530][info][gc          ] Allocation Stall (main) 52.527ms
[2025-12-18T08:24:35.852+0530][info][gc          ] Allocation Stall (Worker-3) 58.089ms
[2025-12-18T08:24:35.852+0530][info][gc          ] Allocation Stall (Worker-4) 56.861ms
[2025-12-18T08:24:35.852+0530][info][gc          ] Allocation Stall (Worker-0) 55.951ms
[2025-12-18T08:24:35.852+0530][info][gc          ] Allocation Stall (Worker-6) 54.726ms
[2025-12-18T08:24:35.852+0530][info][gc          ] Allocation Stall (Worker-7) 55.513ms
[2025-12-18T08:24:35.852+0530][info][gc          ] Allocation Stall (Worker-2) 54.611ms
[2025-12-18T08:24:35.857+0530][info][gc,phases   ] GC(22) Concurrent Select Relocation Set 4.237ms
[2025-12-18T08:24:35.857+0530][info][gc,phases   ] GC(22) Pause Relocate Start 0.010ms
[2025-12-18T08:24:35.859+0530][info][gc,phases   ] GC(22) Concurrent Relocate 1.296ms
[2025-12-18T08:24:35.859+0530][info][gc,load     ] GC(22) Load: 0.00/0.00/0.00
[2025-12-18T08:24:35.859+0530][info][gc,mmu      ] GC(22) MMU: 2ms/93.9%, 5ms/97.4%, 10ms/98.7%, 20ms/99.3%, 50ms/99.7%, 100ms/99.8%
[2025-12-18T08:24:35.859+0530][info][gc,marking  ] GC(22) Mark: 2 stripe(s), 2 proactive flush(es), 1 terminate flush(es), 1 completion(s), 0 continuation(s) 
[2025-12-18T08:24:35.859+0530][info][gc,marking  ] GC(22) Mark Stack Usage: 32M
[2025-12-18T08:24:35.859+0530][info][gc,nmethod  ] GC(22) NMethods: 585 registered, 64 unregistered
[2025-12-18T08:24:35.859+0530][info][gc,metaspace] GC(22) Metaspace: 3M used, 4M committed, 1088M reserved
[2025-12-18T08:24:35.859+0530][info][gc,ref      ] GC(22) Soft: 157 encountered, 77 discovered, 0 enqueued
[2025-12-18T08:24:35.859+0530][info][gc,ref      ] GC(22) Weak: 539 encountered, 3 discovered, 0 enqueued
[2025-12-18T08:24:35.859+0530][info][gc,ref      ] GC(22) Final: 0 encountered, 0 discovered, 0 enqueued
[2025-12-18T08:24:35.859+0530][info][gc,ref      ] GC(22) Phantom: 7 encountered, 5 discovered, 0 enqueued
[2025-12-18T08:24:35.859+0530][info][gc,reloc    ] GC(22) Small Pages: 203 / 406M, Empty: 130M, Relocated: 1M, In-Place: 0
[2025-12-18T08:24:35.859+0530][info][gc,reloc    ] GC(22) Medium Pages: 1 / 16M, Empty: 0M, Relocated: 0M, In-Place: 0
[2025-12-18T08:24:35.859+0530][info][gc,reloc    ] GC(22) Large Pages: 1 / 6M, Empty: 0M, Relocated: 0M, In-Place: 0
[2025-12-18T08:24:35.859+0530][info][gc,reloc    ] GC(22) Forwarding Usage: 0M
[2025-12-18T08:24:35.859+0530][info][gc,heap     ] GC(22) Min Capacity: 512M(100%)
[2025-12-18T08:24:35.859+0530][info][gc,heap     ] GC(22) Max Capacity: 512M(100%)
[2025-12-18T08:24:35.859+0530][info][gc,heap     ] GC(22) Soft Max Capacity: 512M(100%)
[2025-12-18T08:24:35.859+0530][info][gc,heap     ] GC(22)                Mark Start          Mark End        Relocate Start      Relocate End           High               Low         
[2025-12-18T08:24:35.859+0530][info][gc,heap     ] GC(22)  Capacity:      512M (100%)        512M (100%)        512M (100%)        512M (100%)        512M (100%)        512M (100%)   
[2025-12-18T08:24:35.859+0530][info][gc,heap     ] GC(22)      Free:       84M (16%)           0M (0%)          118M (23%)         148M (29%)         148M (29%)           0M (0%)     
[2025-12-18T08:24:35.859+0530][info][gc,heap     ] GC(22)      Used:      428M (84%)         512M (100%)        394M (77%)         364M (71%)         512M (100%)        364M (71%)    
[2025-12-18T08:24:35.859+0530][info][gc,heap     ] GC(22)      Live:         -               248M (48%)         248M (48%)         248M (48%)            -                  -          
[2025-12-18T08:24:35.859+0530][info][gc,heap     ] GC(22) Allocated:         -                84M (16%)          96M (19%)          95M (19%)            -                  -          
[2025-12-18T08:24:35.859+0530][info][gc,heap     ] GC(22)   Garbage:         -               179M (35%)          49M (10%)          19M (4%)             -                  -          
[2025-12-18T08:24:35.859+0530][info][gc,heap     ] GC(22) Reclaimed:         -                  -               130M (25%)         159M (31%)            -                  -          
[2025-12-18T08:24:35.859+0530][info][gc          ] GC(22) Garbage Collection (Allocation Stall) 428M(84%)->364M(71%)
[2025-12-18T08:24:35.916+0530][info][gc,start    ] GC(23) Garbage Collection (Allocation Stall)
[2025-12-18T08:24:35.916+0530][info][gc,ref      ] GC(23) Clearing All SoftReferences
[2025-12-18T08:24:35.916+0530][info][gc,task     ] GC(23) Using 2 workers
[2025-12-18T08:24:35.916+0530][info][gc,ref      ] GC(23) Clearing All SoftReferences
[2025-12-18T08:24:35.916+0530][info][gc,phases   ] GC(23) Pause Mark Start 0.060ms
[2025-12-18T08:24:36.048+0530][info][gc,phases   ] GC(23) Concurrent Mark 129.432ms
[2025-12-18T08:24:36.048+0530][info][gc,phases   ] GC(23) Pause Mark End 0.096ms
[2025-12-18T08:24:36.048+0530][info][gc,phases   ] GC(23) Concurrent Mark Free 0.001ms
[2025-12-18T08:24:36.049+0530][info][gc,phases   ] GC(23) Concurrent Process Non-Strong References 1.082ms
[2025-12-18T08:24:36.049+0530][info][gc,phases   ] GC(23) Concurrent Reset Relocation Set 0.002ms
[2025-12-18T08:24:36.049+0530][info][gc          ] Allocation Stall (Worker-0) 65.651ms
[2025-12-18T08:24:36.049+0530][info][gc          ] Allocation Stall (Worker-5) 63.196ms
[2025-12-18T08:24:36.049+0530][info][gc          ] Allocation Stall (Worker-7) 62.860ms
[2025-12-18T08:24:36.049+0530][info][gc          ] Allocation Stall (Worker-1) 71.390ms
[2025-12-18T08:24:36.049+0530][info][gc          ] Allocation Stall (Worker-2) 70.778ms
[2025-12-18T08:24:36.049+0530][info][gc          ] Allocation Stall (Worker-6) 68.110ms
[2025-12-18T08:24:36.049+0530][info][gc          ] Allocation Stall (Worker-4) 68.037ms
[2025-12-18T08:24:36.049+0530][info][gc          ] Allocation Stall (Worker-3) 67.726ms
[2025-12-18T08:24:36.053+0530][info][gc,phases   ] GC(23) Concurrent Select Relocation Set 3.769ms
[2025-12-18T08:24:36.063+0530][info][gc,phases   ] GC(23) Pause Relocate Start 0.013ms
[2025-12-18T08:24:36.067+0530][info][gc,phases   ] GC(23) Concurrent Relocate 1.773ms
[2025-12-18T08:24:36.067+0530][info][gc,load     ] GC(23) Load: 0.00/0.00/0.00
[2025-12-18T08:24:36.068+0530][info][gc,mmu      ] GC(23) MMU: 2ms/93.9%, 5ms/97.4%, 10ms/98.7%, 20ms/99.3%, 50ms/99.7%, 100ms/99.8%
[2025-12-18T08:24:36.068+0530][info][gc,marking  ] GC(23) Mark: 2 stripe(s), 2 proactive flush(es), 1 terminate flush(es), 1 completion(s), 0 continuation(s) 
[2025-12-18T08:24:36.068+0530][info][gc,marking  ] GC(23) Mark Stack Usage: 32M
[2025-12-18T08:24:36.068+0530][info][gc,nmethod  ] GC(23) NMethods: 585 registered, 64 unregistered
[2025-12-18T08:24:36.068+0530][info][gc,metaspace] GC(23) Metaspace: 3M used, 4M committed, 1088M reserved
[2025-12-18T08:24:36.068+0530][info][gc,ref      ] GC(23) Soft: 157 encountered, 78 discovered, 0 enqueued
[2025-12-18T08:24:36.068+0530][info][gc,ref      ] GC(23) Weak: 539 encountered, 419 discovered, 0 enqueued
[2025-12-18T08:24:36.068+0530][info][gc,ref      ] GC(23) Final: 0 encountered, 0 discovered, 0 enqueued
[2025-12-18T08:24:36.068+0530][info][gc,ref      ] GC(23) Phantom: 7 encountered, 5 discovered, 0 enqueued
[2025-12-18T08:24:36.068+0530][info][gc,reloc    ] GC(23) Small Pages: 212 / 424M, Empty: 146M, Relocated: 1M, In-Place: 0
[2025-12-18T08:24:36.068+0530][info][gc,reloc    ] GC(23) Medium Pages: 1 / 16M, Empty: 0M, Relocated: 0M, In-Place: 0
[2025-12-18T08:24:36.068+0530][info][gc,reloc    ] GC(23) Large Pages: 1 / 6M, Empty: 0M, Relocated: 0M, In-Place: 0
[2025-12-18T08:24:36.068+0530][info][gc,reloc    ] GC(23) Forwarding Usage: 0M
[2025-12-18T08:24:36.068+0530][info][gc,heap     ] GC(23) Min Capacity: 512M(100%)
[2025-12-18T08:24:36.068+0530][info][gc,heap     ] GC(23) Max Capacity: 512M(100%)
[2025-12-18T08:24:36.068+0530][info][gc,heap     ] GC(23) Soft Max Capacity: 512M(100%)
[2025-12-18T08:24:36.068+0530][info][gc,heap     ] GC(23)                Mark Start          Mark End        Relocate Start      Relocate End           High               Low         
[2025-12-18T08:24:36.068+0530][info][gc,heap     ] GC(23)  Capacity:      512M (100%)        512M (100%)        512M (100%)        512M (100%)        512M (100%)        512M (100%)   
[2025-12-18T08:24:36.068+0530][info][gc,heap     ] GC(23)      Free:       66M (13%)           0M (0%)          120M (23%)         150M (29%)         150M (29%)           0M (0%)     
[2025-12-18T08:24:36.068+0530][info][gc,heap     ] GC(23)      Used:      446M (87%)         512M (100%)        392M (77%)         362M (71%)         512M (100%)        362M (71%)    
[2025-12-18T08:24:36.068+0530][info][gc,heap     ] GC(23)      Live:         -               248M (48%)         248M (48%)         248M (48%)            -                  -          
[2025-12-18T08:24:36.068+0530][info][gc,heap     ] GC(23) Allocated:         -                66M (13%)          92M (18%)          93M (18%)            -                  -          
[2025-12-18T08:24:36.068+0530][info][gc,heap     ] GC(23)   Garbage:         -               197M (39%)          51M (10%)          19M (4%)             -                  -          
[2025-12-18T08:24:36.068+0530][info][gc,heap     ] GC(23) Reclaimed:         -                  -               146M (29%)         177M (35%)            -                  -          
[2025-12-18T08:24:36.068+0530][info][gc          ] GC(23) Garbage Collection (Allocation Stall) 446M(87%)->362M(71%)
[2025-12-18T08:24:36.117+0530][info][gc,start    ] GC(24) Garbage Collection (Allocation Stall)
[2025-12-18T08:24:36.117+0530][info][gc,ref      ] GC(24) Clearing All SoftReferences
[2025-12-18T08:24:36.117+0530][info][gc,task     ] GC(24) Using 2 workers
[2025-12-18T08:24:36.117+0530][info][gc,ref      ] GC(24) Clearing All SoftReferences
[2025-12-18T08:24:36.117+0530][info][gc,phases   ] GC(24) Pause Mark Start 0.069ms
[2025-12-18T08:24:36.250+0530][info][gc,phases   ] GC(24) Concurrent Mark 132.240ms
[2025-12-18T08:24:36.250+0530][info][gc,phases   ] GC(24) Pause Mark End 0.088ms
[2025-12-18T08:24:36.250+0530][info][gc,phases   ] GC(24) Concurrent Mark Free 0.001ms
[2025-12-18T08:24:36.251+0530][info][gc,phases   ] GC(24) Concurrent Process Non-Strong References 0.934ms
[2025-12-18T08:24:36.251+0530][info][gc,phases   ] GC(24) Concurrent Reset Relocation Set 0.003ms
[2025-12-18T08:24:36.254+0530][info][gc          ] Allocation Stall (Worker-4) 43.011ms
[2025-12-18T08:24:36.254+0530][info][gc          ] Allocation Stall (Worker-0) 42.199ms
[2025-12-18T08:24:36.254+0530][info][gc          ] Allocation Stall (Worker-7) 42.127ms
[2025-12-18T08:24:36.254+0530][info][gc          ] Allocation Stall (Worker-2) 52.440ms
[2025-12-18T08:24:36.254+0530][info][gc          ] Allocation Stall (Worker-1) 49.465ms
[2025-12-18T08:24:36.254+0530][info][gc          ] Allocation Stall (Worker-6) 49.145ms
[2025-12-18T08:24:36.254+0530][info][gc          ] Allocation Stall (Worker-3) 46.749ms
[2025-12-18T08:24:36.254+0530][info][gc          ] Allocation Stall (Worker-5) 43.500ms
[2025-12-18T08:24:36.254+0530][info][gc,phases   ] GC(24) Concurrent Select Relocation Set 3.018ms
[2025-12-18T08:24:36.255+0530][info][gc,phases   ] GC(24) Pause Relocate Start 0.009ms
[2025-12-18T08:24:36.281+0530][info][gc,phases   ] GC(24) Concurrent Relocate 1.701ms
[2025-12-18T08:24:36.281+0530][info][gc,load     ] GC(24) Load: 0.00/0.00/0.00
[2025-12-18T08:24:36.281+0530][info][gc,mmu      ] GC(24) MMU: 2ms/93.9%, 5ms/97.4%, 10ms/98.7%, 20ms/99.3%, 50ms/99.7%, 100ms/99.8%
[2025-12-18T08:24:36.281+0530][info][gc,marking  ] GC(24) Mark: 2 stripe(s), 2 proactive flush(es), 1 terminate flush(es), 1 completion(s), 0 continuation(s) 
[2025-12-18T08:24:36.281+0530][info][gc,marking  ] GC(24) Mark Stack Usage: 32M
[2025-12-18T08:24:36.281+0530][info][gc,nmethod  ] GC(24) NMethods: 585 registered, 64 unregistered
[2025-12-18T08:24:36.281+0530][info][gc,metaspace] GC(24) Metaspace: 3M used, 4M committed, 1088M reserved
[2025-12-18T08:24:36.281+0530][info][gc,ref      ] GC(24) Soft: 157 encountered, 77 discovered, 0 enqueued
[2025-12-18T08:24:36.281+0530][info][gc,ref      ] GC(24) Weak: 539 encountered, 4 discovered, 0 enqueued
[2025-12-18T08:24:36.281+0530][info][gc,ref      ] GC(24) Final: 0 encountered, 0 discovered, 0 enqueued
[2025-12-18T08:24:36.281+0530][info][gc,ref      ] GC(24) Phantom: 7 encountered, 6 discovered, 0 enqueued
[2025-12-18T08:24:36.281+0530][info][gc,reloc    ] GC(24) Small Pages: 202 / 404M, Empty: 124M, Relocated: 1M, In-Place: 0
[2025-12-18T08:24:36.281+0530][info][gc,reloc    ] GC(24) Medium Pages: 1 / 16M, Empty: 0M, Relocated: 0M, In-Place: 0
[2025-12-18T08:24:36.281+0530][info][gc,reloc    ] GC(24) Large Pages: 1 / 6M, Empty: 0M, Relocated: 0M, In-Place: 0
[2025-12-18T08:24:36.281+0530][info][gc,reloc    ] GC(24) Forwarding Usage: 0M
[2025-12-18T08:24:36.281+0530][info][gc,heap     ] GC(24) Min Capacity: 512M(100%)
[2025-12-18T08:24:36.281+0530][info][gc,heap     ] GC(24) Max Capacity: 512M(100%)
[2025-12-18T08:24:36.281+0530][info][gc,heap     ] GC(24) Soft Max Capacity: 512M(100%)
[2025-12-18T08:24:36.281+0530][info][gc,heap     ] GC(24)                Mark Start          Mark End        Relocate Start      Relocate End           High               Low         
[2025-12-18T08:24:36.281+0530][info][gc,heap     ] GC(24)  Capacity:      512M (100%)        512M (100%)        512M (100%)        512M (100%)        512M (100%)        512M (100%)   
[2025-12-18T08:24:36.281+0530][info][gc,heap     ] GC(24)      Free:       86M (17%)           0M (0%)          110M (21%)         116M (23%)         124M (24%)           0M (0%)     
[2025-12-18T08:24:36.281+0530][info][gc,heap     ] GC(24)      Used:      426M (83%)         512M (100%)        402M (79%)         396M (77%)         512M (100%)        388M (76%)    
[2025-12-18T08:24:36.281+0530][info][gc,heap     ] GC(24)      Live:         -               248M (48%)         248M (48%)         248M (48%)            -                  -          
[2025-12-18T08:24:36.281+0530][info][gc,heap     ] GC(24) Allocated:         -                86M (17%)         100M (20%)         127M (25%)            -                  -          
[2025-12-18T08:24:36.281+0530][info][gc,heap     ] GC(24)   Garbage:         -               177M (35%)          53M (11%)          20M (4%)             -                  -          
[2025-12-18T08:24:36.281+0530][info][gc,heap     ] GC(24) Reclaimed:         -                  -               124M (24%)         157M (31%)            -                  -          
[2025-12-18T08:24:36.281+0530][info][gc          ] GC(24) Garbage Collection (Allocation Stall) 426M(83%)->396M(77%)
[2025-12-18T08:24:36.316+0530][info][gc,start    ] GC(25) Garbage Collection (Allocation Stall)
[2025-12-18T08:24:36.316+0530][info][gc,ref      ] GC(25) Clearing All SoftReferences
[2025-12-18T08:24:36.316+0530][info][gc,task     ] GC(25) Using 2 workers
[2025-12-18T08:24:36.316+0530][info][gc,ref      ] GC(25) Clearing All SoftReferences
[2025-12-18T08:24:36.316+0530][info][gc,phases   ] GC(25) Pause Mark Start 0.060ms
[2025-12-18T08:24:36.451+0530][info][gc,phases   ] GC(25) Concurrent Mark 132.858ms
[2025-12-18T08:24:36.451+0530][info][gc,phases   ] GC(25) Pause Mark End 0.081ms
[2025-12-18T08:24:36.451+0530][info][gc,phases   ] GC(25) Concurrent Mark Free 0.001ms
[2025-12-18T08:24:36.452+0530][info][gc,phases   ] GC(25) Concurrent Process Non-Strong References 1.019ms
[2025-12-18T08:24:36.452+0530][info][gc,phases   ] GC(25) Concurrent Reset Relocation Set 0.002ms
[2025-12-18T08:24:36.455+0530][info][gc          ] Allocation Stall (Worker-6) 44.769ms
[2025-12-18T08:24:36.455+0530][info][gc          ] Allocation Stall (Worker-5) 47.535ms
[2025-12-18T08:24:36.455+0530][info][gc          ] Allocation Stall (Worker-3) 46.677ms
[2025-12-18T08:24:36.455+0530][info][gc          ] Allocation Stall (Worker-1) 44.709ms
[2025-12-18T08:24:36.455+0530][info][gc          ] Allocation Stall (Worker-7) 53.543ms
[2025-12-18T08:24:36.455+0530][info][gc          ] Allocation Stall (Worker-2) 48.241ms
[2025-12-18T08:24:36.455+0530][info][gc          ] Allocation Stall (Worker-4) 48.230ms
[2025-12-18T08:24:36.455+0530][info][gc          ] Allocation Stall (Worker-0) 48.212ms
[2025-12-18T08:24:36.455+0530][info][gc,phases   ] GC(25) Concurrent Select Relocation Set 3.110ms
[2025-12-18T08:24:36.488+0530][info][gc,phases   ] GC(25) Pause Relocate Start 0.013ms
[2025-12-18T08:24:36.511+0530][info][gc,phases   ] GC(25) Concurrent Relocate 1.760ms
[2025-12-18T08:24:36.511+0530][info][gc,load     ] GC(25) Load: 0.00/0.00/0.00
[2025-12-18T08:24:36.511+0530][info][gc,mmu      ] GC(25) MMU: 2ms/93.9%, 5ms/97.4%, 10ms/98.7%, 20ms/99.3%, 50ms/99.7%, 100ms/99.8%
[2025-12-18T08:24:36.511+0530][info][gc,marking  ] GC(25) Mark: 2 stripe(s), 2 proactive flush(es), 1 terminate flush(es), 1 completion(s), 0 continuation(s) 
[2025-12-18T08:24:36.511+0530][info][gc,marking  ] GC(25) Mark Stack Usage: 32M
[2025-12-18T08:24:36.511+0530][info][gc,nmethod  ] GC(25) NMethods: 585 registered, 64 unregistered
[2025-12-18T08:24:36.511+0530][info][gc,metaspace] GC(25) Metaspace: 3M used, 4M committed, 1088M reserved
[2025-12-18T08:24:36.511+0530][info][gc,ref      ] GC(25) Soft: 157 encountered, 89 discovered, 0 enqueued
[2025-12-18T08:24:36.511+0530][info][gc,ref      ] GC(25) Weak: 539 encountered, 413 discovered, 0 enqueued
[2025-12-18T08:24:36.511+0530][info][gc,ref      ] GC(25) Final: 0 encountered, 0 discovered, 0 enqueued
[2025-12-18T08:24:36.511+0530][info][gc,ref      ] GC(25) Phantom: 7 encountered, 5 discovered, 0 enqueued
[2025-12-18T08:24:36.511+0530][info][gc,reloc    ] GC(25) Small Pages: 208 / 416M, Empty: 110M, Relocated: 1M, In-Place: 0
[2025-12-18T08:24:36.511+0530][info][gc,reloc    ] GC(25) Medium Pages: 1 / 16M, Empty: 0M, Relocated: 0M, In-Place: 0
[2025-12-18T08:24:36.511+0530][info][gc,reloc    ] GC(25) Large Pages: 1 / 6M, Empty: 0M, Relocated: 0M, In-Place: 0
[2025-12-18T08:24:36.511+0530][info][gc,reloc    ] GC(25) Forwarding Usage: 0M
[2025-12-18T08:24:36.511+0530][info][gc,heap     ] GC(25) Min Capacity: 512M(100%)
[2025-12-18T08:24:36.511+0530][info][gc,heap     ] GC(25) Max Capacity: 512M(100%)
[2025-12-18T08:24:36.511+0530][info][gc,heap     ] GC(25) Soft Max Capacity: 512M(100%)
[2025-12-18T08:24:36.511+0530][info][gc,heap     ] GC(25)                Mark Start          Mark End        Relocate Start      Relocate End           High               Low         
[2025-12-18T08:24:36.511+0530][info][gc,heap     ] GC(25)  Capacity:      512M (100%)        512M (100%)        512M (100%)        512M (100%)        512M (100%)        512M (100%)   
[2025-12-18T08:24:36.511+0530][info][gc,heap     ] GC(25)      Free:       74M (14%)           0M (0%)           64M (12%)          96M (19%)         110M (21%)           0M (0%)     
[2025-12-18T08:24:36.511+0530][info][gc,heap     ] GC(25)      Used:      438M (86%)         512M (100%)        448M (88%)         416M (81%)         512M (100%)        402M (79%)    
[2025-12-18T08:24:36.511+0530][info][gc,heap     ] GC(25)      Live:         -               248M (48%)         248M (48%)         248M (48%)            -                  -          
[2025-12-18T08:24:36.511+0530][info][gc,heap     ] GC(25) Allocated:         -                74M (14%)         120M (23%)         147M (29%)            -                  -          
[2025-12-18T08:24:36.511+0530][info][gc,heap     ] GC(25)   Garbage:         -               189M (37%)          79M (16%)          20M (4%)             -                  -          
[2025-12-18T08:24:36.511+0530][info][gc,heap     ] GC(25) Reclaimed:         -                  -               110M (21%)         169M (33%)            -                  -          
[2025-12-18T08:24:36.511+0530][info][gc          ] GC(25) Garbage Collection (Allocation Stall) 438M(86%)->416M(81%)
[2025-12-18T08:24:36.517+0530][info][gc,start    ] GC(26) Garbage Collection (Allocation Stall)
[2025-12-18T08:24:36.517+0530][info][gc,ref      ] GC(26) Clearing All SoftReferences
[2025-12-18T08:24:36.517+0530][info][gc,task     ] GC(26) Using 2 workers
[2025-12-18T08:24:36.517+0530][info][gc,ref      ] GC(26) Clearing All SoftReferences
[2025-12-18T08:24:36.517+0530][info][gc,phases   ] GC(26) Pause Mark Start 0.057ms
[2025-12-18T08:24:36.647+0530][info][gc,phases   ] GC(26) Concurrent Mark 129.640ms
[2025-12-18T08:24:36.647+0530][info][gc,phases   ] GC(26) Pause Mark End 0.096ms
[2025-12-18T08:24:36.647+0530][info][gc,phases   ] GC(26) Concurrent Mark Free 0.001ms
[2025-12-18T08:24:36.648+0530][info][gc,phases   ] GC(26) Concurrent Process Non-Strong References 0.939ms
[2025-12-18T08:24:36.648+0530][info][gc,phases   ] GC(26) Concurrent Reset Relocation Set 0.004ms
[2025-12-18T08:24:36.651+0530][info][gc          ] Allocation Stall (Worker-5) 41.351ms
[2025-12-18T08:24:36.651+0530][info][gc          ] Allocation Stall (Worker-2) 43.521ms
[2025-12-18T08:24:36.651+0530][info][gc          ] Allocation Stall (Worker-7) 41.262ms
[2025-12-18T08:24:36.651+0530][info][gc          ] Allocation Stall (Worker-6) 39.495ms
[2025-12-18T08:24:36.651+0530][info][gc          ] Allocation Stall (Worker-0) 48.541ms
[2025-12-18T08:24:36.652+0530][info][gc          ] Allocation Stall (Worker-4) 47.520ms
[2025-12-18T08:24:36.652+0530][info][gc          ] Allocation Stall (Worker-3) 48.589ms
[2025-12-18T08:24:36.652+0530][info][gc          ] Allocation Stall (Worker-1) 45.474ms
[2025-12-18T08:24:36.652+0530][info][gc,phases   ] GC(26) Concurrent Select Relocation Set 3.178ms
[2025-12-18T08:24:36.652+0530][info][gc,phases   ] GC(26) Pause Relocate Start 0.010ms
[2025-12-18T08:24:36.657+0530][info][gc,phases   ] GC(26) Concurrent Relocate 1.535ms
[2025-12-18T08:24:36.657+0530][info][gc,load     ] GC(26) Load: 0.00/0.00/0.00
[2025-12-18T08:24:36.657+0530][info][gc,mmu      ] GC(26) MMU: 2ms/93.9%, 5ms/97.4%, 10ms/98.7%, 20ms/99.3%, 50ms/99.7%, 100ms/99.8%
[2025-12-18T08:24:36.657+0530][info][gc,marking  ] GC(26) Mark: 2 stripe(s), 2 proactive flush(es), 1 terminate flush(es), 1 completion(s), 0 continuation(s) 
[2025-12-18T08:24:36.657+0530][info][gc,marking  ] GC(26) Mark Stack Usage: 32M
[2025-12-18T08:24:36.657+0530][info][gc,nmethod  ] GC(26) NMethods: 585 registered, 64 unregistered
[2025-12-18T08:24:36.657+0530][info][gc,metaspace] GC(26) Metaspace: 3M used, 4M committed, 1088M reserved
[2025-12-18T08:24:36.657+0530][info][gc,ref      ] GC(26) Soft: 157 encountered, 77 discovered, 0 enqueued
[2025-12-18T08:24:36.657+0530][info][gc,ref      ] GC(26) Weak: 539 encountered, 4 discovered, 0 enqueued
[2025-12-18T08:24:36.657+0530][info][gc,ref      ] GC(26) Final: 0 encountered, 0 discovered, 0 enqueued
[2025-12-18T08:24:36.657+0530][info][gc,ref      ] GC(26) Phantom: 7 encountered, 6 discovered, 0 enqueued
[2025-12-18T08:24:36.657+0530][info][gc,reloc    ] GC(26) Small Pages: 203 / 406M, Empty: 108M, Relocated: 1M, In-Place: 0
[2025-12-18T08:24:36.657+0530][info][gc,reloc    ] GC(26) Medium Pages: 1 / 16M, Empty: 0M, Relocated: 0M, In-Place: 0
[2025-12-18T08:24:36.657+0530][info][gc,reloc    ] GC(26) Large Pages: 1 / 6M, Empty: 0M, Relocated: 0M, In-Place: 0
[2025-12-18T08:24:36.657+0530][info][gc,reloc    ] GC(26) Forwarding Usage: 0M
[2025-12-18T08:24:36.657+0530][info][gc,heap     ] GC(26) Min Capacity: 512M(100%)
[2025-12-18T08:24:36.657+0530][info][gc,heap     ] GC(26) Max Capacity: 512M(100%)
[2025-12-18T08:24:36.657+0530][info][gc,heap     ] GC(26) Soft Max Capacity: 512M(100%)
[2025-12-18T08:24:36.658+0530][info][gc,heap     ] GC(26)                Mark Start          Mark End        Relocate Start      Relocate End           High               Low         
[2025-12-18T08:24:36.658+0530][info][gc,heap     ] GC(26)  Capacity:      512M (100%)        512M (100%)        512M (100%)        512M (100%)        512M (100%)        512M (100%)   
[2025-12-18T08:24:36.658+0530][info][gc,heap     ] GC(26)      Free:       84M (16%)           0M (0%)           96M (19%)         148M (29%)         148M (29%)           0M (0%)     
[2025-12-18T08:24:36.658+0530][info][gc,heap     ] GC(26)      Used:      428M (84%)         512M (100%)        416M (81%)         364M (71%)         512M (100%)        364M (71%)    
[2025-12-18T08:24:36.658+0530][info][gc,heap     ] GC(26)      Live:         -               248M (48%)         248M (48%)         248M (48%)            -                  -          
[2025-12-18T08:24:36.658+0530][info][gc,heap     ] GC(26) Allocated:         -                84M (16%)          96M (19%)          95M (19%)            -                  -          
[2025-12-18T08:24:36.658+0530][info][gc,heap     ] GC(26)   Garbage:         -               179M (35%)          71M (14%)          19M (4%)             -                  -          
[2025-12-18T08:24:36.658+0530][info][gc,heap     ] GC(26) Reclaimed:         -                  -               108M (21%)         159M (31%)            -                  -          
[2025-12-18T08:24:36.658+0530][info][gc          ] GC(26) Garbage Collection (Allocation Stall) 428M(84%)->364M(71%)
[2025-12-18T08:24:36.717+0530][info][gc,start    ] GC(27) Garbage Collection (Allocation Stall)
[2025-12-18T08:24:36.717+0530][info][gc,ref      ] GC(27) Clearing All SoftReferences
[2025-12-18T08:24:36.717+0530][info][gc,task     ] GC(27) Using 2 workers
[2025-12-18T08:24:36.720+0530][info][gc,ref      ] GC(27) Clearing All SoftReferences
[2025-12-18T08:24:36.720+0530][info][gc,phases   ] GC(27) Pause Mark Start 0.095ms
[2025-12-18T08:24:36.863+0530][info][gc,phases   ] GC(27) Concurrent Mark 118.844ms
[2025-12-18T08:24:36.863+0530][info][gc,phases   ] GC(27) Pause Mark End 0.101ms
[2025-12-18T08:24:36.863+0530][info][gc,phases   ] GC(27) Concurrent Mark Free 0.001ms
[2025-12-18T08:24:36.864+0530][info][gc,phases   ] GC(27) Concurrent Process Non-Strong References 0.984ms
[2025-12-18T08:24:36.864+0530][info][gc,phases   ] GC(27) Concurrent Reset Relocation Set 0.003ms
[2025-12-18T08:24:36.864+0530][info][gc          ] Allocation Stall (Worker-3) 81.110ms
[2025-12-18T08:24:36.864+0530][info][gc          ] Allocation Stall (Worker-5) 83.696ms
[2025-12-18T08:24:36.864+0530][info][gc          ] Allocation Stall (main) 7.548ms
[2025-12-18T08:24:36.864+0530][info][gc          ] Allocation Stall (Worker-0) 93.529ms
[2025-12-18T08:24:36.864+0530][info][gc          ] Allocation Stall (Worker-7) 87.091ms
[2025-12-18T08:24:36.864+0530][info][gc          ] Allocation Stall (Worker-6) 93.324ms
[2025-12-18T08:24:36.864+0530][info][gc          ] Allocation Stall (Worker-4) 91.780ms
[2025-12-18T08:24:36.864+0530][info][gc          ] Allocation Stall (Worker-2) 93.109ms
[2025-12-18T08:24:36.864+0530][info][gc          ] Allocation Stall (Worker-1) 93.125ms
[2025-12-18T08:24:36.868+0530][info][gc,phases   ] GC(27) Concurrent Select Relocation Set 4.157ms
[2025-12-18T08:24:36.868+0530][info][gc,phases   ] GC(27) Pause Relocate Start 0.011ms
[2025-12-18T08:24:36.871+0530][info][gc,phases   ] GC(27) Concurrent Relocate 1.409ms
[2025-12-18T08:24:36.871+0530][info][gc,load     ] GC(27) Load: 0.00/0.00/0.00
[2025-12-18T08:24:36.871+0530][info][gc,mmu      ] GC(27) MMU: 2ms/93.9%, 5ms/97.4%, 10ms/98.7%, 20ms/99.3%, 50ms/99.7%, 100ms/99.8%
[2025-12-18T08:24:36.871+0530][info][gc,marking  ] GC(27) Mark: 2 stripe(s), 2 proactive flush(es), 1 terminate flush(es), 1 completion(s), 0 continuation(s) 
[2025-12-18T08:24:36.871+0530][info][gc,marking  ] GC(27) Mark Stack Usage: 32M
[2025-12-18T08:24:36.871+0530][info][gc,nmethod  ] GC(27) NMethods: 585 registered, 64 unregistered
[2025-12-18T08:24:36.871+0530][info][gc,metaspace] GC(27) Metaspace: 3M used, 4M committed, 1088M reserved
[2025-12-18T08:24:36.871+0530][info][gc,ref      ] GC(27) Soft: 157 encountered, 76 discovered, 0 enqueued
[2025-12-18T08:24:36.871+0530][info][gc,ref      ] GC(27) Weak: 539 encountered, 372 discovered, 0 enqueued
[2025-12-18T08:24:36.871+0530][info][gc,ref      ] GC(27) Final: 0 encountered, 0 discovered, 0 enqueued
[2025-12-18T08:24:36.871+0530][info][gc,ref      ] GC(27) Phantom: 7 encountered, 3 discovered, 0 enqueued
[2025-12-18T08:24:36.871+0530][info][gc,reloc    ] GC(27) Small Pages: 216 / 432M, Empty: 154M, Relocated: 1M, In-Place: 0
[2025-12-18T08:24:36.872+0530][info][gc,reloc    ] GC(27) Medium Pages: 1 / 16M, Empty: 0M, Relocated: 0M, In-Place: 0
[2025-12-18T08:24:36.872+0530][info][gc,reloc    ] GC(27) Large Pages: 1 / 6M, Empty: 0M, Relocated: 0M, In-Place: 0
[2025-12-18T08:24:36.872+0530][info][gc,reloc    ] GC(27) Forwarding Usage: 0M
[2025-12-18T08:24:36.872+0530][info][gc,heap     ] GC(27) Min Capacity: 512M(100%)
[2025-12-18T08:24:36.872+0530][info][gc,heap     ] GC(27) Max Capacity: 512M(100%)
[2025-12-18T08:24:36.872+0530][info][gc,heap     ] GC(27) Soft Max Capacity: 512M(100%)
[2025-12-18T08:24:36.872+0530][info][gc,heap     ] GC(27)                Mark Start          Mark End        Relocate Start      Relocate End           High               Low         
[2025-12-18T08:24:36.872+0530][info][gc,heap     ] GC(27)  Capacity:      512M (100%)        512M (100%)        512M (100%)        512M (100%)        512M (100%)        512M (100%)   
[2025-12-18T08:24:36.872+0530][info][gc,heap     ] GC(27)      Free:       58M (11%)           0M (0%)          142M (28%)         174M (34%)         174M (34%)           0M (0%)     
[2025-12-18T08:24:36.872+0530][info][gc,heap     ] GC(27)      Used:      454M (89%)         512M (100%)        370M (72%)         338M (66%)         512M (100%)        338M (66%)    
[2025-12-18T08:24:36.872+0530][info][gc,heap     ] GC(27)      Live:         -               248M (48%)         248M (48%)         248M (48%)            -                  -          
[2025-12-18T08:24:36.872+0530][info][gc,heap     ] GC(27) Allocated:         -                58M (11%)          70M (14%)          69M (14%)            -                  -          
[2025-12-18T08:24:36.872+0530][info][gc,heap     ] GC(27)   Garbage:         -               205M (40%)          51M (10%)          19M (4%)             -                  -          
[2025-12-18T08:24:36.872+0530][info][gc,heap     ] GC(27) Reclaimed:         -                  -               154M (30%)         185M (36%)            -                  -          
[2025-12-18T08:24:36.872+0530][info][gc          ] GC(27) Garbage Collection (Allocation Stall) 454M(89%)->338M(66%)
[2025-12-18T08:24:36.917+0530][info][gc,start    ] GC(28) Garbage Collection (Allocation Stall)
[2025-12-18T08:24:36.917+0530][info][gc,ref      ] GC(28) Clearing All SoftReferences
[2025-12-18T08:24:36.917+0530][info][gc,task     ] GC(28) Using 2 workers
[2025-12-18T08:24:36.917+0530][info][gc,ref      ] GC(28) Clearing All SoftReferences
[2025-12-18T08:24:36.917+0530][info][gc,phases   ] GC(28) Pause Mark Start 0.084ms
[2025-12-18T08:24:37.058+0530][info][gc,phases   ] GC(28) Concurrent Mark 128.531ms
[2025-12-18T08:24:37.058+0530][info][gc,phases   ] GC(28) Pause Mark End 0.130ms
[2025-12-18T08:24:37.058+0530][info][gc,phases   ] GC(28) Concurrent Mark Free 0.001ms
[2025-12-18T08:24:37.059+0530][info][gc,phases   ] GC(28) Concurrent Process Non-Strong References 1.083ms
[2025-12-18T08:24:37.059+0530][info][gc,phases   ] GC(28) Concurrent Reset Relocation Set 0.002ms
[2025-12-18T08:24:37.062+0530][info][gc          ] Allocation Stall (Worker-3) 41.298ms
[2025-12-18T08:24:37.062+0530][info][gc          ] Allocation Stall (Worker-7) 39.559ms
[2025-12-18T08:24:37.062+0530][info][gc          ] Allocation Stall (Worker-0) 37.441ms
[2025-12-18T08:24:37.062+0530][info][gc          ] Allocation Stall (Worker-5) 41.440ms
[2025-12-18T08:24:37.062+0530][info][gc          ] Allocation Stall (Worker-4) 45.307ms
[2025-12-18T08:24:37.062+0530][info][gc          ] Allocation Stall (Worker-2) 44.420ms
[2025-12-18T08:24:37.062+0530][info][gc,phases   ] GC(28) Concurrent Select Relocation Set 3.004ms
[2025-12-18T08:24:37.062+0530][info][gc          ] Allocation Stall (Worker-1) 48.867ms
[2025-12-18T08:24:37.062+0530][info][gc          ] Allocation Stall (Worker-6) 42.353ms
[2025-12-18T08:24:37.063+0530][info][gc,phases   ] GC(28) Pause Relocate Start 0.010ms
[2025-12-18T08:24:37.075+0530][info][gc,phases   ] GC(28) Concurrent Relocate 1.729ms
[2025-12-18T08:24:37.076+0530][info][gc,load     ] GC(28) Load: 0.00/0.00/0.00
[2025-12-18T08:24:37.076+0530][info][gc,mmu      ] GC(28) MMU: 2ms/93.5%, 5ms/97.4%, 10ms/98.6%, 20ms/99.3%, 50ms/99.7%, 100ms/99.8%
[2025-12-18T08:24:37.076+0530][info][gc,marking  ] GC(28) Mark: 2 stripe(s), 2 proactive flush(es), 1 terminate flush(es), 1 completion(s), 0 continuation(s) 
[2025-12-18T08:24:37.076+0530][info][gc,marking  ] GC(28) Mark Stack Usage: 32M
[2025-12-18T08:24:37.076+0530][info][gc,nmethod  ] GC(28) NMethods: 589 registered, 64 unregistered
[2025-12-18T08:24:37.076+0530][info][gc,metaspace] GC(28) Metaspace: 3M used, 4M committed, 1088M reserved
[2025-12-18T08:24:37.076+0530][info][gc,ref      ] GC(28) Soft: 157 encountered, 77 discovered, 0 enqueued
[2025-12-18T08:24:37.076+0530][info][gc,ref      ] GC(28) Weak: 539 encountered, 4 discovered, 0 enqueued
[2025-12-18T08:24:37.076+0530][info][gc,ref      ] GC(28) Final: 0 encountered, 0 discovered, 0 enqueued
[2025-12-18T08:24:37.076+0530][info][gc,ref      ] GC(28) Phantom: 7 encountered, 3 discovered, 0 enqueued
[2025-12-18T08:24:37.076+0530][info][gc,reloc    ] GC(28) Small Pages: 190 / 380M, Empty: 104M, Relocated: 1M, In-Place: 0
[2025-12-18T08:24:37.076+0530][info][gc,reloc    ] GC(28) Medium Pages: 1 / 16M, Empty: 0M, Relocated: 0M, In-Place: 0
[2025-12-18T08:24:37.076+0530][info][gc,reloc    ] GC(28) Large Pages: 1 / 6M, Empty: 0M, Relocated: 0M, In-Place: 0
[2025-12-18T08:24:37.076+0530][info][gc,reloc    ] GC(28) Forwarding Usage: 0M
[2025-12-18T08:24:37.076+0530][info][gc,heap     ] GC(28) Min Capacity: 512M(100%)
[2025-12-18T08:24:37.076+0530][info][gc,heap     ] GC(28) Max Capacity: 512M(100%)
[2025-12-18T08:24:37.076+0530][info][gc,heap     ] GC(28) Soft Max Capacity: 512M(100%)
[2025-12-18T08:24:37.076+0530][info][gc,heap     ] GC(28)                Mark Start          Mark End        Relocate Start      Relocate End           High               Low         
[2025-12-18T08:24:37.076+0530][info][gc,heap     ] GC(28)  Capacity:      512M (100%)        512M (100%)        512M (100%)        512M (100%)        512M (100%)        512M (100%)   
[2025-12-18T08:24:37.076+0530][info][gc,heap     ] GC(28)      Free:      110M (21%)           0M (0%)           88M (17%)         116M (23%)         116M (23%)           0M (0%)     
[2025-12-18T08:24:37.076+0530][info][gc,heap     ] GC(28)      Used:      402M (79%)         512M (100%)        424M (83%)         396M (77%)         512M (100%)        396M (77%)    
[2025-12-18T08:24:37.076+0530][info][gc,heap     ] GC(28)      Live:         -               248M (48%)         248M (48%)         248M (48%)            -                  -          
[2025-12-18T08:24:37.076+0530][info][gc,heap     ] GC(28) Allocated:         -               110M (21%)         126M (25%)         127M (25%)            -                  -          
[2025-12-18T08:24:37.076+0530][info][gc,heap     ] GC(28)   Garbage:         -               153M (30%)          49M (10%)          19M (4%)             -                  -          
[2025-12-18T08:24:37.076+0530][info][gc,heap     ] GC(28) Reclaimed:         -                  -               104M (20%)         133M (26%)            -                  -          
[2025-12-18T08:24:37.076+0530][info][gc          ] GC(28) Garbage Collection (Allocation Stall) 402M(79%)->396M(77%)
[2025-12-18T08:24:37.117+0530][info][gc,start    ] GC(29) Garbage Collection (Allocation Stall)
[2025-12-18T08:24:37.117+0530][info][gc,ref      ] GC(29) Clearing All SoftReferences
[2025-12-18T08:24:37.117+0530][info][gc,task     ] GC(29) Using 2 workers
[2025-12-18T08:24:37.117+0530][info][gc,ref      ] GC(29) Clearing All SoftReferences
[2025-12-18T08:24:37.117+0530][info][gc,phases   ] GC(29) Pause Mark Start 0.077ms
[2025-12-18T08:24:37.252+0530][info][gc,phases   ] GC(29) Concurrent Mark 107.807ms
[2025-12-18T08:24:37.252+0530][info][gc,phases   ] GC(29) Pause Mark End 0.019ms
[2025-12-18T08:24:37.252+0530][info][gc,phases   ] GC(29) Concurrent Mark Free 0.002ms
[2025-12-18T08:24:37.253+0530][info][gc,phases   ] GC(29) Concurrent Process Non-Strong References 0.990ms
[2025-12-18T08:24:37.253+0530][info][gc,phases   ] GC(29) Concurrent Reset Relocation Set 0.002ms
[2025-12-18T08:24:37.253+0530][info][gc          ] Allocation Stall (Worker-6) 61.566ms
[2025-12-18T08:24:37.253+0530][info][gc          ] Allocation Stall (Worker-3) 65.633ms
[2025-12-18T08:24:37.253+0530][info][gc          ] Allocation Stall (Worker-1) 58.022ms
[2025-12-18T08:24:37.253+0530][info][gc          ] Allocation Stall (Worker-7) 58.611ms
[2025-12-18T08:24:37.253+0530][info][gc          ] Allocation Stall (Worker-2) 56.969ms
[2025-12-18T08:24:37.253+0530][info][gc          ] Allocation Stall (Worker-0) 60.342ms
[2025-12-18T08:24:37.253+0530][info][gc          ] Allocation Stall (Worker-5) 61.757ms
[2025-12-18T08:24:37.253+0530][info][gc          ] Allocation Stall (Worker-4) 60.784ms
[2025-12-18T08:24:37.256+0530][info][gc,phases   ] GC(29) Concurrent Select Relocation Set 3.654ms
[2025-12-18T08:24:37.256+0530][info][gc,phases   ] GC(29) Pause Relocate Start 0.011ms
[2025-12-18T08:24:37.259+0530][info][gc,phases   ] GC(29) Concurrent Relocate 1.453ms
[2025-12-18T08:24:37.259+0530][info][gc,load     ] GC(29) Load: 0.00/0.00/0.00
[2025-12-18T08:24:37.259+0530][info][gc,mmu      ] GC(29) MMU: 2ms/93.5%, 5ms/97.4%, 10ms/98.6%, 20ms/99.3%, 50ms/99.7%, 100ms/99.8%
[2025-12-18T08:24:37.259+0530][info][gc,marking  ] GC(29) Mark: 2 stripe(s), 2 proactive flush(es), 1 terminate flush(es), 0 completion(s), 0 continuation(s) 
[2025-12-18T08:24:37.259+0530][info][gc,marking  ] GC(29) Mark Stack Usage: 32M
[2025-12-18T08:24:37.259+0530][info][gc,nmethod  ] GC(29) NMethods: 589 registered, 64 unregistered
[2025-12-18T08:24:37.259+0530][info][gc,metaspace] GC(29) Metaspace: 3M used, 4M committed, 1088M reserved
[2025-12-18T08:24:37.259+0530][info][gc,ref      ] GC(29) Soft: 157 encountered, 87 discovered, 0 enqueued
[2025-12-18T08:24:37.259+0530][info][gc,ref      ] GC(29) Weak: 539 encountered, 404 discovered, 0 enqueued
[2025-12-18T08:24:37.259+0530][info][gc,ref      ] GC(29) Final: 0 encountered, 0 discovered, 0 enqueued
[2025-12-18T08:24:37.259+0530][info][gc,ref      ] GC(29) Phantom: 7 encountered, 2 discovered, 0 enqueued
[2025-12-18T08:24:37.259+0530][info][gc,reloc    ] GC(29) Small Pages: 214 / 428M, Empty: 148M, Relocated: 1M, In-Place: 0
[2025-12-18T08:24:37.259+0530][info][gc,reloc    ] GC(29) Medium Pages: 1 / 16M, Empty: 0M, Relocated: 0M, In-Place: 0
[2025-12-18T08:24:37.259+0530][info][gc,reloc    ] GC(29) Large Pages: 1 / 6M, Empty: 0M, Relocated: 0M, In-Place: 0
[2025-12-18T08:24:37.259+0530][info][gc,reloc    ] GC(29) Forwarding Usage: 0M
[2025-12-18T08:24:37.259+0530][info][gc,heap     ] GC(29) Min Capacity: 512M(100%)
[2025-12-18T08:24:37.259+0530][info][gc,heap     ] GC(29) Max Capacity: 512M(100%)
[2025-12-18T08:24:37.259+0530][info][gc,heap     ] GC(29) Soft Max Capacity: 512M(100%)
[2025-12-18T08:24:37.259+0530][info][gc,heap     ] GC(29)                Mark Start          Mark End        Relocate Start      Relocate End           High               Low         
[2025-12-18T08:24:37.259+0530][info][gc,heap     ] GC(29)  Capacity:      512M (100%)        512M (100%)        512M (100%)        512M (100%)        512M (100%)        512M (100%)   
[2025-12-18T08:24:37.259+0530][info][gc,heap     ] GC(29)      Free:       62M (12%)           0M (0%)          134M (26%)         168M (33%)         168M (33%)           0M (0%)     
[2025-12-18T08:24:37.259+0530][info][gc,heap     ] GC(29)      Used:      450M (88%)         512M (100%)        378M (74%)         344M (67%)         512M (100%)        344M (67%)    
[2025-12-18T08:24:37.259+0530][info][gc,heap     ] GC(29)      Live:         -               248M (48%)         248M (48%)         248M (48%)            -                  -          
[2025-12-18T08:24:37.260+0530][info][gc,heap     ] GC(29) Allocated:         -                62M (12%)          76M (15%)          75M (15%)            -                  -          
[2025-12-18T08:24:37.260+0530][info][gc,heap     ] GC(29)   Garbage:         -               201M (39%)          53M (11%)          19M (4%)             -                  -          
[2025-12-18T08:24:37.260+0530][info][gc,heap     ] GC(29) Reclaimed:         -                  -               148M (29%)         181M (36%)            -                  -          
[2025-12-18T08:24:37.260+0530][info][gc          ] GC(29) Garbage Collection (Allocation Stall) 450M(88%)->344M(67%)
[2025-12-18T08:24:37.317+0530][info][gc,start    ] GC(30) Garbage Collection (Allocation Stall)
[2025-12-18T08:24:37.317+0530][info][gc,ref      ] GC(30) Clearing All SoftReferences
[2025-12-18T08:24:37.317+0530][info][gc,task     ] GC(30) Using 2 workers
[2025-12-18T08:24:37.317+0530][info][gc,ref      ] GC(30) Clearing All SoftReferences
[2025-12-18T08:24:37.317+0530][info][gc,phases   ] GC(30) Pause Mark Start 0.059ms
[2025-12-18T08:24:37.446+0530][info][gc,phases   ] GC(30) Concurrent Mark 126.108ms
[2025-12-18T08:24:37.446+0530][info][gc,phases   ] GC(30) Pause Mark End 0.076ms
[2025-12-18T08:24:37.446+0530][info][gc,phases   ] GC(30) Concurrent Mark Free 0.001ms
[2025-12-18T08:24:37.447+0530][info][gc,phases   ] GC(30) Concurrent Process Non-Strong References 0.930ms
[2025-12-18T08:24:37.447+0530][info][gc,phases   ] GC(30) Concurrent Reset Relocation Set 0.003ms
[2025-12-18T08:24:37.447+0530][info][gc          ] Allocation Stall (Worker-6) 57.911ms
[2025-12-18T08:24:37.447+0530][info][gc          ] Allocation Stall (Worker-7) 54.903ms
[2025-12-18T08:24:37.447+0530][info][gc          ] Allocation Stall (Worker-3) 54.360ms
[2025-12-18T08:24:37.447+0530][info][gc          ] Allocation Stall (Worker-4) 52.872ms
[2025-12-18T08:24:37.447+0530][info][gc          ] Allocation Stall (Worker-5) 61.765ms
[2025-12-18T08:24:37.447+0530][info][gc          ] Allocation Stall (Worker-1) 62.089ms
[2025-12-18T08:24:37.447+0530][info][gc          ] Allocation Stall (Worker-0) 59.500ms
[2025-12-18T08:24:37.447+0530][info][gc          ] Allocation Stall (Worker-2) 55.856ms
[2025-12-18T08:24:37.451+0530][info][gc,phases   ] GC(30) Concurrent Select Relocation Set 3.619ms
[2025-12-18T08:24:37.451+0530][info][gc,phases   ] GC(30) Pause Relocate Start 0.009ms
[2025-12-18T08:24:37.454+0530][info][gc,phases   ] GC(30) Concurrent Relocate 1.298ms
[2025-12-18T08:24:37.454+0530][info][gc,load     ] GC(30) Load: 0.00/0.00/0.00
[2025-12-18T08:24:37.454+0530][info][gc,mmu      ] GC(30) MMU: 2ms/93.5%, 5ms/97.4%, 10ms/98.6%, 20ms/99.3%, 50ms/99.7%, 100ms/99.8%
[2025-12-18T08:24:37.454+0530][info][gc,marking  ] GC(30) Mark: 2 stripe(s), 2 proactive flush(es), 1 terminate flush(es), 1 completion(s), 0 continuation(s) 
[2025-12-18T08:24:37.454+0530][info][gc,marking  ] GC(30) Mark Stack Usage: 32M
[2025-12-18T08:24:37.454+0530][info][gc,nmethod  ] GC(30) NMethods: 589 registered, 64 unregistered
[2025-12-18T08:24:37.454+0530][info][gc,metaspace] GC(30) Metaspace: 3M used, 4M committed, 1088M reserved
[2025-12-18T08:24:37.454+0530][info][gc,ref      ] GC(30) Soft: 157 encountered, 77 discovered, 0 enqueued
[2025-12-18T08:24:37.454+0530][info][gc,ref      ] GC(30) Weak: 539 encountered, 8 discovered, 0 enqueued
[2025-12-18T08:24:37.454+0530][info][gc,ref      ] GC(30) Final: 0 encountered, 0 discovered, 0 enqueued
[2025-12-18T08:24:37.454+0530][info][gc,ref      ] GC(30) Phantom: 7 encountered, 6 discovered, 0 enqueued
[2025-12-18T08:24:37.454+0530][info][gc,reloc    ] GC(30) Small Pages: 203 / 406M, Empty: 130M, Relocated: 1M, In-Place: 0
[2025-12-18T08:24:37.454+0530][info][gc,reloc    ] GC(30) Medium Pages: 1 / 16M, Empty: 0M, Relocated: 0M, In-Place: 0
[2025-12-18T08:24:37.454+0530][info][gc,reloc    ] GC(30) Large Pages: 1 / 6M, Empty: 0M, Relocated: 0M, In-Place: 0
[2025-12-18T08:24:37.454+0530][info][gc,reloc    ] GC(30) Forwarding Usage: 0M
[2025-12-18T08:24:37.454+0530][info][gc,heap     ] GC(30) Min Capacity: 512M(100%)
[2025-12-18T08:24:37.454+0530][info][gc,heap     ] GC(30) Max Capacity: 512M(100%)
[2025-12-18T08:24:37.454+0530][info][gc,heap     ] GC(30) Soft Max Capacity: 512M(100%)
[2025-12-18T08:24:37.454+0530][info][gc,heap     ] GC(30)                Mark Start          Mark End        Relocate Start      Relocate End           High               Low         
[2025-12-18T08:24:37.454+0530][info][gc,heap     ] GC(30)  Capacity:      512M (100%)        512M (100%)        512M (100%)        512M (100%)        512M (100%)        512M (100%)   
[2025-12-18T08:24:37.454+0530][info][gc,heap     ] GC(30)      Free:       84M (16%)           0M (0%)          118M (23%)         148M (29%)         148M (29%)           0M (0%)     
[2025-12-18T08:24:37.454+0530][info][gc,heap     ] GC(30)      Used:      428M (84%)         512M (100%)        394M (77%)         364M (71%)         512M (100%)        364M (71%)    
[2025-12-18T08:24:37.454+0530][info][gc,heap     ] GC(30)      Live:         -               248M (48%)         248M (48%)         248M (48%)            -                  -          
[2025-12-18T08:24:37.454+0530][info][gc,heap     ] GC(30) Allocated:         -                84M (16%)          96M (19%)          95M (19%)            -                  -          
[2025-12-18T08:24:37.454+0530][info][gc,heap     ] GC(30)   Garbage:         -               179M (35%)          49M (10%)          19M (4%)             -                  -          
[2025-12-18T08:24:37.454+0530][info][gc,heap     ] GC(30) Reclaimed:         -                  -               130M (25%)         159M (31%)            -                  -          
[2025-12-18T08:24:37.454+0530][info][gc          ] GC(30) Garbage Collection (Allocation Stall) 428M(84%)->364M(71%)
[2025-12-18T08:24:37.516+0530][info][gc,start    ] GC(31) Garbage Collection (Allocation Stall)
[2025-12-18T08:24:37.516+0530][info][gc,stats    ] === Garbage Collection Statistics =======================================================================================================================
[2025-12-18T08:24:37.516+0530][info][gc,ref      ] GC(31) Clearing All SoftReferences
[2025-12-18T08:24:37.516+0530][info][gc,stats    ]                                                              Last 10s              Last 10m              Last 10h                Total
[2025-12-18T08:24:37.516+0530][info][gc,task     ] GC(31) Using 2 workers
[2025-12-18T08:24:37.516+0530][info][gc,stats    ]                                                              Avg / Max             Avg / Max             Avg / Max             Avg / Max
[2025-12-18T08:24:37.516+0530][info][gc,stats    ]   Collector: Garbage Collection Cycle                    132.032 / 194.858     132.032 / 194.858     132.032 / 194.858     132.032 / 194.858     ms
[2025-12-18T08:24:37.516+0530][info][gc,stats    ]  Contention: Mark Segment Reset Contention                     0 / 2                 0 / 2                 0 / 2                 0 / 2           ops/s
[2025-12-18T08:24:37.516+0530][info][gc,stats    ]  Contention: Mark SeqNum Reset Contention                      0 / 1                 0 / 1                 0 / 1                 0 / 1           ops/s
[2025-12-18T08:24:37.516+0530][info][gc,stats    ]    Critical: Allocation Stall                                 14 / 41               14 / 41               14 / 41               14 / 41          ops/s
[2025-12-18T08:24:37.516+0530][info][gc,ref      ] GC(31) Clearing All SoftReferences
[2025-12-18T08:24:37.516+0530][info][gc,stats    ]    Critical: Allocation Stall                             59.221 / 93.529       59.221 / 93.529       59.221 / 93.529       59.221 / 93.529      ms
[2025-12-18T08:24:37.516+0530][info][gc,phases   ] GC(31) Pause Mark Start 0.105ms
[2025-12-18T08:24:37.518+0530][info][gc,stats    ]    Critical: GC Locker Stall                                   0 / 0                 0 / 0                 0 / 0                 0 / 0           ops/s
[2025-12-18T08:24:37.518+0530][info][gc,stats    ]    Critical: GC Locker Stall                               0.000 / 0.000         0.000 / 0.000         0.000 / 0.000         0.000 / 0.000       ms
[2025-12-18T08:24:37.518+0530][info][gc,stats    ]    Critical: Relocation Stall                                  0 / 0                 0 / 0                 0 / 0                 0 / 0           ops/s
[2025-12-18T08:24:37.518+0530][info][gc,stats    ]    Critical: Relocation Stall                              0.000 / 0.000         0.000 / 0.000         0.000 / 0.000         0.000 / 0.000       ms
[2025-12-18T08:24:37.518+0530][info][gc,stats    ]      Memory: Allocation Rate                                 356 / 876             356 / 876             356 / 876             356 / 876         MB/s
[2025-12-18T08:24:37.518+0530][info][gc,stats    ]      Memory: Defragment                                        0 / 0                 0 / 0                 0 / 0                 0 / 0           ops/s
[2025-12-18T08:24:37.518+0530][info][gc,stats    ]      Memory: Out Of Memory                                     0 / 0                 0 / 0                 0 / 0                 0 / 0           ops/s
[2025-12-18T08:24:37.518+0530][info][gc,stats    ]      Memory: Page Cache Flush                                  0 / 0                 0 / 0                 0 / 0                 0 / 0           MB/s
[2025-12-18T08:24:37.518+0530][info][gc,stats    ]      Memory: Page Cache Hit L1                               157 / 448             157 / 448             157 / 448             157 / 448         ops/s
[2025-12-18T08:24:37.518+0530][info][gc,stats    ]      Memory: Page Cache Hit L2                                 0 / 0                 0 / 0                 0 / 0                 0 / 0           ops/s
[2025-12-18T08:24:37.518+0530][info][gc,stats    ]      Memory: Page Cache Hit L3                                24 / 113              24 / 113              24 / 113              24 / 113         ops/s
[2025-12-18T08:24:37.518+0530][info][gc,stats    ]      Memory: Page Cache Miss                                   0 / 1                 0 / 1                 0 / 1                 0 / 1           ops/s
[2025-12-18T08:24:37.518+0530][info][gc,stats    ]      Memory: Uncommit                                          0 / 0                 0 / 0                 0 / 0                 0 / 0           MB/s
[2025-12-18T08:24:37.518+0530][info][gc,stats    ]      Memory: Undo Object Allocation Failed                     0 / 1                 0 / 1                 0 / 1                 0 / 1           ops/s
[2025-12-18T08:24:37.518+0530][info][gc,stats    ]      Memory: Undo Object Allocation Succeeded                  6 / 21                6 / 21                6 / 21                6 / 21          ops/s
[2025-12-18T08:24:37.518+0530][info][gc,stats    ]      Memory: Undo Page Allocation                              3 / 12                3 / 12                3 / 12                3 / 12          ops/s
[2025-12-18T08:24:37.518+0530][info][gc,stats    ]       Phase: Concurrent Mark                             114.218 / 149.820     114.218 / 149.820     114.218 / 149.820     114.218 / 149.820     ms
[2025-12-18T08:24:37.518+0530][info][gc,stats    ]       Phase: Concurrent Mark Continue                      0.000 / 0.000         0.000 / 0.000         0.000 / 0.000         0.000 / 0.000       ms
[2025-12-18T08:24:37.518+0530][info][gc,stats    ]       Phase: Concurrent Mark Free                          0.001 / 0.004         0.001 / 0.004         0.001 / 0.004         0.001 / 0.004       ms
[2025-12-18T08:24:37.518+0530][info][gc,stats    ]       Phase: Concurrent Process Non-Strong References      1.247 / 3.602         1.247 / 3.602         1.247 / 3.602         1.247 / 3.602       ms
[2025-12-18T08:24:37.518+0530][info][gc,stats    ]       Phase: Concurrent Relocate                           1.628 / 3.777         1.628 / 3.777         1.628 / 3.777         1.628 / 3.777       ms
[2025-12-18T08:24:37.518+0530][info][gc,stats    ]       Phase: Concurrent Reset Relocation Set               0.002 / 0.005         0.002 / 0.005         0.002 / 0.005         0.002 / 0.005       ms
[2025-12-18T08:24:37.518+0530][info][gc,stats    ]       Phase: Concurrent Select Relocation Set              3.466 / 6.683         3.466 / 6.683         3.466 / 6.683         3.466 / 6.683       ms
[2025-12-18T08:24:37.518+0530][info][gc,stats    ]       Phase: Pause Mark End                                0.067 / 0.130         0.067 / 0.130         0.067 / 0.130         0.067 / 0.130       ms
[2025-12-18T08:24:37.518+0530][info][gc,stats    ]       Phase: Pause Mark Start                              0.040 / 0.095         0.040 / 0.095         0.040 / 0.095         0.040 / 0.095       ms
[2025-12-18T08:24:37.518+0530][info][gc,stats    ]       Phase: Pause Relocate Start                          0.010 / 0.014         0.010 / 0.014         0.010 / 0.014         0.010 / 0.014       ms
[2025-12-18T08:24:37.518+0530][info][gc,stats    ]    Subphase: Concurrent Classes Purge                      0.079 / 1.727         0.079 / 1.727         0.079 / 1.727         0.079 / 1.727       ms
[2025-12-18T08:24:37.518+0530][info][gc,stats    ]    Subphase: Concurrent Classes Unlink                     0.670 / 2.467         0.670 / 2.467         0.670 / 2.467         0.670 / 2.467       ms
[2025-12-18T08:24:37.518+0530][info][gc,stats    ]    Subphase: Concurrent Mark                             112.966 / 149.131     112.966 / 149.131     112.966 / 149.131     112.966 / 149.131     ms
[2025-12-18T08:24:37.518+0530][info][gc,stats    ]    Subphase: Concurrent Mark Try Flush                     0.107 / 0.382         0.107 / 0.382         0.107 / 0.382         0.107 / 0.382       ms
[2025-12-18T08:24:37.518+0530][info][gc,stats    ]    Subphase: Concurrent Mark Try Terminate                 0.578 / 2.397         0.578 / 2.397         0.578 / 2.397         0.578 / 2.397       ms
[2025-12-18T08:24:37.518+0530][info][gc,stats    ]    Subphase: Concurrent References Enqueue                 0.003 / 0.015         0.003 / 0.015         0.003 / 0.015         0.003 / 0.015       ms
[2025-12-18T08:24:37.518+0530][info][gc,stats    ]    Subphase: Concurrent References Process                 0.107 / 0.204         0.107 / 0.204         0.107 / 0.204         0.107 / 0.204       ms
[2025-12-18T08:24:37.518+0530][info][gc,stats    ]    Subphase: Concurrent Roots ClassLoaderDataGraph         0.102 / 0.456         0.102 / 0.456         0.102 / 0.456         0.102 / 0.456       ms
[2025-12-18T08:24:37.518+0530][info][gc,stats    ]    Subphase: Concurrent Roots CodeCache                    0.000 / 0.000         0.000 / 0.000         0.000 / 0.000         0.000 / 0.000       ms
[2025-12-18T08:24:37.518+0530][info][gc,stats    ]    Subphase: Concurrent Roots JavaThreads                  0.365 / 1.858         0.365 / 1.858         0.365 / 1.858         0.365 / 1.858       ms
[2025-12-18T08:24:37.518+0530][info][gc,stats    ]    Subphase: Concurrent Roots OopStorageSet                0.032 / 0.075         0.032 / 0.075         0.032 / 0.075         0.032 / 0.075       ms
[2025-12-18T08:24:37.518+0530][info][gc,stats    ]    Subphase: Concurrent Weak Roots OopStorageSet           0.204 / 0.476         0.204 / 0.476         0.204 / 0.476         0.204 / 0.476       ms
[2025-12-18T08:24:37.518+0530][info][gc,stats    ]    Subphase: Pause Mark Try Complete                       0.001 / 0.003         0.001 / 0.003         0.001 / 0.003         0.001 / 0.003       ms
[2025-12-18T08:24:37.518+0530][info][gc,stats    ]      System: Java Threads                                     19 / 22               19 / 22               19 / 22               19 / 22          threads
[2025-12-18T08:24:37.518+0530][info][gc,stats    ] =========================================================================================================================================================
[2025-12-18T08:24:37.642+0530][info][gc,phases   ] GC(31) Concurrent Mark 117.848ms
[2025-12-18T08:24:37.642+0530][info][gc,phases   ] GC(31) Pause Mark End 0.021ms
[2025-12-18T08:24:37.642+0530][info][gc,phases   ] GC(31) Concurrent Mark Free 0.002ms
[2025-12-18T08:24:37.643+0530][info][gc,phases   ] GC(31) Concurrent Process Non-Strong References 1.075ms
[2025-12-18T08:24:37.643+0530][info][gc,phases   ] GC(31) Concurrent Reset Relocation Set 0.001ms
[2025-12-18T08:24:37.643+0530][info][gc          ] Allocation Stall (Worker-1) 78.854ms
[2025-12-18T08:24:37.643+0530][info][gc          ] Allocation Stall (Worker-2) 78.263ms
[2025-12-18T08:24:37.643+0530][info][gc          ] Allocation Stall (Worker-0) 76.875ms
[2025-12-18T08:24:37.643+0530][info][gc          ] Allocation Stall (Worker-6) 78.377ms
[2025-12-18T08:24:37.643+0530][info][gc          ] Allocation Stall (Worker-4) 84.663ms
[2025-12-18T08:24:37.643+0530][info][gc          ] Allocation Stall (Worker-5) 82.248ms
[2025-12-18T08:24:37.643+0530][info][gc          ] Allocation Stall (Worker-7) 81.500ms
[2025-12-18T08:24:37.643+0530][info][gc          ] Allocation Stall (Worker-3) 79.805ms
[2025-12-18T08:24:37.647+0530][info][gc,phases   ] GC(31) Concurrent Select Relocation Set 3.602ms
[2025-12-18T08:24:37.647+0530][info][gc,phases   ] GC(31) Pause Relocate Start 0.015ms
[2025-12-18T08:24:37.651+0530][info][gc,phases   ] GC(31) Concurrent Relocate 1.421ms
[2025-12-18T08:24:37.651+0530][info][gc,load     ] GC(31) Load: 0.00/0.00/0.00
[2025-12-18T08:24:37.651+0530][info][gc,mmu      ] GC(31) MMU: 2ms/93.5%, 5ms/97.4%, 10ms/98.6%, 20ms/99.3%, 50ms/99.7%, 100ms/99.8%
[2025-12-18T08:24:37.651+0530][info][gc,marking  ] GC(31) Mark: 2 stripe(s), 2 proactive flush(es), 1 terminate flush(es), 0 completion(s), 0 continuation(s) 
[2025-12-18T08:24:37.651+0530][info][gc,marking  ] GC(31) Mark Stack Usage: 32M
[2025-12-18T08:24:37.651+0530][info][gc,nmethod  ] GC(31) NMethods: 589 registered, 64 unregistered
[2025-12-18T08:24:37.651+0530][info][gc,metaspace] GC(31) Metaspace: 3M used, 4M committed, 1088M reserved
[2025-12-18T08:24:37.651+0530][info][gc,ref      ] GC(31) Soft: 157 encountered, 78 discovered, 0 enqueued
[2025-12-18T08:24:37.651+0530][info][gc,ref      ] GC(31) Weak: 539 encountered, 386 discovered, 0 enqueued
[2025-12-18T08:24:37.651+0530][info][gc,ref      ] GC(31) Final: 0 encountered, 0 discovered, 0 enqueued
[2025-12-18T08:24:37.651+0530][info][gc,ref      ] GC(31) Phantom: 7 encountered, 3 discovered, 0 enqueued
[2025-12-18T08:24:37.651+0530][info][gc,reloc    ] GC(31) Small Pages: 219 / 438M, Empty: 162M, Relocated: 1M, In-Place: 0
[2025-12-18T08:24:37.651+0530][info][gc,reloc    ] GC(31) Medium Pages: 1 / 16M, Empty: 0M, Relocated: 0M, In-Place: 0
[2025-12-18T08:24:37.651+0530][info][gc,reloc    ] GC(31) Large Pages: 1 / 6M, Empty: 0M, Relocated: 0M, In-Place: 0
[2025-12-18T08:24:37.651+0530][info][gc,reloc    ] GC(31) Forwarding Usage: 0M
[2025-12-18T08:24:37.651+0530][info][gc,heap     ] GC(31) Min Capacity: 512M(100%)
[2025-12-18T08:24:37.651+0530][info][gc,heap     ] GC(31) Max Capacity: 512M(100%)
[2025-12-18T08:24:37.651+0530][info][gc,heap     ] GC(31) Soft Max Capacity: 512M(100%)
[2025-12-18T08:24:37.651+0530][info][gc,heap     ] GC(31)                Mark Start          Mark End        Relocate Start      Relocate End           High               Low         
[2025-12-18T08:24:37.651+0530][info][gc,heap     ] GC(31)  Capacity:      512M (100%)        512M (100%)        512M (100%)        512M (100%)        512M (100%)        512M (100%)   
[2025-12-18T08:24:37.651+0530][info][gc,heap     ] GC(31)      Free:       52M (10%)           0M (0%)          148M (29%)         178M (35%)         178M (35%)           0M (0%)     
[2025-12-18T08:24:37.651+0530][info][gc,heap     ] GC(31)      Used:      460M (90%)         512M (100%)        364M (71%)         334M (65%)         512M (100%)        334M (65%)    
[2025-12-18T08:24:37.651+0530][info][gc,heap     ] GC(31)      Live:         -               248M (48%)         248M (48%)         248M (48%)            -                  -          
[2025-12-18T08:24:37.651+0530][info][gc,heap     ] GC(31) Allocated:         -                52M (10%)          66M (13%)          65M (13%)            -                  -          
[2025-12-18T08:24:37.651+0530][info][gc,heap     ] GC(31)   Garbage:         -               211M (41%)          49M (10%)          19M (4%)             -                  -          
[2025-12-18T08:24:37.651+0530][info][gc,heap     ] GC(31) Reclaimed:         -                  -               162M (32%)         191M (37%)            -                  -          
[2025-12-18T08:24:37.651+0530][info][gc          ] GC(31) Garbage Collection (Allocation Stall) 460M(90%)->334M(65%)
[2025-12-18T08:24:37.716+0530][info][gc,start    ] GC(32) Garbage Collection (Allocation Stall)
[2025-12-18T08:24:37.716+0530][info][gc,ref      ] GC(32) Clearing All SoftReferences
[2025-12-18T08:24:37.716+0530][info][gc,task     ] GC(32) Using 2 workers
[2025-12-18T08:24:37.716+0530][info][gc,ref      ] GC(32) Clearing All SoftReferences
[2025-12-18T08:24:37.716+0530][info][gc,phases   ] GC(32) Pause Mark Start 0.050ms
[2025-12-18T08:24:37.852+0530][info][gc,phases   ] GC(32) Concurrent Mark 123.375ms
[2025-12-18T08:24:37.852+0530][info][gc,phases   ] GC(32) Pause Mark End 0.104ms
[2025-12-18T08:24:37.852+0530][info][gc,phases   ] GC(32) Concurrent Mark Free 0.001ms
[2025-12-18T08:24:37.853+0530][info][gc,phases   ] GC(32) Concurrent Process Non-Strong References 0.983ms
[2025-12-18T08:24:37.853+0530][info][gc,phases   ] GC(32) Concurrent Reset Relocation Set 0.002ms
[2025-12-18T08:24:37.853+0530][info][gc          ] Allocation Stall (Worker-7) 63.849ms
[2025-12-18T08:24:37.853+0530][info][gc          ] Allocation Stall (Worker-4) 61.855ms
[2025-12-18T08:24:37.853+0530][info][gc          ] Allocation Stall (Worker-0) 59.199ms
[2025-12-18T08:24:37.853+0530][info][gc          ] Allocation Stall (Worker-6) 69.472ms
[2025-12-18T08:24:37.853+0530][info][gc          ] Allocation Stall (Worker-2) 66.678ms
[2025-12-18T08:24:37.853+0530][info][gc          ] Allocation Stall (Worker-3) 64.662ms
[2025-12-18T08:24:37.853+0530][info][gc          ] Allocation Stall (Worker-5) 64.212ms
[2025-12-18T08:24:37.853+0530][info][gc          ] Allocation Stall (Worker-1) 64.019ms
[2025-12-18T08:24:37.857+0530][info][gc,phases   ] GC(32) Concurrent Select Relocation Set 3.602ms
[2025-12-18T08:24:37.857+0530][info][gc,phases   ] GC(32) Pause Relocate Start 0.008ms
[2025-12-18T08:24:37.860+0530][info][gc,phases   ] GC(32) Concurrent Relocate 1.489ms
[2025-12-18T08:24:37.860+0530][info][gc,load     ] GC(32) Load: 0.00/0.00/0.00
[2025-12-18T08:24:37.860+0530][info][gc,mmu      ] GC(32) MMU: 2ms/93.5%, 5ms/97.4%, 10ms/98.6%, 20ms/99.3%, 50ms/99.7%, 100ms/99.8%
[2025-12-18T08:24:37.860+0530][info][gc,marking  ] GC(32) Mark: 2 stripe(s), 2 proactive flush(es), 1 terminate flush(es), 1 completion(s), 0 continuation(s) 
[2025-12-18T08:24:37.860+0530][info][gc,marking  ] GC(32) Mark Stack Usage: 32M
[2025-12-18T08:24:37.860+0530][info][gc,nmethod  ] GC(32) NMethods: 589 registered, 64 unregistered
[2025-12-18T08:24:37.860+0530][info][gc,metaspace] GC(32) Metaspace: 3M used, 4M committed, 1088M reserved
[2025-12-18T08:24:37.860+0530][info][gc,ref      ] GC(32) Soft: 157 encountered, 80 discovered, 0 enqueued
[2025-12-18T08:24:37.860+0530][info][gc,ref      ] GC(32) Weak: 539 encountered, 416 discovered, 0 enqueued
[2025-12-18T08:24:37.860+0530][info][gc,ref      ] GC(32) Final: 0 encountered, 0 discovered, 0 enqueued
[2025-12-18T08:24:37.860+0530][info][gc,ref      ] GC(32) Phantom: 7 encountered, 2 discovered, 0 enqueued
[2025-12-18T08:24:37.860+0530][info][gc,reloc    ] GC(32) Small Pages: 205 / 410M, Empty: 132M, Relocated: 1M, In-Place: 0
[2025-12-18T08:24:37.860+0530][info][gc,reloc    ] GC(32) Medium Pages: 1 / 16M, Empty: 0M, Relocated: 0M, In-Place: 0
[2025-12-18T08:24:37.860+0530][info][gc,reloc    ] GC(32) Large Pages: 1 / 6M, Empty: 0M, Relocated: 0M, In-Place: 0
[2025-12-18T08:24:37.860+0530][info][gc,reloc    ] GC(32) Forwarding Usage: 0M
[2025-12-18T08:24:37.860+0530][info][gc,heap     ] GC(32) Min Capacity: 512M(100%)
[2025-12-18T08:24:37.860+0530][info][gc,heap     ] GC(32) Max Capacity: 512M(100%)
[2025-12-18T08:24:37.860+0530][info][gc,heap     ] GC(32) Soft Max Capacity: 512M(100%)
[2025-12-18T08:24:37.860+0530][info][gc,heap     ] GC(32)                Mark Start          Mark End        Relocate Start      Relocate End           High               Low         
[2025-12-18T08:24:37.861+0530][info][gc,heap     ] GC(32)  Capacity:      512M (100%)        512M (100%)        512M (100%)        512M (100%)        512M (100%)        512M (100%)   
[2025-12-18T08:24:37.861+0530][info][gc,heap     ] GC(32)      Free:       80M (16%)           0M (0%)          120M (23%)         152M (30%)         152M (30%)           0M (0%)     
[2025-12-18T08:24:37.861+0530][info][gc,heap     ] GC(32)      Used:      432M (84%)         512M (100%)        392M (77%)         360M (70%)         512M (100%)        360M (70%)    
[2025-12-18T08:24:37.861+0530][info][gc,heap     ] GC(32)      Live:         -               248M (48%)         248M (48%)         248M (48%)            -                  -          
[2025-12-18T08:24:37.861+0530][info][gc,heap     ] GC(32) Allocated:         -                80M (16%)          92M (18%)          91M (18%)            -                  -          
[2025-12-18T08:24:37.861+0530][info][gc,heap     ] GC(32)   Garbage:         -               183M (36%)          51M (10%)          19M (4%)             -                  -          
[2025-12-18T08:24:37.861+0530][info][gc,heap     ] GC(32) Reclaimed:         -                  -               132M (26%)         163M (32%)            -                  -          
[2025-12-18T08:24:37.861+0530][info][gc          ] GC(32) Garbage Collection (Allocation Stall) 432M(84%)->360M(70%)
[2025-12-18T08:24:37.916+0530][info][gc,start    ] GC(33) Garbage Collection (Allocation Stall)
[2025-12-18T08:24:37.916+0530][info][gc,ref      ] GC(33) Clearing All SoftReferences
[2025-12-18T08:24:37.916+0530][info][gc,task     ] GC(33) Using 2 workers
[2025-12-18T08:24:37.916+0530][info][gc,ref      ] GC(33) Clearing All SoftReferences
[2025-12-18T08:24:37.916+0530][info][gc,phases   ] GC(33) Pause Mark Start 0.060ms
[2025-12-18T08:24:38.044+0530][info][gc,phases   ] GC(33) Concurrent Mark 125.380ms
[2025-12-18T08:24:38.044+0530][info][gc,phases   ] GC(33) Pause Mark End 0.096ms
[2025-12-18T08:24:38.044+0530][info][gc,phases   ] GC(33) Concurrent Mark Free 0.001ms
[2025-12-18T08:24:38.045+0530][info][gc,phases   ] GC(33) Concurrent Process Non-Strong References 0.948ms
[2025-12-18T08:24:38.045+0530][info][gc,phases   ] GC(33) Concurrent Reset Relocation Set 0.002ms
[2025-12-18T08:24:38.045+0530][info][gc          ] Allocation Stall (Worker-1) 59.091ms
[2025-12-18T08:24:38.045+0530][info][gc          ] Allocation Stall (Worker-5) 58.928ms
[2025-12-18T08:24:38.045+0530][info][gc          ] Allocation Stall (Worker-2) 57.842ms
[2025-12-18T08:24:38.045+0530][info][gc          ] Allocation Stall (Worker-0) 56.478ms
[2025-12-18T08:24:38.045+0530][info][gc          ] Allocation Stall (Worker-6) 67.498ms
[2025-12-18T08:24:38.045+0530][info][gc          ] Allocation Stall (Worker-4) 64.135ms
[2025-12-18T08:24:38.045+0530][info][gc          ] Allocation Stall (Worker-7) 63.069ms
[2025-12-18T08:24:38.045+0530][info][gc          ] Allocation Stall (Worker-3) 61.586ms
[2025-12-18T08:24:38.049+0530][info][gc,phases   ] GC(33) Concurrent Select Relocation Set 3.655ms
[2025-12-18T08:24:38.049+0530][info][gc,phases   ] GC(33) Pause Relocate Start 0.012ms
[2025-12-18T08:24:38.061+0530][info][gc,phases   ] GC(33) Concurrent Relocate 1.649ms
[2025-12-18T08:24:38.061+0530][info][gc,load     ] GC(33) Load: 0.00/0.00/0.00
[2025-12-18T08:24:38.061+0530][info][gc,mmu      ] GC(33) MMU: 2ms/93.5%, 5ms/97.4%, 10ms/98.6%, 20ms/99.3%, 50ms/99.7%, 100ms/99.8%
[2025-12-18T08:24:38.061+0530][info][gc,marking  ] GC(33) Mark: 2 stripe(s), 2 proactive flush(es), 1 terminate flush(es), 1 completion(s), 0 continuation(s) 
[2025-12-18T08:24:38.061+0530][info][gc,marking  ] GC(33) Mark Stack Usage: 32M
[2025-12-18T08:24:38.061+0530][info][gc,nmethod  ] GC(33) NMethods: 593 registered, 64 unregistered
[2025-12-18T08:24:38.061+0530][info][gc,metaspace] GC(33) Metaspace: 3M used, 4M committed, 1088M reserved
[2025-12-18T08:24:38.061+0530][info][gc,ref      ] GC(33) Soft: 157 encountered, 70 discovered, 0 enqueued
[2025-12-18T08:24:38.061+0530][info][gc,ref      ] GC(33) Weak: 539 encountered, 7 discovered, 0 enqueued
[2025-12-18T08:24:38.061+0530][info][gc,ref      ] GC(33) Final: 0 encountered, 0 discovered, 0 enqueued
[2025-12-18T08:24:38.061+0530][info][gc,ref      ] GC(33) Phantom: 7 encountered, 3 discovered, 0 enqueued
[2025-12-18T08:24:38.061+0530][info][gc,reloc    ] GC(33) Small Pages: 209 / 418M, Empty: 140M, Relocated: 1M, In-Place: 0
[2025-12-18T08:24:38.061+0530][info][gc,reloc    ] GC(33) Medium Pages: 1 / 16M, Empty: 0M, Relocated: 0M, In-Place: 0
[2025-12-18T08:24:38.061+0530][info][gc,reloc    ] GC(33) Large Pages: 1 / 6M, Empty: 0M, Relocated: 0M, In-Place: 0
[2025-12-18T08:24:38.061+0530][info][gc,reloc    ] GC(33) Forwarding Usage: 0M
[2025-12-18T08:24:38.061+0530][info][gc,heap     ] GC(33) Min Capacity: 512M(100%)
[2025-12-18T08:24:38.061+0530][info][gc,heap     ] GC(33) Max Capacity: 512M(100%)
[2025-12-18T08:24:38.061+0530][info][gc,heap     ] GC(33) Soft Max Capacity: 512M(100%)
[2025-12-18T08:24:38.061+0530][info][gc,heap     ] GC(33)                Mark Start          Mark End        Relocate Start      Relocate End           High               Low         
[2025-12-18T08:24:38.061+0530][info][gc,heap     ] GC(33)  Capacity:      512M (100%)        512M (100%)        512M (100%)        512M (100%)        512M (100%)        512M (100%)   
[2025-12-18T08:24:38.061+0530][info][gc,heap     ] GC(33)      Free:       72M (14%)           0M (0%)          128M (25%)         150M (29%)         150M (29%)           0M (0%)     
[2025-12-18T08:24:38.061+0530][info][gc,heap     ] GC(33)      Used:      440M (86%)         512M (100%)        384M (75%)         362M (71%)         512M (100%)        362M (71%)    
[2025-12-18T08:24:38.061+0530][info][gc,heap     ] GC(33)      Live:         -               248M (48%)         248M (48%)         248M (48%)            -                  -          
[2025-12-18T08:24:38.061+0530][info][gc,heap     ] GC(33) Allocated:         -                72M (14%)          84M (16%)          93M (18%)            -                  -          
[2025-12-18T08:24:38.061+0530][info][gc,heap     ] GC(33)   Garbage:         -               191M (37%)          51M (10%)          19M (4%)             -                  -          
[2025-12-18T08:24:38.061+0530][info][gc,heap     ] GC(33) Reclaimed:         -                  -               140M (27%)         171M (34%)            -                  -          
[2025-12-18T08:24:38.061+0530][info][gc          ] GC(33) Garbage Collection (Allocation Stall) 440M(86%)->362M(71%)
[2025-12-18T08:24:38.116+0530][info][gc,start    ] GC(34) Garbage Collection (Allocation Stall)
[2025-12-18T08:24:38.116+0530][info][gc,ref      ] GC(34) Clearing All SoftReferences
[2025-12-18T08:24:38.116+0530][info][gc,task     ] GC(34) Using 2 workers
[2025-12-18T08:24:38.116+0530][info][gc,ref      ] GC(34) Clearing All SoftReferences
[2025-12-18T08:24:38.116+0530][info][gc,phases   ] GC(34) Pause Mark Start 0.048ms
[2025-12-18T08:24:38.246+0530][info][gc,phases   ] GC(34) Concurrent Mark 127.772ms
[2025-12-18T08:24:38.246+0530][info][gc,phases   ] GC(34) Pause Mark End 0.133ms
[2025-12-18T08:24:38.246+0530][info][gc,phases   ] GC(34) Concurrent Mark Free 0.001ms
[2025-12-18T08:24:38.247+0530][info][gc,phases   ] GC(34) Concurrent Process Non-Strong References 0.979ms
[2025-12-18T08:24:38.247+0530][info][gc,phases   ] GC(34) Concurrent Reset Relocation Set 0.003ms
[2025-12-18T08:24:38.250+0530][info][gc          ] Allocation Stall (Worker-0) 61.443ms
[2025-12-18T08:24:38.250+0530][info][gc          ] Allocation Stall (Worker-7) 68.972ms
[2025-12-18T08:24:38.250+0530][info][gc          ] Allocation Stall (Worker-5) 61.810ms
[2025-12-18T08:24:38.250+0530][info][gc          ] Allocation Stall (Worker-6) 61.860ms
[2025-12-18T08:24:38.250+0530][info][gc          ] Allocation Stall (Worker-4) 64.529ms
[2025-12-18T08:24:38.250+0530][info][gc,phases   ] GC(34) Concurrent Select Relocation Set 3.045ms
[2025-12-18T08:24:38.250+0530][info][gc          ] Allocation Stall (Worker-3) 65.815ms
[2025-12-18T08:24:38.250+0530][info][gc          ] Allocation Stall (Worker-1) 64.662ms
[2025-12-18T08:24:38.250+0530][info][gc          ] Allocation Stall (Worker-2) 62.598ms
[2025-12-18T08:24:38.251+0530][info][gc,phases   ] GC(34) Pause Relocate Start 0.010ms
[2025-12-18T08:24:38.259+0530][info][gc,phases   ] GC(34) Concurrent Relocate 1.601ms
[2025-12-18T08:24:38.259+0530][info][gc,load     ] GC(34) Load: 0.00/0.00/0.00
[2025-12-18T08:24:38.259+0530][info][gc,mmu      ] GC(34) MMU: 2ms/93.3%, 5ms/97.1%, 10ms/98.6%, 20ms/99.3%, 50ms/99.7%, 100ms/99.8%
[2025-12-18T08:24:38.259+0530][info][gc,marking  ] GC(34) Mark: 2 stripe(s), 2 proactive flush(es), 1 terminate flush(es), 1 completion(s), 0 continuation(s) 
[2025-12-18T08:24:38.259+0530][info][gc,marking  ] GC(34) Mark Stack Usage: 32M
[2025-12-18T08:24:38.259+0530][info][gc,nmethod  ] GC(34) NMethods: 593 registered, 64 unregistered
[2025-12-18T08:24:38.259+0530][info][gc,metaspace] GC(34) Metaspace: 3M used, 4M committed, 1088M reserved
[2025-12-18T08:24:38.259+0530][info][gc,ref      ] GC(34) Soft: 157 encountered, 77 discovered, 0 enqueued
[2025-12-18T08:24:38.259+0530][info][gc,ref      ] GC(34) Weak: 539 encountered, 4 discovered, 0 enqueued
[2025-12-18T08:24:38.259+0530][info][gc,ref      ] GC(34) Final: 0 encountered, 0 discovered, 0 enqueued
[2025-12-18T08:24:38.259+0530][info][gc,ref      ] GC(34) Phantom: 7 encountered, 3 discovered, 0 enqueued
[2025-12-18T08:24:38.259+0530][info][gc,reloc    ] GC(34) Small Pages: 208 / 416M, Empty: 126M, Relocated: 1M, In-Place: 0
[2025-12-18T08:24:38.259+0530][info][gc,reloc    ] GC(34) Medium Pages: 1 / 16M, Empty: 0M, Relocated: 0M, In-Place: 0
[2025-12-18T08:24:38.259+0530][info][gc,reloc    ] GC(34) Large Pages: 1 / 6M, Empty: 0M, Relocated: 0M, In-Place: 0
[2025-12-18T08:24:38.259+0530][info][gc,reloc    ] GC(34) Forwarding Usage: 0M
[2025-12-18T08:24:38.259+0530][info][gc,heap     ] GC(34) Min Capacity: 512M(100%)
[2025-12-18T08:24:38.259+0530][info][gc,heap     ] GC(34) Max Capacity: 512M(100%)
[2025-12-18T08:24:38.259+0530][info][gc,heap     ] GC(34) Soft Max Capacity: 512M(100%)
[2025-12-18T08:24:38.259+0530][info][gc,heap     ] GC(34)                Mark Start          Mark End        Relocate Start      Relocate End           High               Low         
[2025-12-18T08:24:38.259+0530][info][gc,heap     ] GC(34)  Capacity:      512M (100%)        512M (100%)        512M (100%)        512M (100%)        512M (100%)        512M (100%)   
[2025-12-18T08:24:38.259+0530][info][gc,heap     ] GC(34)      Free:       74M (14%)           0M (0%)          112M (22%)         156M (30%)         156M (30%)           0M (0%)     
[2025-12-18T08:24:38.259+0530][info][gc,heap     ] GC(34)      Used:      438M (86%)         512M (100%)        400M (78%)         356M (70%)         512M (100%)        356M (70%)    
[2025-12-18T08:24:38.259+0530][info][gc,heap     ] GC(34)      Live:         -               248M (48%)         248M (48%)         248M (48%)            -                  -          
[2025-12-18T08:24:38.259+0530][info][gc,heap     ] GC(34) Allocated:         -                74M (14%)          88M (17%)          87M (17%)            -                  -          
[2025-12-18T08:24:38.259+0530][info][gc,heap     ] GC(34)   Garbage:         -               189M (37%)          63M (12%)          19M (4%)             -                  -          
[2025-12-18T08:24:38.259+0530][info][gc,heap     ] GC(34) Reclaimed:         -                  -               126M (25%)         169M (33%)            -                  -          
[2025-12-18T08:24:38.259+0530][info][gc          ] GC(34) Garbage Collection (Allocation Stall) 438M(86%)->356M(70%)
[2025-12-18T08:24:38.316+0530][info][gc,start    ] GC(35) Garbage Collection (Allocation Stall)
[2025-12-18T08:24:38.316+0530][info][gc,ref      ] GC(35) Clearing All SoftReferences
[2025-12-18T08:24:38.316+0530][info][gc,task     ] GC(35) Using 2 workers
[2025-12-18T08:24:38.316+0530][info][gc,ref      ] GC(35) Clearing All SoftReferences
[2025-12-18T08:24:38.316+0530][info][gc,phases   ] GC(35) Pause Mark Start 0.059ms
[2025-12-18T08:24:38.457+0530][info][gc,phases   ] GC(35) Concurrent Mark 122.628ms
[2025-12-18T08:24:38.457+0530][info][gc,phases   ] GC(35) Pause Mark End 0.093ms
[2025-12-18T08:24:38.457+0530][info][gc,phases   ] GC(35) Concurrent Mark Free 0.001ms
[2025-12-18T08:24:38.458+0530][info][gc,phases   ] GC(35) Concurrent Process Non-Strong References 0.988ms
[2025-12-18T08:24:38.458+0530][info][gc,phases   ] GC(35) Concurrent Reset Relocation Set 0.002ms
[2025-12-18T08:24:38.458+0530][info][gc          ] Allocation Stall (Worker-0) 79.079ms
[2025-12-18T08:24:38.458+0530][info][gc          ] Allocation Stall (Worker-1) 71.284ms
[2025-12-18T08:24:38.458+0530][info][gc          ] Allocation Stall (Worker-4) 73.591ms
[2025-12-18T08:24:38.458+0530][info][gc          ] Allocation Stall (Worker-2) 82.657ms
[2025-12-18T08:24:38.458+0530][info][gc          ] Allocation Stall (Worker-7) 80.925ms
[2025-12-18T08:24:38.458+0530][info][gc          ] Allocation Stall (Worker-6) 82.860ms
[2025-12-18T08:24:38.458+0530][info][gc          ] Allocation Stall (Worker-5) 80.189ms
[2025-12-18T08:24:38.458+0530][info][gc          ] Allocation Stall (Worker-3) 79.881ms
[2025-12-18T08:24:38.462+0530][info][gc,phases   ] GC(35) Concurrent Select Relocation Set 3.630ms
[2025-12-18T08:24:38.462+0530][info][gc,phases   ] GC(35) Pause Relocate Start 0.011ms
[2025-12-18T08:24:38.481+0530][info][gc,phases   ] GC(35) Concurrent Relocate 1.777ms
[2025-12-18T08:24:38.482+0530][info][gc,load     ] GC(35) Load: 0.00/0.00/0.00
[2025-12-18T08:24:38.482+0530][info][gc,mmu      ] GC(35) MMU: 2ms/93.3%, 5ms/97.1%, 10ms/98.6%, 20ms/99.3%, 50ms/99.7%, 100ms/99.8%
[2025-12-18T08:24:38.482+0530][info][gc,marking  ] GC(35) Mark: 2 stripe(s), 2 proactive flush(es), 1 terminate flush(es), 1 completion(s), 0 continuation(s) 
[2025-12-18T08:24:38.482+0530][info][gc,marking  ] GC(35) Mark Stack Usage: 32M
[2025-12-18T08:24:38.482+0530][info][gc,nmethod  ] GC(35) NMethods: 593 registered, 64 unregistered
[2025-12-18T08:24:38.482+0530][info][gc,metaspace] GC(35) Metaspace: 3M used, 4M committed, 1088M reserved
[2025-12-18T08:24:38.482+0530][info][gc,ref      ] GC(35) Soft: 157 encountered, 77 discovered, 0 enqueued
[2025-12-18T08:24:38.482+0530][info][gc,ref      ] GC(35) Weak: 539 encountered, 4 discovered, 0 enqueued
[2025-12-18T08:24:38.482+0530][info][gc,ref      ] GC(35) Final: 0 encountered, 0 discovered, 0 enqueued
[2025-12-18T08:24:38.482+0530][info][gc,ref      ] GC(35) Phantom: 7 encountered, 3 discovered, 0 enqueued
[2025-12-18T08:24:38.482+0530][info][gc,reloc    ] GC(35) Small Pages: 211 / 422M, Empty: 144M, Relocated: 1M, In-Place: 0
[2025-12-18T08:24:38.482+0530][info][gc,reloc    ] GC(35) Medium Pages: 1 / 16M, Empty: 0M, Relocated: 0M, In-Place: 0
[2025-12-18T08:24:38.482+0530][info][gc,reloc    ] GC(35) Large Pages: 1 / 6M, Empty: 0M, Relocated: 0M, In-Place: 0
[2025-12-18T08:24:38.482+0530][info][gc,reloc    ] GC(35) Forwarding Usage: 0M
[2025-12-18T08:24:38.482+0530][info][gc,heap     ] GC(35) Min Capacity: 512M(100%)
[2025-12-18T08:24:38.482+0530][info][gc,heap     ] GC(35) Max Capacity: 512M(100%)
[2025-12-18T08:24:38.482+0530][info][gc,heap     ] GC(35) Soft Max Capacity: 512M(100%)
[2025-12-18T08:24:38.482+0530][info][gc,heap     ] GC(35)                Mark Start          Mark End        Relocate Start      Relocate End           High               Low         
[2025-12-18T08:24:38.482+0530][info][gc,heap     ] GC(35)  Capacity:      512M (100%)        512M (100%)        512M (100%)        512M (100%)        512M (100%)        512M (100%)   
[2025-12-18T08:24:38.482+0530][info][gc,heap     ] GC(35)      Free:       68M (13%)           0M (0%)          130M (25%)         144M (28%)         144M (28%)           0M (0%)     
[2025-12-18T08:24:38.482+0530][info][gc,heap     ] GC(35)      Used:      444M (87%)         512M (100%)        382M (75%)         368M (72%)         512M (100%)        368M (72%)    
[2025-12-18T08:24:38.482+0530][info][gc,heap     ] GC(35)      Live:         -               248M (48%)         248M (48%)         248M (48%)            -                  -          
[2025-12-18T08:24:38.482+0530][info][gc,heap     ] GC(35) Allocated:         -                68M (13%)          82M (16%)          99M (20%)            -                  -          
[2025-12-18T08:24:38.482+0530][info][gc,heap     ] GC(35)   Garbage:         -               195M (38%)          51M (10%)          20M (4%)             -                  -          
[2025-12-18T08:24:38.482+0530][info][gc,heap     ] GC(35) Reclaimed:         -                  -               144M (28%)         175M (34%)            -                  -          
[2025-12-18T08:24:38.482+0530][info][gc          ] GC(35) Garbage Collection (Allocation Stall) 444M(87%)->368M(72%)
[2025-12-18T08:24:38.516+0530][info][gc,start    ] GC(36) Garbage Collection (Allocation Stall)
[2025-12-18T08:24:38.516+0530][info][gc,ref      ] GC(36) Clearing All SoftReferences
[2025-12-18T08:24:38.516+0530][info][gc,task     ] GC(36) Using 2 workers
[2025-12-18T08:24:38.516+0530][info][gc,ref      ] GC(36) Clearing All SoftReferences
[2025-12-18T08:24:38.516+0530][info][gc,phases   ] GC(36) Pause Mark Start 0.046ms
[2025-12-18T08:24:38.652+0530][info][gc,phases   ] GC(36) Concurrent Mark 127.820ms
[2025-12-18T08:24:38.652+0530][info][gc,phases   ] GC(36) Pause Mark End 0.094ms
[2025-12-18T08:24:38.652+0530][info][gc,phases   ] GC(36) Concurrent Mark Free 0.001ms
[2025-12-18T08:24:38.653+0530][info][gc,phases   ] GC(36) Concurrent Process Non-Strong References 1.044ms
[2025-12-18T08:24:38.653+0530][info][gc,phases   ] GC(36) Concurrent Reset Relocation Set 0.003ms
[2025-12-18T08:24:38.656+0530][info][gc          ] Allocation Stall (Worker-5) 56.327ms
[2025-12-18T08:24:38.656+0530][info][gc          ] Allocation Stall (Worker-1) 53.873ms
[2025-12-18T08:24:38.656+0530][info][gc          ] Allocation Stall (Worker-4) 52.584ms
[2025-12-18T08:24:38.656+0530][info][gc          ] Allocation Stall (Worker-3) 49.383ms
[2025-12-18T08:24:38.656+0530][info][gc          ] Allocation Stall (Worker-7) 59.385ms
[2025-12-18T08:24:38.656+0530][info][gc          ] Allocation Stall (Worker-2) 58.502ms
[2025-12-18T08:24:38.656+0530][info][gc          ] Allocation Stall (Worker-6) 58.031ms
[2025-12-18T08:24:38.656+0530][info][gc          ] Allocation Stall (Worker-0) 57.389ms
[2025-12-18T08:24:38.656+0530][info][gc,phases   ] GC(36) Concurrent Select Relocation Set 3.087ms
[2025-12-18T08:24:38.657+0530][info][gc,phases   ] GC(36) Pause Relocate Start 0.012ms
[2025-12-18T08:24:38.662+0530][info][gc,phases   ] GC(36) Concurrent Relocate 1.575ms
[2025-12-18T08:24:38.662+0530][info][gc,load     ] GC(36) Load: 0.00/0.00/0.00
[2025-12-18T08:24:38.662+0530][info][gc,mmu      ] GC(36) MMU: 2ms/93.3%, 5ms/97.1%, 10ms/98.6%, 20ms/99.3%, 50ms/99.7%, 100ms/99.8%
[2025-12-18T08:24:38.662+0530][info][gc,marking  ] GC(36) Mark: 2 stripe(s), 2 proactive flush(es), 1 terminate flush(es), 1 completion(s), 0 continuation(s) 
[2025-12-18T08:24:38.662+0530][info][gc,marking  ] GC(36) Mark Stack Usage: 32M
[2025-12-18T08:24:38.662+0530][info][gc,nmethod  ] GC(36) NMethods: 593 registered, 64 unregistered
[2025-12-18T08:24:38.662+0530][info][gc,metaspace] GC(36) Metaspace: 3M used, 4M committed, 1088M reserved
[2025-12-18T08:24:38.662+0530][info][gc,ref      ] GC(36) Soft: 157 encountered, 88 discovered, 0 enqueued
[2025-12-18T08:24:38.662+0530][info][gc,ref      ] GC(36) Weak: 539 encountered, 413 discovered, 0 enqueued
[2025-12-18T08:24:38.662+0530][info][gc,ref      ] GC(36) Final: 0 encountered, 0 discovered, 0 enqueued
[2025-12-18T08:24:38.662+0530][info][gc,ref      ] GC(36) Phantom: 7 encountered, 5 discovered, 0 enqueued
[2025-12-18T08:24:38.662+0530][info][gc,reloc    ] GC(36) Small Pages: 201 / 402M, Empty: 106M, Relocated: 1M, In-Place: 0
[2025-12-18T08:24:38.662+0530][info][gc,reloc    ] GC(36) Medium Pages: 1 / 16M, Empty: 0M, Relocated: 0M, In-Place: 0
[2025-12-18T08:24:38.662+0530][info][gc,reloc    ] GC(36) Large Pages: 1 / 6M, Empty: 0M, Relocated: 0M, In-Place: 0
[2025-12-18T08:24:38.662+0530][info][gc,reloc    ] GC(36) Forwarding Usage: 0M
[2025-12-18T08:24:38.662+0530][info][gc,heap     ] GC(36) Min Capacity: 512M(100%)
[2025-12-18T08:24:38.662+0530][info][gc,heap     ] GC(36) Max Capacity: 512M(100%)
[2025-12-18T08:24:38.662+0530][info][gc,heap     ] GC(36) Soft Max Capacity: 512M(100%)
[2025-12-18T08:24:38.662+0530][info][gc,heap     ] GC(36)                Mark Start          Mark End        Relocate Start      Relocate End           High               Low         
[2025-12-18T08:24:38.662+0530][info][gc,heap     ] GC(36)  Capacity:      512M (100%)        512M (100%)        512M (100%)        512M (100%)        512M (100%)        512M (100%)   
[2025-12-18T08:24:38.662+0530][info][gc,heap     ] GC(36)      Free:       88M (17%)           0M (0%)           92M (18%)         140M (27%)         140M (27%)           0M (0%)     
[2025-12-18T08:24:38.662+0530][info][gc,heap     ] GC(36)      Used:      424M (83%)         512M (100%)        420M (82%)         372M (73%)         512M (100%)        372M (73%)    
[2025-12-18T08:24:38.662+0530][info][gc,heap     ] GC(36)      Live:         -               248M (48%)         248M (48%)         248M (48%)            -                  -          
[2025-12-18T08:24:38.662+0530][info][gc,heap     ] GC(36) Allocated:         -                88M (17%)         102M (20%)         103M (20%)            -                  -          
[2025-12-18T08:24:38.662+0530][info][gc,heap     ] GC(36)   Garbage:         -               175M (34%)          69M (14%)          19M (4%)             -                  -          
[2025-12-18T08:24:38.662+0530][info][gc,heap     ] GC(36) Reclaimed:         -                  -               106M (21%)         155M (30%)            -                  -          
[2025-12-18T08:24:38.662+0530][info][gc          ] GC(36) Garbage Collection (Allocation Stall) 424M(83%)->372M(73%)
[2025-12-18T08:24:38.717+0530][info][gc,start    ] GC(37) Garbage Collection (Allocation Stall)
[2025-12-18T08:24:38.717+0530][info][gc,ref      ] GC(37) Clearing All SoftReferences
[2025-12-18T08:24:38.717+0530][info][gc,task     ] GC(37) Using 2 workers
[2025-12-18T08:24:38.717+0530][info][gc,ref      ] GC(37) Clearing All SoftReferences
[2025-12-18T08:24:38.717+0530][info][gc,phases   ] GC(37) Pause Mark Start 0.089ms
[2025-12-18T08:24:38.852+0530][info][gc,phases   ] GC(37) Concurrent Mark 128.914ms
[2025-12-18T08:24:38.852+0530][info][gc,phases   ] GC(37) Pause Mark End 0.096ms
[2025-12-18T08:24:38.852+0530][info][gc,phases   ] GC(37) Concurrent Mark Free 0.001ms
[2025-12-18T08:24:38.853+0530][info][gc,phases   ] GC(37) Concurrent Process Non-Strong References 0.993ms
[2025-12-18T08:24:38.853+0530][info][gc,phases   ] GC(37) Concurrent Reset Relocation Set 0.004ms
[2025-12-18T08:24:38.853+0530][info][gc          ] Allocation Stall (Worker-1) 71.928ms
[2025-12-18T08:24:38.853+0530][info][gc          ] Allocation Stall (Worker-7) 72.510ms
[2025-12-18T08:24:38.853+0530][info][gc          ] Allocation Stall (Worker-0) 69.699ms
[2025-12-18T08:24:38.853+0530][info][gc          ] Allocation Stall (JFR Periodic Tasks) 67.690ms
[2025-12-18T08:24:38.853+0530][info][gc          ] Allocation Stall (Worker-2) 78.471ms
[2025-12-18T08:24:38.853+0530][info][gc          ] Allocation Stall (Worker-5) 76.656ms
[2025-12-18T08:24:38.853+0530][info][gc          ] Allocation Stall (Worker-4) 76.632ms
[2025-12-18T08:24:38.853+0530][info][gc          ] Allocation Stall (Worker-3) 74.868ms
[2025-12-18T08:24:38.853+0530][info][gc          ] Allocation Stall (Worker-6) 75.412ms
[2025-12-18T08:24:38.857+0530][info][gc,phases   ] GC(37) Concurrent Select Relocation Set 3.698ms
[2025-12-18T08:24:38.857+0530][info][gc,phases   ] GC(37) Pause Relocate Start 0.010ms
[2025-12-18T08:24:38.888+0530][info][gc,phases   ] GC(37) Concurrent Relocate 1.775ms
[2025-12-18T08:24:38.888+0530][info][gc,load     ] GC(37) Load: 0.00/0.00/0.00
[2025-12-18T08:24:38.888+0530][info][gc,mmu      ] GC(37) MMU: 2ms/93.3%, 5ms/97.1%, 10ms/98.6%, 20ms/99.3%, 50ms/99.7%, 100ms/99.8%
[2025-12-18T08:24:38.888+0530][info][gc,marking  ] GC(37) Mark: 2 stripe(s), 2 proactive flush(es), 1 terminate flush(es), 1 completion(s), 0 continuation(s) 
[2025-12-18T08:24:38.888+0530][info][gc,marking  ] GC(37) Mark Stack Usage: 32M
[2025-12-18T08:24:38.888+0530][info][gc,nmethod  ] GC(37) NMethods: 593 registered, 64 unregistered
[2025-12-18T08:24:38.888+0530][info][gc,metaspace] GC(37) Metaspace: 3M used, 4M committed, 1088M reserved
[2025-12-18T08:24:38.888+0530][info][gc,ref      ] GC(37) Soft: 157 encountered, 76 discovered, 0 enqueued
[2025-12-18T08:24:38.888+0530][info][gc,ref      ] GC(37) Weak: 539 encountered, 4 discovered, 0 enqueued
[2025-12-18T08:24:38.888+0530][info][gc,ref      ] GC(37) Final: 0 encountered, 0 discovered, 0 enqueued
[2025-12-18T08:24:38.888+0530][info][gc,ref      ] GC(37) Phantom: 7 encountered, 3 discovered, 0 enqueued
[2025-12-18T08:24:38.888+0530][info][gc,reloc    ] GC(37) Small Pages: 214 / 428M, Empty: 150M, Relocated: 1M, In-Place: 0
[2025-12-18T08:24:38.888+0530][info][gc,reloc    ] GC(37) Medium Pages: 1 / 16M, Empty: 0M, Relocated: 0M, In-Place: 0
[2025-12-18T08:24:38.888+0530][info][gc,reloc    ] GC(37) Large Pages: 1 / 6M, Empty: 0M, Relocated: 0M, In-Place: 0
[2025-12-18T08:24:38.888+0530][info][gc,reloc    ] GC(37) Forwarding Usage: 0M
[2025-12-18T08:24:38.888+0530][info][gc,heap     ] GC(37) Min Capacity: 512M(100%)
[2025-12-18T08:24:38.888+0530][info][gc,heap     ] GC(37) Max Capacity: 512M(100%)
[2025-12-18T08:24:38.888+0530][info][gc,heap     ] GC(37) Soft Max Capacity: 512M(100%)
[2025-12-18T08:24:38.888+0530][info][gc,heap     ] GC(37)                Mark Start          Mark End        Relocate Start      Relocate End           High               Low         
[2025-12-18T08:24:38.888+0530][info][gc,heap     ] GC(37)  Capacity:      512M (100%)        512M (100%)        512M (100%)        512M (100%)        512M (100%)        512M (100%)   
[2025-12-18T08:24:38.888+0530][info][gc,heap     ] GC(37)      Free:       62M (12%)           0M (0%)          136M (27%)         128M (25%)         136M (27%)           0M (0%)     
[2025-12-18T08:24:38.888+0530][info][gc,heap     ] GC(37)      Used:      450M (88%)         512M (100%)        376M (73%)         384M (75%)         512M (100%)        376M (73%)    
[2025-12-18T08:24:38.888+0530][info][gc,heap     ] GC(37)      Live:         -               248M (48%)         248M (48%)         248M (48%)            -                  -          
[2025-12-18T08:24:38.888+0530][info][gc,heap     ] GC(37) Allocated:         -                62M (12%)          76M (15%)         115M (23%)            -                  -          
[2025-12-18T08:24:38.888+0530][info][gc,heap     ] GC(37)   Garbage:         -               201M (39%)          51M (10%)          20M (4%)             -                  -          
[2025-12-18T08:24:38.888+0530][info][gc,heap     ] GC(37) Reclaimed:         -                  -               150M (29%)         181M (36%)            -                  -          
[2025-12-18T08:24:38.888+0530][info][gc          ] GC(37) Garbage Collection (Allocation Stall) 450M(88%)->384M(75%)
[2025-12-18T08:24:38.917+0530][info][gc,start    ] GC(38) Garbage Collection (Allocation Stall)
[2025-12-18T08:24:38.917+0530][info][gc,ref      ] GC(38) Clearing All SoftReferences
[2025-12-18T08:24:38.917+0530][info][gc,task     ] GC(38) Using 2 workers
[2025-12-18T08:24:38.920+0530][info][gc,ref      ] GC(38) Clearing All SoftReferences
[2025-12-18T08:24:38.920+0530][info][gc,phases   ] GC(38) Pause Mark Start 0.083ms
[2025-12-18T08:24:39.064+0530][info][gc,phases   ] GC(38) Concurrent Mark 139.992ms
[2025-12-18T08:24:39.064+0530][info][gc,phases   ] GC(38) Pause Mark End 0.092ms
[2025-12-18T08:24:39.064+0530][info][gc,phases   ] GC(38) Concurrent Mark Free 0.002ms
[2025-12-18T08:24:39.065+0530][info][gc,phases   ] GC(38) Concurrent Process Non-Strong References 1.042ms
[2025-12-18T08:24:39.065+0530][info][gc,phases   ] GC(38) Concurrent Reset Relocation Set 0.003ms
[2025-12-18T08:24:39.068+0530][info][gc          ] Allocation Stall (Worker-1) 54.933ms
[2025-12-18T08:24:39.068+0530][info][gc          ] Allocation Stall (Worker-4) 54.198ms
[2025-12-18T08:24:39.068+0530][info][gc          ] Allocation Stall (Worker-7) 50.532ms
[2025-12-18T08:24:39.068+0530][info][gc          ] Allocation Stall (Worker-0) 59.373ms
[2025-12-18T08:24:39.068+0530][info][gc          ] Allocation Stall (Worker-3) 58.875ms
[2025-12-18T08:24:39.068+0530][info][gc          ] Allocation Stall (Worker-2) 57.598ms
[2025-12-18T08:24:39.068+0530][info][gc          ] Allocation Stall (Worker-5) 57.023ms
[2025-12-18T08:24:39.068+0530][info][gc          ] Allocation Stall (Worker-6) 56.747ms
[2025-12-18T08:24:39.068+0530][info][gc,phases   ] GC(38) Concurrent Select Relocation Set 3.155ms
[2025-12-18T08:24:39.069+0530][info][gc,phases   ] GC(38) Pause Relocate Start 0.011ms
[2025-12-18T08:24:39.092+0530][info][gc,phases   ] GC(38) Concurrent Relocate 1.796ms
[2025-12-18T08:24:39.092+0530][info][gc,load     ] GC(38) Load: 0.00/0.00/0.00
[2025-12-18T08:24:39.092+0530][info][gc,mmu      ] GC(38) MMU: 2ms/93.3%, 5ms/97.1%, 10ms/98.6%, 20ms/99.3%, 50ms/99.7%, 100ms/99.8%
[2025-12-18T08:24:39.092+0530][info][gc,marking  ] GC(38) Mark: 2 stripe(s), 2 proactive flush(es), 1 terminate flush(es), 1 completion(s), 0 continuation(s) 
[2025-12-18T08:24:39.092+0530][info][gc,marking  ] GC(38) Mark Stack Usage: 32M
[2025-12-18T08:24:39.092+0530][info][gc,nmethod  ] GC(38) NMethods: 594 registered, 64 unregistered
[2025-12-18T08:24:39.092+0530][info][gc,metaspace] GC(38) Metaspace: 3M used, 4M committed, 1088M reserved
[2025-12-18T08:24:39.092+0530][info][gc,ref      ] GC(38) Soft: 157 encountered, 77 discovered, 0 enqueued
[2025-12-18T08:24:39.092+0530][info][gc,ref      ] GC(38) Weak: 539 encountered, 4 discovered, 0 enqueued
[2025-12-18T08:24:39.092+0530][info][gc,ref      ] GC(38) Final: 0 encountered, 0 discovered, 0 enqueued
[2025-12-18T08:24:39.092+0530][info][gc,ref      ] GC(38) Phantom: 7 encountered, 2 discovered, 0 enqueued
[2025-12-18T08:24:39.092+0530][info][gc,reloc    ] GC(38) Small Pages: 203 / 406M, Empty: 90M, Relocated: 1M, In-Place: 0
[2025-12-18T08:24:39.092+0530][info][gc,reloc    ] GC(38) Medium Pages: 1 / 16M, Empty: 0M, Relocated: 0M, In-Place: 0
[2025-12-18T08:24:39.092+0530][info][gc,reloc    ] GC(38) Large Pages: 1 / 6M, Empty: 0M, Relocated: 0M, In-Place: 0
[2025-12-18T08:24:39.092+0530][info][gc,reloc    ] GC(38) Forwarding Usage: 0M
[2025-12-18T08:24:39.092+0530][info][gc,heap     ] GC(38) Min Capacity: 512M(100%)
[2025-12-18T08:24:39.092+0530][info][gc,heap     ] GC(38) Max Capacity: 512M(100%)
[2025-12-18T08:24:39.092+0530][info][gc,heap     ] GC(38) Soft Max Capacity: 512M(100%)
[2025-12-18T08:24:39.092+0530][info][gc,heap     ] GC(38)                Mark Start          Mark End        Relocate Start      Relocate End           High               Low         
[2025-12-18T08:24:39.092+0530][info][gc,heap     ] GC(38)  Capacity:      512M (100%)        512M (100%)        512M (100%)        512M (100%)        512M (100%)        512M (100%)   
[2025-12-18T08:24:39.092+0530][info][gc,heap     ] GC(38)      Free:       84M (16%)           0M (0%)           76M (15%)         128M (25%)         128M (25%)           0M (0%)     
[2025-12-18T08:24:39.092+0530][info][gc,heap     ] GC(38)      Used:      428M (84%)         512M (100%)        436M (85%)         384M (75%)         512M (100%)        384M (75%)    
[2025-12-18T08:24:39.092+0530][info][gc,heap     ] GC(38)      Live:         -               248M (48%)         248M (48%)         248M (48%)            -                  -          
[2025-12-18T08:24:39.092+0530][info][gc,heap     ] GC(38) Allocated:         -                84M (16%)          98M (19%)         115M (23%)            -                  -          
[2025-12-18T08:24:39.092+0530][info][gc,heap     ] GC(38)   Garbage:         -               179M (35%)          89M (18%)          20M (4%)             -                  -          
[2025-12-18T08:24:39.092+0530][info][gc,heap     ] GC(38) Reclaimed:         -                  -                90M (18%)         159M (31%)            -                  -          
[2025-12-18T08:24:39.092+0530][info][gc          ] GC(38) Garbage Collection (Allocation Stall) 428M(84%)->384M(75%)
[2025-12-18T08:24:39.117+0530][info][gc,start    ] GC(39) Garbage Collection (Allocation Stall)
[2025-12-18T08:24:39.117+0530][info][gc,ref      ] GC(39) Clearing All SoftReferences
[2025-12-18T08:24:39.117+0530][info][gc,task     ] GC(39) Using 2 workers
[2025-12-18T08:24:39.117+0530][info][gc,ref      ] GC(39) Clearing All SoftReferences
[2025-12-18T08:24:39.117+0530][info][gc,phases   ] GC(39) Pause Mark Start 0.040ms
[2025-12-18T08:24:39.252+0530][info][gc,phases   ] GC(39) Concurrent Mark 118.935ms
[2025-12-18T08:24:39.252+0530][info][gc,phases   ] GC(39) Pause Mark End 0.096ms
[2025-12-18T08:24:39.252+0530][info][gc,phases   ] GC(39) Concurrent Mark Free 0.001ms
[2025-12-18T08:24:39.253+0530][info][gc,phases   ] GC(39) Concurrent Process Non-Strong References 1.024ms
[2025-12-18T08:24:39.253+0530][info][gc,phases   ] GC(39) Concurrent Reset Relocation Set 0.005ms
[2025-12-18T08:24:39.256+0530][info][gc          ] Allocation Stall (Worker-1) 64.166ms
[2025-12-18T08:24:39.256+0530][info][gc          ] Allocation Stall (Worker-6) 63.643ms
[2025-12-18T08:24:39.256+0530][info][gc          ] Allocation Stall (Worker-7) 61.198ms
[2025-12-18T08:24:39.256+0530][info][gc          ] Allocation Stall (Worker-2) 70.630ms
[2025-12-18T08:24:39.256+0530][info][gc          ] Allocation Stall (Worker-3) 68.882ms
[2025-12-18T08:24:39.256+0530][info][gc          ] Allocation Stall (Worker-4) 67.042ms
[2025-12-18T08:24:39.256+0530][info][gc          ] Allocation Stall (Worker-5) 65.416ms
[2025-12-18T08:24:39.256+0530][info][gc          ] Allocation Stall (Worker-0) 64.343ms
[2025-12-18T08:24:39.256+0530][info][gc,phases   ] GC(39) Concurrent Select Relocation Set 3.135ms
[2025-12-18T08:24:39.257+0530][info][gc,phases   ] GC(39) Pause Relocate Start 0.010ms
[2025-12-18T08:24:39.263+0530][info][gc,phases   ] GC(39) Concurrent Relocate 1.568ms
[2025-12-18T08:24:39.263+0530][info][gc,load     ] GC(39) Load: 0.00/0.00/0.00
[2025-12-18T08:24:39.263+0530][info][gc,mmu      ] GC(39) MMU: 2ms/93.3%, 5ms/97.1%, 10ms/98.6%, 20ms/99.3%, 50ms/99.7%, 100ms/99.8%
[2025-12-18T08:24:39.263+0530][info][gc,marking  ] GC(39) Mark: 2 stripe(s), 2 proactive flush(es), 1 terminate flush(es), 1 completion(s), 0 continuation(s) 
[2025-12-18T08:24:39.263+0530][info][gc,marking  ] GC(39) Mark Stack Usage: 32M
[2025-12-18T08:24:39.263+0530][info][gc,nmethod  ] GC(39) NMethods: 594 registered, 64 unregistered
[2025-12-18T08:24:39.263+0530][info][gc,metaspace] GC(39) Metaspace: 3M used, 4M committed, 1088M reserved
[2025-12-18T08:24:39.263+0530][info][gc,ref      ] GC(39) Soft: 157 encountered, 70 discovered, 0 enqueued
[2025-12-18T08:24:39.263+0530][info][gc,ref      ] GC(39) Weak: 539 encountered, 6 discovered, 0 enqueued
[2025-12-18T08:24:39.263+0530][info][gc,ref      ] GC(39) Final: 0 encountered, 0 discovered, 0 enqueued
[2025-12-18T08:24:39.263+0530][info][gc,ref      ] GC(39) Phantom: 7 encountered, 3 discovered, 0 enqueued
[2025-12-18T08:24:39.263+0530][info][gc,reloc    ] GC(39) Small Pages: 202 / 404M, Empty: 110M, Relocated: 1M, In-Place: 0
[2025-12-18T08:24:39.263+0530][info][gc,reloc    ] GC(39) Medium Pages: 1 / 16M, Empty: 0M, Relocated: 0M, In-Place: 0
[2025-12-18T08:24:39.263+0530][info][gc,reloc    ] GC(39) Large Pages: 1 / 6M, Empty: 0M, Relocated: 0M, In-Place: 0
[2025-12-18T08:24:39.263+0530][info][gc,reloc    ] GC(39) Forwarding Usage: 0M
[2025-12-18T08:24:39.263+0530][info][gc,heap     ] GC(39) Min Capacity: 512M(100%)
[2025-12-18T08:24:39.264+0530][info][gc,heap     ] GC(39) Max Capacity: 512M(100%)
[2025-12-18T08:24:39.264+0530][info][gc,heap     ] GC(39) Soft Max Capacity: 512M(100%)
[2025-12-18T08:24:39.264+0530][info][gc,heap     ] GC(39)                Mark Start          Mark End        Relocate Start      Relocate End           High               Low         
[2025-12-18T08:24:39.264+0530][info][gc,heap     ] GC(39)  Capacity:      512M (100%)        512M (100%)        512M (100%)        512M (100%)        512M (100%)        512M (100%)   
[2025-12-18T08:24:39.264+0530][info][gc,heap     ] GC(39)      Free:       86M (17%)           0M (0%)           96M (19%)         142M (28%)         142M (28%)           0M (0%)     
[2025-12-18T08:24:39.264+0530][info][gc,heap     ] GC(39)      Used:      426M (83%)         512M (100%)        416M (81%)         370M (72%)         512M (100%)        370M (72%)    
[2025-12-18T08:24:39.264+0530][info][gc,heap     ] GC(39)      Live:         -               248M (48%)         248M (48%)         248M (48%)            -                  -          
[2025-12-18T08:24:39.264+0530][info][gc,heap     ] GC(39) Allocated:         -                86M (17%)         100M (20%)         101M (20%)            -                  -          
[2025-12-18T08:24:39.264+0530][info][gc,heap     ] GC(39)   Garbage:         -               177M (35%)          67M (13%)          19M (4%)             -                  -          
[2025-12-18T08:24:39.264+0530][info][gc,heap     ] GC(39) Reclaimed:         -                  -               110M (21%)         157M (31%)            -                  -          
[2025-12-18T08:24:39.264+0530][info][gc          ] GC(39) Garbage Collection (Allocation Stall) 426M(83%)->370M(72%)
[2025-12-18T08:24:39.317+0530][info][gc,start    ] GC(40) Garbage Collection (Allocation Stall)
[2025-12-18T08:24:39.317+0530][info][gc,ref      ] GC(40) Clearing All SoftReferences
[2025-12-18T08:24:39.317+0530][info][gc,task     ] GC(40) Using 2 workers
[2025-12-18T08:24:39.317+0530][info][gc,ref      ] GC(40) Clearing All SoftReferences
[2025-12-18T08:24:39.317+0530][info][gc,phases   ] GC(40) Pause Mark Start 0.066ms
[2025-12-18T08:24:39.447+0530][info][gc,phases   ] GC(40) Concurrent Mark 124.922ms
[2025-12-18T08:24:39.447+0530][info][gc,phases   ] GC(40) Pause Mark End 0.022ms
[2025-12-18T08:24:39.447+0530][info][gc,phases   ] GC(40) Concurrent Mark Free 0.002ms
[2025-12-18T08:24:39.448+0530][info][gc,phases   ] GC(40) Concurrent Process Non-Strong References 1.026ms
[2025-12-18T08:24:39.448+0530][info][gc,phases   ] GC(40) Concurrent Reset Relocation Set 0.004ms
[2025-12-18T08:24:39.448+0530][info][gc          ] Allocation Stall (Worker-1) 69.976ms
[2025-12-18T08:24:39.448+0530][info][gc          ] Allocation Stall (Worker-2) 68.429ms
[2025-12-18T08:24:39.448+0530][info][gc          ] Allocation Stall (Worker-4) 76.830ms
[2025-12-18T08:24:39.448+0530][info][gc          ] Allocation Stall (Worker-3) 75.456ms
[2025-12-18T08:24:39.448+0530][info][gc          ] Allocation Stall (Worker-6) 74.989ms
[2025-12-18T08:24:39.448+0530][info][gc          ] Allocation Stall (Worker-0) 75.009ms
[2025-12-18T08:24:39.448+0530][info][gc          ] Allocation Stall (Worker-7) 74.109ms
[2025-12-18T08:24:39.448+0530][info][gc          ] Allocation Stall (Worker-5) 73.105ms
[2025-12-18T08:24:39.452+0530][info][gc,phases   ] GC(40) Concurrent Select Relocation Set 3.941ms
[2025-12-18T08:24:39.452+0530][info][gc,phases   ] GC(40) Pause Relocate Start 0.011ms
[2025-12-18T08:24:39.463+0530][info][gc,phases   ] GC(40) Concurrent Relocate 1.696ms
[2025-12-18T08:24:39.463+0530][info][gc,load     ] GC(40) Load: 0.00/0.00/0.00
[2025-12-18T08:24:39.463+0530][info][gc,mmu      ] GC(40) MMU: 2ms/93.3%, 5ms/97.1%, 10ms/98.6%, 20ms/99.3%, 50ms/99.7%, 100ms/99.8%
[2025-12-18T08:24:39.463+0530][info][gc,marking  ] GC(40) Mark: 2 stripe(s), 2 proactive flush(es), 1 terminate flush(es), 0 completion(s), 0 continuation(s) 
[2025-12-18T08:24:39.463+0530][info][gc,marking  ] GC(40) Mark Stack Usage: 32M
[2025-12-18T08:24:39.463+0530][info][gc,nmethod  ] GC(40) NMethods: 594 registered, 64 unregistered
[2025-12-18T08:24:39.464+0530][info][gc,metaspace] GC(40) Metaspace: 3M used, 4M committed, 1088M reserved
[2025-12-18T08:24:39.464+0530][info][gc,ref      ] GC(40) Soft: 157 encountered, 71 discovered, 0 enqueued
[2025-12-18T08:24:39.464+0530][info][gc,ref      ] GC(40) Weak: 539 encountered, 7 discovered, 0 enqueued
[2025-12-18T08:24:39.464+0530][info][gc,ref      ] GC(40) Final: 0 encountered, 0 discovered, 0 enqueued
[2025-12-18T08:24:39.464+0530][info][gc,ref      ] GC(40) Phantom: 7 encountered, 3 discovered, 0 enqueued
[2025-12-18T08:24:39.464+0530][info][gc,reloc    ] GC(40) Small Pages: 214 / 428M, Empty: 150M, Relocated: 1M, In-Place: 0
[2025-12-18T08:24:39.464+0530][info][gc,reloc    ] GC(40) Medium Pages: 1 / 16M, Empty: 0M, Relocated: 0M, In-Place: 0
[2025-12-18T08:24:39.464+0530][info][gc,reloc    ] GC(40) Large Pages: 1 / 6M, Empty: 0M, Relocated: 0M, In-Place: 0
[2025-12-18T08:24:39.464+0530][info][gc,reloc    ] GC(40) Forwarding Usage: 0M
[2025-12-18T08:24:39.464+0530][info][gc,heap     ] GC(40) Min Capacity: 512M(100%)
[2025-12-18T08:24:39.464+0530][info][gc,heap     ] GC(40) Max Capacity: 512M(100%)
[2025-12-18T08:24:39.464+0530][info][gc,heap     ] GC(40) Soft Max Capacity: 512M(100%)
[2025-12-18T08:24:39.464+0530][info][gc,heap     ] GC(40)                Mark Start          Mark End        Relocate Start      Relocate End           High               Low         
[2025-12-18T08:24:39.464+0530][info][gc,heap     ] GC(40)  Capacity:      512M (100%)        512M (100%)        512M (100%)        512M (100%)        512M (100%)        512M (100%)   
[2025-12-18T08:24:39.464+0530][info][gc,heap     ] GC(40)      Free:       62M (12%)           0M (0%)          136M (27%)         154M (30%)         154M (30%)           0M (0%)     
[2025-12-18T08:24:39.464+0530][info][gc,heap     ] GC(40)      Used:      450M (88%)         512M (100%)        376M (73%)         358M (70%)         512M (100%)        358M (70%)    
[2025-12-18T08:24:39.464+0530][info][gc,heap     ] GC(40)      Live:         -               248M (48%)         248M (48%)         248M (48%)            -                  -          
[2025-12-18T08:24:39.464+0530][info][gc,heap     ] GC(40) Allocated:         -                62M (12%)          76M (15%)          89M (18%)            -                  -          
[2025-12-18T08:24:39.464+0530][info][gc,heap     ] GC(40)   Garbage:         -               201M (39%)          51M (10%)          19M (4%)             -                  -          
[2025-12-18T08:24:39.464+0530][info][gc,heap     ] GC(40) Reclaimed:         -                  -               150M (29%)         181M (36%)            -                  -          
[2025-12-18T08:24:39.464+0530][info][gc          ] GC(40) Garbage Collection (Allocation Stall) 450M(88%)->358M(70%)
[2025-12-18T08:24:39.517+0530][info][gc,start    ] GC(41) Garbage Collection (Allocation Stall)
[2025-12-18T08:24:39.517+0530][info][gc,ref      ] GC(41) Clearing All SoftReferences
[2025-12-18T08:24:39.517+0530][info][gc,task     ] GC(41) Using 2 workers
[2025-12-18T08:24:39.517+0530][info][gc,ref      ] GC(41) Clearing All SoftReferences
[2025-12-18T08:24:39.517+0530][info][gc,phases   ] GC(41) Pause Mark Start 0.042ms
[2025-12-18T08:24:39.649+0530][info][gc,phases   ] GC(41) Concurrent Mark 129.174ms
[2025-12-18T08:24:39.649+0530][info][gc,phases   ] GC(41) Pause Mark End 0.025ms
[2025-12-18T08:24:39.649+0530][info][gc,phases   ] GC(41) Concurrent Mark Free 0.001ms
[2025-12-18T08:24:39.650+0530][info][gc,phases   ] GC(41) Concurrent Process Non-Strong References 1.028ms
[2025-12-18T08:24:39.650+0530][info][gc,phases   ] GC(41) Concurrent Reset Relocation Set 0.002ms
[2025-12-18T08:24:39.653+0530][info][gc          ] Allocation Stall (Worker-4) 64.190ms
[2025-12-18T08:24:39.653+0530][info][gc          ] Allocation Stall (Worker-1) 62.280ms
[2025-12-18T08:24:39.653+0530][info][gc          ] Allocation Stall (Worker-2) 61.590ms
[2025-12-18T08:24:39.653+0530][info][gc          ] Allocation Stall (Worker-5) 58.367ms
[2025-12-18T08:24:39.653+0530][info][gc          ] Allocation Stall (Worker-6) 68.469ms
[2025-12-18T08:24:39.653+0530][info][gc          ] Allocation Stall (Worker-7) 66.478ms
[2025-12-18T08:24:39.653+0530][info][gc          ] Allocation Stall (Worker-3) 65.918ms
[2025-12-18T08:24:39.653+0530][info][gc          ] Allocation Stall (Worker-0) 65.006ms
[2025-12-18T08:24:39.653+0530][info][gc,phases   ] GC(41) Concurrent Select Relocation Set 2.984ms
[2025-12-18T08:24:39.654+0530][info][gc,phases   ] GC(41) Pause Relocate Start 0.010ms
[2025-12-18T08:24:39.664+0530][info][gc,phases   ] GC(41) Concurrent Relocate 1.605ms
[2025-12-18T08:24:39.664+0530][info][gc,load     ] GC(41) Load: 0.00/0.00/0.00
[2025-12-18T08:24:39.664+0530][info][gc,mmu      ] GC(41) MMU: 2ms/93.3%, 5ms/97.1%, 10ms/98.6%, 20ms/99.3%, 50ms/99.7%, 100ms/99.8%
[2025-12-18T08:24:39.664+0530][info][gc,marking  ] GC(41) Mark: 2 stripe(s), 2 proactive flush(es), 1 terminate flush(es), 0 completion(s), 0 continuation(s) 
[2025-12-18T08:24:39.664+0530][info][gc,marking  ] GC(41) Mark Stack Usage: 32M
[2025-12-18T08:24:39.664+0530][info][gc,nmethod  ] GC(41) NMethods: 594 registered, 64 unregistered
[2025-12-18T08:24:39.664+0530][info][gc,metaspace] GC(41) Metaspace: 3M used, 4M committed, 1088M reserved
[2025-12-18T08:24:39.664+0530][info][gc,ref      ] GC(41) Soft: 157 encountered, 78 discovered, 0 enqueued
[2025-12-18T08:24:39.664+0530][info][gc,ref      ] GC(41) Weak: 539 encountered, 387 discovered, 0 enqueued
[2025-12-18T08:24:39.664+0530][info][gc,ref      ] GC(41) Final: 0 encountered, 0 discovered, 0 enqueued
[2025-12-18T08:24:39.664+0530][info][gc,ref      ] GC(41) Phantom: 7 encountered, 3 discovered, 0 enqueued
[2025-12-18T08:24:39.664+0530][info][gc,reloc    ] GC(41) Small Pages: 207 / 414M, Empty: 124M, Relocated: 1M, In-Place: 0
[2025-12-18T08:24:39.664+0530][info][gc,reloc    ] GC(41) Medium Pages: 1 / 16M, Empty: 0M, Relocated: 0M, In-Place: 0
[2025-12-18T08:24:39.664+0530][info][gc,reloc    ] GC(41) Large Pages: 1 / 6M, Empty: 0M, Relocated: 0M, In-Place: 0
[2025-12-18T08:24:39.664+0530][info][gc,reloc    ] GC(41) Forwarding Usage: 0M
[2025-12-18T08:24:39.664+0530][info][gc,heap     ] GC(41) Min Capacity: 512M(100%)
[2025-12-18T08:24:39.664+0530][info][gc,heap     ] GC(41) Max Capacity: 512M(100%)
[2025-12-18T08:24:39.664+0530][info][gc,heap     ] GC(41) Soft Max Capacity: 512M(100%)
[2025-12-18T08:24:39.664+0530][info][gc,heap     ] GC(41)                Mark Start          Mark End        Relocate Start      Relocate End           High               Low         
[2025-12-18T08:24:39.664+0530][info][gc,heap     ] GC(41)  Capacity:      512M (100%)        512M (100%)        512M (100%)        512M (100%)        512M (100%)        512M (100%)   
[2025-12-18T08:24:39.664+0530][info][gc,heap     ] GC(41)      Free:       76M (15%)           0M (0%)          112M (22%)         150M (29%)         150M (29%)           0M (0%)     
[2025-12-18T08:24:39.664+0530][info][gc,heap     ] GC(41)      Used:      436M (85%)         512M (100%)        400M (78%)         362M (71%)         512M (100%)        362M (71%)    
[2025-12-18T08:24:39.664+0530][info][gc,heap     ] GC(41)      Live:         -               248M (48%)         248M (48%)         248M (48%)            -                  -          
[2025-12-18T08:24:39.664+0530][info][gc,heap     ] GC(41) Allocated:         -                76M (15%)          88M (17%)          93M (18%)            -                  -          
[2025-12-18T08:24:39.664+0530][info][gc,heap     ] GC(41)   Garbage:         -               187M (37%)          63M (12%)          19M (4%)             -                  -          
[2025-12-18T08:24:39.664+0530][info][gc,heap     ] GC(41) Reclaimed:         -                  -               124M (24%)         167M (33%)            -                  -          
[2025-12-18T08:24:39.664+0530][info][gc          ] GC(41) Garbage Collection (Allocation Stall) 436M(85%)->362M(71%)
[2025-12-18T08:24:39.717+0530][info][gc,start    ] GC(42) Garbage Collection (Allocation Stall)
[2025-12-18T08:24:39.717+0530][info][gc,ref      ] GC(42) Clearing All SoftReferences
[2025-12-18T08:24:39.717+0530][info][gc,task     ] GC(42) Using 2 workers
[2025-12-18T08:24:39.717+0530][info][gc,ref      ] GC(42) Clearing All SoftReferences
[2025-12-18T08:24:39.717+0530][info][gc,phases   ] GC(42) Pause Mark Start 0.056ms
[2025-12-18T08:24:39.844+0530][info][gc,phases   ] GC(42) Concurrent Mark 125.881ms
[2025-12-18T08:24:39.844+0530][info][gc,phases   ] GC(42) Pause Mark End 0.019ms
[2025-12-18T08:24:39.844+0530][info][gc,phases   ] GC(42) Concurrent Mark Free 0.001ms
[2025-12-18T08:24:39.845+0530][info][gc,phases   ] GC(42) Concurrent Process Non-Strong References 0.997ms
[2025-12-18T08:24:39.845+0530][info][gc,phases   ] GC(42) Concurrent Reset Relocation Set 0.003ms
[2025-12-18T08:24:39.845+0530][info][gc          ] Allocation Stall (Worker-7) 66.774ms
[2025-12-18T08:24:39.845+0530][info][gc          ] Allocation Stall (Worker-0) 62.412ms
[2025-12-18T08:24:39.845+0530][info][gc          ] Allocation Stall (Worker-2) 61.817ms
[2025-12-18T08:24:39.845+0530][info][gc          ] Allocation Stall (Worker-5) 61.272ms
[2025-12-18T08:24:39.845+0530][info][gc          ] Allocation Stall (Worker-4) 59.685ms
[2025-12-18T08:24:39.845+0530][info][gc          ] Allocation Stall (Worker-1) 69.057ms
[2025-12-18T08:24:39.845+0530][info][gc          ] Allocation Stall (Worker-3) 65.005ms
[2025-12-18T08:24:39.845+0530][info][gc          ] Allocation Stall (Worker-6) 64.457ms
[2025-12-18T08:24:39.849+0530][info][gc,phases   ] GC(42) Concurrent Select Relocation Set 3.670ms
[2025-12-18T08:24:39.849+0530][info][gc,phases   ] GC(42) Pause Relocate Start 0.010ms
[2025-12-18T08:24:39.865+0530][info][gc,phases   ] GC(42) Concurrent Relocate 1.641ms
[2025-12-18T08:24:39.865+0530][info][gc,load     ] GC(42) Load: 0.00/0.00/0.00
[2025-12-18T08:24:39.865+0530][info][gc,mmu      ] GC(42) MMU: 2ms/93.3%, 5ms/97.1%, 10ms/98.6%, 20ms/99.3%, 50ms/99.7%, 100ms/99.8%
[2025-12-18T08:24:39.865+0530][info][gc,marking  ] GC(42) Mark: 2 stripe(s), 2 proactive flush(es), 1 terminate flush(es), 0 completion(s), 0 continuation(s) 
[2025-12-18T08:24:39.865+0530][info][gc,marking  ] GC(42) Mark Stack Usage: 32M
[2025-12-18T08:24:39.865+0530][info][gc,nmethod  ] GC(42) NMethods: 594 registered, 64 unregistered
[2025-12-18T08:24:39.865+0530][info][gc,metaspace] GC(42) Metaspace: 3M used, 4M committed, 1088M reserved
[2025-12-18T08:24:39.865+0530][info][gc,ref      ] GC(42) Soft: 157 encountered, 88 discovered, 0 enqueued
[2025-12-18T08:24:39.865+0530][info][gc,ref      ] GC(42) Weak: 539 encountered, 404 discovered, 0 enqueued
[2025-12-18T08:24:39.865+0530][info][gc,ref      ] GC(42) Final: 0 encountered, 0 discovered, 0 enqueued
[2025-12-18T08:24:39.865+0530][info][gc,ref      ] GC(42) Phantom: 7 encountered, 3 discovered, 0 enqueued
[2025-12-18T08:24:39.865+0530][info][gc,reloc    ] GC(42) Small Pages: 211 / 422M, Empty: 140M, Relocated: 1M, In-Place: 0
[2025-12-18T08:24:39.865+0530][info][gc,reloc    ] GC(42) Medium Pages: 1 / 16M, Empty: 0M, Relocated: 0M, In-Place: 0
[2025-12-18T08:24:39.865+0530][info][gc,reloc    ] GC(42) Large Pages: 1 / 6M, Empty: 0M, Relocated: 0M, In-Place: 0
[2025-12-18T08:24:39.865+0530][info][gc,reloc    ] GC(42) Forwarding Usage: 0M
[2025-12-18T08:24:39.865+0530][info][gc,heap     ] GC(42) Min Capacity: 512M(100%)
[2025-12-18T08:24:39.865+0530][info][gc,heap     ] GC(42) Max Capacity: 512M(100%)
[2025-12-18T08:24:39.865+0530][info][gc,heap     ] GC(42) Soft Max Capacity: 512M(100%)
[2025-12-18T08:24:39.865+0530][info][gc,heap     ] GC(42)                Mark Start          Mark End        Relocate Start      Relocate End           High               Low         
[2025-12-18T08:24:39.865+0530][info][gc,heap     ] GC(42)  Capacity:      512M (100%)        512M (100%)        512M (100%)        512M (100%)        512M (100%)        512M (100%)   
[2025-12-18T08:24:39.865+0530][info][gc,heap     ] GC(42)      Free:       68M (13%)           0M (0%)          126M (25%)         148M (29%)         148M (29%)           0M (0%)     
[2025-12-18T08:24:39.865+0530][info][gc,heap     ] GC(42)      Used:      444M (87%)         512M (100%)        386M (75%)         364M (71%)         512M (100%)        364M (71%)    
[2025-12-18T08:24:39.865+0530][info][gc,heap     ] GC(42)      Live:         -               248M (48%)         248M (48%)         248M (48%)            -                  -          
[2025-12-18T08:24:39.865+0530][info][gc,heap     ] GC(42) Allocated:         -                68M (13%)          82M (16%)          95M (19%)            -                  -          
[2025-12-18T08:24:39.865+0530][info][gc,heap     ] GC(42)   Garbage:         -               195M (38%)          55M (11%)          20M (4%)             -                  -          
[2025-12-18T08:24:39.865+0530][info][gc,heap     ] GC(42) Reclaimed:         -                  -               140M (27%)         175M (34%)            -                  -          
[2025-12-18T08:24:39.865+0530][info][gc          ] GC(42) Garbage Collection (Allocation Stall) 444M(87%)->364M(71%)
[2025-12-18T08:24:39.917+0530][info][gc,start    ] GC(43) Garbage Collection (Allocation Stall)
[2025-12-18T08:24:39.917+0530][info][gc,ref      ] GC(43) Clearing All SoftReferences
[2025-12-18T08:24:39.917+0530][info][gc,task     ] GC(43) Using 2 workers
[2025-12-18T08:24:39.917+0530][info][gc,ref      ] GC(43) Clearing All SoftReferences
[2025-12-18T08:24:39.917+0530][info][gc,phases   ] GC(43) Pause Mark Start 0.064ms
[2025-12-18T08:24:40.048+0530][info][gc,phases   ] GC(43) Concurrent Mark 126.747ms
[2025-12-18T08:24:40.048+0530][info][gc,phases   ] GC(43) Pause Mark End 0.100ms
[2025-12-18T08:24:40.048+0530][info][gc,phases   ] GC(43) Concurrent Mark Free 0.001ms
[2025-12-18T08:24:40.049+0530][info][gc,phases   ] GC(43) Concurrent Process Non-Strong References 1.011ms
[2025-12-18T08:24:40.049+0530][info][gc,phases   ] GC(43) Concurrent Reset Relocation Set 0.002ms
[2025-12-18T08:24:40.049+0530][info][gc          ] Allocation Stall (Worker-2) 63.668ms
[2025-12-18T08:24:40.049+0530][info][gc          ] Allocation Stall (Worker-7) 64.021ms
[2025-12-18T08:24:40.049+0530][info][gc          ] Allocation Stall (Worker-4) 61.287ms
[2025-12-18T08:24:40.049+0530][info][gc          ] Allocation Stall (main) 33.260ms
[2025-12-18T08:24:40.049+0530][info][gc          ] Allocation Stall (Worker-3) 71.410ms
[2025-12-18T08:24:40.049+0530][info][gc          ] Allocation Stall (Worker-1) 70.007ms
[2025-12-18T08:24:40.049+0530][info][gc          ] Allocation Stall (Worker-6) 69.376ms
[2025-12-18T08:24:40.049+0530][info][gc          ] Allocation Stall (Worker-0) 69.109ms
[2025-12-18T08:24:40.049+0530][info][gc          ] Allocation Stall (Worker-5) 67.633ms
[2025-12-18T08:24:40.053+0530][info][gc,phases   ] GC(43) Concurrent Select Relocation Set 3.811ms
[2025-12-18T08:24:40.053+0530][info][gc,phases   ] GC(43) Pause Relocate Start 0.013ms
[2025-12-18T08:24:40.057+0530][info][gc,phases   ] GC(43) Concurrent Relocate 1.565ms
[2025-12-18T08:24:40.057+0530][info][gc,load     ] GC(43) Load: 0.00/0.00/0.00
[2025-12-18T08:24:40.057+0530][info][gc,mmu      ] GC(43) MMU: 2ms/93.3%, 5ms/97.1%, 10ms/98.6%, 20ms/99.3%, 50ms/99.7%, 100ms/99.8%
[2025-12-18T08:24:40.057+0530][info][gc,marking  ] GC(43) Mark: 2 stripe(s), 2 proactive flush(es), 1 terminate flush(es), 1 completion(s), 0 continuation(s) 
[2025-12-18T08:24:40.057+0530][info][gc,marking  ] GC(43) Mark Stack Usage: 32M
[2025-12-18T08:24:40.057+0530][info][gc,nmethod  ] GC(43) NMethods: 594 registered, 64 unregistered
[2025-12-18T08:24:40.057+0530][info][gc,metaspace] GC(43) Metaspace: 3M used, 4M committed, 1088M reserved
[2025-12-18T08:24:40.057+0530][info][gc,ref      ] GC(43) Soft: 157 encountered, 81 discovered, 0 enqueued
[2025-12-18T08:24:40.057+0530][info][gc,ref      ] GC(43) Weak: 539 encountered, 417 discovered, 0 enqueued
[2025-12-18T08:24:40.057+0530][info][gc,ref      ] GC(43) Final: 0 encountered, 0 discovered, 0 enqueued
[2025-12-18T08:24:40.057+0530][info][gc,ref      ] GC(43) Phantom: 7 encountered, 5 discovered, 0 enqueued
[2025-12-18T08:24:40.057+0530][info][gc,reloc    ] GC(43) Small Pages: 210 / 420M, Empty: 130M, Relocated: 1M, In-Place: 0
[2025-12-18T08:24:40.057+0530][info][gc,reloc    ] GC(43) Medium Pages: 1 / 16M, Empty: 0M, Relocated: 0M, In-Place: 0
[2025-12-18T08:24:40.057+0530][info][gc,reloc    ] GC(43) Large Pages: 1 / 6M, Empty: 0M, Relocated: 0M, In-Place: 0
[2025-12-18T08:24:40.057+0530][info][gc,reloc    ] GC(43) Forwarding Usage: 0M
[2025-12-18T08:24:40.057+0530][info][gc,heap     ] GC(43) Min Capacity: 512M(100%)
[2025-12-18T08:24:40.057+0530][info][gc,heap     ] GC(43) Max Capacity: 512M(100%)
[2025-12-18T08:24:40.057+0530][info][gc,heap     ] GC(43) Soft Max Capacity: 512M(100%)
[2025-12-18T08:24:40.057+0530][info][gc,heap     ] GC(43)                Mark Start          Mark End        Relocate Start      Relocate End           High               Low         
[2025-12-18T08:24:40.057+0530][info][gc,heap     ] GC(43)  Capacity:      512M (100%)        512M (100%)        512M (100%)        512M (100%)        512M (100%)        512M (100%)   
[2025-12-18T08:24:40.057+0530][info][gc,heap     ] GC(43)      Free:       70M (14%)           0M (0%)          118M (23%)         162M (32%)         162M (32%)           0M (0%)     
[2025-12-18T08:24:40.057+0530][info][gc,heap     ] GC(43)      Used:      442M (86%)         512M (100%)        394M (77%)         350M (68%)         512M (100%)        350M (68%)    
[2025-12-18T08:24:40.057+0530][info][gc,heap     ] GC(43)      Live:         -               248M (48%)         248M (48%)         248M (48%)            -                  -          
[2025-12-18T08:24:40.057+0530][info][gc,heap     ] GC(43) Allocated:         -                70M (14%)          82M (16%)          81M (16%)            -                  -          
[2025-12-18T08:24:40.057+0530][info][gc,heap     ] GC(43)   Garbage:         -               193M (38%)          63M (12%)          19M (4%)             -                  -          
[2025-12-18T08:24:40.057+0530][info][gc,heap     ] GC(43) Reclaimed:         -                  -               130M (25%)         173M (34%)            -                  -          
[2025-12-18T08:24:40.057+0530][info][gc          ] GC(43) Garbage Collection (Allocation Stall) 442M(86%)->350M(68%)
[2025-12-18T08:24:40.116+0530][info][gc,start    ] GC(44) Garbage Collection (Allocation Stall)
[2025-12-18T08:24:40.116+0530][info][gc,ref      ] GC(44) Clearing All SoftReferences
[2025-12-18T08:24:40.116+0530][info][gc,task     ] GC(44) Using 2 workers
[2025-12-18T08:24:40.116+0530][info][gc,ref      ] GC(44) Clearing All SoftReferences
[2025-12-18T08:24:40.116+0530][info][gc,phases   ] GC(44) Pause Mark Start 0.050ms
[2025-12-18T08:24:40.249+0530][info][gc,phases   ] GC(44) Concurrent Mark 130.623ms
[2025-12-18T08:24:40.249+0530][info][gc,phases   ] GC(44) Pause Mark End 0.089ms
[2025-12-18T08:24:40.249+0530][info][gc,phases   ] GC(44) Concurrent Mark Free 0.001ms
[2025-12-18T08:24:40.250+0530][info][gc,phases   ] GC(44) Concurrent Process Non-Strong References 0.969ms
[2025-12-18T08:24:40.250+0530][info][gc,phases   ] GC(44) Concurrent Reset Relocation Set 0.003ms
[2025-12-18T08:24:40.250+0530][info][gc          ] Allocation Stall (Worker-1) 54.998ms
[2025-12-18T08:24:40.250+0530][info][gc          ] Allocation Stall (Worker-6) 54.512ms
[2025-12-18T08:24:40.250+0530][info][gc          ] Allocation Stall (Worker-5) 53.830ms
[2025-12-18T08:24:40.250+0530][info][gc          ] Allocation Stall (Worker-0) 63.429ms
[2025-12-18T08:24:40.250+0530][info][gc          ] Allocation Stall (Worker-4) 61.392ms
[2025-12-18T08:24:40.250+0530][info][gc          ] Allocation Stall (Worker-2) 60.254ms
[2025-12-18T08:24:40.250+0530][info][gc          ] Allocation Stall (Worker-3) 55.912ms
[2025-12-18T08:24:40.250+0530][info][gc          ] Allocation Stall (Worker-7) 55.221ms
[2025-12-18T08:24:40.254+0530][info][gc,phases   ] GC(44) Concurrent Select Relocation Set 3.679ms
[2025-12-18T08:24:40.254+0530][info][gc,phases   ] GC(44) Pause Relocate Start 0.011ms
[2025-12-18T08:24:40.265+0530][info][gc,phases   ] GC(44) Concurrent Relocate 1.741ms
[2025-12-18T08:24:40.265+0530][info][gc,load     ] GC(44) Load: 0.00/0.00/0.00
[2025-12-18T08:24:40.265+0530][info][gc,mmu      ] GC(44) MMU: 2ms/93.3%, 5ms/97.1%, 10ms/98.6%, 20ms/99.3%, 50ms/99.7%, 100ms/99.8%
[2025-12-18T08:24:40.266+0530][info][gc,marking  ] GC(44) Mark: 2 stripe(s), 2 proactive flush(es), 1 terminate flush(es), 1 completion(s), 0 continuation(s) 
[2025-12-18T08:24:40.266+0530][info][gc,marking  ] GC(44) Mark Stack Usage: 32M
[2025-12-18T08:24:40.266+0530][info][gc,nmethod  ] GC(44) NMethods: 594 registered, 64 unregistered
[2025-12-18T08:24:40.266+0530][info][gc,metaspace] GC(44) Metaspace: 3M used, 4M committed, 1088M reserved
[2025-12-18T08:24:40.266+0530][info][gc,ref      ] GC(44) Soft: 157 encountered, 76 discovered, 0 enqueued
[2025-12-18T08:24:40.266+0530][info][gc,ref      ] GC(44) Weak: 539 encountered, 4 discovered, 0 enqueued
[2025-12-18T08:24:40.266+0530][info][gc,ref      ] GC(44) Final: 0 encountered, 0 discovered, 0 enqueued
[2025-12-18T08:24:40.266+0530][info][gc,ref      ] GC(44) Phantom: 7 encountered, 3 discovered, 0 enqueued
[2025-12-18T08:24:40.266+0530][info][gc,reloc    ] GC(44) Small Pages: 208 / 416M, Empty: 138M, Relocated: 1M, In-Place: 0
[2025-12-18T08:24:40.266+0530][info][gc,reloc    ] GC(44) Medium Pages: 1 / 16M, Empty: 0M, Relocated: 0M, In-Place: 0
[2025-12-18T08:24:40.266+0530][info][gc,reloc    ] GC(44) Large Pages: 1 / 6M, Empty: 0M, Relocated: 0M, In-Place: 0
[2025-12-18T08:24:40.266+0530][info][gc,reloc    ] GC(44) Forwarding Usage: 0M
[2025-12-18T08:24:40.266+0530][info][gc,heap     ] GC(44) Min Capacity: 512M(100%)
[2025-12-18T08:24:40.266+0530][info][gc,heap     ] GC(44) Max Capacity: 512M(100%)
[2025-12-18T08:24:40.266+0530][info][gc,heap     ] GC(44) Soft Max Capacity: 512M(100%)
[2025-12-18T08:24:40.266+0530][info][gc,heap     ] GC(44)                Mark Start          Mark End        Relocate Start      Relocate End           High               Low         
[2025-12-18T08:24:40.266+0530][info][gc,heap     ] GC(44)  Capacity:      512M (100%)        512M (100%)        512M (100%)        512M (100%)        512M (100%)        512M (100%)   
[2025-12-18T08:24:40.266+0530][info][gc,heap     ] GC(44)      Free:       74M (14%)           0M (0%)          124M (24%)         144M (28%)         144M (28%)           0M (0%)     
[2025-12-18T08:24:40.266+0530][info][gc,heap     ] GC(44)      Used:      438M (86%)         512M (100%)        388M (76%)         368M (72%)         512M (100%)        368M (72%)    
[2025-12-18T08:24:40.266+0530][info][gc,heap     ] GC(44)      Live:         -               248M (48%)         248M (48%)         248M (48%)            -                  -          
[2025-12-18T08:24:40.266+0530][info][gc,heap     ] GC(44) Allocated:         -                74M (14%)          88M (17%)          99M (20%)            -                  -          
[2025-12-18T08:24:40.266+0530][info][gc,heap     ] GC(44)   Garbage:         -               189M (37%)          51M (10%)          19M (4%)             -                  -          
[2025-12-18T08:24:40.266+0530][info][gc,heap     ] GC(44) Reclaimed:         -                  -               138M (27%)         169M (33%)            -                  -          
[2025-12-18T08:24:40.266+0530][info][gc          ] GC(44) Garbage Collection (Allocation Stall) 438M(86%)->368M(72%)
[2025-12-18T08:24:40.317+0530][info][gc,start    ] GC(45) Garbage Collection (Allocation Stall)
[2025-12-18T08:24:40.317+0530][info][gc,ref      ] GC(45) Clearing All SoftReferences
[2025-12-18T08:24:40.317+0530][info][gc,task     ] GC(45) Using 2 workers
[2025-12-18T08:24:40.317+0530][info][gc,ref      ] GC(45) Clearing All SoftReferences
[2025-12-18T08:24:40.317+0530][info][gc,phases   ] GC(45) Pause Mark Start 0.049ms
[2025-12-18T08:24:40.450+0530][info][gc,phases   ] GC(45) Concurrent Mark 122.141ms
[2025-12-18T08:24:40.450+0530][info][gc,phases   ] GC(45) Pause Mark End 0.104ms
[2025-12-18T08:24:40.450+0530][info][gc,phases   ] GC(45) Concurrent Mark Free 0.002ms
[2025-12-18T08:24:40.451+0530][info][gc,phases   ] GC(45) Concurrent Process Non-Strong References 1.140ms
[2025-12-18T08:24:40.451+0530][info][gc,phases   ] GC(45) Concurrent Reset Relocation Set 0.002ms
[2025-12-18T08:24:40.451+0530][info][gc          ] Allocation Stall (Worker-2) 64.184ms
[2025-12-18T08:24:40.451+0530][info][gc          ] Allocation Stall (Worker-1) 63.763ms
[2025-12-18T08:24:40.451+0530][info][gc          ] Allocation Stall (Worker-4) 63.534ms
[2025-12-18T08:24:40.451+0530][info][gc          ] Allocation Stall (Worker-0) 62.746ms
[2025-12-18T08:24:40.451+0530][info][gc          ] Allocation Stall (Worker-5) 65.996ms
[2025-12-18T08:24:40.451+0530][info][gc          ] Allocation Stall (Worker-3) 64.674ms
[2025-12-18T08:24:40.451+0530][info][gc          ] Allocation Stall (Worker-7) 64.659ms
[2025-12-18T08:24:40.451+0530][info][gc          ] Allocation Stall (Worker-6) 64.706ms
[2025-12-18T08:24:40.455+0530][info][gc,phases   ] GC(45) Concurrent Select Relocation Set 3.850ms
[2025-12-18T08:24:40.457+0530][info][gc,phases   ] GC(45) Pause Relocate Start 0.012ms
[2025-12-18T08:24:40.463+0530][info][gc,phases   ] GC(45) Concurrent Relocate 1.722ms
[2025-12-18T08:24:40.463+0530][info][gc,load     ] GC(45) Load: 0.00/0.00/0.00
[2025-12-18T08:24:40.463+0530][info][gc,mmu      ] GC(45) MMU: 2ms/93.3%, 5ms/97.1%, 10ms/98.6%, 20ms/99.3%, 50ms/99.7%, 100ms/99.8%
[2025-12-18T08:24:40.463+0530][info][gc,marking  ] GC(45) Mark: 2 stripe(s), 2 proactive flush(es), 1 terminate flush(es), 1 completion(s), 0 continuation(s) 
[2025-12-18T08:24:40.463+0530][info][gc,marking  ] GC(45) Mark Stack Usage: 32M
[2025-12-18T08:24:40.463+0530][info][gc,nmethod  ] GC(45) NMethods: 594 registered, 64 unregistered
[2025-12-18T08:24:40.464+0530][info][gc,metaspace] GC(45) Metaspace: 3M used, 4M committed, 1088M reserved
[2025-12-18T08:24:40.464+0530][info][gc,ref      ] GC(45) Soft: 157 encountered, 77 discovered, 0 enqueued
[2025-12-18T08:24:40.464+0530][info][gc,ref      ] GC(45) Weak: 539 encountered, 4 discovered, 0 enqueued
[2025-12-18T08:24:40.464+0530][info][gc,ref      ] GC(45) Final: 0 encountered, 0 discovered, 0 enqueued
[2025-12-18T08:24:40.464+0530][info][gc,ref      ] GC(45) Phantom: 7 encountered, 5 discovered, 0 enqueued
[2025-12-18T08:24:40.464+0530][info][gc,reloc    ] GC(45) Small Pages: 208 / 416M, Empty: 128M, Relocated: 1M, In-Place: 0
[2025-12-18T08:24:40.464+0530][info][gc,reloc    ] GC(45) Medium Pages: 1 / 16M, Empty: 0M, Relocated: 0M, In-Place: 0
[2025-12-18T08:24:40.464+0530][info][gc,reloc    ] GC(45) Large Pages: 1 / 6M, Empty: 0M, Relocated: 0M, In-Place: 0
[2025-12-18T08:24:40.464+0530][info][gc,reloc    ] GC(45) Forwarding Usage: 0M
[2025-12-18T08:24:40.464+0530][info][gc,heap     ] GC(45) Min Capacity: 512M(100%)
[2025-12-18T08:24:40.464+0530][info][gc,heap     ] GC(45) Max Capacity: 512M(100%)
[2025-12-18T08:24:40.464+0530][info][gc,heap     ] GC(45) Soft Max Capacity: 512M(100%)
[2025-12-18T08:24:40.464+0530][info][gc,heap     ] GC(45)                Mark Start          Mark End        Relocate Start      Relocate End           High               Low         
[2025-12-18T08:24:40.464+0530][info][gc,heap     ] GC(45)  Capacity:      512M (100%)        512M (100%)        512M (100%)        512M (100%)        512M (100%)        512M (100%)   
[2025-12-18T08:24:40.464+0530][info][gc,heap     ] GC(45)      Free:       74M (14%)           0M (0%)          112M (22%)         154M (30%)         154M (30%)           0M (0%)     
[2025-12-18T08:24:40.464+0530][info][gc,heap     ] GC(45)      Used:      438M (86%)         512M (100%)        400M (78%)         358M (70%)         512M (100%)        358M (70%)    
[2025-12-18T08:24:40.464+0530][info][gc,heap     ] GC(45)      Live:         -               248M (48%)         248M (48%)         248M (48%)            -                  -          
[2025-12-18T08:24:40.464+0530][info][gc,heap     ] GC(45) Allocated:         -                74M (14%)          90M (18%)          89M (18%)            -                  -          
[2025-12-18T08:24:40.464+0530][info][gc,heap     ] GC(45)   Garbage:         -               189M (37%)          61M (12%)          19M (4%)             -                  -          
[2025-12-18T08:24:40.464+0530][info][gc,heap     ] GC(45) Reclaimed:         -                  -               128M (25%)         169M (33%)            -                  -          
[2025-12-18T08:24:40.464+0530][info][gc          ] GC(45) Garbage Collection (Allocation Stall) 438M(86%)->358M(70%)
[2025-12-18T08:24:40.517+0530][info][gc,start    ] GC(46) Garbage Collection (Allocation Stall)
[2025-12-18T08:24:40.517+0530][info][gc,ref      ] GC(46) Clearing All SoftReferences
[2025-12-18T08:24:40.517+0530][info][gc,task     ] GC(46) Using 2 workers
[2025-12-18T08:24:40.517+0530][info][gc,ref      ] GC(46) Clearing All SoftReferences
[2025-12-18T08:24:40.517+0530][info][gc,phases   ] GC(46) Pause Mark Start 0.047ms
[2025-12-18T08:24:40.658+0530][info][gc,phases   ] GC(46) Concurrent Mark 140.608ms
[2025-12-18T08:24:40.658+0530][info][gc,phases   ] GC(46) Pause Mark End 0.023ms
[2025-12-18T08:24:40.658+0530][info][gc,phases   ] GC(46) Concurrent Mark Free 0.001ms
[2025-12-18T08:24:40.659+0530][info][gc,phases   ] GC(46) Concurrent Process Non-Strong References 1.011ms
[2025-12-18T08:24:40.659+0530][info][gc,phases   ] GC(46) Concurrent Reset Relocation Set 0.003ms
[2025-12-18T08:24:40.659+0530][info][gc          ] Allocation Stall (Worker-1) 69.945ms
[2025-12-18T08:24:40.659+0530][info][gc          ] Allocation Stall (Worker-7) 68.078ms
[2025-12-18T08:24:40.659+0530][info][gc          ] Allocation Stall (Worker-3) 69.308ms
[2025-12-18T08:24:40.659+0530][info][gc          ] Allocation Stall (Worker-5) 67.705ms
[2025-12-18T08:24:40.659+0530][info][gc          ] Allocation Stall (Worker-6) 73.248ms
[2025-12-18T08:24:40.659+0530][info][gc          ] Allocation Stall (Worker-0) 72.587ms
[2025-12-18T08:24:40.659+0530][info][gc          ] Allocation Stall (Worker-2) 72.546ms
[2025-12-18T08:24:40.659+0530][info][gc          ] Allocation Stall (Worker-4) 72.042ms
[2025-12-18T08:24:40.663+0530][info][gc,phases   ] GC(46) Concurrent Select Relocation Set 3.648ms
[2025-12-18T08:24:40.663+0530][info][gc,phases   ] GC(46) Pause Relocate Start 0.009ms
[2025-12-18T08:24:40.666+0530][info][gc,phases   ] GC(46) Concurrent Relocate 1.392ms
[2025-12-18T08:24:40.666+0530][info][gc,load     ] GC(46) Load: 0.00/0.00/0.00
[2025-12-18T08:24:40.666+0530][info][gc,mmu      ] GC(46) MMU: 2ms/93.3%, 5ms/97.1%, 10ms/98.6%, 20ms/99.3%, 50ms/99.7%, 100ms/99.8%
[2025-12-18T08:24:40.666+0530][info][gc,marking  ] GC(46) Mark: 2 stripe(s), 2 proactive flush(es), 1 terminate flush(es), 0 completion(s), 0 continuation(s) 
[2025-12-18T08:24:40.666+0530][info][gc,marking  ] GC(46) Mark Stack Usage: 32M
[2025-12-18T08:24:40.666+0530][info][gc,nmethod  ] GC(46) NMethods: 594 registered, 64 unregistered
[2025-12-18T08:24:40.666+0530][info][gc,metaspace] GC(46) Metaspace: 3M used, 4M committed, 1088M reserved
[2025-12-18T08:24:40.666+0530][info][gc,ref      ] GC(46) Soft: 157 encountered, 89 discovered, 0 enqueued
[2025-12-18T08:24:40.666+0530][info][gc,ref      ] GC(46) Weak: 539 encountered, 405 discovered, 0 enqueued
[2025-12-18T08:24:40.666+0530][info][gc,ref      ] GC(46) Final: 0 encountered, 0 discovered, 0 enqueued
[2025-12-18T08:24:40.666+0530][info][gc,ref      ] GC(46) Phantom: 7 encountered, 3 discovered, 0 enqueued
[2025-12-18T08:24:40.666+0530][info][gc,reloc    ] GC(46) Small Pages: 208 / 416M, Empty: 138M, Relocated: 1M, In-Place: 0
[2025-12-18T08:24:40.666+0530][info][gc,reloc    ] GC(46) Medium Pages: 1 / 16M, Empty: 0M, Relocated: 0M, In-Place: 0
[2025-12-18T08:24:40.666+0530][info][gc,reloc    ] GC(46) Large Pages: 1 / 6M, Empty: 0M, Relocated: 0M, In-Place: 0
[2025-12-18T08:24:40.666+0530][info][gc,reloc    ] GC(46) Forwarding Usage: 0M
[2025-12-18T08:24:40.666+0530][info][gc,heap     ] GC(46) Min Capacity: 512M(100%)
[2025-12-18T08:24:40.666+0530][info][gc,heap     ] GC(46) Max Capacity: 512M(100%)
[2025-12-18T08:24:40.666+0530][info][gc,heap     ] GC(46) Soft Max Capacity: 512M(100%)
[2025-12-18T08:24:40.666+0530][info][gc,heap     ] GC(46)                Mark Start          Mark End        Relocate Start      Relocate End           High               Low         
[2025-12-18T08:24:40.666+0530][info][gc,heap     ] GC(46)  Capacity:      512M (100%)        512M (100%)        512M (100%)        512M (100%)        512M (100%)        512M (100%)   
[2025-12-18T08:24:40.666+0530][info][gc,heap     ] GC(46)      Free:       74M (14%)           0M (0%)          126M (25%)         156M (30%)         156M (30%)           0M (0%)     
[2025-12-18T08:24:40.666+0530][info][gc,heap     ] GC(46)      Used:      438M (86%)         512M (100%)        386M (75%)         356M (70%)         512M (100%)        356M (70%)    
[2025-12-18T08:24:40.666+0530][info][gc,heap     ] GC(46)      Live:         -               248M (48%)         248M (48%)         248M (48%)            -                  -          
[2025-12-18T08:24:40.666+0530][info][gc,heap     ] GC(46) Allocated:         -                74M (14%)          86M (17%)          87M (17%)            -                  -          
[2025-12-18T08:24:40.666+0530][info][gc,heap     ] GC(46)   Garbage:         -               189M (37%)          51M (10%)          19M (4%)             -                  -          
[2025-12-18T08:24:40.666+0530][info][gc,heap     ] GC(46) Reclaimed:         -                  -               138M (27%)         169M (33%)            -                  -          
[2025-12-18T08:24:40.667+0530][info][gc          ] GC(46) Garbage Collection (Allocation Stall) 438M(86%)->356M(70%)
[2025-12-18T08:24:40.717+0530][info][gc,start    ] GC(47) Garbage Collection (Allocation Stall)
[2025-12-18T08:24:40.717+0530][info][gc,ref      ] GC(47) Clearing All SoftReferences
[2025-12-18T08:24:40.717+0530][info][gc,task     ] GC(47) Using 2 workers
[2025-12-18T08:24:40.717+0530][info][gc,ref      ] GC(47) Clearing All SoftReferences
[2025-12-18T08:24:40.717+0530][info][gc,phases   ] GC(47) Pause Mark Start 0.056ms
[2025-12-18T08:24:40.858+0530][info][gc,phases   ] GC(47) Concurrent Mark 137.949ms
[2025-12-18T08:24:40.858+0530][info][gc,phases   ] GC(47) Pause Mark End 0.085ms
[2025-12-18T08:24:40.858+0530][info][gc,phases   ] GC(47) Concurrent Mark Free 0.001ms
[2025-12-18T08:24:40.859+0530][info][gc,phases   ] GC(47) Concurrent Process Non-Strong References 1.022ms
[2025-12-18T08:24:40.859+0530][info][gc,phases   ] GC(47) Concurrent Reset Relocation Set 0.002ms
[2025-12-18T08:24:40.862+0530][info][gc          ] Allocation Stall (Worker-0) 58.170ms
[2025-12-18T08:24:40.862+0530][info][gc          ] Allocation Stall (Worker-7) 51.850ms
[2025-12-18T08:24:40.862+0530][info][gc          ] Allocation Stall (Worker-5) 54.969ms
[2025-12-18T08:24:40.862+0530][info][gc          ] Allocation Stall (Worker-2) 53.305ms
[2025-12-18T08:24:40.862+0530][info][gc          ] Allocation Stall (Worker-1) 58.328ms
[2025-12-18T08:24:40.862+0530][info][gc          ] Allocation Stall (Worker-3) 60.062ms
[2025-12-18T08:24:40.862+0530][info][gc          ] Allocation Stall (Worker-4) 59.712ms
[2025-12-18T08:24:40.862+0530][info][gc          ] Allocation Stall (Worker-6) 58.444ms
[2025-12-18T08:24:40.862+0530][info][gc,phases   ] GC(47) Concurrent Select Relocation Set 3.040ms
[2025-12-18T08:24:40.863+0530][info][gc,phases   ] GC(47) Pause Relocate Start 0.011ms
[2025-12-18T08:24:40.866+0530][info][gc,phases   ] GC(47) Concurrent Relocate 1.410ms
[2025-12-18T08:24:40.866+0530][info][gc,load     ] GC(47) Load: 0.00/0.00/0.00
[2025-12-18T08:24:40.866+0530][info][gc,mmu      ] GC(47) MMU: 2ms/93.3%, 5ms/97.1%, 10ms/98.6%, 20ms/99.3%, 50ms/99.7%, 100ms/99.8%
[2025-12-18T08:24:40.866+0530][info][gc,marking  ] GC(47) Mark: 2 stripe(s), 2 proactive flush(es), 1 terminate flush(es), 1 completion(s), 0 continuation(s) 
[2025-12-18T08:24:40.866+0530][info][gc,marking  ] GC(47) Mark Stack Usage: 32M
[2025-12-18T08:24:40.866+0530][info][gc,nmethod  ] GC(47) NMethods: 594 registered, 64 unregistered
[2025-12-18T08:24:40.866+0530][info][gc,metaspace] GC(47) Metaspace: 3M used, 4M committed, 1088M reserved
[2025-12-18T08:24:40.866+0530][info][gc,ref      ] GC(47) Soft: 157 encountered, 78 discovered, 0 enqueued
[2025-12-18T08:24:40.866+0530][info][gc,ref      ] GC(47) Weak: 539 encountered, 416 discovered, 0 enqueued
[2025-12-18T08:24:40.866+0530][info][gc,ref      ] GC(47) Final: 0 encountered, 0 discovered, 0 enqueued
[2025-12-18T08:24:40.866+0530][info][gc,ref      ] GC(47) Phantom: 7 encountered, 5 discovered, 0 enqueued
[2025-12-18T08:24:40.866+0530][info][gc,reloc    ] GC(47) Small Pages: 202 / 404M, Empty: 126M, Relocated: 1M, In-Place: 0
[2025-12-18T08:24:40.866+0530][info][gc,reloc    ] GC(47) Medium Pages: 1 / 16M, Empty: 0M, Relocated: 0M, In-Place: 0
[2025-12-18T08:24:40.866+0530][info][gc,reloc    ] GC(47) Large Pages: 1 / 6M, Empty: 0M, Relocated: 0M, In-Place: 0
[2025-12-18T08:24:40.866+0530][info][gc,reloc    ] GC(47) Forwarding Usage: 0M
[2025-12-18T08:24:40.866+0530][info][gc,heap     ] GC(47) Min Capacity: 512M(100%)
[2025-12-18T08:24:40.866+0530][info][gc,heap     ] GC(47) Max Capacity: 512M(100%)
[2025-12-18T08:24:40.866+0530][info][gc,heap     ] GC(47) Soft Max Capacity: 512M(100%)
[2025-12-18T08:24:40.866+0530][info][gc,heap     ] GC(47)                Mark Start          Mark End        Relocate Start      Relocate End           High               Low         
[2025-12-18T08:24:40.866+0530][info][gc,heap     ] GC(47)  Capacity:      512M (100%)        512M (100%)        512M (100%)        512M (100%)        512M (100%)        512M (100%)   
[2025-12-18T08:24:40.866+0530][info][gc,heap     ] GC(47)      Free:       86M (17%)           0M (0%)          112M (22%)         144M (28%)         144M (28%)           0M (0%)     
[2025-12-18T08:24:40.866+0530][info][gc,heap     ] GC(47)      Used:      426M (83%)         512M (100%)        400M (78%)         368M (72%)         512M (100%)        368M (72%)    
[2025-12-18T08:24:40.866+0530][info][gc,heap     ] GC(47)      Live:         -               248M (48%)         248M (48%)         248M (48%)            -                  -          
[2025-12-18T08:24:40.866+0530][info][gc,heap     ] GC(47) Allocated:         -                86M (17%)         100M (20%)          99M (20%)            -                  -          
[2025-12-18T08:24:40.867+0530][info][gc,heap     ] GC(47)   Garbage:         -               177M (35%)          51M (10%)          19M (4%)             -                  -          
[2025-12-18T08:24:40.867+0530][info][gc,heap     ] GC(47) Reclaimed:         -                  -               126M (25%)         157M (31%)            -                  -          
[2025-12-18T08:24:40.867+0530][info][gc          ] GC(47) Garbage Collection (Allocation Stall) 426M(83%)->368M(72%)
[2025-12-18T08:24:40.917+0530][info][gc,start    ] GC(48) Garbage Collection (Allocation Stall)
[2025-12-18T08:24:40.917+0530][info][gc,ref      ] GC(48) Clearing All SoftReferences
[2025-12-18T08:24:40.917+0530][info][gc,task     ] GC(48) Using 2 workers
[2025-12-18T08:24:40.917+0530][info][gc,ref      ] GC(48) Clearing All SoftReferences
[2025-12-18T08:24:40.917+0530][info][gc,phases   ] GC(48) Pause Mark Start 0.044ms
[2025-12-18T08:24:41.058+0530][info][gc,phases   ] GC(48) Concurrent Mark 131.159ms
[2025-12-18T08:24:41.058+0530][info][gc,phases   ] GC(48) Pause Mark End 0.018ms
[2025-12-18T08:24:41.058+0530][info][gc,phases   ] GC(48) Concurrent Mark Free 0.001ms
[2025-12-18T08:24:41.059+0530][info][gc,phases   ] GC(48) Concurrent Process Non-Strong References 1.017ms
[2025-12-18T08:24:41.059+0530][info][gc,phases   ] GC(48) Concurrent Reset Relocation Set 0.002ms
[2025-12-18T08:24:41.059+0530][info][gc          ] Allocation Stall (Worker-4) 79.581ms
[2025-12-18T08:24:41.059+0530][info][gc          ] Allocation Stall (JFR Periodic Tasks) 78.349ms
[2025-12-18T08:24:41.059+0530][info][gc          ] Allocation Stall (Worker-1) 76.154ms
[2025-12-18T08:24:41.059+0530][info][gc          ] Allocation Stall (Worker-7) 83.731ms
[2025-12-18T08:24:41.059+0530][info][gc          ] Allocation Stall (Worker-6) 83.040ms
[2025-12-18T08:24:41.059+0530][info][gc          ] Allocation Stall (Worker-0) 83.370ms
[2025-12-18T08:24:41.059+0530][info][gc          ] Allocation Stall (Worker-5) 82.706ms
[2025-12-18T08:24:41.059+0530][info][gc          ] Allocation Stall (Worker-2) 81.491ms
[2025-12-18T08:24:41.059+0530][info][gc          ] Allocation Stall (Worker-3) 80.906ms
[2025-12-18T08:24:41.063+0530][info][gc,phases   ] GC(48) Concurrent Select Relocation Set 3.685ms
[2025-12-18T08:24:41.064+0530][info][gc,phases   ] GC(48) Pause Relocate Start 0.011ms
[2025-12-18T08:24:41.088+0530][info][gc,phases   ] GC(48) Concurrent Relocate 1.695ms
[2025-12-18T08:24:41.088+0530][info][gc,load     ] GC(48) Load: 0.00/0.00/0.00
[2025-12-18T08:24:41.088+0530][info][gc,mmu      ] GC(48) MMU: 2ms/93.3%, 5ms/97.1%, 10ms/98.6%, 20ms/99.3%, 50ms/99.7%, 100ms/99.8%
[2025-12-18T08:24:41.088+0530][info][gc,marking  ] GC(48) Mark: 2 stripe(s), 2 proactive flush(es), 1 terminate flush(es), 0 completion(s), 0 continuation(s) 
[2025-12-18T08:24:41.088+0530][info][gc,marking  ] GC(48) Mark Stack Usage: 32M
[2025-12-18T08:24:41.088+0530][info][gc,nmethod  ] GC(48) NMethods: 594 registered, 64 unregistered
[2025-12-18T08:24:41.088+0530][info][gc,metaspace] GC(48) Metaspace: 3M used, 4M committed, 1088M reserved
[2025-12-18T08:24:41.088+0530][info][gc,ref      ] GC(48) Soft: 157 encountered, 77 discovered, 0 enqueued
[2025-12-18T08:24:41.088+0530][info][gc,ref      ] GC(48) Weak: 539 encountered, 3 discovered, 0 enqueued
[2025-12-18T08:24:41.088+0530][info][gc,ref      ] GC(48) Final: 0 encountered, 0 discovered, 0 enqueued
[2025-12-18T08:24:41.088+0530][info][gc,ref      ] GC(48) Phantom: 7 encountered, 3 discovered, 0 enqueued
[2025-12-18T08:24:41.088+0530][info][gc,reloc    ] GC(48) Small Pages: 213 / 426M, Empty: 148M, Relocated: 1M, In-Place: 0
[2025-12-18T08:24:41.088+0530][info][gc,reloc    ] GC(48) Medium Pages: 1 / 16M, Empty: 0M, Relocated: 0M, In-Place: 0
[2025-12-18T08:24:41.088+0530][info][gc,reloc    ] GC(48) Large Pages: 1 / 6M, Empty: 0M, Relocated: 0M, In-Place: 0
[2025-12-18T08:24:41.088+0530][info][gc,reloc    ] GC(48) Forwarding Usage: 0M
[2025-12-18T08:24:41.088+0530][info][gc,heap     ] GC(48) Min Capacity: 512M(100%)
[2025-12-18T08:24:41.088+0530][info][gc,heap     ] GC(48) Max Capacity: 512M(100%)
[2025-12-18T08:24:41.088+0530][info][gc,heap     ] GC(48) Soft Max Capacity: 512M(100%)
[2025-12-18T08:24:41.088+0530][info][gc,heap     ] GC(48)                Mark Start          Mark End        Relocate Start      Relocate End           High               Low         
[2025-12-18T08:24:41.088+0530][info][gc,heap     ] GC(48)  Capacity:      512M (100%)        512M (100%)        512M (100%)        512M (100%)        512M (100%)        512M (100%)   
[2025-12-18T08:24:41.088+0530][info][gc,heap     ] GC(48)      Free:       64M (12%)           0M (0%)          132M (26%)         132M (26%)         132M (26%)           0M (0%)     
[2025-12-18T08:24:41.088+0530][info][gc,heap     ] GC(48)      Used:      448M (88%)         512M (100%)        380M (74%)         380M (74%)         512M (100%)        380M (74%)    
[2025-12-18T08:24:41.088+0530][info][gc,heap     ] GC(48)      Live:         -               248M (48%)         248M (48%)         248M (48%)            -                  -          
[2025-12-18T08:24:41.088+0530][info][gc,heap     ] GC(48) Allocated:         -                64M (12%)          80M (16%)         111M (22%)            -                  -          
[2025-12-18T08:24:41.088+0530][info][gc,heap     ] GC(48)   Garbage:         -               199M (39%)          51M (10%)          20M (4%)             -                  -          
[2025-12-18T08:24:41.088+0530][info][gc,heap     ] GC(48) Reclaimed:         -                  -               148M (29%)         179M (35%)            -                  -          
[2025-12-18T08:24:41.089+0530][info][gc          ] GC(48) Garbage Collection (Allocation Stall) 448M(88%)->380M(74%)
[2025-12-18T08:24:41.117+0530][info][gc,start    ] GC(49) Garbage Collection (Allocation Stall)
[2025-12-18T08:24:41.117+0530][info][gc,ref      ] GC(49) Clearing All SoftReferences
[2025-12-18T08:24:41.117+0530][info][gc,task     ] GC(49) Using 2 workers
[2025-12-18T08:24:41.117+0530][info][gc,ref      ] GC(49) Clearing All SoftReferences
[2025-12-18T08:24:41.117+0530][info][gc,phases   ] GC(49) Pause Mark Start 0.049ms
[2025-12-18T08:24:41.254+0530][info][gc,phases   ] GC(49) Concurrent Mark 135.909ms
[2025-12-18T08:24:41.254+0530][info][gc,phases   ] GC(49) Pause Mark End 0.020ms
[2025-12-18T08:24:41.254+0530][info][gc,phases   ] GC(49) Concurrent Mark Free 0.001ms
[2025-12-18T08:24:41.255+0530][info][gc,phases   ] GC(49) Concurrent Process Non-Strong References 1.216ms
[2025-12-18T08:24:41.255+0530][info][gc,phases   ] GC(49) Concurrent Reset Relocation Set 0.002ms
[2025-12-18T08:24:41.258+0530][info][gc          ] Allocation Stall (Worker-4) 37.683ms
[2025-12-18T08:24:41.258+0530][info][gc          ] Allocation Stall (Worker-3) 39.631ms
[2025-12-18T08:24:41.258+0530][info][gc          ] Allocation Stall (Worker-5) 47.151ms
[2025-12-18T08:24:41.258+0530][info][gc          ] Allocation Stall (Worker-2) 40.978ms
[2025-12-18T08:24:41.258+0530][info][gc          ] Allocation Stall (Worker-1) 44.513ms
[2025-12-18T08:24:41.258+0530][info][gc          ] Allocation Stall (Worker-7) 44.664ms
[2025-12-18T08:24:41.258+0530][info][gc          ] Allocation Stall (Worker-0) 46.337ms
[2025-12-18T08:24:41.258+0530][info][gc          ] Allocation Stall (Worker-6) 46.846ms
[2025-12-18T08:24:41.258+0530][info][gc,phases   ] GC(49) Concurrent Select Relocation Set 3.078ms
[2025-12-18T08:24:41.259+0530][info][gc,phases   ] GC(49) Pause Relocate Start 0.011ms
[2025-12-18T08:24:41.267+0530][info][gc,phases   ] GC(49) Concurrent Relocate 1.642ms
[2025-12-18T08:24:41.267+0530][info][gc,load     ] GC(49) Load: 0.00/0.00/0.00
[2025-12-18T08:24:41.267+0530][info][gc,mmu      ] GC(49) MMU: 2ms/93.3%, 5ms/97.1%, 10ms/98.6%, 20ms/99.3%, 50ms/99.7%, 100ms/99.8%
[2025-12-18T08:24:41.267+0530][info][gc,marking  ] GC(49) Mark: 2 stripe(s), 2 proactive flush(es), 1 terminate flush(es), 0 completion(s), 0 continuation(s) 
[2025-12-18T08:24:41.267+0530][info][gc,marking  ] GC(49) Mark Stack Usage: 32M
[2025-12-18T08:24:41.267+0530][info][gc,nmethod  ] GC(49) NMethods: 597 registered, 64 unregistered
[2025-12-18T08:24:41.267+0530][info][gc,metaspace] GC(49) Metaspace: 3M used, 4M committed, 1088M reserved
[2025-12-18T08:24:41.267+0530][info][gc,ref      ] GC(49) Soft: 157 encountered, 89 discovered, 0 enqueued
[2025-12-18T08:24:41.267+0530][info][gc,ref      ] GC(49) Weak: 539 encountered, 411 discovered, 0 enqueued
[2025-12-18T08:24:41.267+0530][info][gc,ref      ] GC(49) Final: 0 encountered, 0 discovered, 0 enqueued
[2025-12-18T08:24:41.268+0530][info][gc,ref      ] GC(49) Phantom: 7 encountered, 3 discovered, 0 enqueued
[2025-12-18T08:24:41.268+0530][info][gc,reloc    ] GC(49) Small Pages: 196 / 392M, Empty: 82M, Relocated: 1M, In-Place: 0
[2025-12-18T08:24:41.268+0530][info][gc,reloc    ] GC(49) Medium Pages: 1 / 16M, Empty: 0M, Relocated: 0M, In-Place: 0
[2025-12-18T08:24:41.268+0530][info][gc,reloc    ] GC(49) Large Pages: 1 / 6M, Empty: 0M, Relocated: 0M, In-Place: 0
[2025-12-18T08:24:41.268+0530][info][gc,reloc    ] GC(49) Forwarding Usage: 0M
[2025-12-18T08:24:41.268+0530][info][gc,heap     ] GC(49) Min Capacity: 512M(100%)
[2025-12-18T08:24:41.268+0530][info][gc,heap     ] GC(49) Max Capacity: 512M(100%)
[2025-12-18T08:24:41.268+0530][info][gc,heap     ] GC(49) Soft Max Capacity: 512M(100%)
[2025-12-18T08:24:41.268+0530][info][gc,heap     ] GC(49)                Mark Start          Mark End        Relocate Start      Relocate End           High               Low         
[2025-12-18T08:24:41.268+0530][info][gc,heap     ] GC(49)  Capacity:      512M (100%)        512M (100%)        512M (100%)        512M (100%)        512M (100%)        512M (100%)   
[2025-12-18T08:24:41.268+0530][info][gc,heap     ] GC(49)      Free:       98M (19%)           0M (0%)           66M (13%)         130M (25%)         130M (25%)           0M (0%)     
[2025-12-18T08:24:41.268+0530][info][gc,heap     ] GC(49)      Used:      414M (81%)         512M (100%)        446M (87%)         382M (75%)         512M (100%)        382M (75%)    
[2025-12-18T08:24:41.268+0530][info][gc,heap     ] GC(49)      Live:         -               248M (48%)         248M (48%)         248M (48%)            -                  -          
[2025-12-18T08:24:41.268+0530][info][gc,heap     ] GC(49) Allocated:         -                98M (19%)         114M (22%)         113M (22%)            -                  -          
[2025-12-18T08:24:41.268+0530][info][gc,heap     ] GC(49)   Garbage:         -               165M (32%)          83M (16%)          19M (4%)             -                  -          
[2025-12-18T08:24:41.268+0530][info][gc,heap     ] GC(49) Reclaimed:         -                  -                82M (16%)         145M (29%)            -                  -          
[2025-12-18T08:24:41.268+0530][info][gc          ] GC(49) Garbage Collection (Allocation Stall) 414M(81%)->382M(75%)
[2025-12-18T08:24:41.317+0530][info][gc,start    ] GC(50) Garbage Collection (Allocation Stall)
[2025-12-18T08:24:41.317+0530][info][gc,ref      ] GC(50) Clearing All SoftReferences
[2025-12-18T08:24:41.317+0530][info][gc,task     ] GC(50) Using 2 workers
[2025-12-18T08:24:41.317+0530][info][gc,ref      ] GC(50) Clearing All SoftReferences
[2025-12-18T08:24:41.317+0530][info][gc,phases   ] GC(50) Pause Mark Start 0.056ms
[2025-12-18T08:24:41.440+0530][info][gc,phases   ] GC(50) Concurrent Mark 115.357ms
[2025-12-18T08:24:41.440+0530][info][gc,phases   ] GC(50) Pause Mark End 0.104ms
[2025-12-18T08:24:41.440+0530][info][gc,phases   ] GC(50) Concurrent Mark Free 0.001ms
[2025-12-18T08:24:41.441+0530][info][gc,phases   ] GC(50) Concurrent Process Non-Strong References 0.970ms
[2025-12-18T08:24:41.441+0530][info][gc,phases   ] GC(50) Concurrent Reset Relocation Set 0.004ms
[2025-12-18T08:24:41.441+0530][info][gc          ] Allocation Stall (Worker-4) 79.111ms
[2025-12-18T08:24:41.441+0530][info][gc          ] Allocation Stall (Worker-2) 79.472ms
[2025-12-18T08:24:41.441+0530][info][gc          ] Allocation Stall (Worker-1) 85.364ms
[2025-12-18T08:24:41.441+0530][info][gc          ] Allocation Stall (Worker-5) 79.941ms
[2025-12-18T08:24:41.441+0530][info][gc          ] Allocation Stall (Worker-6) 79.418ms
[2025-12-18T08:24:41.441+0530][info][gc          ] Allocation Stall (Worker-0) 80.063ms
[2025-12-18T08:24:41.441+0530][info][gc          ] Allocation Stall (Worker-3) 79.574ms
[2025-12-18T08:24:41.441+0530][info][gc          ] Allocation Stall (Worker-7) 79.967ms
[2025-12-18T08:24:41.445+0530][info][gc,phases   ] GC(50) Concurrent Select Relocation Set 3.578ms
[2025-12-18T08:24:41.445+0530][info][gc,phases   ] GC(50) Pause Relocate Start 0.010ms
[2025-12-18T08:24:41.462+0530][info][gc,phases   ] GC(50) Concurrent Relocate 1.804ms
[2025-12-18T08:24:41.462+0530][info][gc,load     ] GC(50) Load: 0.00/0.00/0.00
[2025-12-18T08:24:41.462+0530][info][gc,mmu      ] GC(50) MMU: 2ms/93.3%, 5ms/97.1%, 10ms/98.6%, 20ms/99.3%, 50ms/99.7%, 100ms/99.8%
[2025-12-18T08:24:41.462+0530][info][gc,marking  ] GC(50) Mark: 2 stripe(s), 2 proactive flush(es), 1 terminate flush(es), 1 completion(s), 0 continuation(s) 
[2025-12-18T08:24:41.462+0530][info][gc,marking  ] GC(50) Mark Stack Usage: 32M
[2025-12-18T08:24:41.462+0530][info][gc,nmethod  ] GC(50) NMethods: 597 registered, 64 unregistered
[2025-12-18T08:24:41.462+0530][info][gc,metaspace] GC(50) Metaspace: 3M used, 4M committed, 1088M reserved
[2025-12-18T08:24:41.462+0530][info][gc,ref      ] GC(50) Soft: 157 encountered, 70 discovered, 0 enqueued
[2025-12-18T08:24:41.462+0530][info][gc,ref      ] GC(50) Weak: 539 encountered, 6 discovered, 0 enqueued
[2025-12-18T08:24:41.462+0530][info][gc,ref      ] GC(50) Final: 0 encountered, 0 discovered, 0 enqueued
[2025-12-18T08:24:41.462+0530][info][gc,ref      ] GC(50) Phantom: 7 encountered, 3 discovered, 0 enqueued
[2025-12-18T08:24:41.462+0530][info][gc,reloc    ] GC(50) Small Pages: 220 / 440M, Empty: 158M, Relocated: 1M, In-Place: 0
[2025-12-18T08:24:41.462+0530][info][gc,reloc    ] GC(50) Medium Pages: 1 / 16M, Empty: 0M, Relocated: 0M, In-Place: 0
[2025-12-18T08:24:41.462+0530][info][gc,reloc    ] GC(50) Large Pages: 1 / 6M, Empty: 0M, Relocated: 0M, In-Place: 0
[2025-12-18T08:24:41.462+0530][info][gc,reloc    ] GC(50) Forwarding Usage: 0M
[2025-12-18T08:24:41.462+0530][info][gc,heap     ] GC(50) Min Capacity: 512M(100%)
[2025-12-18T08:24:41.462+0530][info][gc,heap     ] GC(50) Max Capacity: 512M(100%)
[2025-12-18T08:24:41.462+0530][info][gc,heap     ] GC(50) Soft Max Capacity: 512M(100%)
[2025-12-18T08:24:41.462+0530][info][gc,heap     ] GC(50)                Mark Start          Mark End        Relocate Start      Relocate End           High               Low         
[2025-12-18T08:24:41.462+0530][info][gc,heap     ] GC(50)  Capacity:      512M (100%)        512M (100%)        512M (100%)        512M (100%)        512M (100%)        512M (100%)   
[2025-12-18T08:24:41.462+0530][info][gc,heap     ] GC(50)      Free:       50M (10%)           0M (0%)          146M (29%)         166M (32%)         166M (32%)           0M (0%)     
[2025-12-18T08:24:41.462+0530][info][gc,heap     ] GC(50)      Used:      462M (90%)         512M (100%)        366M (71%)         346M (68%)         512M (100%)        346M (68%)    
[2025-12-18T08:24:41.462+0530][info][gc,heap     ] GC(50)      Live:         -               248M (48%)         248M (48%)         248M (48%)            -                  -          
[2025-12-18T08:24:41.462+0530][info][gc,heap     ] GC(50) Allocated:         -                50M (10%)          62M (12%)          77M (15%)            -                  -          
[2025-12-18T08:24:41.462+0530][info][gc,heap     ] GC(50)   Garbage:         -               213M (42%)          55M (11%)          20M (4%)             -                  -          
[2025-12-18T08:24:41.462+0530][info][gc,heap     ] GC(50) Reclaimed:         -                  -               158M (31%)         193M (38%)            -                  -          
[2025-12-18T08:24:41.463+0530][info][gc          ] GC(50) Garbage Collection (Allocation Stall) 462M(90%)->346M(68%)
[2025-12-18T08:24:41.516+0530][info][gc,start    ] GC(51) Garbage Collection (Allocation Stall)
[2025-12-18T08:24:41.516+0530][info][gc,ref      ] GC(51) Clearing All SoftReferences
[2025-12-18T08:24:41.516+0530][info][gc,task     ] GC(51) Using 2 workers
[2025-12-18T08:24:41.516+0530][info][gc,ref      ] GC(51) Clearing All SoftReferences
[2025-12-18T08:24:41.516+0530][info][gc,phases   ] GC(51) Pause Mark Start 0.093ms
[2025-12-18T08:24:41.655+0530][info][gc,phases   ] GC(51) Concurrent Mark 128.263ms
[2025-12-18T08:24:41.655+0530][info][gc,phases   ] GC(51) Pause Mark End 0.091ms
[2025-12-18T08:24:41.655+0530][info][gc,phases   ] GC(51) Concurrent Mark Free 0.002ms
[2025-12-18T08:24:41.656+0530][info][gc,phases   ] GC(51) Concurrent Process Non-Strong References 1.130ms
[2025-12-18T08:24:41.656+0530][info][gc,phases   ] GC(51) Concurrent Reset Relocation Set 0.002ms
[2025-12-18T08:24:41.659+0530][info][gc          ] Allocation Stall (Worker-4) 54.171ms
[2025-12-18T08:24:41.659+0530][info][gc          ] Allocation Stall (Worker-1) 52.698ms
[2025-12-18T08:24:41.659+0530][info][gc          ] Allocation Stall (Worker-3) 53.449ms
[2025-12-18T08:24:41.659+0530][info][gc          ] Allocation Stall (Worker-6) 63.164ms
[2025-12-18T08:24:41.659+0530][info][gc          ] Allocation Stall (Worker-0) 60.215ms
[2025-12-18T08:24:41.659+0530][info][gc          ] Allocation Stall (Worker-5) 59.422ms
[2025-12-18T08:24:41.659+0530][info][gc          ] Allocation Stall (Worker-2) 58.717ms
[2025-12-18T08:24:41.659+0530][info][gc          ] Allocation Stall (Worker-7) 57.803ms
[2025-12-18T08:24:41.659+0530][info][gc,phases   ] GC(51) Concurrent Select Relocation Set 2.978ms
[2025-12-18T08:24:41.660+0530][info][gc,phases   ] GC(51) Pause Relocate Start 0.009ms
[2025-12-18T08:24:41.663+0530][info][gc,phases   ] GC(51) Concurrent Relocate 1.404ms
[2025-12-18T08:24:41.663+0530][info][gc,load     ] GC(51) Load: 0.00/0.00/0.00
[2025-12-18T08:24:41.663+0530][info][gc,mmu      ] GC(51) MMU: 2ms/93.3%, 5ms/97.1%, 10ms/98.6%, 20ms/99.3%, 50ms/99.7%, 100ms/99.8%
[2025-12-18T08:24:41.663+0530][info][gc,marking  ] GC(51) Mark: 2 stripe(s), 2 proactive flush(es), 1 terminate flush(es), 1 completion(s), 0 continuation(s) 
[2025-12-18T08:24:41.663+0530][info][gc,marking  ] GC(51) Mark Stack Usage: 32M
[2025-12-18T08:24:41.663+0530][info][gc,nmethod  ] GC(51) NMethods: 597 registered, 64 unregistered
[2025-12-18T08:24:41.663+0530][info][gc,metaspace] GC(51) Metaspace: 3M used, 4M committed, 1088M reserved
[2025-12-18T08:24:41.663+0530][info][gc,ref      ] GC(51) Soft: 157 encountered, 77 discovered, 0 enqueued
[2025-12-18T08:24:41.663+0530][info][gc,ref      ] GC(51) Weak: 539 encountered, 4 discovered, 0 enqueued
[2025-12-18T08:24:41.663+0530][info][gc,ref      ] GC(51) Final: 0 encountered, 0 discovered, 0 enqueued
[2025-12-18T08:24:41.663+0530][info][gc,ref      ] GC(51) Phantom: 7 encountered, 5 discovered, 0 enqueued
[2025-12-18T08:24:41.663+0530][info][gc,reloc    ] GC(51) Small Pages: 205 / 410M, Empty: 116M, Relocated: 1M, In-Place: 0
[2025-12-18T08:24:41.663+0530][info][gc,reloc    ] GC(51) Medium Pages: 1 / 16M, Empty: 0M, Relocated: 0M, In-Place: 0
[2025-12-18T08:24:41.663+0530][info][gc,reloc    ] GC(51) Large Pages: 1 / 6M, Empty: 0M, Relocated: 0M, In-Place: 0
[2025-12-18T08:24:41.663+0530][info][gc,reloc    ] GC(51) Forwarding Usage: 0M
[2025-12-18T08:24:41.663+0530][info][gc,heap     ] GC(51) Min Capacity: 512M(100%)
[2025-12-18T08:24:41.663+0530][info][gc,heap     ] GC(51) Max Capacity: 512M(100%)
[2025-12-18T08:24:41.663+0530][info][gc,heap     ] GC(51) Soft Max Capacity: 512M(100%)
[2025-12-18T08:24:41.663+0530][info][gc,heap     ] GC(51)                Mark Start          Mark End        Relocate Start      Relocate End           High               Low         
[2025-12-18T08:24:41.663+0530][info][gc,heap     ] GC(51)  Capacity:      512M (100%)        512M (100%)        512M (100%)        512M (100%)        512M (100%)        512M (100%)   
[2025-12-18T08:24:41.663+0530][info][gc,heap     ] GC(51)      Free:       80M (16%)           0M (0%)          100M (20%)         148M (29%)         148M (29%)           0M (0%)     
[2025-12-18T08:24:41.663+0530][info][gc,heap     ] GC(51)      Used:      432M (84%)         512M (100%)        412M (80%)         364M (71%)         512M (100%)        364M (71%)    
[2025-12-18T08:24:41.663+0530][info][gc,heap     ] GC(51)      Live:         -               248M (48%)         248M (48%)         248M (48%)            -                  -          
[2025-12-18T08:24:41.663+0530][info][gc,heap     ] GC(51) Allocated:         -                80M (16%)          96M (19%)          95M (19%)            -                  -          
[2025-12-18T08:24:41.664+0530][info][gc,heap     ] GC(51)   Garbage:         -               183M (36%)          67M (13%)          19M (4%)             -                  -          
[2025-12-18T08:24:41.664+0530][info][gc,heap     ] GC(51) Reclaimed:         -                  -               116M (23%)         163M (32%)            -                  -          
[2025-12-18T08:24:41.664+0530][info][gc          ] GC(51) Garbage Collection (Allocation Stall) 432M(84%)->364M(71%)
[2025-12-18T08:24:41.717+0530][info][gc,start    ] GC(52) Garbage Collection (Allocation Stall)
[2025-12-18T08:24:41.717+0530][info][gc,ref      ] GC(52) Clearing All SoftReferences
[2025-12-18T08:24:41.717+0530][info][gc,task     ] GC(52) Using 2 workers
[2025-12-18T08:24:41.717+0530][info][gc,ref      ] GC(52) Clearing All SoftReferences
[2025-12-18T08:24:41.717+0530][info][gc,phases   ] GC(52) Pause Mark Start 0.058ms
[2025-12-18T08:24:41.852+0530][info][gc,phases   ] GC(52) Concurrent Mark 134.367ms
[2025-12-18T08:24:41.852+0530][info][gc,phases   ] GC(52) Pause Mark End 0.021ms
[2025-12-18T08:24:41.852+0530][info][gc,phases   ] GC(52) Concurrent Mark Free 0.001ms
[2025-12-18T08:24:41.853+0530][info][gc,phases   ] GC(52) Concurrent Process Non-Strong References 1.021ms
[2025-12-18T08:24:41.853+0530][info][gc,phases   ] GC(52) Concurrent Reset Relocation Set 0.003ms
[2025-12-18T08:24:41.853+0530][info][gc          ] Allocation Stall (Worker-7) 54.023ms
[2025-12-18T08:24:41.853+0530][info][gc          ] Allocation Stall (Worker-5) 55.583ms
[2025-12-18T08:24:41.853+0530][info][gc          ] Allocation Stall (Worker-4) 50.051ms
[2025-12-18T08:24:41.853+0530][info][gc          ] Allocation Stall (Worker-1) 59.329ms
[2025-12-18T08:24:41.853+0530][info][gc          ] Allocation Stall (Worker-0) 56.872ms
[2025-12-18T08:24:41.853+0530][info][gc          ] Allocation Stall (Worker-2) 55.916ms
[2025-12-18T08:24:41.853+0530][info][gc          ] Allocation Stall (Worker-6) 60.186ms
[2025-12-18T08:24:41.853+0530][info][gc          ] Allocation Stall (Worker-3) 59.067ms
[2025-12-18T08:24:41.857+0530][info][gc,phases   ] GC(52) Concurrent Select Relocation Set 3.691ms
[2025-12-18T08:24:41.857+0530][info][gc,phases   ] GC(52) Pause Relocate Start 0.011ms
[2025-12-18T08:24:41.866+0530][info][gc,phases   ] GC(52) Concurrent Relocate 1.599ms
[2025-12-18T08:24:41.866+0530][info][gc,load     ] GC(52) Load: 0.00/0.00/0.00
[2025-12-18T08:24:41.866+0530][info][gc,mmu      ] GC(52) MMU: 2ms/93.3%, 5ms/97.1%, 10ms/98.6%, 20ms/99.3%, 50ms/99.7%, 100ms/99.8%
[2025-12-18T08:24:41.866+0530][info][gc,marking  ] GC(52) Mark: 2 stripe(s), 2 proactive flush(es), 1 terminate flush(es), 0 completion(s), 0 continuation(s) 
[2025-12-18T08:24:41.866+0530][info][gc,marking  ] GC(52) Mark Stack Usage: 32M
[2025-12-18T08:24:41.866+0530][info][gc,nmethod  ] GC(52) NMethods: 597 registered, 64 unregistered
[2025-12-18T08:24:41.866+0530][info][gc,metaspace] GC(52) Metaspace: 3M used, 4M committed, 1088M reserved
[2025-12-18T08:24:41.866+0530][info][gc,ref      ] GC(52) Soft: 157 encountered, 71 discovered, 0 enqueued
[2025-12-18T08:24:41.866+0530][info][gc,ref      ] GC(52) Weak: 539 encountered, 9 discovered, 0 enqueued
[2025-12-18T08:24:41.866+0530][info][gc,ref      ] GC(52) Final: 0 encountered, 0 discovered, 0 enqueued
[2025-12-18T08:24:41.867+0530][info][gc,ref      ] GC(52) Phantom: 7 encountered, 3 discovered, 0 enqueued
[2025-12-18T08:24:41.867+0530][info][gc,reloc    ] GC(52) Small Pages: 205 / 410M, Empty: 132M, Relocated: 1M, In-Place: 0
[2025-12-18T08:24:41.867+0530][info][gc,reloc    ] GC(52) Medium Pages: 1 / 16M, Empty: 0M, Relocated: 0M, In-Place: 0
[2025-12-18T08:24:41.867+0530][info][gc,reloc    ] GC(52) Large Pages: 1 / 6M, Empty: 0M, Relocated: 0M, In-Place: 0
[2025-12-18T08:24:41.867+0530][info][gc,reloc    ] GC(52) Forwarding Usage: 0M
[2025-12-18T08:24:41.867+0530][info][gc,heap     ] GC(52) Min Capacity: 512M(100%)
[2025-12-18T08:24:41.867+0530][info][gc,heap     ] GC(52) Max Capacity: 512M(100%)
[2025-12-18T08:24:41.867+0530][info][gc,heap     ] GC(52) Soft Max Capacity: 512M(100%)
[2025-12-18T08:24:41.867+0530][info][gc,heap     ] GC(52)                Mark Start          Mark End        Relocate Start      Relocate End           High               Low         
[2025-12-18T08:24:41.867+0530][info][gc,heap     ] GC(52)  Capacity:      512M (100%)        512M (100%)        512M (100%)        512M (100%)        512M (100%)        512M (100%)   
[2025-12-18T08:24:41.867+0530][info][gc,heap     ] GC(52)      Free:       80M (16%)           0M (0%)          118M (23%)         148M (29%)         148M (29%)           0M (0%)     
[2025-12-18T08:24:41.867+0530][info][gc,heap     ] GC(52)      Used:      432M (84%)         512M (100%)        394M (77%)         364M (71%)         512M (100%)        364M (71%)    
[2025-12-18T08:24:41.867+0530][info][gc,heap     ] GC(52)      Live:         -               248M (48%)         248M (48%)         248M (48%)            -                  -          
[2025-12-18T08:24:41.867+0530][info][gc,heap     ] GC(52) Allocated:         -                80M (16%)          94M (18%)          95M (19%)            -                  -          
[2025-12-18T08:24:41.867+0530][info][gc,heap     ] GC(52)   Garbage:         -               183M (36%)          51M (10%)          19M (4%)             -                  -          
[2025-12-18T08:24:41.867+0530][info][gc,heap     ] GC(52) Reclaimed:         -                  -               132M (26%)         163M (32%)            -                  -          
[2025-12-18T08:24:41.867+0530][info][gc          ] GC(52) Garbage Collection (Allocation Stall) 432M(84%)->364M(71%)
[2025-12-18T08:24:41.917+0530][info][gc,start    ] GC(53) Garbage Collection (Allocation Stall)
[2025-12-18T08:24:41.917+0530][info][gc,ref      ] GC(53) Clearing All SoftReferences
[2025-12-18T08:24:41.917+0530][info][gc,task     ] GC(53) Using 2 workers
[2025-12-18T08:24:41.917+0530][info][gc,ref      ] GC(53) Clearing All SoftReferences
[2025-12-18T08:24:41.917+0530][info][gc,phases   ] GC(53) Pause Mark Start 0.060ms
[2025-12-18T08:24:42.046+0530][info][gc,phases   ] GC(53) Concurrent Mark 126.260ms
[2025-12-18T08:24:42.046+0530][info][gc,phases   ] GC(53) Pause Mark End 0.091ms
[2025-12-18T08:24:42.046+0530][info][gc,phases   ] GC(53) Concurrent Mark Free 0.001ms
[2025-12-18T08:24:42.047+0530][info][gc,phases   ] GC(53) Concurrent Process Non-Strong References 1.129ms
[2025-12-18T08:24:42.047+0530][info][gc,phases   ] GC(53) Concurrent Reset Relocation Set 0.002ms
[2025-12-18T08:24:42.047+0530][info][gc          ] Allocation Stall (Worker-0) 61.794ms
[2025-12-18T08:24:42.047+0530][info][gc          ] Allocation Stall (Worker-7) 61.708ms
[2025-12-18T08:24:42.047+0530][info][gc          ] Allocation Stall (Worker-3) 60.148ms
[2025-12-18T08:24:42.047+0530][info][gc          ] Allocation Stall (Worker-6) 69.403ms
[2025-12-18T08:24:42.048+0530][info][gc          ] Allocation Stall (Worker-1) 67.023ms
[2025-12-18T08:24:42.048+0530][info][gc          ] Allocation Stall (Worker-5) 69.306ms
[2025-12-18T08:24:42.048+0530][info][gc          ] Allocation Stall (Worker-4) 62.208ms
[2025-12-18T08:24:42.048+0530][info][gc          ] Allocation Stall (Worker-2) 66.171ms
[2025-12-18T08:24:42.051+0530][info][gc,phases   ] GC(53) Concurrent Select Relocation Set 3.739ms
[2025-12-18T08:24:42.059+0530][info][gc,phases   ] GC(53) Pause Relocate Start 0.014ms
[2025-12-18T08:24:42.064+0530][info][gc,phases   ] GC(53) Concurrent Relocate 1.700ms
[2025-12-18T08:24:42.064+0530][info][gc,load     ] GC(53) Load: 0.00/0.00/0.00
[2025-12-18T08:24:42.064+0530][info][gc,mmu      ] GC(53) MMU: 2ms/93.3%, 5ms/97.1%, 10ms/98.6%, 20ms/99.3%, 50ms/99.7%, 100ms/99.8%
[2025-12-18T08:24:42.064+0530][info][gc,marking  ] GC(53) Mark: 2 stripe(s), 2 proactive flush(es), 1 terminate flush(es), 1 completion(s), 0 continuation(s) 
[2025-12-18T08:24:42.064+0530][info][gc,marking  ] GC(53) Mark Stack Usage: 32M
[2025-12-18T08:24:42.064+0530][info][gc,nmethod  ] GC(53) NMethods: 597 registered, 64 unregistered
[2025-12-18T08:24:42.064+0530][info][gc,metaspace] GC(53) Metaspace: 3M used, 4M committed, 1088M reserved
[2025-12-18T08:24:42.064+0530][info][gc,ref      ] GC(53) Soft: 157 encountered, 87 discovered, 0 enqueued
[2025-12-18T08:24:42.064+0530][info][gc,ref      ] GC(53) Weak: 539 encountered, 389 discovered, 0 enqueued
[2025-12-18T08:24:42.064+0530][info][gc,ref      ] GC(53) Final: 0 encountered, 0 discovered, 0 enqueued
[2025-12-18T08:24:42.064+0530][info][gc,ref      ] GC(53) Phantom: 7 encountered, 3 discovered, 0 enqueued
[2025-12-18T08:24:42.064+0530][info][gc,reloc    ] GC(53) Small Pages: 211 / 422M, Empty: 144M, Relocated: 1M, In-Place: 0
[2025-12-18T08:24:42.064+0530][info][gc,reloc    ] GC(53) Medium Pages: 1 / 16M, Empty: 0M, Relocated: 0M, In-Place: 0
[2025-12-18T08:24:42.064+0530][info][gc,reloc    ] GC(53) Large Pages: 1 / 6M, Empty: 0M, Relocated: 0M, In-Place: 0
[2025-12-18T08:24:42.064+0530][info][gc,reloc    ] GC(53) Forwarding Usage: 0M
[2025-12-18T08:24:42.064+0530][info][gc,heap     ] GC(53) Min Capacity: 512M(100%)
[2025-12-18T08:24:42.064+0530][info][gc,heap     ] GC(53) Max Capacity: 512M(100%)
[2025-12-18T08:24:42.064+0530][info][gc,heap     ] GC(53) Soft Max Capacity: 512M(100%)
[2025-12-18T08:24:42.064+0530][info][gc,heap     ] GC(53)                Mark Start          Mark End        Relocate Start      Relocate End           High               Low         
[2025-12-18T08:24:42.064+0530][info][gc,heap     ] GC(53)  Capacity:      512M (100%)        512M (100%)        512M (100%)        512M (100%)        512M (100%)        512M (100%)   
[2025-12-18T08:24:42.064+0530][info][gc,heap     ] GC(53)      Free:       68M (13%)           0M (0%)          130M (25%)         156M (30%)         156M (30%)           0M (0%)     
[2025-12-18T08:24:42.064+0530][info][gc,heap     ] GC(53)      Used:      444M (87%)         512M (100%)        382M (75%)         356M (70%)         512M (100%)        356M (70%)    
[2025-12-18T08:24:42.065+0530][info][gc,heap     ] GC(53)      Live:         -               248M (48%)         248M (48%)         248M (48%)            -                  -          
[2025-12-18T08:24:42.065+0530][info][gc,heap     ] GC(53) Allocated:         -                68M (13%)          82M (16%)          87M (17%)            -                  -          
[2025-12-18T08:24:42.065+0530][info][gc,heap     ] GC(53)   Garbage:         -               195M (38%)          51M (10%)          19M (4%)             -                  -          
[2025-12-18T08:24:42.065+0530][info][gc,heap     ] GC(53) Reclaimed:         -                  -               144M (28%)         175M (34%)            -                  -          
[2025-12-18T08:24:42.065+0530][info][gc          ] GC(53) Garbage Collection (Allocation Stall) 444M(87%)->356M(70%)
[2025-12-18T08:24:42.117+0530][info][gc,start    ] GC(54) Garbage Collection (Allocation Stall)
[2025-12-18T08:24:42.117+0530][info][gc,ref      ] GC(54) Clearing All SoftReferences
[2025-12-18T08:24:42.117+0530][info][gc,task     ] GC(54) Using 2 workers
[2025-12-18T08:24:42.117+0530][info][gc,ref      ] GC(54) Clearing All SoftReferences
[2025-12-18T08:24:42.117+0530][info][gc,phases   ] GC(54) Pause Mark Start 0.057ms
[2025-12-18T08:24:42.253+0530][info][gc,phases   ] GC(54) Concurrent Mark 134.392ms
[2025-12-18T08:24:42.253+0530][info][gc,phases   ] GC(54) Pause Mark End 0.106ms
[2025-12-18T08:24:42.253+0530][info][gc,phases   ] GC(54) Concurrent Mark Free 0.001ms
[2025-12-18T08:24:42.254+0530][info][gc,phases   ] GC(54) Concurrent Process Non-Strong References 1.012ms
[2025-12-18T08:24:42.254+0530][info][gc,phases   ] GC(54) Concurrent Reset Relocation Set 0.003ms
[2025-12-18T08:24:42.257+0530][info][gc          ] Allocation Stall (Worker-6) 59.063ms
[2025-12-18T08:24:42.257+0530][info][gc          ] Allocation Stall (Worker-5) 58.628ms
[2025-12-18T08:24:42.257+0530][info][gc          ] Allocation Stall (Worker-3) 53.956ms
[2025-12-18T08:24:42.257+0530][info][gc          ] Allocation Stall (Worker-1) 69.236ms
[2025-12-18T08:24:42.257+0530][info][gc          ] Allocation Stall (Worker-7) 66.850ms
[2025-12-18T08:24:42.257+0530][info][gc          ] Allocation Stall (Worker-0) 64.843ms
[2025-12-18T08:24:42.257+0530][info][gc          ] Allocation Stall (Worker-4) 64.159ms
[2025-12-18T08:24:42.257+0530][info][gc          ] Allocation Stall (Worker-2) 59.538ms
[2025-12-18T08:24:42.257+0530][info][gc,phases   ] GC(54) Concurrent Select Relocation Set 3.373ms
[2025-12-18T08:24:42.258+0530][info][gc,phases   ] GC(54) Pause Relocate Start 0.011ms
[2025-12-18T08:24:42.266+0530][info][gc,phases   ] GC(54) Concurrent Relocate 1.652ms
[2025-12-18T08:24:42.266+0530][info][gc,load     ] GC(54) Load: 0.00/0.00/0.00
[2025-12-18T08:24:42.266+0530][info][gc,mmu      ] GC(54) MMU: 2ms/93.3%, 5ms/97.1%, 10ms/98.6%, 20ms/99.3%, 50ms/99.7%, 100ms/99.8%
[2025-12-18T08:24:42.266+0530][info][gc,marking  ] GC(54) Mark: 2 stripe(s), 2 proactive flush(es), 1 terminate flush(es), 1 completion(s), 0 continuation(s) 
[2025-12-18T08:24:42.266+0530][info][gc,marking  ] GC(54) Mark Stack Usage: 32M
[2025-12-18T08:24:42.266+0530][info][gc,nmethod  ] GC(54) NMethods: 605 registered, 64 unregistered
[2025-12-18T08:24:42.267+0530][info][gc,metaspace] GC(54) Metaspace: 3M used, 4M committed, 1088M reserved
[2025-12-18T08:24:42.267+0530][info][gc,ref      ] GC(54) Soft: 157 encountered, 90 discovered, 0 enqueued
[2025-12-18T08:24:42.267+0530][info][gc,ref      ] GC(54) Weak: 539 encountered, 415 discovered, 0 enqueued
[2025-12-18T08:24:42.267+0530][info][gc,ref      ] GC(54) Final: 0 encountered, 0 discovered, 0 enqueued
[2025-12-18T08:24:42.267+0530][info][gc,ref      ] GC(54) Phantom: 7 encountered, 5 discovered, 0 enqueued
[2025-12-18T08:24:42.267+0530][info][gc,reloc    ] GC(54) Small Pages: 204 / 408M, Empty: 126M, Relocated: 1M, In-Place: 0
[2025-12-18T08:24:42.267+0530][info][gc,reloc    ] GC(54) Medium Pages: 1 / 16M, Empty: 0M, Relocated: 0M, In-Place: 0
[2025-12-18T08:24:42.267+0530][info][gc,reloc    ] GC(54) Large Pages: 1 / 6M, Empty: 0M, Relocated: 0M, In-Place: 0
[2025-12-18T08:24:42.267+0530][info][gc,reloc    ] GC(54) Forwarding Usage: 0M
[2025-12-18T08:24:42.267+0530][info][gc,heap     ] GC(54) Min Capacity: 512M(100%)
[2025-12-18T08:24:42.267+0530][info][gc,heap     ] GC(54) Max Capacity: 512M(100%)
[2025-12-18T08:24:42.267+0530][info][gc,heap     ] GC(54) Soft Max Capacity: 512M(100%)
[2025-12-18T08:24:42.267+0530][info][gc,heap     ] GC(54)                Mark Start          Mark End        Relocate Start      Relocate End           High               Low         
[2025-12-18T08:24:42.267+0530][info][gc,heap     ] GC(54)  Capacity:      512M (100%)        512M (100%)        512M (100%)        512M (100%)        512M (100%)        512M (100%)   
[2025-12-18T08:24:42.267+0530][info][gc,heap     ] GC(54)      Free:       82M (16%)           0M (0%)          112M (22%)         148M (29%)         148M (29%)           0M (0%)     
[2025-12-18T08:24:42.267+0530][info][gc,heap     ] GC(54)      Used:      430M (84%)         512M (100%)        400M (78%)         364M (71%)         512M (100%)        364M (71%)    
[2025-12-18T08:24:42.267+0530][info][gc,heap     ] GC(54)      Live:         -               248M (48%)         248M (48%)         248M (48%)            -                  -          
[2025-12-18T08:24:42.267+0530][info][gc,heap     ] GC(54) Allocated:         -                82M (16%)          96M (19%)          95M (19%)            -                  -          
[2025-12-18T08:24:42.267+0530][info][gc,heap     ] GC(54)   Garbage:         -               181M (36%)          55M (11%)          19M (4%)             -                  -          
[2025-12-18T08:24:42.267+0530][info][gc,heap     ] GC(54) Reclaimed:         -                  -               126M (25%)         161M (32%)            -                  -          
[2025-12-18T08:24:42.267+0530][info][gc          ] GC(54) Garbage Collection (Allocation Stall) 430M(84%)->364M(71%)
[2025-12-18T08:24:42.317+0530][info][gc,start    ] GC(55) Garbage Collection (Allocation Stall)
[2025-12-18T08:24:42.317+0530][info][gc,ref      ] GC(55) Clearing All SoftReferences
[2025-12-18T08:24:42.317+0530][info][gc,task     ] GC(55) Using 2 workers
[2025-12-18T08:24:42.317+0530][info][gc,ref      ] GC(55) Clearing All SoftReferences
[2025-12-18T08:24:42.317+0530][info][gc,phases   ] GC(55) Pause Mark Start 0.107ms
[2025-12-18T08:24:42.464+0530][info][gc,phases   ] GC(55) Concurrent Mark 144.494ms
[2025-12-18T08:24:42.464+0530][info][gc,phases   ] GC(55) Pause Mark End 0.140ms
[2025-12-18T08:24:42.464+0530][info][gc,phases   ] GC(55) Concurrent Mark Free 0.002ms
[2025-12-18T08:24:42.466+0530][info][gc,phases   ] GC(55) Concurrent Process Non-Strong References 1.350ms
[2025-12-18T08:24:42.466+0530][info][gc,phases   ] GC(55) Concurrent Reset Relocation Set 0.004ms
[2025-12-18T08:24:42.466+0530][info][gc          ] Allocation Stall (Worker-7) 75.894ms
[2025-12-18T08:24:42.466+0530][info][gc          ] Allocation Stall (Worker-2) 79.569ms
[2025-12-18T08:24:42.466+0530][info][gc          ] Allocation Stall (Worker-5) 80.212ms
[2025-12-18T08:24:42.466+0530][info][gc          ] Allocation Stall (Worker-6) 72.312ms
[2025-12-18T08:24:42.466+0530][info][gc          ] Allocation Stall (Worker-1) 77.515ms
[2025-12-18T08:24:42.466+0530][info][gc          ] Allocation Stall (Worker-0) 71.484ms
[2025-12-18T08:24:42.466+0530][info][gc          ] Allocation Stall (Worker-4) 70.868ms
[2025-12-18T08:24:42.466+0530][info][gc          ] Allocation Stall (Worker-3) 70.076ms
[2025-12-18T08:24:42.470+0530][info][gc,phases   ] GC(55) Concurrent Select Relocation Set 4.559ms
[2025-12-18T08:24:42.470+0530][info][gc,phases   ] GC(55) Pause Relocate Start 0.012ms
[2025-12-18T08:24:42.474+0530][info][gc,phases   ] GC(55) Concurrent Relocate 1.401ms
[2025-12-18T08:24:42.474+0530][info][gc,load     ] GC(55) Load: 0.00/0.00/0.00
[2025-12-18T08:24:42.474+0530][info][gc,mmu      ] GC(55) MMU: 2ms/93.0%, 5ms/97.1%, 10ms/98.5%, 20ms/99.2%, 50ms/99.7%, 100ms/99.8%
[2025-12-18T08:24:42.474+0530][info][gc,marking  ] GC(55) Mark: 2 stripe(s), 2 proactive flush(es), 1 terminate flush(es), 1 completion(s), 0 continuation(s) 
[2025-12-18T08:24:42.474+0530][info][gc,marking  ] GC(55) Mark Stack Usage: 32M
[2025-12-18T08:24:42.474+0530][info][gc,nmethod  ] GC(55) NMethods: 605 registered, 64 unregistered
[2025-12-18T08:24:42.474+0530][info][gc,metaspace] GC(55) Metaspace: 3M used, 4M committed, 1088M reserved
[2025-12-18T08:24:42.474+0530][info][gc,ref      ] GC(55) Soft: 157 encountered, 77 discovered, 0 enqueued
[2025-12-18T08:24:42.474+0530][info][gc,ref      ] GC(55) Weak: 539 encountered, 381 discovered, 0 enqueued
[2025-12-18T08:24:42.474+0530][info][gc,ref      ] GC(55) Final: 0 encountered, 0 discovered, 0 enqueued
[2025-12-18T08:24:42.474+0530][info][gc,ref      ] GC(55) Phantom: 7 encountered, 3 discovered, 0 enqueued
[2025-12-18T08:24:42.474+0530][info][gc,reloc    ] GC(55) Small Pages: 206 / 412M, Empty: 132M, Relocated: 1M, In-Place: 0
[2025-12-18T08:24:42.474+0530][info][gc,reloc    ] GC(55) Medium Pages: 1 / 16M, Empty: 0M, Relocated: 0M, In-Place: 0
[2025-12-18T08:24:42.474+0530][info][gc,reloc    ] GC(55) Large Pages: 1 / 6M, Empty: 0M, Relocated: 0M, In-Place: 0
[2025-12-18T08:24:42.474+0530][info][gc,reloc    ] GC(55) Forwarding Usage: 0M
[2025-12-18T08:24:42.474+0530][info][gc,heap     ] GC(55) Min Capacity: 512M(100%)
[2025-12-18T08:24:42.474+0530][info][gc,heap     ] GC(55) Max Capacity: 512M(100%)
[2025-12-18T08:24:42.474+0530][info][gc,heap     ] GC(55) Soft Max Capacity: 512M(100%)
[2025-12-18T08:24:42.474+0530][info][gc,heap     ] GC(55)                Mark Start          Mark End        Relocate Start      Relocate End           High               Low         
[2025-12-18T08:24:42.474+0530][info][gc,heap     ] GC(55)  Capacity:      512M (100%)        512M (100%)        512M (100%)        512M (100%)        512M (100%)        512M (100%)   
[2025-12-18T08:24:42.474+0530][info][gc,heap     ] GC(55)      Free:       78M (15%)           0M (0%)          118M (23%)         152M (30%)         152M (30%)           0M (0%)     
[2025-12-18T08:24:42.474+0530][info][gc,heap     ] GC(55)      Used:      434M (85%)         512M (100%)        394M (77%)         360M (70%)         512M (100%)        360M (70%)    
[2025-12-18T08:24:42.474+0530][info][gc,heap     ] GC(55)      Live:         -               248M (48%)         248M (48%)         248M (48%)            -                  -          
[2025-12-18T08:24:42.474+0530][info][gc,heap     ] GC(55) Allocated:         -                78M (15%)          92M (18%)          91M (18%)            -                  -          
[2025-12-18T08:24:42.474+0530][info][gc,heap     ] GC(55)   Garbage:         -               185M (36%)          53M (11%)          19M (4%)             -                  -          
[2025-12-18T08:24:42.474+0530][info][gc,heap     ] GC(55) Reclaimed:         -                  -               132M (26%)         165M (32%)            -                  -          
[2025-12-18T08:24:42.474+0530][info][gc          ] GC(55) Garbage Collection (Allocation Stall) 434M(85%)->360M(70%)
[2025-12-18T08:24:42.526+0530][info][gc,start    ] GC(56) Garbage Collection (Allocation Stall)
[2025-12-18T08:24:42.526+0530][info][gc,ref      ] GC(56) Clearing All SoftReferences
[2025-12-18T08:24:42.526+0530][info][gc,task     ] GC(56) Using 2 workers
[2025-12-18T08:24:42.526+0530][info][gc,ref      ] GC(56) Clearing All SoftReferences
[2025-12-18T08:24:42.526+0530][info][gc,phases   ] GC(56) Pause Mark Start 0.083ms
[2025-12-18T08:24:42.683+0530][info][gc,phases   ] GC(56) Concurrent Mark 152.454ms
[2025-12-18T08:24:42.683+0530][info][gc,phases   ] GC(56) Pause Mark End 0.025ms
[2025-12-18T08:24:42.683+0530][info][gc,phases   ] GC(56) Concurrent Mark Free 0.002ms
[2025-12-18T08:24:42.683+0530][info][gc,phases   ] GC(56) Concurrent Process Non-Strong References 1.102ms
[2025-12-18T08:24:42.683+0530][info][gc,phases   ] GC(56) Concurrent Reset Relocation Set 0.002ms
[2025-12-18T08:24:42.687+0530][info][gc          ] Allocation Stall (Worker-1) 44.059ms
[2025-12-18T08:24:42.687+0530][info][gc          ] Allocation Stall (Worker-0) 43.107ms
[2025-12-18T08:24:42.687+0530][info][gc          ] Allocation Stall (Worker-4) 42.678ms
[2025-12-18T08:24:42.687+0530][info][gc          ] Allocation Stall (Worker-5) 52.216ms
[2025-12-18T08:24:42.687+0530][info][gc          ] Allocation Stall (Worker-7) 50.509ms
[2025-12-18T08:24:42.687+0530][info][gc          ] Allocation Stall (Worker-6) 48.533ms
[2025-12-18T08:24:42.687+0530][info][gc          ] Allocation Stall (Worker-2) 47.636ms
[2025-12-18T08:24:42.687+0530][info][gc          ] Allocation Stall (Worker-3) 45.370ms
[2025-12-18T08:24:42.687+0530][info][gc,phases   ] GC(56) Concurrent Select Relocation Set 3.024ms
[2025-12-18T08:24:42.687+0530][info][gc,phases   ] GC(56) Pause Relocate Start 0.011ms
[2025-12-18T08:24:42.691+0530][info][gc,phases   ] GC(56) Concurrent Relocate 1.446ms
[2025-12-18T08:24:42.691+0530][info][gc,load     ] GC(56) Load: 0.00/0.00/0.00
[2025-12-18T08:24:42.691+0530][info][gc,mmu      ] GC(56) MMU: 2ms/93.0%, 5ms/97.1%, 10ms/98.5%, 20ms/99.2%, 50ms/99.7%, 100ms/99.8%
[2025-12-18T08:24:42.691+0530][info][gc,marking  ] GC(56) Mark: 2 stripe(s), 2 proactive flush(es), 1 terminate flush(es), 0 completion(s), 0 continuation(s) 
[2025-12-18T08:24:42.691+0530][info][gc,marking  ] GC(56) Mark Stack Usage: 32M
[2025-12-18T08:24:42.691+0530][info][gc,nmethod  ] GC(56) NMethods: 605 registered, 64 unregistered
[2025-12-18T08:24:42.691+0530][info][gc,metaspace] GC(56) Metaspace: 3M used, 4M committed, 1088M reserved
[2025-12-18T08:24:42.691+0530][info][gc,ref      ] GC(56) Soft: 157 encountered, 88 discovered, 0 enqueued
[2025-12-18T08:24:42.691+0530][info][gc,ref      ] GC(56) Weak: 539 encountered, 392 discovered, 0 enqueued
[2025-12-18T08:24:42.691+0530][info][gc,ref      ] GC(56) Final: 0 encountered, 0 discovered, 0 enqueued
[2025-12-18T08:24:42.691+0530][info][gc,ref      ] GC(56) Phantom: 7 encountered, 3 discovered, 0 enqueued
[2025-12-18T08:24:42.691+0530][info][gc,reloc    ] GC(56) Small Pages: 193 / 386M, Empty: 108M, Relocated: 1M, In-Place: 0
[2025-12-18T08:24:42.691+0530][info][gc,reloc    ] GC(56) Medium Pages: 1 / 16M, Empty: 0M, Relocated: 0M, In-Place: 0
[2025-12-18T08:24:42.691+0530][info][gc,reloc    ] GC(56) Large Pages: 1 / 6M, Empty: 0M, Relocated: 0M, In-Place: 0
[2025-12-18T08:24:42.691+0530][info][gc,reloc    ] GC(56) Forwarding Usage: 0M
[2025-12-18T08:24:42.691+0530][info][gc,heap     ] GC(56) Min Capacity: 512M(100%)
[2025-12-18T08:24:42.691+0530][info][gc,heap     ] GC(56) Max Capacity: 512M(100%)
[2025-12-18T08:24:42.691+0530][info][gc,heap     ] GC(56) Soft Max Capacity: 512M(100%)
[2025-12-18T08:24:42.691+0530][info][gc,heap     ] GC(56)                Mark Start          Mark End        Relocate Start      Relocate End           High               Low         
[2025-12-18T08:24:42.691+0530][info][gc,heap     ] GC(56)  Capacity:      512M (100%)        512M (100%)        512M (100%)        512M (100%)        512M (100%)        512M (100%)   
[2025-12-18T08:24:42.691+0530][info][gc,heap     ] GC(56)      Free:      104M (20%)           0M (0%)           92M (18%)         124M (24%)         124M (24%)           0M (0%)     
[2025-12-18T08:24:42.691+0530][info][gc,heap     ] GC(56)      Used:      408M (80%)         512M (100%)        420M (82%)         388M (76%)         512M (100%)        388M (76%)    
[2025-12-18T08:24:42.691+0530][info][gc,heap     ] GC(56)      Live:         -               248M (48%)         248M (48%)         248M (48%)            -                  -          
[2025-12-18T08:24:42.691+0530][info][gc,heap     ] GC(56) Allocated:         -               104M (20%)         120M (23%)         119M (23%)            -                  -          
[2025-12-18T08:24:42.691+0530][info][gc,heap     ] GC(56)   Garbage:         -               159M (31%)          51M (10%)          19M (4%)             -                  -          
[2025-12-18T08:24:42.691+0530][info][gc,heap     ] GC(56) Reclaimed:         -                  -               108M (21%)         139M (27%)            -                  -          
[2025-12-18T08:24:42.691+0530][info][gc          ] GC(56) Garbage Collection (Allocation Stall) 408M(80%)->388M(76%)
[2025-12-18T08:24:42.730+0530][info][gc,start    ] GC(57) Garbage Collection (Allocation Stall)
[2025-12-18T08:24:42.730+0530][info][gc,ref      ] GC(57) Clearing All SoftReferences
[2025-12-18T08:24:42.730+0530][info][gc,task     ] GC(57) Using 2 workers
[2025-12-18T08:24:42.730+0530][info][gc,ref      ] GC(57) Clearing All SoftReferences
[2025-12-18T08:24:42.730+0530][info][gc,phases   ] GC(57) Pause Mark Start 0.046ms
[2025-12-18T08:24:42.879+0530][info][gc,phases   ] GC(57) Concurrent Mark 147.743ms
[2025-12-18T08:24:42.879+0530][info][gc,phases   ] GC(57) Pause Mark End 0.021ms
[2025-12-18T08:24:42.879+0530][info][gc,phases   ] GC(57) Concurrent Mark Free 0.002ms
[2025-12-18T08:24:42.879+0530][info][gc,phases   ] GC(57) Concurrent Process Non-Strong References 1.145ms
[2025-12-18T08:24:42.879+0530][info][gc,phases   ] GC(57) Concurrent Reset Relocation Set 0.002ms
[2025-12-18T08:24:42.879+0530][info][gc          ] Allocation Stall (Worker-3) 55.306ms
[2025-12-18T08:24:42.879+0530][info][gc          ] Allocation Stall (Worker-2) 55.000ms
[2025-12-18T08:24:42.879+0530][info][gc          ] Allocation Stall (Worker-4) 54.960ms
[2025-12-18T08:24:42.879+0530][info][gc          ] Allocation Stall (Worker-0) 59.426ms
[2025-12-18T08:24:42.879+0530][info][gc          ] Allocation Stall (Worker-1) 60.371ms
[2025-12-18T08:24:42.879+0530][info][gc          ] Allocation Stall (Worker-6) 59.336ms
[2025-12-18T08:24:42.879+0530][info][gc          ] Allocation Stall (Worker-5) 55.919ms
[2025-12-18T08:24:42.879+0530][info][gc          ] Allocation Stall (Worker-7) 55.898ms
[2025-12-18T08:24:42.883+0530][info][gc,phases   ] GC(57) Concurrent Select Relocation Set 3.799ms
[2025-12-18T08:24:42.883+0530][info][gc,phases   ] GC(57) Pause Relocate Start 0.011ms
[2025-12-18T08:24:42.887+0530][info][gc,phases   ] GC(57) Concurrent Relocate 1.390ms
[2025-12-18T08:24:42.887+0530][info][gc,load     ] GC(57) Load: 0.00/0.00/0.00
[2025-12-18T08:24:42.887+0530][info][gc,mmu      ] GC(57) MMU: 2ms/93.0%, 5ms/97.1%, 10ms/98.5%, 20ms/99.2%, 50ms/99.7%, 100ms/99.8%
[2025-12-18T08:24:42.887+0530][info][gc,marking  ] GC(57) Mark: 2 stripe(s), 2 proactive flush(es), 1 terminate flush(es), 0 completion(s), 0 continuation(s) 
[2025-12-18T08:24:42.887+0530][info][gc,marking  ] GC(57) Mark Stack Usage: 32M
[2025-12-18T08:24:42.887+0530][info][gc,nmethod  ] GC(57) NMethods: 605 registered, 64 unregistered
[2025-12-18T08:24:42.887+0530][info][gc,metaspace] GC(57) Metaspace: 3M used, 4M committed, 1088M reserved
[2025-12-18T08:24:42.887+0530][info][gc,ref      ] GC(57) Soft: 157 encountered, 78 discovered, 0 enqueued
[2025-12-18T08:24:42.887+0530][info][gc,ref      ] GC(57) Weak: 539 encountered, 387 discovered, 0 enqueued
[2025-12-18T08:24:42.887+0530][info][gc,ref      ] GC(57) Final: 0 encountered, 0 discovered, 0 enqueued
[2025-12-18T08:24:42.887+0530][info][gc,ref      ] GC(57) Phantom: 7 encountered, 3 discovered, 0 enqueued
[2025-12-18T08:24:42.887+0530][info][gc,reloc    ] GC(57) Small Pages: 207 / 414M, Empty: 138M, Relocated: 1M, In-Place: 0
[2025-12-18T08:24:42.887+0530][info][gc,reloc    ] GC(57) Medium Pages: 1 / 16M, Empty: 0M, Relocated: 0M, In-Place: 0
[2025-12-18T08:24:42.887+0530][info][gc,reloc    ] GC(57) Large Pages: 1 / 6M, Empty: 0M, Relocated: 0M, In-Place: 0
[2025-12-18T08:24:42.887+0530][info][gc,reloc    ] GC(57) Forwarding Usage: 0M
[2025-12-18T08:24:42.887+0530][info][gc,heap     ] GC(57) Min Capacity: 512M(100%)
[2025-12-18T08:24:42.887+0530][info][gc,heap     ] GC(57) Max Capacity: 512M(100%)
[2025-12-18T08:24:42.887+0530][info][gc,heap     ] GC(57) Soft Max Capacity: 512M(100%)
[2025-12-18T08:24:42.887+0530][info][gc,heap     ] GC(57)                Mark Start          Mark End        Relocate Start      Relocate End           High               Low         
[2025-12-18T08:24:42.887+0530][info][gc,heap     ] GC(57)  Capacity:      512M (100%)        512M (100%)        512M (100%)        512M (100%)        512M (100%)        512M (100%)   
[2025-12-18T08:24:42.887+0530][info][gc,heap     ] GC(57)      Free:       76M (15%)           0M (0%)          122M (24%)         152M (30%)         152M (30%)           0M (0%)     
[2025-12-18T08:24:42.887+0530][info][gc,heap     ] GC(57)      Used:      436M (85%)         512M (100%)        390M (76%)         360M (70%)         512M (100%)        360M (70%)    
[2025-12-18T08:24:42.887+0530][info][gc,heap     ] GC(57)      Live:         -               248M (48%)         248M (48%)         248M (48%)            -                  -          
[2025-12-18T08:24:42.887+0530][info][gc,heap     ] GC(57) Allocated:         -                76M (15%)          92M (18%)          91M (18%)            -                  -          
[2025-12-18T08:24:42.887+0530][info][gc,heap     ] GC(57)   Garbage:         -               187M (37%)          49M (10%)          19M (4%)             -                  -          
[2025-12-18T08:24:42.887+0530][info][gc,heap     ] GC(57) Reclaimed:         -                  -               138M (27%)         167M (33%)            -                  -          
[2025-12-18T08:24:42.887+0530][info][gc          ] GC(57) Garbage Collection (Allocation Stall) 436M(85%)->360M(70%)
[2025-12-18T08:24:42.926+0530][info][gc,start    ] GC(58) Garbage Collection (Allocation Stall)
[2025-12-18T08:24:42.926+0530][info][gc,ref      ] GC(58) Clearing All SoftReferences
[2025-12-18T08:24:42.926+0530][info][gc,task     ] GC(58) Using 2 workers
[2025-12-18T08:24:42.926+0530][info][gc,ref      ] GC(58) Clearing All SoftReferences
[2025-12-18T08:24:42.926+0530][info][gc,phases   ] GC(58) Pause Mark Start 0.047ms
[2025-12-18T08:24:43.097+0530][info][gc,phases   ] GC(58) Concurrent Mark 170.038ms
[2025-12-18T08:24:43.097+0530][info][gc,phases   ] GC(58) Pause Mark End 0.026ms
[2025-12-18T08:24:43.097+0530][info][gc,phases   ] GC(58) Concurrent Mark Free 0.001ms
[2025-12-18T08:24:43.099+0530][info][gc,phases   ] GC(58) Concurrent Process Non-Strong References 2.055ms
[2025-12-18T08:24:43.099+0530][info][gc,phases   ] GC(58) Concurrent Reset Relocation Set 0.003ms
[2025-12-18T08:24:43.103+0530][info][gc          ] Allocation Stall (Worker-7) 31.290ms
[2025-12-18T08:24:43.103+0530][info][gc          ] Allocation Stall (Worker-4) 31.209ms
[2025-12-18T08:24:43.103+0530][info][gc          ] Allocation Stall (Worker-0) 30.367ms
[2025-12-18T08:24:43.103+0530][info][gc          ] Allocation Stall (Worker-3) 22.408ms
[2025-12-18T08:24:43.103+0530][info][gc,phases   ] GC(58) Concurrent Select Relocation Set 3.876ms
[2025-12-18T08:24:43.105+0530][info][gc          ] Allocation Stall (Worker-6) 30.965ms
[2025-12-18T08:24:43.105+0530][info][gc          ] Allocation Stall (Worker-2) 28.890ms
[2025-12-18T08:24:43.105+0530][info][gc          ] Allocation Stall (Worker-5) 25.123ms
[2025-12-18T08:24:43.105+0530][info][gc          ] Allocation Stall (Worker-1) 24.119ms
[2025-12-18T08:24:43.105+0530][info][gc,phases   ] GC(58) Pause Relocate Start 0.014ms
[2025-12-18T08:24:43.109+0530][info][gc,phases   ] GC(58) Concurrent Relocate 1.681ms
[2025-12-18T08:24:43.109+0530][info][gc,load     ] GC(58) Load: 0.00/0.00/0.00
[2025-12-18T08:24:43.109+0530][info][gc,mmu      ] GC(58) MMU: 2ms/93.0%, 5ms/97.1%, 10ms/98.5%, 20ms/99.2%, 50ms/99.7%, 100ms/99.8%
[2025-12-18T08:24:43.109+0530][info][gc,marking  ] GC(58) Mark: 2 stripe(s), 3 proactive flush(es), 1 terminate flush(es), 0 completion(s), 0 continuation(s) 
[2025-12-18T08:24:43.109+0530][info][gc,marking  ] GC(58) Mark Stack Usage: 32M
[2025-12-18T08:24:43.109+0530][info][gc,nmethod  ] GC(58) NMethods: 605 registered, 64 unregistered
[2025-12-18T08:24:43.109+0530][info][gc,metaspace] GC(58) Metaspace: 3M used, 4M committed, 1088M reserved
[2025-12-18T08:24:43.109+0530][info][gc,ref      ] GC(58) Soft: 157 encountered, 86 discovered, 0 enqueued
[2025-12-18T08:24:43.109+0530][info][gc,ref      ] GC(58) Weak: 539 encountered, 402 discovered, 0 enqueued
[2025-12-18T08:24:43.111+0530][info][gc,ref      ] GC(58) Final: 0 encountered, 0 discovered, 0 enqueued
[2025-12-18T08:24:43.111+0530][info][gc,ref      ] GC(58) Phantom: 7 encountered, 3 discovered, 0 enqueued
[2025-12-18T08:24:43.111+0530][info][gc,reloc    ] GC(58) Small Pages: 194 / 388M, Empty: 110M, Relocated: 1M, In-Place: 0
[2025-12-18T08:24:43.111+0530][info][gc,reloc    ] GC(58) Medium Pages: 1 / 16M, Empty: 0M, Relocated: 0M, In-Place: 0
[2025-12-18T08:24:43.111+0530][info][gc,reloc    ] GC(58) Large Pages: 1 / 6M, Empty: 0M, Relocated: 0M, In-Place: 0
[2025-12-18T08:24:43.111+0530][info][gc,reloc    ] GC(58) Forwarding Usage: 0M
[2025-12-18T08:24:43.111+0530][info][gc,heap     ] GC(58) Min Capacity: 512M(100%)
[2025-12-18T08:24:43.111+0530][info][gc,heap     ] GC(58) Max Capacity: 512M(100%)
[2025-12-18T08:24:43.111+0530][info][gc,heap     ] GC(58) Soft Max Capacity: 512M(100%)
[2025-12-18T08:24:43.111+0530][info][gc,heap     ] GC(58)                Mark Start          Mark End        Relocate Start      Relocate End           High               Low         
[2025-12-18T08:24:43.111+0530][info][gc,heap     ] GC(58)  Capacity:      512M (100%)        512M (100%)        512M (100%)        512M (100%)        512M (100%)        512M (100%)   
[2025-12-18T08:24:43.111+0530][info][gc,heap     ] GC(58)      Free:      102M (20%)           0M (0%)           94M (18%)         126M (25%)         126M (25%)           0M (0%)     
[2025-12-18T08:24:43.111+0530][info][gc,heap     ] GC(58)      Used:      410M (80%)         512M (100%)        418M (82%)         386M (75%)         512M (100%)        386M (75%)    
[2025-12-18T08:24:43.111+0530][info][gc,heap     ] GC(58)      Live:         -               248M (48%)         248M (48%)         248M (48%)            -                  -          
[2025-12-18T08:24:43.111+0530][info][gc,heap     ] GC(58) Allocated:         -               102M (20%)         118M (23%)         117M (23%)            -                  -          
[2025-12-18T08:24:43.111+0530][info][gc,heap     ] GC(58)   Garbage:         -               161M (32%)          51M (10%)          19M (4%)             -                  -          
[2025-12-18T08:24:43.111+0530][info][gc,heap     ] GC(58) Reclaimed:         -                  -               110M (21%)         141M (28%)            -                  -          
[2025-12-18T08:24:43.111+0530][info][gc          ] GC(58) Garbage Collection (Allocation Stall) 410M(80%)->386M(75%)
[2025-12-18T08:24:43.117+0530][info][gc,start    ] GC(59) Garbage Collection (Allocation Stall)
[2025-12-18T08:24:43.117+0530][info][gc,ref      ] GC(59) Clearing All SoftReferences
[2025-12-18T08:24:43.117+0530][info][gc,task     ] GC(59) Using 2 workers
[2025-12-18T08:24:43.117+0530][info][gc,ref      ] GC(59) Clearing All SoftReferences
[2025-12-18T08:24:43.117+0530][info][gc,phases   ] GC(59) Pause Mark Start 0.085ms
[2025-12-18T08:24:43.256+0530][info][gc,phases   ] GC(59) Concurrent Mark 137.082ms
[2025-12-18T08:24:43.256+0530][info][gc,phases   ] GC(59) Pause Mark End 0.103ms
[2025-12-18T08:24:43.258+0530][info][gc,phases   ] GC(59) Concurrent Mark Free 0.002ms
[2025-12-18T08:24:43.260+0530][info][gc,phases   ] GC(59) Concurrent Process Non-Strong References 1.990ms
[2025-12-18T08:24:43.260+0530][info][gc,phases   ] GC(59) Concurrent Reset Relocation Set 0.003ms
[2025-12-18T08:24:43.264+0530][info][gc,phases   ] GC(59) Concurrent Select Relocation Set 3.646ms
[2025-12-18T08:24:43.264+0530][info][gc,phases   ] GC(59) Pause Relocate Start 0.013ms
[2025-12-18T08:24:43.266+0530][info][gc,phases   ] GC(59) Concurrent Relocate 1.455ms
[2025-12-18T08:24:43.266+0530][info][gc,load     ] GC(59) Load: 0.00/0.00/0.00
[2025-12-18T08:24:43.266+0530][info][gc,mmu      ] GC(59) MMU: 2ms/93.0%, 5ms/97.1%, 10ms/98.5%, 20ms/99.2%, 50ms/99.7%, 100ms/99.8%
[2025-12-18T08:24:43.266+0530][info][gc,marking  ] GC(59) Mark: 2 stripe(s), 2 proactive flush(es), 1 terminate flush(es), 1 completion(s), 0 continuation(s) 
[2025-12-18T08:24:43.266+0530][info][gc,marking  ] GC(59) Mark Stack Usage: 32M
[2025-12-18T08:24:43.266+0530][info][gc,nmethod  ] GC(59) NMethods: 610 registered, 64 unregistered
[2025-12-18T08:24:43.266+0530][info][gc,metaspace] GC(59) Metaspace: 3M used, 4M committed, 1088M reserved
[2025-12-18T08:24:43.266+0530][info][gc,ref      ] GC(59) Soft: 157 encountered, 85 discovered, 0 enqueued
[2025-12-18T08:24:43.266+0530][info][gc,ref      ] GC(59) Weak: 539 encountered, 348 discovered, 0 enqueued
[2025-12-18T08:24:43.266+0530][info][gc,ref      ] GC(59) Final: 0 encountered, 0 discovered, 0 enqueued
[2025-12-18T08:24:43.266+0530][info][gc,ref      ] GC(59) Phantom: 7 encountered, 3 discovered, 0 enqueued
[2025-12-18T08:24:43.266+0530][info][gc,reloc    ] GC(59) Small Pages: 182 / 364M, Empty: 102M, Relocated: 1M, In-Place: 0
[2025-12-18T08:24:43.266+0530][info][gc,reloc    ] GC(59) Medium Pages: 1 / 16M, Empty: 0M, Relocated: 0M, In-Place: 0
[2025-12-18T08:24:43.266+0530][info][gc,reloc    ] GC(59) Large Pages: 1 / 6M, Empty: 0M, Relocated: 0M, In-Place: 0
[2025-12-18T08:24:43.266+0530][info][gc,reloc    ] GC(59) Forwarding Usage: 0M
[2025-12-18T08:24:43.266+0530][info][gc,heap     ] GC(59) Min Capacity: 512M(100%)
[2025-12-18T08:24:43.266+0530][info][gc,heap     ] GC(59) Max Capacity: 512M(100%)
[2025-12-18T08:24:43.266+0530][info][gc,heap     ] GC(59) Soft Max Capacity: 512M(100%)
[2025-12-18T08:24:43.266+0530][info][gc,heap     ] GC(59)                Mark Start          Mark End        Relocate Start      Relocate End           High               Low         
[2025-12-18T08:24:43.266+0530][info][gc,heap     ] GC(59)  Capacity:      512M (100%)        512M (100%)        512M (100%)        512M (100%)        512M (100%)        512M (100%)   
[2025-12-18T08:24:43.266+0530][info][gc,heap     ] GC(59)      Free:      126M (25%)          40M (8%)          136M (27%)         152M (30%)         152M (30%)          34M (7%)     
[2025-12-18T08:24:43.266+0530][info][gc,heap     ] GC(59)      Used:      386M (75%)         472M (92%)         376M (73%)         360M (70%)         478M (93%)         360M (70%)    
[2025-12-18T08:24:43.266+0530][info][gc,heap     ] GC(59)      Live:         -               248M (48%)         248M (48%)         248M (48%)            -                  -          
[2025-12-18T08:24:43.266+0530][info][gc,heap     ] GC(59) Allocated:         -                86M (17%)          92M (18%)          91M (18%)            -                  -          
[2025-12-18T08:24:43.266+0530][info][gc,heap     ] GC(59)   Garbage:         -               137M (27%)          35M (7%)           19M (4%)             -                  -          
[2025-12-18T08:24:43.266+0530][info][gc,heap     ] GC(59) Reclaimed:         -                  -               102M (20%)         117M (23%)            -                  -          
[2025-12-18T08:24:43.266+0530][info][gc          ] GC(59) Garbage Collection (Allocation Stall) 386M(75%)->360M(70%)
[2025-12-18T08:24:43.318+0530][info][gc,start    ] GC(60) Garbage Collection (Allocation Rate)
[2025-12-18T08:24:43.318+0530][info][gc,task     ] GC(60) Using 2 workers
[2025-12-18T08:24:43.318+0530][info][gc,phases   ] GC(60) Pause Mark Start 0.011ms
[2025-12-18T08:24:43.475+0530][info][gc,phases   ] GC(60) Concurrent Mark 154.461ms
[2025-12-18T08:24:43.475+0530][info][gc,phases   ] GC(60) Pause Mark End 0.108ms
[2025-12-18T08:24:43.475+0530][info][gc,phases   ] GC(60) Concurrent Mark Free 0.002ms
[2025-12-18T08:24:43.475+0530][info][gc,phases   ] GC(60) Concurrent Process Non-Strong References 1.168ms
[2025-12-18T08:24:43.475+0530][info][gc,phases   ] GC(60) Concurrent Reset Relocation Set 0.002ms
[2025-12-18T08:24:43.479+0530][info][gc          ] Allocation Stall (Worker-4) 32.643ms
[2025-12-18T08:24:43.479+0530][info][gc          ] Allocation Stall (Worker-7) 31.335ms
[2025-12-18T08:24:43.479+0530][info][gc          ] Allocation Stall (Worker-0) 19.159ms
[2025-12-18T08:24:43.479+0530][info][gc          ] Allocation Stall (Worker-3) 20.397ms
[2025-12-18T08:24:43.479+0530][info][gc          ] Allocation Stall (Worker-1) 27.714ms
[2025-12-18T08:24:43.479+0530][info][gc          ] Allocation Stall (Worker-2) 23.183ms
[2025-12-18T08:24:43.479+0530][info][gc          ] Allocation Stall (Worker-6) 19.367ms
[2025-12-18T08:24:43.479+0530][info][gc,phases   ] GC(60) Concurrent Select Relocation Set 3.510ms
[2025-12-18T08:24:43.483+0530][info][gc,phases   ] GC(60) Pause Relocate Start 0.013ms
[2025-12-18T08:24:43.485+0530][info][gc          ] Allocation Stall (Worker-5) 31.869ms
[2025-12-18T08:24:43.489+0530][info][gc,phases   ] GC(60) Concurrent Relocate 1.598ms
[2025-12-18T08:24:43.489+0530][info][gc,load     ] GC(60) Load: 0.00/0.00/0.00
[2025-12-18T08:24:43.489+0530][info][gc,mmu      ] GC(60) MMU: 2ms/93.0%, 5ms/97.1%, 10ms/98.5%, 20ms/99.2%, 50ms/99.7%, 100ms/99.8%
[2025-12-18T08:24:43.489+0530][info][gc,marking  ] GC(60) Mark: 2 stripe(s), 2 proactive flush(es), 1 terminate flush(es), 1 completion(s), 0 continuation(s) 
[2025-12-18T08:24:43.489+0530][info][gc,marking  ] GC(60) Mark Stack Usage: 32M
[2025-12-18T08:24:43.489+0530][info][gc,nmethod  ] GC(60) NMethods: 611 registered, 64 unregistered
[2025-12-18T08:24:43.489+0530][info][gc,metaspace] GC(60) Metaspace: 3M used, 4M committed, 1088M reserved
[2025-12-18T08:24:43.489+0530][info][gc,ref      ] GC(60) Soft: 157 encountered, 0 discovered, 0 enqueued
[2025-12-18T08:24:43.489+0530][info][gc,ref      ] GC(60) Weak: 539 encountered, 3 discovered, 0 enqueued
[2025-12-18T08:24:43.489+0530][info][gc,ref      ] GC(60) Final: 0 encountered, 0 discovered, 0 enqueued
[2025-12-18T08:24:43.489+0530][info][gc,ref      ] GC(60) Phantom: 7 encountered, 6 discovered, 0 enqueued
[2025-12-18T08:24:43.489+0530][info][gc,reloc    ] GC(60) Small Pages: 197 / 394M, Empty: 112M, Relocated: 1M, In-Place: 0
[2025-12-18T08:24:43.489+0530][info][gc,reloc    ] GC(60) Medium Pages: 1 / 16M, Empty: 0M, Relocated: 0M, In-Place: 0
[2025-12-18T08:24:43.489+0530][info][gc,reloc    ] GC(60) Large Pages: 1 / 6M, Empty: 0M, Relocated: 0M, In-Place: 0
[2025-12-18T08:24:43.489+0530][info][gc,reloc    ] GC(60) Forwarding Usage: 0M
[2025-12-18T08:24:43.489+0530][info][gc,heap     ] GC(60) Min Capacity: 512M(100%)
[2025-12-18T08:24:43.489+0530][info][gc,heap     ] GC(60) Max Capacity: 512M(100%)
[2025-12-18T08:24:43.489+0530][info][gc,heap     ] GC(60) Soft Max Capacity: 512M(100%)
[2025-12-18T08:24:43.489+0530][info][gc,heap     ] GC(60)                Mark Start          Mark End        Relocate Start      Relocate End           High               Low         
[2025-12-18T08:24:43.489+0530][info][gc,heap     ] GC(60)  Capacity:      512M (100%)        512M (100%)        512M (100%)        512M (100%)        512M (100%)        512M (100%)   
[2025-12-18T08:24:43.489+0530][info][gc,heap     ] GC(60)      Free:       96M (19%)           0M (0%)           98M (19%)         134M (26%)         134M (26%)           0M (0%)     
[2025-12-18T08:24:43.489+0530][info][gc,heap     ] GC(60)      Used:      416M (81%)         512M (100%)        414M (81%)         378M (74%)         512M (100%)        378M (74%)    
[2025-12-18T08:24:43.489+0530][info][gc,heap     ] GC(60)      Live:         -               248M (48%)         248M (48%)         248M (48%)            -                  -          
[2025-12-18T08:24:43.489+0530][info][gc,heap     ] GC(60) Allocated:         -                96M (19%)         110M (21%)         109M (21%)            -                  -          
[2025-12-18T08:24:43.489+0530][info][gc,heap     ] GC(60)   Garbage:         -               167M (33%)          55M (11%)          19M (4%)             -                  -          
[2025-12-18T08:24:43.489+0530][info][gc,heap     ] GC(60) Reclaimed:         -                  -               112M (22%)         147M (29%)            -                  -          
[2025-12-18T08:24:43.489+0530][info][gc          ] GC(60) Garbage Collection (Allocation Rate) 416M(81%)->378M(74%)
[2025-12-18T08:24:43.518+0530][info][gc,start    ] GC(61) Garbage Collection (Allocation Stall)
[2025-12-18T08:24:43.518+0530][info][gc,ref      ] GC(61) Clearing All SoftReferences
[2025-12-18T08:24:43.518+0530][info][gc,task     ] GC(61) Using 2 workers
[2025-12-18T08:24:43.518+0530][info][gc,ref      ] GC(61) Clearing All SoftReferences
[2025-12-18T08:24:43.518+0530][info][gc,phases   ] GC(61) Pause Mark Start 0.080ms
[2025-12-18T08:24:43.657+0530][info][gc,phases   ] GC(61) Concurrent Mark 138.192ms
[2025-12-18T08:24:43.657+0530][info][gc,phases   ] GC(61) Pause Mark End 0.118ms
[2025-12-18T08:24:43.657+0530][info][gc,phases   ] GC(61) Concurrent Mark Free 0.002ms
[2025-12-18T08:24:43.657+0530][info][gc,phases   ] GC(61) Concurrent Process Non-Strong References 1.184ms
[2025-12-18T08:24:43.657+0530][info][gc,phases   ] GC(61) Concurrent Reset Relocation Set 0.003ms
[2025-12-18T08:24:43.661+0530][info][gc          ] Allocation Stall (Worker-4) 38.328ms
[2025-12-18T08:24:43.661+0530][info][gc          ] Allocation Stall (Worker-0) 38.217ms
[2025-12-18T08:24:43.661+0530][info][gc          ] Allocation Stall (Worker-1) 39.058ms
[2025-12-18T08:24:43.661+0530][info][gc          ] Allocation Stall (Worker-5) 37.527ms
[2025-12-18T08:24:43.661+0530][info][gc          ] Allocation Stall (Worker-6) 33.088ms
[2025-12-18T08:24:43.661+0530][info][gc          ] Allocation Stall (Worker-2) 38.196ms
[2025-12-18T08:24:43.661+0530][info][gc          ] Allocation Stall (Worker-7) 40.454ms
[2025-12-18T08:24:43.661+0530][info][gc          ] Allocation Stall (Worker-3) 39.433ms
[2025-12-18T08:24:43.661+0530][info][gc,phases   ] GC(61) Concurrent Select Relocation Set 2.969ms
[2025-12-18T08:24:43.664+0530][info][gc,phases   ] GC(61) Pause Relocate Start 0.011ms
[2025-12-18T08:24:43.669+0530][info][gc,phases   ] GC(61) Concurrent Relocate 1.524ms
[2025-12-18T08:24:43.669+0530][info][gc,load     ] GC(61) Load: 0.00/0.00/0.00
[2025-12-18T08:24:43.669+0530][info][gc,mmu      ] GC(61) MMU: 2ms/93.0%, 5ms/97.1%, 10ms/98.5%, 20ms/99.2%, 50ms/99.6%, 100ms/99.8%
[2025-12-18T08:24:43.669+0530][info][gc,marking  ] GC(61) Mark: 2 stripe(s), 2 proactive flush(es), 1 terminate flush(es), 1 completion(s), 0 continuation(s) 
[2025-12-18T08:24:43.669+0530][info][gc,marking  ] GC(61) Mark Stack Usage: 32M
[2025-12-18T08:24:43.669+0530][info][gc,nmethod  ] GC(61) NMethods: 611 registered, 64 unregistered
[2025-12-18T08:24:43.669+0530][info][gc,metaspace] GC(61) Metaspace: 3M used, 4M committed, 1088M reserved
[2025-12-18T08:24:43.669+0530][info][gc,ref      ] GC(61) Soft: 157 encountered, 74 discovered, 0 enqueued
[2025-12-18T08:24:43.669+0530][info][gc,ref      ] GC(61) Weak: 539 encountered, 411 discovered, 0 enqueued
[2025-12-18T08:24:43.669+0530][info][gc,ref      ] GC(61) Final: 0 encountered, 0 discovered, 0 enqueued
[2025-12-18T08:24:43.669+0530][info][gc,ref      ] GC(61) Phantom: 7 encountered, 2 discovered, 0 enqueued
[2025-12-18T08:24:43.669+0530][info][gc,reloc    ] GC(61) Small Pages: 189 / 378M, Empty: 100M, Relocated: 1M, In-Place: 0
[2025-12-18T08:24:43.669+0530][info][gc,reloc    ] GC(61) Medium Pages: 1 / 16M, Empty: 0M, Relocated: 0M, In-Place: 0
[2025-12-18T08:24:43.669+0530][info][gc,reloc    ] GC(61) Large Pages: 1 / 6M, Empty: 0M, Relocated: 0M, In-Place: 0
[2025-12-18T08:24:43.669+0530][info][gc,reloc    ] GC(61) Forwarding Usage: 0M
[2025-12-18T08:24:43.669+0530][info][gc,heap     ] GC(61) Min Capacity: 512M(100%)
[2025-12-18T08:24:43.669+0530][info][gc,heap     ] GC(61) Max Capacity: 512M(100%)
[2025-12-18T08:24:43.669+0530][info][gc,heap     ] GC(61) Soft Max Capacity: 512M(100%)
[2025-12-18T08:24:43.669+0530][info][gc,heap     ] GC(61)                Mark Start          Mark End        Relocate Start      Relocate End           High               Low         
[2025-12-18T08:24:43.669+0530][info][gc,heap     ] GC(61)  Capacity:      512M (100%)        512M (100%)        512M (100%)        512M (100%)        512M (100%)        512M (100%)   
[2025-12-18T08:24:43.669+0530][info][gc,heap     ] GC(61)      Free:      112M (22%)           0M (0%)           86M (17%)         118M (23%)         118M (23%)           0M (0%)     
[2025-12-18T08:24:43.669+0530][info][gc,heap     ] GC(61)      Used:      400M (78%)         512M (100%)        426M (83%)         394M (77%)         512M (100%)        394M (77%)    
[2025-12-18T08:24:43.669+0530][info][gc,heap     ] GC(61)      Live:         -               248M (48%)         248M (48%)         248M (48%)            -                  -          
[2025-12-18T08:24:43.669+0530][info][gc,heap     ] GC(61) Allocated:         -               112M (22%)         126M (25%)         125M (25%)            -                  -          
[2025-12-18T08:24:43.669+0530][info][gc,heap     ] GC(61)   Garbage:         -               151M (30%)          51M (10%)          19M (4%)             -                  -          
[2025-12-18T08:24:43.669+0530][info][gc,heap     ] GC(61) Reclaimed:         -                  -               100M (20%)         131M (26%)            -                  -          
[2025-12-18T08:24:43.669+0530][info][gc          ] GC(61) Garbage Collection (Allocation Stall) 400M(78%)->394M(77%)
[2025-12-18T08:24:43.720+0530][info][gc,start    ] GC(62) Garbage Collection (Allocation Stall)
[2025-12-18T08:24:43.720+0530][info][gc,ref      ] GC(62) Clearing All SoftReferences
[2025-12-18T08:24:43.720+0530][info][gc,task     ] GC(62) Using 2 workers
[2025-12-18T08:24:43.720+0530][info][gc,ref      ] GC(62) Clearing All SoftReferences
[2025-12-18T08:24:43.720+0530][info][gc,phases   ] GC(62) Pause Mark Start 0.078ms
[2025-12-18T08:24:43.845+0530][info][gc,phases   ] GC(62) Concurrent Mark 123.036ms
[2025-12-18T08:24:43.845+0530][info][gc,phases   ] GC(62) Pause Mark End 0.093ms
[2025-12-18T08:24:43.845+0530][info][gc,phases   ] GC(62) Concurrent Mark Free 0.001ms
[2025-12-18T08:24:43.845+0530][info][gc,phases   ] GC(62) Concurrent Process Non-Strong References 1.029ms
[2025-12-18T08:24:43.845+0530][info][gc,phases   ] GC(62) Concurrent Reset Relocation Set 0.002ms
[2025-12-18T08:24:43.845+0530][info][gc          ] Allocation Stall (Worker-3) 78.197ms
[2025-12-18T08:24:43.845+0530][info][gc          ] Allocation Stall (Worker-0) 77.884ms
[2025-12-18T08:24:43.845+0530][info][gc          ] Allocation Stall (Worker-1) 78.340ms
[2025-12-18T08:24:43.845+0530][info][gc          ] Allocation Stall (Worker-4) 81.272ms
[2025-12-18T08:24:43.845+0530][info][gc          ] Allocation Stall (Worker-7) 80.941ms
[2025-12-18T08:24:43.845+0530][info][gc          ] Allocation Stall (Worker-2) 79.271ms
[2025-12-18T08:24:43.845+0530][info][gc          ] Allocation Stall (Worker-6) 78.642ms
[2025-12-18T08:24:43.845+0530][info][gc          ] Allocation Stall (Worker-5) 79.225ms
[2025-12-18T08:24:43.849+0530][info][gc,phases   ] GC(62) Concurrent Select Relocation Set 3.678ms
[2025-12-18T08:24:43.849+0530][info][gc,phases   ] GC(62) Pause Relocate Start 0.013ms
[2025-12-18T08:24:43.851+0530][info][gc,phases   ] GC(62) Concurrent Relocate 1.359ms
[2025-12-18T08:24:43.851+0530][info][gc,load     ] GC(62) Load: 0.00/0.00/0.00
[2025-12-18T08:24:43.851+0530][info][gc,mmu      ] GC(62) MMU: 2ms/93.0%, 5ms/97.1%, 10ms/98.5%, 20ms/99.2%, 50ms/99.6%, 100ms/99.8%
[2025-12-18T08:24:43.851+0530][info][gc,marking  ] GC(62) Mark: 2 stripe(s), 2 proactive flush(es), 1 terminate flush(es), 1 completion(s), 0 continuation(s) 
[2025-12-18T08:24:43.851+0530][info][gc,marking  ] GC(62) Mark Stack Usage: 32M
[2025-12-18T08:24:43.851+0530][info][gc,nmethod  ] GC(62) NMethods: 611 registered, 64 unregistered
[2025-12-18T08:24:43.851+0530][info][gc,metaspace] GC(62) Metaspace: 3M used, 4M committed, 1088M reserved
[2025-12-18T08:24:43.851+0530][info][gc,ref      ] GC(62) Soft: 157 encountered, 76 discovered, 0 enqueued
[2025-12-18T08:24:43.851+0530][info][gc,ref      ] GC(62) Weak: 539 encountered, 3 discovered, 0 enqueued
[2025-12-18T08:24:43.851+0530][info][gc,ref      ] GC(62) Final: 0 encountered, 0 discovered, 0 enqueued
[2025-12-18T08:24:43.851+0530][info][gc,ref      ] GC(62) Phantom: 7 encountered, 5 discovered, 0 enqueued
[2025-12-18T08:24:43.851+0530][info][gc,reloc    ] GC(62) Small Pages: 222 / 444M, Empty: 166M, Relocated: 1M, In-Place: 0
[2025-12-18T08:24:43.851+0530][info][gc,reloc    ] GC(62) Medium Pages: 1 / 16M, Empty: 0M, Relocated: 0M, In-Place: 0
[2025-12-18T08:24:43.851+0530][info][gc,reloc    ] GC(62) Large Pages: 1 / 6M, Empty: 0M, Relocated: 0M, In-Place: 0
[2025-12-18T08:24:43.851+0530][info][gc,reloc    ] GC(62) Forwarding Usage: 0M
[2025-12-18T08:24:43.851+0530][info][gc,heap     ] GC(62) Min Capacity: 512M(100%)
[2025-12-18T08:24:43.851+0530][info][gc,heap     ] GC(62) Max Capacity: 512M(100%)
[2025-12-18T08:24:43.851+0530][info][gc,heap     ] GC(62) Soft Max Capacity: 512M(100%)
[2025-12-18T08:24:43.851+0530][info][gc,heap     ] GC(62)                Mark Start          Mark End        Relocate Start      Relocate End           High               Low         
[2025-12-18T08:24:43.851+0530][info][gc,heap     ] GC(62)  Capacity:      512M (100%)        512M (100%)        512M (100%)        512M (100%)        512M (100%)        512M (100%)   
[2025-12-18T08:24:43.851+0530][info][gc,heap     ] GC(62)      Free:       46M (9%)            0M (0%)          150M (29%)         182M (36%)         182M (36%)           0M (0%)     
[2025-12-18T08:24:43.851+0530][info][gc,heap     ] GC(62)      Used:      466M (91%)         512M (100%)        362M (71%)         330M (64%)         512M (100%)        330M (64%)    
[2025-12-18T08:24:43.851+0530][info][gc,heap     ] GC(62)      Live:         -               248M (48%)         248M (48%)         248M (48%)            -                  -          
[2025-12-18T08:24:43.851+0530][info][gc,heap     ] GC(62) Allocated:         -                46M (9%)           62M (12%)          61M (12%)            -                  -          
[2025-12-18T08:24:43.851+0530][info][gc,heap     ] GC(62)   Garbage:         -               217M (43%)          51M (10%)          19M (4%)             -                  -          
[2025-12-18T08:24:43.851+0530][info][gc,heap     ] GC(62) Reclaimed:         -                  -               166M (32%)         197M (39%)            -                  -          
[2025-12-18T08:24:43.851+0530][info][gc          ] GC(62) Garbage Collection (Allocation Stall) 466M(91%)->330M(64%)
[2025-12-18T08:24:43.925+0530][info][gc,start    ] GC(63) Garbage Collection (Allocation Stall)
[2025-12-18T08:24:43.925+0530][info][gc,ref      ] GC(63) Clearing All SoftReferences
[2025-12-18T08:24:43.925+0530][info][gc,task     ] GC(63) Using 2 workers
[2025-12-18T08:24:43.925+0530][info][gc,ref      ] GC(63) Clearing All SoftReferences
[2025-12-18T08:24:43.925+0530][info][gc,phases   ] GC(63) Pause Mark Start 0.043ms
[2025-12-18T08:24:44.082+0530][info][gc,phases   ] GC(63) Concurrent Mark 156.183ms
[2025-12-18T08:24:44.082+0530][info][gc,phases   ] GC(63) Pause Mark End 0.109ms
[2025-12-18T08:24:44.082+0530][info][gc,phases   ] GC(63) Concurrent Mark Free 0.001ms
[2025-12-18T08:24:44.082+0530][info][gc,phases   ] GC(63) Concurrent Process Non-Strong References 1.082ms
[2025-12-18T08:24:44.082+0530][info][gc,phases   ] GC(63) Concurrent Reset Relocation Set 0.002ms
[2025-12-18T08:24:44.086+0530][info][gc          ] Allocation Stall (Worker-5) 60.312ms
[2025-12-18T08:24:44.086+0530][info][gc          ] Allocation Stall (Worker-0) 67.014ms
[2025-12-18T08:24:44.086+0530][info][gc          ] Allocation Stall (Worker-6) 66.583ms
[2025-12-18T08:24:44.086+0530][info][gc          ] Allocation Stall (Worker-4) 66.569ms
[2025-12-18T08:24:44.086+0530][info][gc          ] Allocation Stall (Worker-3) 68.397ms
[2025-12-18T08:24:44.086+0530][info][gc          ] Allocation Stall (Worker-1) 69.458ms
[2025-12-18T08:24:44.086+0530][info][gc          ] Allocation Stall (Worker-2) 65.348ms
[2025-12-18T08:24:44.086+0530][info][gc          ] Allocation Stall (Worker-7) 67.697ms
[2025-12-18T08:24:44.086+0530][info][gc,phases   ] GC(63) Concurrent Select Relocation Set 3.101ms
[2025-12-18T08:24:44.087+0530][info][gc,phases   ] GC(63) Pause Relocate Start 0.012ms
[2025-12-18T08:24:44.089+0530][info][gc,phases   ] GC(63) Concurrent Relocate 1.356ms
[2025-12-18T08:24:44.089+0530][info][gc,load     ] GC(63) Load: 0.00/0.00/0.00
[2025-12-18T08:24:44.089+0530][info][gc,mmu      ] GC(63) MMU: 2ms/93.0%, 5ms/97.1%, 10ms/98.5%, 20ms/99.2%, 50ms/99.6%, 100ms/99.8%
[2025-12-18T08:24:44.089+0530][info][gc,marking  ] GC(63) Mark: 2 stripe(s), 2 proactive flush(es), 1 terminate flush(es), 1 completion(s), 0 continuation(s) 
[2025-12-18T08:24:44.089+0530][info][gc,marking  ] GC(63) Mark Stack Usage: 32M
[2025-12-18T08:24:44.089+0530][info][gc,nmethod  ] GC(63) NMethods: 611 registered, 64 unregistered
[2025-12-18T08:24:44.089+0530][info][gc,metaspace] GC(63) Metaspace: 3M used, 4M committed, 1088M reserved
[2025-12-18T08:24:44.089+0530][info][gc,ref      ] GC(63) Soft: 157 encountered, 77 discovered, 0 enqueued
[2025-12-18T08:24:44.089+0530][info][gc,ref      ] GC(63) Weak: 539 encountered, 1 discovered, 0 enqueued
[2025-12-18T08:24:44.089+0530][info][gc,ref      ] GC(63) Final: 0 encountered, 0 discovered, 0 enqueued
[2025-12-18T08:24:44.089+0530][info][gc,ref      ] GC(63) Phantom: 7 encountered, 5 discovered, 0 enqueued
[2025-12-18T08:24:44.089+0530][info][gc,reloc    ] GC(63) Small Pages: 200 / 400M, Empty: 124M, Relocated: 1M, In-Place: 0
[2025-12-18T08:24:44.089+0530][info][gc,reloc    ] GC(63) Medium Pages: 1 / 16M, Empty: 0M, Relocated: 0M, In-Place: 0
[2025-12-18T08:24:44.089+0530][info][gc,reloc    ] GC(63) Large Pages: 1 / 6M, Empty: 0M, Relocated: 0M, In-Place: 0
[2025-12-18T08:24:44.089+0530][info][gc,reloc    ] GC(63) Forwarding Usage: 0M
[2025-12-18T08:24:44.089+0530][info][gc,heap     ] GC(63) Min Capacity: 512M(100%)
[2025-12-18T08:24:44.089+0530][info][gc,heap     ] GC(63) Max Capacity: 512M(100%)
[2025-12-18T08:24:44.089+0530][info][gc,heap     ] GC(63) Soft Max Capacity: 512M(100%)
[2025-12-18T08:24:44.089+0530][info][gc,heap     ] GC(63)                Mark Start          Mark End        Relocate Start      Relocate End           High               Low         
[2025-12-18T08:24:44.089+0530][info][gc,heap     ] GC(63)  Capacity:      512M (100%)        512M (100%)        512M (100%)        512M (100%)        512M (100%)        512M (100%)   
[2025-12-18T08:24:44.089+0530][info][gc,heap     ] GC(63)      Free:       90M (18%)           0M (0%)          110M (21%)         140M (27%)         140M (27%)           0M (0%)     
[2025-12-18T08:24:44.091+0530][info][gc,heap     ] GC(63)      Used:      422M (82%)         512M (100%)        402M (79%)         372M (73%)         512M (100%)        372M (73%)    
[2025-12-18T08:24:44.091+0530][info][gc,heap     ] GC(63)      Live:         -               248M (48%)         248M (48%)         248M (48%)            -                  -          
[2025-12-18T08:24:44.091+0530][info][gc,heap     ] GC(63) Allocated:         -                90M (18%)         104M (20%)         103M (20%)            -                  -          
[2025-12-18T08:24:44.091+0530][info][gc,heap     ] GC(63)   Garbage:         -               173M (34%)          49M (10%)          19M (4%)             -                  -          
[2025-12-18T08:24:44.091+0530][info][gc,heap     ] GC(63) Reclaimed:         -                  -               124M (24%)         153M (30%)            -                  -          
[2025-12-18T08:24:44.091+0530][info][gc          ] GC(63) Garbage Collection (Allocation Stall) 422M(82%)->372M(73%)
[2025-12-18T08:24:44.128+0530][info][gc,start    ] GC(64) Garbage Collection (Allocation Stall)
[2025-12-18T08:24:44.128+0530][info][gc,ref      ] GC(64) Clearing All SoftReferences
[2025-12-18T08:24:44.128+0530][info][gc,task     ] GC(64) Using 2 workers
[2025-12-18T08:24:44.128+0530][info][gc,ref      ] GC(64) Clearing All SoftReferences
[2025-12-18T08:24:44.128+0530][info][gc,phases   ] GC(64) Pause Mark Start 0.062ms
[2025-12-18T08:24:44.273+0530][info][gc,phases   ] GC(64) Concurrent Mark 141.867ms
[2025-12-18T08:24:44.273+0530][info][gc,phases   ] GC(64) Pause Mark End 0.091ms
[2025-12-18T08:24:44.273+0530][info][gc,phases   ] GC(64) Concurrent Mark Free 0.001ms
[2025-12-18T08:24:44.273+0530][info][gc,phases   ] GC(64) Concurrent Process Non-Strong References 1.157ms
[2025-12-18T08:24:44.273+0530][info][gc,phases   ] GC(64) Concurrent Reset Relocation Set 0.002ms
[2025-12-18T08:24:44.277+0530][info][gc          ] Allocation Stall (Worker-5) 48.342ms
[2025-12-18T08:24:44.277+0530][info][gc          ] Allocation Stall (Worker-0) 46.027ms
[2025-12-18T08:24:44.277+0530][info][gc          ] Allocation Stall (Worker-3) 53.054ms
[2025-12-18T08:24:44.277+0530][info][gc          ] Allocation Stall (Worker-6) 51.016ms
[2025-12-18T08:24:44.277+0530][info][gc          ] Allocation Stall (Worker-4) 47.450ms
[2025-12-18T08:24:44.277+0530][info][gc          ] Allocation Stall (Worker-2) 50.887ms
[2025-12-18T08:24:44.277+0530][info][gc          ] Allocation Stall (Worker-1) 49.857ms
[2025-12-18T08:24:44.277+0530][info][gc          ] Allocation Stall (Worker-7) 54.327ms
[2025-12-18T08:24:44.277+0530][info][gc,phases   ] GC(64) Concurrent Select Relocation Set 3.091ms
[2025-12-18T08:24:44.277+0530][info][gc,phases   ] GC(64) Pause Relocate Start 0.010ms
[2025-12-18T08:24:44.281+0530][info][gc,phases   ] GC(64) Concurrent Relocate 1.407ms
[2025-12-18T08:24:44.281+0530][info][gc,load     ] GC(64) Load: 0.00/0.00/0.00
[2025-12-18T08:24:44.281+0530][info][gc,mmu      ] GC(64) MMU: 2ms/93.0%, 5ms/97.1%, 10ms/98.5%, 20ms/99.2%, 50ms/99.6%, 100ms/99.8%
[2025-12-18T08:24:44.281+0530][info][gc,marking  ] GC(64) Mark: 2 stripe(s), 2 proactive flush(es), 1 terminate flush(es), 1 completion(s), 0 continuation(s) 
[2025-12-18T08:24:44.281+0530][info][gc,marking  ] GC(64) Mark Stack Usage: 32M
[2025-12-18T08:24:44.281+0530][info][gc,nmethod  ] GC(64) NMethods: 611 registered, 64 unregistered
[2025-12-18T08:24:44.281+0530][info][gc,metaspace] GC(64) Metaspace: 3M used, 4M committed, 1088M reserved
[2025-12-18T08:24:44.281+0530][info][gc,ref      ] GC(64) Soft: 157 encountered, 89 discovered, 0 enqueued
[2025-12-18T08:24:44.281+0530][info][gc,ref      ] GC(64) Weak: 539 encountered, 444 discovered, 0 enqueued
[2025-12-18T08:24:44.281+0530][info][gc,ref      ] GC(64) Final: 0 encountered, 0 discovered, 0 enqueued
[2025-12-18T08:24:44.281+0530][info][gc,ref      ] GC(64) Phantom: 7 encountered, 3 discovered, 0 enqueued
[2025-12-18T08:24:44.281+0530][info][gc,reloc    ] GC(64) Small Pages: 199 / 398M, Empty: 122M, Relocated: 1M, In-Place: 0
[2025-12-18T08:24:44.281+0530][info][gc,reloc    ] GC(64) Medium Pages: 1 / 16M, Empty: 0M, Relocated: 0M, In-Place: 0
[2025-12-18T08:24:44.281+0530][info][gc,reloc    ] GC(64) Large Pages: 1 / 6M, Empty: 0M, Relocated: 0M, In-Place: 0
[2025-12-18T08:24:44.281+0530][info][gc,reloc    ] GC(64) Forwarding Usage: 0M
[2025-12-18T08:24:44.281+0530][info][gc,heap     ] GC(64) Min Capacity: 512M(100%)
[2025-12-18T08:24:44.281+0530][info][gc,heap     ] GC(64) Max Capacity: 512M(100%)
[2025-12-18T08:24:44.281+0530][info][gc,heap     ] GC(64) Soft Max Capacity: 512M(100%)
[2025-12-18T08:24:44.281+0530][info][gc,heap     ] GC(64)                Mark Start          Mark End        Relocate Start      Relocate End           High               Low         
[2025-12-18T08:24:44.281+0530][info][gc,heap     ] GC(64)  Capacity:      512M (100%)        512M (100%)        512M (100%)        512M (100%)        512M (100%)        512M (100%)   
[2025-12-18T08:24:44.281+0530][info][gc,heap     ] GC(64)      Free:       92M (18%)           0M (0%)          106M (21%)         136M (27%)         136M (27%)           0M (0%)     
[2025-12-18T08:24:44.281+0530][info][gc,heap     ] GC(64)      Used:      420M (82%)         512M (100%)        406M (79%)         376M (73%)         512M (100%)        376M (73%)    
[2025-12-18T08:24:44.281+0530][info][gc,heap     ] GC(64)      Live:         -               248M (48%)         248M (48%)         248M (48%)            -                  -          
[2025-12-18T08:24:44.281+0530][info][gc,heap     ] GC(64) Allocated:         -                92M (18%)         108M (21%)         107M (21%)            -                  -          
[2025-12-18T08:24:44.281+0530][info][gc,heap     ] GC(64)   Garbage:         -               171M (34%)          49M (10%)          19M (4%)             -                  -          
[2025-12-18T08:24:44.281+0530][info][gc,heap     ] GC(64) Reclaimed:         -                  -               122M (24%)         151M (30%)            -                  -          
[2025-12-18T08:24:44.281+0530][info][gc          ] GC(64) Garbage Collection (Allocation Stall) 420M(82%)->376M(73%)
[2025-12-18T08:24:44.320+0530][info][gc,start    ] GC(65) Garbage Collection (Allocation Stall)
[2025-12-18T08:24:44.320+0530][info][gc,ref      ] GC(65) Clearing All SoftReferences
[2025-12-18T08:24:44.320+0530][info][gc,task     ] GC(65) Using 2 workers
[2025-12-18T08:24:44.320+0530][info][gc,ref      ] GC(65) Clearing All SoftReferences
[2025-12-18T08:24:44.320+0530][info][gc,phases   ] GC(65) Pause Mark Start 0.073ms
[2025-12-18T08:24:44.461+0530][info][gc,phases   ] GC(65) Concurrent Mark 138.042ms
[2025-12-18T08:24:44.462+0530][info][gc,phases   ] GC(65) Pause Mark End 0.025ms
[2025-12-18T08:24:44.462+0530][info][gc,phases   ] GC(65) Concurrent Mark Free 0.002ms
[2025-12-18T08:24:44.462+0530][info][gc,phases   ] GC(65) Concurrent Process Non-Strong References 1.216ms
[2025-12-18T08:24:44.462+0530][info][gc,phases   ] GC(65) Concurrent Reset Relocation Set 0.002ms
[2025-12-18T08:24:44.466+0530][info][gc          ] Allocation Stall (Worker-0) 62.378ms
[2025-12-18T08:24:44.466+0530][info][gc          ] Allocation Stall (Worker-7) 60.753ms
[2025-12-18T08:24:44.466+0530][info][gc          ] Allocation Stall (Worker-5) 61.976ms
[2025-12-18T08:24:44.466+0530][info][gc          ] Allocation Stall (Worker-2) 64.281ms
[2025-12-18T08:24:44.466+0530][info][gc          ] Allocation Stall (Worker-4) 62.149ms
[2025-12-18T08:24:44.466+0530][info][gc          ] Allocation Stall (Worker-6) 63.839ms
[2025-12-18T08:24:44.466+0530][info][gc          ] Allocation Stall (Worker-1) 63.249ms
[2025-12-18T08:24:44.466+0530][info][gc          ] Allocation Stall (Worker-3) 63.093ms
[2025-12-18T08:24:44.466+0530][info][gc,phases   ] GC(65) Concurrent Select Relocation Set 3.062ms
[2025-12-18T08:24:44.466+0530][info][gc,phases   ] GC(65) Pause Relocate Start 0.011ms
[2025-12-18T08:24:44.470+0530][info][gc,phases   ] GC(65) Concurrent Relocate 2.034ms
[2025-12-18T08:24:44.470+0530][info][gc,load     ] GC(65) Load: 0.00/0.00/0.00
[2025-12-18T08:24:44.470+0530][info][gc,mmu      ] GC(65) MMU: 2ms/93.0%, 5ms/97.1%, 10ms/98.5%, 20ms/99.2%, 50ms/99.6%, 100ms/99.8%
[2025-12-18T08:24:44.470+0530][info][gc,marking  ] GC(65) Mark: 2 stripe(s), 2 proactive flush(es), 1 terminate flush(es), 0 completion(s), 0 continuation(s) 
[2025-12-18T08:24:44.470+0530][info][gc,marking  ] GC(65) Mark Stack Usage: 32M
[2025-12-18T08:24:44.470+0530][info][gc,nmethod  ] GC(65) NMethods: 612 registered, 64 unregistered
[2025-12-18T08:24:44.470+0530][info][gc,metaspace] GC(65) Metaspace: 3M used, 4M committed, 1088M reserved
[2025-12-18T08:24:44.470+0530][info][gc,ref      ] GC(65) Soft: 157 encountered, 77 discovered, 0 enqueued
[2025-12-18T08:24:44.470+0530][info][gc,ref      ] GC(65) Weak: 539 encountered, 375 discovered, 0 enqueued
[2025-12-18T08:24:44.470+0530][info][gc,ref      ] GC(65) Final: 0 encountered, 0 discovered, 0 enqueued
[2025-12-18T08:24:44.470+0530][info][gc,ref      ] GC(65) Phantom: 7 encountered, 3 discovered, 0 enqueued
[2025-12-18T08:24:44.470+0530][info][gc,reloc    ] GC(65) Small Pages: 201 / 402M, Empty: 126M, Relocated: 1M, In-Place: 0
[2025-12-18T08:24:44.470+0530][info][gc,reloc    ] GC(65) Medium Pages: 1 / 16M, Empty: 0M, Relocated: 0M, In-Place: 0
[2025-12-18T08:24:44.470+0530][info][gc,reloc    ] GC(65) Large Pages: 1 / 6M, Empty: 0M, Relocated: 0M, In-Place: 0
[2025-12-18T08:24:44.470+0530][info][gc,reloc    ] GC(65) Forwarding Usage: 0M
[2025-12-18T08:24:44.470+0530][info][gc,heap     ] GC(65) Min Capacity: 512M(100%)
[2025-12-18T08:24:44.470+0530][info][gc,heap     ] GC(65) Max Capacity: 512M(100%)
[2025-12-18T08:24:44.470+0530][info][gc,heap     ] GC(65) Soft Max Capacity: 512M(100%)
[2025-12-18T08:24:44.470+0530][info][gc,heap     ] GC(65)                Mark Start          Mark End        Relocate Start      Relocate End           High               Low         
[2025-12-18T08:24:44.470+0530][info][gc,heap     ] GC(65)  Capacity:      512M (100%)        512M (100%)        512M (100%)        512M (100%)        512M (100%)        512M (100%)   
[2025-12-18T08:24:44.470+0530][info][gc,heap     ] GC(65)      Free:       88M (17%)           0M (0%)          114M (22%)         144M (28%)         144M (28%)           0M (0%)     
[2025-12-18T08:24:44.470+0530][info][gc,heap     ] GC(65)      Used:      424M (83%)         512M (100%)        398M (78%)         368M (72%)         512M (100%)        368M (72%)    
[2025-12-18T08:24:44.470+0530][info][gc,heap     ] GC(65)      Live:         -               248M (48%)         248M (48%)         248M (48%)            -                  -          
[2025-12-18T08:24:44.470+0530][info][gc,heap     ] GC(65) Allocated:         -                88M (17%)         100M (20%)          99M (20%)            -                  -          
[2025-12-18T08:24:44.470+0530][info][gc,heap     ] GC(65)   Garbage:         -               175M (34%)          49M (10%)          19M (4%)             -                  -          
[2025-12-18T08:24:44.470+0530][info][gc,heap     ] GC(65) Reclaimed:         -                  -               126M (25%)         155M (30%)            -                  -          
[2025-12-18T08:24:44.470+0530][info][gc          ] GC(65) Garbage Collection (Allocation Stall) 424M(83%)->368M(72%)
[2025-12-18T08:24:44.530+0530][info][gc,start    ] GC(66) Garbage Collection (Allocation Stall)
[2025-12-18T08:24:44.530+0530][info][gc,ref      ] GC(66) Clearing All SoftReferences
[2025-12-18T08:24:44.530+0530][info][gc,task     ] GC(66) Using 2 workers
[2025-12-18T08:24:44.530+0530][info][gc,ref      ] GC(66) Clearing All SoftReferences
[2025-12-18T08:24:44.530+0530][info][gc,phases   ] GC(66) Pause Mark Start 0.050ms
[2025-12-18T08:24:44.671+0530][info][gc,phases   ] GC(66) Concurrent Mark 138.464ms
[2025-12-18T08:24:44.671+0530][info][gc,phases   ] GC(66) Pause Mark End 0.023ms
[2025-12-18T08:24:44.671+0530][info][gc,phases   ] GC(66) Concurrent Mark Free 0.002ms
[2025-12-18T08:24:44.671+0530][info][gc,phases   ] GC(66) Concurrent Process Non-Strong References 1.273ms
[2025-12-18T08:24:44.671+0530][info][gc,phases   ] GC(66) Concurrent Reset Relocation Set 0.002ms
[2025-12-18T08:24:44.671+0530][info][gc          ] Allocation Stall (Worker-7) 74.868ms
[2025-12-18T08:24:44.671+0530][info][gc          ] Allocation Stall (Worker-5) 71.767ms
[2025-12-18T08:24:44.671+0530][info][gc          ] Allocation Stall (Worker-6) 74.148ms
[2025-12-18T08:24:44.671+0530][info][gc          ] Allocation Stall (Worker-1) 70.755ms
[2025-12-18T08:24:44.671+0530][info][gc          ] Allocation Stall (Worker-2) 67.600ms
[2025-12-18T08:24:44.673+0530][info][gc          ] Allocation Stall (Worker-3) 74.059ms
[2025-12-18T08:24:44.673+0530][info][gc          ] Allocation Stall (Worker-4) 73.192ms
[2025-12-18T08:24:44.673+0530][info][gc          ] Allocation Stall (Worker-0) 71.048ms
[2025-12-18T08:24:44.675+0530][info][gc,phases   ] GC(66) Concurrent Select Relocation Set 3.481ms
[2025-12-18T08:24:44.675+0530][info][gc,phases   ] GC(66) Pause Relocate Start 0.011ms
[2025-12-18T08:24:44.679+0530][info][gc,phases   ] GC(66) Concurrent Relocate 1.585ms
[2025-12-18T08:24:44.679+0530][info][gc,load     ] GC(66) Load: 0.00/0.00/0.00
[2025-12-18T08:24:44.679+0530][info][gc,mmu      ] GC(66) MMU: 2ms/93.0%, 5ms/97.1%, 10ms/98.5%, 20ms/99.2%, 50ms/99.6%, 100ms/99.8%
[2025-12-18T08:24:44.679+0530][info][gc,marking  ] GC(66) Mark: 2 stripe(s), 2 proactive flush(es), 1 terminate flush(es), 0 completion(s), 0 continuation(s) 
[2025-12-18T08:24:44.679+0530][info][gc,marking  ] GC(66) Mark Stack Usage: 32M
[2025-12-18T08:24:44.679+0530][info][gc,nmethod  ] GC(66) NMethods: 612 registered, 64 unregistered
[2025-12-18T08:24:44.679+0530][info][gc,metaspace] GC(66) Metaspace: 3M used, 4M committed, 1088M reserved
[2025-12-18T08:24:44.679+0530][info][gc,ref      ] GC(66) Soft: 157 encountered, 77 discovered, 0 enqueued
[2025-12-18T08:24:44.679+0530][info][gc,ref      ] GC(66) Weak: 539 encountered, 387 discovered, 0 enqueued
[2025-12-18T08:24:44.679+0530][info][gc,ref      ] GC(66) Final: 0 encountered, 0 discovered, 0 enqueued
[2025-12-18T08:24:44.679+0530][info][gc,ref      ] GC(66) Phantom: 7 encountered, 3 discovered, 0 enqueued
[2025-12-18T08:24:44.679+0530][info][gc,reloc    ] GC(66) Small Pages: 208 / 416M, Empty: 136M, Relocated: 1M, In-Place: 0
[2025-12-18T08:24:44.679+0530][info][gc,reloc    ] GC(66) Medium Pages: 1 / 16M, Empty: 0M, Relocated: 0M, In-Place: 0
[2025-12-18T08:24:44.679+0530][info][gc,reloc    ] GC(66) Large Pages: 1 / 6M, Empty: 0M, Relocated: 0M, In-Place: 0
[2025-12-18T08:24:44.679+0530][info][gc,reloc    ] GC(66) Forwarding Usage: 0M
[2025-12-18T08:24:44.679+0530][info][gc,heap     ] GC(66) Min Capacity: 512M(100%)
[2025-12-18T08:24:44.681+0530][info][gc,heap     ] GC(66) Max Capacity: 512M(100%)
[2025-12-18T08:24:44.681+0530][info][gc,heap     ] GC(66) Soft Max Capacity: 512M(100%)
[2025-12-18T08:24:44.681+0530][info][gc,heap     ] GC(66)                Mark Start          Mark End        Relocate Start      Relocate End           High               Low         
[2025-12-18T08:24:44.681+0530][info][gc,heap     ] GC(66)  Capacity:      512M (100%)        512M (100%)        512M (100%)        512M (100%)        512M (100%)        512M (100%)   
[2025-12-18T08:24:44.681+0530][info][gc,heap     ] GC(66)      Free:       74M (14%)           0M (0%)          122M (24%)         156M (30%)         156M (30%)           0M (0%)     
[2025-12-18T08:24:44.681+0530][info][gc,heap     ] GC(66)      Used:      438M (86%)         512M (100%)        390M (76%)         356M (70%)         512M (100%)        356M (70%)    
[2025-12-18T08:24:44.681+0530][info][gc,heap     ] GC(66)      Live:         -               248M (48%)         248M (48%)         248M (48%)            -                  -          
[2025-12-18T08:24:44.681+0530][info][gc,heap     ] GC(66) Allocated:         -                74M (14%)          88M (17%)          87M (17%)            -                  -          
[2025-12-18T08:24:44.681+0530][info][gc,heap     ] GC(66)   Garbage:         -               189M (37%)          53M (11%)          19M (4%)             -                  -          
[2025-12-18T08:24:44.681+0530][info][gc,heap     ] GC(66) Reclaimed:         -                  -               136M (27%)         169M (33%)            -                  -          
[2025-12-18T08:24:44.681+0530][info][gc          ] GC(66) Garbage Collection (Allocation Stall) 438M(86%)->356M(70%)
[2025-12-18T08:24:44.718+0530][info][gc,start    ] GC(67) Garbage Collection (Allocation Stall)
[2025-12-18T08:24:44.718+0530][info][gc,ref      ] GC(67) Clearing All SoftReferences
[2025-12-18T08:24:44.718+0530][info][gc,task     ] GC(67) Using 2 workers
[2025-12-18T08:24:44.718+0530][info][gc,ref      ] GC(67) Clearing All SoftReferences
[2025-12-18T08:24:44.718+0530][info][gc,phases   ] GC(67) Pause Mark Start 0.052ms
[2025-12-18T08:24:44.861+0530][info][gc,phases   ] GC(67) Concurrent Mark 140.907ms
[2025-12-18T08:24:44.861+0530][info][gc,phases   ] GC(67) Pause Mark End 0.095ms
[2025-12-18T08:24:44.861+0530][info][gc,phases   ] GC(67) Concurrent Mark Free 0.002ms
[2025-12-18T08:24:44.861+0530][info][gc,phases   ] GC(67) Concurrent Process Non-Strong References 1.051ms
[2025-12-18T08:24:44.861+0530][info][gc,phases   ] GC(67) Concurrent Reset Relocation Set 0.003ms
[2025-12-18T08:24:44.865+0530][info][gc          ] Allocation Stall (Worker-0) 37.065ms
[2025-12-18T08:24:44.865+0530][info][gc          ] Allocation Stall (Worker-2) 39.044ms
[2025-12-18T08:24:44.865+0530][info][gc          ] Allocation Stall (Worker-5) 35.761ms
[2025-12-18T08:24:44.865+0530][info][gc          ] Allocation Stall (Worker-7) 35.098ms
[2025-12-18T08:24:44.865+0530][info][gc          ] Allocation Stall (Worker-1) 44.186ms
[2025-12-18T08:24:44.865+0530][info][gc          ] Allocation Stall (Worker-3) 43.458ms
[2025-12-18T08:24:44.865+0530][info][gc          ] Allocation Stall (Worker-6) 40.517ms
[2025-12-18T08:24:44.865+0530][info][gc          ] Allocation Stall (Worker-4) 38.539ms
[2025-12-18T08:24:44.865+0530][info][gc,phases   ] GC(67) Concurrent Select Relocation Set 2.965ms
[2025-12-18T08:24:44.865+0530][info][gc,phases   ] GC(67) Pause Relocate Start 0.009ms
[2025-12-18T08:24:44.868+0530][info][gc,phases   ] GC(67) Concurrent Relocate 1.448ms
[2025-12-18T08:24:44.868+0530][info][gc,load     ] GC(67) Load: 0.00/0.00/0.00
[2025-12-18T08:24:44.868+0530][info][gc,mmu      ] GC(67) MMU: 2ms/93.0%, 5ms/97.1%, 10ms/98.5%, 20ms/99.2%, 50ms/99.6%, 100ms/99.8%
[2025-12-18T08:24:44.868+0530][info][gc,marking  ] GC(67) Mark: 2 stripe(s), 2 proactive flush(es), 1 terminate flush(es), 1 completion(s), 0 continuation(s) 
[2025-12-18T08:24:44.868+0530][info][gc,marking  ] GC(67) Mark Stack Usage: 32M
[2025-12-18T08:24:44.868+0530][info][gc,nmethod  ] GC(67) NMethods: 612 registered, 64 unregistered
[2025-12-18T08:24:44.868+0530][info][gc,metaspace] GC(67) Metaspace: 3M used, 4M committed, 1088M reserved
[2025-12-18T08:24:44.868+0530][info][gc,ref      ] GC(67) Soft: 157 encountered, 81 discovered, 0 enqueued
[2025-12-18T08:24:44.868+0530][info][gc,ref      ] GC(67) Weak: 539 encountered, 417 discovered, 0 enqueued
[2025-12-18T08:24:44.868+0530][info][gc,ref      ] GC(67) Final: 0 encountered, 0 discovered, 0 enqueued
[2025-12-18T08:24:44.868+0530][info][gc,ref      ] GC(67) Phantom: 7 encountered, 2 discovered, 0 enqueued
[2025-12-18T08:24:44.868+0530][info][gc,reloc    ] GC(67) Small Pages: 191 / 382M, Empty: 104M, Relocated: 1M, In-Place: 0
[2025-12-18T08:24:44.868+0530][info][gc,reloc    ] GC(67) Medium Pages: 1 / 16M, Empty: 0M, Relocated: 0M, In-Place: 0
[2025-12-18T08:24:44.868+0530][info][gc,reloc    ] GC(67) Large Pages: 1 / 6M, Empty: 0M, Relocated: 0M, In-Place: 0
[2025-12-18T08:24:44.868+0530][info][gc,reloc    ] GC(67) Forwarding Usage: 0M
[2025-12-18T08:24:44.868+0530][info][gc,heap     ] GC(67) Min Capacity: 512M(100%)
[2025-12-18T08:24:44.868+0530][info][gc,heap     ] GC(67) Max Capacity: 512M(100%)
[2025-12-18T08:24:44.868+0530][info][gc,heap     ] GC(67) Soft Max Capacity: 512M(100%)
[2025-12-18T08:24:44.868+0530][info][gc,heap     ] GC(67)                Mark Start          Mark End        Relocate Start      Relocate End           High               Low         
[2025-12-18T08:24:44.868+0530][info][gc,heap     ] GC(67)  Capacity:      512M (100%)        512M (100%)        512M (100%)        512M (100%)        512M (100%)        512M (100%)   
[2025-12-18T08:24:44.868+0530][info][gc,heap     ] GC(67)      Free:      108M (21%)           0M (0%)           88M (17%)         120M (23%)         120M (23%)           0M (0%)     
[2025-12-18T08:24:44.868+0530][info][gc,heap     ] GC(67)      Used:      404M (79%)         512M (100%)        424M (83%)         392M (77%)         512M (100%)        392M (77%)    
[2025-12-18T08:24:44.868+0530][info][gc,heap     ] GC(67)      Live:         -               248M (48%)         248M (48%)         248M (48%)            -                  -          
[2025-12-18T08:24:44.868+0530][info][gc,heap     ] GC(67) Allocated:         -               108M (21%)         124M (24%)         123M (24%)            -                  -          
[2025-12-18T08:24:44.868+0530][info][gc,heap     ] GC(67)   Garbage:         -               155M (30%)          51M (10%)          19M (4%)             -                  -          
[2025-12-18T08:24:44.868+0530][info][gc,heap     ] GC(67) Reclaimed:         -                  -               104M (20%)         135M (27%)            -                  -          
[2025-12-18T08:24:44.868+0530][info][gc          ] GC(67) Garbage Collection (Allocation Stall) 404M(79%)->392M(77%)
[2025-12-18T08:24:44.924+0530][info][gc,start    ] GC(68) Garbage Collection (Allocation Stall)
[2025-12-18T08:24:44.924+0530][info][gc,ref      ] GC(68) Clearing All SoftReferences
[2025-12-18T08:24:44.924+0530][info][gc,task     ] GC(68) Using 2 workers
[2025-12-18T08:24:44.924+0530][info][gc,ref      ] GC(68) Clearing All SoftReferences
[2025-12-18T08:24:44.924+0530][info][gc,phases   ] GC(68) Pause Mark Start 0.051ms
[2025-12-18T08:24:45.051+0530][info][gc,phases   ] GC(68) Concurrent Mark 126.377ms
[2025-12-18T08:24:45.051+0530][info][gc,phases   ] GC(68) Pause Mark End 0.022ms
[2025-12-18T08:24:45.051+0530][info][gc,phases   ] GC(68) Concurrent Mark Free 0.001ms
[2025-12-18T08:24:45.051+0530][info][gc,phases   ] GC(68) Concurrent Process Non-Strong References 1.055ms
[2025-12-18T08:24:45.051+0530][info][gc,phases   ] GC(68) Concurrent Reset Relocation Set 0.003ms
[2025-12-18T08:24:45.051+0530][info][gc          ] Allocation Stall (Worker-6) 90.737ms
[2025-12-18T08:24:45.051+0530][info][gc          ] Allocation Stall (Worker-0) 85.823ms
[2025-12-18T08:24:45.051+0530][info][gc          ] Allocation Stall (Worker-7) 87.511ms
[2025-12-18T08:24:45.051+0530][info][gc          ] Allocation Stall (Worker-4) 83.620ms
[2025-12-18T08:24:45.051+0530][info][gc          ] Allocation Stall (Worker-2) 92.157ms
[2025-12-18T08:24:45.051+0530][info][gc          ] Allocation Stall (Worker-5) 91.880ms
[2025-12-18T08:24:45.051+0530][info][gc          ] Allocation Stall (Worker-3) 90.303ms
[2025-12-18T08:24:45.051+0530][info][gc          ] Allocation Stall (Worker-1) 90.065ms
[2025-12-18T08:24:45.056+0530][info][gc,phases   ] GC(68) Concurrent Select Relocation Set 3.616ms
[2025-12-18T08:24:45.056+0530][info][gc,phases   ] GC(68) Pause Relocate Start 0.011ms
[2025-12-18T08:24:45.058+0530][info][gc,phases   ] GC(68) Concurrent Relocate 1.526ms
[2025-12-18T08:24:45.058+0530][info][gc,load     ] GC(68) Load: 0.00/0.00/0.00
[2025-12-18T08:24:45.060+0530][info][gc,mmu      ] GC(68) MMU: 2ms/93.0%, 5ms/97.1%, 10ms/98.5%, 20ms/99.2%, 50ms/99.6%, 100ms/99.8%
[2025-12-18T08:24:45.060+0530][info][gc,marking  ] GC(68) Mark: 2 stripe(s), 2 proactive flush(es), 1 terminate flush(es), 0 completion(s), 0 continuation(s) 
[2025-12-18T08:24:45.060+0530][info][gc,marking  ] GC(68) Mark Stack Usage: 32M
[2025-12-18T08:24:45.060+0530][info][gc,nmethod  ] GC(68) NMethods: 612 registered, 64 unregistered
[2025-12-18T08:24:45.060+0530][info][gc,metaspace] GC(68) Metaspace: 3M used, 4M committed, 1088M reserved
[2025-12-18T08:24:45.060+0530][info][gc,ref      ] GC(68) Soft: 157 encountered, 77 discovered, 0 enqueued
[2025-12-18T08:24:45.060+0530][info][gc,ref      ] GC(68) Weak: 539 encountered, 387 discovered, 0 enqueued
[2025-12-18T08:24:45.060+0530][info][gc,ref      ] GC(68) Final: 0 encountered, 0 discovered, 0 enqueued
[2025-12-18T08:24:45.060+0530][info][gc,ref      ] GC(68) Phantom: 7 encountered, 3 discovered, 0 enqueued
[2025-12-18T08:24:45.060+0530][info][gc,reloc    ] GC(68) Small Pages: 225 / 450M, Empty: 174M, Relocated: 1M, In-Place: 0
[2025-12-18T08:24:45.060+0530][info][gc,reloc    ] GC(68) Medium Pages: 1 / 16M, Empty: 0M, Relocated: 0M, In-Place: 0
[2025-12-18T08:24:45.060+0530][info][gc,reloc    ] GC(68) Large Pages: 1 / 6M, Empty: 0M, Relocated: 0M, In-Place: 0
[2025-12-18T08:24:45.060+0530][info][gc,reloc    ] GC(68) Forwarding Usage: 0M
[2025-12-18T08:24:45.060+0530][info][gc,heap     ] GC(68) Min Capacity: 512M(100%)
[2025-12-18T08:24:45.060+0530][info][gc,heap     ] GC(68) Max Capacity: 512M(100%)
[2025-12-18T08:24:45.060+0530][info][gc,heap     ] GC(68) Soft Max Capacity: 512M(100%)
[2025-12-18T08:24:45.060+0530][info][gc,heap     ] GC(68)                Mark Start          Mark End        Relocate Start      Relocate End           High               Low         
[2025-12-18T08:24:45.060+0530][info][gc,heap     ] GC(68)  Capacity:      512M (100%)        512M (100%)        512M (100%)        512M (100%)        512M (100%)        512M (100%)   
[2025-12-18T08:24:45.060+0530][info][gc,heap     ] GC(68)      Free:       40M (8%)            0M (0%)          158M (31%)         188M (37%)         188M (37%)           0M (0%)     
[2025-12-18T08:24:45.060+0530][info][gc,heap     ] GC(68)      Used:      472M (92%)         512M (100%)        354M (69%)         324M (63%)         512M (100%)        324M (63%)    
[2025-12-18T08:24:45.060+0530][info][gc,heap     ] GC(68)      Live:         -               248M (48%)         248M (48%)         248M (48%)            -                  -          
[2025-12-18T08:24:45.060+0530][info][gc,heap     ] GC(68) Allocated:         -                40M (8%)           56M (11%)          55M (11%)            -                  -          
[2025-12-18T08:24:45.060+0530][info][gc,heap     ] GC(68)   Garbage:         -               223M (44%)          49M (10%)          19M (4%)             -                  -          
[2025-12-18T08:24:45.060+0530][info][gc,heap     ] GC(68) Reclaimed:         -                  -               174M (34%)         203M (40%)            -                  -          
[2025-12-18T08:24:45.060+0530][info][gc          ] GC(68) Garbage Collection (Allocation Stall) 472M(92%)->324M(63%)
[2025-12-18T08:24:45.130+0530][info][gc,start    ] GC(69) Garbage Collection (Allocation Stall)
[2025-12-18T08:24:45.130+0530][info][gc,ref      ] GC(69) Clearing All SoftReferences
[2025-12-18T08:24:45.130+0530][info][gc,task     ] GC(69) Using 2 workers
[2025-12-18T08:24:45.130+0530][info][gc,ref      ] GC(69) Clearing All SoftReferences
[2025-12-18T08:24:45.130+0530][info][gc,phases   ] GC(69) Pause Mark Start 0.053ms
[2025-12-18T08:24:45.272+0530][info][gc,phases   ] GC(69) Concurrent Mark 139.493ms
[2025-12-18T08:24:45.272+0530][info][gc,phases   ] GC(69) Pause Mark End 0.090ms
[2025-12-18T08:24:45.272+0530][info][gc,phases   ] GC(69) Concurrent Mark Free 0.001ms
[2025-12-18T08:24:45.272+0530][info][gc,phases   ] GC(69) Concurrent Process Non-Strong References 1.001ms
[2025-12-18T08:24:45.272+0530][info][gc,phases   ] GC(69) Concurrent Reset Relocation Set 0.002ms
[2025-12-18T08:24:45.272+0530][info][gc          ] Allocation Stall (Worker-7) 62.261ms
[2025-12-18T08:24:45.272+0530][info][gc          ] Allocation Stall (JFR Periodic Tasks) 32.776ms
[2025-12-18T08:24:45.272+0530][info][gc          ] Allocation Stall (Worker-0) 59.925ms
[2025-12-18T08:24:45.272+0530][info][gc          ] Allocation Stall (Worker-4) 70.887ms
[2025-12-18T08:24:45.272+0530][info][gc          ] Allocation Stall (Worker-6) 61.987ms
[2025-12-18T08:24:45.272+0530][info][gc          ] Allocation Stall (Worker-5) 68.884ms
[2025-12-18T08:24:45.272+0530][info][gc          ] Allocation Stall (Worker-2) 67.003ms
[2025-12-18T08:24:45.272+0530][info][gc          ] Allocation Stall (Worker-3) 62.645ms
[2025-12-18T08:24:45.272+0530][info][gc          ] Allocation Stall (Worker-1) 64.936ms
[2025-12-18T08:24:45.277+0530][info][gc,phases   ] GC(69) Concurrent Select Relocation Set 3.597ms
[2025-12-18T08:24:45.277+0530][info][gc,phases   ] GC(69) Pause Relocate Start 0.011ms
[2025-12-18T08:24:45.279+0530][info][gc,phases   ] GC(69) Concurrent Relocate 1.418ms
[2025-12-18T08:24:45.279+0530][info][gc,load     ] GC(69) Load: 0.00/0.00/0.00
[2025-12-18T08:24:45.279+0530][info][gc,mmu      ] GC(69) MMU: 2ms/93.0%, 5ms/97.1%, 10ms/98.5%, 20ms/99.2%, 50ms/99.6%, 100ms/99.8%
[2025-12-18T08:24:45.279+0530][info][gc,marking  ] GC(69) Mark: 2 stripe(s), 2 proactive flush(es), 1 terminate flush(es), 1 completion(s), 0 continuation(s) 
[2025-12-18T08:24:45.279+0530][info][gc,marking  ] GC(69) Mark Stack Usage: 32M
[2025-12-18T08:24:45.279+0530][info][gc,nmethod  ] GC(69) NMethods: 612 registered, 64 unregistered
[2025-12-18T08:24:45.279+0530][info][gc,metaspace] GC(69) Metaspace: 3M used, 4M committed, 1088M reserved
[2025-12-18T08:24:45.279+0530][info][gc,ref      ] GC(69) Soft: 157 encountered, 77 discovered, 0 enqueued
[2025-12-18T08:24:45.279+0530][info][gc,ref      ] GC(69) Weak: 539 encountered, 376 discovered, 0 enqueued
[2025-12-18T08:24:45.279+0530][info][gc,ref      ] GC(69) Final: 0 encountered, 0 discovered, 0 enqueued
[2025-12-18T08:24:45.279+0530][info][gc,ref      ] GC(69) Phantom: 7 encountered, 3 discovered, 0 enqueued
[2025-12-18T08:24:45.279+0530][info][gc,reloc    ] GC(69) Small Pages: 205 / 410M, Empty: 132M, Relocated: 1M, In-Place: 0
[2025-12-18T08:24:45.279+0530][info][gc,reloc    ] GC(69) Medium Pages: 1 / 16M, Empty: 0M, Relocated: 0M, In-Place: 0
[2025-12-18T08:24:45.279+0530][info][gc,reloc    ] GC(69) Large Pages: 1 / 6M, Empty: 0M, Relocated: 0M, In-Place: 0
[2025-12-18T08:24:45.279+0530][info][gc,reloc    ] GC(69) Forwarding Usage: 0M
[2025-12-18T08:24:45.279+0530][info][gc,heap     ] GC(69) Min Capacity: 512M(100%)
[2025-12-18T08:24:45.279+0530][info][gc,heap     ] GC(69) Max Capacity: 512M(100%)
[2025-12-18T08:24:45.279+0530][info][gc,heap     ] GC(69) Soft Max Capacity: 512M(100%)
[2025-12-18T08:24:45.279+0530][info][gc,heap     ] GC(69)                Mark Start          Mark End        Relocate Start      Relocate End           High               Low         
[2025-12-18T08:24:45.279+0530][info][gc,heap     ] GC(69)  Capacity:      512M (100%)        512M (100%)        512M (100%)        512M (100%)        512M (100%)        512M (100%)   
[2025-12-18T08:24:45.279+0530][info][gc,heap     ] GC(69)      Free:       80M (16%)           0M (0%)          116M (23%)         148M (29%)         148M (29%)           0M (0%)     
[2025-12-18T08:24:45.279+0530][info][gc,heap     ] GC(69)      Used:      432M (84%)         512M (100%)        396M (77%)         364M (71%)         512M (100%)        364M (71%)    
[2025-12-18T08:24:45.279+0530][info][gc,heap     ] GC(69)      Live:         -               248M (48%)         248M (48%)         248M (48%)            -                  -          
[2025-12-18T08:24:45.279+0530][info][gc,heap     ] GC(69) Allocated:         -                80M (16%)          96M (19%)          95M (19%)            -                  -          
[2025-12-18T08:24:45.279+0530][info][gc,heap     ] GC(69)   Garbage:         -               183M (36%)          51M (10%)          19M (4%)             -                  -          
[2025-12-18T08:24:45.279+0530][info][gc,heap     ] GC(69) Reclaimed:         -                  -               132M (26%)         163M (32%)            -                  -          
[2025-12-18T08:24:45.279+0530][info][gc          ] GC(69) Garbage Collection (Allocation Stall) 432M(84%)->364M(71%)
[2025-12-18T08:24:45.320+0530][info][gc,start    ] GC(70) Garbage Collection (Allocation Stall)
[2025-12-18T08:24:45.320+0530][info][gc,ref      ] GC(70) Clearing All SoftReferences
[2025-12-18T08:24:45.320+0530][info][gc,task     ] GC(70) Using 2 workers
[2025-12-18T08:24:45.320+0530][info][gc,ref      ] GC(70) Clearing All SoftReferences
[2025-12-18T08:24:45.320+0530][info][gc,phases   ] GC(70) Pause Mark Start 0.059ms
[2025-12-18T08:24:45.461+0530][info][gc,phases   ] GC(70) Concurrent Mark 139.292ms
[2025-12-18T08:24:45.461+0530][info][gc,phases   ] GC(70) Pause Mark End 0.088ms
[2025-12-18T08:24:45.461+0530][info][gc,phases   ] GC(70) Concurrent Mark Free 0.001ms
[2025-12-18T08:24:45.462+0530][info][gc,phases   ] GC(70) Concurrent Process Non-Strong References 1.023ms
[2025-12-18T08:24:45.462+0530][info][gc,phases   ] GC(70) Concurrent Reset Relocation Set 0.002ms
[2025-12-18T08:24:45.464+0530][info][gc          ] Allocation Stall (Worker-6) 46.925ms
[2025-12-18T08:24:45.464+0530][info][gc          ] Allocation Stall (Worker-4) 46.815ms
[2025-12-18T08:24:45.464+0530][info][gc          ] Allocation Stall (Worker-3) 49.788ms
[2025-12-18T08:24:45.464+0530][info][gc          ] Allocation Stall (Worker-0) 48.497ms
[2025-12-18T08:24:45.464+0530][info][gc          ] Allocation Stall (Worker-7) 48.937ms
[2025-12-18T08:24:45.464+0530][info][gc          ] Allocation Stall (Worker-5) 48.179ms
[2025-12-18T08:24:45.464+0530][info][gc          ] Allocation Stall (Worker-2) 47.336ms
[2025-12-18T08:24:45.464+0530][info][gc          ] Allocation Stall (Worker-1) 46.104ms
[2025-12-18T08:24:45.464+0530][info][gc,phases   ] GC(70) Concurrent Select Relocation Set 3.148ms
[2025-12-18T08:24:45.466+0530][info][gc,phases   ] GC(70) Pause Relocate Start 0.011ms
[2025-12-18T08:24:45.468+0530][info][gc,phases   ] GC(70) Concurrent Relocate 1.372ms
[2025-12-18T08:24:45.468+0530][info][gc,load     ] GC(70) Load: 0.00/0.00/0.00
[2025-12-18T08:24:45.468+0530][info][gc,mmu      ] GC(70) MMU: 2ms/93.0%, 5ms/97.1%, 10ms/98.5%, 20ms/99.2%, 50ms/99.6%, 100ms/99.8%
[2025-12-18T08:24:45.468+0530][info][gc,marking  ] GC(70) Mark: 2 stripe(s), 2 proactive flush(es), 1 terminate flush(es), 1 completion(s), 0 continuation(s) 
[2025-12-18T08:24:45.468+0530][info][gc,marking  ] GC(70) Mark Stack Usage: 32M
[2025-12-18T08:24:45.468+0530][info][gc,nmethod  ] GC(70) NMethods: 612 registered, 64 unregistered
[2025-12-18T08:24:45.468+0530][info][gc,metaspace] GC(70) Metaspace: 3M used, 4M committed, 1088M reserved
[2025-12-18T08:24:45.468+0530][info][gc,ref      ] GC(70) Soft: 157 encountered, 75 discovered, 0 enqueued
[2025-12-18T08:24:45.468+0530][info][gc,ref      ] GC(70) Weak: 539 encountered, 4 discovered, 0 enqueued
[2025-12-18T08:24:45.468+0530][info][gc,ref      ] GC(70) Final: 0 encountered, 0 discovered, 0 enqueued
[2025-12-18T08:24:45.468+0530][info][gc,ref      ] GC(70) Phantom: 7 encountered, 3 discovered, 0 enqueued
[2025-12-18T08:24:45.468+0530][info][gc,reloc    ] GC(70) Small Pages: 194 / 388M, Empty: 110M, Relocated: 1M, In-Place: 0
[2025-12-18T08:24:45.468+0530][info][gc,reloc    ] GC(70) Medium Pages: 1 / 16M, Empty: 0M, Relocated: 0M, In-Place: 0
[2025-12-18T08:24:45.468+0530][info][gc,reloc    ] GC(70) Large Pages: 1 / 6M, Empty: 0M, Relocated: 0M, In-Place: 0
[2025-12-18T08:24:45.468+0530][info][gc,reloc    ] GC(70) Forwarding Usage: 0M
[2025-12-18T08:24:45.468+0530][info][gc,heap     ] GC(70) Min Capacity: 512M(100%)
[2025-12-18T08:24:45.468+0530][info][gc,heap     ] GC(70) Max Capacity: 512M(100%)
[2025-12-18T08:24:45.468+0530][info][gc,heap     ] GC(70) Soft Max Capacity: 512M(100%)
[2025-12-18T08:24:45.468+0530][info][gc,heap     ] GC(70)                Mark Start          Mark End        Relocate Start      Relocate End           High               Low         
[2025-12-18T08:24:45.468+0530][info][gc,heap     ] GC(70)  Capacity:      512M (100%)        512M (100%)        512M (100%)        512M (100%)        512M (100%)        512M (100%)   
[2025-12-18T08:24:45.468+0530][info][gc,heap     ] GC(70)      Free:      102M (20%)           0M (0%)           98M (19%)         130M (25%)         130M (25%)           0M (0%)     
[2025-12-18T08:24:45.468+0530][info][gc,heap     ] GC(70)      Used:      410M (80%)         512M (100%)        414M (81%)         382M (75%)         512M (100%)        382M (75%)    
[2025-12-18T08:24:45.468+0530][info][gc,heap     ] GC(70)      Live:         -               248M (48%)         248M (48%)         248M (48%)            -                  -          
[2025-12-18T08:24:45.468+0530][info][gc,heap     ] GC(70) Allocated:         -               102M (20%)         114M (22%)         113M (22%)            -                  -          
[2025-12-18T08:24:45.468+0530][info][gc,heap     ] GC(70)   Garbage:         -               161M (32%)          51M (10%)          19M (4%)             -                  -          
[2025-12-18T08:24:45.468+0530][info][gc,heap     ] GC(70) Reclaimed:         -                  -               110M (21%)         141M (28%)            -                  -          
[2025-12-18T08:24:45.468+0530][info][gc          ] GC(70) Garbage Collection (Allocation Stall) 410M(80%)->382M(75%)
[2025-12-18T08:24:45.524+0530][info][gc,start    ] GC(71) Garbage Collection (Allocation Stall)
[2025-12-18T08:24:45.524+0530][info][gc,ref      ] GC(71) Clearing All SoftReferences
[2025-12-18T08:24:45.524+0530][info][gc,task     ] GC(71) Using 2 workers
[2025-12-18T08:24:45.524+0530][info][gc,ref      ] GC(71) Clearing All SoftReferences
[2025-12-18T08:24:45.524+0530][info][gc,phases   ] GC(71) Pause Mark Start 0.070ms
[2025-12-18T08:24:45.667+0530][info][gc,phases   ] GC(71) Concurrent Mark 141.828ms
[2025-12-18T08:24:45.667+0530][info][gc,phases   ] GC(71) Pause Mark End 0.118ms
[2025-12-18T08:24:45.667+0530][info][gc,phases   ] GC(71) Concurrent Mark Free 0.002ms
[2025-12-18T08:24:45.667+0530][info][gc,phases   ] GC(71) Concurrent Process Non-Strong References 1.077ms
[2025-12-18T08:24:45.667+0530][info][gc,phases   ] GC(71) Concurrent Reset Relocation Set 0.003ms
[2025-12-18T08:24:45.667+0530][info][gc          ] Allocation Stall (Worker-3) 69.646ms
[2025-12-18T08:24:45.667+0530][info][gc          ] Allocation Stall (Worker-2) 74.670ms
[2025-12-18T08:24:45.667+0530][info][gc          ] Allocation Stall (Worker-6) 74.168ms
[2025-12-18T08:24:45.667+0530][info][gc          ] Allocation Stall (Worker-1) 72.670ms
[2025-12-18T08:24:45.667+0530][info][gc          ] Allocation Stall (Worker-5) 77.633ms
[2025-12-18T08:24:45.667+0530][info][gc          ] Allocation Stall (Worker-7) 78.753ms
[2025-12-18T08:24:45.667+0530][info][gc          ] Allocation Stall (Worker-4) 76.940ms
[2025-12-18T08:24:45.667+0530][info][gc          ] Allocation Stall (Worker-0) 75.765ms
[2025-12-18T08:24:45.671+0530][info][gc,phases   ] GC(71) Concurrent Select Relocation Set 3.626ms
[2025-12-18T08:24:45.671+0530][info][gc,phases   ] GC(71) Pause Relocate Start 0.011ms
[2025-12-18T08:24:45.675+0530][info][gc,phases   ] GC(71) Concurrent Relocate 1.301ms
[2025-12-18T08:24:45.675+0530][info][gc,load     ] GC(71) Load: 0.00/0.00/0.00
[2025-12-18T08:24:45.675+0530][info][gc,mmu      ] GC(71) MMU: 2ms/93.0%, 5ms/97.1%, 10ms/98.5%, 20ms/99.2%, 50ms/99.6%, 100ms/99.8%
[2025-12-18T08:24:45.675+0530][info][gc,marking  ] GC(71) Mark: 2 stripe(s), 2 proactive flush(es), 1 terminate flush(es), 1 completion(s), 0 continuation(s) 
[2025-12-18T08:24:45.675+0530][info][gc,marking  ] GC(71) Mark Stack Usage: 32M
[2025-12-18T08:24:45.675+0530][info][gc,nmethod  ] GC(71) NMethods: 612 registered, 64 unregistered
[2025-12-18T08:24:45.675+0530][info][gc,metaspace] GC(71) Metaspace: 3M used, 4M committed, 1088M reserved
[2025-12-18T08:24:45.675+0530][info][gc,ref      ] GC(71) Soft: 157 encountered, 75 discovered, 0 enqueued
[2025-12-18T08:24:45.675+0530][info][gc,ref      ] GC(71) Weak: 539 encountered, 4 discovered, 0 enqueued
[2025-12-18T08:24:45.675+0530][info][gc,ref      ] GC(71) Final: 0 encountered, 0 discovered, 0 enqueued
[2025-12-18T08:24:45.675+0530][info][gc,ref      ] GC(71) Phantom: 7 encountered, 6 discovered, 0 enqueued
[2025-12-18T08:24:45.675+0530][info][gc,reloc    ] GC(71) Small Pages: 214 / 428M, Empty: 148M, Relocated: 1M, In-Place: 0
[2025-12-18T08:24:45.675+0530][info][gc,reloc    ] GC(71) Medium Pages: 1 / 16M, Empty: 0M, Relocated: 0M, In-Place: 0
[2025-12-18T08:24:45.675+0530][info][gc,reloc    ] GC(71) Large Pages: 1 / 6M, Empty: 0M, Relocated: 0M, In-Place: 0
[2025-12-18T08:24:45.675+0530][info][gc,reloc    ] GC(71) Forwarding Usage: 0M
[2025-12-18T08:24:45.675+0530][info][gc,heap     ] GC(71) Min Capacity: 512M(100%)
[2025-12-18T08:24:45.675+0530][info][gc,heap     ] GC(71) Max Capacity: 512M(100%)
[2025-12-18T08:24:45.675+0530][info][gc,heap     ] GC(71) Soft Max Capacity: 512M(100%)
[2025-12-18T08:24:45.675+0530][info][gc,heap     ] GC(71)                Mark Start          Mark End        Relocate Start      Relocate End           High               Low         
[2025-12-18T08:24:45.675+0530][info][gc,heap     ] GC(71)  Capacity:      512M (100%)        512M (100%)        512M (100%)        512M (100%)        512M (100%)        512M (100%)   
[2025-12-18T08:24:45.675+0530][info][gc,heap     ] GC(71)      Free:       62M (12%)           0M (0%)          132M (26%)         166M (32%)         166M (32%)           0M (0%)     
[2025-12-18T08:24:45.675+0530][info][gc,heap     ] GC(71)      Used:      450M (88%)         512M (100%)        380M (74%)         346M (68%)         512M (100%)        346M (68%)    
[2025-12-18T08:24:45.675+0530][info][gc,heap     ] GC(71)      Live:         -               248M (48%)         248M (48%)         248M (48%)            -                  -          
[2025-12-18T08:24:45.675+0530][info][gc,heap     ] GC(71) Allocated:         -                62M (12%)          78M (15%)          77M (15%)            -                  -          
[2025-12-18T08:24:45.675+0530][info][gc,heap     ] GC(71)   Garbage:         -               201M (39%)          53M (11%)          19M (4%)             -                  -          
[2025-12-18T08:24:45.675+0530][info][gc,heap     ] GC(71) Reclaimed:         -                  -               148M (29%)         181M (36%)            -                  -          
[2025-12-18T08:24:45.675+0530][info][gc          ] GC(71) Garbage Collection (Allocation Stall) 450M(88%)->346M(68%)
[2025-12-18T08:24:45.730+0530][info][gc,start    ] GC(72) Garbage Collection (Allocation Stall)
[2025-12-18T08:24:45.730+0530][info][gc,ref      ] GC(72) Clearing All SoftReferences
[2025-12-18T08:24:45.730+0530][info][gc,task     ] GC(72) Using 2 workers
[2025-12-18T08:24:45.730+0530][info][gc,ref      ] GC(72) Clearing All SoftReferences
[2025-12-18T08:24:45.730+0530][info][gc,phases   ] GC(72) Pause Mark Start 0.091ms
[2025-12-18T08:24:45.870+0530][info][gc,phases   ] GC(72) Concurrent Mark 138.239ms
[2025-12-18T08:24:45.870+0530][info][gc,phases   ] GC(72) Pause Mark End 0.106ms
[2025-12-18T08:24:45.870+0530][info][gc,phases   ] GC(72) Concurrent Mark Free 0.001ms
[2025-12-18T08:24:45.870+0530][info][gc,phases   ] GC(72) Concurrent Process Non-Strong References 0.958ms
[2025-12-18T08:24:45.870+0530][info][gc,phases   ] GC(72) Concurrent Reset Relocation Set 0.002ms
[2025-12-18T08:24:45.873+0530][info][gc          ] Allocation Stall (Worker-4) 42.123ms
[2025-12-18T08:24:45.873+0530][info][gc          ] Allocation Stall (Worker-0) 41.974ms
[2025-12-18T08:24:45.873+0530][info][gc          ] Allocation Stall (Worker-7) 51.792ms
[2025-12-18T08:24:45.873+0530][info][gc          ] Allocation Stall (Worker-1) 44.603ms
[2025-12-18T08:24:45.873+0530][info][gc          ] Allocation Stall (Worker-2) 47.302ms
[2025-12-18T08:24:45.873+0530][info][gc          ] Allocation Stall (Worker-5) 46.063ms
[2025-12-18T08:24:45.873+0530][info][gc          ] Allocation Stall (Worker-6) 47.757ms
[2025-12-18T08:24:45.873+0530][info][gc          ] Allocation Stall (Worker-3) 49.971ms
[2025-12-18T08:24:45.875+0530][info][gc,phases   ] GC(72) Concurrent Select Relocation Set 3.100ms
[2025-12-18T08:24:45.875+0530][info][gc,phases   ] GC(72) Pause Relocate Start 0.010ms
[2025-12-18T08:24:45.877+0530][info][gc,phases   ] GC(72) Concurrent Relocate 1.417ms
[2025-12-18T08:24:45.877+0530][info][gc,load     ] GC(72) Load: 0.00/0.00/0.00
[2025-12-18T08:24:45.877+0530][info][gc,mmu      ] GC(72) MMU: 2ms/93.0%, 5ms/97.1%, 10ms/98.5%, 20ms/99.2%, 50ms/99.6%, 100ms/99.8%
[2025-12-18T08:24:45.877+0530][info][gc,marking  ] GC(72) Mark: 2 stripe(s), 2 proactive flush(es), 1 terminate flush(es), 1 completion(s), 0 continuation(s) 
[2025-12-18T08:24:45.877+0530][info][gc,marking  ] GC(72) Mark Stack Usage: 32M
[2025-12-18T08:24:45.877+0530][info][gc,nmethod  ] GC(72) NMethods: 612 registered, 64 unregistered
[2025-12-18T08:24:45.877+0530][info][gc,metaspace] GC(72) Metaspace: 3M used, 4M committed, 1088M reserved
[2025-12-18T08:24:45.877+0530][info][gc,ref      ] GC(72) Soft: 157 encountered, 77 discovered, 0 enqueued
[2025-12-18T08:24:45.877+0530][info][gc,ref      ] GC(72) Weak: 539 encountered, 3 discovered, 0 enqueued
[2025-12-18T08:24:45.877+0530][info][gc,ref      ] GC(72) Final: 0 encountered, 0 discovered, 0 enqueued
[2025-12-18T08:24:45.877+0530][info][gc,ref      ] GC(72) Phantom: 7 encountered, 3 discovered, 0 enqueued
[2025-12-18T08:24:45.877+0530][info][gc,reloc    ] GC(72) Small Pages: 199 / 398M, Empty: 120M, Relocated: 1M, In-Place: 0
[2025-12-18T08:24:45.877+0530][info][gc,reloc    ] GC(72) Medium Pages: 1 / 16M, Empty: 0M, Relocated: 0M, In-Place: 0
[2025-12-18T08:24:45.877+0530][info][gc,reloc    ] GC(72) Large Pages: 1 / 6M, Empty: 0M, Relocated: 0M, In-Place: 0
[2025-12-18T08:24:45.877+0530][info][gc,reloc    ] GC(72) Forwarding Usage: 0M
[2025-12-18T08:24:45.877+0530][info][gc,heap     ] GC(72) Min Capacity: 512M(100%)
[2025-12-18T08:24:45.877+0530][info][gc,heap     ] GC(72) Max Capacity: 512M(100%)
[2025-12-18T08:24:45.877+0530][info][gc,heap     ] GC(72) Soft Max Capacity: 512M(100%)
[2025-12-18T08:24:45.877+0530][info][gc,heap     ] GC(72)                Mark Start          Mark End        Relocate Start      Relocate End           High               Low         
[2025-12-18T08:24:45.877+0530][info][gc,heap     ] GC(72)  Capacity:      512M (100%)        512M (100%)        512M (100%)        512M (100%)        512M (100%)        512M (100%)   
[2025-12-18T08:24:45.877+0530][info][gc,heap     ] GC(72)      Free:       92M (18%)           0M (0%)          106M (21%)         138M (27%)         138M (27%)           0M (0%)     
[2025-12-18T08:24:45.877+0530][info][gc,heap     ] GC(72)      Used:      420M (82%)         512M (100%)        406M (79%)         374M (73%)         512M (100%)        374M (73%)    
[2025-12-18T08:24:45.879+0530][info][gc,heap     ] GC(72)      Live:         -               248M (48%)         248M (48%)         248M (48%)            -                  -          
[2025-12-18T08:24:45.879+0530][info][gc,heap     ] GC(72) Allocated:         -                92M (18%)         106M (21%)         105M (21%)            -                  -          
[2025-12-18T08:24:45.879+0530][info][gc,heap     ] GC(72)   Garbage:         -               171M (34%)          51M (10%)          19M (4%)             -                  -          
[2025-12-18T08:24:45.879+0530][info][gc,heap     ] GC(72) Reclaimed:         -                  -               120M (23%)         151M (30%)            -                  -          
[2025-12-18T08:24:45.879+0530][info][gc          ] GC(72) Garbage Collection (Allocation Stall) 420M(82%)->374M(73%)
[2025-12-18T08:24:45.918+0530][info][gc,start    ] GC(73) Garbage Collection (Allocation Stall)
[2025-12-18T08:24:45.918+0530][info][gc,ref      ] GC(73) Clearing All SoftReferences
[2025-12-18T08:24:45.918+0530][info][gc,task     ] GC(73) Using 2 workers
[2025-12-18T08:24:45.918+0530][info][gc,ref      ] GC(73) Clearing All SoftReferences
[2025-12-18T08:24:45.918+0530][info][gc,phases   ] GC(73) Pause Mark Start 0.067ms
[2025-12-18T08:24:46.058+0530][info][gc,phases   ] GC(73) Concurrent Mark 137.685ms
[2025-12-18T08:24:46.058+0530][info][gc,phases   ] GC(73) Pause Mark End 0.114ms
[2025-12-18T08:24:46.058+0530][info][gc,phases   ] GC(73) Concurrent Mark Free 0.002ms
[2025-12-18T08:24:46.058+0530][info][gc,phases   ] GC(73) Concurrent Process Non-Strong References 1.133ms
[2025-12-18T08:24:46.058+0530][info][gc,phases   ] GC(73) Concurrent Reset Relocation Set 0.002ms
[2025-12-18T08:24:46.062+0530][info][gc          ] Allocation Stall (Worker-1) 54.561ms
[2025-12-18T08:24:46.062+0530][info][gc          ] Allocation Stall (Worker-3) 53.643ms
[2025-12-18T08:24:46.062+0530][info][gc          ] Allocation Stall (Worker-0) 51.585ms
[2025-12-18T08:24:46.062+0530][info][gc          ] Allocation Stall (Worker-2) 57.628ms
[2025-12-18T08:24:46.062+0530][info][gc          ] Allocation Stall (Worker-7) 57.556ms
[2025-12-18T08:24:46.062+0530][info][gc          ] Allocation Stall (Worker-5) 57.107ms
[2025-12-18T08:24:46.062+0530][info][gc          ] Allocation Stall (Worker-4) 56.135ms
[2025-12-18T08:24:46.062+0530][info][gc          ] Allocation Stall (Worker-6) 55.799ms
[2025-12-18T08:24:46.062+0530][info][gc,phases   ] GC(73) Concurrent Select Relocation Set 3.096ms
[2025-12-18T08:24:46.062+0530][info][gc,phases   ] GC(73) Pause Relocate Start 0.010ms
[2025-12-18T08:24:46.066+0530][info][gc,phases   ] GC(73) Concurrent Relocate 1.451ms
[2025-12-18T08:24:46.066+0530][info][gc,load     ] GC(73) Load: 0.00/0.00/0.00
[2025-12-18T08:24:46.066+0530][info][gc,mmu      ] GC(73) MMU: 2ms/93.0%, 5ms/97.1%, 10ms/98.5%, 20ms/99.2%, 50ms/99.6%, 100ms/99.8%
[2025-12-18T08:24:46.066+0530][info][gc,marking  ] GC(73) Mark: 2 stripe(s), 2 proactive flush(es), 1 terminate flush(es), 1 completion(s), 0 continuation(s) 
[2025-12-18T08:24:46.066+0530][info][gc,marking  ] GC(73) Mark Stack Usage: 32M
[2025-12-18T08:24:46.066+0530][info][gc,nmethod  ] GC(73) NMethods: 612 registered, 64 unregistered
[2025-12-18T08:24:46.066+0530][info][gc,metaspace] GC(73) Metaspace: 3M used, 4M committed, 1088M reserved
[2025-12-18T08:24:46.066+0530][info][gc,ref      ] GC(73) Soft: 157 encountered, 82 discovered, 0 enqueued
[2025-12-18T08:24:46.066+0530][info][gc,ref      ] GC(73) Weak: 539 encountered, 410 discovered, 0 enqueued
[2025-12-18T08:24:46.066+0530][info][gc,ref      ] GC(73) Final: 0 encountered, 0 discovered, 0 enqueued
[2025-12-18T08:24:46.066+0530][info][gc,ref      ] GC(73) Phantom: 7 encountered, 5 discovered, 0 enqueued
[2025-12-18T08:24:46.066+0530][info][gc,reloc    ] GC(73) Small Pages: 200 / 400M, Empty: 124M, Relocated: 1M, In-Place: 0
[2025-12-18T08:24:46.066+0530][info][gc,reloc    ] GC(73) Medium Pages: 1 / 16M, Empty: 0M, Relocated: 0M, In-Place: 0
[2025-12-18T08:24:46.066+0530][info][gc,reloc    ] GC(73) Large Pages: 1 / 6M, Empty: 0M, Relocated: 0M, In-Place: 0
[2025-12-18T08:24:46.066+0530][info][gc,reloc    ] GC(73) Forwarding Usage: 0M
[2025-12-18T08:24:46.066+0530][info][gc,heap     ] GC(73) Min Capacity: 512M(100%)
[2025-12-18T08:24:46.066+0530][info][gc,heap     ] GC(73) Max Capacity: 512M(100%)
[2025-12-18T08:24:46.066+0530][info][gc,heap     ] GC(73) Soft Max Capacity: 512M(100%)
[2025-12-18T08:24:46.066+0530][info][gc,heap     ] GC(73)                Mark Start          Mark End        Relocate Start      Relocate End           High               Low         
[2025-12-18T08:24:46.066+0530][info][gc,heap     ] GC(73)  Capacity:      512M (100%)        512M (100%)        512M (100%)        512M (100%)        512M (100%)        512M (100%)   
[2025-12-18T08:24:46.066+0530][info][gc,heap     ] GC(73)      Free:       90M (18%)           0M (0%)          110M (21%)         138M (27%)         138M (27%)           0M (0%)     
[2025-12-18T08:24:46.066+0530][info][gc,heap     ] GC(73)      Used:      422M (82%)         512M (100%)        402M (79%)         374M (73%)         512M (100%)        374M (73%)    
[2025-12-18T08:24:46.066+0530][info][gc,heap     ] GC(73)      Live:         -               248M (48%)         248M (48%)         248M (48%)            -                  -          
[2025-12-18T08:24:46.066+0530][info][gc,heap     ] GC(73) Allocated:         -                90M (18%)         104M (20%)         105M (21%)            -                  -          
[2025-12-18T08:24:46.066+0530][info][gc,heap     ] GC(73)   Garbage:         -               173M (34%)          49M (10%)          19M (4%)             -                  -          
[2025-12-18T08:24:46.066+0530][info][gc,heap     ] GC(73) Reclaimed:         -                  -               124M (24%)         153M (30%)            -                  -          
[2025-12-18T08:24:46.066+0530][info][gc          ] GC(73) Garbage Collection (Allocation Stall) 422M(82%)->374M(73%)
[2025-12-18T08:24:46.120+0530][info][gc,start    ] GC(74) Garbage Collection (Allocation Stall)
[2025-12-18T08:24:46.120+0530][info][gc,ref      ] GC(74) Clearing All SoftReferences
[2025-12-18T08:24:46.120+0530][info][gc,task     ] GC(74) Using 2 workers
[2025-12-18T08:24:46.120+0530][info][gc,ref      ] GC(74) Clearing All SoftReferences
[2025-12-18T08:24:46.120+0530][info][gc,phases   ] GC(74) Pause Mark Start 0.051ms
[2025-12-18T08:24:46.245+0530][info][gc,phases   ] GC(74) Concurrent Mark 123.132ms
[2025-12-18T08:24:46.245+0530][info][gc,phases   ] GC(74) Pause Mark End 0.091ms
[2025-12-18T08:24:46.245+0530][info][gc,phases   ] GC(74) Concurrent Mark Free 0.001ms
[2025-12-18T08:24:46.245+0530][info][gc,phases   ] GC(74) Concurrent Process Non-Strong References 0.956ms
[2025-12-18T08:24:46.245+0530][info][gc,phases   ] GC(74) Concurrent Reset Relocation Set 0.002ms
[2025-12-18T08:24:46.245+0530][info][gc          ] Allocation Stall (Worker-5) 70.178ms
[2025-12-18T08:24:46.245+0530][info][gc          ] Allocation Stall (Worker-6) 70.934ms
[2025-12-18T08:24:46.245+0530][info][gc          ] Allocation Stall (Worker-3) 69.101ms
[2025-12-18T08:24:46.245+0530][info][gc          ] Allocation Stall (Worker-1) 77.691ms
[2025-12-18T08:24:46.245+0530][info][gc          ] Allocation Stall (Worker-2) 79.161ms
[2025-12-18T08:24:46.245+0530][info][gc          ] Allocation Stall (Worker-0) 74.883ms
[2025-12-18T08:24:46.245+0530][info][gc          ] Allocation Stall (Worker-4) 71.155ms
[2025-12-18T08:24:46.245+0530][info][gc          ] Allocation Stall (Worker-7) 73.653ms
[2025-12-18T08:24:46.249+0530][info][gc,phases   ] GC(74) Concurrent Select Relocation Set 3.649ms
[2025-12-18T08:24:46.249+0530][info][gc,phases   ] GC(74) Pause Relocate Start 0.010ms
[2025-12-18T08:24:46.253+0530][info][gc,phases   ] GC(74) Concurrent Relocate 1.442ms
[2025-12-18T08:24:46.253+0530][info][gc,load     ] GC(74) Load: 0.00/0.00/0.00
[2025-12-18T08:24:46.253+0530][info][gc,mmu      ] GC(74) MMU: 2ms/93.0%, 5ms/97.1%, 10ms/98.5%, 20ms/99.2%, 50ms/99.6%, 100ms/99.8%
[2025-12-18T08:24:46.253+0530][info][gc,marking  ] GC(74) Mark: 2 stripe(s), 2 proactive flush(es), 1 terminate flush(es), 1 completion(s), 0 continuation(s) 
[2025-12-18T08:24:46.253+0530][info][gc,marking  ] GC(74) Mark Stack Usage: 32M
[2025-12-18T08:24:46.253+0530][info][gc,nmethod  ] GC(74) NMethods: 612 registered, 64 unregistered
[2025-12-18T08:24:46.253+0530][info][gc,metaspace] GC(74) Metaspace: 3M used, 4M committed, 1088M reserved
[2025-12-18T08:24:46.253+0530][info][gc,ref      ] GC(74) Soft: 157 encountered, 78 discovered, 0 enqueued
[2025-12-18T08:24:46.253+0530][info][gc,ref      ] GC(74) Weak: 539 encountered, 3 discovered, 0 enqueued
[2025-12-18T08:24:46.253+0530][info][gc,ref      ] GC(74) Final: 0 encountered, 0 discovered, 0 enqueued
[2025-12-18T08:24:46.253+0530][info][gc,ref      ] GC(74) Phantom: 7 encountered, 5 discovered, 0 enqueued
[2025-12-18T08:24:46.253+0530][info][gc,reloc    ] GC(74) Small Pages: 216 / 432M, Empty: 154M, Relocated: 1M, In-Place: 0
[2025-12-18T08:24:46.253+0530][info][gc,reloc    ] GC(74) Medium Pages: 1 / 16M, Empty: 0M, Relocated: 0M, In-Place: 0
[2025-12-18T08:24:46.253+0530][info][gc,reloc    ] GC(74) Large Pages: 1 / 6M, Empty: 0M, Relocated: 0M, In-Place: 0
[2025-12-18T08:24:46.253+0530][info][gc,reloc    ] GC(74) Forwarding Usage: 0M
[2025-12-18T08:24:46.253+0530][info][gc,heap     ] GC(74) Min Capacity: 512M(100%)
[2025-12-18T08:24:46.253+0530][info][gc,heap     ] GC(74) Max Capacity: 512M(100%)
[2025-12-18T08:24:46.253+0530][info][gc,heap     ] GC(74) Soft Max Capacity: 512M(100%)
[2025-12-18T08:24:46.253+0530][info][gc,heap     ] GC(74)                Mark Start          Mark End        Relocate Start      Relocate End           High               Low         
[2025-12-18T08:24:46.253+0530][info][gc,heap     ] GC(74)  Capacity:      512M (100%)        512M (100%)        512M (100%)        512M (100%)        512M (100%)        512M (100%)   
[2025-12-18T08:24:46.253+0530][info][gc,heap     ] GC(74)      Free:       58M (11%)           0M (0%)          140M (27%)         170M (33%)         170M (33%)           0M (0%)     
[2025-12-18T08:24:46.253+0530][info][gc,heap     ] GC(74)      Used:      454M (89%)         512M (100%)        372M (73%)         342M (67%)         512M (100%)        342M (67%)    
[2025-12-18T08:24:46.253+0530][info][gc,heap     ] GC(74)      Live:         -               248M (48%)         248M (48%)         248M (48%)            -                  -          
[2025-12-18T08:24:46.253+0530][info][gc,heap     ] GC(74) Allocated:         -                58M (11%)          72M (14%)          73M (14%)            -                  -          
[2025-12-18T08:24:46.253+0530][info][gc,heap     ] GC(74)   Garbage:         -               205M (40%)          51M (10%)          19M (4%)             -                  -          
[2025-12-18T08:24:46.253+0530][info][gc,heap     ] GC(74) Reclaimed:         -                  -               154M (30%)         185M (36%)            -                  -          
[2025-12-18T08:24:46.253+0530][info][gc          ] GC(74) Garbage Collection (Allocation Stall) 454M(89%)->342M(67%)
[2025-12-18T08:24:46.324+0530][info][gc,start    ] GC(75) Garbage Collection (Allocation Stall)
[2025-12-18T08:24:46.324+0530][info][gc,ref      ] GC(75) Clearing All SoftReferences
[2025-12-18T08:24:46.324+0530][info][gc,task     ] GC(75) Using 2 workers
[2025-12-18T08:24:46.324+0530][info][gc,ref      ] GC(75) Clearing All SoftReferences
[2025-12-18T08:24:46.324+0530][info][gc,phases   ] GC(75) Pause Mark Start 0.068ms
[2025-12-18T08:24:46.449+0530][info][gc,phases   ] GC(75) Concurrent Mark 123.780ms
[2025-12-18T08:24:46.449+0530][info][gc,phases   ] GC(75) Pause Mark End 0.018ms
[2025-12-18T08:24:46.449+0530][info][gc,phases   ] GC(75) Concurrent Mark Free 0.001ms
[2025-12-18T08:24:46.449+0530][info][gc,phases   ] GC(75) Concurrent Process Non-Strong References 1.040ms
[2025-12-18T08:24:46.449+0530][info][gc,phases   ] GC(75) Concurrent Reset Relocation Set 0.002ms
[2025-12-18T08:24:46.449+0530][info][gc          ] Allocation Stall (Worker-1) 64.188ms
[2025-12-18T08:24:46.449+0530][info][gc          ] Allocation Stall (Worker-5) 63.492ms
[2025-12-18T08:24:46.449+0530][info][gc          ] Allocation Stall (Worker-3) 63.092ms
[2025-12-18T08:24:46.449+0530][info][gc          ] Allocation Stall (main) 17.305ms
[2025-12-18T08:24:46.449+0530][info][gc          ] Allocation Stall (Worker-4) 70.520ms
[2025-12-18T08:24:46.449+0530][info][gc          ] Allocation Stall (Worker-7) 65.124ms
[2025-12-18T08:24:46.449+0530][info][gc          ] Allocation Stall (Worker-6) 72.653ms
[2025-12-18T08:24:46.449+0530][info][gc          ] Allocation Stall (Worker-0) 69.561ms
[2025-12-18T08:24:46.449+0530][info][gc          ] Allocation Stall (Worker-2) 65.696ms
[2025-12-18T08:24:46.453+0530][info][gc,phases   ] GC(75) Concurrent Select Relocation Set 3.633ms
[2025-12-18T08:24:46.453+0530][info][gc,phases   ] GC(75) Pause Relocate Start 0.011ms
[2025-12-18T08:24:46.455+0530][info][gc,phases   ] GC(75) Concurrent Relocate 1.302ms
[2025-12-18T08:24:46.455+0530][info][gc,load     ] GC(75) Load: 0.00/0.00/0.00
[2025-12-18T08:24:46.455+0530][info][gc,mmu      ] GC(75) MMU: 2ms/93.0%, 5ms/97.1%, 10ms/98.5%, 20ms/99.2%, 50ms/99.6%, 100ms/99.8%
[2025-12-18T08:24:46.455+0530][info][gc,marking  ] GC(75) Mark: 2 stripe(s), 2 proactive flush(es), 1 terminate flush(es), 0 completion(s), 0 continuation(s) 
[2025-12-18T08:24:46.455+0530][info][gc,marking  ] GC(75) Mark Stack Usage: 32M
[2025-12-18T08:24:46.455+0530][info][gc,nmethod  ] GC(75) NMethods: 613 registered, 64 unregistered
[2025-12-18T08:24:46.455+0530][info][gc,metaspace] GC(75) Metaspace: 3M used, 4M committed, 1088M reserved
[2025-12-18T08:24:46.455+0530][info][gc,ref      ] GC(75) Soft: 157 encountered, 89 discovered, 0 enqueued
[2025-12-18T08:24:46.455+0530][info][gc,ref      ] GC(75) Weak: 539 encountered, 404 discovered, 0 enqueued
[2025-12-18T08:24:46.455+0530][info][gc,ref      ] GC(75) Final: 0 encountered, 0 discovered, 0 enqueued
[2025-12-18T08:24:46.455+0530][info][gc,ref      ] GC(75) Phantom: 7 encountered, 3 discovered, 0 enqueued
[2025-12-18T08:24:46.455+0530][info][gc,reloc    ] GC(75) Small Pages: 215 / 430M, Empty: 152M, Relocated: 1M, In-Place: 0
[2025-12-18T08:24:46.455+0530][info][gc,reloc    ] GC(75) Medium Pages: 1 / 16M, Empty: 0M, Relocated: 0M, In-Place: 0
[2025-12-18T08:24:46.455+0530][info][gc,reloc    ] GC(75) Large Pages: 1 / 6M, Empty: 0M, Relocated: 0M, In-Place: 0
[2025-12-18T08:24:46.455+0530][info][gc,reloc    ] GC(75) Forwarding Usage: 0M
[2025-12-18T08:24:46.455+0530][info][gc,heap     ] GC(75) Min Capacity: 512M(100%)
[2025-12-18T08:24:46.455+0530][info][gc,heap     ] GC(75) Max Capacity: 512M(100%)
[2025-12-18T08:24:46.457+0530][info][gc,heap     ] GC(75) Soft Max Capacity: 512M(100%)
[2025-12-18T08:24:46.457+0530][info][gc,heap     ] GC(75)                Mark Start          Mark End        Relocate Start      Relocate End           High               Low         
[2025-12-18T08:24:46.457+0530][info][gc,heap     ] GC(75)  Capacity:      512M (100%)        512M (100%)        512M (100%)        512M (100%)        512M (100%)        512M (100%)   
[2025-12-18T08:24:46.457+0530][info][gc,heap     ] GC(75)      Free:       60M (12%)           0M (0%)          138M (27%)         170M (33%)         170M (33%)           0M (0%)     
[2025-12-18T08:24:46.457+0530][info][gc,heap     ] GC(75)      Used:      452M (88%)         512M (100%)        374M (73%)         342M (67%)         512M (100%)        342M (67%)    
[2025-12-18T08:24:46.457+0530][info][gc,heap     ] GC(75)      Live:         -               248M (48%)         248M (48%)         248M (48%)            -                  -          
[2025-12-18T08:24:46.457+0530][info][gc,heap     ] GC(75) Allocated:         -                60M (12%)          74M (14%)          73M (14%)            -                  -          
[2025-12-18T08:24:46.457+0530][info][gc,heap     ] GC(75)   Garbage:         -               203M (40%)          51M (10%)          19M (4%)             -                  -          
[2025-12-18T08:24:46.457+0530][info][gc,heap     ] GC(75) Reclaimed:         -                  -               152M (30%)         183M (36%)            -                  -          
[2025-12-18T08:24:46.457+0530][info][gc          ] GC(75) Garbage Collection (Allocation Stall) 452M(88%)->342M(67%)
[2025-12-18T08:24:46.527+0530][info][gc,start    ] GC(76) Garbage Collection (Allocation Stall)
[2025-12-18T08:24:46.527+0530][info][gc,ref      ] GC(76) Clearing All SoftReferences
[2025-12-18T08:24:46.527+0530][info][gc,task     ] GC(76) Using 2 workers
[2025-12-18T08:24:46.527+0530][info][gc,ref      ] GC(76) Clearing All SoftReferences
[2025-12-18T08:24:46.527+0530][info][gc,phases   ] GC(76) Pause Mark Start 0.040ms
[2025-12-18T08:24:46.652+0530][info][gc,phases   ] GC(76) Concurrent Mark 124.267ms
[2025-12-18T08:24:46.652+0530][info][gc,phases   ] GC(76) Pause Mark End 0.022ms
[2025-12-18T08:24:46.652+0530][info][gc,phases   ] GC(76) Concurrent Mark Free 0.001ms
[2025-12-18T08:24:46.652+0530][info][gc,phases   ] GC(76) Concurrent Process Non-Strong References 1.048ms
[2025-12-18T08:24:46.652+0530][info][gc,phases   ] GC(76) Concurrent Reset Relocation Set 0.002ms
[2025-12-18T08:24:46.652+0530][info][gc          ] Allocation Stall (Worker-3) 67.078ms
[2025-12-18T08:24:46.652+0530][info][gc          ] Allocation Stall (Worker-5) 67.444ms
[2025-12-18T08:24:46.652+0530][info][gc          ] Allocation Stall (Worker-2) 76.988ms
[2025-12-18T08:24:46.652+0530][info][gc          ] Allocation Stall (Worker-1) 68.379ms
[2025-12-18T08:24:46.652+0530][info][gc          ] Allocation Stall (Worker-6) 72.615ms
[2025-12-18T08:24:46.652+0530][info][gc          ] Allocation Stall (Worker-7) 70.332ms
[2025-12-18T08:24:46.652+0530][info][gc          ] Allocation Stall (Worker-0) 70.043ms
[2025-12-18T08:24:46.652+0530][info][gc          ] Allocation Stall (Worker-4) 69.018ms
[2025-12-18T08:24:46.656+0530][info][gc,phases   ] GC(76) Concurrent Select Relocation Set 3.549ms
[2025-12-18T08:24:46.656+0530][info][gc,phases   ] GC(76) Pause Relocate Start 0.010ms
[2025-12-18T08:24:46.658+0530][info][gc,phases   ] GC(76) Concurrent Relocate 1.459ms
[2025-12-18T08:24:46.658+0530][info][gc,load     ] GC(76) Load: 0.00/0.00/0.00
[2025-12-18T08:24:46.658+0530][info][gc,mmu      ] GC(76) MMU: 2ms/93.0%, 5ms/97.1%, 10ms/98.5%, 20ms/99.2%, 50ms/99.6%, 100ms/99.8%
[2025-12-18T08:24:46.658+0530][info][gc,marking  ] GC(76) Mark: 2 stripe(s), 2 proactive flush(es), 1 terminate flush(es), 0 completion(s), 0 continuation(s) 
[2025-12-18T08:24:46.658+0530][info][gc,marking  ] GC(76) Mark Stack Usage: 32M
[2025-12-18T08:24:46.658+0530][info][gc,nmethod  ] GC(76) NMethods: 613 registered, 66 unregistered
[2025-12-18T08:24:46.658+0530][info][gc,metaspace] GC(76) Metaspace: 3M used, 4M committed, 1088M reserved
[2025-12-18T08:24:46.658+0530][info][gc,ref      ] GC(76) Soft: 157 encountered, 77 discovered, 0 enqueued
[2025-12-18T08:24:46.658+0530][info][gc,ref      ] GC(76) Weak: 539 encountered, 387 discovered, 0 enqueued
[2025-12-18T08:24:46.658+0530][info][gc,ref      ] GC(76) Final: 0 encountered, 0 discovered, 0 enqueued
[2025-12-18T08:24:46.658+0530][info][gc,ref      ] GC(76) Phantom: 7 encountered, 3 discovered, 0 enqueued
[2025-12-18T08:24:46.658+0530][info][gc,reloc    ] GC(76) Small Pages: 216 / 432M, Empty: 154M, Relocated: 1M, In-Place: 0
[2025-12-18T08:24:46.658+0530][info][gc,reloc    ] GC(76) Medium Pages: 1 / 16M, Empty: 0M, Relocated: 0M, In-Place: 0
[2025-12-18T08:24:46.658+0530][info][gc,reloc    ] GC(76) Large Pages: 1 / 6M, Empty: 0M, Relocated: 0M, In-Place: 0
[2025-12-18T08:24:46.658+0530][info][gc,reloc    ] GC(76) Forwarding Usage: 0M
[2025-12-18T08:24:46.658+0530][info][gc,heap     ] GC(76) Min Capacity: 512M(100%)
[2025-12-18T08:24:46.658+0530][info][gc,heap     ] GC(76) Max Capacity: 512M(100%)
[2025-12-18T08:24:46.658+0530][info][gc,heap     ] GC(76) Soft Max Capacity: 512M(100%)
[2025-12-18T08:24:46.658+0530][info][gc,heap     ] GC(76)                Mark Start          Mark End        Relocate Start      Relocate End           High               Low         
[2025-12-18T08:24:46.658+0530][info][gc,heap     ] GC(76)  Capacity:      512M (100%)        512M (100%)        512M (100%)        512M (100%)        512M (100%)        512M (100%)   
[2025-12-18T08:24:46.658+0530][info][gc,heap     ] GC(76)      Free:       58M (11%)           0M (0%)          140M (27%)         170M (33%)         170M (33%)           0M (0%)     
[2025-12-18T08:24:46.658+0530][info][gc,heap     ] GC(76)      Used:      454M (89%)         512M (100%)        372M (73%)         342M (67%)         512M (100%)        342M (67%)    
[2025-12-18T08:24:46.658+0530][info][gc,heap     ] GC(76)      Live:         -               248M (48%)         248M (48%)         248M (48%)            -                  -          
[2025-12-18T08:24:46.658+0530][info][gc,heap     ] GC(76) Allocated:         -                58M (11%)          72M (14%)          73M (14%)            -                  -          
[2025-12-18T08:24:46.658+0530][info][gc,heap     ] GC(76)   Garbage:         -               205M (40%)          51M (10%)          19M (4%)             -                  -          
[2025-12-18T08:24:46.660+0530][info][gc,heap     ] GC(76) Reclaimed:         -                  -               154M (30%)         185M (36%)            -                  -          
[2025-12-18T08:24:46.660+0530][info][gc          ] GC(76) Garbage Collection (Allocation Stall) 454M(89%)->342M(67%)
[2025-12-18T08:24:46.730+0530][info][gc,start    ] GC(77) Garbage Collection (Allocation Stall)
[2025-12-18T08:24:46.730+0530][info][gc,ref      ] GC(77) Clearing All SoftReferences
[2025-12-18T08:24:46.730+0530][info][gc,task     ] GC(77) Using 2 workers
[2025-12-18T08:24:46.730+0530][info][gc,ref      ] GC(77) Clearing All SoftReferences
[2025-12-18T08:24:46.730+0530][info][gc,phases   ] GC(77) Pause Mark Start 0.149ms
[2025-12-18T08:24:46.863+0530][info][gc,phases   ] GC(77) Concurrent Mark 132.650ms
[2025-12-18T08:24:46.863+0530][info][gc,phases   ] GC(77) Pause Mark End 0.092ms
[2025-12-18T08:24:46.863+0530][info][gc,phases   ] GC(77) Concurrent Mark Free 0.001ms
[2025-12-18T08:24:46.863+0530][info][gc,phases   ] GC(77) Concurrent Process Non-Strong References 1.057ms
[2025-12-18T08:24:46.863+0530][info][gc,phases   ] GC(77) Concurrent Reset Relocation Set 0.002ms
[2025-12-18T08:24:46.863+0530][info][gc          ] Allocation Stall (Worker-1) 72.631ms
[2025-12-18T08:24:46.863+0530][info][gc          ] Allocation Stall (Worker-2) 69.833ms
[2025-12-18T08:24:46.863+0530][info][gc          ] Allocation Stall (Worker-0) 68.495ms
[2025-12-18T08:24:46.863+0530][info][gc          ] Allocation Stall (Worker-3) 70.326ms
[2025-12-18T08:24:46.863+0530][info][gc          ] Allocation Stall (Worker-6) 69.497ms
[2025-12-18T08:24:46.863+0530][info][gc          ] Allocation Stall (Worker-4) 67.376ms
[2025-12-18T08:24:46.863+0530][info][gc          ] Allocation Stall (Worker-5) 74.038ms
[2025-12-18T08:24:46.863+0530][info][gc          ] Allocation Stall (Worker-7) 72.906ms
[2025-12-18T08:24:46.869+0530][info][gc,phases   ] GC(77) Concurrent Select Relocation Set 3.691ms
[2025-12-18T08:24:46.869+0530][info][gc,phases   ] GC(77) Pause Relocate Start 0.012ms
[2025-12-18T08:24:46.871+0530][info][gc,phases   ] GC(77) Concurrent Relocate 1.385ms
[2025-12-18T08:24:46.871+0530][info][gc,load     ] GC(77) Load: 0.00/0.00/0.00
[2025-12-18T08:24:46.871+0530][info][gc,mmu      ] GC(77) MMU: 2ms/92.5%, 5ms/97.0%, 10ms/98.5%, 20ms/99.2%, 50ms/99.6%, 100ms/99.8%
[2025-12-18T08:24:46.871+0530][info][gc,marking  ] GC(77) Mark: 2 stripe(s), 2 proactive flush(es), 1 terminate flush(es), 1 completion(s), 0 continuation(s) 
[2025-12-18T08:24:46.871+0530][info][gc,marking  ] GC(77) Mark Stack Usage: 32M
[2025-12-18T08:24:46.871+0530][info][gc,nmethod  ] GC(77) NMethods: 613 registered, 66 unregistered
[2025-12-18T08:24:46.871+0530][info][gc,metaspace] GC(77) Metaspace: 3M used, 4M committed, 1088M reserved
[2025-12-18T08:24:46.871+0530][info][gc,ref      ] GC(77) Soft: 157 encountered, 87 discovered, 0 enqueued
[2025-12-18T08:24:46.871+0530][info][gc,ref      ] GC(77) Weak: 539 encountered, 415 discovered, 0 enqueued
[2025-12-18T08:24:46.871+0530][info][gc,ref      ] GC(77) Final: 0 encountered, 0 discovered, 0 enqueued
[2025-12-18T08:24:46.871+0530][info][gc,ref      ] GC(77) Phantom: 7 encountered, 5 discovered, 0 enqueued
[2025-12-18T08:24:46.871+0530][info][gc,reloc    ] GC(77) Small Pages: 216 / 432M, Empty: 156M, Relocated: 1M, In-Place: 0
[2025-12-18T08:24:46.871+0530][info][gc,reloc    ] GC(77) Medium Pages: 1 / 16M, Empty: 0M, Relocated: 0M, In-Place: 0
[2025-12-18T08:24:46.871+0530][info][gc,reloc    ] GC(77) Large Pages: 1 / 6M, Empty: 0M, Relocated: 0M, In-Place: 0
[2025-12-18T08:24:46.871+0530][info][gc,reloc    ] GC(77) Forwarding Usage: 0M
[2025-12-18T08:24:46.871+0530][info][gc,heap     ] GC(77) Min Capacity: 512M(100%)
[2025-12-18T08:24:46.871+0530][info][gc,heap     ] GC(77) Max Capacity: 512M(100%)
[2025-12-18T08:24:46.871+0530][info][gc,heap     ] GC(77) Soft Max Capacity: 512M(100%)
[2025-12-18T08:24:46.871+0530][info][gc,heap     ] GC(77)                Mark Start          Mark End        Relocate Start      Relocate End           High               Low         
[2025-12-18T08:24:46.871+0530][info][gc,heap     ] GC(77)  Capacity:      512M (100%)        512M (100%)        512M (100%)        512M (100%)        512M (100%)        512M (100%)   
[2025-12-18T08:24:46.871+0530][info][gc,heap     ] GC(77)      Free:       58M (11%)           0M (0%)          144M (28%)         172M (34%)         172M (34%)           0M (0%)     
[2025-12-18T08:24:46.871+0530][info][gc,heap     ] GC(77)      Used:      454M (89%)         512M (100%)        368M (72%)         340M (66%)         512M (100%)        340M (66%)    
[2025-12-18T08:24:46.871+0530][info][gc,heap     ] GC(77)      Live:         -               248M (48%)         248M (48%)         248M (48%)            -                  -          
[2025-12-18T08:24:46.871+0530][info][gc,heap     ] GC(77) Allocated:         -                58M (11%)          70M (14%)          71M (14%)            -                  -          
[2025-12-18T08:24:46.871+0530][info][gc,heap     ] GC(77)   Garbage:         -               205M (40%)          49M (10%)          19M (4%)             -                  -          
[2025-12-18T08:24:46.871+0530][info][gc,heap     ] GC(77) Reclaimed:         -                  -               156M (30%)         185M (36%)            -                  -          
[2025-12-18T08:24:46.871+0530][info][gc          ] GC(77) Garbage Collection (Allocation Stall) 454M(89%)->340M(66%)
[2025-12-18T08:24:46.927+0530][info][gc,start    ] GC(78) Garbage Collection (Allocation Stall)
[2025-12-18T08:24:46.927+0530][info][gc,ref      ] GC(78) Clearing All SoftReferences
[2025-12-18T08:24:46.927+0530][info][gc,task     ] GC(78) Using 2 workers
[2025-12-18T08:24:46.927+0530][info][gc,ref      ] GC(78) Clearing All SoftReferences
[2025-12-18T08:24:46.927+0530][info][gc,phases   ] GC(78) Pause Mark Start 0.051ms
[2025-12-18T08:24:47.068+0530][info][gc,phases   ] GC(78) Concurrent Mark 140.210ms
[2025-12-18T08:24:47.068+0530][info][gc,phases   ] GC(78) Pause Mark End 0.124ms
[2025-12-18T08:24:47.068+0530][info][gc,phases   ] GC(78) Concurrent Mark Free 0.001ms
[2025-12-18T08:24:47.068+0530][info][gc,phases   ] GC(78) Concurrent Process Non-Strong References 1.021ms
[2025-12-18T08:24:47.068+0530][info][gc,phases   ] GC(78) Concurrent Reset Relocation Set 0.002ms
[2025-12-18T08:24:47.072+0530][info][gc          ] Allocation Stall (Worker-2) 46.210ms
[2025-12-18T08:24:47.072+0530][info][gc          ] Allocation Stall (Worker-1) 44.324ms
[2025-12-18T08:24:47.072+0530][info][gc          ] Allocation Stall (Worker-6) 47.496ms
[2025-12-18T08:24:47.072+0530][info][gc          ] Allocation Stall (Worker-5) 45.043ms
[2025-12-18T08:24:47.072+0530][info][gc          ] Allocation Stall (Worker-7) 51.063ms
[2025-12-18T08:24:47.072+0530][info][gc          ] Allocation Stall (Worker-3) 50.994ms
[2025-12-18T08:24:47.072+0530][info][gc          ] Allocation Stall (Worker-0) 50.180ms
[2025-12-18T08:24:47.072+0530][info][gc          ] Allocation Stall (Worker-4) 49.415ms
[2025-12-18T08:24:47.072+0530][info][gc,phases   ] GC(78) Concurrent Select Relocation Set 3.099ms
[2025-12-18T08:24:47.072+0530][info][gc,phases   ] GC(78) Pause Relocate Start 0.011ms
[2025-12-18T08:24:47.075+0530][info][gc,phases   ] GC(78) Concurrent Relocate 1.460ms
[2025-12-18T08:24:47.075+0530][info][gc,load     ] GC(78) Load: 0.00/0.00/0.00
[2025-12-18T08:24:47.075+0530][info][gc,mmu      ] GC(78) MMU: 2ms/92.5%, 5ms/97.0%, 10ms/98.5%, 20ms/99.2%, 50ms/99.6%, 100ms/99.8%
[2025-12-18T08:24:47.075+0530][info][gc,marking  ] GC(78) Mark: 2 stripe(s), 2 proactive flush(es), 1 terminate flush(es), 1 completion(s), 0 continuation(s) 
[2025-12-18T08:24:47.075+0530][info][gc,marking  ] GC(78) Mark Stack Usage: 32M
[2025-12-18T08:24:47.075+0530][info][gc,nmethod  ] GC(78) NMethods: 613 registered, 66 unregistered
[2025-12-18T08:24:47.075+0530][info][gc,metaspace] GC(78) Metaspace: 3M used, 4M committed, 1088M reserved
[2025-12-18T08:24:47.075+0530][info][gc,ref      ] GC(78) Soft: 157 encountered, 77 discovered, 0 enqueued
[2025-12-18T08:24:47.075+0530][info][gc,ref      ] GC(78) Weak: 539 encountered, 5 discovered, 0 enqueued
[2025-12-18T08:24:47.075+0530][info][gc,ref      ] GC(78) Final: 0 encountered, 0 discovered, 0 enqueued
[2025-12-18T08:24:47.075+0530][info][gc,ref      ] GC(78) Phantom: 7 encountered, 6 discovered, 0 enqueued
[2025-12-18T08:24:47.075+0530][info][gc,reloc    ] GC(78) Small Pages: 197 / 394M, Empty: 118M, Relocated: 1M, In-Place: 0
[2025-12-18T08:24:47.075+0530][info][gc,reloc    ] GC(78) Medium Pages: 1 / 16M, Empty: 0M, Relocated: 0M, In-Place: 0
[2025-12-18T08:24:47.075+0530][info][gc,reloc    ] GC(78) Large Pages: 1 / 6M, Empty: 0M, Relocated: 0M, In-Place: 0
[2025-12-18T08:24:47.075+0530][info][gc,reloc    ] GC(78) Forwarding Usage: 0M
[2025-12-18T08:24:47.075+0530][info][gc,heap     ] GC(78) Min Capacity: 512M(100%)
[2025-12-18T08:24:47.075+0530][info][gc,heap     ] GC(78) Max Capacity: 512M(100%)
[2025-12-18T08:24:47.075+0530][info][gc,heap     ] GC(78) Soft Max Capacity: 512M(100%)
[2025-12-18T08:24:47.075+0530][info][gc,heap     ] GC(78)                Mark Start          Mark End        Relocate Start      Relocate End           High               Low         
[2025-12-18T08:24:47.075+0530][info][gc,heap     ] GC(78)  Capacity:      512M (100%)        512M (100%)        512M (100%)        512M (100%)        512M (100%)        512M (100%)   
[2025-12-18T08:24:47.075+0530][info][gc,heap     ] GC(78)      Free:       96M (19%)           0M (0%)          104M (20%)         134M (26%)         134M (26%)           0M (0%)     
[2025-12-18T08:24:47.075+0530][info][gc,heap     ] GC(78)      Used:      416M (81%)         512M (100%)        408M (80%)         378M (74%)         512M (100%)        378M (74%)    
[2025-12-18T08:24:47.075+0530][info][gc,heap     ] GC(78)      Live:         -               248M (48%)         248M (48%)         248M (48%)            -                  -          
[2025-12-18T08:24:47.075+0530][info][gc,heap     ] GC(78) Allocated:         -                96M (19%)         110M (21%)         109M (21%)            -                  -          
[2025-12-18T08:24:47.075+0530][info][gc,heap     ] GC(78)   Garbage:         -               167M (33%)          49M (10%)          19M (4%)             -                  -          
[2025-12-18T08:24:47.075+0530][info][gc,heap     ] GC(78) Reclaimed:         -                  -               118M (23%)         147M (29%)            -                  -          
[2025-12-18T08:24:47.075+0530][info][gc          ] GC(78) Garbage Collection (Allocation Stall) 416M(81%)->378M(74%)
[2025-12-18T08:24:47.131+0530][info][gc,start    ] GC(79) Garbage Collection (Allocation Stall)
[2025-12-18T08:24:47.131+0530][info][gc,ref      ] GC(79) Clearing All SoftReferences
[2025-12-18T08:24:47.131+0530][info][gc,task     ] GC(79) Using 2 workers
[2025-12-18T08:24:47.131+0530][info][gc,ref      ] GC(79) Clearing All SoftReferences
[2025-12-18T08:24:47.131+0530][info][gc,phases   ] GC(79) Pause Mark Start 0.070ms
[2025-12-18T08:24:47.271+0530][info][gc,phases   ] GC(79) Concurrent Mark 138.258ms
[2025-12-18T08:24:47.271+0530][info][gc,phases   ] GC(79) Pause Mark End 0.023ms
[2025-12-18T08:24:47.271+0530][info][gc,phases   ] GC(79) Concurrent Mark Free 0.002ms
[2025-12-18T08:24:47.271+0530][info][gc,phases   ] GC(79) Concurrent Process Non-Strong References 1.131ms
[2025-12-18T08:24:47.271+0530][info][gc,phases   ] GC(79) Concurrent Reset Relocation Set 0.002ms
[2025-12-18T08:24:47.271+0530][info][gc          ] Allocation Stall (Worker-2) 80.536ms
[2025-12-18T08:24:47.271+0530][info][gc          ] Allocation Stall (Worker-1) 79.184ms
[2025-12-18T08:24:47.271+0530][info][gc          ] Allocation Stall (Worker-5) 78.106ms
[2025-12-18T08:24:47.271+0530][info][gc          ] Allocation Stall (Worker-6) 88.208ms
[2025-12-18T08:24:47.271+0530][info][gc          ] Allocation Stall (Worker-3) 88.190ms
[2025-12-18T08:24:47.271+0530][info][gc          ] Allocation Stall (Worker-0) 88.098ms
[2025-12-18T08:24:47.271+0530][info][gc          ] Allocation Stall (Worker-4) 87.035ms
[2025-12-18T08:24:47.271+0530][info][gc          ] Allocation Stall (Worker-7) 87.557ms
[2025-12-18T08:24:47.275+0530][info][gc,phases   ] GC(79) Concurrent Select Relocation Set 3.704ms
[2025-12-18T08:24:47.275+0530][info][gc,phases   ] GC(79) Pause Relocate Start 0.013ms
[2025-12-18T08:24:47.279+0530][info][gc,phases   ] GC(79) Concurrent Relocate 1.437ms
[2025-12-18T08:24:47.279+0530][info][gc,load     ] GC(79) Load: 0.00/0.00/0.00
[2025-12-18T08:24:47.279+0530][info][gc,mmu      ] GC(79) MMU: 2ms/92.5%, 5ms/97.0%, 10ms/98.5%, 20ms/99.2%, 50ms/99.6%, 100ms/99.8%
[2025-12-18T08:24:47.279+0530][info][gc,marking  ] GC(79) Mark: 2 stripe(s), 2 proactive flush(es), 1 terminate flush(es), 0 completion(s), 0 continuation(s) 
[2025-12-18T08:24:47.279+0530][info][gc,marking  ] GC(79) Mark Stack Usage: 32M
[2025-12-18T08:24:47.279+0530][info][gc,nmethod  ] GC(79) NMethods: 613 registered, 66 unregistered
[2025-12-18T08:24:47.279+0530][info][gc,metaspace] GC(79) Metaspace: 3M used, 4M committed, 1088M reserved
[2025-12-18T08:24:47.279+0530][info][gc,ref      ] GC(79) Soft: 157 encountered, 86 discovered, 0 enqueued
[2025-12-18T08:24:47.279+0530][info][gc,ref      ] GC(79) Weak: 539 encountered, 406 discovered, 0 enqueued
[2025-12-18T08:24:47.279+0530][info][gc,ref      ] GC(79) Final: 0 encountered, 0 discovered, 0 enqueued
[2025-12-18T08:24:47.279+0530][info][gc,ref      ] GC(79) Phantom: 7 encountered, 3 discovered, 0 enqueued
[2025-12-18T08:24:47.279+0530][info][gc,reloc    ] GC(79) Small Pages: 216 / 432M, Empty: 156M, Relocated: 1M, In-Place: 0
[2025-12-18T08:24:47.279+0530][info][gc,reloc    ] GC(79) Medium Pages: 1 / 16M, Empty: 0M, Relocated: 0M, In-Place: 0
[2025-12-18T08:24:47.279+0530][info][gc,reloc    ] GC(79) Large Pages: 1 / 6M, Empty: 0M, Relocated: 0M, In-Place: 0
[2025-12-18T08:24:47.279+0530][info][gc,reloc    ] GC(79) Forwarding Usage: 0M
[2025-12-18T08:24:47.279+0530][info][gc,heap     ] GC(79) Min Capacity: 512M(100%)
[2025-12-18T08:24:47.279+0530][info][gc,heap     ] GC(79) Max Capacity: 512M(100%)
[2025-12-18T08:24:47.279+0530][info][gc,heap     ] GC(79) Soft Max Capacity: 512M(100%)
[2025-12-18T08:24:47.279+0530][info][gc,heap     ] GC(79)                Mark Start          Mark End        Relocate Start      Relocate End           High               Low         
[2025-12-18T08:24:47.279+0530][info][gc,heap     ] GC(79)  Capacity:      512M (100%)        512M (100%)        512M (100%)        512M (100%)        512M (100%)        512M (100%)   
[2025-12-18T08:24:47.279+0530][info][gc,heap     ] GC(79)      Free:       58M (11%)           0M (0%)          144M (28%)         174M (34%)         174M (34%)           0M (0%)     
[2025-12-18T08:24:47.279+0530][info][gc,heap     ] GC(79)      Used:      454M (89%)         512M (100%)        368M (72%)         338M (66%)         512M (100%)        338M (66%)    
[2025-12-18T08:24:47.279+0530][info][gc,heap     ] GC(79)      Live:         -               248M (48%)         248M (48%)         248M (48%)            -                  -          
[2025-12-18T08:24:47.279+0530][info][gc,heap     ] GC(79) Allocated:         -                58M (11%)          70M (14%)          69M (14%)            -                  -          
[2025-12-18T08:24:47.279+0530][info][gc,heap     ] GC(79)   Garbage:         -               205M (40%)          49M (10%)          19M (4%)             -                  -          
[2025-12-18T08:24:47.279+0530][info][gc,heap     ] GC(79) Reclaimed:         -                  -               156M (30%)         185M (36%)            -                  -          
[2025-12-18T08:24:47.279+0530][info][gc          ] GC(79) Garbage Collection (Allocation Stall) 454M(89%)->338M(66%)
[2025-12-18T08:24:47.319+0530][info][gc,start    ] GC(80) Garbage Collection (Allocation Stall)
[2025-12-18T08:24:47.319+0530][info][gc,ref      ] GC(80) Clearing All SoftReferences
[2025-12-18T08:24:47.319+0530][info][gc,task     ] GC(80) Using 2 workers
[2025-12-18T08:24:47.319+0530][info][gc,ref      ] GC(80) Clearing All SoftReferences
[2025-12-18T08:24:47.319+0530][info][gc,phases   ] GC(80) Pause Mark Start 0.064ms
[2025-12-18T08:24:47.476+0530][info][gc,phases   ] GC(80) Concurrent Mark 154.346ms
[2025-12-18T08:24:47.476+0530][info][gc,phases   ] GC(80) Pause Mark End 0.099ms
[2025-12-18T08:24:47.476+0530][info][gc,phases   ] GC(80) Concurrent Mark Free 0.001ms
[2025-12-18T08:24:47.476+0530][info][gc,phases   ] GC(80) Concurrent Process Non-Strong References 0.970ms
[2025-12-18T08:24:47.476+0530][info][gc,phases   ] GC(80) Concurrent Reset Relocation Set 0.002ms
[2025-12-18T08:24:47.480+0530][info][gc          ] Allocation Stall (Worker-5) 40.416ms
[2025-12-18T08:24:47.480+0530][info][gc          ] Allocation Stall (Worker-6) 38.845ms
[2025-12-18T08:24:47.480+0530][info][gc          ] Allocation Stall (Worker-1) 45.404ms
[2025-12-18T08:24:47.480+0530][info][gc          ] Allocation Stall (Worker-4) 39.503ms
[2025-12-18T08:24:47.480+0530][info][gc,phases   ] GC(80) Concurrent Select Relocation Set 3.008ms
[2025-12-18T08:24:47.480+0530][info][gc          ] Allocation Stall (Worker-7) 45.205ms
[2025-12-18T08:24:47.480+0530][info][gc          ] Allocation Stall (Worker-0) 44.666ms
[2025-12-18T08:24:47.480+0530][info][gc          ] Allocation Stall (Worker-2) 44.674ms
[2025-12-18T08:24:47.480+0530][info][gc          ] Allocation Stall (Worker-3) 44.195ms
[2025-12-18T08:24:47.480+0530][info][gc,phases   ] GC(80) Pause Relocate Start 0.008ms
[2025-12-18T08:24:47.485+0530][info][gc,phases   ] GC(80) Concurrent Relocate 1.270ms
[2025-12-18T08:24:47.485+0530][info][gc,load     ] GC(80) Load: 0.00/0.00/0.00
[2025-12-18T08:24:47.485+0530][info][gc,mmu      ] GC(80) MMU: 2ms/92.5%, 5ms/97.0%, 10ms/98.5%, 20ms/99.2%, 50ms/99.6%, 100ms/99.8%
[2025-12-18T08:24:47.485+0530][info][gc,marking  ] GC(80) Mark: 2 stripe(s), 2 proactive flush(es), 1 terminate flush(es), 1 completion(s), 0 continuation(s) 
[2025-12-18T08:24:47.485+0530][info][gc,marking  ] GC(80) Mark Stack Usage: 32M
[2025-12-18T08:24:47.485+0530][info][gc,nmethod  ] GC(80) NMethods: 613 registered, 66 unregistered
[2025-12-18T08:24:47.485+0530][info][gc,metaspace] GC(80) Metaspace: 3M used, 4M committed, 1088M reserved
[2025-12-18T08:24:47.485+0530][info][gc,ref      ] GC(80) Soft: 157 encountered, 77 discovered, 0 enqueued
[2025-12-18T08:24:47.485+0530][info][gc,ref      ] GC(80) Weak: 539 encountered, 4 discovered, 0 enqueued
[2025-12-18T08:24:47.485+0530][info][gc,ref      ] GC(80) Final: 0 encountered, 0 discovered, 0 enqueued
[2025-12-18T08:24:47.485+0530][info][gc,ref      ] GC(80) Phantom: 7 encountered, 6 discovered, 0 enqueued
[2025-12-18T08:24:47.485+0530][info][gc,reloc    ] GC(80) Small Pages: 183 / 366M, Empty: 86M, Relocated: 1M, In-Place: 0
[2025-12-18T08:24:47.485+0530][info][gc,reloc    ] GC(80) Medium Pages: 1 / 16M, Empty: 0M, Relocated: 0M, In-Place: 0
[2025-12-18T08:24:47.485+0530][info][gc,reloc    ] GC(80) Large Pages: 1 / 6M, Empty: 0M, Relocated: 0M, In-Place: 0
[2025-12-18T08:24:47.485+0530][info][gc,reloc    ] GC(80) Forwarding Usage: 0M
[2025-12-18T08:24:47.485+0530][info][gc,heap     ] GC(80) Min Capacity: 512M(100%)
[2025-12-18T08:24:47.485+0530][info][gc,heap     ] GC(80) Max Capacity: 512M(100%)
[2025-12-18T08:24:47.485+0530][info][gc,heap     ] GC(80) Soft Max Capacity: 512M(100%)
[2025-12-18T08:24:47.485+0530][info][gc,heap     ] GC(80)                Mark Start          Mark End        Relocate Start      Relocate End           High               Low         
[2025-12-18T08:24:47.485+0530][info][gc,heap     ] GC(80)  Capacity:      512M (100%)        512M (100%)        512M (100%)        512M (100%)        512M (100%)        512M (100%)   
[2025-12-18T08:24:47.485+0530][info][gc,heap     ] GC(80)      Free:      124M (24%)           0M (0%)           70M (14%)         104M (20%)         124M (24%)           0M (0%)     
[2025-12-18T08:24:47.485+0530][info][gc,heap     ] GC(80)      Used:      388M (76%)         512M (100%)        442M (86%)         408M (80%)         512M (100%)        388M (76%)    
[2025-12-18T08:24:47.485+0530][info][gc,heap     ] GC(80)      Live:         -               248M (48%)         248M (48%)         248M (48%)            -                  -          
[2025-12-18T08:24:47.485+0530][info][gc,heap     ] GC(80) Allocated:         -               124M (24%)         140M (27%)         139M (27%)            -                  -          
[2025-12-18T08:24:47.485+0530][info][gc,heap     ] GC(80)   Garbage:         -               139M (27%)          53M (11%)          19M (4%)             -                  -          
[2025-12-18T08:24:47.485+0530][info][gc,heap     ] GC(80) Reclaimed:         -                  -                86M (17%)         119M (23%)            -                  -          
[2025-12-18T08:24:47.485+0530][info][gc          ] GC(80) Garbage Collection (Allocation Stall) 388M(76%)->408M(80%)
[2025-12-18T08:24:47.524+0530][info][gc,stats    ] === Garbage Collection Statistics =======================================================================================================================
[2025-12-18T08:24:47.524+0530][info][gc,start    ] GC(81) Garbage Collection (Allocation Stall)
[2025-12-18T08:24:47.524+0530][info][gc,stats    ]                                                              Last 10s              Last 10m              Last 10h                Total
[2025-12-18T08:24:47.524+0530][info][gc,ref      ] GC(81) Clearing All SoftReferences
[2025-12-18T08:24:47.524+0530][info][gc,stats    ]                                                              Avg / Max             Avg / Max             Avg / Max             Avg / Max
[2025-12-18T08:24:47.524+0530][info][gc,task     ] GC(81) Using 2 workers
[2025-12-18T08:24:47.524+0530][info][gc,stats    ]   Collector: Garbage Collection Cycle                    150.836 / 184.474     143.639 / 194.858     143.639 / 194.858     143.639 / 194.858     ms
[2025-12-18T08:24:47.524+0530][info][gc,stats    ]  Contention: Mark Segment Reset Contention                     0 / 3                 0 / 3                 0 / 3                 0 / 3           ops/s
[2025-12-18T08:24:47.524+0530][info][gc,stats    ]  Contention: Mark SeqNum Reset Contention                      0 / 2                 0 / 2                 0 / 2                 0 / 2           ops/s
[2025-12-18T08:24:47.524+0530][info][gc,stats    ]    Critical: Allocation Stall                                 39 / 41               27 / 41               27 / 41               27 / 41          ops/s
[2025-12-18T08:24:47.524+0530][info][gc,stats    ]    Critical: Allocation Stall                             61.818 / 92.157       61.116 / 93.529       61.116 / 93.529       61.116 / 93.529      ms
[2025-12-18T08:24:47.524+0530][info][gc,stats    ]    Critical: GC Locker Stall                                   0 / 0                 0 / 0                 0 / 0                 0 / 0           ops/s
[2025-12-18T08:24:47.524+0530][info][gc,stats    ]    Critical: GC Locker Stall                               0.000 / 0.000         0.000 / 0.000         0.000 / 0.000         0.000 / 0.000       ms
[2025-12-18T08:24:47.524+0530][info][gc,ref      ] GC(81) Clearing All SoftReferences
[2025-12-18T08:24:47.524+0530][info][gc,stats    ]    Critical: Relocation Stall                                  0 / 0                 0 / 0                 0 / 0                 0 / 0           ops/s
[2025-12-18T08:24:47.524+0530][info][gc,phases   ] GC(81) Pause Mark Start 0.107ms
[2025-12-18T08:24:47.524+0530][info][gc,stats    ]    Critical: Relocation Stall                              0.000 / 0.000         0.000 / 0.000         0.000 / 0.000         0.000 / 0.000       ms
[2025-12-18T08:24:47.525+0530][info][gc,stats    ]      Memory: Allocation Rate                                 845 / 886             600 / 886             600 / 886             600 / 886         MB/s
[2025-12-18T08:24:47.525+0530][info][gc,stats    ]      Memory: Defragment                                        0 / 0                 0 / 0                 0 / 0                 0 / 0           ops/s
[2025-12-18T08:24:47.525+0530][info][gc,stats    ]      Memory: Out Of Memory                                     0 / 0                 0 / 0                 0 / 0                 0 / 0           ops/s
[2025-12-18T08:24:47.525+0530][info][gc,stats    ]      Memory: Page Cache Flush                                  0 / 0                 0 / 0                 0 / 0                 0 / 0           MB/s
[2025-12-18T08:24:47.525+0530][info][gc,stats    ]      Memory: Page Cache Hit L1                               432 / 453             295 / 453             295 / 453             295 / 453         ops/s
[2025-12-18T08:24:47.525+0530][info][gc,stats    ]      Memory: Page Cache Hit L2                                 0 / 0                 0 / 0                 0 / 0                 0 / 0           ops/s
[2025-12-18T08:24:47.525+0530][info][gc,stats    ]      Memory: Page Cache Hit L3                                 0 / 0                12 / 113              12 / 113              12 / 113         ops/s
[2025-12-18T08:24:47.525+0530][info][gc,stats    ]      Memory: Page Cache Miss                                   0 / 0                 0 / 1                 0 / 1                 0 / 1           ops/s
[2025-12-18T08:24:47.525+0530][info][gc,stats    ]      Memory: Uncommit                                          0 / 0                 0 / 0                 0 / 0                 0 / 0           MB/s
[2025-12-18T08:24:47.525+0530][info][gc,stats    ]      Memory: Undo Object Allocation Failed                     0 / 0                 0 / 1                 0 / 1                 0 / 1           ops/s
[2025-12-18T08:24:47.525+0530][info][gc,stats    ]      Memory: Undo Object Allocation Succeeded                 14 / 22               10 / 22               10 / 22               10 / 22          ops/s
[2025-12-18T08:24:47.525+0530][info][gc,stats    ]      Memory: Undo Page Allocation                              9 / 13                6 / 13                6 / 13                6 / 13          ops/s
[2025-12-18T08:24:47.525+0530][info][gc,stats    ]       Phase: Concurrent Mark                             134.379 / 170.038     126.663 / 170.038     126.663 / 170.038     126.663 / 170.038     ms
[2025-12-18T08:24:47.525+0530][info][gc,stats    ]       Phase: Concurrent Mark Continue                      0.000 / 0.000         0.000 / 0.000         0.000 / 0.000         0.000 / 0.000       ms
[2025-12-18T08:24:47.525+0530][info][gc,stats    ]       Phase: Concurrent Mark Free                          0.001 / 0.002         0.001 / 0.004         0.001 / 0.004         0.001 / 0.004       ms
[2025-12-18T08:24:47.525+0530][info][gc,stats    ]       Phase: Concurrent Process Non-Strong References      1.101 / 2.055         1.157 / 3.602         1.157 / 3.602         1.157 / 3.602       ms
[2025-12-18T08:24:47.525+0530][info][gc,stats    ]       Phase: Concurrent Relocate                           1.537 / 2.034         1.572 / 3.777         1.572 / 3.777         1.572 / 3.777       ms
[2025-12-18T08:24:47.525+0530][info][gc,stats    ]       Phase: Concurrent Reset Relocation Set               0.002 / 0.005         0.002 / 0.005         0.002 / 0.005         0.002 / 0.005       ms
[2025-12-18T08:24:47.525+0530][info][gc,stats    ]       Phase: Concurrent Select Relocation Set              3.452 / 4.559         3.458 / 6.683         3.458 / 6.683         3.458 / 6.683       ms
[2025-12-18T08:24:47.525+0530][info][gc,stats    ]       Phase: Pause Mark End                                0.074 / 0.140         0.072 / 0.140         0.072 / 0.140         0.072 / 0.140       ms
[2025-12-18T08:24:47.525+0530][info][gc,stats    ]       Phase: Pause Mark Start                              0.062 / 0.149         0.054 / 0.149         0.054 / 0.149         0.054 / 0.149       ms
[2025-12-18T08:24:47.525+0530][info][gc,stats    ]       Phase: Pause Relocate Start                          0.011 / 0.015         0.011 / 0.015         0.011 / 0.015         0.011 / 0.015       ms
[2025-12-18T08:24:47.525+0530][info][gc,stats    ]    Subphase: Concurrent Classes Purge                      0.019 / 0.065         0.042 / 1.727         0.042 / 1.727         0.042 / 1.727       ms
[2025-12-18T08:24:47.525+0530][info][gc,stats    ]    Subphase: Concurrent Classes Unlink                     0.581 / 1.211         0.615 / 2.467         0.615 / 2.467         0.615 / 2.467       ms
[2025-12-18T08:24:47.525+0530][info][gc,stats    ]    Subphase: Concurrent Mark                             131.466 / 169.367     124.386 / 169.367     124.386 / 169.367     124.386 / 169.367     ms
[2025-12-18T08:24:47.525+0530][info][gc,stats    ]    Subphase: Concurrent Mark Try Flush                     0.195 / 10.177        0.161 / 10.177        0.161 / 10.177        0.161 / 10.177      ms
[2025-12-18T08:24:47.525+0530][info][gc,stats    ]    Subphase: Concurrent Mark Try Terminate                 1.733 / 16.803        1.281 / 16.803        1.281 / 16.803        1.281 / 16.803      ms
[2025-12-18T08:24:47.525+0530][info][gc,stats    ]    Subphase: Concurrent References Enqueue                 0.001 / 0.001         0.001 / 0.015         0.001 / 0.015         0.001 / 0.015       ms
[2025-12-18T08:24:47.525+0530][info][gc,stats    ]    Subphase: Concurrent References Process                 0.113 / 0.178         0.110 / 0.204         0.110 / 0.204         0.110 / 0.204       ms
[2025-12-18T08:24:47.525+0530][info][gc,stats    ]    Subphase: Concurrent Roots ClassLoaderDataGraph         0.110 / 0.265         0.107 / 0.456         0.107 / 0.456         0.107 / 0.456       ms
[2025-12-18T08:24:47.525+0530][info][gc,stats    ]    Subphase: Concurrent Roots CodeCache                    0.000 / 0.000         0.000 / 0.000         0.000 / 0.000         0.000 / 0.000       ms
[2025-12-18T08:24:47.525+0530][info][gc,stats    ]    Subphase: Concurrent Roots JavaThreads                  0.327 / 0.785         0.342 / 1.858         0.342 / 1.858         0.342 / 1.858       ms
[2025-12-18T08:24:47.525+0530][info][gc,stats    ]    Subphase: Concurrent Roots OopStorageSet                0.027 / 0.047         0.029 / 0.075         0.029 / 0.075         0.029 / 0.075       ms
[2025-12-18T08:24:47.525+0530][info][gc,stats    ]    Subphase: Concurrent Weak Roots OopStorageSet           0.189 / 0.485         0.195 / 0.485         0.195 / 0.485         0.195 / 0.485       ms
[2025-12-18T08:24:47.525+0530][info][gc,stats    ]    Subphase: Pause Mark Try Complete                       0.002 / 0.024         0.002 / 0.024         0.002 / 0.024         0.002 / 0.024       ms
[2025-12-18T08:24:47.525+0530][info][gc,stats    ]      System: Java Threads                                     22 / 22               20 / 22               20 / 22               20 / 22          threads
[2025-12-18T08:24:47.525+0530][info][gc,stats    ] =========================================================================================================================================================
[2025-12-18T08:24:47.664+0530][info][gc,phases   ] GC(81) Concurrent Mark 138.235ms
[2025-12-18T08:24:47.664+0530][info][gc,phases   ] GC(81) Pause Mark End 0.110ms
[2025-12-18T08:24:47.664+0530][info][gc,phases   ] GC(81) Concurrent Mark Free 0.001ms
[2025-12-18T08:24:47.664+0530][info][gc,phases   ] GC(81) Concurrent Process Non-Strong References 0.966ms
[2025-12-18T08:24:47.664+0530][info][gc,phases   ] GC(81) Concurrent Reset Relocation Set 0.002ms
[2025-12-18T08:24:47.664+0530][info][gc          ] Allocation Stall (Worker-7) 83.609ms
[2025-12-18T08:24:47.664+0530][info][gc          ] Allocation Stall (Worker-1) 93.369ms
[2025-12-18T08:24:47.664+0530][info][gc          ] Allocation Stall (Worker-4) 91.425ms
[2025-12-18T08:24:47.664+0530][info][gc          ] Allocation Stall (Worker-2) 91.066ms
[2025-12-18T08:24:47.664+0530][info][gc          ] Allocation Stall (Worker-5) 91.256ms
[2025-12-18T08:24:47.664+0530][info][gc          ] Allocation Stall (Worker-3) 88.932ms
[2025-12-18T08:24:47.664+0530][info][gc          ] Allocation Stall (Worker-6) 85.845ms
[2025-12-18T08:24:47.664+0530][info][gc          ] Allocation Stall (Worker-0) 84.633ms
[2025-12-18T08:24:47.668+0530][info][gc,phases   ] GC(81) Concurrent Select Relocation Set 3.610ms
[2025-12-18T08:24:47.668+0530][info][gc,phases   ] GC(81) Pause Relocate Start 0.012ms
[2025-12-18T08:24:47.670+0530][info][gc,phases   ] GC(81) Concurrent Relocate 1.436ms
[2025-12-18T08:24:47.670+0530][info][gc,load     ] GC(81) Load: 0.00/0.00/0.00
[2025-12-18T08:24:47.670+0530][info][gc,mmu      ] GC(81) MMU: 2ms/92.5%, 5ms/97.0%, 10ms/98.5%, 20ms/99.2%, 50ms/99.6%, 100ms/99.8%
[2025-12-18T08:24:47.670+0530][info][gc,marking  ] GC(81) Mark: 2 stripe(s), 2 proactive flush(es), 1 terminate flush(es), 1 completion(s), 0 continuation(s) 
[2025-12-18T08:24:47.670+0530][info][gc,marking  ] GC(81) Mark Stack Usage: 32M
[2025-12-18T08:24:47.670+0530][info][gc,nmethod  ] GC(81) NMethods: 613 registered, 66 unregistered
[2025-12-18T08:24:47.670+0530][info][gc,metaspace] GC(81) Metaspace: 3M used, 4M committed, 1088M reserved
[2025-12-18T08:24:47.670+0530][info][gc,ref      ] GC(81) Soft: 157 encountered, 75 discovered, 0 enqueued
[2025-12-18T08:24:47.670+0530][info][gc,ref      ] GC(81) Weak: 539 encountered, 4 discovered, 0 enqueued
[2025-12-18T08:24:47.670+0530][info][gc,ref      ] GC(81) Final: 0 encountered, 0 discovered, 0 enqueued
[2025-12-18T08:24:47.670+0530][info][gc,ref      ] GC(81) Phantom: 7 encountered, 6 discovered, 0 enqueued
[2025-12-18T08:24:47.670+0530][info][gc,reloc    ] GC(81) Small Pages: 217 / 434M, Empty: 156M, Relocated: 1M, In-Place: 0
[2025-12-18T08:24:47.670+0530][info][gc,reloc    ] GC(81) Medium Pages: 1 / 16M, Empty: 0M, Relocated: 0M, In-Place: 0
[2025-12-18T08:24:47.670+0530][info][gc,reloc    ] GC(81) Large Pages: 1 / 6M, Empty: 0M, Relocated: 0M, In-Place: 0
[2025-12-18T08:24:47.670+0530][info][gc,reloc    ] GC(81) Forwarding Usage: 0M
[2025-12-18T08:24:47.670+0530][info][gc,heap     ] GC(81) Min Capacity: 512M(100%)
[2025-12-18T08:24:47.670+0530][info][gc,heap     ] GC(81) Max Capacity: 512M(100%)
[2025-12-18T08:24:47.670+0530][info][gc,heap     ] GC(81) Soft Max Capacity: 512M(100%)
[2025-12-18T08:24:47.670+0530][info][gc,heap     ] GC(81)                Mark Start          Mark End        Relocate Start      Relocate End           High               Low         
[2025-12-18T08:24:47.670+0530][info][gc,heap     ] GC(81)  Capacity:      512M (100%)        512M (100%)        512M (100%)        512M (100%)        512M (100%)        512M (100%)   
[2025-12-18T08:24:47.670+0530][info][gc,heap     ] GC(81)      Free:       56M (11%)           0M (0%)          142M (28%)         174M (34%)         174M (34%)           0M (0%)     
[2025-12-18T08:24:47.670+0530][info][gc,heap     ] GC(81)      Used:      456M (89%)         512M (100%)        370M (72%)         338M (66%)         512M (100%)        338M (66%)    
[2025-12-18T08:24:47.670+0530][info][gc,heap     ] GC(81)      Live:         -               248M (48%)         248M (48%)         248M (48%)            -                  -          
[2025-12-18T08:24:47.670+0530][info][gc,heap     ] GC(81) Allocated:         -                56M (11%)          70M (14%)          69M (14%)            -                  -          
[2025-12-18T08:24:47.670+0530][info][gc,heap     ] GC(81)   Garbage:         -               207M (41%)          51M (10%)          19M (4%)             -                  -          
[2025-12-18T08:24:47.670+0530][info][gc,heap     ] GC(81) Reclaimed:         -                  -               156M (30%)         187M (37%)            -                  -          
[2025-12-18T08:24:47.670+0530][info][gc          ] GC(81) Garbage Collection (Allocation Stall) 456M(89%)->338M(66%)
[2025-12-18T08:24:47.726+0530][info][gc,start    ] GC(82) Garbage Collection (Allocation Stall)
[2025-12-18T08:24:47.726+0530][info][gc,ref      ] GC(82) Clearing All SoftReferences
[2025-12-18T08:24:47.726+0530][info][gc,task     ] GC(82) Using 2 workers
[2025-12-18T08:24:47.726+0530][info][gc,ref      ] GC(82) Clearing All SoftReferences
[2025-12-18T08:24:47.726+0530][info][gc,phases   ] GC(82) Pause Mark Start 0.074ms
[2025-12-18T08:24:47.884+0530][info][gc,phases   ] GC(82) Concurrent Mark 155.346ms
[2025-12-18T08:24:47.884+0530][info][gc,phases   ] GC(82) Pause Mark End 0.100ms
[2025-12-18T08:24:47.884+0530][info][gc,phases   ] GC(82) Concurrent Mark Free 0.001ms
[2025-12-18T08:24:47.886+0530][info][gc,phases   ] GC(82) Concurrent Process Non-Strong References 1.954ms
[2025-12-18T08:24:47.886+0530][info][gc,phases   ] GC(82) Concurrent Reset Relocation Set 0.003ms
[2025-12-18T08:24:47.888+0530][info][gc          ] Allocation Stall (Worker-6) 72.902ms
[2025-12-18T08:24:47.888+0530][info][gc          ] Allocation Stall (Worker-0) 70.507ms
[2025-12-18T08:24:47.888+0530][info][gc          ] Allocation Stall (Worker-1) 69.220ms
[2025-12-18T08:24:47.888+0530][info][gc          ] Allocation Stall (Worker-3) 78.453ms
[2025-12-18T08:24:47.888+0530][info][gc          ] Allocation Stall (Worker-2) 73.262ms
[2025-12-18T08:24:47.888+0530][info][gc          ] Allocation Stall (Worker-4) 73.416ms
[2025-12-18T08:24:47.888+0530][info][gc          ] Allocation Stall (Worker-5) 75.989ms
[2025-12-18T08:24:47.888+0530][info][gc          ] Allocation Stall (Worker-7) 76.186ms
[2025-12-18T08:24:47.888+0530][info][gc,phases   ] GC(82) Concurrent Select Relocation Set 3.180ms
[2025-12-18T08:24:47.890+0530][info][gc,phases   ] GC(82) Pause Relocate Start 0.011ms
[2025-12-18T08:24:47.892+0530][info][gc,phases   ] GC(82) Concurrent Relocate 1.513ms
[2025-12-18T08:24:47.892+0530][info][gc,load     ] GC(82) Load: 0.00/0.00/0.00
[2025-12-18T08:24:47.892+0530][info][gc,mmu      ] GC(82) MMU: 2ms/92.5%, 5ms/97.0%, 10ms/98.5%, 20ms/99.2%, 50ms/99.6%, 100ms/99.8%
[2025-12-18T08:24:47.892+0530][info][gc,marking  ] GC(82) Mark: 2 stripe(s), 2 proactive flush(es), 1 terminate flush(es), 1 completion(s), 0 continuation(s) 
[2025-12-18T08:24:47.892+0530][info][gc,marking  ] GC(82) Mark Stack Usage: 32M
[2025-12-18T08:24:47.892+0530][info][gc,nmethod  ] GC(82) NMethods: 613 registered, 66 unregistered
[2025-12-18T08:24:47.892+0530][info][gc,metaspace] GC(82) Metaspace: 3M used, 4M committed, 1088M reserved
[2025-12-18T08:24:47.892+0530][info][gc,ref      ] GC(82) Soft: 157 encountered, 77 discovered, 0 enqueued
[2025-12-18T08:24:47.892+0530][info][gc,ref      ] GC(82) Weak: 539 encountered, 3 discovered, 0 enqueued
[2025-12-18T08:24:47.892+0530][info][gc,ref      ] GC(82) Final: 0 encountered, 0 discovered, 0 enqueued
[2025-12-18T08:24:47.892+0530][info][gc,ref      ] GC(82) Phantom: 7 encountered, 3 discovered, 0 enqueued
[2025-12-18T08:24:47.892+0530][info][gc,reloc    ] GC(82) Small Pages: 196 / 392M, Empty: 114M, Relocated: 1M, In-Place: 0
[2025-12-18T08:24:47.892+0530][info][gc,reloc    ] GC(82) Medium Pages: 1 / 16M, Empty: 0M, Relocated: 0M, In-Place: 0
[2025-12-18T08:24:47.892+0530][info][gc,reloc    ] GC(82) Large Pages: 1 / 6M, Empty: 0M, Relocated: 0M, In-Place: 0
[2025-12-18T08:24:47.892+0530][info][gc,reloc    ] GC(82) Forwarding Usage: 0M
[2025-12-18T08:24:47.892+0530][info][gc,heap     ] GC(82) Min Capacity: 512M(100%)
[2025-12-18T08:24:47.892+0530][info][gc,heap     ] GC(82) Max Capacity: 512M(100%)
[2025-12-18T08:24:47.894+0530][info][gc,heap     ] GC(82) Soft Max Capacity: 512M(100%)
[2025-12-18T08:24:47.894+0530][info][gc,heap     ] GC(82)                Mark Start          Mark End        Relocate Start      Relocate End           High               Low         
[2025-12-18T08:24:47.894+0530][info][gc,heap     ] GC(82)  Capacity:      512M (100%)        512M (100%)        512M (100%)        512M (100%)        512M (100%)        512M (100%)   
[2025-12-18T08:24:47.894+0530][info][gc,heap     ] GC(82)      Free:       98M (19%)           0M (0%)          102M (20%)         134M (26%)         134M (26%)           0M (0%)     
[2025-12-18T08:24:47.894+0530][info][gc,heap     ] GC(82)      Used:      414M (81%)         512M (100%)        410M (80%)         378M (74%)         512M (100%)        378M (74%)    
[2025-12-18T08:24:47.894+0530][info][gc,heap     ] GC(82)      Live:         -               248M (48%)         248M (48%)         248M (48%)            -                  -          
[2025-12-18T08:24:47.894+0530][info][gc,heap     ] GC(82) Allocated:         -                98M (19%)         110M (21%)         109M (21%)            -                  -          
[2025-12-18T08:24:47.894+0530][info][gc,heap     ] GC(82)   Garbage:         -               165M (32%)          51M (10%)          19M (4%)             -                  -          
[2025-12-18T08:24:47.894+0530][info][gc,heap     ] GC(82) Reclaimed:         -                  -               114M (22%)         145M (29%)            -                  -          
[2025-12-18T08:24:47.894+0530][info][gc          ] GC(82) Garbage Collection (Allocation Stall) 414M(81%)->378M(74%)
[2025-12-18T08:24:47.931+0530][info][gc,start    ] GC(83) Garbage Collection (Allocation Stall)
[2025-12-18T08:24:47.931+0530][info][gc,ref      ] GC(83) Clearing All SoftReferences
[2025-12-18T08:24:47.931+0530][info][gc,task     ] GC(83) Using 2 workers
[2025-12-18T08:24:47.931+0530][info][gc,ref      ] GC(83) Clearing All SoftReferences
[2025-12-18T08:24:47.931+0530][info][gc,phases   ] GC(83) Pause Mark Start 0.051ms
[2025-12-18T08:24:48.072+0530][info][gc,phases   ] GC(83) Concurrent Mark 138.535ms
[2025-12-18T08:24:48.072+0530][info][gc,phases   ] GC(83) Pause Mark End 0.021ms
[2025-12-18T08:24:48.072+0530][info][gc,phases   ] GC(83) Concurrent Mark Free 0.002ms
[2025-12-18T08:24:48.072+0530][info][gc,phases   ] GC(83) Concurrent Process Non-Strong References 1.141ms
[2025-12-18T08:24:48.072+0530][info][gc,phases   ] GC(83) Concurrent Reset Relocation Set 0.002ms
[2025-12-18T08:24:48.076+0530][info][gc          ] Allocation Stall (Worker-2) 46.789ms
[2025-12-18T08:24:48.076+0530][info][gc          ] Allocation Stall (Worker-3) 46.461ms
[2025-12-18T08:24:48.076+0530][info][gc          ] Allocation Stall (Worker-0) 45.914ms
[2025-12-18T08:24:48.076+0530][info][gc          ] Allocation Stall (Worker-6) 52.491ms
[2025-12-18T08:24:48.076+0530][info][gc          ] Allocation Stall (Worker-1) 47.181ms
[2025-12-18T08:24:48.076+0530][info][gc          ] Allocation Stall (Worker-7) 49.126ms
[2025-12-18T08:24:48.076+0530][info][gc          ] Allocation Stall (Worker-4) 48.030ms
[2025-12-18T08:24:48.076+0530][info][gc          ] Allocation Stall (Worker-5) 48.168ms
[2025-12-18T08:24:48.076+0530][info][gc,phases   ] GC(83) Concurrent Select Relocation Set 3.044ms
[2025-12-18T08:24:48.076+0530][info][gc,phases   ] GC(83) Pause Relocate Start 0.011ms
[2025-12-18T08:24:48.080+0530][info][gc,phases   ] GC(83) Concurrent Relocate 1.534ms
[2025-12-18T08:24:48.080+0530][info][gc,load     ] GC(83) Load: 0.00/0.00/0.00
[2025-12-18T08:24:48.080+0530][info][gc,mmu      ] GC(83) MMU: 2ms/92.5%, 5ms/97.0%, 10ms/98.5%, 20ms/99.2%, 50ms/99.6%, 100ms/99.8%
[2025-12-18T08:24:48.080+0530][info][gc,marking  ] GC(83) Mark: 2 stripe(s), 2 proactive flush(es), 1 terminate flush(es), 0 completion(s), 0 continuation(s) 
[2025-12-18T08:24:48.080+0530][info][gc,marking  ] GC(83) Mark Stack Usage: 32M
[2025-12-18T08:24:48.080+0530][info][gc,nmethod  ] GC(83) NMethods: 613 registered, 66 unregistered
[2025-12-18T08:24:48.080+0530][info][gc,metaspace] GC(83) Metaspace: 3M used, 4M committed, 1088M reserved
[2025-12-18T08:24:48.080+0530][info][gc,ref      ] GC(83) Soft: 157 encountered, 88 discovered, 0 enqueued
[2025-12-18T08:24:48.080+0530][info][gc,ref      ] GC(83) Weak: 539 encountered, 401 discovered, 0 enqueued
[2025-12-18T08:24:48.080+0530][info][gc,ref      ] GC(83) Final: 0 encountered, 0 discovered, 0 enqueued
[2025-12-18T08:24:48.080+0530][info][gc,ref      ] GC(83) Phantom: 7 encountered, 3 discovered, 0 enqueued
[2025-12-18T08:24:48.080+0530][info][gc,reloc    ] GC(83) Small Pages: 199 / 398M, Empty: 120M, Relocated: 1M, In-Place: 0
[2025-12-18T08:24:48.080+0530][info][gc,reloc    ] GC(83) Medium Pages: 1 / 16M, Empty: 0M, Relocated: 0M, In-Place: 0
[2025-12-18T08:24:48.080+0530][info][gc,reloc    ] GC(83) Large Pages: 1 / 6M, Empty: 0M, Relocated: 0M, In-Place: 0
[2025-12-18T08:24:48.080+0530][info][gc,reloc    ] GC(83) Forwarding Usage: 0M
[2025-12-18T08:24:48.080+0530][info][gc,heap     ] GC(83) Min Capacity: 512M(100%)
[2025-12-18T08:24:48.080+0530][info][gc,heap     ] GC(83) Max Capacity: 512M(100%)
[2025-12-18T08:24:48.080+0530][info][gc,heap     ] GC(83) Soft Max Capacity: 512M(100%)
[2025-12-18T08:24:48.080+0530][info][gc,heap     ] GC(83)                Mark Start          Mark End        Relocate Start      Relocate End           High               Low         
[2025-12-18T08:24:48.080+0530][info][gc,heap     ] GC(83)  Capacity:      512M (100%)        512M (100%)        512M (100%)        512M (100%)        512M (100%)        512M (100%)   
[2025-12-18T08:24:48.080+0530][info][gc,heap     ] GC(83)      Free:       92M (18%)           0M (0%)          106M (21%)         136M (27%)         136M (27%)           0M (0%)     
[2025-12-18T08:24:48.080+0530][info][gc,heap     ] GC(83)      Used:      420M (82%)         512M (100%)        406M (79%)         376M (73%)         512M (100%)        376M (73%)    
[2025-12-18T08:24:48.080+0530][info][gc,heap     ] GC(83)      Live:         -               248M (48%)         248M (48%)         248M (48%)            -                  -          
[2025-12-18T08:24:48.080+0530][info][gc,heap     ] GC(83) Allocated:         -                92M (18%)         106M (21%)         107M (21%)            -                  -          
[2025-12-18T08:24:48.080+0530][info][gc,heap     ] GC(83)   Garbage:         -               171M (34%)          51M (10%)          19M (4%)             -                  -          
[2025-12-18T08:24:48.080+0530][info][gc,heap     ] GC(83) Reclaimed:         -                  -               120M (23%)         151M (30%)            -                  -          
[2025-12-18T08:24:48.080+0530][info][gc          ] GC(83) Garbage Collection (Allocation Stall) 420M(82%)->376M(73%)
[2025-12-18T08:24:48.118+0530][info][gc,start    ] GC(84) Garbage Collection (Allocation Stall)
[2025-12-18T08:24:48.118+0530][info][gc,ref      ] GC(84) Clearing All SoftReferences
[2025-12-18T08:24:48.118+0530][info][gc,task     ] GC(84) Using 2 workers
[2025-12-18T08:24:48.118+0530][info][gc,ref      ] GC(84) Clearing All SoftReferences
[2025-12-18T08:24:48.118+0530][info][gc,phases   ] GC(84) Pause Mark Start 0.047ms
[2025-12-18T08:24:48.259+0530][info][gc,phases   ] GC(84) Concurrent Mark 139.704ms
[2025-12-18T08:24:48.259+0530][info][gc,phases   ] GC(84) Pause Mark End 0.099ms
[2025-12-18T08:24:48.259+0530][info][gc,phases   ] GC(84) Concurrent Mark Free 0.001ms
[2025-12-18T08:24:48.259+0530][info][gc,phases   ] GC(84) Concurrent Process Non-Strong References 1.071ms
[2025-12-18T08:24:48.259+0530][info][gc,phases   ] GC(84) Concurrent Reset Relocation Set 0.001ms
[2025-12-18T08:24:48.263+0530][info][gc          ] Allocation Stall (Worker-3) 55.151ms
[2025-12-18T08:24:48.263+0530][info][gc          ] Allocation Stall (Worker-0) 57.266ms
[2025-12-18T08:24:48.263+0530][info][gc          ] Allocation Stall (Worker-7) 51.998ms
[2025-12-18T08:24:48.263+0530][info][gc          ] Allocation Stall (Worker-5) 53.142ms
[2025-12-18T08:24:48.263+0530][info][gc          ] Allocation Stall (Worker-1) 58.361ms
[2025-12-18T08:24:48.263+0530][info][gc          ] Allocation Stall (Worker-6) 58.434ms
[2025-12-18T08:24:48.263+0530][info][gc          ] Allocation Stall (Worker-4) 59.449ms
[2025-12-18T08:24:48.263+0530][info][gc          ] Allocation Stall (Worker-2) 57.414ms
[2025-12-18T08:24:48.263+0530][info][gc,phases   ] GC(84) Concurrent Select Relocation Set 3.143ms
[2025-12-18T08:24:48.263+0530][info][gc,phases   ] GC(84) Pause Relocate Start 0.011ms
[2025-12-18T08:24:48.269+0530][info][gc,phases   ] GC(84) Concurrent Relocate 2.319ms
[2025-12-18T08:24:48.269+0530][info][gc,load     ] GC(84) Load: 0.00/0.00/0.00
[2025-12-18T08:24:48.269+0530][info][gc,mmu      ] GC(84) MMU: 2ms/92.5%, 5ms/97.0%, 10ms/98.5%, 20ms/99.2%, 50ms/99.6%, 100ms/99.8%
[2025-12-18T08:24:48.269+0530][info][gc,marking  ] GC(84) Mark: 2 stripe(s), 2 proactive flush(es), 1 terminate flush(es), 1 completion(s), 0 continuation(s) 
[2025-12-18T08:24:48.269+0530][info][gc,marking  ] GC(84) Mark Stack Usage: 32M
[2025-12-18T08:24:48.269+0530][info][gc,nmethod  ] GC(84) NMethods: 613 registered, 66 unregistered
[2025-12-18T08:24:48.269+0530][info][gc,metaspace] GC(84) Metaspace: 3M used, 4M committed, 1088M reserved
[2025-12-18T08:24:48.269+0530][info][gc,ref      ] GC(84) Soft: 157 encountered, 78 discovered, 0 enqueued
[2025-12-18T08:24:48.269+0530][info][gc,ref      ] GC(84) Weak: 539 encountered, 4 discovered, 0 enqueued
[2025-12-18T08:24:48.269+0530][info][gc,ref      ] GC(84) Final: 0 encountered, 0 discovered, 0 enqueued
[2025-12-18T08:24:48.269+0530][info][gc,ref      ] GC(84) Phantom: 7 encountered, 6 discovered, 0 enqueued
[2025-12-18T08:24:48.269+0530][info][gc,reloc    ] GC(84) Small Pages: 201 / 402M, Empty: 126M, Relocated: 1M, In-Place: 0
[2025-12-18T08:24:48.269+0530][info][gc,reloc    ] GC(84) Medium Pages: 1 / 16M, Empty: 0M, Relocated: 0M, In-Place: 0
[2025-12-18T08:24:48.269+0530][info][gc,reloc    ] GC(84) Large Pages: 1 / 6M, Empty: 0M, Relocated: 0M, In-Place: 0
[2025-12-18T08:24:48.269+0530][info][gc,reloc    ] GC(84) Forwarding Usage: 0M
[2025-12-18T08:24:48.269+0530][info][gc,heap     ] GC(84) Min Capacity: 512M(100%)
[2025-12-18T08:24:48.269+0530][info][gc,heap     ] GC(84) Max Capacity: 512M(100%)
[2025-12-18T08:24:48.269+0530][info][gc,heap     ] GC(84) Soft Max Capacity: 512M(100%)
[2025-12-18T08:24:48.269+0530][info][gc,heap     ] GC(84)                Mark Start          Mark End        Relocate Start      Relocate End           High               Low         
[2025-12-18T08:24:48.269+0530][info][gc,heap     ] GC(84)  Capacity:      512M (100%)        512M (100%)        512M (100%)        512M (100%)        512M (100%)        512M (100%)   
[2025-12-18T08:24:48.269+0530][info][gc,heap     ] GC(84)      Free:       88M (17%)           0M (0%)          112M (22%)         142M (28%)         142M (28%)           0M (0%)     
[2025-12-18T08:24:48.269+0530][info][gc,heap     ] GC(84)      Used:      424M (83%)         512M (100%)        400M (78%)         370M (72%)         512M (100%)        370M (72%)    
[2025-12-18T08:24:48.269+0530][info][gc,heap     ] GC(84)      Live:         -               248M (48%)         248M (48%)         248M (48%)            -                  -          
[2025-12-18T08:24:48.269+0530][info][gc,heap     ] GC(84) Allocated:         -                88M (17%)         102M (20%)         101M (20%)            -                  -          
[2025-12-18T08:24:48.269+0530][info][gc,heap     ] GC(84)   Garbage:         -               175M (34%)          49M (10%)          19M (4%)             -                  -          
[2025-12-18T08:24:48.269+0530][info][gc,heap     ] GC(84) Reclaimed:         -                  -               126M (25%)         155M (30%)            -                  -          
[2025-12-18T08:24:48.269+0530][info][gc          ] GC(84) Garbage Collection (Allocation Stall) 424M(83%)->370M(72%)
[2025-12-18T08:24:48.322+0530][info][gc,start    ] GC(85) Garbage Collection (Allocation Stall)
[2025-12-18T08:24:48.322+0530][info][gc,ref      ] GC(85) Clearing All SoftReferences
[2025-12-18T08:24:48.322+0530][info][gc,task     ] GC(85) Using 2 workers
[2025-12-18T08:24:48.322+0530][info][gc,ref      ] GC(85) Clearing All SoftReferences
[2025-12-18T08:24:48.322+0530][info][gc,phases   ] GC(85) Pause Mark Start 0.063ms
[2025-12-18T08:24:48.462+0530][info][gc,phases   ] GC(85) Concurrent Mark 138.000ms
[2025-12-18T08:24:48.462+0530][info][gc,phases   ] GC(85) Pause Mark End 0.025ms
[2025-12-18T08:24:48.462+0530][info][gc,phases   ] GC(85) Concurrent Mark Free 0.001ms
[2025-12-18T08:24:48.462+0530][info][gc,phases   ] GC(85) Concurrent Process Non-Strong References 1.091ms
[2025-12-18T08:24:48.462+0530][info][gc,phases   ] GC(85) Concurrent Reset Relocation Set 0.002ms
[2025-12-18T08:24:48.462+0530][info][gc          ] Allocation Stall (Worker-1) 62.496ms
[2025-12-18T08:24:48.462+0530][info][gc          ] Allocation Stall (Worker-2) 62.005ms
[2025-12-18T08:24:48.462+0530][info][gc          ] Allocation Stall (Worker-6) 61.526ms
[2025-12-18T08:24:48.462+0530][info][gc          ] Allocation Stall (Worker-7) 69.660ms
[2025-12-18T08:24:48.462+0530][info][gc          ] Allocation Stall (Worker-3) 63.944ms
[2025-12-18T08:24:48.462+0530][info][gc          ] Allocation Stall (Worker-0) 63.719ms
[2025-12-18T08:24:48.462+0530][info][gc          ] Allocation Stall (Worker-5) 62.870ms
[2025-12-18T08:24:48.462+0530][info][gc          ] Allocation Stall (Worker-4) 63.436ms
[2025-12-18T08:24:48.466+0530][info][gc,phases   ] GC(85) Concurrent Select Relocation Set 3.788ms
[2025-12-18T08:24:48.466+0530][info][gc,phases   ] GC(85) Pause Relocate Start 0.012ms
[2025-12-18T08:24:48.470+0530][info][gc,phases   ] GC(85) Concurrent Relocate 1.615ms
[2025-12-18T08:24:48.470+0530][info][gc,load     ] GC(85) Load: 0.00/0.00/0.00
[2025-12-18T08:24:48.470+0530][info][gc,mmu      ] GC(85) MMU: 2ms/92.5%, 5ms/97.0%, 10ms/98.5%, 20ms/99.2%, 50ms/99.6%, 100ms/99.8%
[2025-12-18T08:24:48.470+0530][info][gc,marking  ] GC(85) Mark: 2 stripe(s), 2 proactive flush(es), 1 terminate flush(es), 0 completion(s), 0 continuation(s) 
[2025-12-18T08:24:48.470+0530][info][gc,marking  ] GC(85) Mark Stack Usage: 32M
[2025-12-18T08:24:48.470+0530][info][gc,nmethod  ] GC(85) NMethods: 613 registered, 66 unregistered
[2025-12-18T08:24:48.470+0530][info][gc,metaspace] GC(85) Metaspace: 3M used, 4M committed, 1088M reserved
[2025-12-18T08:24:48.470+0530][info][gc,ref      ] GC(85) Soft: 157 encountered, 75 discovered, 0 enqueued
[2025-12-18T08:24:48.470+0530][info][gc,ref      ] GC(85) Weak: 539 encountered, 379 discovered, 0 enqueued
[2025-12-18T08:24:48.470+0530][info][gc,ref      ] GC(85) Final: 0 encountered, 0 discovered, 0 enqueued
[2025-12-18T08:24:48.470+0530][info][gc,ref      ] GC(85) Phantom: 7 encountered, 3 discovered, 0 enqueued
[2025-12-18T08:24:48.470+0530][info][gc,reloc    ] GC(85) Small Pages: 209 / 418M, Empty: 140M, Relocated: 1M, In-Place: 0
[2025-12-18T08:24:48.470+0530][info][gc,reloc    ] GC(85) Medium Pages: 1 / 16M, Empty: 0M, Relocated: 0M, In-Place: 0
[2025-12-18T08:24:48.470+0530][info][gc,reloc    ] GC(85) Large Pages: 1 / 6M, Empty: 0M, Relocated: 0M, In-Place: 0
[2025-12-18T08:24:48.470+0530][info][gc,reloc    ] GC(85) Forwarding Usage: 0M
[2025-12-18T08:24:48.470+0530][info][gc,heap     ] GC(85) Min Capacity: 512M(100%)
[2025-12-18T08:24:48.470+0530][info][gc,heap     ] GC(85) Max Capacity: 512M(100%)
[2025-12-18T08:24:48.470+0530][info][gc,heap     ] GC(85) Soft Max Capacity: 512M(100%)
[2025-12-18T08:24:48.470+0530][info][gc,heap     ] GC(85)                Mark Start          Mark End        Relocate Start      Relocate End           High               Low         
[2025-12-18T08:24:48.470+0530][info][gc,heap     ] GC(85)  Capacity:      512M (100%)        512M (100%)        512M (100%)        512M (100%)        512M (100%)        512M (100%)   
[2025-12-18T08:24:48.470+0530][info][gc,heap     ] GC(85)      Free:       72M (14%)           0M (0%)          126M (25%)         158M (31%)         158M (31%)           0M (0%)     
[2025-12-18T08:24:48.470+0530][info][gc,heap     ] GC(85)      Used:      440M (86%)         512M (100%)        386M (75%)         354M (69%)         512M (100%)        354M (69%)    
[2025-12-18T08:24:48.470+0530][info][gc,heap     ] GC(85)      Live:         -               248M (48%)         248M (48%)         248M (48%)            -                  -          
[2025-12-18T08:24:48.470+0530][info][gc,heap     ] GC(85) Allocated:         -                72M (14%)          86M (17%)          85M (17%)            -                  -          
[2025-12-18T08:24:48.470+0530][info][gc,heap     ] GC(85)   Garbage:         -               191M (37%)          51M (10%)          19M (4%)             -                  -          
[2025-12-18T08:24:48.470+0530][info][gc,heap     ] GC(85) Reclaimed:         -                  -               140M (27%)         171M (34%)            -                  -          
[2025-12-18T08:24:48.470+0530][info][gc          ] GC(85) Garbage Collection (Allocation Stall) 440M(86%)->354M(69%)
[2025-12-18T08:24:48.524+0530][info][gc,start    ] GC(86) Garbage Collection (Allocation Stall)
[2025-12-18T08:24:48.524+0530][info][gc,ref      ] GC(86) Clearing All SoftReferences
[2025-12-18T08:24:48.524+0530][info][gc,task     ] GC(86) Using 2 workers
[2025-12-18T08:24:48.524+0530][info][gc,ref      ] GC(86) Clearing All SoftReferences
[2025-12-18T08:24:48.524+0530][info][gc,phases   ] GC(86) Pause Mark Start 0.087ms
[2025-12-18T08:24:48.650+0530][info][gc,phases   ] GC(86) Concurrent Mark 123.828ms
[2025-12-18T08:24:48.650+0530][info][gc,phases   ] GC(86) Pause Mark End 0.111ms
[2025-12-18T08:24:48.650+0530][info][gc,phases   ] GC(86) Concurrent Mark Free 0.001ms
[2025-12-18T08:24:48.650+0530][info][gc,phases   ] GC(86) Concurrent Process Non-Strong References 0.978ms
[2025-12-18T08:24:48.650+0530][info][gc,phases   ] GC(86) Concurrent Reset Relocation Set 0.002ms
[2025-12-18T08:24:48.654+0530][info][gc          ] Allocation Stall (Worker-7) 23.238ms
[2025-12-18T08:24:48.654+0530][info][gc          ] Allocation Stall (Worker-6) 18.389ms
[2025-12-18T08:24:48.654+0530][info][gc          ] Allocation Stall (Worker-4) 18.346ms
[2025-12-18T08:24:48.654+0530][info][gc          ] Allocation Stall (Worker-5) 28.552ms
[2025-12-18T08:24:48.654+0530][info][gc          ] Allocation Stall (Worker-1) 28.121ms
[2025-12-18T08:24:48.654+0530][info][gc          ] Allocation Stall (Worker-3) 26.448ms
[2025-12-18T08:24:48.654+0530][info][gc          ] Allocation Stall (Worker-0) 25.872ms
[2025-12-18T08:24:48.654+0530][info][gc,phases   ] GC(86) Concurrent Select Relocation Set 3.022ms
[2025-12-18T08:24:48.654+0530][info][gc          ] Allocation Stall (Worker-2) 25.691ms
[2025-12-18T08:24:48.654+0530][info][gc,phases   ] GC(86) Pause Relocate Start 0.011ms
[2025-12-18T08:24:48.656+0530][info][gc,phases   ] GC(86) Concurrent Relocate 1.442ms
[2025-12-18T08:24:48.656+0530][info][gc,load     ] GC(86) Load: 0.00/0.00/0.00
[2025-12-18T08:24:48.656+0530][info][gc,mmu      ] GC(86) MMU: 2ms/92.5%, 5ms/97.0%, 10ms/98.5%, 20ms/99.2%, 50ms/99.6%, 100ms/99.8%
[2025-12-18T08:24:48.656+0530][info][gc,marking  ] GC(86) Mark: 2 stripe(s), 2 proactive flush(es), 1 terminate flush(es), 1 completion(s), 0 continuation(s) 
[2025-12-18T08:24:48.656+0530][info][gc,marking  ] GC(86) Mark Stack Usage: 32M
[2025-12-18T08:24:48.656+0530][info][gc,nmethod  ] GC(86) NMethods: 617 registered, 66 unregistered
[2025-12-18T08:24:48.656+0530][info][gc,metaspace] GC(86) Metaspace: 3M used, 4M committed, 1088M reserved
[2025-12-18T08:24:48.656+0530][info][gc,ref      ] GC(86) Soft: 157 encountered, 76 discovered, 0 enqueued
[2025-12-18T08:24:48.656+0530][info][gc,ref      ] GC(86) Weak: 539 encountered, 4 discovered, 0 enqueued
[2025-12-18T08:24:48.656+0530][info][gc,ref      ] GC(86) Final: 0 encountered, 0 discovered, 0 enqueued
[2025-12-18T08:24:48.656+0530][info][gc,ref      ] GC(86) Phantom: 7 encountered, 6 discovered, 0 enqueued
[2025-12-18T08:24:48.656+0530][info][gc,reloc    ] GC(86) Small Pages: 197 / 394M, Empty: 118M, Relocated: 1M, In-Place: 0
[2025-12-18T08:24:48.656+0530][info][gc,reloc    ] GC(86) Medium Pages: 1 / 16M, Empty: 0M, Relocated: 0M, In-Place: 0
[2025-12-18T08:24:48.656+0530][info][gc,reloc    ] GC(86) Large Pages: 1 / 6M, Empty: 0M, Relocated: 0M, In-Place: 0
[2025-12-18T08:24:48.656+0530][info][gc,reloc    ] GC(86) Forwarding Usage: 0M
[2025-12-18T08:24:48.656+0530][info][gc,heap     ] GC(86) Min Capacity: 512M(100%)
[2025-12-18T08:24:48.656+0530][info][gc,heap     ] GC(86) Max Capacity: 512M(100%)
[2025-12-18T08:24:48.656+0530][info][gc,heap     ] GC(86) Soft Max Capacity: 512M(100%)
[2025-12-18T08:24:48.656+0530][info][gc,heap     ] GC(86)                Mark Start          Mark End        Relocate Start      Relocate End           High               Low         
[2025-12-18T08:24:48.656+0530][info][gc,heap     ] GC(86)  Capacity:      512M (100%)        512M (100%)        512M (100%)        512M (100%)        512M (100%)        512M (100%)   
[2025-12-18T08:24:48.656+0530][info][gc,heap     ] GC(86)      Free:       96M (19%)           0M (0%)          102M (20%)         132M (26%)         132M (26%)           0M (0%)     
[2025-12-18T08:24:48.656+0530][info][gc,heap     ] GC(86)      Used:      416M (81%)         512M (100%)        410M (80%)         380M (74%)         512M (100%)        380M (74%)    
[2025-12-18T08:24:48.656+0530][info][gc,heap     ] GC(86)      Live:         -               248M (48%)         248M (48%)         248M (48%)            -                  -          
[2025-12-18T08:24:48.656+0530][info][gc,heap     ] GC(86) Allocated:         -                96M (19%)         112M (22%)         111M (22%)            -                  -          
[2025-12-18T08:24:48.656+0530][info][gc,heap     ] GC(86)   Garbage:         -               167M (33%)          49M (10%)          19M (4%)             -                  -          
[2025-12-18T08:24:48.656+0530][info][gc,heap     ] GC(86) Reclaimed:         -                  -               118M (23%)         147M (29%)            -                  -          
[2025-12-18T08:24:48.656+0530][info][gc          ] GC(86) Garbage Collection (Allocation Stall) 416M(81%)->380M(74%)
[2025-12-18T08:24:48.728+0530][info][gc,start    ] GC(87) Garbage Collection (Allocation Stall)
[2025-12-18T08:24:48.728+0530][info][gc,ref      ] GC(87) Clearing All SoftReferences
[2025-12-18T08:24:48.728+0530][info][gc,task     ] GC(87) Using 2 workers
[2025-12-18T08:24:48.728+0530][info][gc,ref      ] GC(87) Clearing All SoftReferences
[2025-12-18T08:24:48.728+0530][info][gc,phases   ] GC(87) Pause Mark Start 0.055ms
[2025-12-18T08:24:48.853+0530][info][gc,phases   ] GC(87) Concurrent Mark 123.593ms
[2025-12-18T08:24:48.853+0530][info][gc,phases   ] GC(87) Pause Mark End 0.104ms
[2025-12-18T08:24:48.853+0530][info][gc,phases   ] GC(87) Concurrent Mark Free 0.002ms
[2025-12-18T08:24:48.853+0530][info][gc,phases   ] GC(87) Concurrent Process Non-Strong References 1.004ms
[2025-12-18T08:24:48.853+0530][info][gc,phases   ] GC(87) Concurrent Reset Relocation Set 0.002ms
[2025-12-18T08:24:48.853+0530][info][gc          ] Allocation Stall (Worker-7) 82.834ms
[2025-12-18T08:24:48.853+0530][info][gc          ] Allocation Stall (Worker-3) 82.488ms
[2025-12-18T08:24:48.853+0530][info][gc          ] Allocation Stall (Worker-1) 82.782ms
[2025-12-18T08:24:48.853+0530][info][gc          ] Allocation Stall (Worker-6) 81.602ms
[2025-12-18T08:24:48.853+0530][info][gc          ] Allocation Stall (Worker-2) 92.589ms
[2025-12-18T08:24:48.853+0530][info][gc          ] Allocation Stall (Worker-0) 89.190ms
[2025-12-18T08:24:48.853+0530][info][gc          ] Allocation Stall (Worker-4) 88.151ms
[2025-12-18T08:24:48.853+0530][info][gc          ] Allocation Stall (Worker-5) 83.875ms
[2025-12-18T08:24:48.857+0530][info][gc,phases   ] GC(87) Concurrent Select Relocation Set 3.666ms
[2025-12-18T08:24:48.857+0530][info][gc,phases   ] GC(87) Pause Relocate Start 0.012ms
[2025-12-18T08:24:48.861+0530][info][gc,phases   ] GC(87) Concurrent Relocate 1.408ms
[2025-12-18T08:24:48.861+0530][info][gc,load     ] GC(87) Load: 0.00/0.00/0.00
[2025-12-18T08:24:48.861+0530][info][gc,mmu      ] GC(87) MMU: 2ms/92.5%, 5ms/97.0%, 10ms/98.5%, 20ms/99.2%, 50ms/99.6%, 100ms/99.8%
[2025-12-18T08:24:48.861+0530][info][gc,marking  ] GC(87) Mark: 2 stripe(s), 2 proactive flush(es), 1 terminate flush(es), 1 completion(s), 0 continuation(s) 
[2025-12-18T08:24:48.861+0530][info][gc,marking  ] GC(87) Mark Stack Usage: 32M
[2025-12-18T08:24:48.861+0530][info][gc,nmethod  ] GC(87) NMethods: 615 registered, 68 unregistered
[2025-12-18T08:24:48.861+0530][info][gc,metaspace] GC(87) Metaspace: 3M used, 4M committed, 1088M reserved
[2025-12-18T08:24:48.861+0530][info][gc,ref      ] GC(87) Soft: 157 encountered, 73 discovered, 0 enqueued
[2025-12-18T08:24:48.861+0530][info][gc,ref      ] GC(87) Weak: 539 encountered, 5 discovered, 0 enqueued
[2025-12-18T08:24:48.861+0530][info][gc,ref      ] GC(87) Final: 0 encountered, 0 discovered, 0 enqueued
[2025-12-18T08:24:48.861+0530][info][gc,ref      ] GC(87) Phantom: 7 encountered, 3 discovered, 0 enqueued
[2025-12-18T08:24:48.861+0530][info][gc,reloc    ] GC(87) Small Pages: 227 / 454M, Empty: 174M, Relocated: 1M, In-Place: 0
[2025-12-18T08:24:48.861+0530][info][gc,reloc    ] GC(87) Medium Pages: 1 / 16M, Empty: 0M, Relocated: 0M, In-Place: 0
[2025-12-18T08:24:48.861+0530][info][gc,reloc    ] GC(87) Large Pages: 1 / 6M, Empty: 0M, Relocated: 0M, In-Place: 0
[2025-12-18T08:24:48.861+0530][info][gc,reloc    ] GC(87) Forwarding Usage: 0M
[2025-12-18T08:24:48.861+0530][info][gc,heap     ] GC(87) Min Capacity: 512M(100%)
[2025-12-18T08:24:48.861+0530][info][gc,heap     ] GC(87) Max Capacity: 512M(100%)
[2025-12-18T08:24:48.861+0530][info][gc,heap     ] GC(87) Soft Max Capacity: 512M(100%)
[2025-12-18T08:24:48.861+0530][info][gc,heap     ] GC(87)                Mark Start          Mark End        Relocate Start      Relocate End           High               Low         
[2025-12-18T08:24:48.861+0530][info][gc,heap     ] GC(87)  Capacity:      512M (100%)        512M (100%)        512M (100%)        512M (100%)        512M (100%)        512M (100%)   
[2025-12-18T08:24:48.861+0530][info][gc,heap     ] GC(87)      Free:       36M (7%)            0M (0%)          162M (32%)         194M (38%)         194M (38%)           0M (0%)     
[2025-12-18T08:24:48.861+0530][info][gc,heap     ] GC(87)      Used:      476M (93%)         512M (100%)        350M (68%)         318M (62%)         512M (100%)        318M (62%)    
[2025-12-18T08:24:48.861+0530][info][gc,heap     ] GC(87)      Live:         -               248M (48%)         248M (48%)         248M (48%)            -                  -          
[2025-12-18T08:24:48.861+0530][info][gc,heap     ] GC(87) Allocated:         -                36M (7%)           48M (9%)           49M (10%)            -                  -          
[2025-12-18T08:24:48.861+0530][info][gc,heap     ] GC(87)   Garbage:         -               227M (45%)          53M (11%)          19M (4%)             -                  -          
[2025-12-18T08:24:48.861+0530][info][gc,heap     ] GC(87) Reclaimed:         -                  -               174M (34%)         207M (41%)            -                  -          
[2025-12-18T08:24:48.861+0530][info][gc          ] GC(87) Garbage Collection (Allocation Stall) 476M(93%)->318M(62%)
[2025-12-18T08:24:48.932+0530][info][gc,start    ] GC(88) Garbage Collection (Allocation Stall)
[2025-12-18T08:24:48.932+0530][info][gc,ref      ] GC(88) Clearing All SoftReferences
[2025-12-18T08:24:48.932+0530][info][gc,task     ] GC(88) Using 2 workers
[2025-12-18T08:24:48.932+0530][info][gc,ref      ] GC(88) Clearing All SoftReferences
[2025-12-18T08:24:48.932+0530][info][gc,phases   ] GC(88) Pause Mark Start 0.050ms
[2025-12-18T08:24:49.076+0530][info][gc,phases   ] GC(88) Concurrent Mark 141.966ms
[2025-12-18T08:24:49.076+0530][info][gc,phases   ] GC(88) Pause Mark End 0.114ms
[2025-12-18T08:24:49.076+0530][info][gc,phases   ] GC(88) Concurrent Mark Free 0.001ms
[2025-12-18T08:24:49.078+0530][info][gc,phases   ] GC(88) Concurrent Process Non-Strong References 1.104ms
[2025-12-18T08:24:49.078+0530][info][gc,phases   ] GC(88) Concurrent Reset Relocation Set 0.002ms
[2025-12-18T08:24:49.080+0530][info][gc          ] Allocation Stall (Worker-6) 31.881ms
[2025-12-18T08:24:49.080+0530][info][gc          ] Allocation Stall (Worker-4) 30.421ms
[2025-12-18T08:24:49.080+0530][info][gc          ] Allocation Stall (Worker-3) 29.724ms
[2025-12-18T08:24:49.080+0530][info][gc          ] Allocation Stall (Worker-5) 39.759ms
[2025-12-18T08:24:49.080+0530][info][gc          ] Allocation Stall (Worker-1) 39.266ms
[2025-12-18T08:24:49.080+0530][info][gc          ] Allocation Stall (Worker-7) 36.422ms
[2025-12-18T08:24:49.080+0530][info][gc          ] Allocation Stall (Worker-0) 34.571ms
[2025-12-18T08:24:49.080+0530][info][gc          ] Allocation Stall (Worker-2) 33.539ms
[2025-12-18T08:24:49.080+0530][info][gc,phases   ] GC(88) Concurrent Select Relocation Set 3.019ms
[2025-12-18T08:24:49.080+0530][info][gc,phases   ] GC(88) Pause Relocate Start 0.012ms
[2025-12-18T08:24:49.084+0530][info][gc,phases   ] GC(88) Concurrent Relocate 1.450ms
[2025-12-18T08:24:49.084+0530][info][gc,load     ] GC(88) Load: 0.00/0.00/0.00
[2025-12-18T08:24:49.084+0530][info][gc,mmu      ] GC(88) MMU: 2ms/92.5%, 5ms/97.0%, 10ms/98.5%, 20ms/99.2%, 50ms/99.6%, 100ms/99.8%
[2025-12-18T08:24:49.084+0530][info][gc,marking  ] GC(88) Mark: 2 stripe(s), 2 proactive flush(es), 1 terminate flush(es), 1 completion(s), 0 continuation(s) 
[2025-12-18T08:24:49.084+0530][info][gc,marking  ] GC(88) Mark Stack Usage: 32M
[2025-12-18T08:24:49.084+0530][info][gc,nmethod  ] GC(88) NMethods: 615 registered, 68 unregistered
[2025-12-18T08:24:49.084+0530][info][gc,metaspace] GC(88) Metaspace: 3M used, 4M committed, 1088M reserved
[2025-12-18T08:24:49.084+0530][info][gc,ref      ] GC(88) Soft: 157 encountered, 80 discovered, 0 enqueued
[2025-12-18T08:24:49.084+0530][info][gc,ref      ] GC(88) Weak: 539 encountered, 417 discovered, 0 enqueued
[2025-12-18T08:24:49.084+0530][info][gc,ref      ] GC(88) Final: 0 encountered, 0 discovered, 0 enqueued
[2025-12-18T08:24:49.084+0530][info][gc,ref      ] GC(88) Phantom: 7 encountered, 5 discovered, 0 enqueued
[2025-12-18T08:24:49.084+0530][info][gc,reloc    ] GC(88) Small Pages: 194 / 388M, Empty: 110M, Relocated: 1M, In-Place: 0
[2025-12-18T08:24:49.084+0530][info][gc,reloc    ] GC(88) Medium Pages: 1 / 16M, Empty: 0M, Relocated: 0M, In-Place: 0
[2025-12-18T08:24:49.084+0530][info][gc,reloc    ] GC(88) Large Pages: 1 / 6M, Empty: 0M, Relocated: 0M, In-Place: 0
[2025-12-18T08:24:49.084+0530][info][gc,reloc    ] GC(88) Forwarding Usage: 0M
[2025-12-18T08:24:49.084+0530][info][gc,heap     ] GC(88) Min Capacity: 512M(100%)
[2025-12-18T08:24:49.084+0530][info][gc,heap     ] GC(88) Max Capacity: 512M(100%)
[2025-12-18T08:24:49.084+0530][info][gc,heap     ] GC(88) Soft Max Capacity: 512M(100%)
[2025-12-18T08:24:49.084+0530][info][gc,heap     ] GC(88)                Mark Start          Mark End        Relocate Start      Relocate End           High               Low         
[2025-12-18T08:24:49.084+0530][info][gc,heap     ] GC(88)  Capacity:      512M (100%)        512M (100%)        512M (100%)        512M (100%)        512M (100%)        512M (100%)   
[2025-12-18T08:24:49.084+0530][info][gc,heap     ] GC(88)      Free:      102M (20%)           0M (0%)           94M (18%)         126M (25%)         126M (25%)           0M (0%)     
[2025-12-18T08:24:49.084+0530][info][gc,heap     ] GC(88)      Used:      410M (80%)         512M (100%)        418M (82%)         386M (75%)         512M (100%)        386M (75%)    
[2025-12-18T08:24:49.084+0530][info][gc,heap     ] GC(88)      Live:         -               248M (48%)         248M (48%)         248M (48%)            -                  -          
[2025-12-18T08:24:49.084+0530][info][gc,heap     ] GC(88) Allocated:         -               102M (20%)         118M (23%)         117M (23%)            -                  -          
[2025-12-18T08:24:49.084+0530][info][gc,heap     ] GC(88)   Garbage:         -               161M (32%)          51M (10%)          19M (4%)             -                  -          
[2025-12-18T08:24:49.084+0530][info][gc,heap     ] GC(88) Reclaimed:         -                  -               110M (21%)         141M (28%)            -                  -          
[2025-12-18T08:24:49.084+0530][info][gc          ] GC(88) Garbage Collection (Allocation Stall) 410M(80%)->386M(75%)
[2025-12-18T08:24:49.123+0530][info][gc,start    ] GC(89) Garbage Collection (Allocation Stall)
[2025-12-18T08:24:49.123+0530][info][gc,ref      ] GC(89) Clearing All SoftReferences
[2025-12-18T08:24:49.123+0530][info][gc,task     ] GC(89) Using 2 workers
[2025-12-18T08:24:49.123+0530][info][gc,ref      ] GC(89) Clearing All SoftReferences
[2025-12-18T08:24:49.123+0530][info][gc,phases   ] GC(89) Pause Mark Start 0.050ms
[2025-12-18T08:24:49.265+0530][info][gc,phases   ] GC(89) Concurrent Mark 140.008ms
[2025-12-18T08:24:49.265+0530][info][gc,phases   ] GC(89) Pause Mark End 0.022ms
[2025-12-18T08:24:49.265+0530][info][gc,phases   ] GC(89) Concurrent Mark Free 0.002ms
[2025-12-18T08:24:49.265+0530][info][gc,phases   ] GC(89) Concurrent Process Non-Strong References 1.026ms
[2025-12-18T08:24:49.265+0530][info][gc,phases   ] GC(89) Concurrent Reset Relocation Set 0.002ms
[2025-12-18T08:24:49.265+0530][info][gc          ] Allocation Stall (Worker-5) 59.715ms
[2025-12-18T08:24:49.265+0530][info][gc          ] Allocation Stall (Worker-4) 59.007ms
[2025-12-18T08:24:49.265+0530][info][gc          ] Allocation Stall (Worker-0) 55.689ms
[2025-12-18T08:24:49.265+0530][info][gc          ] Allocation Stall (Worker-6) 64.847ms
[2025-12-18T08:24:49.265+0530][info][gc          ] Allocation Stall (Worker-3) 58.550ms
[2025-12-18T08:24:49.265+0530][info][gc          ] Allocation Stall (Worker-2) 65.386ms
[2025-12-18T08:24:49.265+0530][info][gc          ] Allocation Stall (Worker-1) 62.398ms
[2025-12-18T08:24:49.265+0530][info][gc          ] Allocation Stall (Worker-7) 60.245ms
[2025-12-18T08:24:49.269+0530][info][gc,phases   ] GC(89) Concurrent Select Relocation Set 3.602ms
[2025-12-18T08:24:49.269+0530][info][gc,phases   ] GC(89) Pause Relocate Start 0.012ms
[2025-12-18T08:24:49.271+0530][info][gc,phases   ] GC(89) Concurrent Relocate 1.392ms
[2025-12-18T08:24:49.271+0530][info][gc,load     ] GC(89) Load: 0.00/0.00/0.00
[2025-12-18T08:24:49.271+0530][info][gc,mmu      ] GC(89) MMU: 2ms/92.5%, 5ms/97.0%, 10ms/98.5%, 20ms/99.2%, 50ms/99.6%, 100ms/99.8%
[2025-12-18T08:24:49.271+0530][info][gc,marking  ] GC(89) Mark: 2 stripe(s), 2 proactive flush(es), 1 terminate flush(es), 0 completion(s), 0 continuation(s) 
[2025-12-18T08:24:49.271+0530][info][gc,marking  ] GC(89) Mark Stack Usage: 32M
[2025-12-18T08:24:49.273+0530][info][gc,nmethod  ] GC(89) NMethods: 615 registered, 68 unregistered
[2025-12-18T08:24:49.273+0530][info][gc,metaspace] GC(89) Metaspace: 3M used, 4M committed, 1088M reserved
[2025-12-18T08:24:49.273+0530][info][gc,ref      ] GC(89) Soft: 157 encountered, 77 discovered, 0 enqueued
[2025-12-18T08:24:49.273+0530][info][gc,ref      ] GC(89) Weak: 539 encountered, 387 discovered, 0 enqueued
[2025-12-18T08:24:49.273+0530][info][gc,ref      ] GC(89) Final: 0 encountered, 0 discovered, 0 enqueued
[2025-12-18T08:24:49.273+0530][info][gc,ref      ] GC(89) Phantom: 7 encountered, 3 discovered, 0 enqueued
[2025-12-18T08:24:49.273+0530][info][gc,reloc    ] GC(89) Small Pages: 205 / 410M, Empty: 130M, Relocated: 1M, In-Place: 0
[2025-12-18T08:24:49.273+0530][info][gc,reloc    ] GC(89) Medium Pages: 1 / 16M, Empty: 0M, Relocated: 0M, In-Place: 0
[2025-12-18T08:24:49.273+0530][info][gc,reloc    ] GC(89) Large Pages: 1 / 6M, Empty: 0M, Relocated: 0M, In-Place: 0
[2025-12-18T08:24:49.273+0530][info][gc,reloc    ] GC(89) Forwarding Usage: 0M
[2025-12-18T08:24:49.273+0530][info][gc,heap     ] GC(89) Min Capacity: 512M(100%)
[2025-12-18T08:24:49.273+0530][info][gc,heap     ] GC(89) Max Capacity: 512M(100%)
[2025-12-18T08:24:49.273+0530][info][gc,heap     ] GC(89) Soft Max Capacity: 512M(100%)
[2025-12-18T08:24:49.273+0530][info][gc,heap     ] GC(89)                Mark Start          Mark End        Relocate Start      Relocate End           High               Low         
[2025-12-18T08:24:49.273+0530][info][gc,heap     ] GC(89)  Capacity:      512M (100%)        512M (100%)        512M (100%)        512M (100%)        512M (100%)        512M (100%)   
[2025-12-18T08:24:49.273+0530][info][gc,heap     ] GC(89)      Free:       80M (16%)           0M (0%)          116M (23%)         150M (29%)         150M (29%)           0M (0%)     
[2025-12-18T08:24:49.273+0530][info][gc,heap     ] GC(89)      Used:      432M (84%)         512M (100%)        396M (77%)         362M (71%)         512M (100%)        362M (71%)    
[2025-12-18T08:24:49.273+0530][info][gc,heap     ] GC(89)      Live:         -               248M (48%)         248M (48%)         248M (48%)            -                  -          
[2025-12-18T08:24:49.273+0530][info][gc,heap     ] GC(89) Allocated:         -                80M (16%)          94M (18%)          93M (18%)            -                  -          
[2025-12-18T08:24:49.273+0530][info][gc,heap     ] GC(89)   Garbage:         -               183M (36%)          53M (11%)          19M (4%)             -                  -          
[2025-12-18T08:24:49.273+0530][info][gc,heap     ] GC(89) Reclaimed:         -                  -               130M (25%)         163M (32%)            -                  -          
[2025-12-18T08:24:49.273+0530][info][gc          ] GC(89) Garbage Collection (Allocation Stall) 432M(84%)->362M(71%)
[2025-12-18T08:24:49.329+0530][info][gc,start    ] GC(90) Garbage Collection (Allocation Stall)
[2025-12-18T08:24:49.329+0530][info][gc,ref      ] GC(90) Clearing All SoftReferences
[2025-12-18T08:24:49.329+0530][info][gc,task     ] GC(90) Using 2 workers
[2025-12-18T08:24:49.329+0530][info][gc,ref      ] GC(90) Clearing All SoftReferences
[2025-12-18T08:24:49.329+0530][info][gc,phases   ] GC(90) Pause Mark Start 0.068ms
[2025-12-18T08:24:49.470+0530][info][gc,phases   ] GC(90) Concurrent Mark 139.097ms
[2025-12-18T08:24:49.470+0530][info][gc,phases   ] GC(90) Pause Mark End 0.114ms
[2025-12-18T08:24:49.470+0530][info][gc,phases   ] GC(90) Concurrent Mark Free 0.001ms
[2025-12-18T08:24:49.470+0530][info][gc,phases   ] GC(90) Concurrent Process Non-Strong References 0.944ms
[2025-12-18T08:24:49.470+0530][info][gc,phases   ] GC(90) Concurrent Reset Relocation Set 0.002ms
[2025-12-18T08:24:49.474+0530][info][gc          ] Allocation Stall (Worker-3) 36.928ms
[2025-12-18T08:24:49.474+0530][info][gc          ] Allocation Stall (Worker-5) 43.644ms
[2025-12-18T08:24:49.474+0530][info][gc          ] Allocation Stall (Worker-1) 37.373ms
[2025-12-18T08:24:49.474+0530][info][gc          ] Allocation Stall (Worker-7) 32.749ms
[2025-12-18T08:24:49.474+0530][info][gc          ] Allocation Stall (Worker-4) 35.814ms
[2025-12-18T08:24:49.474+0530][info][gc          ] Allocation Stall (Worker-6) 44.693ms
[2025-12-18T08:24:49.474+0530][info][gc          ] Allocation Stall (Worker-0) 39.990ms
[2025-12-18T08:24:49.474+0530][info][gc          ] Allocation Stall (Worker-2) 38.903ms
[2025-12-18T08:24:49.474+0530][info][gc,phases   ] GC(90) Concurrent Select Relocation Set 3.081ms
[2025-12-18T08:24:49.474+0530][info][gc,phases   ] GC(90) Pause Relocate Start 0.010ms
[2025-12-18T08:24:49.478+0530][info][gc,phases   ] GC(90) Concurrent Relocate 1.552ms
[2025-12-18T08:24:49.478+0530][info][gc,load     ] GC(90) Load: 0.00/0.00/0.00
[2025-12-18T08:24:49.478+0530][info][gc,mmu      ] GC(90) MMU: 2ms/92.5%, 5ms/97.0%, 10ms/98.5%, 20ms/99.2%, 50ms/99.6%, 100ms/99.8%
[2025-12-18T08:24:49.478+0530][info][gc,marking  ] GC(90) Mark: 2 stripe(s), 2 proactive flush(es), 1 terminate flush(es), 1 completion(s), 0 continuation(s) 
[2025-12-18T08:24:49.478+0530][info][gc,marking  ] GC(90) Mark Stack Usage: 32M
[2025-12-18T08:24:49.478+0530][info][gc,nmethod  ] GC(90) NMethods: 615 registered, 68 unregistered
[2025-12-18T08:24:49.478+0530][info][gc,metaspace] GC(90) Metaspace: 3M used, 4M committed, 1088M reserved
[2025-12-18T08:24:49.478+0530][info][gc,ref      ] GC(90) Soft: 157 encountered, 71 discovered, 0 enqueued
[2025-12-18T08:24:49.478+0530][info][gc,ref      ] GC(90) Weak: 539 encountered, 5 discovered, 0 enqueued
[2025-12-18T08:24:49.478+0530][info][gc,ref      ] GC(90) Final: 0 encountered, 0 discovered, 0 enqueued
[2025-12-18T08:24:49.478+0530][info][gc,ref      ] GC(90) Phantom: 7 encountered, 3 discovered, 0 enqueued
[2025-12-18T08:24:49.478+0530][info][gc,reloc    ] GC(90) Small Pages: 200 / 400M, Empty: 124M, Relocated: 1M, In-Place: 0
[2025-12-18T08:24:49.478+0530][info][gc,reloc    ] GC(90) Medium Pages: 1 / 16M, Empty: 0M, Relocated: 0M, In-Place: 0
[2025-12-18T08:24:49.478+0530][info][gc,reloc    ] GC(90) Large Pages: 1 / 6M, Empty: 0M, Relocated: 0M, In-Place: 0
[2025-12-18T08:24:49.478+0530][info][gc,reloc    ] GC(90) Forwarding Usage: 0M
[2025-12-18T08:24:49.478+0530][info][gc,heap     ] GC(90) Min Capacity: 512M(100%)
[2025-12-18T08:24:49.478+0530][info][gc,heap     ] GC(90) Max Capacity: 512M(100%)
[2025-12-18T08:24:49.478+0530][info][gc,heap     ] GC(90) Soft Max Capacity: 512M(100%)
[2025-12-18T08:24:49.478+0530][info][gc,heap     ] GC(90)                Mark Start          Mark End        Relocate Start      Relocate End           High               Low         
[2025-12-18T08:24:49.480+0530][info][gc,heap     ] GC(90)  Capacity:      512M (100%)        512M (100%)        512M (100%)        512M (100%)        512M (100%)        512M (100%)   
[2025-12-18T08:24:49.480+0530][info][gc,heap     ] GC(90)      Free:       90M (18%)           0M (0%)          110M (21%)         138M (27%)         138M (27%)           0M (0%)     
[2025-12-18T08:24:49.480+0530][info][gc,heap     ] GC(90)      Used:      422M (82%)         512M (100%)        402M (79%)         374M (73%)         512M (100%)        374M (73%)    
[2025-12-18T08:24:49.480+0530][info][gc,heap     ] GC(90)      Live:         -               248M (48%)         248M (48%)         248M (48%)            -                  -          
[2025-12-18T08:24:49.480+0530][info][gc,heap     ] GC(90) Allocated:         -                90M (18%)         104M (20%)         105M (21%)            -                  -          
[2025-12-18T08:24:49.480+0530][info][gc,heap     ] GC(90)   Garbage:         -               173M (34%)          49M (10%)          19M (4%)             -                  -          
[2025-12-18T08:24:49.480+0530][info][gc,heap     ] GC(90) Reclaimed:         -                  -               124M (24%)         153M (30%)            -                  -          
[2025-12-18T08:24:49.480+0530][info][gc          ] GC(90) Garbage Collection (Allocation Stall) 422M(82%)->374M(73%)
[2025-12-18T08:24:49.517+0530][info][gc,start    ] GC(91) Garbage Collection (Allocation Stall)
[2025-12-18T08:24:49.517+0530][info][gc,ref      ] GC(91) Clearing All SoftReferences
[2025-12-18T08:24:49.517+0530][info][gc,task     ] GC(91) Using 2 workers
[2025-12-18T08:24:49.517+0530][info][gc,ref      ] GC(91) Clearing All SoftReferences
[2025-12-18T08:24:49.517+0530][info][gc,phases   ] GC(91) Pause Mark Start 0.067ms
[2025-12-18T08:24:49.664+0530][info][gc,phases   ] GC(91) Concurrent Mark 144.544ms
[2025-12-18T08:24:49.664+0530][info][gc,phases   ] GC(91) Pause Mark End 0.097ms
[2025-12-18T08:24:49.664+0530][info][gc,phases   ] GC(91) Concurrent Mark Free 0.001ms
[2025-12-18T08:24:49.664+0530][info][gc,phases   ] GC(91) Concurrent Process Non-Strong References 1.160ms
[2025-12-18T08:24:49.664+0530][info][gc,phases   ] GC(91) Concurrent Reset Relocation Set 0.002ms
[2025-12-18T08:24:49.668+0530][info][gc          ] Allocation Stall (Worker-2) 46.927ms
[2025-12-18T08:24:49.668+0530][info][gc          ] Allocation Stall (Worker-0) 44.800ms
[2025-12-18T08:24:49.668+0530][info][gc          ] Allocation Stall (Worker-5) 54.866ms
[2025-12-18T08:24:49.668+0530][info][gc          ] Allocation Stall (Worker-7) 54.452ms
[2025-12-18T08:24:49.668+0530][info][gc          ] Allocation Stall (Worker-6) 54.034ms
[2025-12-18T08:24:49.668+0530][info][gc          ] Allocation Stall (Worker-4) 51.881ms
[2025-12-18T08:24:49.668+0530][info][gc,phases   ] GC(91) Concurrent Select Relocation Set 3.147ms
[2025-12-18T08:24:49.668+0530][info][gc          ] Allocation Stall (Worker-3) 53.114ms
[2025-12-18T08:24:49.668+0530][info][gc          ] Allocation Stall (Worker-1) 47.693ms
[2025-12-18T08:24:49.668+0530][info][gc,phases   ] GC(91) Pause Relocate Start 0.009ms
[2025-12-18T08:24:49.672+0530][info][gc,phases   ] GC(91) Concurrent Relocate 1.506ms
[2025-12-18T08:24:49.672+0530][info][gc,load     ] GC(91) Load: 0.00/0.00/0.00
[2025-12-18T08:24:49.672+0530][info][gc,mmu      ] GC(91) MMU: 2ms/92.5%, 5ms/97.0%, 10ms/98.5%, 20ms/99.2%, 50ms/99.6%, 100ms/99.8%
[2025-12-18T08:24:49.672+0530][info][gc,marking  ] GC(91) Mark: 2 stripe(s), 2 proactive flush(es), 1 terminate flush(es), 1 completion(s), 0 continuation(s) 
[2025-12-18T08:24:49.672+0530][info][gc,marking  ] GC(91) Mark Stack Usage: 32M
[2025-12-18T08:24:49.672+0530][info][gc,nmethod  ] GC(91) NMethods: 616 registered, 68 unregistered
[2025-12-18T08:24:49.672+0530][info][gc,metaspace] GC(91) Metaspace: 3M used, 4M committed, 1088M reserved
[2025-12-18T08:24:49.672+0530][info][gc,ref      ] GC(91) Soft: 157 encountered, 84 discovered, 0 enqueued
[2025-12-18T08:24:49.672+0530][info][gc,ref      ] GC(91) Weak: 539 encountered, 416 discovered, 0 enqueued
[2025-12-18T08:24:49.672+0530][info][gc,ref      ] GC(91) Final: 0 encountered, 0 discovered, 0 enqueued
[2025-12-18T08:24:49.672+0530][info][gc,ref      ] GC(91) Phantom: 7 encountered, 2 discovered, 0 enqueued
[2025-12-18T08:24:49.672+0530][info][gc,reloc    ] GC(91) Small Pages: 200 / 400M, Empty: 122M, Relocated: 1M, In-Place: 0
[2025-12-18T08:24:49.672+0530][info][gc,reloc    ] GC(91) Medium Pages: 1 / 16M, Empty: 0M, Relocated: 0M, In-Place: 0
[2025-12-18T08:24:49.672+0530][info][gc,reloc    ] GC(91) Large Pages: 1 / 6M, Empty: 0M, Relocated: 0M, In-Place: 0
[2025-12-18T08:24:49.672+0530][info][gc,reloc    ] GC(91) Forwarding Usage: 0M
[2025-12-18T08:24:49.672+0530][info][gc,heap     ] GC(91) Min Capacity: 512M(100%)
[2025-12-18T08:24:49.672+0530][info][gc,heap     ] GC(91) Max Capacity: 512M(100%)
[2025-12-18T08:24:49.672+0530][info][gc,heap     ] GC(91) Soft Max Capacity: 512M(100%)
[2025-12-18T08:24:49.672+0530][info][gc,heap     ] GC(91)                Mark Start          Mark End        Relocate Start      Relocate End           High               Low         
[2025-12-18T08:24:49.672+0530][info][gc,heap     ] GC(91)  Capacity:      512M (100%)        512M (100%)        512M (100%)        512M (100%)        512M (100%)        512M (100%)   
[2025-12-18T08:24:49.672+0530][info][gc,heap     ] GC(91)      Free:       90M (18%)           0M (0%)          108M (21%)         140M (27%)         140M (27%)           0M (0%)     
[2025-12-18T08:24:49.672+0530][info][gc,heap     ] GC(91)      Used:      422M (82%)         512M (100%)        404M (79%)         372M (73%)         512M (100%)        372M (73%)    
[2025-12-18T08:24:49.672+0530][info][gc,heap     ] GC(91)      Live:         -               248M (48%)         248M (48%)         248M (48%)            -                  -          
[2025-12-18T08:24:49.672+0530][info][gc,heap     ] GC(91) Allocated:         -                90M (18%)         104M (20%)         103M (20%)            -                  -          
[2025-12-18T08:24:49.672+0530][info][gc,heap     ] GC(91)   Garbage:         -               173M (34%)          51M (10%)          19M (4%)             -                  -          
[2025-12-18T08:24:49.672+0530][info][gc,heap     ] GC(91) Reclaimed:         -                  -               122M (24%)         153M (30%)            -                  -          
[2025-12-18T08:24:49.672+0530][info][gc          ] GC(91) Garbage Collection (Allocation Stall) 422M(82%)->372M(73%)
[2025-12-18T08:24:49.726+0530][info][gc,start    ] GC(92) Garbage Collection (Allocation Stall)
[2025-12-18T08:24:49.726+0530][info][gc,ref      ] GC(92) Clearing All SoftReferences
[2025-12-18T08:24:49.726+0530][info][gc,task     ] GC(92) Using 2 workers
[2025-12-18T08:24:49.726+0530][info][gc,ref      ] GC(92) Clearing All SoftReferences
[2025-12-18T08:24:49.726+0530][info][gc,phases   ] GC(92) Pause Mark Start 0.051ms
[2025-12-18T08:24:49.867+0530][info][gc,phases   ] GC(92) Concurrent Mark 139.006ms
[2025-12-18T08:24:49.867+0530][info][gc,phases   ] GC(92) Pause Mark End 0.022ms
[2025-12-18T08:24:49.867+0530][info][gc,phases   ] GC(92) Concurrent Mark Free 0.002ms
[2025-12-18T08:24:49.868+0530][info][gc,phases   ] GC(92) Concurrent Process Non-Strong References 1.103ms
[2025-12-18T08:24:49.868+0530][info][gc,phases   ] GC(92) Concurrent Reset Relocation Set 0.002ms
[2025-12-18T08:24:49.868+0530][info][gc          ] Allocation Stall (Worker-1) 56.174ms
[2025-12-18T08:24:49.868+0530][info][gc          ] Allocation Stall (Worker-7) 55.160ms
[2025-12-18T08:24:49.868+0530][info][gc          ] Allocation Stall (Worker-5) 52.478ms
[2025-12-18T08:24:49.868+0530][info][gc          ] Allocation Stall (Worker-2) 60.038ms
[2025-12-18T08:24:49.868+0530][info][gc          ] Allocation Stall (Worker-6) 59.446ms
[2025-12-18T08:24:49.868+0530][info][gc          ] Allocation Stall (Worker-3) 57.493ms
[2025-12-18T08:24:49.868+0530][info][gc          ] Allocation Stall (Worker-0) 57.391ms
[2025-12-18T08:24:49.868+0530][info][gc          ] Allocation Stall (Worker-4) 57.209ms
[2025-12-18T08:24:49.872+0530][info][gc,phases   ] GC(92) Concurrent Select Relocation Set 3.736ms
[2025-12-18T08:24:49.872+0530][info][gc,phases   ] GC(92) Pause Relocate Start 0.012ms
[2025-12-18T08:24:49.874+0530][info][gc,phases   ] GC(92) Concurrent Relocate 1.330ms
[2025-12-18T08:24:49.874+0530][info][gc,load     ] GC(92) Load: 0.00/0.00/0.00
[2025-12-18T08:24:49.874+0530][info][gc,mmu      ] GC(92) MMU: 2ms/92.5%, 5ms/97.0%, 10ms/98.5%, 20ms/99.2%, 50ms/99.6%, 100ms/99.8%
[2025-12-18T08:24:49.874+0530][info][gc,marking  ] GC(92) Mark: 2 stripe(s), 2 proactive flush(es), 1 terminate flush(es), 0 completion(s), 0 continuation(s) 
[2025-12-18T08:24:49.874+0530][info][gc,marking  ] GC(92) Mark Stack Usage: 32M
[2025-12-18T08:24:49.874+0530][info][gc,nmethod  ] GC(92) NMethods: 616 registered, 68 unregistered
[2025-12-18T08:24:49.874+0530][info][gc,metaspace] GC(92) Metaspace: 3M used, 4M committed, 1088M reserved
[2025-12-18T08:24:49.874+0530][info][gc,ref      ] GC(92) Soft: 157 encountered, 88 discovered, 0 enqueued
[2025-12-18T08:24:49.874+0530][info][gc,ref      ] GC(92) Weak: 539 encountered, 408 discovered, 0 enqueued
[2025-12-18T08:24:49.874+0530][info][gc,ref      ] GC(92) Final: 0 encountered, 0 discovered, 0 enqueued
[2025-12-18T08:24:49.874+0530][info][gc,ref      ] GC(92) Phantom: 7 encountered, 3 discovered, 0 enqueued
[2025-12-18T08:24:49.874+0530][info][gc,reloc    ] GC(92) Small Pages: 207 / 414M, Empty: 136M, Relocated: 1M, In-Place: 0
[2025-12-18T08:24:49.874+0530][info][gc,reloc    ] GC(92) Medium Pages: 1 / 16M, Empty: 0M, Relocated: 0M, In-Place: 0
[2025-12-18T08:24:49.874+0530][info][gc,reloc    ] GC(92) Large Pages: 1 / 6M, Empty: 0M, Relocated: 0M, In-Place: 0
[2025-12-18T08:24:49.874+0530][info][gc,reloc    ] GC(92) Forwarding Usage: 0M
[2025-12-18T08:24:49.874+0530][info][gc,heap     ] GC(92) Min Capacity: 512M(100%)
[2025-12-18T08:24:49.874+0530][info][gc,heap     ] GC(92) Max Capacity: 512M(100%)
[2025-12-18T08:24:49.874+0530][info][gc,heap     ] GC(92) Soft Max Capacity: 512M(100%)
[2025-12-18T08:24:49.874+0530][info][gc,heap     ] GC(92)                Mark Start          Mark End        Relocate Start      Relocate End           High               Low         
[2025-12-18T08:24:49.874+0530][info][gc,heap     ] GC(92)  Capacity:      512M (100%)        512M (100%)        512M (100%)        512M (100%)        512M (100%)        512M (100%)   
[2025-12-18T08:24:49.874+0530][info][gc,heap     ] GC(92)      Free:       76M (15%)           0M (0%)          120M (23%)         152M (30%)         152M (30%)           0M (0%)     
[2025-12-18T08:24:49.874+0530][info][gc,heap     ] GC(92)      Used:      436M (85%)         512M (100%)        392M (77%)         360M (70%)         512M (100%)        360M (70%)    
[2025-12-18T08:24:49.874+0530][info][gc,heap     ] GC(92)      Live:         -               248M (48%)         248M (48%)         248M (48%)            -                  -          
[2025-12-18T08:24:49.874+0530][info][gc,heap     ] GC(92) Allocated:         -                76M (15%)          92M (18%)          91M (18%)            -                  -          
[2025-12-18T08:24:49.874+0530][info][gc,heap     ] GC(92)   Garbage:         -               187M (37%)          51M (10%)          19M (4%)             -                  -          
[2025-12-18T08:24:49.874+0530][info][gc,heap     ] GC(92) Reclaimed:         -                  -               136M (27%)         167M (33%)            -                  -          
[2025-12-18T08:24:49.874+0530][info][gc          ] GC(92) Garbage Collection (Allocation Stall) 436M(85%)->360M(70%)
[2025-12-18T08:24:49.918+0530][info][gc,start    ] GC(93) Garbage Collection (Allocation Stall)
[2025-12-18T08:24:49.918+0530][info][gc,ref      ] GC(93) Clearing All SoftReferences
[2025-12-18T08:24:49.918+0530][info][gc,task     ] GC(93) Using 2 workers
[2025-12-18T08:24:49.918+0530][info][gc,ref      ] GC(93) Clearing All SoftReferences
[2025-12-18T08:24:49.918+0530][info][gc,phases   ] GC(93) Pause Mark Start 0.079ms
[2025-12-18T08:24:50.058+0530][info][gc,phases   ] GC(93) Concurrent Mark 139.276ms
[2025-12-18T08:24:50.058+0530][info][gc,phases   ] GC(93) Pause Mark End 0.092ms
[2025-12-18T08:24:50.058+0530][info][gc,phases   ] GC(93) Concurrent Mark Free 0.002ms
[2025-12-18T08:24:50.058+0530][info][gc,phases   ] GC(93) Concurrent Process Non-Strong References 1.060ms
[2025-12-18T08:24:50.058+0530][info][gc,phases   ] GC(93) Concurrent Reset Relocation Set 0.002ms
[2025-12-18T08:24:50.062+0530][info][gc          ] Allocation Stall (Worker-1) 39.624ms
[2025-12-18T08:24:50.062+0530][info][gc          ] Allocation Stall (Worker-2) 37.544ms
[2025-12-18T08:24:50.062+0530][info][gc          ] Allocation Stall (Worker-5) 38.291ms
[2025-12-18T08:24:50.062+0530][info][gc          ] Allocation Stall (Worker-3) 45.859ms
[2025-12-18T08:24:50.062+0530][info][gc          ] Allocation Stall (Worker-7) 45.164ms
[2025-12-18T08:24:50.062+0530][info][gc          ] Allocation Stall (Worker-4) 45.620ms
[2025-12-18T08:24:50.062+0530][info][gc,phases   ] GC(93) Concurrent Select Relocation Set 3.584ms
[2025-12-18T08:24:50.062+0530][info][gc          ] Allocation Stall (Worker-6) 43.763ms
[2025-12-18T08:24:50.062+0530][info][gc          ] Allocation Stall (Worker-0) 41.993ms
[2025-12-18T08:24:50.064+0530][info][gc,phases   ] GC(93) Pause Relocate Start 0.012ms
[2025-12-18T08:24:50.066+0530][info][gc,phases   ] GC(93) Concurrent Relocate 1.515ms
[2025-12-18T08:24:50.066+0530][info][gc,load     ] GC(93) Load: 0.00/0.00/0.00
[2025-12-18T08:24:50.066+0530][info][gc,mmu      ] GC(93) MMU: 2ms/92.5%, 5ms/97.0%, 10ms/98.5%, 20ms/99.2%, 50ms/99.6%, 100ms/99.8%
[2025-12-18T08:24:50.066+0530][info][gc,marking  ] GC(93) Mark: 2 stripe(s), 2 proactive flush(es), 1 terminate flush(es), 1 completion(s), 0 continuation(s) 
[2025-12-18T08:24:50.066+0530][info][gc,marking  ] GC(93) Mark Stack Usage: 32M
[2025-12-18T08:24:50.066+0530][info][gc,nmethod  ] GC(93) NMethods: 616 registered, 68 unregistered
[2025-12-18T08:24:50.066+0530][info][gc,metaspace] GC(93) Metaspace: 3M used, 4M committed, 1088M reserved
[2025-12-18T08:24:50.068+0530][info][gc,ref      ] GC(93) Soft: 157 encountered, 77 discovered, 0 enqueued
[2025-12-18T08:24:50.068+0530][info][gc,ref      ] GC(93) Weak: 539 encountered, 3 discovered, 0 enqueued
[2025-12-18T08:24:50.068+0530][info][gc,ref      ] GC(93) Final: 0 encountered, 0 discovered, 0 enqueued
[2025-12-18T08:24:50.068+0530][info][gc,ref      ] GC(93) Phantom: 7 encountered, 5 discovered, 0 enqueued
[2025-12-18T08:24:50.068+0530][info][gc,reloc    ] GC(93) Small Pages: 193 / 386M, Empty: 108M, Relocated: 1M, In-Place: 0
[2025-12-18T08:24:50.068+0530][info][gc,reloc    ] GC(93) Medium Pages: 1 / 16M, Empty: 0M, Relocated: 0M, In-Place: 0
[2025-12-18T08:24:50.068+0530][info][gc,reloc    ] GC(93) Large Pages: 1 / 6M, Empty: 0M, Relocated: 0M, In-Place: 0
[2025-12-18T08:24:50.068+0530][info][gc,reloc    ] GC(93) Forwarding Usage: 0M
[2025-12-18T08:24:50.068+0530][info][gc,heap     ] GC(93) Min Capacity: 512M(100%)
[2025-12-18T08:24:50.068+0530][info][gc,heap     ] GC(93) Max Capacity: 512M(100%)
[2025-12-18T08:24:50.068+0530][info][gc,heap     ] GC(93) Soft Max Capacity: 512M(100%)
[2025-12-18T08:24:50.068+0530][info][gc,heap     ] GC(93)                Mark Start          Mark End        Relocate Start      Relocate End           High               Low         
[2025-12-18T08:24:50.068+0530][info][gc,heap     ] GC(93)  Capacity:      512M (100%)        512M (100%)        512M (100%)        512M (100%)        512M (100%)        512M (100%)   
[2025-12-18T08:24:50.068+0530][info][gc,heap     ] GC(93)      Free:      104M (20%)           0M (0%)           94M (18%)         126M (25%)         126M (25%)           0M (0%)     
[2025-12-18T08:24:50.068+0530][info][gc,heap     ] GC(93)      Used:      408M (80%)         512M (100%)        418M (82%)         386M (75%)         512M (100%)        386M (75%)    
[2025-12-18T08:24:50.068+0530][info][gc,heap     ] GC(93)      Live:         -               248M (48%)         248M (48%)         248M (48%)            -                  -          
[2025-12-18T08:24:50.068+0530][info][gc,heap     ] GC(93) Allocated:         -               104M (20%)         118M (23%)         117M (23%)            -                  -          
[2025-12-18T08:24:50.068+0530][info][gc,heap     ] GC(93)   Garbage:         -               159M (31%)          51M (10%)          19M (4%)             -                  -          
[2025-12-18T08:24:50.068+0530][info][gc,heap     ] GC(93) Reclaimed:         -                  -               108M (21%)         139M (27%)            -                  -          
[2025-12-18T08:24:50.068+0530][info][gc          ] GC(93) Garbage Collection (Allocation Stall) 408M(80%)->386M(75%)
[2025-12-18T08:24:50.128+0530][info][gc,start    ] GC(94) Garbage Collection (Allocation Stall)
[2025-12-18T08:24:50.128+0530][info][gc,ref      ] GC(94) Clearing All SoftReferences
[2025-12-18T08:24:50.128+0530][info][gc,task     ] GC(94) Using 2 workers
[2025-12-18T08:24:50.128+0530][info][gc,ref      ] GC(94) Clearing All SoftReferences
[2025-12-18T08:24:50.128+0530][info][gc,phases   ] GC(94) Pause Mark Start 0.053ms
[2025-12-18T08:24:50.270+0530][info][gc,phases   ] GC(94) Concurrent Mark 140.167ms
[2025-12-18T08:24:50.270+0530][info][gc,phases   ] GC(94) Pause Mark End 0.106ms
[2025-12-18T08:24:50.270+0530][info][gc,phases   ] GC(94) Concurrent Mark Free 0.001ms
[2025-12-18T08:24:50.270+0530][info][gc,phases   ] GC(94) Concurrent Process Non-Strong References 1.251ms
[2025-12-18T08:24:50.270+0530][info][gc,phases   ] GC(94) Concurrent Reset Relocation Set 0.002ms
[2025-12-18T08:24:50.270+0530][info][gc          ] Allocation Stall (Worker-5) 97.175ms
[2025-12-18T08:24:50.270+0530][info][gc          ] Allocation Stall (Worker-4) 105.436ms
[2025-12-18T08:24:50.270+0530][info][gc          ] Allocation Stall (Worker-6) 97.106ms
[2025-12-18T08:24:50.270+0530][info][gc          ] Allocation Stall (Worker-7) 102.270ms
[2025-12-18T08:24:50.270+0530][info][gc          ] Allocation Stall (Worker-0) 103.071ms
[2025-12-18T08:24:50.270+0530][info][gc          ] Allocation Stall (Worker-2) 101.902ms
[2025-12-18T08:24:50.272+0530][info][gc          ] Allocation Stall (Worker-3) 101.151ms
[2025-12-18T08:24:50.272+0530][info][gc          ] Allocation Stall (Worker-1) 96.750ms
[2025-12-18T08:24:50.274+0530][info][gc,phases   ] GC(94) Concurrent Select Relocation Set 3.665ms
[2025-12-18T08:24:50.274+0530][info][gc,phases   ] GC(94) Pause Relocate Start 0.009ms
[2025-12-18T08:24:50.276+0530][info][gc,phases   ] GC(94) Concurrent Relocate 1.233ms
[2025-12-18T08:24:50.276+0530][info][gc,load     ] GC(94) Load: 0.00/0.00/0.00
[2025-12-18T08:24:50.276+0530][info][gc,mmu      ] GC(94) MMU: 2ms/92.5%, 5ms/97.0%, 10ms/98.5%, 20ms/99.2%, 50ms/99.6%, 100ms/99.8%
[2025-12-18T08:24:50.276+0530][info][gc,marking  ] GC(94) Mark: 2 stripe(s), 2 proactive flush(es), 1 terminate flush(es), 1 completion(s), 0 continuation(s) 
[2025-12-18T08:24:50.276+0530][info][gc,marking  ] GC(94) Mark Stack Usage: 32M
[2025-12-18T08:24:50.276+0530][info][gc,nmethod  ] GC(94) NMethods: 616 registered, 68 unregistered
[2025-12-18T08:24:50.276+0530][info][gc,metaspace] GC(94) Metaspace: 3M used, 4M committed, 1088M reserved
[2025-12-18T08:24:50.276+0530][info][gc,ref      ] GC(94) Soft: 157 encountered, 82 discovered, 0 enqueued
[2025-12-18T08:24:50.276+0530][info][gc,ref      ] GC(94) Weak: 539 encountered, 409 discovered, 0 enqueued
[2025-12-18T08:24:50.276+0530][info][gc,ref      ] GC(94) Final: 0 encountered, 0 discovered, 0 enqueued
[2025-12-18T08:24:50.276+0530][info][gc,ref      ] GC(94) Phantom: 7 encountered, 2 discovered, 0 enqueued
[2025-12-18T08:24:50.276+0530][info][gc,reloc    ] GC(94) Small Pages: 222 / 444M, Empty: 168M, Relocated: 1M, In-Place: 0
[2025-12-18T08:24:50.276+0530][info][gc,reloc    ] GC(94) Medium Pages: 1 / 16M, Empty: 0M, Relocated: 0M, In-Place: 0
[2025-12-18T08:24:50.276+0530][info][gc,reloc    ] GC(94) Large Pages: 1 / 6M, Empty: 0M, Relocated: 0M, In-Place: 0
[2025-12-18T08:24:50.276+0530][info][gc,reloc    ] GC(94) Forwarding Usage: 0M
[2025-12-18T08:24:50.276+0530][info][gc,heap     ] GC(94) Min Capacity: 512M(100%)
[2025-12-18T08:24:50.276+0530][info][gc,heap     ] GC(94) Max Capacity: 512M(100%)
[2025-12-18T08:24:50.276+0530][info][gc,heap     ] GC(94) Soft Max Capacity: 512M(100%)
[2025-12-18T08:24:50.276+0530][info][gc,heap     ] GC(94)                Mark Start          Mark End        Relocate Start      Relocate End           High               Low         
[2025-12-18T08:24:50.276+0530][info][gc,heap     ] GC(94)  Capacity:      512M (100%)        512M (100%)        512M (100%)        512M (100%)        512M (100%)        512M (100%)   
[2025-12-18T08:24:50.276+0530][info][gc,heap     ] GC(94)      Free:       46M (9%)            0M (0%)          154M (30%)         184M (36%)         184M (36%)           0M (0%)     
[2025-12-18T08:24:50.276+0530][info][gc,heap     ] GC(94)      Used:      466M (91%)         512M (100%)        358M (70%)         328M (64%)         512M (100%)        328M (64%)    
[2025-12-18T08:24:50.276+0530][info][gc,heap     ] GC(94)      Live:         -               248M (48%)         248M (48%)         248M (48%)            -                  -          
[2025-12-18T08:24:50.276+0530][info][gc,heap     ] GC(94) Allocated:         -                46M (9%)           60M (12%)          59M (12%)            -                  -          
[2025-12-18T08:24:50.276+0530][info][gc,heap     ] GC(94)   Garbage:         -               217M (43%)          49M (10%)          19M (4%)             -                  -          
[2025-12-18T08:24:50.276+0530][info][gc,heap     ] GC(94) Reclaimed:         -                  -               168M (33%)         197M (39%)            -                  -          
[2025-12-18T08:24:50.276+0530][info][gc          ] GC(94) Garbage Collection (Allocation Stall) 466M(91%)->328M(64%)
[2025-12-18T08:24:50.318+0530][info][gc,start    ] GC(95) Garbage Collection (Allocation Stall)
[2025-12-18T08:24:50.318+0530][info][gc,ref      ] GC(95) Clearing All SoftReferences
[2025-12-18T08:24:50.318+0530][info][gc,task     ] GC(95) Using 2 workers
[2025-12-18T08:24:50.318+0530][info][gc,ref      ] GC(95) Clearing All SoftReferences
[2025-12-18T08:24:50.318+0530][info][gc,phases   ] GC(95) Pause Mark Start 0.041ms
[2025-12-18T08:24:50.461+0530][info][gc,phases   ] GC(95) Concurrent Mark 141.862ms
[2025-12-18T08:24:50.461+0530][info][gc,phases   ] GC(95) Pause Mark End 0.100ms
[2025-12-18T08:24:50.461+0530][info][gc,phases   ] GC(95) Concurrent Mark Free 0.001ms
[2025-12-18T08:24:50.462+0530][info][gc,phases   ] GC(95) Concurrent Process Non-Strong References 1.034ms
[2025-12-18T08:24:50.462+0530][info][gc,phases   ] GC(95) Concurrent Reset Relocation Set 0.002ms
[2025-12-18T08:24:50.464+0530][info][gc          ] Allocation Stall (Worker-4) 28.652ms
[2025-12-18T08:24:50.464+0530][info][gc          ] Allocation Stall (Worker-0) 28.306ms
[2025-12-18T08:24:50.464+0530][info][gc          ] Allocation Stall (Worker-1) 26.023ms
[2025-12-18T08:24:50.464+0530][info][gc          ] Allocation Stall (Worker-3) 34.612ms
[2025-12-18T08:24:50.464+0530][info][gc          ] Allocation Stall (Worker-7) 31.440ms
[2025-12-18T08:24:50.464+0530][info][gc          ] Allocation Stall (Worker-5) 31.241ms
[2025-12-18T08:24:50.464+0530][info][gc          ] Allocation Stall (Worker-6) 30.544ms
[2025-12-18T08:24:50.464+0530][info][gc          ] Allocation Stall (Worker-2) 30.252ms
[2025-12-18T08:24:50.464+0530][info][gc,phases   ] GC(95) Concurrent Select Relocation Set 3.096ms
[2025-12-18T08:24:50.466+0530][info][gc,phases   ] GC(95) Pause Relocate Start 0.011ms
[2025-12-18T08:24:50.468+0530][info][gc,phases   ] GC(95) Concurrent Relocate 1.452ms
[2025-12-18T08:24:50.468+0530][info][gc,load     ] GC(95) Load: 0.00/0.00/0.00
[2025-12-18T08:24:50.468+0530][info][gc,mmu      ] GC(95) MMU: 2ms/92.5%, 5ms/97.0%, 10ms/98.5%, 20ms/99.2%, 50ms/99.6%, 100ms/99.8%
[2025-12-18T08:24:50.468+0530][info][gc,marking  ] GC(95) Mark: 2 stripe(s), 2 proactive flush(es), 1 terminate flush(es), 1 completion(s), 0 continuation(s) 
[2025-12-18T08:24:50.468+0530][info][gc,marking  ] GC(95) Mark Stack Usage: 32M
[2025-12-18T08:24:50.468+0530][info][gc,nmethod  ] GC(95) NMethods: 616 registered, 68 unregistered
[2025-12-18T08:24:50.468+0530][info][gc,metaspace] GC(95) Metaspace: 3M used, 4M committed, 1088M reserved
[2025-12-18T08:24:50.468+0530][info][gc,ref      ] GC(95) Soft: 157 encountered, 77 discovered, 0 enqueued
[2025-12-18T08:24:50.468+0530][info][gc,ref      ] GC(95) Weak: 539 encountered, 3 discovered, 0 enqueued
[2025-12-18T08:24:50.468+0530][info][gc,ref      ] GC(95) Final: 0 encountered, 0 discovered, 0 enqueued
[2025-12-18T08:24:50.468+0530][info][gc,ref      ] GC(95) Phantom: 7 encountered, 5 discovered, 0 enqueued
[2025-12-18T08:24:50.468+0530][info][gc,reloc    ] GC(95) Small Pages: 184 / 368M, Empty: 92M, Relocated: 1M, In-Place: 0
[2025-12-18T08:24:50.468+0530][info][gc,reloc    ] GC(95) Medium Pages: 1 / 16M, Empty: 0M, Relocated: 0M, In-Place: 0
[2025-12-18T08:24:50.468+0530][info][gc,reloc    ] GC(95) Large Pages: 1 / 6M, Empty: 0M, Relocated: 0M, In-Place: 0
[2025-12-18T08:24:50.468+0530][info][gc,reloc    ] GC(95) Forwarding Usage: 0M
[2025-12-18T08:24:50.468+0530][info][gc,heap     ] GC(95) Min Capacity: 512M(100%)
[2025-12-18T08:24:50.468+0530][info][gc,heap     ] GC(95) Max Capacity: 512M(100%)
[2025-12-18T08:24:50.468+0530][info][gc,heap     ] GC(95) Soft Max Capacity: 512M(100%)
[2025-12-18T08:24:50.468+0530][info][gc,heap     ] GC(95)                Mark Start          Mark End        Relocate Start      Relocate End           High               Low         
[2025-12-18T08:24:50.468+0530][info][gc,heap     ] GC(95)  Capacity:      512M (100%)        512M (100%)        512M (100%)        512M (100%)        512M (100%)        512M (100%)   
[2025-12-18T08:24:50.468+0530][info][gc,heap     ] GC(95)      Free:      122M (24%)           0M (0%)           80M (16%)         106M (21%)         122M (24%)           0M (0%)     
[2025-12-18T08:24:50.468+0530][info][gc,heap     ] GC(95)      Used:      390M (76%)         512M (100%)        432M (84%)         406M (79%)         512M (100%)        390M (76%)    
[2025-12-18T08:24:50.470+0530][info][gc,heap     ] GC(95)      Live:         -               248M (48%)         248M (48%)         248M (48%)            -                  -          
[2025-12-18T08:24:50.470+0530][info][gc,heap     ] GC(95) Allocated:         -               122M (24%)         134M (26%)         137M (27%)            -                  -          
[2025-12-18T08:24:50.470+0530][info][gc,heap     ] GC(95)   Garbage:         -               141M (28%)          49M (10%)          19M (4%)             -                  -          
[2025-12-18T08:24:50.470+0530][info][gc,heap     ] GC(95) Reclaimed:         -                  -                92M (18%)         121M (24%)            -                  -          
[2025-12-18T08:24:50.470+0530][info][gc          ] GC(95) Garbage Collection (Allocation Stall) 390M(76%)->406M(79%)
[2025-12-18T08:24:50.524+0530][info][gc,start    ] GC(96) Garbage Collection (Allocation Stall)
[2025-12-18T08:24:50.524+0530][info][gc,ref      ] GC(96) Clearing All SoftReferences
[2025-12-18T08:24:50.524+0530][info][gc,task     ] GC(96) Using 2 workers
[2025-12-18T08:24:50.525+0530][info][gc,ref      ] GC(96) Clearing All SoftReferences
[2025-12-18T08:24:50.525+0530][info][gc,phases   ] GC(96) Pause Mark Start 0.062ms
[2025-12-18T08:24:50.648+0530][info][gc,phases   ] GC(96) Concurrent Mark 122.246ms
[2025-12-18T08:24:50.648+0530][info][gc,phases   ] GC(96) Pause Mark End 0.116ms
[2025-12-18T08:24:50.648+0530][info][gc,phases   ] GC(96) Concurrent Mark Free 0.001ms
[2025-12-18T08:24:50.649+0530][info][gc,phases   ] GC(96) Concurrent Process Non-Strong References 1.116ms
[2025-12-18T08:24:50.649+0530][info][gc,phases   ] GC(96) Concurrent Reset Relocation Set 0.002ms
[2025-12-18T08:24:50.649+0530][info][gc          ] Allocation Stall (Worker-1) 99.916ms
[2025-12-18T08:24:50.649+0530][info][gc          ] Allocation Stall (Worker-6) 99.978ms
[2025-12-18T08:24:50.649+0530][info][gc          ] Allocation Stall (main) 33.044ms
[2025-12-18T08:24:50.649+0530][info][gc          ] Allocation Stall (Worker-4) 103.018ms
[2025-12-18T08:24:50.649+0530][info][gc          ] Allocation Stall (Worker-7) 101.851ms
[2025-12-18T08:24:50.649+0530][info][gc          ] Allocation Stall (Worker-5) 101.733ms
[2025-12-18T08:24:50.649+0530][info][gc          ] Allocation Stall (Worker-2) 101.472ms
[2025-12-18T08:24:50.649+0530][info][gc          ] Allocation Stall (Worker-3) 100.957ms
[2025-12-18T08:24:50.649+0530][info][gc          ] Allocation Stall (Worker-0) 100.376ms
[2025-12-18T08:24:50.653+0530][info][gc,phases   ] GC(96) Concurrent Select Relocation Set 3.728ms
[2025-12-18T08:24:50.653+0530][info][gc,phases   ] GC(96) Pause Relocate Start 0.008ms
[2025-12-18T08:24:50.658+0530][info][gc,phases   ] GC(96) Concurrent Relocate 1.454ms
[2025-12-18T08:24:50.658+0530][info][gc,load     ] GC(96) Load: 0.00/0.00/0.00
[2025-12-18T08:24:50.658+0530][info][gc,mmu      ] GC(96) MMU: 2ms/92.5%, 5ms/97.0%, 10ms/98.5%, 20ms/99.2%, 50ms/99.6%, 100ms/99.8%
[2025-12-18T08:24:50.658+0530][info][gc,marking  ] GC(96) Mark: 2 stripe(s), 2 proactive flush(es), 1 terminate flush(es), 1 completion(s), 0 continuation(s) 
[2025-12-18T08:24:50.658+0530][info][gc,marking  ] GC(96) Mark Stack Usage: 32M
[2025-12-18T08:24:50.658+0530][info][gc,nmethod  ] GC(96) NMethods: 617 registered, 68 unregistered
[2025-12-18T08:24:50.658+0530][info][gc,metaspace] GC(96) Metaspace: 3M used, 4M committed, 1088M reserved
[2025-12-18T08:24:50.658+0530][info][gc,ref      ] GC(96) Soft: 157 encountered, 87 discovered, 0 enqueued
[2025-12-18T08:24:50.658+0530][info][gc,ref      ] GC(96) Weak: 539 encountered, 417 discovered, 0 enqueued
[2025-12-18T08:24:50.658+0530][info][gc,ref      ] GC(96) Final: 0 encountered, 0 discovered, 0 enqueued
[2025-12-18T08:24:50.658+0530][info][gc,ref      ] GC(96) Phantom: 7 encountered, 5 discovered, 0 enqueued
[2025-12-18T08:24:50.658+0530][info][gc,reloc    ] GC(96) Small Pages: 232 / 464M, Empty: 186M, Relocated: 1M, In-Place: 0
[2025-12-18T08:24:50.658+0530][info][gc,reloc    ] GC(96) Medium Pages: 1 / 16M, Empty: 0M, Relocated: 0M, In-Place: 0
[2025-12-18T08:24:50.658+0530][info][gc,reloc    ] GC(96) Large Pages: 1 / 6M, Empty: 0M, Relocated: 0M, In-Place: 0
[2025-12-18T08:24:50.658+0530][info][gc,reloc    ] GC(96) Forwarding Usage: 0M
[2025-12-18T08:24:50.658+0530][info][gc,heap     ] GC(96) Min Capacity: 512M(100%)
[2025-12-18T08:24:50.658+0530][info][gc,heap     ] GC(96) Max Capacity: 512M(100%)
[2025-12-18T08:24:50.658+0530][info][gc,heap     ] GC(96) Soft Max Capacity: 512M(100%)
[2025-12-18T08:24:50.658+0530][info][gc,heap     ] GC(96)                Mark Start          Mark End        Relocate Start      Relocate End           High               Low         
[2025-12-18T08:24:50.658+0530][info][gc,heap     ] GC(96)  Capacity:      512M (100%)        512M (100%)        512M (100%)        512M (100%)        512M (100%)        512M (100%)   
[2025-12-18T08:24:50.658+0530][info][gc,heap     ] GC(96)      Free:       26M (5%)            0M (0%)          172M (34%)         204M (40%)         204M (40%)           0M (0%)     
[2025-12-18T08:24:50.658+0530][info][gc,heap     ] GC(96)      Used:      486M (95%)         512M (100%)        340M (66%)         308M (60%)         512M (100%)        308M (60%)    
[2025-12-18T08:24:50.658+0530][info][gc,heap     ] GC(96)      Live:         -               248M (48%)         248M (48%)         248M (48%)            -                  -          
[2025-12-18T08:24:50.658+0530][info][gc,heap     ] GC(96) Allocated:         -                26M (5%)           40M (8%)           39M (8%)             -                  -          
[2025-12-18T08:24:50.658+0530][info][gc,heap     ] GC(96)   Garbage:         -               237M (46%)          51M (10%)          19M (4%)             -                  -          
[2025-12-18T08:24:50.658+0530][info][gc,heap     ] GC(96) Reclaimed:         -                  -               186M (36%)         217M (43%)            -                  -          
[2025-12-18T08:24:50.658+0530][info][gc          ] GC(96) Garbage Collection (Allocation Stall) 486M(95%)->308M(60%)
[2025-12-18T08:24:50.726+0530][info][gc,start    ] GC(97) Garbage Collection (Allocation Stall)
[2025-12-18T08:24:50.726+0530][info][gc,ref      ] GC(97) Clearing All SoftReferences
[2025-12-18T08:24:50.726+0530][info][gc,task     ] GC(97) Using 2 workers
[2025-12-18T08:24:50.726+0530][info][gc,ref      ] GC(97) Clearing All SoftReferences
[2025-12-18T08:24:50.726+0530][info][gc,phases   ] GC(97) Pause Mark Start 0.040ms
[2025-12-18T08:24:50.868+0530][info][gc,phases   ] GC(97) Concurrent Mark 140.671ms
[2025-12-18T08:24:50.868+0530][info][gc,phases   ] GC(97) Pause Mark End 0.110ms
[2025-12-18T08:24:50.868+0530][info][gc,phases   ] GC(97) Concurrent Mark Free 0.001ms
[2025-12-18T08:24:50.868+0530][info][gc,phases   ] GC(97) Concurrent Process Non-Strong References 1.055ms
[2025-12-18T08:24:50.868+0530][info][gc,phases   ] GC(97) Concurrent Reset Relocation Set 0.002ms
[2025-12-18T08:24:50.872+0530][info][gc          ] Allocation Stall (Worker-0) 41.863ms
[2025-12-18T08:24:50.872+0530][info][gc          ] Allocation Stall (Worker-5) 41.666ms
[2025-12-18T08:24:50.872+0530][info][gc          ] Allocation Stall (Worker-3) 41.439ms
[2025-12-18T08:24:50.872+0530][info][gc          ] Allocation Stall (Worker-6) 40.564ms
[2025-12-18T08:24:50.872+0530][info][gc          ] Allocation Stall (Worker-1) 49.337ms
[2025-12-18T08:24:50.872+0530][info][gc          ] Allocation Stall (Worker-7) 44.252ms
[2025-12-18T08:24:50.872+0530][info][gc          ] Allocation Stall (Worker-2) 43.864ms
[2025-12-18T08:24:50.872+0530][info][gc          ] Allocation Stall (Worker-4) 43.823ms
[2025-12-18T08:24:50.872+0530][info][gc,phases   ] GC(97) Concurrent Select Relocation Set 3.058ms
[2025-12-18T08:24:50.872+0530][info][gc,phases   ] GC(97) Pause Relocate Start 0.010ms
[2025-12-18T08:24:50.876+0530][info][gc,phases   ] GC(97) Concurrent Relocate 1.450ms
[2025-12-18T08:24:50.876+0530][info][gc,load     ] GC(97) Load: 0.00/0.00/0.00
[2025-12-18T08:24:50.876+0530][info][gc,mmu      ] GC(97) MMU: 2ms/92.5%, 5ms/97.0%, 10ms/98.5%, 20ms/99.2%, 50ms/99.6%, 100ms/99.8%
[2025-12-18T08:24:50.876+0530][info][gc,marking  ] GC(97) Mark: 2 stripe(s), 2 proactive flush(es), 1 terminate flush(es), 1 completion(s), 0 continuation(s) 
[2025-12-18T08:24:50.876+0530][info][gc,marking  ] GC(97) Mark Stack Usage: 32M
[2025-12-18T08:24:50.876+0530][info][gc,nmethod  ] GC(97) NMethods: 619 registered, 68 unregistered
[2025-12-18T08:24:50.876+0530][info][gc,metaspace] GC(97) Metaspace: 3M used, 4M committed, 1088M reserved
[2025-12-18T08:24:50.876+0530][info][gc,ref      ] GC(97) Soft: 157 encountered, 77 discovered, 0 enqueued
[2025-12-18T08:24:50.876+0530][info][gc,ref      ] GC(97) Weak: 539 encountered, 4 discovered, 0 enqueued
[2025-12-18T08:24:50.876+0530][info][gc,ref      ] GC(97) Final: 0 encountered, 0 discovered, 0 enqueued
[2025-12-18T08:24:50.876+0530][info][gc,ref      ] GC(97) Phantom: 7 encountered, 3 discovered, 0 enqueued
[2025-12-18T08:24:50.876+0530][info][gc,reloc    ] GC(97) Small Pages: 192 / 384M, Empty: 106M, Relocated: 1M, In-Place: 0
[2025-12-18T08:24:50.876+0530][info][gc,reloc    ] GC(97) Medium Pages: 1 / 16M, Empty: 0M, Relocated: 0M, In-Place: 0
[2025-12-18T08:24:50.876+0530][info][gc,reloc    ] GC(97) Large Pages: 1 / 6M, Empty: 0M, Relocated: 0M, In-Place: 0
[2025-12-18T08:24:50.876+0530][info][gc,reloc    ] GC(97) Forwarding Usage: 0M
[2025-12-18T08:24:50.876+0530][info][gc,heap     ] GC(97) Min Capacity: 512M(100%)
[2025-12-18T08:24:50.876+0530][info][gc,heap     ] GC(97) Max Capacity: 512M(100%)
[2025-12-18T08:24:50.876+0530][info][gc,heap     ] GC(97) Soft Max Capacity: 512M(100%)
[2025-12-18T08:24:50.876+0530][info][gc,heap     ] GC(97)                Mark Start          Mark End        Relocate Start      Relocate End           High               Low         
[2025-12-18T08:24:50.876+0530][info][gc,heap     ] GC(97)  Capacity:      512M (100%)        512M (100%)        512M (100%)        512M (100%)        512M (100%)        512M (100%)   
[2025-12-18T08:24:50.876+0530][info][gc,heap     ] GC(97)      Free:      106M (21%)           0M (0%)           92M (18%)         124M (24%)         124M (24%)           0M (0%)     
[2025-12-18T08:24:50.876+0530][info][gc,heap     ] GC(97)      Used:      406M (79%)         512M (100%)        420M (82%)         388M (76%)         512M (100%)        388M (76%)    
[2025-12-18T08:24:50.876+0530][info][gc,heap     ] GC(97)      Live:         -               248M (48%)         248M (48%)         248M (48%)            -                  -          
[2025-12-18T08:24:50.876+0530][info][gc,heap     ] GC(97) Allocated:         -               106M (21%)         120M (23%)         119M (23%)            -                  -          
[2025-12-18T08:24:50.876+0530][info][gc,heap     ] GC(97)   Garbage:         -               157M (31%)          51M (10%)          19M (4%)             -                  -          
[2025-12-18T08:24:50.876+0530][info][gc,heap     ] GC(97) Reclaimed:         -                  -               106M (21%)         137M (27%)            -                  -          
[2025-12-18T08:24:50.876+0530][info][gc          ] GC(97) Garbage Collection (Allocation Stall) 406M(79%)->388M(76%)
[2025-12-18T08:24:50.931+0530][info][gc,start    ] GC(98) Garbage Collection (Allocation Stall)
[2025-12-18T08:24:50.931+0530][info][gc,ref      ] GC(98) Clearing All SoftReferences
[2025-12-18T08:24:50.931+0530][info][gc,task     ] GC(98) Using 2 workers
[2025-12-18T08:24:50.931+0530][info][gc,ref      ] GC(98) Clearing All SoftReferences
[2025-12-18T08:24:50.931+0530][info][gc,phases   ] GC(98) Pause Mark Start 0.046ms
[2025-12-18T08:24:51.058+0530][info][gc,phases   ] GC(98) Concurrent Mark 126.118ms
[2025-12-18T08:24:51.058+0530][info][gc,phases   ] GC(98) Pause Mark End 0.093ms
[2025-12-18T08:24:51.058+0530][info][gc,phases   ] GC(98) Concurrent Mark Free 0.001ms
[2025-12-18T08:24:51.058+0530][info][gc,phases   ] GC(98) Concurrent Process Non-Strong References 0.997ms
[2025-12-18T08:24:51.058+0530][info][gc,phases   ] GC(98) Concurrent Reset Relocation Set 0.002ms
[2025-12-18T08:24:51.058+0530][info][gc          ] Allocation Stall (Worker-4) 81.077ms
[2025-12-18T08:24:51.058+0530][info][gc          ] Allocation Stall (Worker-7) 81.876ms
[2025-12-18T08:24:51.058+0530][info][gc          ] Allocation Stall (Worker-2) 79.039ms
[2025-12-18T08:24:51.058+0530][info][gc          ] Allocation Stall (Worker-6) 78.963ms
[2025-12-18T08:24:51.058+0530][info][gc          ] Allocation Stall (Worker-0) 86.114ms
[2025-12-18T08:24:51.058+0530][info][gc          ] Allocation Stall (Worker-3) 86.868ms
[2025-12-18T08:24:51.058+0530][info][gc          ] Allocation Stall (Worker-5) 86.269ms
[2025-12-18T08:24:51.058+0530][info][gc          ] Allocation Stall (Worker-1) 85.590ms
[2025-12-18T08:24:51.062+0530][info][gc,phases   ] GC(98) Concurrent Select Relocation Set 3.640ms
[2025-12-18T08:24:51.062+0530][info][gc,phases   ] GC(98) Pause Relocate Start 0.012ms
[2025-12-18T08:24:51.064+0530][info][gc,phases   ] GC(98) Concurrent Relocate 1.269ms
[2025-12-18T08:24:51.064+0530][info][gc,load     ] GC(98) Load: 0.00/0.00/0.00
[2025-12-18T08:24:51.064+0530][info][gc,mmu      ] GC(98) MMU: 2ms/92.5%, 5ms/97.0%, 10ms/98.5%, 20ms/99.2%, 50ms/99.6%, 100ms/99.8%
[2025-12-18T08:24:51.064+0530][info][gc,marking  ] GC(98) Mark: 2 stripe(s), 2 proactive flush(es), 1 terminate flush(es), 1 completion(s), 0 continuation(s) 
[2025-12-18T08:24:51.064+0530][info][gc,marking  ] GC(98) Mark Stack Usage: 32M
[2025-12-18T08:24:51.064+0530][info][gc,nmethod  ] GC(98) NMethods: 619 registered, 68 unregistered
[2025-12-18T08:24:51.064+0530][info][gc,metaspace] GC(98) Metaspace: 3M used, 4M committed, 1088M reserved
[2025-12-18T08:24:51.064+0530][info][gc,ref      ] GC(98) Soft: 157 encountered, 78 discovered, 0 enqueued
[2025-12-18T08:24:51.064+0530][info][gc,ref      ] GC(98) Weak: 539 encountered, 4 discovered, 0 enqueued
[2025-12-18T08:24:51.064+0530][info][gc,ref      ] GC(98) Final: 0 encountered, 0 discovered, 0 enqueued
[2025-12-18T08:24:51.064+0530][info][gc,ref      ] GC(98) Phantom: 7 encountered, 3 discovered, 0 enqueued
[2025-12-18T08:24:51.064+0530][info][gc,reloc    ] GC(98) Small Pages: 223 / 446M, Empty: 170M, Relocated: 1M, In-Place: 0
[2025-12-18T08:24:51.064+0530][info][gc,reloc    ] GC(98) Medium Pages: 1 / 16M, Empty: 0M, Relocated: 0M, In-Place: 0
[2025-12-18T08:24:51.064+0530][info][gc,reloc    ] GC(98) Large Pages: 1 / 6M, Empty: 0M, Relocated: 0M, In-Place: 0
[2025-12-18T08:24:51.064+0530][info][gc,reloc    ] GC(98) Forwarding Usage: 0M
[2025-12-18T08:24:51.064+0530][info][gc,heap     ] GC(98) Min Capacity: 512M(100%)
[2025-12-18T08:24:51.064+0530][info][gc,heap     ] GC(98) Max Capacity: 512M(100%)
[2025-12-18T08:24:51.064+0530][info][gc,heap     ] GC(98) Soft Max Capacity: 512M(100%)
[2025-12-18T08:24:51.064+0530][info][gc,heap     ] GC(98)                Mark Start          Mark End        Relocate Start      Relocate End           High               Low         
[2025-12-18T08:24:51.064+0530][info][gc,heap     ] GC(98)  Capacity:      512M (100%)        512M (100%)        512M (100%)        512M (100%)        512M (100%)        512M (100%)   
[2025-12-18T08:24:51.064+0530][info][gc,heap     ] GC(98)      Free:       44M (9%)            0M (0%)          156M (30%)         186M (36%)         186M (36%)           0M (0%)     
[2025-12-18T08:24:51.064+0530][info][gc,heap     ] GC(98)      Used:      468M (91%)         512M (100%)        356M (70%)         326M (64%)         512M (100%)        326M (64%)    
[2025-12-18T08:24:51.064+0530][info][gc,heap     ] GC(98)      Live:         -               248M (48%)         248M (48%)         248M (48%)            -                  -          
[2025-12-18T08:24:51.064+0530][info][gc,heap     ] GC(98) Allocated:         -                44M (9%)           58M (11%)          57M (11%)            -                  -          
[2025-12-18T08:24:51.064+0530][info][gc,heap     ] GC(98)   Garbage:         -               219M (43%)          49M (10%)          19M (4%)             -                  -          
[2025-12-18T08:24:51.064+0530][info][gc,heap     ] GC(98) Reclaimed:         -                  -               170M (33%)         199M (39%)            -                  -          
[2025-12-18T08:24:51.064+0530][info][gc          ] GC(98) Garbage Collection (Allocation Stall) 468M(91%)->326M(64%)
[2025-12-18T08:24:51.127+0530][info][gc,start    ] GC(99) Garbage Collection (Allocation Stall)
[2025-12-18T08:24:51.127+0530][info][gc,ref      ] GC(99) Clearing All SoftReferences
[2025-12-18T08:24:51.127+0530][info][gc,task     ] GC(99) Using 2 workers
[2025-12-18T08:24:51.127+0530][info][gc,ref      ] GC(99) Clearing All SoftReferences
[2025-12-18T08:24:51.127+0530][info][gc,phases   ] GC(99) Pause Mark Start 0.047ms
[2025-12-18T08:24:51.269+0530][info][gc,phases   ] GC(99) Concurrent Mark 140.777ms
[2025-12-18T08:24:51.269+0530][info][gc,phases   ] GC(99) Pause Mark End 0.019ms
[2025-12-18T08:24:51.269+0530][info][gc,phases   ] GC(99) Concurrent Mark Free 0.001ms
[2025-12-18T08:24:51.269+0530][info][gc,phases   ] GC(99) Concurrent Process Non-Strong References 1.027ms
[2025-12-18T08:24:51.269+0530][info][gc,phases   ] GC(99) Concurrent Reset Relocation Set 0.002ms
[2025-12-18T08:24:51.274+0530][info][gc          ] Allocation Stall (Worker-5) 36.759ms
[2025-12-18T08:24:51.274+0530][info][gc          ] Allocation Stall (Worker-6) 36.507ms
[2025-12-18T08:24:51.274+0530][info][gc          ] Allocation Stall (Worker-2) 34.524ms
[2025-12-18T08:24:51.274+0530][info][gc          ] Allocation Stall (Worker-3) 44.153ms
[2025-12-18T08:24:51.274+0530][info][gc          ] Allocation Stall (Worker-0) 40.459ms
[2025-12-18T08:24:51.274+0530][info][gc          ] Allocation Stall (Worker-1) 39.754ms
[2025-12-18T08:24:51.274+0530][info][gc          ] Allocation Stall (Worker-7) 36.909ms
[2025-12-18T08:24:51.274+0530][info][gc          ] Allocation Stall (Worker-4) 37.900ms
[2025-12-18T08:24:51.274+0530][info][gc,phases   ] GC(99) Concurrent Select Relocation Set 2.970ms
[2025-12-18T08:24:51.275+0530][info][gc,phases   ] GC(99) Pause Relocate Start 0.010ms
[2025-12-18T08:24:51.277+0530][info][gc,phases   ] GC(99) Concurrent Relocate 1.451ms
[2025-12-18T08:24:51.277+0530][info][gc,load     ] GC(99) Load: 0.00/0.00/0.00
[2025-12-18T08:24:51.277+0530][info][gc,mmu      ] GC(99) MMU: 2ms/92.5%, 5ms/97.0%, 10ms/98.5%, 20ms/99.2%, 50ms/99.6%, 100ms/99.8%
[2025-12-18T08:24:51.277+0530][info][gc,marking  ] GC(99) Mark: 2 stripe(s), 2 proactive flush(es), 1 terminate flush(es), 0 completion(s), 0 continuation(s) 
[2025-12-18T08:24:51.277+0530][info][gc,marking  ] GC(99) Mark Stack Usage: 32M
[2025-12-18T08:24:51.277+0530][info][gc,nmethod  ] GC(99) NMethods: 619 registered, 68 unregistered
[2025-12-18T08:24:51.277+0530][info][gc,metaspace] GC(99) Metaspace: 3M used, 4M committed, 1088M reserved
[2025-12-18T08:24:51.277+0530][info][gc,ref      ] GC(99) Soft: 157 encountered, 89 discovered, 0 enqueued
[2025-12-18T08:24:51.277+0530][info][gc,ref      ] GC(99) Weak: 539 encountered, 405 discovered, 0 enqueued
[2025-12-18T08:24:51.277+0530][info][gc,ref      ] GC(99) Final: 0 encountered, 0 discovered, 0 enqueued
[2025-12-18T08:24:51.277+0530][info][gc,ref      ] GC(99) Phantom: 7 encountered, 3 discovered, 0 enqueued
[2025-12-18T08:24:51.277+0530][info][gc,reloc    ] GC(99) Small Pages: 187 / 374M, Empty: 96M, Relocated: 1M, In-Place: 0
[2025-12-18T08:24:51.277+0530][info][gc,reloc    ] GC(99) Medium Pages: 1 / 16M, Empty: 0M, Relocated: 0M, In-Place: 0
[2025-12-18T08:24:51.277+0530][info][gc,reloc    ] GC(99) Large Pages: 1 / 6M, Empty: 0M, Relocated: 0M, In-Place: 0
[2025-12-18T08:24:51.277+0530][info][gc,reloc    ] GC(99) Forwarding Usage: 0M
[2025-12-18T08:24:51.277+0530][info][gc,heap     ] GC(99) Min Capacity: 512M(100%)
[2025-12-18T08:24:51.277+0530][info][gc,heap     ] GC(99) Max Capacity: 512M(100%)
[2025-12-18T08:24:51.277+0530][info][gc,heap     ] GC(99) Soft Max Capacity: 512M(100%)
[2025-12-18T08:24:51.277+0530][info][gc,heap     ] GC(99)                Mark Start          Mark End        Relocate Start      Relocate End           High               Low         
[2025-12-18T08:24:51.277+0530][info][gc,heap     ] GC(99)  Capacity:      512M (100%)        512M (100%)        512M (100%)        512M (100%)        512M (100%)        512M (100%)   
[2025-12-18T08:24:51.277+0530][info][gc,heap     ] GC(99)      Free:      116M (23%)           0M (0%)           82M (16%)         114M (22%)         116M (23%)           0M (0%)     
[2025-12-18T08:24:51.277+0530][info][gc,heap     ] GC(99)      Used:      396M (77%)         512M (100%)        430M (84%)         398M (78%)         512M (100%)        396M (77%)    
[2025-12-18T08:24:51.277+0530][info][gc,heap     ] GC(99)      Live:         -               248M (48%)         248M (48%)         248M (48%)            -                  -          
[2025-12-18T08:24:51.277+0530][info][gc,heap     ] GC(99) Allocated:         -               116M (23%)         130M (25%)         129M (25%)            -                  -          
[2025-12-18T08:24:51.277+0530][info][gc,heap     ] GC(99)   Garbage:         -               147M (29%)          51M (10%)          19M (4%)             -                  -          
[2025-12-18T08:24:51.277+0530][info][gc,heap     ] GC(99) Reclaimed:         -                  -                96M (19%)         127M (25%)            -                  -          
[2025-12-18T08:24:51.277+0530][info][gc          ] GC(99) Garbage Collection (Allocation Stall) 396M(77%)->398M(78%)
[2025-12-18T08:24:51.332+0530][info][gc,start    ] GC(100) Garbage Collection (Allocation Stall)
[2025-12-18T08:24:51.332+0530][info][gc,ref      ] GC(100) Clearing All SoftReferences
[2025-12-18T08:24:51.332+0530][info][gc,task     ] GC(100) Using 2 workers
[2025-12-18T08:24:51.332+0530][info][gc,ref      ] GC(100) Clearing All SoftReferences
[2025-12-18T08:24:51.332+0530][info][gc,phases   ] GC(100) Pause Mark Start 0.073ms
[2025-12-18T08:24:51.474+0530][info][gc,phases   ] GC(100) Concurrent Mark 140.474ms
[2025-12-18T08:24:51.474+0530][info][gc,phases   ] GC(100) Pause Mark End 0.020ms
[2025-12-18T08:24:51.474+0530][info][gc,phases   ] GC(100) Concurrent Mark Free 0.002ms
[2025-12-18T08:24:51.474+0530][info][gc,phases   ] GC(100) Concurrent Process Non-Strong References 1.136ms
[2025-12-18T08:24:51.474+0530][info][gc,phases   ] GC(100) Concurrent Reset Relocation Set 0.002ms
[2025-12-18T08:24:51.474+0530][info][gc          ] Allocation Stall (Worker-3) 74.573ms
[2025-12-18T08:24:51.474+0530][info][gc          ] Allocation Stall (Worker-1) 71.872ms
[2025-12-18T08:24:51.474+0530][info][gc          ] Allocation Stall (Worker-7) 69.723ms
[2025-12-18T08:24:51.474+0530][info][gc          ] Allocation Stall (JFR Periodic Tasks) 33.360ms
[2025-12-18T08:24:51.474+0530][info][gc          ] Allocation Stall (Worker-6) 80.650ms
[2025-12-18T08:24:51.474+0530][info][gc          ] Allocation Stall (Worker-5) 80.079ms
[2025-12-18T08:24:51.474+0530][info][gc          ] Allocation Stall (Worker-2) 79.573ms
[2025-12-18T08:24:51.474+0530][info][gc          ] Allocation Stall (Worker-0) 79.189ms
[2025-12-18T08:24:51.474+0530][info][gc          ] Allocation Stall (Worker-4) 74.834ms
[2025-12-18T08:24:51.479+0530][info][gc,phases   ] GC(100) Concurrent Select Relocation Set 3.790ms
[2025-12-18T08:24:51.479+0530][info][gc,phases   ] GC(100) Pause Relocate Start 0.011ms
[2025-12-18T08:24:51.481+0530][info][gc,phases   ] GC(100) Concurrent Relocate 1.242ms
[2025-12-18T08:24:51.481+0530][info][gc,load     ] GC(100) Load: 0.00/0.00/0.00
[2025-12-18T08:24:51.481+0530][info][gc,mmu      ] GC(100) MMU: 2ms/92.5%, 5ms/97.0%, 10ms/98.5%, 20ms/99.2%, 50ms/99.6%, 100ms/99.8%
[2025-12-18T08:24:51.481+0530][info][gc,marking  ] GC(100) Mark: 2 stripe(s), 2 proactive flush(es), 1 terminate flush(es), 0 completion(s), 0 continuation(s) 
[2025-12-18T08:24:51.481+0530][info][gc,marking  ] GC(100) Mark Stack Usage: 32M
[2025-12-18T08:24:51.481+0530][info][gc,nmethod  ] GC(100) NMethods: 619 registered, 68 unregistered
[2025-12-18T08:24:51.481+0530][info][gc,metaspace] GC(100) Metaspace: 3M used, 4M committed, 1088M reserved
[2025-12-18T08:24:51.481+0530][info][gc,ref      ] GC(100) Soft: 157 encountered, 77 discovered, 0 enqueued
[2025-12-18T08:24:51.481+0530][info][gc,ref      ] GC(100) Weak: 539 encountered, 384 discovered, 0 enqueued
[2025-12-18T08:24:51.481+0530][info][gc,ref      ] GC(100) Final: 0 encountered, 0 discovered, 0 enqueued
[2025-12-18T08:24:51.481+0530][info][gc,ref      ] GC(100) Phantom: 7 encountered, 3 discovered, 0 enqueued
[2025-12-18T08:24:51.481+0530][info][gc,reloc    ] GC(100) Small Pages: 220 / 440M, Empty: 162M, Relocated: 1M, In-Place: 0
[2025-12-18T08:24:51.481+0530][info][gc,reloc    ] GC(100) Medium Pages: 1 / 16M, Empty: 0M, Relocated: 0M, In-Place: 0
[2025-12-18T08:24:51.481+0530][info][gc,reloc    ] GC(100) Large Pages: 1 / 6M, Empty: 0M, Relocated: 0M, In-Place: 0
[2025-12-18T08:24:51.481+0530][info][gc,reloc    ] GC(100) Forwarding Usage: 0M
[2025-12-18T08:24:51.481+0530][info][gc,heap     ] GC(100) Min Capacity: 512M(100%)
[2025-12-18T08:24:51.481+0530][info][gc,heap     ] GC(100) Max Capacity: 512M(100%)
[2025-12-18T08:24:51.481+0530][info][gc,heap     ] GC(100) Soft Max Capacity: 512M(100%)
[2025-12-18T08:24:51.481+0530][info][gc,heap     ] GC(100)                Mark Start          Mark End        Relocate Start      Relocate End           High               Low         
[2025-12-18T08:24:51.481+0530][info][gc,heap     ] GC(100)  Capacity:      512M (100%)        512M (100%)        512M (100%)        512M (100%)        512M (100%)        512M (100%)   
[2025-12-18T08:24:51.481+0530][info][gc,heap     ] GC(100)      Free:       50M (10%)           0M (0%)          146M (29%)         178M (35%)         178M (35%)           0M (0%)     
[2025-12-18T08:24:51.481+0530][info][gc,heap     ] GC(100)      Used:      462M (90%)         512M (100%)        366M (71%)         334M (65%)         512M (100%)        334M (65%)    
[2025-12-18T08:24:51.481+0530][info][gc,heap     ] GC(100)      Live:         -               248M (48%)         248M (48%)         248M (48%)            -                  -          
[2025-12-18T08:24:51.481+0530][info][gc,heap     ] GC(100) Allocated:         -                50M (10%)          66M (13%)          65M (13%)            -                  -          
[2025-12-18T08:24:51.481+0530][info][gc,heap     ] GC(100)   Garbage:         -               213M (42%)          51M (10%)          19M (4%)             -                  -          
[2025-12-18T08:24:51.481+0530][info][gc,heap     ] GC(100) Reclaimed:         -                  -               162M (32%)         193M (38%)            -                  -          
[2025-12-18T08:24:51.481+0530][info][gc          ] GC(100) Garbage Collection (Allocation Stall) 462M(90%)->334M(65%)
[2025-12-18T08:24:51.521+0530][info][gc,start    ] GC(101) Garbage Collection (Allocation Stall)
[2025-12-18T08:24:51.521+0530][info][gc,ref      ] GC(101) Clearing All SoftReferences
[2025-12-18T08:24:51.521+0530][info][gc,task     ] GC(101) Using 2 workers
[2025-12-18T08:24:51.521+0530][info][gc,ref      ] GC(101) Clearing All SoftReferences
[2025-12-18T08:24:51.521+0530][info][gc,phases   ] GC(101) Pause Mark Start 0.071ms
[2025-12-18T08:24:51.673+0530][info][gc,phases   ] GC(101) Concurrent Mark 150.189ms
[2025-12-18T08:24:51.673+0530][info][gc,phases   ] GC(101) Pause Mark End 0.018ms
[2025-12-18T08:24:51.673+0530][info][gc,phases   ] GC(101) Concurrent Mark Free 0.001ms
[2025-12-18T08:24:51.673+0530][info][gc,phases   ] GC(101) Concurrent Process Non-Strong References 0.993ms
[2025-12-18T08:24:51.673+0530][info][gc,phases   ] GC(101) Concurrent Reset Relocation Set 0.002ms
[2025-12-18T08:24:51.677+0530][info][gc          ] Allocation Stall (Worker-5) 16.296ms
[2025-12-18T08:24:51.677+0530][info][gc          ] Allocation Stall (Worker-0) 13.882ms
[2025-12-18T08:24:51.677+0530][info][gc          ] Allocation Stall (Worker-3) 13.028ms
[2025-12-18T08:24:51.677+0530][info][gc          ] Allocation Stall (Worker-4) 13.273ms
[2025-12-18T08:24:51.677+0530][info][gc          ] Allocation Stall (Worker-6) 22.167ms
[2025-12-18T08:24:51.677+0530][info][gc          ] Allocation Stall (Worker-1) 21.258ms
[2025-12-18T08:24:51.677+0530][info][gc          ] Allocation Stall (Worker-7) 18.591ms
[2025-12-18T08:24:51.677+0530][info][gc          ] Allocation Stall (Worker-2) 16.773ms
[2025-12-18T08:24:51.677+0530][info][gc,phases   ] GC(101) Concurrent Select Relocation Set 3.056ms
[2025-12-18T08:24:51.677+0530][info][gc,phases   ] GC(101) Pause Relocate Start 0.010ms
[2025-12-18T08:24:51.681+0530][info][gc,phases   ] GC(101) Concurrent Relocate 1.567ms
[2025-12-18T08:24:51.681+0530][info][gc,load     ] GC(101) Load: 0.00/0.00/0.00
[2025-12-18T08:24:51.681+0530][info][gc,mmu      ] GC(101) MMU: 2ms/92.5%, 5ms/97.0%, 10ms/98.5%, 20ms/99.2%, 50ms/99.6%, 100ms/99.8%
[2025-12-18T08:24:51.681+0530][info][gc,marking  ] GC(101) Mark: 2 stripe(s), 2 proactive flush(es), 1 terminate flush(es), 0 completion(s), 0 continuation(s) 
[2025-12-18T08:24:51.681+0530][info][gc,marking  ] GC(101) Mark Stack Usage: 32M
[2025-12-18T08:24:51.681+0530][info][gc,nmethod  ] GC(101) NMethods: 619 registered, 68 unregistered
[2025-12-18T08:24:51.681+0530][info][gc,metaspace] GC(101) Metaspace: 3M used, 4M committed, 1088M reserved
[2025-12-18T08:24:51.681+0530][info][gc,ref      ] GC(101) Soft: 157 encountered, 88 discovered, 0 enqueued
[2025-12-18T08:24:51.681+0530][info][gc,ref      ] GC(101) Weak: 539 encountered, 408 discovered, 0 enqueued
[2025-12-18T08:24:51.681+0530][info][gc,ref      ] GC(101) Final: 0 encountered, 0 discovered, 0 enqueued
[2025-12-18T08:24:51.681+0530][info][gc,ref      ] GC(101) Phantom: 7 encountered, 3 discovered, 0 enqueued
[2025-12-18T08:24:51.681+0530][info][gc,reloc    ] GC(101) Small Pages: 180 / 360M, Empty: 84M, Relocated: 1M, In-Place: 0
[2025-12-18T08:24:51.681+0530][info][gc,reloc    ] GC(101) Medium Pages: 1 / 16M, Empty: 0M, Relocated: 0M, In-Place: 0
[2025-12-18T08:24:51.681+0530][info][gc,reloc    ] GC(101) Large Pages: 1 / 6M, Empty: 0M, Relocated: 0M, In-Place: 0
[2025-12-18T08:24:51.681+0530][info][gc,reloc    ] GC(101) Forwarding Usage: 0M
[2025-12-18T08:24:51.681+0530][info][gc,heap     ] GC(101) Min Capacity: 512M(100%)
[2025-12-18T08:24:51.681+0530][info][gc,heap     ] GC(101) Max Capacity: 512M(100%)
[2025-12-18T08:24:51.681+0530][info][gc,heap     ] GC(101) Soft Max Capacity: 512M(100%)
[2025-12-18T08:24:51.681+0530][info][gc,heap     ] GC(101)                Mark Start          Mark End        Relocate Start      Relocate End           High               Low         
[2025-12-18T08:24:51.681+0530][info][gc,heap     ] GC(101)  Capacity:      512M (100%)        512M (100%)        512M (100%)        512M (100%)        512M (100%)        512M (100%)   
[2025-12-18T08:24:51.681+0530][info][gc,heap     ] GC(101)      Free:      130M (25%)           0M (0%)           70M (14%)         100M (20%)         130M (25%)           0M (0%)     
[2025-12-18T08:24:51.681+0530][info][gc,heap     ] GC(101)      Used:      382M (75%)         512M (100%)        442M (86%)         412M (80%)         512M (100%)        382M (75%)    
[2025-12-18T08:24:51.681+0530][info][gc,heap     ] GC(101)      Live:         -               248M (48%)         248M (48%)         248M (48%)            -                  -          
[2025-12-18T08:24:51.681+0530][info][gc,heap     ] GC(101) Allocated:         -               130M (25%)         144M (28%)         143M (28%)            -                  -          
[2025-12-18T08:24:51.681+0530][info][gc,heap     ] GC(101)   Garbage:         -               133M (26%)          49M (10%)          19M (4%)             -                  -          
[2025-12-18T08:24:51.681+0530][info][gc,heap     ] GC(101) Reclaimed:         -                  -                84M (16%)         113M (22%)            -                  -          
[2025-12-18T08:24:51.681+0530][info][gc          ] GC(101) Garbage Collection (Allocation Stall) 382M(75%)->412M(80%)
[2025-12-18T08:24:51.720+0530][info][gc,start    ] GC(102) Garbage Collection (Allocation Stall)
[2025-12-18T08:24:51.720+0530][info][gc,ref      ] GC(102) Clearing All SoftReferences
[2025-12-18T08:24:51.720+0530][info][gc,task     ] GC(102) Using 2 workers
[2025-12-18T08:24:51.720+0530][info][gc,ref      ] GC(102) Clearing All SoftReferences
[2025-12-18T08:24:51.720+0530][info][gc,phases   ] GC(102) Pause Mark Start 0.067ms
[2025-12-18T08:24:51.847+0530][info][gc,phases   ] GC(102) Concurrent Mark 124.703ms
[2025-12-18T08:24:51.847+0530][info][gc,phases   ] GC(102) Pause Mark End 0.150ms
[2025-12-18T08:24:51.847+0530][info][gc,phases   ] GC(102) Concurrent Mark Free 0.002ms
[2025-12-18T08:24:51.847+0530][info][gc,phases   ] GC(102) Concurrent Process Non-Strong References 1.012ms
[2025-12-18T08:24:51.847+0530][info][gc,phases   ] GC(102) Concurrent Reset Relocation Set 0.002ms
[2025-12-18T08:24:51.847+0530][info][gc          ] Allocation Stall (Worker-7) 70.058ms
[2025-12-18T08:24:51.847+0530][info][gc          ] Allocation Stall (Worker-1) 68.521ms
[2025-12-18T08:24:51.847+0530][info][gc          ] Allocation Stall (Worker-5) 68.800ms
[2025-12-18T08:24:51.847+0530][info][gc          ] Allocation Stall (Worker-6) 77.996ms
[2025-12-18T08:24:51.847+0530][info][gc          ] Allocation Stall (Worker-2) 77.782ms
[2025-12-18T08:24:51.847+0530][info][gc          ] Allocation Stall (Worker-3) 76.504ms
[2025-12-18T08:24:51.847+0530][info][gc          ] Allocation Stall (Worker-0) 74.797ms
[2025-12-18T08:24:51.847+0530][info][gc          ] Allocation Stall (Worker-4) 70.621ms
[2025-12-18T08:24:51.851+0530][info][gc,phases   ] GC(102) Concurrent Select Relocation Set 3.609ms
[2025-12-18T08:24:51.851+0530][info][gc,phases   ] GC(102) Pause Relocate Start 0.009ms
[2025-12-18T08:24:51.853+0530][info][gc,phases   ] GC(102) Concurrent Relocate 1.423ms
[2025-12-18T08:24:51.855+0530][info][gc,load     ] GC(102) Load: 0.00/0.00/0.00
[2025-12-18T08:24:51.855+0530][info][gc,mmu      ] GC(102) MMU: 2ms/92.5%, 5ms/97.0%, 10ms/98.4%, 20ms/99.2%, 50ms/99.6%, 100ms/99.8%
[2025-12-18T08:24:51.855+0530][info][gc,marking  ] GC(102) Mark: 2 stripe(s), 2 proactive flush(es), 1 terminate flush(es), 1 completion(s), 0 continuation(s) 
[2025-12-18T08:24:51.855+0530][info][gc,marking  ] GC(102) Mark Stack Usage: 32M
[2025-12-18T08:24:51.855+0530][info][gc,nmethod  ] GC(102) NMethods: 620 registered, 69 unregistered
[2025-12-18T08:24:51.855+0530][info][gc,metaspace] GC(102) Metaspace: 3M used, 4M committed, 1088M reserved
[2025-12-18T08:24:51.855+0530][info][gc,ref      ] GC(102) Soft: 157 encountered, 77 discovered, 0 enqueued
[2025-12-18T08:24:51.855+0530][info][gc,ref      ] GC(102) Weak: 539 encountered, 3 discovered, 0 enqueued
[2025-12-18T08:24:51.855+0530][info][gc,ref      ] GC(102) Final: 0 encountered, 0 discovered, 0 enqueued
[2025-12-18T08:24:51.855+0530][info][gc,ref      ] GC(102) Phantom: 7 encountered, 5 discovered, 0 enqueued
[2025-12-18T08:24:51.855+0530][info][gc,reloc    ] GC(102) Small Pages: 218 / 436M, Empty: 160M, Relocated: 1M, In-Place: 0
[2025-12-18T08:24:51.855+0530][info][gc,reloc    ] GC(102) Medium Pages: 1 / 16M, Empty: 0M, Relocated: 0M, In-Place: 0
[2025-12-18T08:24:51.855+0530][info][gc,reloc    ] GC(102) Large Pages: 1 / 6M, Empty: 0M, Relocated: 0M, In-Place: 0
[2025-12-18T08:24:51.855+0530][info][gc,reloc    ] GC(102) Forwarding Usage: 0M
[2025-12-18T08:24:51.855+0530][info][gc,heap     ] GC(102) Min Capacity: 512M(100%)
[2025-12-18T08:24:51.855+0530][info][gc,heap     ] GC(102) Max Capacity: 512M(100%)
[2025-12-18T08:24:51.855+0530][info][gc,heap     ] GC(102) Soft Max Capacity: 512M(100%)
[2025-12-18T08:24:51.855+0530][info][gc,heap     ] GC(102)                Mark Start          Mark End        Relocate Start      Relocate End           High               Low         
[2025-12-18T08:24:51.855+0530][info][gc,heap     ] GC(102)  Capacity:      512M (100%)        512M (100%)        512M (100%)        512M (100%)        512M (100%)        512M (100%)   
[2025-12-18T08:24:51.855+0530][info][gc,heap     ] GC(102)      Free:       54M (11%)           0M (0%)          148M (29%)         176M (34%)         176M (34%)           0M (0%)     
[2025-12-18T08:24:51.855+0530][info][gc,heap     ] GC(102)      Used:      458M (89%)         512M (100%)        364M (71%)         336M (66%)         512M (100%)        336M (66%)    
[2025-12-18T08:24:51.855+0530][info][gc,heap     ] GC(102)      Live:         -               248M (48%)         248M (48%)         248M (48%)            -                  -          
[2025-12-18T08:24:51.855+0530][info][gc,heap     ] GC(102) Allocated:         -                54M (11%)          66M (13%)          67M (13%)            -                  -          
[2025-12-18T08:24:51.855+0530][info][gc,heap     ] GC(102)   Garbage:         -               209M (41%)          49M (10%)          19M (4%)             -                  -          
[2025-12-18T08:24:51.855+0530][info][gc,heap     ] GC(102) Reclaimed:         -                  -               160M (31%)         189M (37%)            -                  -          
[2025-12-18T08:24:51.855+0530][info][gc          ] GC(102) Garbage Collection (Allocation Stall) 458M(89%)->336M(66%)
[2025-12-18T08:24:51.926+0530][info][gc,start    ] GC(103) Garbage Collection (Allocation Stall)
[2025-12-18T08:24:51.926+0530][info][gc,ref      ] GC(103) Clearing All SoftReferences
[2025-12-18T08:24:51.926+0530][info][gc,task     ] GC(103) Using 2 workers
[2025-12-18T08:24:51.926+0530][info][gc,ref      ] GC(103) Clearing All SoftReferences
[2025-12-18T08:24:51.926+0530][info][gc,phases   ] GC(103) Pause Mark Start 0.088ms
[2025-12-18T08:24:52.068+0530][info][gc,phases   ] GC(103) Concurrent Mark 141.595ms
[2025-12-18T08:24:52.068+0530][info][gc,phases   ] GC(103) Pause Mark End 0.106ms
[2025-12-18T08:24:52.068+0530][info][gc,phases   ] GC(103) Concurrent Mark Free 0.001ms
[2025-12-18T08:24:52.068+0530][info][gc,phases   ] GC(103) Concurrent Process Non-Strong References 1.125ms
[2025-12-18T08:24:52.068+0530][info][gc,phases   ] GC(103) Concurrent Reset Relocation Set 0.002ms
[2025-12-18T08:24:52.070+0530][info][gc          ] Allocation Stall (Worker-4) 75.503ms
[2025-12-18T08:24:52.070+0530][info][gc          ] Allocation Stall (Worker-2) 74.885ms
[2025-12-18T08:24:52.070+0530][info][gc          ] Allocation Stall (Worker-1) 70.935ms
[2025-12-18T08:24:52.070+0530][info][gc          ] Allocation Stall (Worker-3) 79.994ms
[2025-12-18T08:24:52.070+0530][info][gc          ] Allocation Stall (Worker-0) 79.035ms
[2025-12-18T08:24:52.070+0530][info][gc          ] Allocation Stall (Worker-7) 78.650ms
[2025-12-18T08:24:52.070+0530][info][gc          ] Allocation Stall (Worker-6) 78.010ms
[2025-12-18T08:24:52.070+0530][info][gc          ] Allocation Stall (Worker-5) 78.052ms
[2025-12-18T08:24:52.074+0530][info][gc,phases   ] GC(103) Concurrent Select Relocation Set 4.303ms
[2025-12-18T08:24:52.074+0530][info][gc,phases   ] GC(103) Pause Relocate Start 0.013ms
[2025-12-18T08:24:52.076+0530][info][gc,phases   ] GC(103) Concurrent Relocate 1.499ms
[2025-12-18T08:24:52.076+0530][info][gc,load     ] GC(103) Load: 0.00/0.00/0.00
[2025-12-18T08:24:52.076+0530][info][gc,mmu      ] GC(103) MMU: 2ms/92.5%, 5ms/97.0%, 10ms/98.4%, 20ms/99.2%, 50ms/99.6%, 100ms/99.8%
[2025-12-18T08:24:52.076+0530][info][gc,marking  ] GC(103) Mark: 2 stripe(s), 2 proactive flush(es), 1 terminate flush(es), 1 completion(s), 0 continuation(s) 
[2025-12-18T08:24:52.076+0530][info][gc,marking  ] GC(103) Mark Stack Usage: 32M
[2025-12-18T08:24:52.076+0530][info][gc,nmethod  ] GC(103) NMethods: 620 registered, 69 unregistered
[2025-12-18T08:24:52.076+0530][info][gc,metaspace] GC(103) Metaspace: 3M used, 4M committed, 1088M reserved
[2025-12-18T08:24:52.076+0530][info][gc,ref      ] GC(103) Soft: 157 encountered, 87 discovered, 0 enqueued
[2025-12-18T08:24:52.076+0530][info][gc,ref      ] GC(103) Weak: 539 encountered, 417 discovered, 0 enqueued
[2025-12-18T08:24:52.076+0530][info][gc,ref      ] GC(103) Final: 0 encountered, 0 discovered, 0 enqueued
[2025-12-18T08:24:52.076+0530][info][gc,ref      ] GC(103) Phantom: 7 encountered, 5 discovered, 0 enqueued
[2025-12-18T08:24:52.076+0530][info][gc,reloc    ] GC(103) Small Pages: 213 / 426M, Empty: 146M, Relocated: 1M, In-Place: 0
[2025-12-18T08:24:52.076+0530][info][gc,reloc    ] GC(103) Medium Pages: 1 / 16M, Empty: 0M, Relocated: 0M, In-Place: 0
[2025-12-18T08:24:52.076+0530][info][gc,reloc    ] GC(103) Large Pages: 1 / 6M, Empty: 0M, Relocated: 0M, In-Place: 0
[2025-12-18T08:24:52.076+0530][info][gc,reloc    ] GC(103) Forwarding Usage: 0M
[2025-12-18T08:24:52.076+0530][info][gc,heap     ] GC(103) Min Capacity: 512M(100%)
[2025-12-18T08:24:52.076+0530][info][gc,heap     ] GC(103) Max Capacity: 512M(100%)
[2025-12-18T08:24:52.076+0530][info][gc,heap     ] GC(103) Soft Max Capacity: 512M(100%)
[2025-12-18T08:24:52.076+0530][info][gc,heap     ] GC(103)                Mark Start          Mark End        Relocate Start      Relocate End           High               Low         
[2025-12-18T08:24:52.076+0530][info][gc,heap     ] GC(103)  Capacity:      512M (100%)        512M (100%)        512M (100%)        512M (100%)        512M (100%)        512M (100%)   
[2025-12-18T08:24:52.076+0530][info][gc,heap     ] GC(103)      Free:       64M (12%)           0M (0%)          134M (26%)         168M (33%)         168M (33%)           0M (0%)     
[2025-12-18T08:24:52.076+0530][info][gc,heap     ] GC(103)      Used:      448M (88%)         512M (100%)        378M (74%)         344M (67%)         512M (100%)        344M (67%)    
[2025-12-18T08:24:52.076+0530][info][gc,heap     ] GC(103)      Live:         -               248M (48%)         248M (48%)         248M (48%)            -                  -          
[2025-12-18T08:24:52.076+0530][info][gc,heap     ] GC(103) Allocated:         -                64M (12%)          76M (15%)          75M (15%)            -                  -          
[2025-12-18T08:24:52.076+0530][info][gc,heap     ] GC(103)   Garbage:         -               199M (39%)          53M (11%)          19M (4%)             -                  -          
[2025-12-18T08:24:52.076+0530][info][gc,heap     ] GC(103) Reclaimed:         -                  -               146M (29%)         179M (35%)            -                  -          
[2025-12-18T08:24:52.076+0530][info][gc          ] GC(103) Garbage Collection (Allocation Stall) 448M(88%)->344M(67%)
[2025-12-18T08:24:52.122+0530][info][gc,start    ] GC(104) Garbage Collection (Allocation Stall)
[2025-12-18T08:24:52.122+0530][info][gc,ref      ] GC(104) Clearing All SoftReferences
[2025-12-18T08:24:52.122+0530][info][gc,task     ] GC(104) Using 2 workers
[2025-12-18T08:24:52.122+0530][info][gc,ref      ] GC(104) Clearing All SoftReferences
[2025-12-18T08:24:52.122+0530][info][gc,phases   ] GC(104) Pause Mark Start 0.085ms
[2025-12-18T08:24:52.264+0530][info][gc,phases   ] GC(104) Concurrent Mark 139.809ms
[2025-12-18T08:24:52.264+0530][info][gc,phases   ] GC(104) Pause Mark End 0.021ms
[2025-12-18T08:24:52.264+0530][info][gc,phases   ] GC(104) Concurrent Mark Free 0.002ms
[2025-12-18T08:24:52.264+0530][info][gc,phases   ] GC(104) Concurrent Process Non-Strong References 1.064ms
[2025-12-18T08:24:52.264+0530][info][gc,phases   ] GC(104) Concurrent Reset Relocation Set 0.002ms
[2025-12-18T08:24:52.268+0530][info][gc          ] Allocation Stall (Worker-2) 32.325ms
[2025-12-18T08:24:52.268+0530][info][gc          ] Allocation Stall (Worker-7) 32.716ms
[2025-12-18T08:24:52.268+0530][info][gc          ] Allocation Stall (Worker-1) 32.169ms
[2025-12-18T08:24:52.268+0530][info][gc          ] Allocation Stall (Worker-0) 30.972ms
[2025-12-18T08:24:52.268+0530][info][gc          ] Allocation Stall (Worker-6) 40.489ms
[2025-12-18T08:24:52.268+0530][info][gc          ] Allocation Stall (Worker-5) 36.909ms
[2025-12-18T08:24:52.268+0530][info][gc          ] Allocation Stall (Worker-4) 33.728ms
[2025-12-18T08:24:52.268+0530][info][gc          ] Allocation Stall (Worker-3) 36.188ms
[2025-12-18T08:24:52.268+0530][info][gc,phases   ] GC(104) Concurrent Select Relocation Set 3.024ms
[2025-12-18T08:24:52.268+0530][info][gc,phases   ] GC(104) Pause Relocate Start 0.012ms
[2025-12-18T08:24:52.272+0530][info][gc,phases   ] GC(104) Concurrent Relocate 1.432ms
[2025-12-18T08:24:52.272+0530][info][gc,load     ] GC(104) Load: 0.00/0.00/0.00
[2025-12-18T08:24:52.272+0530][info][gc,mmu      ] GC(104) MMU: 2ms/92.5%, 5ms/97.0%, 10ms/98.4%, 20ms/99.2%, 50ms/99.6%, 100ms/99.8%
[2025-12-18T08:24:52.272+0530][info][gc,marking  ] GC(104) Mark: 2 stripe(s), 2 proactive flush(es), 1 terminate flush(es), 0 completion(s), 0 continuation(s) 
[2025-12-18T08:24:52.272+0530][info][gc,marking  ] GC(104) Mark Stack Usage: 32M
[2025-12-18T08:24:52.272+0530][info][gc,nmethod  ] GC(104) NMethods: 620 registered, 69 unregistered
[2025-12-18T08:24:52.272+0530][info][gc,metaspace] GC(104) Metaspace: 3M used, 4M committed, 1088M reserved
[2025-12-18T08:24:52.272+0530][info][gc,ref      ] GC(104) Soft: 157 encountered, 89 discovered, 0 enqueued
[2025-12-18T08:24:52.272+0530][info][gc,ref      ] GC(104) Weak: 539 encountered, 404 discovered, 0 enqueued
[2025-12-18T08:24:52.272+0530][info][gc,ref      ] GC(104) Final: 0 encountered, 0 discovered, 0 enqueued
[2025-12-18T08:24:52.272+0530][info][gc,ref      ] GC(104) Phantom: 7 encountered, 3 discovered, 0 enqueued
[2025-12-18T08:24:52.272+0530][info][gc,reloc    ] GC(104) Small Pages: 186 / 372M, Empty: 96M, Relocated: 1M, In-Place: 0
[2025-12-18T08:24:52.272+0530][info][gc,reloc    ] GC(104) Medium Pages: 1 / 16M, Empty: 0M, Relocated: 0M, In-Place: 0
[2025-12-18T08:24:52.272+0530][info][gc,reloc    ] GC(104) Large Pages: 1 / 6M, Empty: 0M, Relocated: 0M, In-Place: 0
[2025-12-18T08:24:52.272+0530][info][gc,reloc    ] GC(104) Forwarding Usage: 0M
[2025-12-18T08:24:52.272+0530][info][gc,heap     ] GC(104) Min Capacity: 512M(100%)
[2025-12-18T08:24:52.272+0530][info][gc,heap     ] GC(104) Max Capacity: 512M(100%)
[2025-12-18T08:24:52.272+0530][info][gc,heap     ] GC(104) Soft Max Capacity: 512M(100%)
[2025-12-18T08:24:52.272+0530][info][gc,heap     ] GC(104)                Mark Start          Mark End        Relocate Start      Relocate End           High               Low         
[2025-12-18T08:24:52.272+0530][info][gc,heap     ] GC(104)  Capacity:      512M (100%)        512M (100%)        512M (100%)        512M (100%)        512M (100%)        512M (100%)   
[2025-12-18T08:24:52.272+0530][info][gc,heap     ] GC(104)      Free:      118M (23%)           0M (0%)           80M (16%)         110M (21%)         118M (23%)           0M (0%)     
[2025-12-18T08:24:52.272+0530][info][gc,heap     ] GC(104)      Used:      394M (77%)         512M (100%)        432M (84%)         402M (79%)         512M (100%)        394M (77%)    
[2025-12-18T08:24:52.272+0530][info][gc,heap     ] GC(104)      Live:         -               248M (48%)         248M (48%)         248M (48%)            -                  -          
[2025-12-18T08:24:52.272+0530][info][gc,heap     ] GC(104) Allocated:         -               118M (23%)         134M (26%)         133M (26%)            -                  -          
[2025-12-18T08:24:52.272+0530][info][gc,heap     ] GC(104)   Garbage:         -               145M (29%)          49M (10%)          19M (4%)             -                  -          
[2025-12-18T08:24:52.272+0530][info][gc,heap     ] GC(104) Reclaimed:         -                  -                96M (19%)         125M (25%)            -                  -          
[2025-12-18T08:24:52.272+0530][info][gc          ] GC(104) Garbage Collection (Allocation Stall) 394M(77%)->402M(79%)
[2025-12-18T08:24:52.326+0530][info][gc,start    ] GC(105) Garbage Collection (Allocation Stall)
[2025-12-18T08:24:52.326+0530][info][gc,ref      ] GC(105) Clearing All SoftReferences
[2025-12-18T08:24:52.326+0530][info][gc,task     ] GC(105) Using 2 workers
[2025-12-18T08:24:52.326+0530][info][gc,ref      ] GC(105) Clearing All SoftReferences
[2025-12-18T08:24:52.326+0530][info][gc,phases   ] GC(105) Pause Mark Start 0.058ms
[2025-12-18T08:24:52.451+0530][info][gc,phases   ] GC(105) Concurrent Mark 124.261ms
[2025-12-18T08:24:52.451+0530][info][gc,phases   ] GC(105) Pause Mark End 0.101ms
[2025-12-18T08:24:52.451+0530][info][gc,phases   ] GC(105) Concurrent Mark Free 0.001ms
[2025-12-18T08:24:52.451+0530][info][gc,phases   ] GC(105) Concurrent Process Non-Strong References 0.987ms
[2025-12-18T08:24:52.451+0530][info][gc,phases   ] GC(105) Concurrent Reset Relocation Set 0.002ms
[2025-12-18T08:24:52.451+0530][info][gc          ] Allocation Stall (Worker-4) 83.490ms
[2025-12-18T08:24:52.451+0530][info][gc          ] Allocation Stall (Worker-0) 78.798ms
[2025-12-18T08:24:52.451+0530][info][gc          ] Allocation Stall (Worker-6) 82.153ms
[2025-12-18T08:24:52.451+0530][info][gc          ] Allocation Stall (Worker-3) 76.232ms
[2025-12-18T08:24:52.451+0530][info][gc          ] Allocation Stall (Worker-1) 85.389ms
[2025-12-18T08:24:52.451+0530][info][gc          ] Allocation Stall (Worker-5) 85.103ms
[2025-12-18T08:24:52.451+0530][info][gc          ] Allocation Stall (Worker-7) 84.067ms
[2025-12-18T08:24:52.451+0530][info][gc          ] Allocation Stall (Worker-2) 83.894ms
[2025-12-18T08:24:52.455+0530][info][gc,phases   ] GC(105) Concurrent Select Relocation Set 3.652ms
[2025-12-18T08:24:52.455+0530][info][gc,phases   ] GC(105) Pause Relocate Start 0.012ms
[2025-12-18T08:24:52.457+0530][info][gc,phases   ] GC(105) Concurrent Relocate 1.328ms
[2025-12-18T08:24:52.457+0530][info][gc,load     ] GC(105) Load: 0.00/0.00/0.00
[2025-12-18T08:24:52.457+0530][info][gc,mmu      ] GC(105) MMU: 2ms/92.5%, 5ms/97.0%, 10ms/98.4%, 20ms/99.2%, 50ms/99.6%, 100ms/99.8%
[2025-12-18T08:24:52.457+0530][info][gc,marking  ] GC(105) Mark: 2 stripe(s), 2 proactive flush(es), 1 terminate flush(es), 1 completion(s), 0 continuation(s) 
[2025-12-18T08:24:52.457+0530][info][gc,marking  ] GC(105) Mark Stack Usage: 32M
[2025-12-18T08:24:52.457+0530][info][gc,nmethod  ] GC(105) NMethods: 620 registered, 69 unregistered
[2025-12-18T08:24:52.457+0530][info][gc,metaspace] GC(105) Metaspace: 3M used, 4M committed, 1088M reserved
[2025-12-18T08:24:52.457+0530][info][gc,ref      ] GC(105) Soft: 157 encountered, 77 discovered, 0 enqueued
[2025-12-18T08:24:52.457+0530][info][gc,ref      ] GC(105) Weak: 539 encountered, 4 discovered, 0 enqueued
[2025-12-18T08:24:52.457+0530][info][gc,ref      ] GC(105) Final: 0 encountered, 0 discovered, 0 enqueued
[2025-12-18T08:24:52.457+0530][info][gc,ref      ] GC(105) Phantom: 7 encountered, 6 discovered, 0 enqueued
[2025-12-18T08:24:52.457+0530][info][gc,reloc    ] GC(105) Small Pages: 225 / 450M, Empty: 172M, Relocated: 1M, In-Place: 0
[2025-12-18T08:24:52.457+0530][info][gc,reloc    ] GC(105) Medium Pages: 1 / 16M, Empty: 0M, Relocated: 0M, In-Place: 0
[2025-12-18T08:24:52.457+0530][info][gc,reloc    ] GC(105) Large Pages: 1 / 6M, Empty: 0M, Relocated: 0M, In-Place: 0
[2025-12-18T08:24:52.457+0530][info][gc,reloc    ] GC(105) Forwarding Usage: 0M
[2025-12-18T08:24:52.457+0530][info][gc,heap     ] GC(105) Min Capacity: 512M(100%)
[2025-12-18T08:24:52.457+0530][info][gc,heap     ] GC(105) Max Capacity: 512M(100%)
[2025-12-18T08:24:52.457+0530][info][gc,heap     ] GC(105) Soft Max Capacity: 512M(100%)
[2025-12-18T08:24:52.457+0530][info][gc,heap     ] GC(105)                Mark Start          Mark End        Relocate Start      Relocate End           High               Low         
[2025-12-18T08:24:52.457+0530][info][gc,heap     ] GC(105)  Capacity:      512M (100%)        512M (100%)        512M (100%)        512M (100%)        512M (100%)        512M (100%)   
[2025-12-18T08:24:52.457+0530][info][gc,heap     ] GC(105)      Free:       40M (8%)            0M (0%)          160M (31%)         192M (38%)         192M (38%)           0M (0%)     
[2025-12-18T08:24:52.457+0530][info][gc,heap     ] GC(105)      Used:      472M (92%)         512M (100%)        352M (69%)         320M (62%)         512M (100%)        320M (62%)    
[2025-12-18T08:24:52.457+0530][info][gc,heap     ] GC(105)      Live:         -               248M (48%)         248M (48%)         248M (48%)            -                  -          
[2025-12-18T08:24:52.457+0530][info][gc,heap     ] GC(105) Allocated:         -                40M (8%)           52M (10%)          51M (10%)            -                  -          
[2025-12-18T08:24:52.457+0530][info][gc,heap     ] GC(105)   Garbage:         -               223M (44%)          51M (10%)          19M (4%)             -                  -          
[2025-12-18T08:24:52.457+0530][info][gc,heap     ] GC(105) Reclaimed:         -                  -               172M (34%)         203M (40%)            -                  -          
[2025-12-18T08:24:52.457+0530][info][gc          ] GC(105) Garbage Collection (Allocation Stall) 472M(92%)->320M(62%)
[2025-12-18T08:24:52.531+0530][info][gc,start    ] GC(106) Garbage Collection (Allocation Stall)
[2025-12-18T08:24:52.531+0530][info][gc,ref      ] GC(106) Clearing All SoftReferences
[2025-12-18T08:24:52.531+0530][info][gc,task     ] GC(106) Using 2 workers
[2025-12-18T08:24:52.531+0530][info][gc,ref      ] GC(106) Clearing All SoftReferences
[2025-12-18T08:24:52.531+0530][info][gc,phases   ] GC(106) Pause Mark Start 0.066ms
[2025-12-18T08:24:52.672+0530][info][gc,phases   ] GC(106) Concurrent Mark 138.191ms
[2025-12-18T08:24:52.672+0530][info][gc,phases   ] GC(106) Pause Mark End 0.119ms
[2025-12-18T08:24:52.672+0530][info][gc,phases   ] GC(106) Concurrent Mark Free 0.001ms
[2025-12-18T08:24:52.672+0530][info][gc,phases   ] GC(106) Concurrent Process Non-Strong References 0.949ms
[2025-12-18T08:24:52.672+0530][info][gc,phases   ] GC(106) Concurrent Reset Relocation Set 0.002ms
[2025-12-18T08:24:52.672+0530][info][gc          ] Allocation Stall (Worker-2) 61.971ms
[2025-12-18T08:24:52.672+0530][info][gc          ] Allocation Stall (Worker-6) 61.786ms
[2025-12-18T08:24:52.672+0530][info][gc          ] Allocation Stall (Worker-4) 61.513ms
[2025-12-18T08:24:52.672+0530][info][gc          ] Allocation Stall (Worker-3) 68.654ms
[2025-12-18T08:24:52.672+0530][info][gc          ] Allocation Stall (Worker-1) 68.586ms
[2025-12-18T08:24:52.672+0530][info][gc          ] Allocation Stall (Worker-7) 67.598ms
[2025-12-18T08:24:52.672+0530][info][gc          ] Allocation Stall (Worker-5) 64.615ms
[2025-12-18T08:24:52.672+0530][info][gc          ] Allocation Stall (Worker-0) 64.671ms
[2025-12-18T08:24:52.676+0530][info][gc,phases   ] GC(106) Concurrent Select Relocation Set 3.734ms
[2025-12-18T08:24:52.676+0530][info][gc,phases   ] GC(106) Pause Relocate Start 0.009ms
[2025-12-18T08:24:52.678+0530][info][gc,phases   ] GC(106) Concurrent Relocate 1.463ms
[2025-12-18T08:24:52.678+0530][info][gc,load     ] GC(106) Load: 0.00/0.00/0.00
[2025-12-18T08:24:52.678+0530][info][gc,mmu      ] GC(106) MMU: 2ms/92.5%, 5ms/97.0%, 10ms/98.4%, 20ms/99.2%, 50ms/99.6%, 100ms/99.8%
[2025-12-18T08:24:52.678+0530][info][gc,marking  ] GC(106) Mark: 2 stripe(s), 2 proactive flush(es), 1 terminate flush(es), 1 completion(s), 0 continuation(s) 
[2025-12-18T08:24:52.678+0530][info][gc,marking  ] GC(106) Mark Stack Usage: 32M
[2025-12-18T08:24:52.678+0530][info][gc,nmethod  ] GC(106) NMethods: 620 registered, 69 unregistered
[2025-12-18T08:24:52.678+0530][info][gc,metaspace] GC(106) Metaspace: 3M used, 4M committed, 1088M reserved
[2025-12-18T08:24:52.680+0530][info][gc,ref      ] GC(106) Soft: 157 encountered, 77 discovered, 0 enqueued
[2025-12-18T08:24:52.680+0530][info][gc,ref      ] GC(106) Weak: 539 encountered, 7 discovered, 0 enqueued
[2025-12-18T08:24:52.680+0530][info][gc,ref      ] GC(106) Final: 0 encountered, 0 discovered, 0 enqueued
[2025-12-18T08:24:52.680+0530][info][gc,ref      ] GC(106) Phantom: 7 encountered, 6 discovered, 0 enqueued
[2025-12-18T08:24:52.680+0530][info][gc,reloc    ] GC(106) Small Pages: 203 / 406M, Empty: 132M, Relocated: 1M, In-Place: 0
[2025-12-18T08:24:52.680+0530][info][gc,reloc    ] GC(106) Medium Pages: 1 / 16M, Empty: 0M, Relocated: 0M, In-Place: 0
[2025-12-18T08:24:52.680+0530][info][gc,reloc    ] GC(106) Large Pages: 1 / 6M, Empty: 0M, Relocated: 0M, In-Place: 0
[2025-12-18T08:24:52.680+0530][info][gc,reloc    ] GC(106) Forwarding Usage: 0M
[2025-12-18T08:24:52.680+0530][info][gc,heap     ] GC(106) Min Capacity: 512M(100%)
[2025-12-18T08:24:52.680+0530][info][gc,heap     ] GC(106) Max Capacity: 512M(100%)
[2025-12-18T08:24:52.680+0530][info][gc,heap     ] GC(106) Soft Max Capacity: 512M(100%)
[2025-12-18T08:24:52.680+0530][info][gc,heap     ] GC(106)                Mark Start          Mark End        Relocate Start      Relocate End           High               Low         
[2025-12-18T08:24:52.680+0530][info][gc,heap     ] GC(106)  Capacity:      512M (100%)        512M (100%)        512M (100%)        512M (100%)        512M (100%)        512M (100%)   
[2025-12-18T08:24:52.680+0530][info][gc,heap     ] GC(106)      Free:       84M (16%)           0M (0%)          118M (23%)         146M (29%)         146M (29%)           0M (0%)     
[2025-12-18T08:24:52.680+0530][info][gc,heap     ] GC(106)      Used:      428M (84%)         512M (100%)        394M (77%)         366M (71%)         512M (100%)        366M (71%)    
[2025-12-18T08:24:52.680+0530][info][gc,heap     ] GC(106)      Live:         -               248M (48%)         248M (48%)         248M (48%)            -                  -          
[2025-12-18T08:24:52.680+0530][info][gc,heap     ] GC(106) Allocated:         -                84M (16%)          98M (19%)          97M (19%)            -                  -          
[2025-12-18T08:24:52.680+0530][info][gc,heap     ] GC(106)   Garbage:         -               179M (35%)          47M (9%)           19M (4%)             -                  -          
[2025-12-18T08:24:52.680+0530][info][gc,heap     ] GC(106) Reclaimed:         -                  -               132M (26%)         159M (31%)            -                  -          
[2025-12-18T08:24:52.680+0530][info][gc          ] GC(106) Garbage Collection (Allocation Stall) 428M(84%)->366M(71%)
[2025-12-18T08:24:52.719+0530][info][gc,start    ] GC(107) Garbage Collection (Allocation Stall)
[2025-12-18T08:24:52.719+0530][info][gc,ref      ] GC(107) Clearing All SoftReferences
[2025-12-18T08:24:52.719+0530][info][gc,task     ] GC(107) Using 2 workers
[2025-12-18T08:24:52.719+0530][info][gc,ref      ] GC(107) Clearing All SoftReferences
[2025-12-18T08:24:52.719+0530][info][gc,phases   ] GC(107) Pause Mark Start 0.073ms
[2025-12-18T08:24:52.863+0530][info][gc,phases   ] GC(107) Concurrent Mark 143.042ms
[2025-12-18T08:24:52.863+0530][info][gc,phases   ] GC(107) Pause Mark End 0.097ms
[2025-12-18T08:24:52.863+0530][info][gc,phases   ] GC(107) Concurrent Mark Free 0.002ms
[2025-12-18T08:24:52.863+0530][info][gc,phases   ] GC(107) Concurrent Process Non-Strong References 1.006ms
[2025-12-18T08:24:52.863+0530][info][gc,phases   ] GC(107) Concurrent Reset Relocation Set 0.002ms
[2025-12-18T08:24:52.867+0530][info][gc          ] Allocation Stall (Worker-3) 50.876ms
[2025-12-18T08:24:52.867+0530][info][gc          ] Allocation Stall (Worker-6) 53.304ms
[2025-12-18T08:24:52.867+0530][info][gc          ] Allocation Stall (Worker-4) 53.240ms
[2025-12-18T08:24:52.867+0530][info][gc          ] Allocation Stall (Worker-7) 50.797ms
[2025-12-18T08:24:52.867+0530][info][gc          ] Allocation Stall (Worker-1) 59.098ms
[2025-12-18T08:24:52.867+0530][info][gc          ] Allocation Stall (Worker-5) 55.593ms
[2025-12-18T08:24:52.867+0530][info][gc          ] Allocation Stall (Worker-2) 56.670ms
[2025-12-18T08:24:52.867+0530][info][gc          ] Allocation Stall (Worker-0) 54.478ms
[2025-12-18T08:24:52.867+0530][info][gc,phases   ] GC(107) Concurrent Select Relocation Set 3.046ms
[2025-12-18T08:24:52.868+0530][info][gc,phases   ] GC(107) Pause Relocate Start 0.009ms
[2025-12-18T08:24:52.870+0530][info][gc,phases   ] GC(107) Concurrent Relocate 1.504ms
[2025-12-18T08:24:52.870+0530][info][gc,load     ] GC(107) Load: 0.00/0.00/0.00
[2025-12-18T08:24:52.870+0530][info][gc,mmu      ] GC(107) MMU: 2ms/92.5%, 5ms/97.0%, 10ms/98.4%, 20ms/99.2%, 50ms/99.6%, 100ms/99.8%
[2025-12-18T08:24:52.870+0530][info][gc,marking  ] GC(107) Mark: 2 stripe(s), 2 proactive flush(es), 1 terminate flush(es), 1 completion(s), 0 continuation(s) 
[2025-12-18T08:24:52.870+0530][info][gc,marking  ] GC(107) Mark Stack Usage: 32M
[2025-12-18T08:24:52.870+0530][info][gc,nmethod  ] GC(107) NMethods: 624 registered, 69 unregistered
[2025-12-18T08:24:52.870+0530][info][gc,metaspace] GC(107) Metaspace: 3M used, 4M committed, 1088M reserved
[2025-12-18T08:24:52.870+0530][info][gc,ref      ] GC(107) Soft: 157 encountered, 82 discovered, 0 enqueued
[2025-12-18T08:24:52.870+0530][info][gc,ref      ] GC(107) Weak: 539 encountered, 417 discovered, 0 enqueued
[2025-12-18T08:24:52.870+0530][info][gc,ref      ] GC(107) Final: 0 encountered, 0 discovered, 0 enqueued
[2025-12-18T08:24:52.870+0530][info][gc,ref      ] GC(107) Phantom: 7 encountered, 2 discovered, 0 enqueued
[2025-12-18T08:24:52.870+0530][info][gc,reloc    ] GC(107) Small Pages: 200 / 400M, Empty: 122M, Relocated: 1M, In-Place: 0
[2025-12-18T08:24:52.870+0530][info][gc,reloc    ] GC(107) Medium Pages: 1 / 16M, Empty: 0M, Relocated: 0M, In-Place: 0
[2025-12-18T08:24:52.870+0530][info][gc,reloc    ] GC(107) Large Pages: 1 / 6M, Empty: 0M, Relocated: 0M, In-Place: 0
[2025-12-18T08:24:52.870+0530][info][gc,reloc    ] GC(107) Forwarding Usage: 0M
[2025-12-18T08:24:52.870+0530][info][gc,heap     ] GC(107) Min Capacity: 512M(100%)
[2025-12-18T08:24:52.870+0530][info][gc,heap     ] GC(107) Max Capacity: 512M(100%)
[2025-12-18T08:24:52.870+0530][info][gc,heap     ] GC(107) Soft Max Capacity: 512M(100%)
[2025-12-18T08:24:52.870+0530][info][gc,heap     ] GC(107)                Mark Start          Mark End        Relocate Start      Relocate End           High               Low         
[2025-12-18T08:24:52.870+0530][info][gc,heap     ] GC(107)  Capacity:      512M (100%)        512M (100%)        512M (100%)        512M (100%)        512M (100%)        512M (100%)   
[2025-12-18T08:24:52.870+0530][info][gc,heap     ] GC(107)      Free:       90M (18%)           0M (0%)          106M (21%)         138M (27%)         138M (27%)           0M (0%)     
[2025-12-18T08:24:52.870+0530][info][gc,heap     ] GC(107)      Used:      422M (82%)         512M (100%)        406M (79%)         374M (73%)         512M (100%)        374M (73%)    
[2025-12-18T08:24:52.870+0530][info][gc,heap     ] GC(107)      Live:         -               248M (48%)         248M (48%)         248M (48%)            -                  -          
[2025-12-18T08:24:52.870+0530][info][gc,heap     ] GC(107) Allocated:         -                90M (18%)         106M (21%)         105M (21%)            -                  -          
[2025-12-18T08:24:52.870+0530][info][gc,heap     ] GC(107)   Garbage:         -               173M (34%)          51M (10%)          19M (4%)             -                  -          
[2025-12-18T08:24:52.870+0530][info][gc,heap     ] GC(107) Reclaimed:         -                  -               122M (24%)         153M (30%)            -                  -          
[2025-12-18T08:24:52.870+0530][info][gc          ] GC(107) Garbage Collection (Allocation Stall) 422M(82%)->374M(73%)
[2025-12-18T08:24:52.926+0530][info][gc,start    ] GC(108) Garbage Collection (Allocation Stall)
[2025-12-18T08:24:52.926+0530][info][gc,ref      ] GC(108) Clearing All SoftReferences
[2025-12-18T08:24:52.926+0530][info][gc,task     ] GC(108) Using 2 workers
[2025-12-18T08:24:52.926+0530][info][gc,ref      ] GC(108) Clearing All SoftReferences
[2025-12-18T08:24:52.926+0530][info][gc,phases   ] GC(108) Pause Mark Start 0.048ms
[2025-12-18T08:24:53.066+0530][info][gc,phases   ] GC(108) Concurrent Mark 139.707ms
[2025-12-18T08:24:53.066+0530][info][gc,phases   ] GC(108) Pause Mark End 0.025ms
[2025-12-18T08:24:53.066+0530][info][gc,phases   ] GC(108) Concurrent Mark Free 0.002ms
[2025-12-18T08:24:53.066+0530][info][gc,phases   ] GC(108) Concurrent Process Non-Strong References 1.146ms
[2025-12-18T08:24:53.066+0530][info][gc,phases   ] GC(108) Concurrent Reset Relocation Set 0.002ms
[2025-12-18T08:24:53.068+0530][info][gc          ] Allocation Stall (Worker-5) 60.023ms
[2025-12-18T08:24:53.068+0530][info][gc          ] Allocation Stall (Worker-1) 58.146ms
[2025-12-18T08:24:53.068+0530][info][gc          ] Allocation Stall (Worker-6) 59.301ms
[2025-12-18T08:24:53.068+0530][info][gc          ] Allocation Stall (Worker-2) 57.149ms
[2025-12-18T08:24:53.068+0530][info][gc          ] Allocation Stall (Worker-0) 63.196ms
[2025-12-18T08:24:53.068+0530][info][gc          ] Allocation Stall (Worker-7) 65.752ms
[2025-12-18T08:24:53.068+0530][info][gc          ] Allocation Stall (Worker-4) 62.761ms
[2025-12-18T08:24:53.068+0530][info][gc          ] Allocation Stall (Worker-3) 61.735ms
[2025-12-18T08:24:53.070+0530][info][gc,phases   ] GC(108) Concurrent Select Relocation Set 3.632ms
[2025-12-18T08:24:53.070+0530][info][gc,phases   ] GC(108) Pause Relocate Start 0.011ms
[2025-12-18T08:24:53.074+0530][info][gc,phases   ] GC(108) Concurrent Relocate 1.402ms
[2025-12-18T08:24:53.074+0530][info][gc,load     ] GC(108) Load: 0.00/0.00/0.00
[2025-12-18T08:24:53.074+0530][info][gc,mmu      ] GC(108) MMU: 2ms/92.5%, 5ms/97.0%, 10ms/98.4%, 20ms/99.2%, 50ms/99.6%, 100ms/99.8%
[2025-12-18T08:24:53.074+0530][info][gc,marking  ] GC(108) Mark: 2 stripe(s), 2 proactive flush(es), 1 terminate flush(es), 0 completion(s), 0 continuation(s) 
[2025-12-18T08:24:53.074+0530][info][gc,marking  ] GC(108) Mark Stack Usage: 32M
[2025-12-18T08:24:53.074+0530][info][gc,nmethod  ] GC(108) NMethods: 624 registered, 69 unregistered
[2025-12-18T08:24:53.074+0530][info][gc,metaspace] GC(108) Metaspace: 3M used, 4M committed, 1088M reserved
[2025-12-18T08:24:53.074+0530][info][gc,ref      ] GC(108) Soft: 157 encountered, 78 discovered, 0 enqueued
[2025-12-18T08:24:53.074+0530][info][gc,ref      ] GC(108) Weak: 539 encountered, 386 discovered, 0 enqueued
[2025-12-18T08:24:53.074+0530][info][gc,ref      ] GC(108) Final: 0 encountered, 0 discovered, 0 enqueued
[2025-12-18T08:24:53.074+0530][info][gc,ref      ] GC(108) Phantom: 7 encountered, 3 discovered, 0 enqueued
[2025-12-18T08:24:53.074+0530][info][gc,reloc    ] GC(108) Small Pages: 214 / 428M, Empty: 148M, Relocated: 1M, In-Place: 0
[2025-12-18T08:24:53.074+0530][info][gc,reloc    ] GC(108) Medium Pages: 1 / 16M, Empty: 0M, Relocated: 0M, In-Place: 0
[2025-12-18T08:24:53.074+0530][info][gc,reloc    ] GC(108) Large Pages: 1 / 6M, Empty: 0M, Relocated: 0M, In-Place: 0
[2025-12-18T08:24:53.074+0530][info][gc,reloc    ] GC(108) Forwarding Usage: 0M
[2025-12-18T08:24:53.074+0530][info][gc,heap     ] GC(108) Min Capacity: 512M(100%)
[2025-12-18T08:24:53.074+0530][info][gc,heap     ] GC(108) Max Capacity: 512M(100%)
[2025-12-18T08:24:53.074+0530][info][gc,heap     ] GC(108) Soft Max Capacity: 512M(100%)
[2025-12-18T08:24:53.074+0530][info][gc,heap     ] GC(108)                Mark Start          Mark End        Relocate Start      Relocate End           High               Low         
[2025-12-18T08:24:53.074+0530][info][gc,heap     ] GC(108)  Capacity:      512M (100%)        512M (100%)        512M (100%)        512M (100%)        512M (100%)        512M (100%)   
[2025-12-18T08:24:53.074+0530][info][gc,heap     ] GC(108)      Free:       62M (12%)           0M (0%)          136M (27%)         168M (33%)         168M (33%)           0M (0%)     
[2025-12-18T08:24:53.074+0530][info][gc,heap     ] GC(108)      Used:      450M (88%)         512M (100%)        376M (73%)         344M (67%)         512M (100%)        344M (67%)    
[2025-12-18T08:24:53.074+0530][info][gc,heap     ] GC(108)      Live:         -               248M (48%)         248M (48%)         248M (48%)            -                  -          
[2025-12-18T08:24:53.074+0530][info][gc,heap     ] GC(108) Allocated:         -                62M (12%)          74M (14%)          75M (15%)            -                  -          
[2025-12-18T08:24:53.074+0530][info][gc,heap     ] GC(108)   Garbage:         -               201M (39%)          53M (11%)          19M (4%)             -                  -          
[2025-12-18T08:24:53.074+0530][info][gc,heap     ] GC(108) Reclaimed:         -                  -               148M (29%)         181M (36%)            -                  -          
[2025-12-18T08:24:53.074+0530][info][gc          ] GC(108) Garbage Collection (Allocation Stall) 450M(88%)->344M(67%)
[2025-12-18T08:24:53.118+0530][info][gc,start    ] GC(109) Garbage Collection (Allocation Stall)
[2025-12-18T08:24:53.118+0530][info][gc,ref      ] GC(109) Clearing All SoftReferences
[2025-12-18T08:24:53.118+0530][info][gc,task     ] GC(109) Using 2 workers
[2025-12-18T08:24:53.118+0530][info][gc,ref      ] GC(109) Clearing All SoftReferences
[2025-12-18T08:24:53.118+0530][info][gc,phases   ] GC(109) Pause Mark Start 0.065ms
[2025-12-18T08:24:53.265+0530][info][gc,phases   ] GC(109) Concurrent Mark 145.247ms
[2025-12-18T08:24:53.265+0530][info][gc,phases   ] GC(109) Pause Mark End 0.020ms
[2025-12-18T08:24:53.265+0530][info][gc,phases   ] GC(109) Concurrent Mark Free 0.001ms
[2025-12-18T08:24:53.265+0530][info][gc,phases   ] GC(109) Concurrent Process Non-Strong References 1.248ms
[2025-12-18T08:24:53.265+0530][info][gc,phases   ] GC(109) Concurrent Reset Relocation Set 0.002ms
[2025-12-18T08:24:53.269+0530][info][gc          ] Allocation Stall (Worker-2) 32.090ms
[2025-12-18T08:24:53.269+0530][info][gc          ] Allocation Stall (Worker-7) 32.950ms
[2025-12-18T08:24:53.269+0530][info][gc          ] Allocation Stall (Worker-0) 30.773ms
[2025-12-18T08:24:53.269+0530][info][gc          ] Allocation Stall (Worker-3) 30.236ms
[2025-12-18T08:24:53.269+0530][info][gc          ] Allocation Stall (Worker-5) 40.122ms
[2025-12-18T08:24:53.269+0530][info][gc          ] Allocation Stall (Worker-6) 38.206ms
[2025-12-18T08:24:53.269+0530][info][gc          ] Allocation Stall (Worker-4) 34.807ms
[2025-12-18T08:24:53.269+0530][info][gc          ] Allocation Stall (Worker-1) 33.136ms
[2025-12-18T08:24:53.269+0530][info][gc,phases   ] GC(109) Concurrent Select Relocation Set 3.046ms
[2025-12-18T08:24:53.269+0530][info][gc,phases   ] GC(109) Pause Relocate Start 0.009ms
[2025-12-18T08:24:53.273+0530][info][gc,phases   ] GC(109) Concurrent Relocate 1.380ms
[2025-12-18T08:24:53.273+0530][info][gc,load     ] GC(109) Load: 0.00/0.00/0.00
[2025-12-18T08:24:53.273+0530][info][gc,mmu      ] GC(109) MMU: 2ms/92.5%, 5ms/97.0%, 10ms/98.4%, 20ms/99.2%, 50ms/99.6%, 100ms/99.8%
[2025-12-18T08:24:53.273+0530][info][gc,marking  ] GC(109) Mark: 2 stripe(s), 2 proactive flush(es), 1 terminate flush(es), 0 completion(s), 0 continuation(s) 
[2025-12-18T08:24:53.273+0530][info][gc,marking  ] GC(109) Mark Stack Usage: 32M
[2025-12-18T08:24:53.273+0530][info][gc,nmethod  ] GC(109) NMethods: 624 registered, 69 unregistered
[2025-12-18T08:24:53.273+0530][info][gc,metaspace] GC(109) Metaspace: 3M used, 4M committed, 1088M reserved
[2025-12-18T08:24:53.273+0530][info][gc,ref      ] GC(109) Soft: 157 encountered, 88 discovered, 0 enqueued
[2025-12-18T08:24:53.273+0530][info][gc,ref      ] GC(109) Weak: 539 encountered, 404 discovered, 0 enqueued
[2025-12-18T08:24:53.273+0530][info][gc,ref      ] GC(109) Final: 0 encountered, 0 discovered, 0 enqueued
[2025-12-18T08:24:53.273+0530][info][gc,ref      ] GC(109) Phantom: 7 encountered, 3 discovered, 0 enqueued
[2025-12-18T08:24:53.273+0530][info][gc,reloc    ] GC(109) Small Pages: 186 / 372M, Empty: 94M, Relocated: 1M, In-Place: 0
[2025-12-18T08:24:53.273+0530][info][gc,reloc    ] GC(109) Medium Pages: 1 / 16M, Empty: 0M, Relocated: 0M, In-Place: 0
[2025-12-18T08:24:53.273+0530][info][gc,reloc    ] GC(109) Large Pages: 1 / 6M, Empty: 0M, Relocated: 0M, In-Place: 0
[2025-12-18T08:24:53.273+0530][info][gc,reloc    ] GC(109) Forwarding Usage: 0M
[2025-12-18T08:24:53.273+0530][info][gc,heap     ] GC(109) Min Capacity: 512M(100%)
[2025-12-18T08:24:53.273+0530][info][gc,heap     ] GC(109) Max Capacity: 512M(100%)
[2025-12-18T08:24:53.273+0530][info][gc,heap     ] GC(109) Soft Max Capacity: 512M(100%)
[2025-12-18T08:24:53.273+0530][info][gc,heap     ] GC(109)                Mark Start          Mark End        Relocate Start      Relocate End           High               Low         
[2025-12-18T08:24:53.273+0530][info][gc,heap     ] GC(109)  Capacity:      512M (100%)        512M (100%)        512M (100%)        512M (100%)        512M (100%)        512M (100%)   
[2025-12-18T08:24:53.273+0530][info][gc,heap     ] GC(109)      Free:      118M (23%)           0M (0%)           80M (16%)         112M (22%)         118M (23%)           0M (0%)     
[2025-12-18T08:24:53.273+0530][info][gc,heap     ] GC(109)      Used:      394M (77%)         512M (100%)        432M (84%)         400M (78%)         512M (100%)        394M (77%)    
[2025-12-18T08:24:53.273+0530][info][gc,heap     ] GC(109)      Live:         -               248M (48%)         248M (48%)         248M (48%)            -                  -          
[2025-12-18T08:24:53.273+0530][info][gc,heap     ] GC(109) Allocated:         -               118M (23%)         132M (26%)         131M (26%)            -                  -          
[2025-12-18T08:24:53.273+0530][info][gc,heap     ] GC(109)   Garbage:         -               145M (29%)          51M (10%)          19M (4%)             -                  -          
[2025-12-18T08:24:53.273+0530][info][gc,heap     ] GC(109) Reclaimed:         -                  -                94M (18%)         125M (25%)            -                  -          
[2025-12-18T08:24:53.273+0530][info][gc          ] GC(109) Garbage Collection (Allocation Stall) 394M(77%)->400M(78%)
[2025-12-18T08:24:53.331+0530][info][gc,start    ] GC(110) Garbage Collection (Allocation Stall)
[2025-12-18T08:24:53.331+0530][info][gc,ref      ] GC(110) Clearing All SoftReferences
[2025-12-18T08:24:53.331+0530][info][gc,task     ] GC(110) Using 2 workers
[2025-12-18T08:24:53.331+0530][info][gc,ref      ] GC(110) Clearing All SoftReferences
[2025-12-18T08:24:53.331+0530][info][gc,phases   ] GC(110) Pause Mark Start 0.171ms
[2025-12-18T08:24:53.472+0530][info][gc,phases   ] GC(110) Concurrent Mark 138.293ms
[2025-12-18T08:24:53.472+0530][info][gc,phases   ] GC(110) Pause Mark End 0.114ms
[2025-12-18T08:24:53.472+0530][info][gc,phases   ] GC(110) Concurrent Mark Free 0.002ms
[2025-12-18T08:24:53.472+0530][info][gc,phases   ] GC(110) Concurrent Process Non-Strong References 1.072ms
[2025-12-18T08:24:53.472+0530][info][gc,phases   ] GC(110) Concurrent Reset Relocation Set 0.002ms
[2025-12-18T08:24:53.472+0530][info][gc          ] Allocation Stall (Worker-2) 105.436ms
[2025-12-18T08:24:53.472+0530][info][gc          ] Allocation Stall (Worker-7) 103.310ms
[2025-12-18T08:24:53.472+0530][info][gc          ] Allocation Stall (Worker-5) 104.178ms
[2025-12-18T08:24:53.472+0530][info][gc          ] Allocation Stall (Worker-1) 116.406ms
[2025-12-18T08:24:53.472+0530][info][gc          ] Allocation Stall (Worker-4) 114.630ms
[2025-12-18T08:24:53.472+0530][info][gc          ] Allocation Stall (Worker-6) 105.574ms
[2025-12-18T08:24:53.472+0530][info][gc          ] Allocation Stall (Worker-0) 113.600ms
[2025-12-18T08:24:53.472+0530][info][gc          ] Allocation Stall (Worker-3) 115.342ms
[2025-12-18T08:24:53.476+0530][info][gc,phases   ] GC(110) Concurrent Select Relocation Set 3.500ms
[2025-12-18T08:24:53.476+0530][info][gc,phases   ] GC(110) Pause Relocate Start 0.010ms
[2025-12-18T08:24:53.480+0530][info][gc,phases   ] GC(110) Concurrent Relocate 1.440ms
[2025-12-18T08:24:53.480+0530][info][gc,load     ] GC(110) Load: 0.00/0.00/0.00
[2025-12-18T08:24:53.480+0530][info][gc,mmu      ] GC(110) MMU: 2ms/91.4%, 5ms/96.6%, 10ms/98.3%, 20ms/99.1%, 50ms/99.6%, 100ms/99.8%
[2025-12-18T08:24:53.480+0530][info][gc,marking  ] GC(110) Mark: 2 stripe(s), 2 proactive flush(es), 1 terminate flush(es), 1 completion(s), 0 continuation(s) 
[2025-12-18T08:24:53.480+0530][info][gc,marking  ] GC(110) Mark Stack Usage: 32M
[2025-12-18T08:24:53.480+0530][info][gc,nmethod  ] GC(110) NMethods: 624 registered, 69 unregistered
[2025-12-18T08:24:53.480+0530][info][gc,metaspace] GC(110) Metaspace: 3M used, 4M committed, 1088M reserved
[2025-12-18T08:24:53.480+0530][info][gc,ref      ] GC(110) Soft: 157 encountered, 76 discovered, 0 enqueued
[2025-12-18T08:24:53.480+0530][info][gc,ref      ] GC(110) Weak: 539 encountered, 420 discovered, 0 enqueued
[2025-12-18T08:24:53.480+0530][info][gc,ref      ] GC(110) Final: 0 encountered, 0 discovered, 0 enqueued
[2025-12-18T08:24:53.480+0530][info][gc,ref      ] GC(110) Phantom: 7 encountered, 2 discovered, 0 enqueued
[2025-12-18T08:24:53.480+0530][info][gc,reloc    ] GC(110) Small Pages: 228 / 456M, Empty: 180M, Relocated: 1M, In-Place: 0
[2025-12-18T08:24:53.480+0530][info][gc,reloc    ] GC(110) Medium Pages: 1 / 16M, Empty: 0M, Relocated: 0M, In-Place: 0
[2025-12-18T08:24:53.480+0530][info][gc,reloc    ] GC(110) Large Pages: 1 / 6M, Empty: 0M, Relocated: 0M, In-Place: 0
[2025-12-18T08:24:53.480+0530][info][gc,reloc    ] GC(110) Forwarding Usage: 0M
[2025-12-18T08:24:53.480+0530][info][gc,heap     ] GC(110) Min Capacity: 512M(100%)
[2025-12-18T08:24:53.480+0530][info][gc,heap     ] GC(110) Max Capacity: 512M(100%)
[2025-12-18T08:24:53.480+0530][info][gc,heap     ] GC(110) Soft Max Capacity: 512M(100%)
[2025-12-18T08:24:53.480+0530][info][gc,heap     ] GC(110)                Mark Start          Mark End        Relocate Start      Relocate End           High               Low         
[2025-12-18T08:24:53.480+0530][info][gc,heap     ] GC(110)  Capacity:      512M (100%)        512M (100%)        512M (100%)        512M (100%)        512M (100%)        512M (100%)   
[2025-12-18T08:24:53.480+0530][info][gc,heap     ] GC(110)      Free:       34M (7%)            0M (0%)          166M (32%)         196M (38%)         196M (38%)           0M (0%)     
[2025-12-18T08:24:53.480+0530][info][gc,heap     ] GC(110)      Used:      478M (93%)         512M (100%)        346M (68%)         316M (62%)         512M (100%)        316M (62%)    
[2025-12-18T08:24:53.480+0530][info][gc,heap     ] GC(110)      Live:         -               248M (48%)         248M (48%)         248M (48%)            -                  -          
[2025-12-18T08:24:53.480+0530][info][gc,heap     ] GC(110) Allocated:         -                34M (7%)           48M (9%)           47M (9%)             -                  -          
[2025-12-18T08:24:53.480+0530][info][gc,heap     ] GC(110)   Garbage:         -               229M (45%)          49M (10%)          19M (4%)             -                  -          
[2025-12-18T08:24:53.480+0530][info][gc,heap     ] GC(110) Reclaimed:         -                  -               180M (35%)         209M (41%)            -                  -          
[2025-12-18T08:24:53.480+0530][info][gc          ] GC(110) Garbage Collection (Allocation Stall) 478M(93%)->316M(62%)
[2025-12-18T08:24:53.519+0530][info][gc,start    ] GC(111) Garbage Collection (Allocation Stall)
[2025-12-18T08:24:53.519+0530][info][gc,ref      ] GC(111) Clearing All SoftReferences
[2025-12-18T08:24:53.519+0530][info][gc,task     ] GC(111) Using 2 workers
[2025-12-18T08:24:53.519+0530][info][gc,ref      ] GC(111) Clearing All SoftReferences
[2025-12-18T08:24:53.519+0530][info][gc,phases   ] GC(111) Pause Mark Start 0.048ms
[2025-12-18T08:24:53.691+0530][info][gc,phases   ] GC(111) Concurrent Mark 170.794ms
[2025-12-18T08:24:53.691+0530][info][gc,phases   ] GC(111) Pause Mark End 0.093ms
[2025-12-18T08:24:53.691+0530][info][gc,phases   ] GC(111) Concurrent Mark Free 0.001ms
[2025-12-18T08:24:53.691+0530][info][gc,phases   ] GC(111) Concurrent Process Non-Strong References 1.084ms
[2025-12-18T08:24:53.691+0530][info][gc,phases   ] GC(111) Concurrent Reset Relocation Set 0.002ms
[2025-12-18T08:24:53.695+0530][info][gc          ] Allocation Stall (Worker-0) 8.602ms
[2025-12-18T08:24:53.695+0530][info][gc          ] Allocation Stall (Worker-7) 11.033ms
[2025-12-18T08:24:53.695+0530][info][gc          ] Allocation Stall (Worker-3) 8.503ms
[2025-12-18T08:24:53.695+0530][info][gc          ] Allocation Stall (Worker-4) 15.949ms
[2025-12-18T08:24:53.695+0530][info][gc          ] Allocation Stall (Worker-5) 15.123ms
[2025-12-18T08:24:53.695+0530][info][gc          ] Allocation Stall (Worker-1) 14.810ms
[2025-12-18T08:24:53.695+0530][info][gc          ] Allocation Stall (Worker-6) 14.823ms
[2025-12-18T08:24:53.695+0530][info][gc          ] Allocation Stall (Worker-2) 11.636ms
[2025-12-18T08:24:53.695+0530][info][gc,phases   ] GC(111) Concurrent Select Relocation Set 3.044ms
[2025-12-18T08:24:53.695+0530][info][gc,phases   ] GC(111) Pause Relocate Start 0.010ms
[2025-12-18T08:24:53.699+0530][info][gc,phases   ] GC(111) Concurrent Relocate 1.599ms
[2025-12-18T08:24:53.699+0530][info][gc,load     ] GC(111) Load: 0.00/0.00/0.00
[2025-12-18T08:24:53.699+0530][info][gc,mmu      ] GC(111) MMU: 2ms/91.4%, 5ms/96.6%, 10ms/98.3%, 20ms/99.1%, 50ms/99.6%, 100ms/99.8%
[2025-12-18T08:24:53.699+0530][info][gc,marking  ] GC(111) Mark: 2 stripe(s), 2 proactive flush(es), 1 terminate flush(es), 1 completion(s), 0 continuation(s) 
[2025-12-18T08:24:53.699+0530][info][gc,marking  ] GC(111) Mark Stack Usage: 32M
[2025-12-18T08:24:53.699+0530][info][gc,nmethod  ] GC(111) NMethods: 625 registered, 69 unregistered
[2025-12-18T08:24:53.699+0530][info][gc,metaspace] GC(111) Metaspace: 3M used, 4M committed, 1088M reserved
[2025-12-18T08:24:53.699+0530][info][gc,ref      ] GC(111) Soft: 157 encountered, 89 discovered, 0 enqueued
[2025-12-18T08:24:53.699+0530][info][gc,ref      ] GC(111) Weak: 539 encountered, 444 discovered, 0 enqueued
[2025-12-18T08:24:53.699+0530][info][gc,ref      ] GC(111) Final: 0 encountered, 0 discovered, 0 enqueued
[2025-12-18T08:24:53.699+0530][info][gc,ref      ] GC(111) Phantom: 7 encountered, 5 discovered, 0 enqueued
[2025-12-18T08:24:53.699+0530][info][gc,reloc    ] GC(111) Small Pages: 170 / 340M, Empty: 64M, Relocated: 1M, In-Place: 0
[2025-12-18T08:24:53.699+0530][info][gc,reloc    ] GC(111) Medium Pages: 1 / 16M, Empty: 0M, Relocated: 0M, In-Place: 0
[2025-12-18T08:24:53.699+0530][info][gc,reloc    ] GC(111) Large Pages: 1 / 6M, Empty: 0M, Relocated: 0M, In-Place: 0
[2025-12-18T08:24:53.699+0530][info][gc,reloc    ] GC(111) Forwarding Usage: 0M
[2025-12-18T08:24:53.699+0530][info][gc,heap     ] GC(111) Min Capacity: 512M(100%)
[2025-12-18T08:24:53.699+0530][info][gc,heap     ] GC(111) Max Capacity: 512M(100%)
[2025-12-18T08:24:53.699+0530][info][gc,heap     ] GC(111) Soft Max Capacity: 512M(100%)
[2025-12-18T08:24:53.699+0530][info][gc,heap     ] GC(111)                Mark Start          Mark End        Relocate Start      Relocate End           High               Low         
[2025-12-18T08:24:53.699+0530][info][gc,heap     ] GC(111)  Capacity:      512M (100%)        512M (100%)        512M (100%)        512M (100%)        512M (100%)        512M (100%)   
[2025-12-18T08:24:53.699+0530][info][gc,heap     ] GC(111)      Free:      150M (29%)           0M (0%)           48M (9%)           78M (15%)         150M (29%)           0M (0%)     
[2025-12-18T08:24:53.699+0530][info][gc,heap     ] GC(111)      Used:      362M (71%)         512M (100%)        464M (91%)         434M (85%)         512M (100%)        362M (71%)    
[2025-12-18T08:24:53.699+0530][info][gc,heap     ] GC(111)      Live:         -               248M (48%)         248M (48%)         248M (48%)            -                  -          
[2025-12-18T08:24:53.699+0530][info][gc,heap     ] GC(111) Allocated:         -               150M (29%)         166M (32%)         165M (32%)            -                  -          
[2025-12-18T08:24:53.699+0530][info][gc,heap     ] GC(111)   Garbage:         -               113M (22%)          49M (10%)          19M (4%)             -                  -          
[2025-12-18T08:24:53.699+0530][info][gc,heap     ] GC(111) Reclaimed:         -                  -                64M (12%)          93M (18%)            -                  -          
[2025-12-18T08:24:53.699+0530][info][gc          ] GC(111) Garbage Collection (Allocation Stall) 362M(71%)->434M(85%)
[2025-12-18T08:24:53.722+0530][info][gc,start    ] GC(112) Garbage Collection (Allocation Stall)
[2025-12-18T08:24:53.722+0530][info][gc,ref      ] GC(112) Clearing All SoftReferences
[2025-12-18T08:24:53.722+0530][info][gc,task     ] GC(112) Using 2 workers
[2025-12-18T08:24:53.722+0530][info][gc,ref      ] GC(112) Clearing All SoftReferences
[2025-12-18T08:24:53.722+0530][info][gc,phases   ] GC(112) Pause Mark Start 0.087ms
[2025-12-18T08:24:53.896+0530][info][gc,phases   ] GC(112) Concurrent Mark 172.864ms
[2025-12-18T08:24:53.896+0530][info][gc,phases   ] GC(112) Pause Mark End 0.022ms
[2025-12-18T08:24:53.896+0530][info][gc,phases   ] GC(112) Concurrent Mark Free 0.002ms
[2025-12-18T08:24:53.896+0530][info][gc,phases   ] GC(112) Concurrent Process Non-Strong References 1.365ms
[2025-12-18T08:24:53.896+0530][info][gc,phases   ] GC(112) Concurrent Reset Relocation Set 0.003ms
[2025-12-18T08:24:53.898+0530][info][gc          ] Allocation Stall (Worker-1) 93.389ms
[2025-12-18T08:24:53.898+0530][info][gc          ] Allocation Stall (Worker-0) 93.218ms
[2025-12-18T08:24:53.898+0530][info][gc          ] Allocation Stall (main) 80.779ms
[2025-12-18T08:24:53.898+0530][info][gc          ] Allocation Stall (Worker-6) 101.774ms
[2025-12-18T08:24:53.898+0530][info][gc          ] Allocation Stall (Worker-4) 101.397ms
[2025-12-18T08:24:53.898+0530][info][gc          ] Allocation Stall (Worker-3) 100.606ms
[2025-12-18T08:24:53.898+0530][info][gc          ] Allocation Stall (Worker-2) 99.879ms
[2025-12-18T08:24:53.898+0530][info][gc          ] Allocation Stall (Worker-7) 95.543ms
[2025-12-18T08:24:53.898+0530][info][gc          ] Allocation Stall (Worker-5) 98.211ms
[2025-12-18T08:24:53.902+0530][info][gc,phases   ] GC(112) Concurrent Select Relocation Set 3.748ms
[2025-12-18T08:24:53.902+0530][info][gc,phases   ] GC(112) Pause Relocate Start 0.010ms
[2025-12-18T08:24:53.906+0530][info][gc,phases   ] GC(112) Concurrent Relocate 1.413ms
[2025-12-18T08:24:53.906+0530][info][gc,load     ] GC(112) Load: 0.00/0.00/0.00
[2025-12-18T08:24:53.906+0530][info][gc,mmu      ] GC(112) MMU: 2ms/91.4%, 5ms/96.6%, 10ms/98.3%, 20ms/99.1%, 50ms/99.6%, 100ms/99.8%
[2025-12-18T08:24:53.906+0530][info][gc,marking  ] GC(112) Mark: 2 stripe(s), 2 proactive flush(es), 1 terminate flush(es), 0 completion(s), 0 continuation(s) 
[2025-12-18T08:24:53.906+0530][info][gc,marking  ] GC(112) Mark Stack Usage: 32M
[2025-12-18T08:24:53.906+0530][info][gc,nmethod  ] GC(112) NMethods: 625 registered, 69 unregistered
[2025-12-18T08:24:53.906+0530][info][gc,metaspace] GC(112) Metaspace: 3M used, 4M committed, 1088M reserved
[2025-12-18T08:24:53.906+0530][info][gc,ref      ] GC(112) Soft: 157 encountered, 87 discovered, 0 enqueued
[2025-12-18T08:24:53.906+0530][info][gc,ref      ] GC(112) Weak: 539 encountered, 404 discovered, 0 enqueued
[2025-12-18T08:24:53.906+0530][info][gc,ref      ] GC(112) Final: 0 encountered, 0 discovered, 0 enqueued
[2025-12-18T08:24:53.906+0530][info][gc,ref      ] GC(112) Phantom: 7 encountered, 3 discovered, 0 enqueued
[2025-12-18T08:24:53.906+0530][info][gc,reloc    ] GC(112) Small Pages: 215 / 430M, Empty: 150M, Relocated: 1M, In-Place: 0
[2025-12-18T08:24:53.906+0530][info][gc,reloc    ] GC(112) Medium Pages: 1 / 16M, Empty: 0M, Relocated: 0M, In-Place: 0
[2025-12-18T08:24:53.906+0530][info][gc,reloc    ] GC(112) Large Pages: 1 / 6M, Empty: 0M, Relocated: 0M, In-Place: 0
[2025-12-18T08:24:53.906+0530][info][gc,reloc    ] GC(112) Forwarding Usage: 0M
[2025-12-18T08:24:53.906+0530][info][gc,heap     ] GC(112) Min Capacity: 512M(100%)
[2025-12-18T08:24:53.906+0530][info][gc,heap     ] GC(112) Max Capacity: 512M(100%)
[2025-12-18T08:24:53.906+0530][info][gc,heap     ] GC(112) Soft Max Capacity: 512M(100%)
[2025-12-18T08:24:53.906+0530][info][gc,heap     ] GC(112)                Mark Start          Mark End        Relocate Start      Relocate End           High               Low         
[2025-12-18T08:24:53.906+0530][info][gc,heap     ] GC(112)  Capacity:      512M (100%)        512M (100%)        512M (100%)        512M (100%)        512M (100%)        512M (100%)   
[2025-12-18T08:24:53.906+0530][info][gc,heap     ] GC(112)      Free:       60M (12%)           0M (0%)          134M (26%)         168M (33%)         168M (33%)           0M (0%)     
[2025-12-18T08:24:53.906+0530][info][gc,heap     ] GC(112)      Used:      452M (88%)         512M (100%)        378M (74%)         344M (67%)         512M (100%)        344M (67%)    
[2025-12-18T08:24:53.906+0530][info][gc,heap     ] GC(112)      Live:         -               248M (48%)         248M (48%)         248M (48%)            -                  -          
[2025-12-18T08:24:53.906+0530][info][gc,heap     ] GC(112) Allocated:         -                60M (12%)          76M (15%)          75M (15%)            -                  -          
[2025-12-18T08:24:53.906+0530][info][gc,heap     ] GC(112)   Garbage:         -               203M (40%)          53M (11%)          19M (4%)             -                  -          
[2025-12-18T08:24:53.906+0530][info][gc,heap     ] GC(112) Reclaimed:         -                  -               150M (29%)         183M (36%)            -                  -          
[2025-12-18T08:24:53.906+0530][info][gc          ] GC(112) Garbage Collection (Allocation Stall) 452M(88%)->344M(67%)
[2025-12-18T08:24:53.928+0530][info][gc,start    ] GC(113) Garbage Collection (Allocation Stall)
[2025-12-18T08:24:53.928+0530][info][gc,ref      ] GC(113) Clearing All SoftReferences
[2025-12-18T08:24:53.928+0530][info][gc,task     ] GC(113) Using 2 workers
[2025-12-18T08:24:53.928+0530][info][gc,ref      ] GC(113) Clearing All SoftReferences
[2025-12-18T08:24:53.928+0530][info][gc,phases   ] GC(113) Pause Mark Start 0.059ms
[2025-12-18T08:24:54.091+0530][info][gc,phases   ] GC(113) Concurrent Mark 161.549ms
[2025-12-18T08:24:54.091+0530][info][gc,phases   ] GC(113) Pause Mark End 0.102ms
[2025-12-18T08:24:54.091+0530][info][gc,phases   ] GC(113) Concurrent Mark Free 0.001ms
[2025-12-18T08:24:54.091+0530][info][gc,phases   ] GC(113) Concurrent Process Non-Strong References 1.078ms
[2025-12-18T08:24:54.091+0530][info][gc,phases   ] GC(113) Concurrent Reset Relocation Set 0.003ms
[2025-12-18T08:24:54.095+0530][info][gc          ] Allocation Stall (Worker-6) 5.550ms
[2025-12-18T08:24:54.095+0530][info][gc          ] Allocation Stall (Worker-2) 9.733ms
[2025-12-18T08:24:54.095+0530][info][gc          ] Allocation Stall (Worker-0) 3.325ms
[2025-12-18T08:24:54.095+0530][info][gc          ] Allocation Stall (Worker-1) 4.801ms
[2025-12-18T08:24:54.095+0530][info][gc          ] Allocation Stall (Worker-3) 3.563ms
[2025-12-18T08:24:54.095+0530][info][gc          ] Allocation Stall (Worker-4) 8.712ms
[2025-12-18T08:24:54.095+0530][info][gc          ] Allocation Stall (Worker-5) 8.074ms
[2025-12-18T08:24:54.095+0530][info][gc          ] Allocation Stall (Worker-7) 5.691ms
[2025-12-18T08:24:54.095+0530][info][gc,phases   ] GC(113) Concurrent Select Relocation Set 3.067ms
[2025-12-18T08:24:54.095+0530][info][gc,phases   ] GC(113) Pause Relocate Start 0.011ms
[2025-12-18T08:24:54.097+0530][info][gc,phases   ] GC(113) Concurrent Relocate 1.578ms
[2025-12-18T08:24:54.099+0530][info][gc,load     ] GC(113) Load: 0.00/0.00/0.00
[2025-12-18T08:24:54.099+0530][info][gc,mmu      ] GC(113) MMU: 2ms/91.4%, 5ms/96.6%, 10ms/98.3%, 20ms/99.1%, 50ms/99.6%, 100ms/99.8%
[2025-12-18T08:24:54.099+0530][info][gc,marking  ] GC(113) Mark: 2 stripe(s), 2 proactive flush(es), 1 terminate flush(es), 1 completion(s), 0 continuation(s) 
[2025-12-18T08:24:54.099+0530][info][gc,marking  ] GC(113) Mark Stack Usage: 32M
[2025-12-18T08:24:54.099+0530][info][gc,nmethod  ] GC(113) NMethods: 625 registered, 69 unregistered
[2025-12-18T08:24:54.099+0530][info][gc,metaspace] GC(113) Metaspace: 3M used, 4M committed, 1088M reserved
[2025-12-18T08:24:54.099+0530][info][gc,ref      ] GC(113) Soft: 157 encountered, 87 discovered, 0 enqueued
[2025-12-18T08:24:54.099+0530][info][gc,ref      ] GC(113) Weak: 539 encountered, 415 discovered, 0 enqueued
[2025-12-18T08:24:54.099+0530][info][gc,ref      ] GC(113) Final: 0 encountered, 0 discovered, 0 enqueued
[2025-12-18T08:24:54.099+0530][info][gc,ref      ] GC(113) Phantom: 7 encountered, 5 discovered, 0 enqueued
[2025-12-18T08:24:54.099+0530][info][gc,reloc    ] GC(113) Small Pages: 175 / 350M, Empty: 72M, Relocated: 1M, In-Place: 0
[2025-12-18T08:24:54.099+0530][info][gc,reloc    ] GC(113) Medium Pages: 1 / 16M, Empty: 0M, Relocated: 0M, In-Place: 0
[2025-12-18T08:24:54.099+0530][info][gc,reloc    ] GC(113) Large Pages: 1 / 6M, Empty: 0M, Relocated: 0M, In-Place: 0
[2025-12-18T08:24:54.099+0530][info][gc,reloc    ] GC(113) Forwarding Usage: 0M
[2025-12-18T08:24:54.099+0530][info][gc,heap     ] GC(113) Min Capacity: 512M(100%)
[2025-12-18T08:24:54.099+0530][info][gc,heap     ] GC(113) Max Capacity: 512M(100%)
[2025-12-18T08:24:54.099+0530][info][gc,heap     ] GC(113) Soft Max Capacity: 512M(100%)
[2025-12-18T08:24:54.099+0530][info][gc,heap     ] GC(113)                Mark Start          Mark End        Relocate Start      Relocate End           High               Low         
[2025-12-18T08:24:54.099+0530][info][gc,heap     ] GC(113)  Capacity:      512M (100%)        512M (100%)        512M (100%)        512M (100%)        512M (100%)        512M (100%)   
[2025-12-18T08:24:54.099+0530][info][gc,heap     ] GC(113)      Free:      140M (27%)           0M (0%)           60M (12%)          90M (18%)         140M (27%)           0M (0%)     
[2025-12-18T08:24:54.099+0530][info][gc,heap     ] GC(113)      Used:      372M (73%)         512M (100%)        452M (88%)         422M (82%)         512M (100%)        372M (73%)    
[2025-12-18T08:24:54.099+0530][info][gc,heap     ] GC(113)      Live:         -               248M (48%)         248M (48%)         248M (48%)            -                  -          
[2025-12-18T08:24:54.099+0530][info][gc,heap     ] GC(113) Allocated:         -               140M (27%)         152M (30%)         153M (30%)            -                  -          
[2025-12-18T08:24:54.099+0530][info][gc,heap     ] GC(113)   Garbage:         -               123M (24%)          51M (10%)          19M (4%)             -                  -          
[2025-12-18T08:24:54.099+0530][info][gc,heap     ] GC(113) Reclaimed:         -                  -                72M (14%)         103M (20%)            -                  -          
[2025-12-18T08:24:54.099+0530][info][gc          ] GC(113) Garbage Collection (Allocation Stall) 372M(73%)->422M(82%)
[2025-12-18T08:24:54.122+0530][info][gc,start    ] GC(114) Garbage Collection (Allocation Stall)
[2025-12-18T08:24:54.122+0530][info][gc,ref      ] GC(114) Clearing All SoftReferences
[2025-12-18T08:24:54.122+0530][info][gc,task     ] GC(114) Using 2 workers
[2025-12-18T08:24:54.122+0530][info][gc,ref      ] GC(114) Clearing All SoftReferences
[2025-12-18T08:24:54.122+0530][info][gc,phases   ] GC(114) Pause Mark Start 0.058ms
[2025-12-18T08:24:54.260+0530][info][gc,phases   ] GC(114) Concurrent Mark 135.965ms
[2025-12-18T08:24:54.260+0530][info][gc,phases   ] GC(114) Pause Mark End 0.021ms
[2025-12-18T08:24:54.260+0530][info][gc,phases   ] GC(114) Concurrent Mark Free 0.001ms
[2025-12-18T08:24:54.260+0530][info][gc,phases   ] GC(114) Concurrent Process Non-Strong References 1.113ms
[2025-12-18T08:24:54.260+0530][info][gc,phases   ] GC(114) Concurrent Reset Relocation Set 0.003ms
[2025-12-18T08:24:54.260+0530][info][gc          ] Allocation Stall (Worker-7) 64.760ms
[2025-12-18T08:24:54.260+0530][info][gc          ] Allocation Stall (Worker-5) 63.542ms
[2025-12-18T08:24:54.260+0530][info][gc          ] Allocation Stall (Worker-4) 61.261ms
[2025-12-18T08:24:54.260+0530][info][gc          ] Allocation Stall (Worker-2) 69.892ms
[2025-12-18T08:24:54.260+0530][info][gc          ] Allocation Stall (Worker-6) 69.761ms
[2025-12-18T08:24:54.260+0530][info][gc          ] Allocation Stall (Worker-0) 67.259ms
[2025-12-18T08:24:54.260+0530][info][gc          ] Allocation Stall (Worker-1) 66.852ms
[2025-12-18T08:24:54.260+0530][info][gc          ] Allocation Stall (Worker-3) 67.133ms
[2025-12-18T08:24:54.264+0530][info][gc,phases   ] GC(114) Concurrent Select Relocation Set 3.712ms
[2025-12-18T08:24:54.264+0530][info][gc,phases   ] GC(114) Pause Relocate Start 0.013ms
[2025-12-18T08:24:54.268+0530][info][gc,phases   ] GC(114) Concurrent Relocate 1.578ms
[2025-12-18T08:24:54.268+0530][info][gc,load     ] GC(114) Load: 0.00/0.00/0.00
[2025-12-18T08:24:54.268+0530][info][gc,mmu      ] GC(114) MMU: 2ms/91.4%, 5ms/96.6%, 10ms/98.3%, 20ms/99.1%, 50ms/99.6%, 100ms/99.8%
[2025-12-18T08:24:54.268+0530][info][gc,marking  ] GC(114) Mark: 2 stripe(s), 2 proactive flush(es), 1 terminate flush(es), 0 completion(s), 0 continuation(s) 
[2025-12-18T08:24:54.268+0530][info][gc,marking  ] GC(114) Mark Stack Usage: 32M
[2025-12-18T08:24:54.268+0530][info][gc,nmethod  ] GC(114) NMethods: 625 registered, 69 unregistered
[2025-12-18T08:24:54.268+0530][info][gc,metaspace] GC(114) Metaspace: 3M used, 4M committed, 1088M reserved
[2025-12-18T08:24:54.268+0530][info][gc,ref      ] GC(114) Soft: 157 encountered, 84 discovered, 0 enqueued
[2025-12-18T08:24:54.268+0530][info][gc,ref      ] GC(114) Weak: 539 encountered, 385 discovered, 0 enqueued
[2025-12-18T08:24:54.268+0530][info][gc,ref      ] GC(114) Final: 0 encountered, 0 discovered, 0 enqueued
[2025-12-18T08:24:54.268+0530][info][gc,ref      ] GC(114) Phantom: 7 encountered, 3 discovered, 0 enqueued
[2025-12-18T08:24:54.268+0530][info][gc,reloc    ] GC(114) Small Pages: 216 / 432M, Empty: 154M, Relocated: 1M, In-Place: 0
[2025-12-18T08:24:54.268+0530][info][gc,reloc    ] GC(114) Medium Pages: 1 / 16M, Empty: 0M, Relocated: 0M, In-Place: 0
[2025-12-18T08:24:54.268+0530][info][gc,reloc    ] GC(114) Large Pages: 1 / 6M, Empty: 0M, Relocated: 0M, In-Place: 0
[2025-12-18T08:24:54.268+0530][info][gc,reloc    ] GC(114) Forwarding Usage: 0M
[2025-12-18T08:24:54.268+0530][info][gc,heap     ] GC(114) Min Capacity: 512M(100%)
[2025-12-18T08:24:54.268+0530][info][gc,heap     ] GC(114) Max Capacity: 512M(100%)
[2025-12-18T08:24:54.268+0530][info][gc,heap     ] GC(114) Soft Max Capacity: 512M(100%)
[2025-12-18T08:24:54.268+0530][info][gc,heap     ] GC(114)                Mark Start          Mark End        Relocate Start      Relocate End           High               Low         
[2025-12-18T08:24:54.268+0530][info][gc,heap     ] GC(114)  Capacity:      512M (100%)        512M (100%)        512M (100%)        512M (100%)        512M (100%)        512M (100%)   
[2025-12-18T08:24:54.268+0530][info][gc,heap     ] GC(114)      Free:       58M (11%)           0M (0%)          140M (27%)         172M (34%)         172M (34%)           0M (0%)     
[2025-12-18T08:24:54.268+0530][info][gc,heap     ] GC(114)      Used:      454M (89%)         512M (100%)        372M (73%)         340M (66%)         512M (100%)        340M (66%)    
[2025-12-18T08:24:54.268+0530][info][gc,heap     ] GC(114)      Live:         -               248M (48%)         248M (48%)         248M (48%)            -                  -          
[2025-12-18T08:24:54.268+0530][info][gc,heap     ] GC(114) Allocated:         -                58M (11%)          72M (14%)          71M (14%)            -                  -          
[2025-12-18T08:24:54.268+0530][info][gc,heap     ] GC(114)   Garbage:         -               205M (40%)          51M (10%)          19M (4%)             -                  -          
[2025-12-18T08:24:54.268+0530][info][gc,heap     ] GC(114) Reclaimed:         -                  -               154M (30%)         185M (36%)            -                  -          
[2025-12-18T08:24:54.268+0530][info][gc          ] GC(114) Garbage Collection (Allocation Stall) 454M(89%)->340M(66%)
[2025-12-18T08:24:54.323+0530][info][gc,start    ] GC(115) Garbage Collection (Allocation Stall)
[2025-12-18T08:24:54.323+0530][info][gc,ref      ] GC(115) Clearing All SoftReferences
[2025-12-18T08:24:54.323+0530][info][gc,task     ] GC(115) Using 2 workers
[2025-12-18T08:24:54.323+0530][info][gc,ref      ] GC(115) Clearing All SoftReferences
[2025-12-18T08:24:54.323+0530][info][gc,phases   ] GC(115) Pause Mark Start 0.038ms
[2025-12-18T08:24:54.464+0530][info][gc,phases   ] GC(115) Concurrent Mark 138.350ms
[2025-12-18T08:24:54.464+0530][info][gc,phases   ] GC(115) Pause Mark End 0.022ms
[2025-12-18T08:24:54.464+0530][info][gc,phases   ] GC(115) Concurrent Mark Free 0.002ms
[2025-12-18T08:24:54.464+0530][info][gc,phases   ] GC(115) Concurrent Process Non-Strong References 1.040ms
[2025-12-18T08:24:54.464+0530][info][gc,phases   ] GC(115) Concurrent Reset Relocation Set 0.002ms
[2025-12-18T08:24:54.468+0530][info][gc          ] Allocation Stall (Worker-6) 42.285ms
[2025-12-18T08:24:54.468+0530][info][gc          ] Allocation Stall (Worker-5) 42.099ms
[2025-12-18T08:24:54.468+0530][info][gc          ] Allocation Stall (Worker-4) 41.410ms
[2025-12-18T08:24:54.468+0530][info][gc          ] Allocation Stall (Worker-7) 46.512ms
[2025-12-18T08:24:54.468+0530][info][gc          ] Allocation Stall (Worker-3) 46.439ms
[2025-12-18T08:24:54.468+0530][info][gc          ] Allocation Stall (Worker-1) 45.561ms
[2025-12-18T08:24:54.468+0530][info][gc          ] Allocation Stall (Worker-2) 45.560ms
[2025-12-18T08:24:54.468+0530][info][gc          ] Allocation Stall (Worker-0) 45.424ms
[2025-12-18T08:24:54.468+0530][info][gc,phases   ] GC(115) Concurrent Select Relocation Set 3.053ms
[2025-12-18T08:24:54.468+0530][info][gc,phases   ] GC(115) Pause Relocate Start 0.012ms
[2025-12-18T08:24:54.470+0530][info][gc,phases   ] GC(115) Concurrent Relocate 1.389ms
[2025-12-18T08:24:54.470+0530][info][gc,load     ] GC(115) Load: 0.00/0.00/0.00
[2025-12-18T08:24:54.470+0530][info][gc,mmu      ] GC(115) MMU: 2ms/91.4%, 5ms/96.6%, 10ms/98.3%, 20ms/99.1%, 50ms/99.6%, 100ms/99.8%
[2025-12-18T08:24:54.470+0530][info][gc,marking  ] GC(115) Mark: 2 stripe(s), 2 proactive flush(es), 1 terminate flush(es), 0 completion(s), 0 continuation(s) 
[2025-12-18T08:24:54.470+0530][info][gc,marking  ] GC(115) Mark Stack Usage: 32M
[2025-12-18T08:24:54.470+0530][info][gc,nmethod  ] GC(115) NMethods: 625 registered, 69 unregistered
[2025-12-18T08:24:54.470+0530][info][gc,metaspace] GC(115) Metaspace: 3M used, 4M committed, 1088M reserved
[2025-12-18T08:24:54.470+0530][info][gc,ref      ] GC(115) Soft: 157 encountered, 87 discovered, 0 enqueued
[2025-12-18T08:24:54.470+0530][info][gc,ref      ] GC(115) Weak: 539 encountered, 352 discovered, 0 enqueued
[2025-12-18T08:24:54.472+0530][info][gc,ref      ] GC(115) Final: 0 encountered, 0 discovered, 0 enqueued
[2025-12-18T08:24:54.472+0530][info][gc,ref      ] GC(115) Phantom: 7 encountered, 3 discovered, 0 enqueued
[2025-12-18T08:24:54.472+0530][info][gc,reloc    ] GC(115) Small Pages: 197 / 394M, Empty: 116M, Relocated: 1M, In-Place: 0
[2025-12-18T08:24:54.472+0530][info][gc,reloc    ] GC(115) Medium Pages: 1 / 16M, Empty: 0M, Relocated: 0M, In-Place: 0
[2025-12-18T08:24:54.472+0530][info][gc,reloc    ] GC(115) Large Pages: 1 / 6M, Empty: 0M, Relocated: 0M, In-Place: 0
[2025-12-18T08:24:54.472+0530][info][gc,reloc    ] GC(115) Forwarding Usage: 0M
[2025-12-18T08:24:54.472+0530][info][gc,heap     ] GC(115) Min Capacity: 512M(100%)
[2025-12-18T08:24:54.472+0530][info][gc,heap     ] GC(115) Max Capacity: 512M(100%)
[2025-12-18T08:24:54.472+0530][info][gc,heap     ] GC(115) Soft Max Capacity: 512M(100%)
[2025-12-18T08:24:54.472+0530][info][gc,heap     ] GC(115)                Mark Start          Mark End        Relocate Start      Relocate End           High               Low         
[2025-12-18T08:24:54.472+0530][info][gc,heap     ] GC(115)  Capacity:      512M (100%)        512M (100%)        512M (100%)        512M (100%)        512M (100%)        512M (100%)   
[2025-12-18T08:24:54.472+0530][info][gc,heap     ] GC(115)      Free:       96M (19%)           0M (0%)          102M (20%)         132M (26%)         132M (26%)           0M (0%)     
[2025-12-18T08:24:54.472+0530][info][gc,heap     ] GC(115)      Used:      416M (81%)         512M (100%)        410M (80%)         380M (74%)         512M (100%)        380M (74%)    
[2025-12-18T08:24:54.472+0530][info][gc,heap     ] GC(115)      Live:         -               248M (48%)         248M (48%)         248M (48%)            -                  -          
[2025-12-18T08:24:54.472+0530][info][gc,heap     ] GC(115) Allocated:         -                96M (19%)         110M (21%)         111M (22%)            -                  -          
[2025-12-18T08:24:54.472+0530][info][gc,heap     ] GC(115)   Garbage:         -               167M (33%)          51M (10%)          19M (4%)             -                  -          
[2025-12-18T08:24:54.472+0530][info][gc,heap     ] GC(115) Reclaimed:         -                  -               116M (23%)         147M (29%)            -                  -          
[2025-12-18T08:24:54.472+0530][info][gc          ] GC(115) Garbage Collection (Allocation Stall) 416M(81%)->380M(74%)
[2025-12-18T08:24:54.526+0530][info][gc,start    ] GC(116) Garbage Collection (Allocation Stall)
[2025-12-18T08:24:54.526+0530][info][gc,ref      ] GC(116) Clearing All SoftReferences
[2025-12-18T08:24:54.526+0530][info][gc,task     ] GC(116) Using 2 workers
[2025-12-18T08:24:54.526+0530][info][gc,ref      ] GC(116) Clearing All SoftReferences
[2025-12-18T08:24:54.526+0530][info][gc,phases   ] GC(116) Pause Mark Start 0.051ms
[2025-12-18T08:24:54.668+0530][info][gc,phases   ] GC(116) Concurrent Mark 137.541ms
[2025-12-18T08:24:54.668+0530][info][gc,phases   ] GC(116) Pause Mark End 0.138ms
[2025-12-18T08:24:54.668+0530][info][gc,phases   ] GC(116) Concurrent Mark Free 0.001ms
[2025-12-18T08:24:54.668+0530][info][gc,phases   ] GC(116) Concurrent Process Non-Strong References 1.081ms
[2025-12-18T08:24:54.668+0530][info][gc,phases   ] GC(116) Concurrent Reset Relocation Set 0.002ms
[2025-12-18T08:24:54.668+0530][info][gc          ] Allocation Stall (Worker-0) 83.587ms
[2025-12-18T08:24:54.668+0530][info][gc          ] Allocation Stall (Worker-4) 83.140ms
[2025-12-18T08:24:54.668+0530][info][gc          ] Allocation Stall (Worker-2) 82.480ms
[2025-12-18T08:24:54.668+0530][info][gc          ] Allocation Stall (Worker-7) 96.094ms
[2025-12-18T08:24:54.668+0530][info][gc          ] Allocation Stall (Worker-6) 87.684ms
[2025-12-18T08:24:54.668+0530][info][gc          ] Allocation Stall (Worker-1) 87.653ms
[2025-12-18T08:24:54.670+0530][info][gc          ] Allocation Stall (Worker-3) 84.883ms
[2025-12-18T08:24:54.670+0530][info][gc          ] Allocation Stall (Worker-5) 84.398ms
[2025-12-18T08:24:54.672+0530][info][gc,phases   ] GC(116) Concurrent Select Relocation Set 3.647ms
[2025-12-18T08:24:54.672+0530][info][gc,phases   ] GC(116) Pause Relocate Start 0.010ms
[2025-12-18T08:24:54.674+0530][info][gc,phases   ] GC(116) Concurrent Relocate 1.266ms
[2025-12-18T08:24:54.674+0530][info][gc,load     ] GC(116) Load: 0.00/0.00/0.00
[2025-12-18T08:24:54.674+0530][info][gc,mmu      ] GC(116) MMU: 2ms/91.4%, 5ms/96.6%, 10ms/98.3%, 20ms/99.1%, 50ms/99.6%, 100ms/99.8%
[2025-12-18T08:24:54.674+0530][info][gc,marking  ] GC(116) Mark: 2 stripe(s), 2 proactive flush(es), 1 terminate flush(es), 1 completion(s), 0 continuation(s) 
[2025-12-18T08:24:54.674+0530][info][gc,marking  ] GC(116) Mark Stack Usage: 32M
[2025-12-18T08:24:54.674+0530][info][gc,nmethod  ] GC(116) NMethods: 625 registered, 69 unregistered
[2025-12-18T08:24:54.674+0530][info][gc,metaspace] GC(116) Metaspace: 3M used, 4M committed, 1088M reserved
[2025-12-18T08:24:54.674+0530][info][gc,ref      ] GC(116) Soft: 157 encountered, 80 discovered, 0 enqueued
[2025-12-18T08:24:54.674+0530][info][gc,ref      ] GC(116) Weak: 539 encountered, 417 discovered, 0 enqueued
[2025-12-18T08:24:54.674+0530][info][gc,ref      ] GC(116) Final: 0 encountered, 0 discovered, 0 enqueued
[2025-12-18T08:24:54.674+0530][info][gc,ref      ] GC(116) Phantom: 7 encountered, 3 discovered, 0 enqueued
[2025-12-18T08:24:54.674+0530][info][gc,reloc    ] GC(116) Small Pages: 218 / 436M, Empty: 160M, Relocated: 1M, In-Place: 0
[2025-12-18T08:24:54.674+0530][info][gc,reloc    ] GC(116) Medium Pages: 1 / 16M, Empty: 0M, Relocated: 0M, In-Place: 0
[2025-12-18T08:24:54.674+0530][info][gc,reloc    ] GC(116) Large Pages: 1 / 6M, Empty: 0M, Relocated: 0M, In-Place: 0
[2025-12-18T08:24:54.674+0530][info][gc,reloc    ] GC(116) Forwarding Usage: 0M
[2025-12-18T08:24:54.674+0530][info][gc,heap     ] GC(116) Min Capacity: 512M(100%)
[2025-12-18T08:24:54.674+0530][info][gc,heap     ] GC(116) Max Capacity: 512M(100%)
[2025-12-18T08:24:54.676+0530][info][gc,heap     ] GC(116) Soft Max Capacity: 512M(100%)
[2025-12-18T08:24:54.676+0530][info][gc,heap     ] GC(116)                Mark Start          Mark End        Relocate Start      Relocate End           High               Low         
[2025-12-18T08:24:54.676+0530][info][gc,heap     ] GC(116)  Capacity:      512M (100%)        512M (100%)        512M (100%)        512M (100%)        512M (100%)        512M (100%)   
[2025-12-18T08:24:54.676+0530][info][gc,heap     ] GC(116)      Free:       54M (11%)           0M (0%)          144M (28%)         174M (34%)         174M (34%)           0M (0%)     
[2025-12-18T08:24:54.676+0530][info][gc,heap     ] GC(116)      Used:      458M (89%)         512M (100%)        368M (72%)         338M (66%)         512M (100%)        338M (66%)    
[2025-12-18T08:24:54.676+0530][info][gc,heap     ] GC(116)      Live:         -               248M (48%)         248M (48%)         248M (48%)            -                  -          
[2025-12-18T08:24:54.676+0530][info][gc,heap     ] GC(116) Allocated:         -                54M (11%)          70M (14%)          69M (14%)            -                  -          
[2025-12-18T08:24:54.676+0530][info][gc,heap     ] GC(116)   Garbage:         -               209M (41%)          49M (10%)          19M (4%)             -                  -          
[2025-12-18T08:24:54.676+0530][info][gc,heap     ] GC(116) Reclaimed:         -                  -               160M (31%)         189M (37%)            -                  -          
[2025-12-18T08:24:54.676+0530][info][gc          ] GC(116) Garbage Collection (Allocation Stall) 458M(89%)->338M(66%)
[2025-12-18T08:24:54.730+0530][info][gc,start    ] GC(117) Garbage Collection (Allocation Stall)
[2025-12-18T08:24:54.730+0530][info][gc,ref      ] GC(117) Clearing All SoftReferences
[2025-12-18T08:24:54.730+0530][info][gc,task     ] GC(117) Using 2 workers
[2025-12-18T08:24:54.730+0530][info][gc,ref      ] GC(117) Clearing All SoftReferences
[2025-12-18T08:24:54.730+0530][info][gc,phases   ] GC(117) Pause Mark Start 0.041ms
[2025-12-18T08:24:54.870+0530][info][gc,phases   ] GC(117) Concurrent Mark 137.341ms
[2025-12-18T08:24:54.870+0530][info][gc,phases   ] GC(117) Pause Mark End 0.018ms
[2025-12-18T08:24:54.870+0530][info][gc,phases   ] GC(117) Concurrent Mark Free 0.001ms
[2025-12-18T08:24:54.870+0530][info][gc,phases   ] GC(117) Concurrent Process Non-Strong References 1.005ms
[2025-12-18T08:24:54.870+0530][info][gc,phases   ] GC(117) Concurrent Reset Relocation Set 0.002ms
[2025-12-18T08:24:54.874+0530][info][gc          ] Allocation Stall (Worker-6) 35.249ms
[2025-12-18T08:24:54.874+0530][info][gc          ] Allocation Stall (Worker-0) 33.881ms
[2025-12-18T08:24:54.874+0530][info][gc          ] Allocation Stall (Worker-5) 43.294ms
[2025-12-18T08:24:54.874+0530][info][gc          ] Allocation Stall (Worker-7) 41.453ms
[2025-12-18T08:24:54.874+0530][info][gc          ] Allocation Stall (Worker-1) 41.865ms
[2025-12-18T08:24:54.874+0530][info][gc          ] Allocation Stall (Worker-3) 38.461ms
[2025-12-18T08:24:54.874+0530][info][gc          ] Allocation Stall (Worker-4) 37.218ms
[2025-12-18T08:24:54.874+0530][info][gc          ] Allocation Stall (Worker-2) 35.722ms
[2025-12-18T08:24:54.874+0530][info][gc,phases   ] GC(117) Concurrent Select Relocation Set 3.024ms
[2025-12-18T08:24:54.874+0530][info][gc,phases   ] GC(117) Pause Relocate Start 0.011ms
[2025-12-18T08:24:54.878+0530][info][gc,phases   ] GC(117) Concurrent Relocate 1.404ms
[2025-12-18T08:24:54.878+0530][info][gc,load     ] GC(117) Load: 0.00/0.00/0.00
[2025-12-18T08:24:54.878+0530][info][gc,mmu      ] GC(117) MMU: 2ms/91.4%, 5ms/96.6%, 10ms/98.3%, 20ms/99.1%, 50ms/99.6%, 100ms/99.8%
[2025-12-18T08:24:54.878+0530][info][gc,marking  ] GC(117) Mark: 2 stripe(s), 2 proactive flush(es), 1 terminate flush(es), 0 completion(s), 0 continuation(s) 
[2025-12-18T08:24:54.878+0530][info][gc,marking  ] GC(117) Mark Stack Usage: 32M
[2025-12-18T08:24:54.878+0530][info][gc,nmethod  ] GC(117) NMethods: 625 registered, 69 unregistered
[2025-12-18T08:24:54.878+0530][info][gc,metaspace] GC(117) Metaspace: 3M used, 4M committed, 1088M reserved
[2025-12-18T08:24:54.878+0530][info][gc,ref      ] GC(117) Soft: 157 encountered, 87 discovered, 0 enqueued
[2025-12-18T08:24:54.878+0530][info][gc,ref      ] GC(117) Weak: 539 encountered, 389 discovered, 0 enqueued
[2025-12-18T08:24:54.878+0530][info][gc,ref      ] GC(117) Final: 0 encountered, 0 discovered, 0 enqueued
[2025-12-18T08:24:54.878+0530][info][gc,ref      ] GC(117) Phantom: 7 encountered, 3 discovered, 0 enqueued
[2025-12-18T08:24:54.878+0530][info][gc,reloc    ] GC(117) Small Pages: 195 / 390M, Empty: 112M, Relocated: 1M, In-Place: 0
[2025-12-18T08:24:54.878+0530][info][gc,reloc    ] GC(117) Medium Pages: 1 / 16M, Empty: 0M, Relocated: 0M, In-Place: 0
[2025-12-18T08:24:54.878+0530][info][gc,reloc    ] GC(117) Large Pages: 1 / 6M, Empty: 0M, Relocated: 0M, In-Place: 0
[2025-12-18T08:24:54.878+0530][info][gc,reloc    ] GC(117) Forwarding Usage: 0M
[2025-12-18T08:24:54.878+0530][info][gc,heap     ] GC(117) Min Capacity: 512M(100%)
[2025-12-18T08:24:54.878+0530][info][gc,heap     ] GC(117) Max Capacity: 512M(100%)
[2025-12-18T08:24:54.878+0530][info][gc,heap     ] GC(117) Soft Max Capacity: 512M(100%)
[2025-12-18T08:24:54.878+0530][info][gc,heap     ] GC(117)                Mark Start          Mark End        Relocate Start      Relocate End           High               Low         
[2025-12-18T08:24:54.878+0530][info][gc,heap     ] GC(117)  Capacity:      512M (100%)        512M (100%)        512M (100%)        512M (100%)        512M (100%)        512M (100%)   
[2025-12-18T08:24:54.878+0530][info][gc,heap     ] GC(117)      Free:      100M (20%)           0M (0%)           96M (19%)         128M (25%)         128M (25%)           0M (0%)     
[2025-12-18T08:24:54.878+0530][info][gc,heap     ] GC(117)      Used:      412M (80%)         512M (100%)        416M (81%)         384M (75%)         512M (100%)        384M (75%)    
[2025-12-18T08:24:54.878+0530][info][gc,heap     ] GC(117)      Live:         -               248M (48%)         248M (48%)         248M (48%)            -                  -          
[2025-12-18T08:24:54.878+0530][info][gc,heap     ] GC(117) Allocated:         -               100M (20%)         116M (23%)         115M (23%)            -                  -          
[2025-12-18T08:24:54.878+0530][info][gc,heap     ] GC(117)   Garbage:         -               163M (32%)          51M (10%)          19M (4%)             -                  -          
[2025-12-18T08:24:54.878+0530][info][gc,heap     ] GC(117) Reclaimed:         -                  -               112M (22%)         143M (28%)            -                  -          
[2025-12-18T08:24:54.878+0530][info][gc          ] GC(117) Garbage Collection (Allocation Stall) 412M(80%)->384M(75%)
[2025-12-18T08:24:54.917+0530][info][gc,start    ] GC(118) Garbage Collection (Allocation Stall)
[2025-12-18T08:24:54.917+0530][info][gc,ref      ] GC(118) Clearing All SoftReferences
[2025-12-18T08:24:54.917+0530][info][gc,task     ] GC(118) Using 2 workers
[2025-12-18T08:24:54.917+0530][info][gc,ref      ] GC(118) Clearing All SoftReferences
[2025-12-18T08:24:54.917+0530][info][gc,phases   ] GC(118) Pause Mark Start 0.075ms
[2025-12-18T08:24:55.074+0530][info][gc,phases   ] GC(118) Concurrent Mark 156.174ms
[2025-12-18T08:24:55.074+0530][info][gc,phases   ] GC(118) Pause Mark End 0.105ms
[2025-12-18T08:24:55.074+0530][info][gc,phases   ] GC(118) Concurrent Mark Free 0.001ms
[2025-12-18T08:24:55.076+0530][info][gc,phases   ] GC(118) Concurrent Process Non-Strong References 2.468ms
[2025-12-18T08:24:55.076+0530][info][gc,phases   ] GC(118) Concurrent Reset Relocation Set 0.002ms
[2025-12-18T08:24:55.076+0530][info][gc          ] Allocation Stall (Worker-5) 48.240ms
[2025-12-18T08:24:55.076+0530][info][gc          ] Allocation Stall (Worker-7) 47.648ms
[2025-12-18T08:24:55.076+0530][info][gc          ] Allocation Stall (Worker-6) 46.611ms
[2025-12-18T08:24:55.076+0530][info][gc          ] Allocation Stall (Worker-4) 41.296ms
[2025-12-18T08:24:55.076+0530][info][gc          ] Allocation Stall (Worker-0) 50.260ms
[2025-12-18T08:24:55.076+0530][info][gc          ] Allocation Stall (Worker-1) 49.424ms
[2025-12-18T08:24:55.076+0530][info][gc          ] Allocation Stall (Worker-2) 54.416ms
[2025-12-18T08:24:55.076+0530][info][gc          ] Allocation Stall (Worker-3) 48.894ms
[2025-12-18T08:24:55.080+0530][info][gc,phases   ] GC(118) Concurrent Select Relocation Set 3.813ms
[2025-12-18T08:24:55.080+0530][info][gc,phases   ] GC(118) Pause Relocate Start 0.010ms
[2025-12-18T08:24:55.082+0530][info][gc,phases   ] GC(118) Concurrent Relocate 1.807ms
[2025-12-18T08:24:55.082+0530][info][gc,load     ] GC(118) Load: 0.00/0.00/0.00
[2025-12-18T08:24:55.084+0530][info][gc,mmu      ] GC(118) MMU: 2ms/91.4%, 5ms/96.6%, 10ms/98.3%, 20ms/99.1%, 50ms/99.6%, 100ms/99.8%
[2025-12-18T08:24:55.084+0530][info][gc,marking  ] GC(118) Mark: 2 stripe(s), 2 proactive flush(es), 1 terminate flush(es), 1 completion(s), 0 continuation(s) 
[2025-12-18T08:24:55.084+0530][info][gc,marking  ] GC(118) Mark Stack Usage: 32M
[2025-12-18T08:24:55.084+0530][info][gc,nmethod  ] GC(118) NMethods: 639 registered, 69 unregistered
[2025-12-18T08:24:55.084+0530][info][gc,metaspace] GC(118) Metaspace: 3M used, 4M committed, 1088M reserved
[2025-12-18T08:24:55.084+0530][info][gc,ref      ] GC(118) Soft: 157 encountered, 87 discovered, 0 enqueued
[2025-12-18T08:24:55.084+0530][info][gc,ref      ] GC(118) Weak: 539 encountered, 415 discovered, 0 enqueued
[2025-12-18T08:24:55.084+0530][info][gc,ref      ] GC(118) Final: 0 encountered, 0 discovered, 0 enqueued
[2025-12-18T08:24:55.084+0530][info][gc,ref      ] GC(118) Phantom: 7 encountered, 5 discovered, 0 enqueued
[2025-12-18T08:24:55.084+0530][info][gc,reloc    ] GC(118) Small Pages: 205 / 410M, Empty: 132M, Relocated: 1M, In-Place: 0
[2025-12-18T08:24:55.084+0530][info][gc,reloc    ] GC(118) Medium Pages: 1 / 16M, Empty: 0M, Relocated: 0M, In-Place: 0
[2025-12-18T08:24:55.084+0530][info][gc,reloc    ] GC(118) Large Pages: 1 / 6M, Empty: 0M, Relocated: 0M, In-Place: 0
[2025-12-18T08:24:55.084+0530][info][gc,reloc    ] GC(118) Forwarding Usage: 0M
[2025-12-18T08:24:55.084+0530][info][gc,heap     ] GC(118) Min Capacity: 512M(100%)
[2025-12-18T08:24:55.084+0530][info][gc,heap     ] GC(118) Max Capacity: 512M(100%)
[2025-12-18T08:24:55.084+0530][info][gc,heap     ] GC(118) Soft Max Capacity: 512M(100%)
[2025-12-18T08:24:55.084+0530][info][gc,heap     ] GC(118)                Mark Start          Mark End        Relocate Start      Relocate End           High               Low         
[2025-12-18T08:24:55.084+0530][info][gc,heap     ] GC(118)  Capacity:      512M (100%)        512M (100%)        512M (100%)        512M (100%)        512M (100%)        512M (100%)   
[2025-12-18T08:24:55.084+0530][info][gc,heap     ] GC(118)      Free:       80M (16%)           0M (0%)          116M (23%)         148M (29%)         148M (29%)           0M (0%)     
[2025-12-18T08:24:55.084+0530][info][gc,heap     ] GC(118)      Used:      432M (84%)         512M (100%)        396M (77%)         364M (71%)         512M (100%)        364M (71%)    
[2025-12-18T08:24:55.084+0530][info][gc,heap     ] GC(118)      Live:         -               248M (48%)         248M (48%)         248M (48%)            -                  -          
[2025-12-18T08:24:55.084+0530][info][gc,heap     ] GC(118) Allocated:         -                80M (16%)          96M (19%)          95M (19%)            -                  -          
[2025-12-18T08:24:55.084+0530][info][gc,heap     ] GC(118)   Garbage:         -               183M (36%)          51M (10%)          19M (4%)             -                  -          
[2025-12-18T08:24:55.084+0530][info][gc,heap     ] GC(118) Reclaimed:         -                  -               132M (26%)         163M (32%)            -                  -          
[2025-12-18T08:24:55.084+0530][info][gc          ] GC(118) Garbage Collection (Allocation Stall) 432M(84%)->364M(71%)
[2025-12-18T08:24:55.122+0530][info][gc,start    ] GC(119) Garbage Collection (Allocation Stall)
[2025-12-18T08:24:55.122+0530][info][gc,ref      ] GC(119) Clearing All SoftReferences
[2025-12-18T08:24:55.122+0530][info][gc,task     ] GC(119) Using 2 workers
[2025-12-18T08:24:55.122+0530][info][gc,ref      ] GC(119) Clearing All SoftReferences
[2025-12-18T08:24:55.122+0530][info][gc,phases   ] GC(119) Pause Mark Start 0.054ms
[2025-12-18T08:24:55.289+0530][info][gc,phases   ] GC(119) Concurrent Mark 165.199ms
[2025-12-18T08:24:55.289+0530][info][gc,phases   ] GC(119) Pause Mark End 0.081ms
[2025-12-18T08:24:55.289+0530][info][gc,phases   ] GC(119) Concurrent Mark Free 0.001ms
[2025-12-18T08:24:55.290+0530][info][gc,phases   ] GC(119) Concurrent Process Non-Strong References 1.202ms
[2025-12-18T08:24:55.290+0530][info][gc,phases   ] GC(119) Concurrent Reset Relocation Set 0.002ms
[2025-12-18T08:24:55.293+0530][info][gc          ] Allocation Stall (Worker-0) 48.098ms
[2025-12-18T08:24:55.293+0530][info][gc          ] Allocation Stall (Worker-1) 54.008ms
[2025-12-18T08:24:55.293+0530][info][gc          ] Allocation Stall (Worker-7) 51.640ms
[2025-12-18T08:24:55.293+0530][info][gc          ] Allocation Stall (Worker-5) 53.600ms
[2025-12-18T08:24:55.293+0530][info][gc          ] Allocation Stall (Worker-3) 42.571ms
[2025-12-18T08:24:55.293+0530][info][gc          ] Allocation Stall (Worker-6) 65.479ms
[2025-12-18T08:24:55.293+0530][info][gc          ] Allocation Stall (Worker-4) 55.627ms
[2025-12-18T08:24:55.293+0530][info][gc          ] Allocation Stall (Worker-2) 55.139ms
[2025-12-18T08:24:55.293+0530][info][gc,phases   ] GC(119) Concurrent Select Relocation Set 3.046ms
[2025-12-18T08:24:55.305+0530][info][gc,phases   ] GC(119) Pause Relocate Start 0.014ms
[2025-12-18T08:24:55.329+0530][info][gc,phases   ] GC(119) Concurrent Relocate 1.634ms
[2025-12-18T08:24:55.329+0530][info][gc,load     ] GC(119) Load: 0.00/0.00/0.00
[2025-12-18T08:24:55.329+0530][info][gc,mmu      ] GC(119) MMU: 2ms/91.4%, 5ms/96.6%, 10ms/98.3%, 20ms/99.1%, 50ms/99.6%, 100ms/99.8%
[2025-12-18T08:24:55.329+0530][info][gc,marking  ] GC(119) Mark: 2 stripe(s), 2 proactive flush(es), 1 terminate flush(es), 1 completion(s), 0 continuation(s) 
[2025-12-18T08:24:55.329+0530][info][gc,marking  ] GC(119) Mark Stack Usage: 32M
[2025-12-18T08:24:55.329+0530][info][gc,nmethod  ] GC(119) NMethods: 639 registered, 69 unregistered
[2025-12-18T08:24:55.329+0530][info][gc,metaspace] GC(119) Metaspace: 3M used, 4M committed, 1088M reserved
[2025-12-18T08:24:55.329+0530][info][gc,ref      ] GC(119) Soft: 157 encountered, 79 discovered, 0 enqueued
[2025-12-18T08:24:55.329+0530][info][gc,ref      ] GC(119) Weak: 539 encountered, 417 discovered, 0 enqueued
[2025-12-18T08:24:55.329+0530][info][gc,ref      ] GC(119) Final: 0 encountered, 0 discovered, 0 enqueued
[2025-12-18T08:24:55.329+0530][info][gc,ref      ] GC(119) Phantom: 7 encountered, 2 discovered, 0 enqueued
[2025-12-18T08:24:55.329+0530][info][gc,reloc    ] GC(119) Small Pages: 194 / 388M, Empty: 108M, Relocated: 1M, In-Place: 0
[2025-12-18T08:24:55.329+0530][info][gc,reloc    ] GC(119) Medium Pages: 1 / 16M, Empty: 0M, Relocated: 0M, In-Place: 0
[2025-12-18T08:24:55.329+0530][info][gc,reloc    ] GC(119) Large Pages: 1 / 6M, Empty: 0M, Relocated: 0M, In-Place: 0
[2025-12-18T08:24:55.329+0530][info][gc,reloc    ] GC(119) Forwarding Usage: 0M
[2025-12-18T08:24:55.329+0530][info][gc,heap     ] GC(119) Min Capacity: 512M(100%)
[2025-12-18T08:24:55.329+0530][info][gc,heap     ] GC(119) Max Capacity: 512M(100%)
[2025-12-18T08:24:55.329+0530][info][gc,heap     ] GC(119) Soft Max Capacity: 512M(100%)
[2025-12-18T08:24:55.329+0530][info][gc,heap     ] GC(119)                Mark Start          Mark End        Relocate Start      Relocate End           High               Low         
[2025-12-18T08:24:55.329+0530][info][gc,heap     ] GC(119)  Capacity:      512M (100%)        512M (100%)        512M (100%)        512M (100%)        512M (100%)        512M (100%)   
[2025-12-18T08:24:55.329+0530][info][gc,heap     ] GC(119)      Free:      102M (20%)           0M (0%)           94M (18%)         106M (21%)         108M (21%)           0M (0%)     
[2025-12-18T08:24:55.329+0530][info][gc,heap     ] GC(119)      Used:      410M (80%)         512M (100%)        418M (82%)         406M (79%)         512M (100%)        404M (79%)    
[2025-12-18T08:24:55.329+0530][info][gc,heap     ] GC(119)      Live:         -               248M (48%)         248M (48%)         248M (48%)            -                  -          
[2025-12-18T08:24:55.329+0530][info][gc,heap     ] GC(119) Allocated:         -               102M (20%)         116M (23%)         137M (27%)            -                  -          
[2025-12-18T08:24:55.329+0530][info][gc,heap     ] GC(119)   Garbage:         -               161M (32%)          53M (11%)          20M (4%)             -                  -          
[2025-12-18T08:24:55.329+0530][info][gc,heap     ] GC(119) Reclaimed:         -                  -               108M (21%)         141M (28%)            -                  -          
[2025-12-18T08:24:55.329+0530][info][gc          ] GC(119) Garbage Collection (Allocation Stall) 410M(80%)->406M(79%)
[2025-12-18T08:24:55.415+0530][info][gc,start    ] GC(120) Garbage Collection (Allocation Stall)
[2025-12-18T08:24:55.415+0530][info][gc,ref      ] GC(120) Clearing All SoftReferences
[2025-12-18T08:24:55.415+0530][info][gc,task     ] GC(120) Using 2 workers
[2025-12-18T08:24:55.416+0530][info][gc,ref      ] GC(120) Clearing All SoftReferences
[2025-12-18T08:24:55.416+0530][info][gc,phases   ] GC(120) Pause Mark Start 0.041ms
[2025-12-18T08:24:55.503+0530][info][gc,phases   ] GC(120) Concurrent Mark 87.027ms
[2025-12-18T08:24:55.503+0530][info][gc,phases   ] GC(120) Pause Mark End 0.021ms
[2025-12-18T08:24:55.503+0530][info][gc,phases   ] GC(120) Concurrent Mark Free 0.002ms
[2025-12-18T08:24:55.504+0530][info][gc,phases   ] GC(120) Concurrent Process Non-Strong References 1.101ms
[2025-12-18T08:24:55.504+0530][info][gc,phases   ] GC(120) Concurrent Reset Relocation Set 0.002ms
[2025-12-18T08:24:55.504+0530][info][gc          ] Allocation Stall (Worker-3) 88.679ms
[2025-12-18T08:24:55.504+0530][info][gc          ] Allocation Stall (Worker-7) 88.679ms
[2025-12-18T08:24:55.504+0530][info][gc          ] Allocation Stall (Worker-0) 88.660ms
[2025-12-18T08:24:55.504+0530][info][gc          ] Allocation Stall (Worker-5) 89.306ms
[2025-12-18T08:24:55.504+0530][info][gc          ] Allocation Stall (Worker-4) 88.755ms
[2025-12-18T08:24:55.504+0530][info][gc          ] Allocation Stall (Worker-2) 88.788ms
[2025-12-18T08:24:55.504+0530][info][gc          ] Allocation Stall (Worker-6) 88.829ms
[2025-12-18T08:24:55.504+0530][info][gc          ] Allocation Stall (Worker-1) 88.883ms
[2025-12-18T08:24:55.508+0530][info][gc,phases   ] GC(120) Concurrent Select Relocation Set 3.720ms
[2025-12-18T08:24:55.508+0530][info][gc,phases   ] GC(120) Pause Relocate Start 0.013ms
[2025-12-18T08:24:55.535+0530][info][gc,phases   ] GC(120) Concurrent Relocate 1.754ms
[2025-12-18T08:24:55.536+0530][info][gc,load     ] GC(120) Load: 0.00/0.00/0.00
[2025-12-18T08:24:55.536+0530][info][gc,mmu      ] GC(120) MMU: 2ms/91.4%, 5ms/96.6%, 10ms/98.3%, 20ms/99.1%, 50ms/99.6%, 100ms/99.8%
[2025-12-18T08:24:55.536+0530][info][gc,marking  ] GC(120) Mark: 2 stripe(s), 2 proactive flush(es), 1 terminate flush(es), 0 completion(s), 0 continuation(s) 
[2025-12-18T08:24:55.536+0530][info][gc,marking  ] GC(120) Mark Stack Usage: 32M
[2025-12-18T08:24:55.536+0530][info][gc,nmethod  ] GC(120) NMethods: 639 registered, 69 unregistered
[2025-12-18T08:24:55.536+0530][info][gc,metaspace] GC(120) Metaspace: 3M used, 4M committed, 1088M reserved
[2025-12-18T08:24:55.536+0530][info][gc,ref      ] GC(120) Soft: 157 encountered, 72 discovered, 0 enqueued
[2025-12-18T08:24:55.536+0530][info][gc,ref      ] GC(120) Weak: 539 encountered, 397 discovered, 0 enqueued
[2025-12-18T08:24:55.536+0530][info][gc,ref      ] GC(120) Final: 0 encountered, 0 discovered, 0 enqueued
[2025-12-18T08:24:55.536+0530][info][gc,ref      ] GC(120) Phantom: 7 encountered, 3 discovered, 0 enqueued
[2025-12-18T08:24:55.536+0530][info][gc,reloc    ] GC(120) Small Pages: 245 / 490M, Empty: 194M, Relocated: 1M, In-Place: 0
[2025-12-18T08:24:55.536+0530][info][gc,reloc    ] GC(120) Medium Pages: 1 / 16M, Empty: 0M, Relocated: 0M, In-Place: 0
[2025-12-18T08:24:55.536+0530][info][gc,reloc    ] GC(120) Large Pages: 1 / 6M, Empty: 0M, Relocated: 0M, In-Place: 0
[2025-12-18T08:24:55.536+0530][info][gc,reloc    ] GC(120) Forwarding Usage: 0M
[2025-12-18T08:24:55.536+0530][info][gc,heap     ] GC(120) Min Capacity: 512M(100%)
[2025-12-18T08:24:55.536+0530][info][gc,heap     ] GC(120) Max Capacity: 512M(100%)
[2025-12-18T08:24:55.536+0530][info][gc,heap     ] GC(120) Soft Max Capacity: 512M(100%)
[2025-12-18T08:24:55.536+0530][info][gc,heap     ] GC(120)                Mark Start          Mark End        Relocate Start      Relocate End           High               Low         
[2025-12-18T08:24:55.536+0530][info][gc,heap     ] GC(120)  Capacity:      512M (100%)        512M (100%)        512M (100%)        512M (100%)        512M (100%)        512M (100%)   
[2025-12-18T08:24:55.536+0530][info][gc,heap     ] GC(120)      Free:        0M (0%)            0M (0%)          180M (35%)         200M (39%)         200M (39%)           0M (0%)     
[2025-12-18T08:24:55.536+0530][info][gc,heap     ] GC(120)      Used:      512M (100%)        512M (100%)        332M (65%)         312M (61%)         512M (100%)        312M (61%)    
[2025-12-18T08:24:55.536+0530][info][gc,heap     ] GC(120)      Live:         -               248M (48%)         248M (48%)         248M (48%)            -                  -          
[2025-12-18T08:24:55.536+0530][info][gc,heap     ] GC(120) Allocated:         -                 0M (0%)           14M (3%)           43M (9%)             -                  -          
[2025-12-18T08:24:55.536+0530][info][gc,heap     ] GC(120)   Garbage:         -               263M (52%)          69M (14%)          20M (4%)             -                  -          
[2025-12-18T08:24:55.536+0530][info][gc,heap     ] GC(120) Reclaimed:         -                  -               194M (38%)         243M (48%)            -                  -          
[2025-12-18T08:24:55.536+0530][info][gc          ] GC(120) Garbage Collection (Allocation Stall) 512M(100%)->312M(61%)
[2025-12-18T08:24:55.617+0530][info][gc,start    ] GC(121) Garbage Collection (Allocation Stall)
[2025-12-18T08:24:55.617+0530][info][gc,ref      ] GC(121) Clearing All SoftReferences
[2025-12-18T08:24:55.617+0530][info][gc,task     ] GC(121) Using 2 workers
[2025-12-18T08:24:55.617+0530][info][gc,ref      ] GC(121) Clearing All SoftReferences
[2025-12-18T08:24:55.617+0530][info][gc,phases   ] GC(121) Pause Mark Start 0.096ms
[2025-12-18T08:24:55.752+0530][info][gc,phases   ] GC(121) Concurrent Mark 125.827ms
[2025-12-18T08:24:55.752+0530][info][gc,phases   ] GC(121) Pause Mark End 0.094ms
[2025-12-18T08:24:55.752+0530][info][gc,phases   ] GC(121) Concurrent Mark Free 0.001ms
[2025-12-18T08:24:55.753+0530][info][gc,phases   ] GC(121) Concurrent Process Non-Strong References 1.144ms
[2025-12-18T08:24:55.753+0530][info][gc,phases   ] GC(121) Concurrent Reset Relocation Set 0.004ms
[2025-12-18T08:24:55.756+0530][info][gc          ] Allocation Stall (Worker-1) 57.613ms
[2025-12-18T08:24:55.756+0530][info][gc          ] Allocation Stall (Worker-4) 57.675ms
[2025-12-18T08:24:55.756+0530][info][gc          ] Allocation Stall (Worker-6) 57.598ms
[2025-12-18T08:24:55.756+0530][info][gc          ] Allocation Stall (Worker-2) 62.287ms
[2025-12-18T08:24:55.756+0530][info][gc          ] Allocation Stall (Worker-5) 59.379ms
[2025-12-18T08:24:55.756+0530][info][gc          ] Allocation Stall (Worker-3) 59.006ms
[2025-12-18T08:24:55.756+0530][info][gc          ] Allocation Stall (Worker-7) 58.301ms
[2025-12-18T08:24:55.756+0530][info][gc          ] Allocation Stall (Worker-0) 58.158ms
[2025-12-18T08:24:55.756+0530][info][gc,phases   ] GC(121) Concurrent Select Relocation Set 3.200ms
[2025-12-18T08:24:55.757+0530][info][gc,phases   ] GC(121) Pause Relocate Start 0.011ms
[2025-12-18T08:24:55.786+0530][info][gc,phases   ] GC(121) Concurrent Relocate 1.844ms
[2025-12-18T08:24:55.787+0530][info][gc,load     ] GC(121) Load: 0.00/0.00/0.00
[2025-12-18T08:24:55.787+0530][info][gc,mmu      ] GC(121) MMU: 2ms/91.4%, 5ms/96.6%, 10ms/98.3%, 20ms/99.1%, 50ms/99.6%, 100ms/99.8%
[2025-12-18T08:24:55.787+0530][info][gc,marking  ] GC(121) Mark: 2 stripe(s), 2 proactive flush(es), 1 terminate flush(es), 1 completion(s), 0 continuation(s) 
[2025-12-18T08:24:55.787+0530][info][gc,marking  ] GC(121) Mark Stack Usage: 32M
[2025-12-18T08:24:55.787+0530][info][gc,nmethod  ] GC(121) NMethods: 639 registered, 69 unregistered
[2025-12-18T08:24:55.787+0530][info][gc,metaspace] GC(121) Metaspace: 3M used, 4M committed, 1088M reserved
[2025-12-18T08:24:55.787+0530][info][gc,ref      ] GC(121) Soft: 157 encountered, 85 discovered, 0 enqueued
[2025-12-18T08:24:55.787+0530][info][gc,ref      ] GC(121) Weak: 539 encountered, 442 discovered, 0 enqueued
[2025-12-18T08:24:55.787+0530][info][gc,ref      ] GC(121) Final: 0 encountered, 0 discovered, 0 enqueued
[2025-12-18T08:24:55.787+0530][info][gc,ref      ] GC(121) Phantom: 7 encountered, 5 discovered, 0 enqueued
[2025-12-18T08:24:55.787+0530][info][gc,reloc    ] GC(121) Small Pages: 202 / 404M, Empty: 96M, Relocated: 1M, In-Place: 0
[2025-12-18T08:24:55.787+0530][info][gc,reloc    ] GC(121) Medium Pages: 1 / 16M, Empty: 0M, Relocated: 0M, In-Place: 0
[2025-12-18T08:24:55.787+0530][info][gc,reloc    ] GC(121) Large Pages: 1 / 6M, Empty: 0M, Relocated: 0M, In-Place: 0
[2025-12-18T08:24:55.787+0530][info][gc,reloc    ] GC(121) Forwarding Usage: 0M
[2025-12-18T08:24:55.787+0530][info][gc,heap     ] GC(121) Min Capacity: 512M(100%)
[2025-12-18T08:24:55.787+0530][info][gc,heap     ] GC(121) Max Capacity: 512M(100%)
[2025-12-18T08:24:55.787+0530][info][gc,heap     ] GC(121) Soft Max Capacity: 512M(100%)
[2025-12-18T08:24:55.787+0530][info][gc,heap     ] GC(121)                Mark Start          Mark End        Relocate Start      Relocate End           High               Low         
[2025-12-18T08:24:55.787+0530][info][gc,heap     ] GC(121)  Capacity:      512M (100%)        512M (100%)        512M (100%)        512M (100%)        512M (100%)        512M (100%)   
[2025-12-18T08:24:55.787+0530][info][gc,heap     ] GC(121)      Free:       86M (17%)           0M (0%)           84M (16%)         118M (23%)         118M (23%)           0M (0%)     
[2025-12-18T08:24:55.787+0530][info][gc,heap     ] GC(121)      Used:      426M (83%)         512M (100%)        428M (84%)         394M (77%)         512M (100%)        394M (77%)    
[2025-12-18T08:24:55.788+0530][info][gc,heap     ] GC(121)      Live:         -               248M (48%)         248M (48%)         248M (48%)            -                  -          
[2025-12-18T08:24:55.788+0530][info][gc,heap     ] GC(121) Allocated:         -                86M (17%)          98M (19%)         125M (25%)            -                  -          
[2025-12-18T08:24:55.788+0530][info][gc,heap     ] GC(121)   Garbage:         -               177M (35%)          81M (16%)          20M (4%)             -                  -          
[2025-12-18T08:24:55.788+0530][info][gc,heap     ] GC(121) Reclaimed:         -                  -                96M (19%)         157M (31%)            -                  -          
[2025-12-18T08:24:55.788+0530][info][gc          ] GC(121) Garbage Collection (Allocation Stall) 426M(83%)->394M(77%)
[2025-12-18T08:24:55.816+0530][info][gc,start    ] GC(122) Garbage Collection (Allocation Stall)
[2025-12-18T08:24:55.816+0530][info][gc,ref      ] GC(122) Clearing All SoftReferences
[2025-12-18T08:24:55.816+0530][info][gc,task     ] GC(122) Using 2 workers
[2025-12-18T08:24:55.816+0530][info][gc,ref      ] GC(122) Clearing All SoftReferences
[2025-12-18T08:24:55.816+0530][info][gc,phases   ] GC(122) Pause Mark Start 0.047ms
[2025-12-18T08:24:55.947+0530][info][gc,phases   ] GC(122) Concurrent Mark 128.790ms
[2025-12-18T08:24:55.947+0530][info][gc,phases   ] GC(122) Pause Mark End 0.092ms
[2025-12-18T08:24:55.947+0530][info][gc,phases   ] GC(122) Concurrent Mark Free 0.001ms
[2025-12-18T08:24:55.948+0530][info][gc,phases   ] GC(122) Concurrent Process Non-Strong References 1.042ms
[2025-12-18T08:24:55.948+0530][info][gc,phases   ] GC(122) Concurrent Reset Relocation Set 0.005ms
[2025-12-18T08:24:55.951+0530][info][gc          ] Allocation Stall (Worker-1) 61.420ms
[2025-12-18T08:24:55.951+0530][info][gc          ] Allocation Stall (Worker-3) 61.142ms
[2025-12-18T08:24:55.951+0530][info][gc          ] Allocation Stall (Worker-4) 57.600ms
[2025-12-18T08:24:55.951+0530][info][gc          ] Allocation Stall (Worker-6) 69.481ms
[2025-12-18T08:24:55.951+0530][info][gc          ] Allocation Stall (Worker-7) 67.055ms
[2025-12-18T08:24:55.951+0530][info][gc          ] Allocation Stall (Worker-2) 64.843ms
[2025-12-18T08:24:55.951+0530][info][gc          ] Allocation Stall (Worker-0) 64.673ms
[2025-12-18T08:24:55.951+0530][info][gc          ] Allocation Stall (Worker-5) 61.864ms
[2025-12-18T08:24:55.951+0530][info][gc,phases   ] GC(122) Concurrent Select Relocation Set 3.140ms
[2025-12-18T08:24:55.952+0530][info][gc,phases   ] GC(122) Pause Relocate Start 0.012ms
[2025-12-18T08:24:55.964+0530][info][gc,phases   ] GC(122) Concurrent Relocate 1.782ms
[2025-12-18T08:24:55.964+0530][info][gc,load     ] GC(122) Load: 0.00/0.00/0.00
[2025-12-18T08:24:55.964+0530][info][gc,mmu      ] GC(122) MMU: 2ms/91.4%, 5ms/96.6%, 10ms/98.3%, 20ms/99.1%, 50ms/99.6%, 100ms/99.8%
[2025-12-18T08:24:55.964+0530][info][gc,marking  ] GC(122) Mark: 2 stripe(s), 2 proactive flush(es), 1 terminate flush(es), 1 completion(s), 0 continuation(s) 
[2025-12-18T08:24:55.964+0530][info][gc,marking  ] GC(122) Mark Stack Usage: 32M
[2025-12-18T08:24:55.964+0530][info][gc,nmethod  ] GC(122) NMethods: 639 registered, 69 unregistered
[2025-12-18T08:24:55.964+0530][info][gc,metaspace] GC(122) Metaspace: 3M used, 4M committed, 1088M reserved
[2025-12-18T08:24:55.964+0530][info][gc,ref      ] GC(122) Soft: 157 encountered, 89 discovered, 0 enqueued
[2025-12-18T08:24:55.964+0530][info][gc,ref      ] GC(122) Weak: 539 encountered, 403 discovered, 0 enqueued
[2025-12-18T08:24:55.964+0530][info][gc,ref      ] GC(122) Final: 0 encountered, 0 discovered, 0 enqueued
[2025-12-18T08:24:55.964+0530][info][gc,ref      ] GC(122) Phantom: 7 encountered, 3 discovered, 0 enqueued
[2025-12-18T08:24:55.964+0530][info][gc,reloc    ] GC(122) Small Pages: 210 / 420M, Empty: 116M, Relocated: 1M, In-Place: 0
[2025-12-18T08:24:55.964+0530][info][gc,reloc    ] GC(122) Medium Pages: 1 / 16M, Empty: 0M, Relocated: 0M, In-Place: 0
[2025-12-18T08:24:55.964+0530][info][gc,reloc    ] GC(122) Large Pages: 1 / 6M, Empty: 0M, Relocated: 0M, In-Place: 0
[2025-12-18T08:24:55.964+0530][info][gc,reloc    ] GC(122) Forwarding Usage: 0M
[2025-12-18T08:24:55.964+0530][info][gc,heap     ] GC(122) Min Capacity: 512M(100%)
[2025-12-18T08:24:55.964+0530][info][gc,heap     ] GC(122) Max Capacity: 512M(100%)
[2025-12-18T08:24:55.964+0530][info][gc,heap     ] GC(122) Soft Max Capacity: 512M(100%)
[2025-12-18T08:24:55.964+0530][info][gc,heap     ] GC(122)                Mark Start          Mark End        Relocate Start      Relocate End           High               Low         
[2025-12-18T08:24:55.964+0530][info][gc,heap     ] GC(122)  Capacity:      512M (100%)        512M (100%)        512M (100%)        512M (100%)        512M (100%)        512M (100%)   
[2025-12-18T08:24:55.964+0530][info][gc,heap     ] GC(122)      Free:       70M (14%)           0M (0%)          102M (20%)         156M (30%)         156M (30%)           0M (0%)     
[2025-12-18T08:24:55.964+0530][info][gc,heap     ] GC(122)      Used:      442M (86%)         512M (100%)        410M (80%)         356M (70%)         512M (100%)        356M (70%)    
[2025-12-18T08:24:55.964+0530][info][gc,heap     ] GC(122)      Live:         -               248M (48%)         248M (48%)         248M (48%)            -                  -          
[2025-12-18T08:24:55.964+0530][info][gc,heap     ] GC(122) Allocated:         -                70M (14%)          84M (16%)          87M (17%)            -                  -          
[2025-12-18T08:24:55.964+0530][info][gc,heap     ] GC(122)   Garbage:         -               193M (38%)          77M (15%)          19M (4%)             -                  -          
[2025-12-18T08:24:55.965+0530][info][gc,heap     ] GC(122) Reclaimed:         -                  -               116M (23%)         173M (34%)            -                  -          
[2025-12-18T08:24:55.965+0530][info][gc          ] GC(122) Garbage Collection (Allocation Stall) 442M(86%)->356M(70%)
[2025-12-18T08:24:56.017+0530][info][gc,start    ] GC(123) Garbage Collection (Allocation Stall)
[2025-12-18T08:24:56.017+0530][info][gc,ref      ] GC(123) Clearing All SoftReferences
[2025-12-18T08:24:56.017+0530][info][gc,task     ] GC(123) Using 2 workers
[2025-12-18T08:24:56.017+0530][info][gc,ref      ] GC(123) Clearing All SoftReferences
[2025-12-18T08:24:56.017+0530][info][gc,phases   ] GC(123) Pause Mark Start 0.052ms
[2025-12-18T08:24:56.152+0530][info][gc,phases   ] GC(123) Concurrent Mark 134.096ms
[2025-12-18T08:24:56.152+0530][info][gc,phases   ] GC(123) Pause Mark End 0.113ms
[2025-12-18T08:24:56.152+0530][info][gc,phases   ] GC(123) Concurrent Mark Free 0.001ms
[2025-12-18T08:24:56.153+0530][info][gc,phases   ] GC(123) Concurrent Process Non-Strong References 1.058ms
[2025-12-18T08:24:56.153+0530][info][gc,phases   ] GC(123) Concurrent Reset Relocation Set 0.004ms
[2025-12-18T08:24:56.153+0530][info][gc          ] Allocation Stall (Worker-4) 63.037ms
[2025-12-18T08:24:56.153+0530][info][gc          ] Allocation Stall (Worker-3) 63.391ms
[2025-12-18T08:24:56.153+0530][info][gc          ] Allocation Stall (Worker-0) 59.334ms
[2025-12-18T08:24:56.153+0530][info][gc          ] Allocation Stall (Worker-6) 69.660ms
[2025-12-18T08:24:56.153+0530][info][gc          ] Allocation Stall (Worker-2) 60.580ms
[2025-12-18T08:24:56.153+0530][info][gc          ] Allocation Stall (Worker-5) 69.021ms
[2025-12-18T08:24:56.153+0530][info][gc          ] Allocation Stall (Worker-1) 68.176ms
[2025-12-18T08:24:56.153+0530][info][gc          ] Allocation Stall (Worker-7) 64.426ms
[2025-12-18T08:24:56.157+0530][info][gc,phases   ] GC(123) Concurrent Select Relocation Set 3.694ms
[2025-12-18T08:24:56.158+0530][info][gc,phases   ] GC(123) Pause Relocate Start 0.011ms
[2025-12-18T08:24:56.163+0530][info][gc,phases   ] GC(123) Concurrent Relocate 1.545ms
[2025-12-18T08:24:56.163+0530][info][gc,load     ] GC(123) Load: 0.00/0.00/0.00
[2025-12-18T08:24:56.163+0530][info][gc,mmu      ] GC(123) MMU: 2ms/91.4%, 5ms/96.6%, 10ms/98.3%, 20ms/99.1%, 50ms/99.6%, 100ms/99.8%
[2025-12-18T08:24:56.163+0530][info][gc,marking  ] GC(123) Mark: 2 stripe(s), 2 proactive flush(es), 1 terminate flush(es), 1 completion(s), 0 continuation(s) 
[2025-12-18T08:24:56.163+0530][info][gc,marking  ] GC(123) Mark Stack Usage: 32M
[2025-12-18T08:24:56.163+0530][info][gc,nmethod  ] GC(123) NMethods: 641 registered, 69 unregistered
[2025-12-18T08:24:56.163+0530][info][gc,metaspace] GC(123) Metaspace: 3M used, 4M committed, 1088M reserved
[2025-12-18T08:24:56.163+0530][info][gc,ref      ] GC(123) Soft: 157 encountered, 78 discovered, 0 enqueued
[2025-12-18T08:24:56.163+0530][info][gc,ref      ] GC(123) Weak: 539 encountered, 4 discovered, 0 enqueued
[2025-12-18T08:24:56.163+0530][info][gc,ref      ] GC(123) Final: 0 encountered, 0 discovered, 0 enqueued
[2025-12-18T08:24:56.163+0530][info][gc,ref      ] GC(123) Phantom: 7 encountered, 3 discovered, 0 enqueued
[2025-12-18T08:24:56.163+0530][info][gc,reloc    ] GC(123) Small Pages: 211 / 422M, Empty: 142M, Relocated: 1M, In-Place: 0
[2025-12-18T08:24:56.163+0530][info][gc,reloc    ] GC(123) Medium Pages: 1 / 16M, Empty: 0M, Relocated: 0M, In-Place: 0
[2025-12-18T08:24:56.163+0530][info][gc,reloc    ] GC(123) Large Pages: 1 / 6M, Empty: 0M, Relocated: 0M, In-Place: 0
[2025-12-18T08:24:56.163+0530][info][gc,reloc    ] GC(123) Forwarding Usage: 0M
[2025-12-18T08:24:56.164+0530][info][gc,heap     ] GC(123) Min Capacity: 512M(100%)
[2025-12-18T08:24:56.164+0530][info][gc,heap     ] GC(123) Max Capacity: 512M(100%)
[2025-12-18T08:24:56.164+0530][info][gc,heap     ] GC(123) Soft Max Capacity: 512M(100%)
[2025-12-18T08:24:56.164+0530][info][gc,heap     ] GC(123)                Mark Start          Mark End        Relocate Start      Relocate End           High               Low         
[2025-12-18T08:24:56.164+0530][info][gc,heap     ] GC(123)  Capacity:      512M (100%)        512M (100%)        512M (100%)        512M (100%)        512M (100%)        512M (100%)   
[2025-12-18T08:24:56.164+0530][info][gc,heap     ] GC(123)      Free:       68M (13%)           0M (0%)          128M (25%)         162M (32%)         162M (32%)           0M (0%)     
[2025-12-18T08:24:56.164+0530][info][gc,heap     ] GC(123)      Used:      444M (87%)         512M (100%)        384M (75%)         350M (68%)         512M (100%)        350M (68%)    
[2025-12-18T08:24:56.164+0530][info][gc,heap     ] GC(123)      Live:         -               248M (48%)         248M (48%)         248M (48%)            -                  -          
[2025-12-18T08:24:56.164+0530][info][gc,heap     ] GC(123) Allocated:         -                68M (13%)          82M (16%)          81M (16%)            -                  -          
[2025-12-18T08:24:56.164+0530][info][gc,heap     ] GC(123)   Garbage:         -               195M (38%)          53M (11%)          19M (4%)             -                  -          
[2025-12-18T08:24:56.164+0530][info][gc,heap     ] GC(123) Reclaimed:         -                  -               142M (28%)         175M (34%)            -                  -          
[2025-12-18T08:24:56.164+0530][info][gc          ] GC(123) Garbage Collection (Allocation Stall) 444M(87%)->350M(68%)
[2025-12-18T08:24:56.218+0530][info][gc,start    ] GC(124) Garbage Collection (Allocation Stall)
[2025-12-18T08:24:56.218+0530][info][gc,ref      ] GC(124) Clearing All SoftReferences
[2025-12-18T08:24:56.218+0530][info][gc,task     ] GC(124) Using 2 workers
[2025-12-18T08:24:56.218+0530][info][gc,ref      ] GC(124) Clearing All SoftReferences
[2025-12-18T08:24:56.218+0530][info][gc,phases   ] GC(124) Pause Mark Start 0.063ms
[2025-12-18T08:24:56.348+0530][info][gc,phases   ] GC(124) Concurrent Mark 128.176ms
[2025-12-18T08:24:56.348+0530][info][gc,phases   ] GC(124) Pause Mark End 0.092ms
[2025-12-18T08:24:56.348+0530][info][gc,phases   ] GC(124) Concurrent Mark Free 0.001ms
[2025-12-18T08:24:56.349+0530][info][gc,phases   ] GC(124) Concurrent Process Non-Strong References 1.049ms
[2025-12-18T08:24:56.349+0530][info][gc,phases   ] GC(124) Concurrent Reset Relocation Set 0.003ms
[2025-12-18T08:24:56.349+0530][info][gc          ] Allocation Stall (Worker-7) 60.488ms
[2025-12-18T08:24:56.349+0530][info][gc          ] Allocation Stall (Worker-5) 53.412ms
[2025-12-18T08:24:56.349+0530][info][gc          ] Allocation Stall (Worker-1) 52.570ms
[2025-12-18T08:24:56.349+0530][info][gc          ] Allocation Stall (Worker-0) 62.749ms
[2025-12-18T08:24:56.349+0530][info][gc          ] Allocation Stall (Worker-3) 62.246ms
[2025-12-18T08:24:56.349+0530][info][gc          ] Allocation Stall (Worker-4) 61.675ms
[2025-12-18T08:24:56.349+0530][info][gc          ] Allocation Stall (Worker-2) 62.380ms
[2025-12-18T08:24:56.349+0530][info][gc          ] Allocation Stall (Worker-6) 54.026ms
[2025-12-18T08:24:56.353+0530][info][gc,phases   ] GC(124) Concurrent Select Relocation Set 3.623ms
[2025-12-18T08:24:56.353+0530][info][gc,phases   ] GC(124) Pause Relocate Start 0.011ms
[2025-12-18T08:24:56.384+0530][info][gc,phases   ] GC(124) Concurrent Relocate 1.697ms
[2025-12-18T08:24:56.384+0530][info][gc,load     ] GC(124) Load: 0.00/0.00/0.00
[2025-12-18T08:24:56.384+0530][info][gc,mmu      ] GC(124) MMU: 2ms/91.4%, 5ms/96.6%, 10ms/98.3%, 20ms/99.1%, 50ms/99.6%, 100ms/99.8%
[2025-12-18T08:24:56.384+0530][info][gc,marking  ] GC(124) Mark: 2 stripe(s), 2 proactive flush(es), 1 terminate flush(es), 1 completion(s), 0 continuation(s) 
[2025-12-18T08:24:56.384+0530][info][gc,marking  ] GC(124) Mark Stack Usage: 32M
[2025-12-18T08:24:56.384+0530][info][gc,nmethod  ] GC(124) NMethods: 640 registered, 70 unregistered
[2025-12-18T08:24:56.384+0530][info][gc,metaspace] GC(124) Metaspace: 3M used, 4M committed, 1088M reserved
[2025-12-18T08:24:56.384+0530][info][gc,ref      ] GC(124) Soft: 157 encountered, 77 discovered, 0 enqueued
[2025-12-18T08:24:56.384+0530][info][gc,ref      ] GC(124) Weak: 539 encountered, 4 discovered, 0 enqueued
[2025-12-18T08:24:56.384+0530][info][gc,ref      ] GC(124) Final: 0 encountered, 0 discovered, 0 enqueued
[2025-12-18T08:24:56.384+0530][info][gc,ref      ] GC(124) Phantom: 7 encountered, 5 discovered, 0 enqueued
[2025-12-18T08:24:56.384+0530][info][gc,reloc    ] GC(124) Small Pages: 205 / 410M, Empty: 130M, Relocated: 1M, In-Place: 0
[2025-12-18T08:24:56.384+0530][info][gc,reloc    ] GC(124) Medium Pages: 1 / 16M, Empty: 0M, Relocated: 0M, In-Place: 0
[2025-12-18T08:24:56.384+0530][info][gc,reloc    ] GC(124) Large Pages: 1 / 6M, Empty: 0M, Relocated: 0M, In-Place: 0
[2025-12-18T08:24:56.384+0530][info][gc,reloc    ] GC(124) Forwarding Usage: 0M
[2025-12-18T08:24:56.384+0530][info][gc,heap     ] GC(124) Min Capacity: 512M(100%)
[2025-12-18T08:24:56.384+0530][info][gc,heap     ] GC(124) Max Capacity: 512M(100%)
[2025-12-18T08:24:56.384+0530][info][gc,heap     ] GC(124) Soft Max Capacity: 512M(100%)
[2025-12-18T08:24:56.384+0530][info][gc,heap     ] GC(124)                Mark Start          Mark End        Relocate Start      Relocate End           High               Low         
[2025-12-18T08:24:56.384+0530][info][gc,heap     ] GC(124)  Capacity:      512M (100%)        512M (100%)        512M (100%)        512M (100%)        512M (100%)        512M (100%)   
[2025-12-18T08:24:56.384+0530][info][gc,heap     ] GC(124)      Free:       80M (16%)           0M (0%)          118M (23%)         120M (23%)         128M (25%)           0M (0%)     
[2025-12-18T08:24:56.384+0530][info][gc,heap     ] GC(124)      Used:      432M (84%)         512M (100%)        394M (77%)         392M (77%)         512M (100%)        384M (75%)    
[2025-12-18T08:24:56.384+0530][info][gc,heap     ] GC(124)      Live:         -               248M (48%)         248M (48%)         248M (48%)            -                  -          
[2025-12-18T08:24:56.384+0530][info][gc,heap     ] GC(124) Allocated:         -                80M (16%)          92M (18%)         123M (24%)            -                  -          
[2025-12-18T08:24:56.384+0530][info][gc,heap     ] GC(124)   Garbage:         -               183M (36%)          53M (11%)          20M (4%)             -                  -          
[2025-12-18T08:24:56.385+0530][info][gc,heap     ] GC(124) Reclaimed:         -                  -               130M (25%)         163M (32%)            -                  -          
[2025-12-18T08:24:56.385+0530][info][gc          ] GC(124) Garbage Collection (Allocation Stall) 432M(84%)->392M(77%)
[2025-12-18T08:24:56.417+0530][info][gc,start    ] GC(125) Garbage Collection (Allocation Stall)
[2025-12-18T08:24:56.417+0530][info][gc,ref      ] GC(125) Clearing All SoftReferences
[2025-12-18T08:24:56.417+0530][info][gc,task     ] GC(125) Using 2 workers
[2025-12-18T08:24:56.417+0530][info][gc,ref      ] GC(125) Clearing All SoftReferences
[2025-12-18T08:24:56.417+0530][info][gc,phases   ] GC(125) Pause Mark Start 0.046ms
[2025-12-18T08:24:56.554+0530][info][gc,phases   ] GC(125) Concurrent Mark 120.663ms
[2025-12-18T08:24:56.554+0530][info][gc,phases   ] GC(125) Pause Mark End 0.022ms
[2025-12-18T08:24:56.554+0530][info][gc,phases   ] GC(125) Concurrent Mark Free 0.001ms
[2025-12-18T08:24:56.555+0530][info][gc,phases   ] GC(125) Concurrent Process Non-Strong References 1.067ms
[2025-12-18T08:24:56.555+0530][info][gc,phases   ] GC(125) Concurrent Reset Relocation Set 0.002ms
[2025-12-18T08:24:56.557+0530][info][gc          ] Allocation Stall (Worker-3) 80.609ms
[2025-12-18T08:24:56.557+0530][info][gc          ] Allocation Stall (Worker-6) 80.466ms
[2025-12-18T08:24:56.557+0530][info][gc          ] Allocation Stall (Worker-1) 81.522ms
[2025-12-18T08:24:56.557+0530][info][gc          ] Allocation Stall (Worker-2) 79.384ms
[2025-12-18T08:24:56.557+0530][info][gc          ] Allocation Stall (Worker-7) 81.063ms
[2025-12-18T08:24:56.557+0530][info][gc          ] Allocation Stall (Worker-0) 84.239ms
[2025-12-18T08:24:56.557+0530][info][gc          ] Allocation Stall (Worker-4) 85.315ms
[2025-12-18T08:24:56.557+0530][info][gc          ] Allocation Stall (Worker-5) 81.404ms
[2025-12-18T08:24:56.557+0530][info][gc,phases   ] GC(125) Concurrent Select Relocation Set 2.973ms
[2025-12-18T08:24:56.558+0530][info][gc,phases   ] GC(125) Pause Relocate Start 0.012ms
[2025-12-18T08:24:56.588+0530][info][gc,phases   ] GC(125) Concurrent Relocate 1.772ms
[2025-12-18T08:24:56.589+0530][info][gc,load     ] GC(125) Load: 0.00/0.00/0.00
[2025-12-18T08:24:56.589+0530][info][gc,mmu      ] GC(125) MMU: 2ms/91.4%, 5ms/96.6%, 10ms/98.3%, 20ms/99.1%, 50ms/99.6%, 100ms/99.8%
[2025-12-18T08:24:56.589+0530][info][gc,marking  ] GC(125) Mark: 2 stripe(s), 2 proactive flush(es), 1 terminate flush(es), 0 completion(s), 0 continuation(s) 
[2025-12-18T08:24:56.589+0530][info][gc,marking  ] GC(125) Mark Stack Usage: 32M
[2025-12-18T08:24:56.589+0530][info][gc,nmethod  ] GC(125) NMethods: 640 registered, 70 unregistered
[2025-12-18T08:24:56.589+0530][info][gc,metaspace] GC(125) Metaspace: 3M used, 4M committed, 1088M reserved
[2025-12-18T08:24:56.589+0530][info][gc,ref      ] GC(125) Soft: 157 encountered, 88 discovered, 0 enqueued
[2025-12-18T08:24:56.589+0530][info][gc,ref      ] GC(125) Weak: 539 encountered, 405 discovered, 0 enqueued
[2025-12-18T08:24:56.589+0530][info][gc,ref      ] GC(125) Final: 0 encountered, 0 discovered, 0 enqueued
[2025-12-18T08:24:56.589+0530][info][gc,ref      ] GC(125) Phantom: 7 encountered, 3 discovered, 0 enqueued
[2025-12-18T08:24:56.589+0530][info][gc,reloc    ] GC(125) Small Pages: 213 / 426M, Empty: 120M, Relocated: 1M, In-Place: 0
[2025-12-18T08:24:56.589+0530][info][gc,reloc    ] GC(125) Medium Pages: 1 / 16M, Empty: 0M, Relocated: 0M, In-Place: 0
[2025-12-18T08:24:56.589+0530][info][gc,reloc    ] GC(125) Large Pages: 1 / 6M, Empty: 0M, Relocated: 0M, In-Place: 0
[2025-12-18T08:24:56.589+0530][info][gc,reloc    ] GC(125) Forwarding Usage: 0M
[2025-12-18T08:24:56.589+0530][info][gc,heap     ] GC(125) Min Capacity: 512M(100%)
[2025-12-18T08:24:56.589+0530][info][gc,heap     ] GC(125) Max Capacity: 512M(100%)
[2025-12-18T08:24:56.589+0530][info][gc,heap     ] GC(125) Soft Max Capacity: 512M(100%)
[2025-12-18T08:24:56.589+0530][info][gc,heap     ] GC(125)                Mark Start          Mark End        Relocate Start      Relocate End           High               Low         
[2025-12-18T08:24:56.589+0530][info][gc,heap     ] GC(125)  Capacity:      512M (100%)        512M (100%)        512M (100%)        512M (100%)        512M (100%)        512M (100%)   
[2025-12-18T08:24:56.589+0530][info][gc,heap     ] GC(125)      Free:       64M (12%)           0M (0%)          106M (21%)         134M (26%)         134M (26%)           0M (0%)     
[2025-12-18T08:24:56.589+0530][info][gc,heap     ] GC(125)      Used:      448M (88%)         512M (100%)        406M (79%)         378M (74%)         512M (100%)        378M (74%)    
[2025-12-18T08:24:56.589+0530][info][gc,heap     ] GC(125)      Live:         -               248M (48%)         248M (48%)         248M (48%)            -                  -          
[2025-12-18T08:24:56.589+0530][info][gc,heap     ] GC(125) Allocated:         -                64M (12%)          78M (15%)         109M (21%)            -                  -          
[2025-12-18T08:24:56.589+0530][info][gc,heap     ] GC(125)   Garbage:         -               199M (39%)          79M (16%)          20M (4%)             -                  -          
[2025-12-18T08:24:56.589+0530][info][gc,heap     ] GC(125) Reclaimed:         -                  -               120M (23%)         179M (35%)            -                  -          
[2025-12-18T08:24:56.589+0530][info][gc          ] GC(125) Garbage Collection (Allocation Stall) 448M(88%)->378M(74%)
[2025-12-18T08:24:56.617+0530][info][gc,start    ] GC(126) Garbage Collection (Allocation Stall)
[2025-12-18T08:24:56.617+0530][info][gc,ref      ] GC(126) Clearing All SoftReferences
[2025-12-18T08:24:56.617+0530][info][gc,task     ] GC(126) Using 2 workers
[2025-12-18T08:24:56.617+0530][info][gc,ref      ] GC(126) Clearing All SoftReferences
[2025-12-18T08:24:56.617+0530][info][gc,phases   ] GC(126) Pause Mark Start 0.054ms
[2025-12-18T08:24:56.754+0530][info][gc,phases   ] GC(126) Concurrent Mark 131.820ms
[2025-12-18T08:24:56.754+0530][info][gc,phases   ] GC(126) Pause Mark End 0.095ms
[2025-12-18T08:24:56.754+0530][info][gc,phases   ] GC(126) Concurrent Mark Free 0.001ms
[2025-12-18T08:24:56.755+0530][info][gc,phases   ] GC(126) Concurrent Process Non-Strong References 1.044ms
[2025-12-18T08:24:56.755+0530][info][gc,phases   ] GC(126) Concurrent Reset Relocation Set 0.005ms
[2025-12-18T08:24:56.758+0530][info][gc          ] Allocation Stall (Worker-6) 46.035ms
[2025-12-18T08:24:56.758+0530][info][gc          ] Allocation Stall (Worker-1) 45.510ms
[2025-12-18T08:24:56.758+0530][info][gc          ] Allocation Stall (Worker-3) 44.838ms
[2025-12-18T08:24:56.758+0530][info][gc          ] Allocation Stall (Worker-5) 54.247ms
[2025-12-18T08:24:56.758+0530][info][gc          ] Allocation Stall (Worker-4) 50.633ms
[2025-12-18T08:24:56.758+0530][info][gc          ] Allocation Stall (Worker-2) 49.088ms
[2025-12-18T08:24:56.758+0530][info][gc          ] Allocation Stall (Worker-7) 47.371ms
[2025-12-18T08:24:56.758+0530][info][gc          ] Allocation Stall (Worker-0) 48.683ms
[2025-12-18T08:24:56.758+0530][info][gc,phases   ] GC(126) Concurrent Select Relocation Set 3.040ms
[2025-12-18T08:24:56.759+0530][info][gc,phases   ] GC(126) Pause Relocate Start 0.010ms
[2025-12-18T08:24:56.769+0530][info][gc,phases   ] GC(126) Concurrent Relocate 1.727ms
[2025-12-18T08:24:56.769+0530][info][gc,load     ] GC(126) Load: 0.00/0.00/0.00
[2025-12-18T08:24:56.769+0530][info][gc,mmu      ] GC(126) MMU: 2ms/91.4%, 5ms/96.6%, 10ms/98.3%, 20ms/99.1%, 50ms/99.6%, 100ms/99.8%
[2025-12-18T08:24:56.769+0530][info][gc,marking  ] GC(126) Mark: 2 stripe(s), 2 proactive flush(es), 1 terminate flush(es), 1 completion(s), 0 continuation(s) 
[2025-12-18T08:24:56.769+0530][info][gc,marking  ] GC(126) Mark Stack Usage: 32M
[2025-12-18T08:24:56.769+0530][info][gc,nmethod  ] GC(126) NMethods: 640 registered, 70 unregistered
[2025-12-18T08:24:56.769+0530][info][gc,metaspace] GC(126) Metaspace: 3M used, 4M committed, 1088M reserved
[2025-12-18T08:24:56.769+0530][info][gc,ref      ] GC(126) Soft: 157 encountered, 77 discovered, 0 enqueued
[2025-12-18T08:24:56.769+0530][info][gc,ref      ] GC(126) Weak: 539 encountered, 4 discovered, 0 enqueued
[2025-12-18T08:24:56.769+0530][info][gc,ref      ] GC(126) Final: 0 encountered, 0 discovered, 0 enqueued
[2025-12-18T08:24:56.769+0530][info][gc,ref      ] GC(126) Phantom: 7 encountered, 3 discovered, 0 enqueued
[2025-12-18T08:24:56.769+0530][info][gc,reloc    ] GC(126) Small Pages: 199 / 398M, Empty: 88M, Relocated: 1M, In-Place: 0
[2025-12-18T08:24:56.769+0530][info][gc,reloc    ] GC(126) Medium Pages: 1 / 16M, Empty: 0M, Relocated: 0M, In-Place: 0
[2025-12-18T08:24:56.769+0530][info][gc,reloc    ] GC(126) Large Pages: 1 / 6M, Empty: 0M, Relocated: 0M, In-Place: 0
[2025-12-18T08:24:56.769+0530][info][gc,reloc    ] GC(126) Forwarding Usage: 0M
[2025-12-18T08:24:56.769+0530][info][gc,heap     ] GC(126) Min Capacity: 512M(100%)
[2025-12-18T08:24:56.769+0530][info][gc,heap     ] GC(126) Max Capacity: 512M(100%)
[2025-12-18T08:24:56.769+0530][info][gc,heap     ] GC(126) Soft Max Capacity: 512M(100%)
[2025-12-18T08:24:56.769+0530][info][gc,heap     ] GC(126)                Mark Start          Mark End        Relocate Start      Relocate End           High               Low         
[2025-12-18T08:24:56.769+0530][info][gc,heap     ] GC(126)  Capacity:      512M (100%)        512M (100%)        512M (100%)        512M (100%)        512M (100%)        512M (100%)   
[2025-12-18T08:24:56.769+0530][info][gc,heap     ] GC(126)      Free:       92M (18%)           0M (0%)           74M (14%)         138M (27%)         138M (27%)           0M (0%)     
[2025-12-18T08:24:56.769+0530][info][gc,heap     ] GC(126)      Used:      420M (82%)         512M (100%)        438M (86%)         374M (73%)         512M (100%)        374M (73%)    
[2025-12-18T08:24:56.769+0530][info][gc,heap     ] GC(126)      Live:         -               248M (48%)         248M (48%)         248M (48%)            -                  -          
[2025-12-18T08:24:56.769+0530][info][gc,heap     ] GC(126) Allocated:         -                92M (18%)         106M (21%)         105M (21%)            -                  -          
[2025-12-18T08:24:56.769+0530][info][gc,heap     ] GC(126)   Garbage:         -               171M (34%)          83M (16%)          19M (4%)             -                  -          
[2025-12-18T08:24:56.769+0530][info][gc,heap     ] GC(126) Reclaimed:         -                  -                88M (17%)         151M (30%)            -                  -          
[2025-12-18T08:24:56.769+0530][info][gc          ] GC(126) Garbage Collection (Allocation Stall) 420M(82%)->374M(73%)
[2025-12-18T08:24:56.816+0530][info][gc,start    ] GC(127) Garbage Collection (Allocation Stall)
[2025-12-18T08:24:56.816+0530][info][gc,ref      ] GC(127) Clearing All SoftReferences
[2025-12-18T08:24:56.816+0530][info][gc,task     ] GC(127) Using 2 workers
[2025-12-18T08:24:56.816+0530][info][gc,ref      ] GC(127) Clearing All SoftReferences
[2025-12-18T08:24:56.816+0530][info][gc,phases   ] GC(127) Pause Mark Start 0.057ms
[2025-12-18T08:24:56.945+0530][info][gc,phases   ] GC(127) Concurrent Mark 122.291ms
[2025-12-18T08:24:56.945+0530][info][gc,phases   ] GC(127) Pause Mark End 0.088ms
[2025-12-18T08:24:56.945+0530][info][gc,phases   ] GC(127) Concurrent Mark Free 0.001ms
[2025-12-18T08:24:56.946+0530][info][gc,phases   ] GC(127) Concurrent Process Non-Strong References 1.045ms
[2025-12-18T08:24:56.946+0530][info][gc,phases   ] GC(127) Concurrent Reset Relocation Set 0.005ms
[2025-12-18T08:24:56.946+0530][info][gc          ] Allocation Stall (Worker-0) 70.660ms
[2025-12-18T08:24:56.946+0530][info][gc          ] Allocation Stall (Worker-1) 71.269ms
[2025-12-18T08:24:56.946+0530][info][gc          ] Allocation Stall (Worker-6) 69.496ms
[2025-12-18T08:24:56.946+0530][info][gc          ] Allocation Stall (Worker-3) 76.061ms
[2025-12-18T08:24:56.946+0530][info][gc          ] Allocation Stall (Worker-2) 76.915ms
[2025-12-18T08:24:56.946+0530][info][gc          ] Allocation Stall (Worker-5) 70.079ms
[2025-12-18T08:24:56.946+0530][info][gc          ] Allocation Stall (Worker-7) 74.284ms
[2025-12-18T08:24:56.946+0530][info][gc          ] Allocation Stall (Worker-4) 73.894ms
[2025-12-18T08:24:56.950+0530][info][gc,phases   ] GC(127) Concurrent Select Relocation Set 3.630ms
[2025-12-18T08:24:56.950+0530][info][gc,phases   ] GC(127) Pause Relocate Start 0.012ms
[2025-12-18T08:24:56.981+0530][info][gc,phases   ] GC(127) Concurrent Relocate 1.674ms
[2025-12-18T08:24:56.981+0530][info][gc,load     ] GC(127) Load: 0.00/0.00/0.00
[2025-12-18T08:24:56.981+0530][info][gc,mmu      ] GC(127) MMU: 2ms/91.4%, 5ms/96.6%, 10ms/98.3%, 20ms/99.1%, 50ms/99.6%, 100ms/99.8%
[2025-12-18T08:24:56.981+0530][info][gc,marking  ] GC(127) Mark: 2 stripe(s), 2 proactive flush(es), 1 terminate flush(es), 1 completion(s), 0 continuation(s) 
[2025-12-18T08:24:56.981+0530][info][gc,marking  ] GC(127) Mark Stack Usage: 32M
[2025-12-18T08:24:56.981+0530][info][gc,nmethod  ] GC(127) NMethods: 640 registered, 70 unregistered
[2025-12-18T08:24:56.981+0530][info][gc,metaspace] GC(127) Metaspace: 3M used, 4M committed, 1088M reserved
[2025-12-18T08:24:56.981+0530][info][gc,ref      ] GC(127) Soft: 157 encountered, 78 discovered, 0 enqueued
[2025-12-18T08:24:56.981+0530][info][gc,ref      ] GC(127) Weak: 539 encountered, 387 discovered, 0 enqueued
[2025-12-18T08:24:56.981+0530][info][gc,ref      ] GC(127) Final: 0 encountered, 0 discovered, 0 enqueued
[2025-12-18T08:24:56.981+0530][info][gc,ref      ] GC(127) Phantom: 7 encountered, 3 discovered, 0 enqueued
[2025-12-18T08:24:56.981+0530][info][gc,reloc    ] GC(127) Small Pages: 215 / 430M, Empty: 154M, Relocated: 1M, In-Place: 0
[2025-12-18T08:24:56.981+0530][info][gc,reloc    ] GC(127) Medium Pages: 1 / 16M, Empty: 0M, Relocated: 0M, In-Place: 0
[2025-12-18T08:24:56.981+0530][info][gc,reloc    ] GC(127) Large Pages: 1 / 6M, Empty: 0M, Relocated: 0M, In-Place: 0
[2025-12-18T08:24:56.981+0530][info][gc,reloc    ] GC(127) Forwarding Usage: 0M
[2025-12-18T08:24:56.981+0530][info][gc,heap     ] GC(127) Min Capacity: 512M(100%)
[2025-12-18T08:24:56.981+0530][info][gc,heap     ] GC(127) Max Capacity: 512M(100%)
[2025-12-18T08:24:56.981+0530][info][gc,heap     ] GC(127) Soft Max Capacity: 512M(100%)
[2025-12-18T08:24:56.981+0530][info][gc,heap     ] GC(127)                Mark Start          Mark End        Relocate Start      Relocate End           High               Low         
[2025-12-18T08:24:56.981+0530][info][gc,heap     ] GC(127)  Capacity:      512M (100%)        512M (100%)        512M (100%)        512M (100%)        512M (100%)        512M (100%)   
[2025-12-18T08:24:56.981+0530][info][gc,heap     ] GC(127)      Free:       60M (12%)           0M (0%)          142M (28%)         140M (27%)         142M (28%)           0M (0%)     
[2025-12-18T08:24:56.981+0530][info][gc,heap     ] GC(127)      Used:      452M (88%)         512M (100%)        370M (72%)         372M (73%)         512M (100%)        370M (72%)    
[2025-12-18T08:24:56.981+0530][info][gc,heap     ] GC(127)      Live:         -               248M (48%)         248M (48%)         248M (48%)            -                  -          
[2025-12-18T08:24:56.981+0530][info][gc,heap     ] GC(127) Allocated:         -                60M (12%)          72M (14%)         103M (20%)            -                  -          
[2025-12-18T08:24:56.981+0530][info][gc,heap     ] GC(127)   Garbage:         -               203M (40%)          49M (10%)          20M (4%)             -                  -          
[2025-12-18T08:24:56.981+0530][info][gc,heap     ] GC(127) Reclaimed:         -                  -               154M (30%)         183M (36%)            -                  -          
[2025-12-18T08:24:56.982+0530][info][gc          ] GC(127) Garbage Collection (Allocation Stall) 452M(88%)->372M(73%)
[2025-12-18T08:24:57.017+0530][info][gc,start    ] GC(128) Garbage Collection (Allocation Stall)
[2025-12-18T08:24:57.017+0530][info][gc,ref      ] GC(128) Clearing All SoftReferences
[2025-12-18T08:24:57.017+0530][info][gc,task     ] GC(128) Using 2 workers
[2025-12-18T08:24:57.017+0530][info][gc,ref      ] GC(128) Clearing All SoftReferences
[2025-12-18T08:24:57.017+0530][info][gc,phases   ] GC(128) Pause Mark Start 0.048ms
[2025-12-18T08:24:57.157+0530][info][gc,phases   ] GC(128) Concurrent Mark 131.791ms
[2025-12-18T08:24:57.157+0530][info][gc,phases   ] GC(128) Pause Mark End 0.118ms
[2025-12-18T08:24:57.157+0530][info][gc,phases   ] GC(128) Concurrent Mark Free 0.001ms
[2025-12-18T08:24:57.158+0530][info][gc,phases   ] GC(128) Concurrent Process Non-Strong References 1.254ms
[2025-12-18T08:24:57.158+0530][info][gc,phases   ] GC(128) Concurrent Reset Relocation Set 0.003ms
[2025-12-18T08:24:57.161+0530][info][gc          ] Allocation Stall (Worker-3) 63.468ms
[2025-12-18T08:24:57.161+0530][info][gc          ] Allocation Stall (Worker-4) 66.553ms
[2025-12-18T08:24:57.161+0530][info][gc          ] Allocation Stall (Worker-5) 69.758ms
[2025-12-18T08:24:57.161+0530][info][gc          ] Allocation Stall (Worker-1) 64.355ms
[2025-12-18T08:24:57.161+0530][info][gc          ] Allocation Stall (Worker-6) 62.001ms
[2025-12-18T08:24:57.161+0530][info][gc          ] Allocation Stall (Worker-7) 62.347ms
[2025-12-18T08:24:57.161+0530][info][gc          ] Allocation Stall (Worker-2) 71.462ms
[2025-12-18T08:24:57.161+0530][info][gc          ] Allocation Stall (Worker-0) 71.003ms
[2025-12-18T08:24:57.161+0530][info][gc,phases   ] GC(128) Concurrent Select Relocation Set 2.991ms
[2025-12-18T08:24:57.162+0530][info][gc,phases   ] GC(128) Pause Relocate Start 0.010ms
[2025-12-18T08:24:57.184+0530][info][gc,phases   ] GC(128) Concurrent Relocate 1.790ms
[2025-12-18T08:24:57.184+0530][info][gc,load     ] GC(128) Load: 0.00/0.00/0.00
[2025-12-18T08:24:57.184+0530][info][gc,mmu      ] GC(128) MMU: 2ms/91.4%, 5ms/96.6%, 10ms/98.3%, 20ms/99.1%, 50ms/99.6%, 100ms/99.8%
[2025-12-18T08:24:57.184+0530][info][gc,marking  ] GC(128) Mark: 2 stripe(s), 2 proactive flush(es), 1 terminate flush(es), 1 completion(s), 0 continuation(s) 
[2025-12-18T08:24:57.184+0530][info][gc,marking  ] GC(128) Mark Stack Usage: 32M
[2025-12-18T08:24:57.184+0530][info][gc,nmethod  ] GC(128) NMethods: 645 registered, 70 unregistered
[2025-12-18T08:24:57.184+0530][info][gc,metaspace] GC(128) Metaspace: 3M used, 4M committed, 1088M reserved
[2025-12-18T08:24:57.184+0530][info][gc,ref      ] GC(128) Soft: 157 encountered, 79 discovered, 0 enqueued
[2025-12-18T08:24:57.184+0530][info][gc,ref      ] GC(128) Weak: 539 encountered, 419 discovered, 0 enqueued
[2025-12-18T08:24:57.184+0530][info][gc,ref      ] GC(128) Final: 0 encountered, 0 discovered, 0 enqueued
[2025-12-18T08:24:57.184+0530][info][gc,ref      ] GC(128) Phantom: 7 encountered, 2 discovered, 0 enqueued
[2025-12-18T08:24:57.184+0530][info][gc,reloc    ] GC(128) Small Pages: 204 / 408M, Empty: 100M, Relocated: 1M, In-Place: 0
[2025-12-18T08:24:57.184+0530][info][gc,reloc    ] GC(128) Medium Pages: 1 / 16M, Empty: 0M, Relocated: 0M, In-Place: 0
[2025-12-18T08:24:57.184+0530][info][gc,reloc    ] GC(128) Large Pages: 1 / 6M, Empty: 0M, Relocated: 0M, In-Place: 0
[2025-12-18T08:24:57.184+0530][info][gc,reloc    ] GC(128) Forwarding Usage: 0M
[2025-12-18T08:24:57.184+0530][info][gc,heap     ] GC(128) Min Capacity: 512M(100%)
[2025-12-18T08:24:57.184+0530][info][gc,heap     ] GC(128) Max Capacity: 512M(100%)
[2025-12-18T08:24:57.184+0530][info][gc,heap     ] GC(128) Soft Max Capacity: 512M(100%)
[2025-12-18T08:24:57.184+0530][info][gc,heap     ] GC(128)                Mark Start          Mark End        Relocate Start      Relocate End           High               Low         
[2025-12-18T08:24:57.184+0530][info][gc,heap     ] GC(128)  Capacity:      512M (100%)        512M (100%)        512M (100%)        512M (100%)        512M (100%)        512M (100%)   
[2025-12-18T08:24:57.185+0530][info][gc,heap     ] GC(128)      Free:       82M (16%)           0M (0%)           86M (17%)         132M (26%)         132M (26%)           0M (0%)     
[2025-12-18T08:24:57.185+0530][info][gc,heap     ] GC(128)      Used:      430M (84%)         512M (100%)        426M (83%)         380M (74%)         512M (100%)        380M (74%)    
[2025-12-18T08:24:57.185+0530][info][gc,heap     ] GC(128)      Live:         -               248M (48%)         248M (48%)         248M (48%)            -                  -          
[2025-12-18T08:24:57.185+0530][info][gc,heap     ] GC(128) Allocated:         -                82M (16%)          96M (19%)         111M (22%)            -                  -          
[2025-12-18T08:24:57.185+0530][info][gc,heap     ] GC(128)   Garbage:         -               181M (36%)          81M (16%)          20M (4%)             -                  -          
[2025-12-18T08:24:57.185+0530][info][gc,heap     ] GC(128) Reclaimed:         -                  -               100M (20%)         161M (32%)            -                  -          
[2025-12-18T08:24:57.185+0530][info][gc          ] GC(128) Garbage Collection (Allocation Stall) 430M(84%)->380M(74%)
[2025-12-18T08:24:57.217+0530][info][gc,start    ] GC(129) Garbage Collection (Allocation Stall)
[2025-12-18T08:24:57.217+0530][info][gc,ref      ] GC(129) Clearing All SoftReferences
[2025-12-18T08:24:57.217+0530][info][gc,task     ] GC(129) Using 2 workers
[2025-12-18T08:24:57.217+0530][info][gc,ref      ] GC(129) Clearing All SoftReferences
[2025-12-18T08:24:57.217+0530][info][gc,phases   ] GC(129) Pause Mark Start 0.067ms
[2025-12-18T08:24:57.348+0530][info][gc,phases   ] GC(129) Concurrent Mark 129.114ms
[2025-12-18T08:24:57.348+0530][info][gc,phases   ] GC(129) Pause Mark End 0.097ms
[2025-12-18T08:24:57.348+0530][info][gc,phases   ] GC(129) Concurrent Mark Free 0.001ms
[2025-12-18T08:24:57.349+0530][info][gc,phases   ] GC(129) Concurrent Process Non-Strong References 1.014ms
[2025-12-18T08:24:57.349+0530][info][gc,phases   ] GC(129) Concurrent Reset Relocation Set 0.005ms
[2025-12-18T08:24:57.352+0530][info][gc          ] Allocation Stall (Worker-2) 50.273ms
[2025-12-18T08:24:57.352+0530][info][gc          ] Allocation Stall (Worker-7) 49.962ms
[2025-12-18T08:24:57.352+0530][info][gc          ] Allocation Stall (Worker-4) 48.882ms
[2025-12-18T08:24:57.352+0530][info][gc          ] Allocation Stall (Worker-6) 53.828ms
[2025-12-18T08:24:57.352+0530][info][gc          ] Allocation Stall (Worker-3) 51.225ms
[2025-12-18T08:24:57.352+0530][info][gc          ] Allocation Stall (Worker-5) 53.415ms
[2025-12-18T08:24:57.352+0530][info][gc          ] Allocation Stall (Worker-1) 51.251ms
[2025-12-18T08:24:57.352+0530][info][gc          ] Allocation Stall (Worker-0) 50.840ms
[2025-12-18T08:24:57.352+0530][info][gc,phases   ] GC(129) Concurrent Select Relocation Set 3.024ms
[2025-12-18T08:24:57.353+0530][info][gc,phases   ] GC(129) Pause Relocate Start 0.010ms
[2025-12-18T08:24:57.370+0530][info][gc,phases   ] GC(129) Concurrent Relocate 1.756ms
[2025-12-18T08:24:57.370+0530][info][gc,load     ] GC(129) Load: 0.00/0.00/0.00
[2025-12-18T08:24:57.370+0530][info][gc,mmu      ] GC(129) MMU: 2ms/91.4%, 5ms/96.6%, 10ms/98.3%, 20ms/99.1%, 50ms/99.6%, 100ms/99.8%
[2025-12-18T08:24:57.370+0530][info][gc,marking  ] GC(129) Mark: 2 stripe(s), 2 proactive flush(es), 1 terminate flush(es), 1 completion(s), 0 continuation(s) 
[2025-12-18T08:24:57.370+0530][info][gc,marking  ] GC(129) Mark Stack Usage: 32M
[2025-12-18T08:24:57.370+0530][info][gc,nmethod  ] GC(129) NMethods: 645 registered, 70 unregistered
[2025-12-18T08:24:57.370+0530][info][gc,metaspace] GC(129) Metaspace: 3M used, 4M committed, 1088M reserved
[2025-12-18T08:24:57.370+0530][info][gc,ref      ] GC(129) Soft: 157 encountered, 70 discovered, 0 enqueued
[2025-12-18T08:24:57.370+0530][info][gc,ref      ] GC(129) Weak: 539 encountered, 6 discovered, 0 enqueued
[2025-12-18T08:24:57.370+0530][info][gc,ref      ] GC(129) Final: 0 encountered, 0 discovered, 0 enqueued
[2025-12-18T08:24:57.370+0530][info][gc,ref      ] GC(129) Phantom: 7 encountered, 3 discovered, 0 enqueued
[2025-12-18T08:24:57.370+0530][info][gc,reloc    ] GC(129) Small Pages: 202 / 404M, Empty: 110M, Relocated: 1M, In-Place: 0
[2025-12-18T08:24:57.370+0530][info][gc,reloc    ] GC(129) Medium Pages: 1 / 16M, Empty: 0M, Relocated: 0M, In-Place: 0
[2025-12-18T08:24:57.370+0530][info][gc,reloc    ] GC(129) Large Pages: 1 / 6M, Empty: 0M, Relocated: 0M, In-Place: 0
[2025-12-18T08:24:57.370+0530][info][gc,reloc    ] GC(129) Forwarding Usage: 0M
[2025-12-18T08:24:57.370+0530][info][gc,heap     ] GC(129) Min Capacity: 512M(100%)
[2025-12-18T08:24:57.370+0530][info][gc,heap     ] GC(129) Max Capacity: 512M(100%)
[2025-12-18T08:24:57.370+0530][info][gc,heap     ] GC(129) Soft Max Capacity: 512M(100%)
[2025-12-18T08:24:57.370+0530][info][gc,heap     ] GC(129)                Mark Start          Mark End        Relocate Start      Relocate End           High               Low         
[2025-12-18T08:24:57.370+0530][info][gc,heap     ] GC(129)  Capacity:      512M (100%)        512M (100%)        512M (100%)        512M (100%)        512M (100%)        512M (100%)   
[2025-12-18T08:24:57.370+0530][info][gc,heap     ] GC(129)      Free:       86M (17%)           0M (0%)           96M (19%)         128M (25%)         128M (25%)           0M (0%)     
[2025-12-18T08:24:57.370+0530][info][gc,heap     ] GC(129)      Used:      426M (83%)         512M (100%)        416M (81%)         384M (75%)         512M (100%)        384M (75%)    
[2025-12-18T08:24:57.370+0530][info][gc,heap     ] GC(129)      Live:         -               248M (48%)         248M (48%)         248M (48%)            -                  -          
[2025-12-18T08:24:57.370+0530][info][gc,heap     ] GC(129) Allocated:         -                86M (17%)         100M (20%)         115M (23%)            -                  -          
[2025-12-18T08:24:57.370+0530][info][gc,heap     ] GC(129)   Garbage:         -               177M (35%)          67M (13%)          20M (4%)             -                  -          
[2025-12-18T08:24:57.370+0530][info][gc,heap     ] GC(129) Reclaimed:         -                  -               110M (21%)         157M (31%)            -                  -          
[2025-12-18T08:24:57.370+0530][info][gc          ] GC(129) Garbage Collection (Allocation Stall) 426M(83%)->384M(75%)
[2025-12-18T08:24:57.417+0530][info][gc,start    ] GC(130) Garbage Collection (Allocation Stall)
[2025-12-18T08:24:57.417+0530][info][gc,ref      ] GC(130) Clearing All SoftReferences
[2025-12-18T08:24:57.417+0530][info][gc,task     ] GC(130) Using 2 workers
[2025-12-18T08:24:57.417+0530][info][gc,ref      ] GC(130) Clearing All SoftReferences
[2025-12-18T08:24:57.417+0530][info][gc,phases   ] GC(130) Pause Mark Start 0.080ms
[2025-12-18T08:24:57.516+0530][info][gc,stats    ] === Garbage Collection Statistics =======================================================================================================================
[2025-12-18T08:24:57.516+0530][info][gc,stats    ]                                                              Last 10s              Last 10m              Last 10h                Total
[2025-12-18T08:24:57.516+0530][info][gc,stats    ]                                                              Avg / Max             Avg / Max             Avg / Max             Avg / Max
[2025-12-18T08:24:57.516+0530][info][gc,stats    ]   Collector: Garbage Collection Cycle                    153.213 / 206.703     147.248 / 206.703     147.248 / 206.703     147.248 / 206.703     ms
[2025-12-18T08:24:57.516+0530][info][gc,stats    ]  Contention: Mark Segment Reset Contention                     0 / 1                 0 / 3                 0 / 3                 0 / 3           ops/s
[2025-12-18T08:24:57.516+0530][info][gc,stats    ]  Contention: Mark SeqNum Reset Contention                      1 / 2                 0 / 2                 0 / 2                 0 / 2           ops/s
[2025-12-18T08:24:57.516+0530][info][gc,stats    ]    Critical: Allocation Stall                                 39 / 42               31 / 42               31 / 42               31 / 42          ops/s
[2025-12-18T08:24:57.516+0530][info][gc,stats    ]    Critical: Allocation Stall                             59.392 / 116.406      60.391 / 116.406      60.391 / 116.406      60.391 / 116.406     ms
[2025-12-18T08:24:57.516+0530][info][gc,stats    ]    Critical: GC Locker Stall                                   0 / 0                 0 / 0                 0 / 0                 0 / 0           ops/s
[2025-12-18T08:24:57.516+0530][info][gc,stats    ]    Critical: GC Locker Stall                               0.000 / 0.000         0.000 / 0.000         0.000 / 0.000         0.000 / 0.000       ms
[2025-12-18T08:24:57.516+0530][info][gc,stats    ]    Critical: Relocation Stall                                  0 / 0                 0 / 0                 0 / 0                 0 / 0           ops/s
[2025-12-18T08:24:57.516+0530][info][gc,stats    ]    Critical: Relocation Stall                              0.000 / 0.000         0.000 / 0.000         0.000 / 0.000         0.000 / 0.000       ms
[2025-12-18T08:24:57.516+0530][info][gc,stats    ]      Memory: Allocation Rate                                 828 / 890             676 / 890             676 / 890             676 / 890         MB/s
[2025-12-18T08:24:57.516+0530][info][gc,stats    ]      Memory: Defragment                                        0 / 0                 0 / 0                 0 / 0                 0 / 0           ops/s
[2025-12-18T08:24:57.516+0530][info][gc,stats    ]      Memory: Out Of Memory                                     0 / 0                 0 / 0                 0 / 0                 0 / 0           ops/s
[2025-12-18T08:24:57.516+0530][info][gc,stats    ]      Memory: Page Cache Flush                                  0 / 0                 0 / 0                 0 / 0                 0 / 0           MB/s
[2025-12-18T08:24:57.516+0530][info][gc,stats    ]      Memory: Page Cache Hit L1                               423 / 455             338 / 455             338 / 455             338 / 455         ops/s
[2025-12-18T08:24:57.516+0530][info][gc,stats    ]      Memory: Page Cache Hit L2                                 0 / 0                 0 / 0                 0 / 0                 0 / 0           ops/s
[2025-12-18T08:24:57.516+0530][info][gc,stats    ]      Memory: Page Cache Hit L3                                 0 / 0                 8 / 113               8 / 113               8 / 113         ops/s
[2025-12-18T08:24:57.516+0530][info][gc,stats    ]      Memory: Page Cache Miss                                   0 / 0                 0 / 1                 0 / 1                 0 / 1           ops/s
[2025-12-18T08:24:57.516+0530][info][gc,stats    ]      Memory: Uncommit                                          0 / 0                 0 / 0                 0 / 0                 0 / 0           MB/s
[2025-12-18T08:24:57.516+0530][info][gc,stats    ]      Memory: Undo Object Allocation Failed                     0 / 2                 0 / 2                 0 / 2                 0 / 2           ops/s
[2025-12-18T08:24:57.516+0530][info][gc,stats    ]      Memory: Undo Object Allocation Succeeded                 15 / 23               12 / 23               12 / 23               12 / 23          ops/s
[2025-12-18T08:24:57.516+0530][info][gc,stats    ]      Memory: Undo Page Allocation                              9 / 11                7 / 13                7 / 13                7 / 13          ops/s
[2025-12-18T08:24:57.516+0530][info][gc,stats    ]       Phase: Concurrent Mark                             137.834 / 172.864     130.873 / 172.864     130.873 / 172.864     130.873 / 172.864     ms
[2025-12-18T08:24:57.516+0530][info][gc,stats    ]       Phase: Concurrent Mark Continue                      0.000 / 0.000         0.000 / 0.000         0.000 / 0.000         0.000 / 0.000       ms
[2025-12-18T08:24:57.516+0530][info][gc,stats    ]       Phase: Concurrent Mark Free                          0.001 / 0.002         0.001 / 0.004         0.001 / 0.004         0.001 / 0.004       ms
[2025-12-18T08:24:57.516+0530][info][gc,stats    ]       Phase: Concurrent Process Non-Strong References      1.124 / 2.468         1.144 / 3.602         1.144 / 3.602         1.144 / 3.602       ms
[2025-12-18T08:24:57.516+0530][info][gc,stats    ]       Phase: Concurrent Relocate                           1.531 / 2.319         1.556 / 3.777         1.556 / 3.777         1.556 / 3.777       ms
[2025-12-18T08:24:57.516+0530][info][gc,stats    ]       Phase: Concurrent Reset Relocation Set               0.002 / 0.005         0.002 / 0.005         0.002 / 0.005         0.002 / 0.005       ms
[2025-12-18T08:24:57.516+0530][info][gc,stats    ]       Phase: Concurrent Select Relocation Set              3.375 / 4.303         3.426 / 6.683         3.426 / 6.683         3.426 / 6.683       ms
[2025-12-18T08:24:57.516+0530][info][gc,stats    ]       Phase: Pause Mark End                                0.077 / 0.150         0.074 / 0.150         0.074 / 0.150         0.074 / 0.150       ms
[2025-12-18T08:24:57.516+0530][info][gc,stats    ]       Phase: Pause Mark Start                              0.063 / 0.171         0.057 / 0.171         0.057 / 0.171         0.057 / 0.171       ms
[2025-12-18T08:24:57.516+0530][info][gc,stats    ]       Phase: Pause Relocate Start                          0.011 / 0.014         0.011 / 0.015         0.011 / 0.015         0.011 / 0.015       ms
[2025-12-18T08:24:57.516+0530][info][gc,stats    ]    Subphase: Concurrent Classes Purge                      0.018 / 0.051         0.033 / 1.727         0.033 / 1.727         0.033 / 1.727       ms
[2025-12-18T08:24:57.516+0530][info][gc,stats    ]    Subphase: Concurrent Classes Unlink                     0.599 / 1.490         0.609 / 2.467         0.609 / 2.467         0.609 / 2.467       ms
[2025-12-18T08:24:57.516+0530][info][gc,stats    ]    Subphase: Concurrent Mark                             134.382 / 172.208     128.154 / 172.208     128.154 / 172.208     128.154 / 172.208     ms
[2025-12-18T08:24:57.516+0530][info][gc,stats    ]    Subphase: Concurrent Mark Try Flush                     0.113 / 0.797         0.143 / 10.177        0.143 / 10.177        0.143 / 10.177      ms
[2025-12-18T08:24:57.516+0530][info][gc,stats    ]    Subphase: Concurrent Mark Try Terminate                 2.111 / 16.985        1.590 / 16.985        1.590 / 16.985        1.590 / 16.985      ms
[2025-12-18T08:24:57.516+0530][info][gc,stats    ]    Subphase: Concurrent References Enqueue                 0.000 / 0.001         0.001 / 0.015         0.001 / 0.015         0.001 / 0.015       ms
[2025-12-18T08:24:57.516+0530][info][gc,stats    ]    Subphase: Concurrent References Process                 0.111 / 0.159         0.111 / 0.204         0.111 / 0.204         0.111 / 0.204       ms
[2025-12-18T08:24:57.516+0530][info][gc,stats    ]    Subphase: Concurrent Roots ClassLoaderDataGraph         0.108 / 0.274         0.107 / 0.456         0.107 / 0.456         0.107 / 0.456       ms
[2025-12-18T08:24:57.516+0530][info][gc,stats    ]    Subphase: Concurrent Roots CodeCache                    0.000 / 0.000         0.000 / 0.000         0.000 / 0.000         0.000 / 0.000       ms
[2025-12-18T08:24:57.516+0530][info][gc,stats    ]    Subphase: Concurrent Roots JavaThreads                  0.302 / 0.495         0.327 / 1.858         0.327 / 1.858         0.327 / 1.858       ms
[2025-12-18T08:24:57.516+0530][info][gc,stats    ]    Subphase: Concurrent Roots OopStorageSet                0.028 / 0.079         0.029 / 0.079         0.029 / 0.079         0.029 / 0.079       ms
[2025-12-18T08:24:57.516+0530][info][gc,stats    ]    Subphase: Concurrent Weak Roots OopStorageSet           0.186 / 0.377         0.192 / 0.485         0.192 / 0.485         0.192 / 0.485       ms
[2025-12-18T08:24:57.516+0530][info][gc,stats    ]    Subphase: Pause Mark Try Complete                       0.002 / 0.006         0.002 / 0.024         0.002 / 0.024         0.002 / 0.024       ms
[2025-12-18T08:24:57.516+0530][info][gc,stats    ]      System: Java Threads                                     22 / 22               21 / 22               21 / 22               21 / 22          threads
[2025-12-18T08:24:57.516+0530][info][gc,stats    ] =========================================================================================================================================================
[2025-12-18T08:24:57.555+0530][info][gc,phases   ] GC(130) Concurrent Mark 135.722ms
[2025-12-18T08:24:57.555+0530][info][gc,phases   ] GC(130) Pause Mark End 0.149ms
[2025-12-18T08:24:57.555+0530][info][gc,phases   ] GC(130) Concurrent Mark Free 0.001ms
[2025-12-18T08:24:57.556+0530][info][gc,phases   ] GC(130) Concurrent Process Non-Strong References 1.142ms
[2025-12-18T08:24:57.556+0530][info][gc,phases   ] GC(130) Concurrent Reset Relocation Set 0.003ms
[2025-12-18T08:24:57.556+0530][info][gc          ] Allocation Stall (Worker-3) 61.776ms
[2025-12-18T08:24:57.556+0530][info][gc          ] Allocation Stall (Worker-5) 66.580ms
[2025-12-18T08:24:57.556+0530][info][gc          ] Allocation Stall (Worker-2) 66.889ms
[2025-12-18T08:24:57.556+0530][info][gc          ] Allocation Stall (Worker-0) 64.058ms
[2025-12-18T08:24:57.556+0530][info][gc          ] Allocation Stall (Worker-4) 60.260ms
[2025-12-18T08:24:57.556+0530][info][gc          ] Allocation Stall (Worker-7) 52.501ms
[2025-12-18T08:24:57.556+0530][info][gc          ] Allocation Stall (Worker-1) 58.954ms
[2025-12-18T08:24:57.556+0530][info][gc          ] Allocation Stall (Worker-6) 69.679ms
[2025-12-18T08:24:57.560+0530][info][gc,phases   ] GC(130) Concurrent Select Relocation Set 4.757ms
[2025-12-18T08:24:57.561+0530][info][gc,phases   ] GC(130) Pause Relocate Start 0.013ms
[2025-12-18T08:24:57.576+0530][info][gc,phases   ] GC(130) Concurrent Relocate 1.747ms
[2025-12-18T08:24:57.577+0530][info][gc,load     ] GC(130) Load: 0.00/0.00/0.00
[2025-12-18T08:24:57.577+0530][info][gc,mmu      ] GC(130) MMU: 2ms/91.4%, 5ms/96.6%, 10ms/98.3%, 20ms/99.1%, 50ms/99.6%, 100ms/99.8%
[2025-12-18T08:24:57.577+0530][info][gc,marking  ] GC(130) Mark: 2 stripe(s), 2 proactive flush(es), 1 terminate flush(es), 1 completion(s), 0 continuation(s) 
[2025-12-18T08:24:57.577+0530][info][gc,marking  ] GC(130) Mark Stack Usage: 32M
[2025-12-18T08:24:57.577+0530][info][gc,nmethod  ] GC(130) NMethods: 645 registered, 70 unregistered
[2025-12-18T08:24:57.577+0530][info][gc,metaspace] GC(130) Metaspace: 3M used, 4M committed, 1088M reserved
[2025-12-18T08:24:57.577+0530][info][gc,ref      ] GC(130) Soft: 157 encountered, 81 discovered, 0 enqueued
[2025-12-18T08:24:57.577+0530][info][gc,ref      ] GC(130) Weak: 539 encountered, 417 discovered, 0 enqueued
[2025-12-18T08:24:57.577+0530][info][gc,ref      ] GC(130) Final: 0 encountered, 0 discovered, 0 enqueued
[2025-12-18T08:24:57.577+0530][info][gc,ref      ] GC(130) Phantom: 7 encountered, 5 discovered, 0 enqueued
[2025-12-18T08:24:57.577+0530][info][gc,reloc    ] GC(130) Small Pages: 212 / 424M, Empty: 130M, Relocated: 1M, In-Place: 0
[2025-12-18T08:24:57.577+0530][info][gc,reloc    ] GC(130) Medium Pages: 1 / 16M, Empty: 0M, Relocated: 0M, In-Place: 0
[2025-12-18T08:24:57.577+0530][info][gc,reloc    ] GC(130) Large Pages: 1 / 6M, Empty: 0M, Relocated: 0M, In-Place: 0
[2025-12-18T08:24:57.577+0530][info][gc,reloc    ] GC(130) Forwarding Usage: 0M
[2025-12-18T08:24:57.577+0530][info][gc,heap     ] GC(130) Min Capacity: 512M(100%)
[2025-12-18T08:24:57.577+0530][info][gc,heap     ] GC(130) Max Capacity: 512M(100%)
[2025-12-18T08:24:57.577+0530][info][gc,heap     ] GC(130) Soft Max Capacity: 512M(100%)
[2025-12-18T08:24:57.577+0530][info][gc,heap     ] GC(130)                Mark Start          Mark End        Relocate Start      Relocate End           High               Low         
[2025-12-18T08:24:57.577+0530][info][gc,heap     ] GC(130)  Capacity:      512M (100%)        512M (100%)        512M (100%)        512M (100%)        512M (100%)        512M (100%)   
[2025-12-18T08:24:57.577+0530][info][gc,heap     ] GC(130)      Free:       66M (13%)           0M (0%)          116M (23%)         148M (29%)         148M (29%)           0M (0%)     
[2025-12-18T08:24:57.577+0530][info][gc,heap     ] GC(130)      Used:      446M (87%)         512M (100%)        396M (77%)         364M (71%)         512M (100%)        364M (71%)    
[2025-12-18T08:24:57.577+0530][info][gc,heap     ] GC(130)      Live:         -               248M (48%)         248M (48%)         248M (48%)            -                  -          
[2025-12-18T08:24:57.577+0530][info][gc,heap     ] GC(130) Allocated:         -                66M (13%)          80M (16%)          95M (19%)            -                  -          
[2025-12-18T08:24:57.577+0530][info][gc,heap     ] GC(130)   Garbage:         -               197M (39%)          67M (13%)          20M (4%)             -                  -          
[2025-12-18T08:24:57.577+0530][info][gc,heap     ] GC(130) Reclaimed:         -                  -               130M (25%)         177M (35%)            -                  -          
[2025-12-18T08:24:57.577+0530][info][gc          ] GC(130) Garbage Collection (Allocation Stall) 446M(87%)->364M(71%)
[2025-12-18T08:24:57.617+0530][info][gc,start    ] GC(131) Garbage Collection (Allocation Stall)
[2025-12-18T08:24:57.617+0530][info][gc,ref      ] GC(131) Clearing All SoftReferences
[2025-12-18T08:24:57.617+0530][info][gc,task     ] GC(131) Using 2 workers
[2025-12-18T08:24:57.617+0530][info][gc,ref      ] GC(131) Clearing All SoftReferences
[2025-12-18T08:24:57.617+0530][info][gc,phases   ] GC(131) Pause Mark Start 0.068ms
[2025-12-18T08:24:57.752+0530][info][gc,phases   ] GC(131) Concurrent Mark 130.707ms
[2025-12-18T08:24:57.752+0530][info][gc,phases   ] GC(131) Pause Mark End 0.020ms
[2025-12-18T08:24:57.752+0530][info][gc,phases   ] GC(131) Concurrent Mark Free 0.001ms
[2025-12-18T08:24:57.753+0530][info][gc,phases   ] GC(131) Concurrent Process Non-Strong References 1.039ms
[2025-12-18T08:24:57.753+0530][info][gc,phases   ] GC(131) Concurrent Reset Relocation Set 0.004ms
[2025-12-18T08:24:57.756+0530][info][gc          ] Allocation Stall (Worker-3) 50.856ms
[2025-12-18T08:24:57.756+0530][info][gc          ] Allocation Stall (JFR Periodic Tasks) 51.316ms
[2025-12-18T08:24:57.756+0530][info][gc          ] Allocation Stall (Worker-4) 52.541ms
[2025-12-18T08:24:57.756+0530][info][gc          ] Allocation Stall (Worker-5) 58.040ms
[2025-12-18T08:24:57.756+0530][info][gc          ] Allocation Stall (Worker-7) 56.756ms
[2025-12-18T08:24:57.756+0530][info][gc          ] Allocation Stall (Worker-1) 56.984ms
[2025-12-18T08:24:57.756+0530][info][gc          ] Allocation Stall (Worker-0) 55.531ms
[2025-12-18T08:24:57.756+0530][info][gc          ] Allocation Stall (Worker-6) 54.596ms
[2025-12-18T08:24:57.756+0530][info][gc          ] Allocation Stall (Worker-2) 53.161ms
[2025-12-18T08:24:57.756+0530][info][gc,phases   ] GC(131) Concurrent Select Relocation Set 3.008ms
[2025-12-18T08:24:57.760+0530][info][gc,phases   ] GC(131) Pause Relocate Start 0.010ms
[2025-12-18T08:24:57.764+0530][info][gc,phases   ] GC(131) Concurrent Relocate 1.608ms
[2025-12-18T08:24:57.764+0530][info][gc,load     ] GC(131) Load: 0.00/0.00/0.00
[2025-12-18T08:24:57.764+0530][info][gc,mmu      ] GC(131) MMU: 2ms/91.4%, 5ms/96.6%, 10ms/98.3%, 20ms/99.1%, 50ms/99.6%, 100ms/99.8%
[2025-12-18T08:24:57.764+0530][info][gc,marking  ] GC(131) Mark: 2 stripe(s), 2 proactive flush(es), 1 terminate flush(es), 0 completion(s), 0 continuation(s) 
[2025-12-18T08:24:57.764+0530][info][gc,marking  ] GC(131) Mark Stack Usage: 32M
[2025-12-18T08:24:57.764+0530][info][gc,nmethod  ] GC(131) NMethods: 645 registered, 70 unregistered
[2025-12-18T08:24:57.764+0530][info][gc,metaspace] GC(131) Metaspace: 3M used, 4M committed, 1088M reserved
[2025-12-18T08:24:57.764+0530][info][gc,ref      ] GC(131) Soft: 157 encountered, 89 discovered, 0 enqueued
[2025-12-18T08:24:57.764+0530][info][gc,ref      ] GC(131) Weak: 539 encountered, 405 discovered, 0 enqueued
[2025-12-18T08:24:57.764+0530][info][gc,ref      ] GC(131) Final: 0 encountered, 0 discovered, 0 enqueued
[2025-12-18T08:24:57.764+0530][info][gc,ref      ] GC(131) Phantom: 7 encountered, 3 discovered, 0 enqueued
[2025-12-18T08:24:57.765+0530][info][gc,reloc    ] GC(131) Small Pages: 200 / 400M, Empty: 106M, Relocated: 1M, In-Place: 0
[2025-12-18T08:24:57.765+0530][info][gc,reloc    ] GC(131) Medium Pages: 1 / 16M, Empty: 0M, Relocated: 0M, In-Place: 0
[2025-12-18T08:24:57.765+0530][info][gc,reloc    ] GC(131) Large Pages: 1 / 6M, Empty: 0M, Relocated: 0M, In-Place: 0
[2025-12-18T08:24:57.765+0530][info][gc,reloc    ] GC(131) Forwarding Usage: 0M
[2025-12-18T08:24:57.765+0530][info][gc,heap     ] GC(131) Min Capacity: 512M(100%)
[2025-12-18T08:24:57.765+0530][info][gc,heap     ] GC(131) Max Capacity: 512M(100%)
[2025-12-18T08:24:57.765+0530][info][gc,heap     ] GC(131) Soft Max Capacity: 512M(100%)
[2025-12-18T08:24:57.765+0530][info][gc,heap     ] GC(131)                Mark Start          Mark End        Relocate Start      Relocate End           High               Low         
[2025-12-18T08:24:57.765+0530][info][gc,heap     ] GC(131)  Capacity:      512M (100%)        512M (100%)        512M (100%)        512M (100%)        512M (100%)        512M (100%)   
[2025-12-18T08:24:57.765+0530][info][gc,heap     ] GC(131)      Free:       90M (18%)           0M (0%)           92M (18%)         140M (27%)         140M (27%)           0M (0%)     
[2025-12-18T08:24:57.765+0530][info][gc,heap     ] GC(131)      Used:      422M (82%)         512M (100%)        420M (82%)         372M (73%)         512M (100%)        372M (73%)    
[2025-12-18T08:24:57.765+0530][info][gc,heap     ] GC(131)      Live:         -               248M (48%)         248M (48%)         248M (48%)            -                  -          
[2025-12-18T08:24:57.765+0530][info][gc,heap     ] GC(131) Allocated:         -                90M (18%)         104M (20%)         103M (20%)            -                  -          
[2025-12-18T08:24:57.765+0530][info][gc,heap     ] GC(131)   Garbage:         -               173M (34%)          67M (13%)          19M (4%)             -                  -          
[2025-12-18T08:24:57.765+0530][info][gc,heap     ] GC(131) Reclaimed:         -                  -               106M (21%)         153M (30%)            -                  -          
[2025-12-18T08:24:57.765+0530][info][gc          ] GC(131) Garbage Collection (Allocation Stall) 422M(82%)->372M(73%)
[2025-12-18T08:24:57.817+0530][info][gc,start    ] GC(132) Garbage Collection (Allocation Stall)
[2025-12-18T08:24:57.817+0530][info][gc,ref      ] GC(132) Clearing All SoftReferences
[2025-12-18T08:24:57.817+0530][info][gc,task     ] GC(132) Using 2 workers
[2025-12-18T08:24:57.817+0530][info][gc,ref      ] GC(132) Clearing All SoftReferences
[2025-12-18T08:24:57.817+0530][info][gc,phases   ] GC(132) Pause Mark Start 0.084ms
[2025-12-18T08:24:57.946+0530][info][gc,phases   ] GC(132) Concurrent Mark 123.635ms
[2025-12-18T08:24:57.946+0530][info][gc,phases   ] GC(132) Pause Mark End 0.090ms
[2025-12-18T08:24:57.946+0530][info][gc,phases   ] GC(132) Concurrent Mark Free 0.001ms
[2025-12-18T08:24:57.947+0530][info][gc,phases   ] GC(132) Concurrent Process Non-Strong References 1.040ms
[2025-12-18T08:24:57.947+0530][info][gc,phases   ] GC(132) Concurrent Reset Relocation Set 0.003ms
[2025-12-18T08:24:57.947+0530][info][gc          ] Allocation Stall (Worker-5) 60.708ms
[2025-12-18T08:24:57.947+0530][info][gc          ] Allocation Stall (Worker-6) 57.990ms
[2025-12-18T08:24:57.947+0530][info][gc          ] Allocation Stall (Worker-2) 60.420ms
[2025-12-18T08:24:57.947+0530][info][gc          ] Allocation Stall (Worker-1) 66.617ms
[2025-12-18T08:24:57.947+0530][info][gc          ] Allocation Stall (Worker-7) 62.580ms
[2025-12-18T08:24:57.947+0530][info][gc          ] Allocation Stall (Worker-0) 64.092ms
[2025-12-18T08:24:57.947+0530][info][gc          ] Allocation Stall (Worker-3) 61.964ms
[2025-12-18T08:24:57.947+0530][info][gc          ] Allocation Stall (Worker-4) 62.362ms
[2025-12-18T08:24:57.951+0530][info][gc,phases   ] GC(132) Concurrent Select Relocation Set 3.707ms
[2025-12-18T08:24:57.951+0530][info][gc,phases   ] GC(132) Pause Relocate Start 0.011ms
[2025-12-18T08:24:57.953+0530][info][gc,phases   ] GC(132) Concurrent Relocate 1.472ms
[2025-12-18T08:24:57.953+0530][info][gc,load     ] GC(132) Load: 0.00/0.00/0.00
[2025-12-18T08:24:57.953+0530][info][gc,mmu      ] GC(132) MMU: 2ms/91.4%, 5ms/96.6%, 10ms/98.3%, 20ms/99.1%, 50ms/99.6%, 100ms/99.8%
[2025-12-18T08:24:57.953+0530][info][gc,marking  ] GC(132) Mark: 2 stripe(s), 2 proactive flush(es), 1 terminate flush(es), 1 completion(s), 0 continuation(s) 
[2025-12-18T08:24:57.953+0530][info][gc,marking  ] GC(132) Mark Stack Usage: 32M
[2025-12-18T08:24:57.953+0530][info][gc,nmethod  ] GC(132) NMethods: 645 registered, 70 unregistered
[2025-12-18T08:24:57.953+0530][info][gc,metaspace] GC(132) Metaspace: 3M used, 4M committed, 1088M reserved
[2025-12-18T08:24:57.953+0530][info][gc,ref      ] GC(132) Soft: 157 encountered, 88 discovered, 0 enqueued
[2025-12-18T08:24:57.953+0530][info][gc,ref      ] GC(132) Weak: 539 encountered, 407 discovered, 0 enqueued
[2025-12-18T08:24:57.953+0530][info][gc,ref      ] GC(132) Final: 0 encountered, 0 discovered, 0 enqueued
[2025-12-18T08:24:57.953+0530][info][gc,ref      ] GC(132) Phantom: 7 encountered, 3 discovered, 0 enqueued
[2025-12-18T08:24:57.953+0530][info][gc,reloc    ] GC(132) Small Pages: 209 / 418M, Empty: 140M, Relocated: 1M, In-Place: 0
[2025-12-18T08:24:57.953+0530][info][gc,reloc    ] GC(132) Medium Pages: 1 / 16M, Empty: 0M, Relocated: 0M, In-Place: 0
[2025-12-18T08:24:57.953+0530][info][gc,reloc    ] GC(132) Large Pages: 1 / 6M, Empty: 0M, Relocated: 0M, In-Place: 0
[2025-12-18T08:24:57.953+0530][info][gc,reloc    ] GC(132) Forwarding Usage: 0M
[2025-12-18T08:24:57.953+0530][info][gc,heap     ] GC(132) Min Capacity: 512M(100%)
[2025-12-18T08:24:57.953+0530][info][gc,heap     ] GC(132) Max Capacity: 512M(100%)
[2025-12-18T08:24:57.953+0530][info][gc,heap     ] GC(132) Soft Max Capacity: 512M(100%)
[2025-12-18T08:24:57.954+0530][info][gc,heap     ] GC(132)                Mark Start          Mark End        Relocate Start      Relocate End           High               Low         
[2025-12-18T08:24:57.954+0530][info][gc,heap     ] GC(132)  Capacity:      512M (100%)        512M (100%)        512M (100%)        512M (100%)        512M (100%)        512M (100%)   
[2025-12-18T08:24:57.954+0530][info][gc,heap     ] GC(132)      Free:       72M (14%)           0M (0%)          126M (25%)         158M (31%)         158M (31%)           0M (0%)     
[2025-12-18T08:24:57.954+0530][info][gc,heap     ] GC(132)      Used:      440M (86%)         512M (100%)        386M (75%)         354M (69%)         512M (100%)        354M (69%)    
[2025-12-18T08:24:57.954+0530][info][gc,heap     ] GC(132)      Live:         -               248M (48%)         248M (48%)         248M (48%)            -                  -          
[2025-12-18T08:24:57.954+0530][info][gc,heap     ] GC(132) Allocated:         -                72M (14%)          86M (17%)          85M (17%)            -                  -          
[2025-12-18T08:24:57.954+0530][info][gc,heap     ] GC(132)   Garbage:         -               191M (37%)          51M (10%)          19M (4%)             -                  -          
[2025-12-18T08:24:57.954+0530][info][gc,heap     ] GC(132) Reclaimed:         -                  -               140M (27%)         171M (34%)            -                  -          
[2025-12-18T08:24:57.954+0530][info][gc          ] GC(132) Garbage Collection (Allocation Stall) 440M(86%)->354M(69%)
[2025-12-18T08:24:58.017+0530][info][gc,start    ] GC(133) Garbage Collection (Allocation Stall)
[2025-12-18T08:24:58.017+0530][info][gc,ref      ] GC(133) Clearing All SoftReferences
[2025-12-18T08:24:58.017+0530][info][gc,task     ] GC(133) Using 2 workers
[2025-12-18T08:24:58.017+0530][info][gc,ref      ] GC(133) Clearing All SoftReferences
[2025-12-18T08:24:58.017+0530][info][gc,phases   ] GC(133) Pause Mark Start 0.046ms
[2025-12-18T08:24:58.152+0530][info][gc,phases   ] GC(133) Concurrent Mark 113.946ms
[2025-12-18T08:24:58.152+0530][info][gc,phases   ] GC(133) Pause Mark End 0.021ms
[2025-12-18T08:24:58.152+0530][info][gc,phases   ] GC(133) Concurrent Mark Free 0.001ms
[2025-12-18T08:24:58.153+0530][info][gc,phases   ] GC(133) Concurrent Process Non-Strong References 1.039ms
[2025-12-18T08:24:58.153+0530][info][gc,phases   ] GC(133) Concurrent Reset Relocation Set 0.002ms
[2025-12-18T08:24:58.153+0530][info][gc          ] Allocation Stall (Worker-7) 65.925ms
[2025-12-18T08:24:58.153+0530][info][gc          ] Allocation Stall (main) 58.510ms
[2025-12-18T08:24:58.153+0530][info][gc          ] Allocation Stall (Worker-1) 73.249ms
[2025-12-18T08:24:58.153+0530][info][gc          ] Allocation Stall (Worker-3) 64.677ms
[2025-12-18T08:24:58.153+0530][info][gc          ] Allocation Stall (Worker-5) 76.057ms
[2025-12-18T08:24:58.153+0530][info][gc          ] Allocation Stall (Worker-2) 72.726ms
[2025-12-18T08:24:58.153+0530][info][gc          ] Allocation Stall (Worker-6) 71.392ms
[2025-12-18T08:24:58.153+0530][info][gc          ] Allocation Stall (Worker-0) 71.154ms
[2025-12-18T08:24:58.153+0530][info][gc          ] Allocation Stall (Worker-4) 69.885ms
[2025-12-18T08:24:58.157+0530][info][gc,phases   ] GC(133) Concurrent Select Relocation Set 3.900ms
[2025-12-18T08:24:58.157+0530][info][gc,phases   ] GC(133) Pause Relocate Start 0.012ms
[2025-12-18T08:24:58.163+0530][info][gc,phases   ] GC(133) Concurrent Relocate 1.581ms
[2025-12-18T08:24:58.163+0530][info][gc,load     ] GC(133) Load: 0.00/0.00/0.00
[2025-12-18T08:24:58.163+0530][info][gc,mmu      ] GC(133) MMU: 2ms/91.4%, 5ms/96.6%, 10ms/98.3%, 20ms/99.1%, 50ms/99.6%, 100ms/99.8%
[2025-12-18T08:24:58.163+0530][info][gc,marking  ] GC(133) Mark: 2 stripe(s), 2 proactive flush(es), 1 terminate flush(es), 0 completion(s), 0 continuation(s) 
[2025-12-18T08:24:58.163+0530][info][gc,marking  ] GC(133) Mark Stack Usage: 32M
[2025-12-18T08:24:58.163+0530][info][gc,nmethod  ] GC(133) NMethods: 645 registered, 70 unregistered
[2025-12-18T08:24:58.163+0530][info][gc,metaspace] GC(133) Metaspace: 3M used, 4M committed, 1088M reserved
[2025-12-18T08:24:58.163+0530][info][gc,ref      ] GC(133) Soft: 157 encountered, 88 discovered, 0 enqueued
[2025-12-18T08:24:58.163+0530][info][gc,ref      ] GC(133) Weak: 539 encountered, 392 discovered, 0 enqueued
[2025-12-18T08:24:58.163+0530][info][gc,ref      ] GC(133) Final: 0 encountered, 0 discovered, 0 enqueued
[2025-12-18T08:24:58.163+0530][info][gc,ref      ] GC(133) Phantom: 7 encountered, 3 discovered, 0 enqueued
[2025-12-18T08:24:58.163+0530][info][gc,reloc    ] GC(133) Small Pages: 212 / 424M, Empty: 146M, Relocated: 1M, In-Place: 0
[2025-12-18T08:24:58.163+0530][info][gc,reloc    ] GC(133) Medium Pages: 1 / 16M, Empty: 0M, Relocated: 0M, In-Place: 0
[2025-12-18T08:24:58.163+0530][info][gc,reloc    ] GC(133) Large Pages: 1 / 6M, Empty: 0M, Relocated: 0M, In-Place: 0
[2025-12-18T08:24:58.163+0530][info][gc,reloc    ] GC(133) Forwarding Usage: 0M
[2025-12-18T08:24:58.163+0530][info][gc,heap     ] GC(133) Min Capacity: 512M(100%)
[2025-12-18T08:24:58.164+0530][info][gc,heap     ] GC(133) Max Capacity: 512M(100%)
[2025-12-18T08:24:58.164+0530][info][gc,heap     ] GC(133) Soft Max Capacity: 512M(100%)
[2025-12-18T08:24:58.164+0530][info][gc,heap     ] GC(133)                Mark Start          Mark End        Relocate Start      Relocate End           High               Low         
[2025-12-18T08:24:58.164+0530][info][gc,heap     ] GC(133)  Capacity:      512M (100%)        512M (100%)        512M (100%)        512M (100%)        512M (100%)        512M (100%)   
[2025-12-18T08:24:58.164+0530][info][gc,heap     ] GC(133)      Free:       66M (13%)           0M (0%)          130M (25%)         162M (32%)         162M (32%)           0M (0%)     
[2025-12-18T08:24:58.164+0530][info][gc,heap     ] GC(133)      Used:      446M (87%)         512M (100%)        382M (75%)         350M (68%)         512M (100%)        350M (68%)    
[2025-12-18T08:24:58.164+0530][info][gc,heap     ] GC(133)      Live:         -               248M (48%)         248M (48%)         248M (48%)            -                  -          
[2025-12-18T08:24:58.164+0530][info][gc,heap     ] GC(133) Allocated:         -                66M (13%)          82M (16%)          81M (16%)            -                  -          
[2025-12-18T08:24:58.164+0530][info][gc,heap     ] GC(133)   Garbage:         -               197M (39%)          51M (10%)          19M (4%)             -                  -          
[2025-12-18T08:24:58.164+0530][info][gc,heap     ] GC(133) Reclaimed:         -                  -               146M (29%)         177M (35%)            -                  -          
[2025-12-18T08:24:58.164+0530][info][gc          ] GC(133) Garbage Collection (Allocation Stall) 446M(87%)->350M(68%)
[2025-12-18T08:24:58.217+0530][info][gc,start    ] GC(134) Garbage Collection (Allocation Stall)
[2025-12-18T08:24:58.217+0530][info][gc,ref      ] GC(134) Clearing All SoftReferences
[2025-12-18T08:24:58.217+0530][info][gc,task     ] GC(134) Using 2 workers
[2025-12-18T08:24:58.217+0530][info][gc,ref      ] GC(134) Clearing All SoftReferences
[2025-12-18T08:24:58.217+0530][info][gc,phases   ] GC(134) Pause Mark Start 0.060ms
[2025-12-18T08:24:58.353+0530][info][gc,phases   ] GC(134) Concurrent Mark 131.621ms
[2025-12-18T08:24:58.353+0530][info][gc,phases   ] GC(134) Pause Mark End 0.021ms
[2025-12-18T08:24:58.353+0530][info][gc,phases   ] GC(134) Concurrent Mark Free 0.001ms
[2025-12-18T08:24:58.354+0530][info][gc,phases   ] GC(134) Concurrent Process Non-Strong References 1.075ms
[2025-12-18T08:24:58.354+0530][info][gc,phases   ] GC(134) Concurrent Reset Relocation Set 0.002ms
[2025-12-18T08:24:58.357+0530][info][gc          ] Allocation Stall (Worker-1) 48.222ms
[2025-12-18T08:24:58.357+0530][info][gc          ] Allocation Stall (Worker-7) 46.666ms
[2025-12-18T08:24:58.357+0530][info][gc          ] Allocation Stall (Worker-5) 56.013ms
[2025-12-18T08:24:58.357+0530][info][gc          ] Allocation Stall (Worker-4) 55.597ms
[2025-12-18T08:24:58.357+0530][info][gc          ] Allocation Stall (Worker-0) 54.759ms
[2025-12-18T08:24:58.357+0530][info][gc          ] Allocation Stall (Worker-3) 52.865ms
[2025-12-18T08:24:58.357+0530][info][gc          ] Allocation Stall (Worker-2) 52.119ms
[2025-12-18T08:24:58.357+0530][info][gc          ] Allocation Stall (Worker-6) 50.556ms
[2025-12-18T08:24:58.357+0530][info][gc,phases   ] GC(134) Concurrent Select Relocation Set 3.093ms
[2025-12-18T08:24:58.358+0530][info][gc,phases   ] GC(134) Pause Relocate Start 0.010ms
[2025-12-18T08:24:58.391+0530][info][gc,phases   ] GC(134) Concurrent Relocate 1.688ms
[2025-12-18T08:24:58.391+0530][info][gc,load     ] GC(134) Load: 0.00/0.00/0.00
[2025-12-18T08:24:58.391+0530][info][gc,mmu      ] GC(134) MMU: 2ms/91.4%, 5ms/96.6%, 10ms/98.3%, 20ms/99.1%, 50ms/99.6%, 100ms/99.8%
[2025-12-18T08:24:58.391+0530][info][gc,marking  ] GC(134) Mark: 2 stripe(s), 2 proactive flush(es), 1 terminate flush(es), 0 completion(s), 0 continuation(s) 
[2025-12-18T08:24:58.391+0530][info][gc,marking  ] GC(134) Mark Stack Usage: 32M
[2025-12-18T08:24:58.391+0530][info][gc,nmethod  ] GC(134) NMethods: 645 registered, 70 unregistered
[2025-12-18T08:24:58.391+0530][info][gc,metaspace] GC(134) Metaspace: 3M used, 4M committed, 1088M reserved
[2025-12-18T08:24:58.392+0530][info][gc,ref      ] GC(134) Soft: 157 encountered, 77 discovered, 0 enqueued
[2025-12-18T08:24:58.392+0530][info][gc,ref      ] GC(134) Weak: 539 encountered, 387 discovered, 0 enqueued
[2025-12-18T08:24:58.392+0530][info][gc,ref      ] GC(134) Final: 0 encountered, 0 discovered, 0 enqueued
[2025-12-18T08:24:58.392+0530][info][gc,ref      ] GC(134) Phantom: 7 encountered, 3 discovered, 0 enqueued
[2025-12-18T08:24:58.392+0530][info][gc,reloc    ] GC(134) Small Pages: 200 / 400M, Empty: 122M, Relocated: 1M, In-Place: 0
[2025-12-18T08:24:58.392+0530][info][gc,reloc    ] GC(134) Medium Pages: 1 / 16M, Empty: 0M, Relocated: 0M, In-Place: 0
[2025-12-18T08:24:58.392+0530][info][gc,reloc    ] GC(134) Large Pages: 1 / 6M, Empty: 0M, Relocated: 0M, In-Place: 0
[2025-12-18T08:24:58.392+0530][info][gc,reloc    ] GC(134) Forwarding Usage: 0M
[2025-12-18T08:24:58.392+0530][info][gc,heap     ] GC(134) Min Capacity: 512M(100%)
[2025-12-18T08:24:58.392+0530][info][gc,heap     ] GC(134) Max Capacity: 512M(100%)
[2025-12-18T08:24:58.392+0530][info][gc,heap     ] GC(134) Soft Max Capacity: 512M(100%)
[2025-12-18T08:24:58.392+0530][info][gc,heap     ] GC(134)                Mark Start          Mark End        Relocate Start      Relocate End           High               Low         
[2025-12-18T08:24:58.392+0530][info][gc,heap     ] GC(134)  Capacity:      512M (100%)        512M (100%)        512M (100%)        512M (100%)        512M (100%)        512M (100%)   
[2025-12-18T08:24:58.392+0530][info][gc,heap     ] GC(134)      Free:       90M (18%)           0M (0%)          108M (21%)         106M (21%)         122M (24%)           0M (0%)     
[2025-12-18T08:24:58.392+0530][info][gc,heap     ] GC(134)      Used:      422M (82%)         512M (100%)        404M (79%)         406M (79%)         512M (100%)        390M (76%)    
[2025-12-18T08:24:58.392+0530][info][gc,heap     ] GC(134)      Live:         -               248M (48%)         248M (48%)         248M (48%)            -                  -          
[2025-12-18T08:24:58.392+0530][info][gc,heap     ] GC(134) Allocated:         -                90M (18%)         104M (20%)         137M (27%)            -                  -          
[2025-12-18T08:24:58.392+0530][info][gc,heap     ] GC(134)   Garbage:         -               173M (34%)          51M (10%)          20M (4%)             -                  -          
[2025-12-18T08:24:58.392+0530][info][gc,heap     ] GC(134) Reclaimed:         -                  -               122M (24%)         153M (30%)            -                  -          
[2025-12-18T08:24:58.392+0530][info][gc          ] GC(134) Garbage Collection (Allocation Stall) 422M(82%)->406M(79%)
[2025-12-18T08:24:58.417+0530][info][gc,start    ] GC(135) Garbage Collection (Allocation Stall)
[2025-12-18T08:24:58.417+0530][info][gc,ref      ] GC(135) Clearing All SoftReferences
[2025-12-18T08:24:58.417+0530][info][gc,task     ] GC(135) Using 2 workers
[2025-12-18T08:24:58.417+0530][info][gc,ref      ] GC(135) Clearing All SoftReferences
[2025-12-18T08:24:58.417+0530][info][gc,phases   ] GC(135) Pause Mark Start 0.051ms
[2025-12-18T08:24:58.544+0530][info][gc,phases   ] GC(135) Concurrent Mark 124.263ms
[2025-12-18T08:24:58.544+0530][info][gc,phases   ] GC(135) Pause Mark End 0.135ms
[2025-12-18T08:24:58.544+0530][info][gc,phases   ] GC(135) Concurrent Mark Free 0.001ms
[2025-12-18T08:24:58.545+0530][info][gc,phases   ] GC(135) Concurrent Process Non-Strong References 1.035ms
[2025-12-18T08:24:58.545+0530][info][gc,phases   ] GC(135) Concurrent Reset Relocation Set 0.003ms
[2025-12-18T08:24:58.548+0530][info][gc          ] Allocation Stall (Worker-1) 67.299ms
[2025-12-18T08:24:58.548+0530][info][gc          ] Allocation Stall (Worker-7) 68.968ms
[2025-12-18T08:24:58.548+0530][info][gc          ] Allocation Stall (Worker-6) 69.749ms
[2025-12-18T08:24:58.548+0530][info][gc          ] Allocation Stall (Worker-4) 69.273ms
[2025-12-18T08:24:58.548+0530][info][gc          ] Allocation Stall (Worker-0) 69.354ms
[2025-12-18T08:24:58.548+0530][info][gc          ] Allocation Stall (Worker-3) 70.201ms
[2025-12-18T08:24:58.548+0530][info][gc          ] Allocation Stall (Worker-5) 68.589ms
[2025-12-18T08:24:58.548+0530][info][gc          ] Allocation Stall (Worker-2) 79.071ms
[2025-12-18T08:24:58.548+0530][info][gc,phases   ] GC(135) Concurrent Select Relocation Set 3.047ms
[2025-12-18T08:24:58.549+0530][info][gc,phases   ] GC(135) Pause Relocate Start 0.015ms
[2025-12-18T08:24:58.557+0530][info][gc,phases   ] GC(135) Concurrent Relocate 1.681ms
[2025-12-18T08:24:58.557+0530][info][gc,load     ] GC(135) Load: 0.00/0.00/0.00
[2025-12-18T08:24:58.557+0530][info][gc,mmu      ] GC(135) MMU: 2ms/91.4%, 5ms/96.6%, 10ms/98.3%, 20ms/99.1%, 50ms/99.6%, 100ms/99.8%
[2025-12-18T08:24:58.557+0530][info][gc,marking  ] GC(135) Mark: 2 stripe(s), 2 proactive flush(es), 1 terminate flush(es), 1 completion(s), 0 continuation(s) 
[2025-12-18T08:24:58.557+0530][info][gc,marking  ] GC(135) Mark Stack Usage: 32M
[2025-12-18T08:24:58.557+0530][info][gc,nmethod  ] GC(135) NMethods: 645 registered, 70 unregistered
[2025-12-18T08:24:58.557+0530][info][gc,metaspace] GC(135) Metaspace: 3M used, 4M committed, 1088M reserved
[2025-12-18T08:24:58.558+0530][info][gc,ref      ] GC(135) Soft: 157 encountered, 81 discovered, 0 enqueued
[2025-12-18T08:24:58.558+0530][info][gc,ref      ] GC(135) Weak: 539 encountered, 417 discovered, 0 enqueued
[2025-12-18T08:24:58.558+0530][info][gc,ref      ] GC(135) Final: 0 encountered, 0 discovered, 0 enqueued
[2025-12-18T08:24:58.558+0530][info][gc,ref      ] GC(135) Phantom: 7 encountered, 5 discovered, 0 enqueued
[2025-12-18T08:24:58.558+0530][info][gc,reloc    ] GC(135) Small Pages: 214 / 428M, Empty: 116M, Relocated: 1M, In-Place: 0
[2025-12-18T08:24:58.558+0530][info][gc,reloc    ] GC(135) Medium Pages: 1 / 16M, Empty: 0M, Relocated: 0M, In-Place: 0
[2025-12-18T08:24:58.558+0530][info][gc,reloc    ] GC(135) Large Pages: 1 / 6M, Empty: 0M, Relocated: 0M, In-Place: 0
[2025-12-18T08:24:58.558+0530][info][gc,reloc    ] GC(135) Forwarding Usage: 0M
[2025-12-18T08:24:58.558+0530][info][gc,heap     ] GC(135) Min Capacity: 512M(100%)
[2025-12-18T08:24:58.558+0530][info][gc,heap     ] GC(135) Max Capacity: 512M(100%)
[2025-12-18T08:24:58.558+0530][info][gc,heap     ] GC(135) Soft Max Capacity: 512M(100%)
[2025-12-18T08:24:58.558+0530][info][gc,heap     ] GC(135)                Mark Start          Mark End        Relocate Start      Relocate End           High               Low         
[2025-12-18T08:24:58.558+0530][info][gc,heap     ] GC(135)  Capacity:      512M (100%)        512M (100%)        512M (100%)        512M (100%)        512M (100%)        512M (100%)   
[2025-12-18T08:24:58.558+0530][info][gc,heap     ] GC(135)      Free:       62M (12%)           0M (0%)          104M (20%)         170M (33%)         170M (33%)           0M (0%)     
[2025-12-18T08:24:58.558+0530][info][gc,heap     ] GC(135)      Used:      450M (88%)         512M (100%)        408M (80%)         342M (67%)         512M (100%)        342M (67%)    
[2025-12-18T08:24:58.558+0530][info][gc,heap     ] GC(135)      Live:         -               248M (48%)         248M (48%)         248M (48%)            -                  -          
[2025-12-18T08:24:58.558+0530][info][gc,heap     ] GC(135) Allocated:         -                62M (12%)          74M (14%)          73M (14%)            -                  -          
[2025-12-18T08:24:58.558+0530][info][gc,heap     ] GC(135)   Garbage:         -               201M (39%)          85M (17%)          19M (4%)             -                  -          
[2025-12-18T08:24:58.558+0530][info][gc,heap     ] GC(135) Reclaimed:         -                  -               116M (23%)         181M (36%)            -                  -          
[2025-12-18T08:24:58.558+0530][info][gc          ] GC(135) Garbage Collection (Allocation Stall) 450M(88%)->342M(67%)
[2025-12-18T08:24:58.617+0530][info][gc,start    ] GC(136) Garbage Collection (Allocation Stall)
[2025-12-18T08:24:58.617+0530][info][gc,ref      ] GC(136) Clearing All SoftReferences
[2025-12-18T08:24:58.617+0530][info][gc,task     ] GC(136) Using 2 workers
[2025-12-18T08:24:58.617+0530][info][gc,ref      ] GC(136) Clearing All SoftReferences
[2025-12-18T08:24:58.617+0530][info][gc,phases   ] GC(136) Pause Mark Start 0.052ms
[2025-12-18T08:24:58.749+0530][info][gc,phases   ] GC(136) Concurrent Mark 124.776ms
[2025-12-18T08:24:58.749+0530][info][gc,phases   ] GC(136) Pause Mark End 0.085ms
[2025-12-18T08:24:58.749+0530][info][gc,phases   ] GC(136) Concurrent Mark Free 0.001ms
[2025-12-18T08:24:58.750+0530][info][gc,phases   ] GC(136) Concurrent Process Non-Strong References 1.036ms
[2025-12-18T08:24:58.750+0530][info][gc,phases   ] GC(136) Concurrent Reset Relocation Set 0.005ms
[2025-12-18T08:24:58.750+0530][info][gc          ] Allocation Stall (Worker-1) 64.971ms
[2025-12-18T08:24:58.750+0530][info][gc          ] Allocation Stall (Worker-3) 58.898ms
[2025-12-18T08:24:58.750+0530][info][gc          ] Allocation Stall (Worker-7) 66.684ms
[2025-12-18T08:24:58.750+0530][info][gc          ] Allocation Stall (Worker-6) 62.300ms
[2025-12-18T08:24:58.750+0530][info][gc          ] Allocation Stall (Worker-5) 65.957ms
[2025-12-18T08:24:58.750+0530][info][gc          ] Allocation Stall (Worker-4) 66.084ms
[2025-12-18T08:24:58.750+0530][info][gc          ] Allocation Stall (Worker-2) 65.780ms
[2025-12-18T08:24:58.750+0530][info][gc          ] Allocation Stall (Worker-0) 64.275ms
[2025-12-18T08:24:58.754+0530][info][gc,phases   ] GC(136) Concurrent Select Relocation Set 3.692ms
[2025-12-18T08:24:58.754+0530][info][gc,phases   ] GC(136) Pause Relocate Start 0.012ms
[2025-12-18T08:24:58.762+0530][info][gc,phases   ] GC(136) Concurrent Relocate 1.597ms
[2025-12-18T08:24:58.762+0530][info][gc,load     ] GC(136) Load: 0.00/0.00/0.00
[2025-12-18T08:24:58.762+0530][info][gc,mmu      ] GC(136) MMU: 2ms/91.4%, 5ms/96.6%, 10ms/98.3%, 20ms/99.1%, 50ms/99.6%, 100ms/99.8%
[2025-12-18T08:24:58.762+0530][info][gc,marking  ] GC(136) Mark: 2 stripe(s), 2 proactive flush(es), 1 terminate flush(es), 1 completion(s), 0 continuation(s) 
[2025-12-18T08:24:58.762+0530][info][gc,marking  ] GC(136) Mark Stack Usage: 32M
[2025-12-18T08:24:58.762+0530][info][gc,nmethod  ] GC(136) NMethods: 645 registered, 70 unregistered
[2025-12-18T08:24:58.762+0530][info][gc,metaspace] GC(136) Metaspace: 3M used, 4M committed, 1088M reserved
[2025-12-18T08:24:58.762+0530][info][gc,ref      ] GC(136) Soft: 157 encountered, 78 discovered, 0 enqueued
[2025-12-18T08:24:58.762+0530][info][gc,ref      ] GC(136) Weak: 539 encountered, 387 discovered, 0 enqueued
[2025-12-18T08:24:58.762+0530][info][gc,ref      ] GC(136) Final: 0 encountered, 0 discovered, 0 enqueued
[2025-12-18T08:24:58.762+0530][info][gc,ref      ] GC(136) Phantom: 7 encountered, 6 discovered, 0 enqueued
[2025-12-18T08:24:58.762+0530][info][gc,reloc    ] GC(136) Small Pages: 207 / 414M, Empty: 136M, Relocated: 1M, In-Place: 0
[2025-12-18T08:24:58.763+0530][info][gc,reloc    ] GC(136) Medium Pages: 1 / 16M, Empty: 0M, Relocated: 0M, In-Place: 0
[2025-12-18T08:24:58.763+0530][info][gc,reloc    ] GC(136) Large Pages: 1 / 6M, Empty: 0M, Relocated: 0M, In-Place: 0
[2025-12-18T08:24:58.763+0530][info][gc,reloc    ] GC(136) Forwarding Usage: 0M
[2025-12-18T08:24:58.763+0530][info][gc,heap     ] GC(136) Min Capacity: 512M(100%)
[2025-12-18T08:24:58.763+0530][info][gc,heap     ] GC(136) Max Capacity: 512M(100%)
[2025-12-18T08:24:58.763+0530][info][gc,heap     ] GC(136) Soft Max Capacity: 512M(100%)
[2025-12-18T08:24:58.763+0530][info][gc,heap     ] GC(136)                Mark Start          Mark End        Relocate Start      Relocate End           High               Low         
[2025-12-18T08:24:58.763+0530][info][gc,heap     ] GC(136)  Capacity:      512M (100%)        512M (100%)        512M (100%)        512M (100%)        512M (100%)        512M (100%)   
[2025-12-18T08:24:58.763+0530][info][gc,heap     ] GC(136)      Free:       76M (15%)           0M (0%)          124M (24%)         152M (30%)         152M (30%)           0M (0%)     
[2025-12-18T08:24:58.763+0530][info][gc,heap     ] GC(136)      Used:      436M (85%)         512M (100%)        388M (76%)         360M (70%)         512M (100%)        360M (70%)    
[2025-12-18T08:24:58.763+0530][info][gc,heap     ] GC(136)      Live:         -               248M (48%)         248M (48%)         248M (48%)            -                  -          
[2025-12-18T08:24:58.763+0530][info][gc,heap     ] GC(136) Allocated:         -                76M (15%)          88M (17%)          91M (18%)            -                  -          
[2025-12-18T08:24:58.763+0530][info][gc,heap     ] GC(136)   Garbage:         -               187M (37%)          51M (10%)          19M (4%)             -                  -          
[2025-12-18T08:24:58.763+0530][info][gc,heap     ] GC(136) Reclaimed:         -                  -               136M (27%)         167M (33%)            -                  -          
[2025-12-18T08:24:58.763+0530][info][gc          ] GC(136) Garbage Collection (Allocation Stall) 436M(85%)->360M(70%)
[2025-12-18T08:24:58.817+0530][info][gc,start    ] GC(137) Garbage Collection (Allocation Stall)
[2025-12-18T08:24:58.817+0530][info][gc,ref      ] GC(137) Clearing All SoftReferences
[2025-12-18T08:24:58.817+0530][info][gc,task     ] GC(137) Using 2 workers
[2025-12-18T08:24:58.817+0530][info][gc,ref      ] GC(137) Clearing All SoftReferences
[2025-12-18T08:24:58.817+0530][info][gc,phases   ] GC(137) Pause Mark Start 0.057ms
[2025-12-18T08:24:58.946+0530][info][gc,phases   ] GC(137) Concurrent Mark 127.811ms
[2025-12-18T08:24:58.946+0530][info][gc,phases   ] GC(137) Pause Mark End 0.020ms
[2025-12-18T08:24:58.946+0530][info][gc,phases   ] GC(137) Concurrent Mark Free 0.001ms
[2025-12-18T08:24:58.947+0530][info][gc,phases   ] GC(137) Concurrent Process Non-Strong References 1.042ms
[2025-12-18T08:24:58.947+0530][info][gc,phases   ] GC(137) Concurrent Reset Relocation Set 0.002ms
[2025-12-18T08:24:58.947+0530][info][gc          ] Allocation Stall (Worker-2) 50.921ms
[2025-12-18T08:24:58.947+0530][info][gc          ] Allocation Stall (Worker-1) 50.039ms
[2025-12-18T08:24:58.947+0530][info][gc          ] Allocation Stall (Worker-4) 47.584ms
[2025-12-18T08:24:58.947+0530][info][gc          ] Allocation Stall (Worker-5) 52.219ms
[2025-12-18T08:24:58.947+0530][info][gc          ] Allocation Stall (Worker-6) 57.299ms
[2025-12-18T08:24:58.947+0530][info][gc          ] Allocation Stall (Worker-0) 55.135ms
[2025-12-18T08:24:58.947+0530][info][gc          ] Allocation Stall (Worker-7) 54.096ms
[2025-12-18T08:24:58.947+0530][info][gc          ] Allocation Stall (JFR Periodic Tasks) 57.159ms
[2025-12-18T08:24:58.947+0530][info][gc          ] Allocation Stall (Worker-3) 51.615ms
[2025-12-18T08:24:58.951+0530][info][gc,phases   ] GC(137) Concurrent Select Relocation Set 3.667ms
[2025-12-18T08:24:58.952+0530][info][gc,phases   ] GC(137) Pause Relocate Start 0.012ms
[2025-12-18T08:24:58.975+0530][info][gc,phases   ] GC(137) Concurrent Relocate 1.786ms
[2025-12-18T08:24:58.975+0530][info][gc,load     ] GC(137) Load: 0.00/0.00/0.00
[2025-12-18T08:24:58.975+0530][info][gc,mmu      ] GC(137) MMU: 2ms/91.4%, 5ms/96.6%, 10ms/98.3%, 20ms/99.1%, 50ms/99.6%, 100ms/99.8%
[2025-12-18T08:24:58.975+0530][info][gc,marking  ] GC(137) Mark: 2 stripe(s), 2 proactive flush(es), 1 terminate flush(es), 0 completion(s), 0 continuation(s) 
[2025-12-18T08:24:58.975+0530][info][gc,marking  ] GC(137) Mark Stack Usage: 32M
[2025-12-18T08:24:58.975+0530][info][gc,nmethod  ] GC(137) NMethods: 645 registered, 70 unregistered
[2025-12-18T08:24:58.975+0530][info][gc,metaspace] GC(137) Metaspace: 3M used, 4M committed, 1088M reserved
[2025-12-18T08:24:58.975+0530][info][gc,ref      ] GC(137) Soft: 157 encountered, 88 discovered, 0 enqueued
[2025-12-18T08:24:58.975+0530][info][gc,ref      ] GC(137) Weak: 539 encountered, 407 discovered, 0 enqueued
[2025-12-18T08:24:58.975+0530][info][gc,ref      ] GC(137) Final: 0 encountered, 0 discovered, 0 enqueued
[2025-12-18T08:24:58.975+0530][info][gc,ref      ] GC(137) Phantom: 7 encountered, 3 discovered, 0 enqueued
[2025-12-18T08:24:58.975+0530][info][gc,reloc    ] GC(137) Small Pages: 207 / 414M, Empty: 132M, Relocated: 1M, In-Place: 0
[2025-12-18T08:24:58.975+0530][info][gc,reloc    ] GC(137) Medium Pages: 1 / 16M, Empty: 0M, Relocated: 0M, In-Place: 0
[2025-12-18T08:24:58.975+0530][info][gc,reloc    ] GC(137) Large Pages: 1 / 6M, Empty: 0M, Relocated: 0M, In-Place: 0
[2025-12-18T08:24:58.975+0530][info][gc,reloc    ] GC(137) Forwarding Usage: 0M
[2025-12-18T08:24:58.975+0530][info][gc,heap     ] GC(137) Min Capacity: 512M(100%)
[2025-12-18T08:24:58.975+0530][info][gc,heap     ] GC(137) Max Capacity: 512M(100%)
[2025-12-18T08:24:58.975+0530][info][gc,heap     ] GC(137) Soft Max Capacity: 512M(100%)
[2025-12-18T08:24:58.975+0530][info][gc,heap     ] GC(137)                Mark Start          Mark End        Relocate Start      Relocate End           High               Low         
[2025-12-18T08:24:58.975+0530][info][gc,heap     ] GC(137)  Capacity:      512M (100%)        512M (100%)        512M (100%)        512M (100%)        512M (100%)        512M (100%)   
[2025-12-18T08:24:58.975+0530][info][gc,heap     ] GC(137)      Free:       76M (15%)           0M (0%)          118M (23%)         130M (25%)         130M (25%)           0M (0%)     
[2025-12-18T08:24:58.975+0530][info][gc,heap     ] GC(137)      Used:      436M (85%)         512M (100%)        394M (77%)         382M (75%)         512M (100%)        382M (75%)    
[2025-12-18T08:24:58.975+0530][info][gc,heap     ] GC(137)      Live:         -               248M (48%)         248M (48%)         248M (48%)            -                  -          
[2025-12-18T08:24:58.975+0530][info][gc,heap     ] GC(137) Allocated:         -                76M (15%)          90M (18%)         113M (22%)            -                  -          
[2025-12-18T08:24:58.975+0530][info][gc,heap     ] GC(137)   Garbage:         -               187M (37%)          55M (11%)          20M (4%)             -                  -          
[2025-12-18T08:24:58.975+0530][info][gc,heap     ] GC(137) Reclaimed:         -                  -               132M (26%)         167M (33%)            -                  -          
[2025-12-18T08:24:58.975+0530][info][gc          ] GC(137) Garbage Collection (Allocation Stall) 436M(85%)->382M(75%)
[2025-12-18T08:24:59.017+0530][info][gc,start    ] GC(138) Garbage Collection (Allocation Stall)
[2025-12-18T08:24:59.017+0530][info][gc,ref      ] GC(138) Clearing All SoftReferences
[2025-12-18T08:24:59.017+0530][info][gc,task     ] GC(138) Using 2 workers
[2025-12-18T08:24:59.017+0530][info][gc,ref      ] GC(138) Clearing All SoftReferences
[2025-12-18T08:24:59.017+0530][info][gc,phases   ] GC(138) Pause Mark Start 0.047ms
[2025-12-18T08:24:59.148+0530][info][gc,phases   ] GC(138) Concurrent Mark 126.357ms
[2025-12-18T08:24:59.148+0530][info][gc,phases   ] GC(138) Pause Mark End 0.097ms
[2025-12-18T08:24:59.148+0530][info][gc,phases   ] GC(138) Concurrent Mark Free 0.001ms
[2025-12-18T08:24:59.149+0530][info][gc,phases   ] GC(138) Concurrent Process Non-Strong References 1.069ms
[2025-12-18T08:24:59.149+0530][info][gc,phases   ] GC(138) Concurrent Reset Relocation Set 0.002ms
[2025-12-18T08:24:59.149+0530][info][gc          ] Allocation Stall (Worker-2) 71.949ms
[2025-12-18T08:24:59.149+0530][info][gc          ] Allocation Stall (Worker-1) 71.709ms
[2025-12-18T08:24:59.149+0530][info][gc          ] Allocation Stall (Worker-3) 65.392ms
[2025-12-18T08:24:59.149+0530][info][gc          ] Allocation Stall (Worker-7) 78.858ms
[2025-12-18T08:24:59.149+0530][info][gc          ] Allocation Stall (Worker-5) 74.671ms
[2025-12-18T08:24:59.149+0530][info][gc          ] Allocation Stall (Worker-6) 74.295ms
[2025-12-18T08:24:59.149+0530][info][gc          ] Allocation Stall (Worker-0) 73.389ms
[2025-12-18T08:24:59.149+0530][info][gc          ] Allocation Stall (Worker-4) 73.182ms
[2025-12-18T08:24:59.152+0530][info][gc,phases   ] GC(138) Concurrent Select Relocation Set 3.663ms
[2025-12-18T08:24:59.152+0530][info][gc,phases   ] GC(138) Pause Relocate Start 0.011ms
[2025-12-18T08:24:59.165+0530][info][gc,phases   ] GC(138) Concurrent Relocate 1.795ms
[2025-12-18T08:24:59.165+0530][info][gc,load     ] GC(138) Load: 0.00/0.00/0.00
[2025-12-18T08:24:59.166+0530][info][gc,mmu      ] GC(138) MMU: 2ms/91.4%, 5ms/96.6%, 10ms/98.3%, 20ms/99.1%, 50ms/99.6%, 100ms/99.8%
[2025-12-18T08:24:59.166+0530][info][gc,marking  ] GC(138) Mark: 2 stripe(s), 2 proactive flush(es), 1 terminate flush(es), 1 completion(s), 0 continuation(s) 
[2025-12-18T08:24:59.166+0530][info][gc,marking  ] GC(138) Mark Stack Usage: 32M
[2025-12-18T08:24:59.166+0530][info][gc,nmethod  ] GC(138) NMethods: 645 registered, 70 unregistered
[2025-12-18T08:24:59.166+0530][info][gc,metaspace] GC(138) Metaspace: 3M used, 4M committed, 1088M reserved
[2025-12-18T08:24:59.166+0530][info][gc,ref      ] GC(138) Soft: 157 encountered, 88 discovered, 0 enqueued
[2025-12-18T08:24:59.166+0530][info][gc,ref      ] GC(138) Weak: 539 encountered, 3 discovered, 0 enqueued
[2025-12-18T08:24:59.166+0530][info][gc,ref      ] GC(138) Final: 0 encountered, 0 discovered, 0 enqueued
[2025-12-18T08:24:59.166+0530][info][gc,ref      ] GC(138) Phantom: 7 encountered, 2 discovered, 0 enqueued
[2025-12-18T08:24:59.166+0530][info][gc,reloc    ] GC(138) Small Pages: 214 / 428M, Empty: 128M, Relocated: 1M, In-Place: 0
[2025-12-18T08:24:59.166+0530][info][gc,reloc    ] GC(138) Medium Pages: 1 / 16M, Empty: 0M, Relocated: 0M, In-Place: 0
[2025-12-18T08:24:59.166+0530][info][gc,reloc    ] GC(138) Large Pages: 1 / 6M, Empty: 0M, Relocated: 0M, In-Place: 0
[2025-12-18T08:24:59.166+0530][info][gc,reloc    ] GC(138) Forwarding Usage: 0M
[2025-12-18T08:24:59.166+0530][info][gc,heap     ] GC(138) Min Capacity: 512M(100%)
[2025-12-18T08:24:59.166+0530][info][gc,heap     ] GC(138) Max Capacity: 512M(100%)
[2025-12-18T08:24:59.166+0530][info][gc,heap     ] GC(138) Soft Max Capacity: 512M(100%)
[2025-12-18T08:24:59.166+0530][info][gc,heap     ] GC(138)                Mark Start          Mark End        Relocate Start      Relocate End           High               Low         
[2025-12-18T08:24:59.166+0530][info][gc,heap     ] GC(138)  Capacity:      512M (100%)        512M (100%)        512M (100%)        512M (100%)        512M (100%)        512M (100%)   
[2025-12-18T08:24:59.166+0530][info][gc,heap     ] GC(138)      Free:       62M (12%)           0M (0%)          114M (22%)         154M (30%)         154M (30%)           0M (0%)     
[2025-12-18T08:24:59.166+0530][info][gc,heap     ] GC(138)      Used:      450M (88%)         512M (100%)        398M (78%)         358M (70%)         512M (100%)        358M (70%)    
[2025-12-18T08:24:59.166+0530][info][gc,heap     ] GC(138)      Live:         -               248M (48%)         248M (48%)         248M (48%)            -                  -          
[2025-12-18T08:24:59.166+0530][info][gc,heap     ] GC(138) Allocated:         -                62M (12%)          76M (15%)          89M (18%)            -                  -          
[2025-12-18T08:24:59.166+0530][info][gc,heap     ] GC(138)   Garbage:         -               201M (39%)          73M (14%)          20M (4%)             -                  -          
[2025-12-18T08:24:59.166+0530][info][gc,heap     ] GC(138) Reclaimed:         -                  -               128M (25%)         181M (36%)            -                  -          
[2025-12-18T08:24:59.166+0530][info][gc          ] GC(138) Garbage Collection (Allocation Stall) 450M(88%)->358M(70%)
[2025-12-18T08:24:59.217+0530][info][gc,start    ] GC(139) Garbage Collection (Allocation Stall)
[2025-12-18T08:24:59.217+0530][info][gc,ref      ] GC(139) Clearing All SoftReferences
[2025-12-18T08:24:59.217+0530][info][gc,task     ] GC(139) Using 2 workers
[2025-12-18T08:24:59.217+0530][info][gc,ref      ] GC(139) Clearing All SoftReferences
[2025-12-18T08:24:59.217+0530][info][gc,phases   ] GC(139) Pause Mark Start 0.087ms
[2025-12-18T08:24:59.355+0530][info][gc,phases   ] GC(139) Concurrent Mark 135.415ms
[2025-12-18T08:24:59.355+0530][info][gc,phases   ] GC(139) Pause Mark End 0.092ms
[2025-12-18T08:24:59.355+0530][info][gc,phases   ] GC(139) Concurrent Mark Free 0.001ms
[2025-12-18T08:24:59.356+0530][info][gc,phases   ] GC(139) Concurrent Process Non-Strong References 1.036ms
[2025-12-18T08:24:59.356+0530][info][gc,phases   ] GC(139) Concurrent Reset Relocation Set 0.003ms
[2025-12-18T08:24:59.359+0530][info][gc          ] Allocation Stall (Worker-4) 53.413ms
[2025-12-18T08:24:59.359+0530][info][gc          ] Allocation Stall (Worker-3) 50.082ms
[2025-12-18T08:24:59.359+0530][info][gc          ] Allocation Stall (Worker-7) 47.085ms
[2025-12-18T08:24:59.359+0530][info][gc          ] Allocation Stall (Worker-2) 56.983ms
[2025-12-18T08:24:59.359+0530][info][gc          ] Allocation Stall (Worker-5) 56.560ms
[2025-12-18T08:24:59.359+0530][info][gc          ] Allocation Stall (Worker-1) 49.717ms
[2025-12-18T08:24:59.359+0530][info][gc          ] Allocation Stall (Worker-6) 57.032ms
[2025-12-18T08:24:59.359+0530][info][gc          ] Allocation Stall (Worker-0) 55.728ms
[2025-12-18T08:24:59.359+0530][info][gc,phases   ] GC(139) Concurrent Select Relocation Set 2.989ms
[2025-12-18T08:24:59.360+0530][info][gc,phases   ] GC(139) Pause Relocate Start 0.011ms
[2025-12-18T08:24:59.361+0530][info][gc,phases   ] GC(139) Concurrent Relocate 1.239ms
[2025-12-18T08:24:59.361+0530][info][gc,load     ] GC(139) Load: 0.00/0.00/0.00
[2025-12-18T08:24:59.361+0530][info][gc,mmu      ] GC(139) MMU: 2ms/91.4%, 5ms/96.6%, 10ms/98.3%, 20ms/99.1%, 50ms/99.6%, 100ms/99.8%
[2025-12-18T08:24:59.361+0530][info][gc,marking  ] GC(139) Mark: 2 stripe(s), 2 proactive flush(es), 1 terminate flush(es), 1 completion(s), 0 continuation(s) 
[2025-12-18T08:24:59.361+0530][info][gc,marking  ] GC(139) Mark Stack Usage: 32M
[2025-12-18T08:24:59.361+0530][info][gc,nmethod  ] GC(139) NMethods: 647 registered, 70 unregistered
[2025-12-18T08:24:59.361+0530][info][gc,metaspace] GC(139) Metaspace: 3M used, 4M committed, 1088M reserved
[2025-12-18T08:24:59.361+0530][info][gc,ref      ] GC(139) Soft: 157 encountered, 86 discovered, 0 enqueued
[2025-12-18T08:24:59.361+0530][info][gc,ref      ] GC(139) Weak: 539 encountered, 415 discovered, 0 enqueued
[2025-12-18T08:24:59.361+0530][info][gc,ref      ] GC(139) Final: 0 encountered, 0 discovered, 0 enqueued
[2025-12-18T08:24:59.361+0530][info][gc,ref      ] GC(139) Phantom: 7 encountered, 5 discovered, 0 enqueued
[2025-12-18T08:24:59.361+0530][info][gc,reloc    ] GC(139) Small Pages: 199 / 398M, Empty: 106M, Relocated: 1M, In-Place: 0
[2025-12-18T08:24:59.361+0530][info][gc,reloc    ] GC(139) Medium Pages: 1 / 16M, Empty: 0M, Relocated: 0M, In-Place: 0
[2025-12-18T08:24:59.361+0530][info][gc,reloc    ] GC(139) Large Pages: 1 / 6M, Empty: 0M, Relocated: 0M, In-Place: 0
[2025-12-18T08:24:59.361+0530][info][gc,reloc    ] GC(139) Forwarding Usage: 0M
[2025-12-18T08:24:59.361+0530][info][gc,heap     ] GC(139) Min Capacity: 512M(100%)
[2025-12-18T08:24:59.361+0530][info][gc,heap     ] GC(139) Max Capacity: 512M(100%)
[2025-12-18T08:24:59.361+0530][info][gc,heap     ] GC(139) Soft Max Capacity: 512M(100%)
[2025-12-18T08:24:59.361+0530][info][gc,heap     ] GC(139)                Mark Start          Mark End        Relocate Start      Relocate End           High               Low         
[2025-12-18T08:24:59.362+0530][info][gc,heap     ] GC(139)  Capacity:      512M (100%)        512M (100%)        512M (100%)        512M (100%)        512M (100%)        512M (100%)   
[2025-12-18T08:24:59.362+0530][info][gc,heap     ] GC(139)      Free:       92M (18%)           0M (0%)           92M (18%)         138M (27%)         138M (27%)           0M (0%)     
[2025-12-18T08:24:59.362+0530][info][gc,heap     ] GC(139)      Used:      420M (82%)         512M (100%)        420M (82%)         374M (73%)         512M (100%)        374M (73%)    
[2025-12-18T08:24:59.362+0530][info][gc,heap     ] GC(139)      Live:         -               248M (48%)         248M (48%)         248M (48%)            -                  -          
[2025-12-18T08:24:59.362+0530][info][gc,heap     ] GC(139) Allocated:         -                92M (18%)         106M (21%)         105M (21%)            -                  -          
[2025-12-18T08:24:59.362+0530][info][gc,heap     ] GC(139)   Garbage:         -               171M (34%)          65M (13%)          19M (4%)             -                  -          
[2025-12-18T08:24:59.362+0530][info][gc,heap     ] GC(139) Reclaimed:         -                  -               106M (21%)         151M (30%)            -                  -          
[2025-12-18T08:24:59.362+0530][info][gc          ] GC(139) Garbage Collection (Allocation Stall) 420M(82%)->374M(73%)
[2025-12-18T08:24:59.417+0530][info][gc,start    ] GC(140) Garbage Collection (Allocation Stall)
[2025-12-18T08:24:59.417+0530][info][gc,ref      ] GC(140) Clearing All SoftReferences
[2025-12-18T08:24:59.417+0530][info][gc,task     ] GC(140) Using 2 workers
[2025-12-18T08:24:59.417+0530][info][gc,ref      ] GC(140) Clearing All SoftReferences
[2025-12-18T08:24:59.417+0530][info][gc,phases   ] GC(140) Pause Mark Start 0.048ms
[2025-12-18T08:24:59.546+0530][info][gc,phases   ] GC(140) Concurrent Mark 121.160ms
[2025-12-18T08:24:59.546+0530][info][gc,phases   ] GC(140) Pause Mark End 0.103ms
[2025-12-18T08:24:59.546+0530][info][gc,phases   ] GC(140) Concurrent Mark Free 0.001ms
[2025-12-18T08:24:59.546+0530][info][gc,phases   ] GC(140) Concurrent Process Non-Strong References 1.065ms
[2025-12-18T08:24:59.546+0530][info][gc,phases   ] GC(140) Concurrent Reset Relocation Set 0.003ms
[2025-12-18T08:24:59.547+0530][info][gc          ] Allocation Stall (Worker-6) 72.533ms
[2025-12-18T08:24:59.547+0530][info][gc          ] Allocation Stall (Worker-1) 72.911ms
[2025-12-18T08:24:59.547+0530][info][gc          ] Allocation Stall (Worker-4) 80.248ms
[2025-12-18T08:24:59.547+0530][info][gc          ] Allocation Stall (Worker-2) 73.078ms
[2025-12-18T08:24:59.547+0530][info][gc          ] Allocation Stall (Worker-7) 77.777ms
[2025-12-18T08:24:59.547+0530][info][gc          ] Allocation Stall (Worker-5) 79.765ms
[2025-12-18T08:24:59.547+0530][info][gc          ] Allocation Stall (Worker-3) 77.739ms
[2025-12-18T08:24:59.547+0530][info][gc          ] Allocation Stall (Worker-0) 75.377ms
[2025-12-18T08:24:59.550+0530][info][gc,phases   ] GC(140) Concurrent Select Relocation Set 3.591ms
[2025-12-18T08:24:59.550+0530][info][gc,phases   ] GC(140) Pause Relocate Start 0.011ms
[2025-12-18T08:24:59.569+0530][info][gc,phases   ] GC(140) Concurrent Relocate 1.710ms
[2025-12-18T08:24:59.569+0530][info][gc,load     ] GC(140) Load: 0.00/0.00/0.00
[2025-12-18T08:24:59.570+0530][info][gc,mmu      ] GC(140) MMU: 2ms/91.4%, 5ms/96.6%, 10ms/98.3%, 20ms/99.1%, 50ms/99.6%, 100ms/99.8%
[2025-12-18T08:24:59.570+0530][info][gc,marking  ] GC(140) Mark: 2 stripe(s), 2 proactive flush(es), 1 terminate flush(es), 1 completion(s), 0 continuation(s) 
[2025-12-18T08:24:59.570+0530][info][gc,marking  ] GC(140) Mark Stack Usage: 32M
[2025-12-18T08:24:59.570+0530][info][gc,nmethod  ] GC(140) NMethods: 647 registered, 70 unregistered
[2025-12-18T08:24:59.570+0530][info][gc,metaspace] GC(140) Metaspace: 3M used, 4M committed, 1088M reserved
[2025-12-18T08:24:59.570+0530][info][gc,ref      ] GC(140) Soft: 157 encountered, 81 discovered, 0 enqueued
[2025-12-18T08:24:59.570+0530][info][gc,ref      ] GC(140) Weak: 539 encountered, 417 discovered, 0 enqueued
[2025-12-18T08:24:59.570+0530][info][gc,ref      ] GC(140) Final: 0 encountered, 0 discovered, 0 enqueued
[2025-12-18T08:24:59.570+0530][info][gc,ref      ] GC(140) Phantom: 7 encountered, 2 discovered, 0 enqueued
[2025-12-18T08:24:59.570+0530][info][gc,reloc    ] GC(140) Small Pages: 216 / 432M, Empty: 154M, Relocated: 1M, In-Place: 0
[2025-12-18T08:24:59.570+0530][info][gc,reloc    ] GC(140) Medium Pages: 1 / 16M, Empty: 0M, Relocated: 0M, In-Place: 0
[2025-12-18T08:24:59.570+0530][info][gc,reloc    ] GC(140) Large Pages: 1 / 6M, Empty: 0M, Relocated: 0M, In-Place: 0
[2025-12-18T08:24:59.570+0530][info][gc,reloc    ] GC(140) Forwarding Usage: 0M
[2025-12-18T08:24:59.570+0530][info][gc,heap     ] GC(140) Min Capacity: 512M(100%)
[2025-12-18T08:24:59.570+0530][info][gc,heap     ] GC(140) Max Capacity: 512M(100%)
[2025-12-18T08:24:59.570+0530][info][gc,heap     ] GC(140) Soft Max Capacity: 512M(100%)
[2025-12-18T08:24:59.570+0530][info][gc,heap     ] GC(140)                Mark Start          Mark End        Relocate Start      Relocate End           High               Low         
[2025-12-18T08:24:59.570+0530][info][gc,heap     ] GC(140)  Capacity:      512M (100%)        512M (100%)        512M (100%)        512M (100%)        512M (100%)        512M (100%)   
[2025-12-18T08:24:59.570+0530][info][gc,heap     ] GC(140)      Free:       58M (11%)           0M (0%)          140M (27%)         154M (30%)         154M (30%)           0M (0%)     
[2025-12-18T08:24:59.570+0530][info][gc,heap     ] GC(140)      Used:      454M (89%)         512M (100%)        372M (73%)         358M (70%)         512M (100%)        358M (70%)    
[2025-12-18T08:24:59.570+0530][info][gc,heap     ] GC(140)      Live:         -               248M (48%)         248M (48%)         248M (48%)            -                  -          
[2025-12-18T08:24:59.570+0530][info][gc,heap     ] GC(140) Allocated:         -                58M (11%)          72M (14%)          89M (18%)            -                  -          
[2025-12-18T08:24:59.570+0530][info][gc,heap     ] GC(140)   Garbage:         -               205M (40%)          51M (10%)          20M (4%)             -                  -          
[2025-12-18T08:24:59.570+0530][info][gc,heap     ] GC(140) Reclaimed:         -                  -               154M (30%)         185M (36%)            -                  -          
[2025-12-18T08:24:59.570+0530][info][gc          ] GC(140) Garbage Collection (Allocation Stall) 454M(89%)->358M(70%)
[2025-12-18T08:24:59.617+0530][info][gc,start    ] GC(141) Garbage Collection (Allocation Stall)
[2025-12-18T08:24:59.617+0530][info][gc,ref      ] GC(141) Clearing All SoftReferences
[2025-12-18T08:24:59.617+0530][info][gc,task     ] GC(141) Using 2 workers
[2025-12-18T08:24:59.617+0530][info][gc,ref      ] GC(141) Clearing All SoftReferences
[2025-12-18T08:24:59.617+0530][info][gc,phases   ] GC(141) Pause Mark Start 0.056ms
[2025-12-18T08:24:59.748+0530][info][gc,phases   ] GC(141) Concurrent Mark 129.431ms
[2025-12-18T08:24:59.748+0530][info][gc,phases   ] GC(141) Pause Mark End 0.021ms
[2025-12-18T08:24:59.748+0530][info][gc,phases   ] GC(141) Concurrent Mark Free 0.001ms
[2025-12-18T08:24:59.749+0530][info][gc,phases   ] GC(141) Concurrent Process Non-Strong References 1.043ms
[2025-12-18T08:24:59.749+0530][info][gc,phases   ] GC(141) Concurrent Reset Relocation Set 0.002ms
[2025-12-18T08:24:59.752+0530][info][gc          ] Allocation Stall (Worker-7) 56.768ms
[2025-12-18T08:24:59.752+0530][info][gc          ] Allocation Stall (Worker-3) 56.391ms
[2025-12-18T08:24:59.752+0530][info][gc          ] Allocation Stall (Worker-6) 60.315ms
[2025-12-18T08:24:59.752+0530][info][gc          ] Allocation Stall (Worker-0) 56.972ms
[2025-12-18T08:24:59.752+0530][info][gc          ] Allocation Stall (Worker-4) 57.016ms
[2025-12-18T08:24:59.752+0530][info][gc          ] Allocation Stall (Worker-1) 59.672ms
[2025-12-18T08:24:59.752+0530][info][gc,phases   ] GC(141) Concurrent Select Relocation Set 3.022ms
[2025-12-18T08:24:59.752+0530][info][gc          ] Allocation Stall (Worker-5) 52.093ms
[2025-12-18T08:24:59.752+0530][info][gc          ] Allocation Stall (Worker-2) 60.538ms
[2025-12-18T08:24:59.753+0530][info][gc,phases   ] GC(141) Pause Relocate Start 0.010ms
[2025-12-18T08:24:59.771+0530][info][gc,phases   ] GC(141) Concurrent Relocate 1.732ms
[2025-12-18T08:24:59.771+0530][info][gc,load     ] GC(141) Load: 0.00/0.00/0.00
[2025-12-18T08:24:59.772+0530][info][gc,mmu      ] GC(141) MMU: 2ms/91.4%, 5ms/96.6%, 10ms/98.3%, 20ms/99.1%, 50ms/99.6%, 100ms/99.8%
[2025-12-18T08:24:59.772+0530][info][gc,marking  ] GC(141) Mark: 2 stripe(s), 2 proactive flush(es), 1 terminate flush(es), 0 completion(s), 0 continuation(s) 
[2025-12-18T08:24:59.772+0530][info][gc,marking  ] GC(141) Mark Stack Usage: 32M
[2025-12-18T08:24:59.772+0530][info][gc,nmethod  ] GC(141) NMethods: 647 registered, 70 unregistered
[2025-12-18T08:24:59.772+0530][info][gc,metaspace] GC(141) Metaspace: 3M used, 4M committed, 1088M reserved
[2025-12-18T08:24:59.772+0530][info][gc,ref      ] GC(141) Soft: 157 encountered, 88 discovered, 0 enqueued
[2025-12-18T08:24:59.772+0530][info][gc,ref      ] GC(141) Weak: 539 encountered, 392 discovered, 0 enqueued
[2025-12-18T08:24:59.772+0530][info][gc,ref      ] GC(141) Final: 0 encountered, 0 discovered, 0 enqueued
[2025-12-18T08:24:59.772+0530][info][gc,ref      ] GC(141) Phantom: 7 encountered, 3 discovered, 0 enqueued
[2025-12-18T08:24:59.772+0530][info][gc,reloc    ] GC(141) Small Pages: 206 / 412M, Empty: 116M, Relocated: 1M, In-Place: 0
[2025-12-18T08:24:59.772+0530][info][gc,reloc    ] GC(141) Medium Pages: 1 / 16M, Empty: 0M, Relocated: 0M, In-Place: 0
[2025-12-18T08:24:59.772+0530][info][gc,reloc    ] GC(141) Large Pages: 1 / 6M, Empty: 0M, Relocated: 0M, In-Place: 0
[2025-12-18T08:24:59.772+0530][info][gc,reloc    ] GC(141) Forwarding Usage: 0M
[2025-12-18T08:24:59.772+0530][info][gc,heap     ] GC(141) Min Capacity: 512M(100%)
[2025-12-18T08:24:59.772+0530][info][gc,heap     ] GC(141) Max Capacity: 512M(100%)
[2025-12-18T08:24:59.772+0530][info][gc,heap     ] GC(141) Soft Max Capacity: 512M(100%)
[2025-12-18T08:24:59.772+0530][info][gc,heap     ] GC(141)                Mark Start          Mark End        Relocate Start      Relocate End           High               Low         
[2025-12-18T08:24:59.772+0530][info][gc,heap     ] GC(141)  Capacity:      512M (100%)        512M (100%)        512M (100%)        512M (100%)        512M (100%)        512M (100%)   
[2025-12-18T08:24:59.772+0530][info][gc,heap     ] GC(141)      Free:       78M (15%)           0M (0%)          102M (20%)         136M (27%)         136M (27%)           0M (0%)     
[2025-12-18T08:24:59.772+0530][info][gc,heap     ] GC(141)      Used:      434M (85%)         512M (100%)        410M (80%)         376M (73%)         512M (100%)        376M (73%)    
[2025-12-18T08:24:59.772+0530][info][gc,heap     ] GC(141)      Live:         -               248M (48%)         248M (48%)         248M (48%)            -                  -          
[2025-12-18T08:24:59.772+0530][info][gc,heap     ] GC(141) Allocated:         -                78M (15%)          92M (18%)         107M (21%)            -                  -          
[2025-12-18T08:24:59.772+0530][info][gc,heap     ] GC(141)   Garbage:         -               185M (36%)          69M (14%)          20M (4%)             -                  -          
[2025-12-18T08:24:59.772+0530][info][gc,heap     ] GC(141) Reclaimed:         -                  -               116M (23%)         165M (32%)            -                  -          
[2025-12-18T08:24:59.772+0530][info][gc          ] GC(141) Garbage Collection (Allocation Stall) 434M(85%)->376M(73%)
[2025-12-18T08:24:59.816+0530][info][gc,start    ] GC(142) Garbage Collection (Allocation Stall)
[2025-12-18T08:24:59.816+0530][info][gc,ref      ] GC(142) Clearing All SoftReferences
[2025-12-18T08:24:59.816+0530][info][gc,task     ] GC(142) Using 2 workers
[2025-12-18T08:24:59.816+0530][info][gc,ref      ] GC(142) Clearing All SoftReferences
[2025-12-18T08:24:59.816+0530][info][gc,phases   ] GC(142) Pause Mark Start 0.075ms
[2025-12-18T08:24:59.946+0530][info][gc,phases   ] GC(142) Concurrent Mark 128.529ms
[2025-12-18T08:24:59.946+0530][info][gc,phases   ] GC(142) Pause Mark End 0.097ms
[2025-12-18T08:24:59.946+0530][info][gc,phases   ] GC(142) Concurrent Mark Free 0.001ms
[2025-12-18T08:24:59.947+0530][info][gc,phases   ] GC(142) Concurrent Process Non-Strong References 1.060ms
[2025-12-18T08:24:59.947+0530][info][gc,phases   ] GC(142) Concurrent Reset Relocation Set 0.003ms
[2025-12-18T08:24:59.950+0530][info][gc          ] Allocation Stall (Worker-5) 59.444ms
[2025-12-18T08:24:59.950+0530][info][gc          ] Allocation Stall (Worker-4) 56.533ms
[2025-12-18T08:24:59.950+0530][info][gc          ] Allocation Stall (Worker-0) 56.238ms
[2025-12-18T08:24:59.950+0530][info][gc          ] Allocation Stall (Worker-6) 65.930ms
[2025-12-18T08:24:59.950+0530][info][gc          ] Allocation Stall (Worker-2) 65.645ms
[2025-12-18T08:24:59.950+0530][info][gc          ] Allocation Stall (Worker-7) 65.096ms
[2025-12-18T08:24:59.950+0530][info][gc          ] Allocation Stall (Worker-3) 64.781ms
[2025-12-18T08:24:59.950+0530][info][gc          ] Allocation Stall (Worker-1) 60.533ms
[2025-12-18T08:24:59.950+0530][info][gc,phases   ] GC(142) Concurrent Select Relocation Set 3.035ms
[2025-12-18T08:24:59.951+0530][info][gc,phases   ] GC(142) Pause Relocate Start 0.012ms
[2025-12-18T08:24:59.985+0530][info][gc,phases   ] GC(142) Concurrent Relocate 1.698ms
[2025-12-18T08:24:59.985+0530][info][gc,load     ] GC(142) Load: 0.00/0.00/0.00
[2025-12-18T08:24:59.985+0530][info][gc,mmu      ] GC(142) MMU: 2ms/91.4%, 5ms/96.6%, 10ms/98.3%, 20ms/99.1%, 50ms/99.6%, 100ms/99.8%
[2025-12-18T08:24:59.985+0530][info][gc,marking  ] GC(142) Mark: 2 stripe(s), 2 proactive flush(es), 1 terminate flush(es), 1 completion(s), 0 continuation(s) 
[2025-12-18T08:24:59.985+0530][info][gc,marking  ] GC(142) Mark Stack Usage: 32M
[2025-12-18T08:24:59.986+0530][info][gc,nmethod  ] GC(142) NMethods: 647 registered, 70 unregistered
[2025-12-18T08:24:59.986+0530][info][gc,metaspace] GC(142) Metaspace: 3M used, 4M committed, 1088M reserved
[2025-12-18T08:24:59.986+0530][info][gc,ref      ] GC(142) Soft: 157 encountered, 78 discovered, 0 enqueued
[2025-12-18T08:24:59.986+0530][info][gc,ref      ] GC(142) Weak: 539 encountered, 416 discovered, 0 enqueued
[2025-12-18T08:24:59.986+0530][info][gc,ref      ] GC(142) Final: 0 encountered, 0 discovered, 0 enqueued
[2025-12-18T08:24:59.986+0530][info][gc,ref      ] GC(142) Phantom: 7 encountered, 5 discovered, 0 enqueued
[2025-12-18T08:24:59.986+0530][info][gc,reloc    ] GC(142) Small Pages: 210 / 420M, Empty: 124M, Relocated: 1M, In-Place: 0
[2025-12-18T08:24:59.986+0530][info][gc,reloc    ] GC(142) Medium Pages: 1 / 16M, Empty: 0M, Relocated: 0M, In-Place: 0
[2025-12-18T08:24:59.986+0530][info][gc,reloc    ] GC(142) Large Pages: 1 / 6M, Empty: 0M, Relocated: 0M, In-Place: 0
[2025-12-18T08:24:59.986+0530][info][gc,reloc    ] GC(142) Forwarding Usage: 0M
[2025-12-18T08:24:59.986+0530][info][gc,heap     ] GC(142) Min Capacity: 512M(100%)
[2025-12-18T08:24:59.986+0530][info][gc,heap     ] GC(142) Max Capacity: 512M(100%)
[2025-12-18T08:24:59.986+0530][info][gc,heap     ] GC(142) Soft Max Capacity: 512M(100%)
[2025-12-18T08:24:59.986+0530][info][gc,heap     ] GC(142)                Mark Start          Mark End        Relocate Start      Relocate End           High               Low         
[2025-12-18T08:24:59.986+0530][info][gc,heap     ] GC(142)  Capacity:      512M (100%)        512M (100%)        512M (100%)        512M (100%)        512M (100%)        512M (100%)   
[2025-12-18T08:24:59.986+0530][info][gc,heap     ] GC(142)      Free:       70M (14%)           0M (0%)          110M (21%)         128M (25%)         128M (25%)           0M (0%)     
[2025-12-18T08:24:59.986+0530][info][gc,heap     ] GC(142)      Used:      442M (86%)         512M (100%)        402M (79%)         384M (75%)         512M (100%)        384M (75%)    
[2025-12-18T08:24:59.986+0530][info][gc,heap     ] GC(142)      Live:         -               248M (48%)         248M (48%)         248M (48%)            -                  -          
[2025-12-18T08:24:59.986+0530][info][gc,heap     ] GC(142) Allocated:         -                70M (14%)          84M (16%)         115M (23%)            -                  -          
[2025-12-18T08:24:59.986+0530][info][gc,heap     ] GC(142)   Garbage:         -               193M (38%)          69M (14%)          20M (4%)             -                  -          
[2025-12-18T08:24:59.986+0530][info][gc,heap     ] GC(142) Reclaimed:         -                  -               124M (24%)         173M (34%)            -                  -          
[2025-12-18T08:24:59.986+0530][info][gc          ] GC(142) Garbage Collection (Allocation Stall) 442M(86%)->384M(75%)
[2025-12-18T08:25:00.017+0530][info][gc,start    ] GC(143) Garbage Collection (Allocation Stall)
[2025-12-18T08:25:00.017+0530][info][gc,ref      ] GC(143) Clearing All SoftReferences
[2025-12-18T08:25:00.017+0530][info][gc,task     ] GC(143) Using 2 workers
[2025-12-18T08:25:00.017+0530][info][gc,ref      ] GC(143) Clearing All SoftReferences
[2025-12-18T08:25:00.017+0530][info][gc,phases   ] GC(143) Pause Mark Start 0.065ms
[2025-12-18T08:25:00.161+0530][info][gc,phases   ] GC(143) Concurrent Mark 139.351ms
[2025-12-18T08:25:00.161+0530][info][gc,phases   ] GC(143) Pause Mark End 0.020ms
[2025-12-18T08:25:00.161+0530][info][gc,phases   ] GC(143) Concurrent Mark Free 0.002ms
[2025-12-18T08:25:00.162+0530][info][gc,phases   ] GC(143) Concurrent Process Non-Strong References 1.064ms
[2025-12-18T08:25:00.162+0530][info][gc,phases   ] GC(143) Concurrent Reset Relocation Set 0.004ms
[2025-12-18T08:25:00.165+0530][info][gc          ] Allocation Stall (Worker-3) 59.047ms
[2025-12-18T08:25:00.165+0530][info][gc          ] Allocation Stall (Worker-4) 58.878ms
[2025-12-18T08:25:00.165+0530][info][gc          ] Allocation Stall (Worker-6) 63.098ms
[2025-12-18T08:25:00.165+0530][info][gc          ] Allocation Stall (Worker-7) 53.881ms
[2025-12-18T08:25:00.165+0530][info][gc          ] Allocation Stall (Worker-0) 55.674ms
[2025-12-18T08:25:00.165+0530][info][gc          ] Allocation Stall (Worker-2) 65.327ms
[2025-12-18T08:25:00.165+0530][info][gc          ] Allocation Stall (Worker-5) 55.997ms
[2025-12-18T08:25:00.165+0530][info][gc          ] Allocation Stall (Worker-1) 63.337ms
[2025-12-18T08:25:00.165+0530][info][gc,phases   ] GC(143) Concurrent Select Relocation Set 3.072ms
[2025-12-18T08:25:00.166+0530][info][gc,phases   ] GC(143) Pause Relocate Start 0.012ms
[2025-12-18T08:25:00.199+0530][info][gc,phases   ] GC(143) Concurrent Relocate 1.844ms
[2025-12-18T08:25:00.199+0530][info][gc,load     ] GC(143) Load: 0.00/0.00/0.00
[2025-12-18T08:25:00.199+0530][info][gc,mmu      ] GC(143) MMU: 2ms/91.4%, 5ms/96.6%, 10ms/98.3%, 20ms/99.1%, 50ms/99.6%, 100ms/99.8%
[2025-12-18T08:25:00.199+0530][info][gc,marking  ] GC(143) Mark: 2 stripe(s), 2 proactive flush(es), 1 terminate flush(es), 0 completion(s), 0 continuation(s) 
[2025-12-18T08:25:00.199+0530][info][gc,marking  ] GC(143) Mark Stack Usage: 32M
[2025-12-18T08:25:00.199+0530][info][gc,nmethod  ] GC(143) NMethods: 648 registered, 0 unregistered
[2025-12-18T08:25:00.199+0530][info][gc,metaspace] GC(143) Metaspace: 3M used, 4M committed, 1088M reserved
[2025-12-18T08:25:00.199+0530][info][gc,ref      ] GC(143) Soft: 157 encountered, 84 discovered, 0 enqueued
[2025-12-18T08:25:00.199+0530][info][gc,ref      ] GC(143) Weak: 539 encountered, 385 discovered, 0 enqueued
[2025-12-18T08:25:00.199+0530][info][gc,ref      ] GC(143) Final: 0 encountered, 0 discovered, 0 enqueued
[2025-12-18T08:25:00.199+0530][info][gc,ref      ] GC(143) Phantom: 7 encountered, 3 discovered, 0 enqueued
[2025-12-18T08:25:00.199+0530][info][gc,reloc    ] GC(143) Small Pages: 205 / 410M, Empty: 100M, Relocated: 1M, In-Place: 0
[2025-12-18T08:25:00.199+0530][info][gc,reloc    ] GC(143) Medium Pages: 1 / 16M, Empty: 0M, Relocated: 0M, In-Place: 0
[2025-12-18T08:25:00.199+0530][info][gc,reloc    ] GC(143) Large Pages: 1 / 6M, Empty: 0M, Relocated: 0M, In-Place: 0
[2025-12-18T08:25:00.199+0530][info][gc,reloc    ] GC(143) Forwarding Usage: 0M
[2025-12-18T08:25:00.199+0530][info][gc,heap     ] GC(143) Min Capacity: 512M(100%)
[2025-12-18T08:25:00.199+0530][info][gc,heap     ] GC(143) Max Capacity: 512M(100%)
[2025-12-18T08:25:00.199+0530][info][gc,heap     ] GC(143) Soft Max Capacity: 512M(100%)
[2025-12-18T08:25:00.199+0530][info][gc,heap     ] GC(143)                Mark Start          Mark End        Relocate Start      Relocate End           High               Low         
[2025-12-18T08:25:00.200+0530][info][gc,heap     ] GC(143)  Capacity:      512M (100%)        512M (100%)        512M (100%)        512M (100%)        512M (100%)        512M (100%)   
[2025-12-18T08:25:00.200+0530][info][gc,heap     ] GC(143)      Free:       80M (16%)           0M (0%)           86M (17%)         120M (23%)         120M (23%)           0M (0%)     
[2025-12-18T08:25:00.200+0530][info][gc,heap     ] GC(143)      Used:      432M (84%)         512M (100%)        426M (83%)         392M (77%)         512M (100%)        392M (77%)    
[2025-12-18T08:25:00.200+0530][info][gc,heap     ] GC(143)      Live:         -               248M (48%)         248M (48%)         248M (48%)            -                  -          
[2025-12-18T08:25:00.200+0530][info][gc,heap     ] GC(143) Allocated:         -                80M (16%)          94M (18%)         123M (24%)            -                  -          
[2025-12-18T08:25:00.200+0530][info][gc,heap     ] GC(143)   Garbage:         -               183M (36%)          83M (16%)          20M (4%)             -                  -          
[2025-12-18T08:25:00.200+0530][info][gc,heap     ] GC(143) Reclaimed:         -                  -               100M (20%)         163M (32%)            -                  -          
[2025-12-18T08:25:00.200+0530][info][gc          ] GC(143) Garbage Collection (Allocation Stall) 432M(84%)->392M(77%)
[2025-12-18T08:25:00.216+0530][info][gc,start    ] GC(144) Garbage Collection (Allocation Stall)
[2025-12-18T08:25:00.216+0530][info][gc,ref      ] GC(144) Clearing All SoftReferences
[2025-12-18T08:25:00.216+0530][info][gc,task     ] GC(144) Using 2 workers
[2025-12-18T08:25:00.216+0530][info][gc,ref      ] GC(144) Clearing All SoftReferences
[2025-12-18T08:25:00.216+0530][info][gc,phases   ] GC(144) Pause Mark Start 0.057ms
[2025-12-18T08:25:00.352+0530][info][gc,phases   ] GC(144) Concurrent Mark 135.030ms
[2025-12-18T08:25:00.352+0530][info][gc,phases   ] GC(144) Pause Mark End 0.023ms
[2025-12-18T08:25:00.352+0530][info][gc,phases   ] GC(144) Concurrent Mark Free 0.001ms
[2025-12-18T08:25:00.353+0530][info][gc,phases   ] GC(144) Concurrent Process Non-Strong References 1.113ms
[2025-12-18T08:25:00.353+0530][info][gc,phases   ] GC(144) Concurrent Reset Relocation Set 0.005ms
[2025-12-18T08:25:00.356+0530][info][gc          ] Allocation Stall (Worker-6) 41.029ms
[2025-12-18T08:25:00.356+0530][info][gc          ] Allocation Stall (Worker-5) 45.393ms
[2025-12-18T08:25:00.356+0530][info][gc          ] Allocation Stall (Worker-0) 47.289ms
[2025-12-18T08:25:00.356+0530][info][gc          ] Allocation Stall (Worker-1) 41.765ms
[2025-12-18T08:25:00.356+0530][info][gc          ] Allocation Stall (Worker-2) 39.614ms
[2025-12-18T08:25:00.356+0530][info][gc          ] Allocation Stall (Worker-3) 49.190ms
[2025-12-18T08:25:00.356+0530][info][gc          ] Allocation Stall (Worker-7) 47.968ms
[2025-12-18T08:25:00.356+0530][info][gc          ] Allocation Stall (Worker-4) 47.550ms
[2025-12-18T08:25:00.356+0530][info][gc,phases   ] GC(144) Concurrent Select Relocation Set 3.085ms
[2025-12-18T08:25:00.358+0530][info][gc,phases   ] GC(144) Pause Relocate Start 0.011ms
[2025-12-18T08:25:00.372+0530][info][gc,phases   ] GC(144) Concurrent Relocate 1.708ms
[2025-12-18T08:25:00.373+0530][info][gc,load     ] GC(144) Load: 0.00/0.00/0.00
[2025-12-18T08:25:00.373+0530][info][gc,mmu      ] GC(144) MMU: 2ms/91.4%, 5ms/96.6%, 10ms/98.3%, 20ms/99.1%, 50ms/99.6%, 100ms/99.8%
[2025-12-18T08:25:00.373+0530][info][gc,marking  ] GC(144) Mark: 2 stripe(s), 2 proactive flush(es), 1 terminate flush(es), 0 completion(s), 0 continuation(s) 
[2025-12-18T08:25:00.373+0530][info][gc,marking  ] GC(144) Mark Stack Usage: 32M
[2025-12-18T08:25:00.373+0530][info][gc,nmethod  ] GC(144) NMethods: 649 registered, 0 unregistered
[2025-12-18T08:25:00.373+0530][info][gc,metaspace] GC(144) Metaspace: 3M used, 4M committed, 1088M reserved
[2025-12-18T08:25:00.373+0530][info][gc,ref      ] GC(144) Soft: 157 encountered, 89 discovered, 0 enqueued
[2025-12-18T08:25:00.373+0530][info][gc,ref      ] GC(144) Weak: 539 encountered, 410 discovered, 0 enqueued
[2025-12-18T08:25:00.373+0530][info][gc,ref      ] GC(144) Final: 0 encountered, 0 discovered, 0 enqueued
[2025-12-18T08:25:00.373+0530][info][gc,ref      ] GC(144) Phantom: 7 encountered, 3 discovered, 0 enqueued
[2025-12-18T08:25:00.373+0530][info][gc,reloc    ] GC(144) Small Pages: 200 / 400M, Empty: 94M, Relocated: 1M, In-Place: 0
[2025-12-18T08:25:00.373+0530][info][gc,reloc    ] GC(144) Medium Pages: 1 / 16M, Empty: 0M, Relocated: 0M, In-Place: 0
[2025-12-18T08:25:00.373+0530][info][gc,reloc    ] GC(144) Large Pages: 1 / 6M, Empty: 0M, Relocated: 0M, In-Place: 0
[2025-12-18T08:25:00.373+0530][info][gc,reloc    ] GC(144) Forwarding Usage: 0M
[2025-12-18T08:25:00.373+0530][info][gc,heap     ] GC(144) Min Capacity: 512M(100%)
[2025-12-18T08:25:00.373+0530][info][gc,heap     ] GC(144) Max Capacity: 512M(100%)
[2025-12-18T08:25:00.373+0530][info][gc,heap     ] GC(144) Soft Max Capacity: 512M(100%)
[2025-12-18T08:25:00.373+0530][info][gc,heap     ] GC(144)                Mark Start          Mark End        Relocate Start      Relocate End           High               Low         
[2025-12-18T08:25:00.373+0530][info][gc,heap     ] GC(144)  Capacity:      512M (100%)        512M (100%)        512M (100%)        512M (100%)        512M (100%)        512M (100%)   
[2025-12-18T08:25:00.373+0530][info][gc,heap     ] GC(144)      Free:       90M (18%)           0M (0%)           80M (16%)         126M (25%)         126M (25%)           0M (0%)     
[2025-12-18T08:25:00.373+0530][info][gc,heap     ] GC(144)      Used:      422M (82%)         512M (100%)        432M (84%)         386M (75%)         512M (100%)        386M (75%)    
[2025-12-18T08:25:00.373+0530][info][gc,heap     ] GC(144)      Live:         -               248M (48%)         248M (48%)         248M (48%)            -                  -          
[2025-12-18T08:25:00.373+0530][info][gc,heap     ] GC(144) Allocated:         -                90M (18%)         104M (20%)         117M (23%)            -                  -          
[2025-12-18T08:25:00.373+0530][info][gc,heap     ] GC(144)   Garbage:         -               173M (34%)          79M (16%)          20M (4%)             -                  -          
[2025-12-18T08:25:00.373+0530][info][gc,heap     ] GC(144) Reclaimed:         -                  -                94M (18%)         153M (30%)            -                  -          
[2025-12-18T08:25:00.373+0530][info][gc          ] GC(144) Garbage Collection (Allocation Stall) 422M(82%)->386M(75%)
[2025-12-18T08:25:00.417+0530][info][gc,start    ] GC(145) Garbage Collection (Allocation Stall)
[2025-12-18T08:25:00.417+0530][info][gc,ref      ] GC(145) Clearing All SoftReferences
[2025-12-18T08:25:00.417+0530][info][gc,task     ] GC(145) Using 2 workers
[2025-12-18T08:25:00.417+0530][info][gc,ref      ] GC(145) Clearing All SoftReferences
[2025-12-18T08:25:00.417+0530][info][gc,phases   ] GC(145) Pause Mark Start 0.077ms
[2025-12-18T08:25:00.548+0530][info][gc,phases   ] GC(145) Concurrent Mark 129.818ms
[2025-12-18T08:25:00.548+0530][info][gc,phases   ] GC(145) Pause Mark End 0.092ms
[2025-12-18T08:25:00.548+0530][info][gc,phases   ] GC(145) Concurrent Mark Free 0.001ms
[2025-12-18T08:25:00.549+0530][info][gc,phases   ] GC(145) Concurrent Process Non-Strong References 1.010ms
[2025-12-18T08:25:00.549+0530][info][gc,phases   ] GC(145) Concurrent Reset Relocation Set 0.005ms
[2025-12-18T08:25:00.552+0530][info][gc          ] Allocation Stall (Worker-6) 50.390ms
[2025-12-18T08:25:00.552+0530][info][gc          ] Allocation Stall (Worker-2) 48.153ms
[2025-12-18T08:25:00.552+0530][info][gc          ] Allocation Stall (Worker-0) 45.560ms
[2025-12-18T08:25:00.552+0530][info][gc          ] Allocation Stall (Worker-1) 54.504ms
[2025-12-18T08:25:00.552+0530][info][gc          ] Allocation Stall (Worker-5) 52.067ms
[2025-12-18T08:25:00.552+0530][info][gc          ] Allocation Stall (Worker-3) 51.948ms
[2025-12-18T08:25:00.552+0530][info][gc          ] Allocation Stall (Worker-7) 50.983ms
[2025-12-18T08:25:00.552+0530][info][gc          ] Allocation Stall (Worker-4) 51.092ms
[2025-12-18T08:25:00.552+0530][info][gc,phases   ] GC(145) Concurrent Select Relocation Set 3.015ms
[2025-12-18T08:25:00.553+0530][info][gc,phases   ] GC(145) Pause Relocate Start 0.012ms
[2025-12-18T08:25:00.557+0530][info][gc,phases   ] GC(145) Concurrent Relocate 1.539ms
[2025-12-18T08:25:00.557+0530][info][gc,load     ] GC(145) Load: 0.00/0.00/0.00
[2025-12-18T08:25:00.557+0530][info][gc,mmu      ] GC(145) MMU: 2ms/91.4%, 5ms/96.6%, 10ms/98.3%, 20ms/99.1%, 50ms/99.6%, 100ms/99.8%
[2025-12-18T08:25:00.557+0530][info][gc,marking  ] GC(145) Mark: 2 stripe(s), 2 proactive flush(es), 1 terminate flush(es), 1 completion(s), 0 continuation(s) 
[2025-12-18T08:25:00.557+0530][info][gc,marking  ] GC(145) Mark Stack Usage: 32M
[2025-12-18T08:25:00.557+0530][info][gc,nmethod  ] GC(145) NMethods: 648 registered, 1 unregistered
[2025-12-18T08:25:00.557+0530][info][gc,metaspace] GC(145) Metaspace: 3M used, 4M committed, 1088M reserved
[2025-12-18T08:25:00.557+0530][info][gc,ref      ] GC(145) Soft: 157 encountered, 77 discovered, 0 enqueued
[2025-12-18T08:25:00.557+0530][info][gc,ref      ] GC(145) Weak: 539 encountered, 3 discovered, 0 enqueued
[2025-12-18T08:25:00.557+0530][info][gc,ref      ] GC(145) Final: 0 encountered, 0 discovered, 0 enqueued
[2025-12-18T08:25:00.557+0530][info][gc,ref      ] GC(145) Phantom: 7 encountered, 3 discovered, 0 enqueued
[2025-12-18T08:25:00.557+0530][info][gc,reloc    ] GC(145) Small Pages: 207 / 414M, Empty: 122M, Relocated: 1M, In-Place: 0
[2025-12-18T08:25:00.557+0530][info][gc,reloc    ] GC(145) Medium Pages: 1 / 16M, Empty: 0M, Relocated: 0M, In-Place: 0
[2025-12-18T08:25:00.557+0530][info][gc,reloc    ] GC(145) Large Pages: 1 / 6M, Empty: 0M, Relocated: 0M, In-Place: 0
[2025-12-18T08:25:00.557+0530][info][gc,reloc    ] GC(145) Forwarding Usage: 0M
[2025-12-18T08:25:00.557+0530][info][gc,heap     ] GC(145) Min Capacity: 512M(100%)
[2025-12-18T08:25:00.557+0530][info][gc,heap     ] GC(145) Max Capacity: 512M(100%)
[2025-12-18T08:25:00.557+0530][info][gc,heap     ] GC(145) Soft Max Capacity: 512M(100%)
[2025-12-18T08:25:00.557+0530][info][gc,heap     ] GC(145)                Mark Start          Mark End        Relocate Start      Relocate End           High               Low         
[2025-12-18T08:25:00.557+0530][info][gc,heap     ] GC(145)  Capacity:      512M (100%)        512M (100%)        512M (100%)        512M (100%)        512M (100%)        512M (100%)   
[2025-12-18T08:25:00.557+0530][info][gc,heap     ] GC(145)      Free:       76M (15%)           0M (0%)          110M (21%)         154M (30%)         154M (30%)           0M (0%)     
[2025-12-18T08:25:00.557+0530][info][gc,heap     ] GC(145)      Used:      436M (85%)         512M (100%)        402M (79%)         358M (70%)         512M (100%)        358M (70%)    
[2025-12-18T08:25:00.557+0530][info][gc,heap     ] GC(145)      Live:         -               248M (48%)         248M (48%)         248M (48%)            -                  -          
[2025-12-18T08:25:00.557+0530][info][gc,heap     ] GC(145) Allocated:         -                76M (15%)          88M (17%)          89M (18%)            -                  -          
[2025-12-18T08:25:00.557+0530][info][gc,heap     ] GC(145)   Garbage:         -               187M (37%)          65M (13%)          19M (4%)             -                  -          
[2025-12-18T08:25:00.557+0530][info][gc,heap     ] GC(145) Reclaimed:         -                  -               122M (24%)         167M (33%)            -                  -          
[2025-12-18T08:25:00.557+0530][info][gc          ] GC(145) Garbage Collection (Allocation Stall) 436M(85%)->358M(70%)
[2025-12-18T08:25:00.617+0530][info][gc,start    ] GC(146) Garbage Collection (Allocation Stall)
[2025-12-18T08:25:00.617+0530][info][gc,ref      ] GC(146) Clearing All SoftReferences
[2025-12-18T08:25:00.617+0530][info][gc,task     ] GC(146) Using 2 workers
[2025-12-18T08:25:00.617+0530][info][gc,ref      ] GC(146) Clearing All SoftReferences
[2025-12-18T08:25:00.617+0530][info][gc,phases   ] GC(146) Pause Mark Start 0.060ms
[2025-12-18T08:25:00.767+0530][info][gc,phases   ] GC(146) Concurrent Mark 148.887ms
[2025-12-18T08:25:00.767+0530][info][gc,phases   ] GC(146) Pause Mark End 0.089ms
[2025-12-18T08:25:00.767+0530][info][gc,phases   ] GC(146) Concurrent Mark Free 0.001ms
[2025-12-18T08:25:00.768+0530][info][gc,phases   ] GC(146) Concurrent Process Non-Strong References 1.106ms
[2025-12-18T08:25:00.768+0530][info][gc,phases   ] GC(146) Concurrent Reset Relocation Set 0.003ms
[2025-12-18T08:25:00.768+0530][info][gc          ] Allocation Stall (Worker-6) 78.230ms
[2025-12-18T08:25:00.768+0530][info][gc          ] Allocation Stall (Worker-5) 76.215ms
[2025-12-18T08:25:00.768+0530][info][gc          ] Allocation Stall (Worker-2) 76.225ms
[2025-12-18T08:25:00.768+0530][info][gc          ] Allocation Stall (Worker-3) 84.917ms
[2025-12-18T08:25:00.768+0530][info][gc          ] Allocation Stall (Worker-4) 83.102ms
[2025-12-18T08:25:00.768+0530][info][gc          ] Allocation Stall (Worker-0) 85.525ms
[2025-12-18T08:25:00.768+0530][info][gc          ] Allocation Stall (Worker-7) 79.520ms
[2025-12-18T08:25:00.772+0530][info][gc          ] Allocation Stall (Worker-1) 80.940ms
[2025-12-18T08:25:00.772+0530][info][gc,phases   ] GC(146) Concurrent Select Relocation Set 3.751ms
[2025-12-18T08:25:00.772+0530][info][gc,phases   ] GC(146) Pause Relocate Start 0.011ms
[2025-12-18T08:25:00.781+0530][info][gc,phases   ] GC(146) Concurrent Relocate 1.683ms
[2025-12-18T08:25:00.781+0530][info][gc,load     ] GC(146) Load: 0.00/0.00/0.00
[2025-12-18T08:25:00.781+0530][info][gc,mmu      ] GC(146) MMU: 2ms/91.4%, 5ms/96.6%, 10ms/98.3%, 20ms/99.1%, 50ms/99.6%, 100ms/99.8%
[2025-12-18T08:25:00.781+0530][info][gc,marking  ] GC(146) Mark: 2 stripe(s), 2 proactive flush(es), 1 terminate flush(es), 1 completion(s), 0 continuation(s) 
[2025-12-18T08:25:00.781+0530][info][gc,marking  ] GC(146) Mark Stack Usage: 32M
[2025-12-18T08:25:00.782+0530][info][gc,nmethod  ] GC(146) NMethods: 648 registered, 1 unregistered
[2025-12-18T08:25:00.782+0530][info][gc,metaspace] GC(146) Metaspace: 3M used, 4M committed, 1088M reserved
[2025-12-18T08:25:00.782+0530][info][gc,ref      ] GC(146) Soft: 157 encountered, 77 discovered, 0 enqueued
[2025-12-18T08:25:00.782+0530][info][gc,ref      ] GC(146) Weak: 539 encountered, 4 discovered, 0 enqueued
[2025-12-18T08:25:00.782+0530][info][gc,ref      ] GC(146) Final: 0 encountered, 0 discovered, 0 enqueued
[2025-12-18T08:25:00.782+0530][info][gc,ref      ] GC(146) Phantom: 7 encountered, 3 discovered, 0 enqueued
[2025-12-18T08:25:00.782+0530][info][gc,reloc    ] GC(146) Small Pages: 208 / 416M, Empty: 138M, Relocated: 1M, In-Place: 0
[2025-12-18T08:25:00.782+0530][info][gc,reloc    ] GC(146) Medium Pages: 1 / 16M, Empty: 0M, Relocated: 0M, In-Place: 0
[2025-12-18T08:25:00.782+0530][info][gc,reloc    ] GC(146) Large Pages: 1 / 6M, Empty: 0M, Relocated: 0M, In-Place: 0
[2025-12-18T08:25:00.782+0530][info][gc,reloc    ] GC(146) Forwarding Usage: 0M
[2025-12-18T08:25:00.782+0530][info][gc,heap     ] GC(146) Min Capacity: 512M(100%)
[2025-12-18T08:25:00.782+0530][info][gc,heap     ] GC(146) Max Capacity: 512M(100%)
[2025-12-18T08:25:00.782+0530][info][gc,heap     ] GC(146) Soft Max Capacity: 512M(100%)
[2025-12-18T08:25:00.782+0530][info][gc,heap     ] GC(146)                Mark Start          Mark End        Relocate Start      Relocate End           High               Low         
[2025-12-18T08:25:00.782+0530][info][gc,heap     ] GC(146)  Capacity:      512M (100%)        512M (100%)        512M (100%)        512M (100%)        512M (100%)        512M (100%)   
[2025-12-18T08:25:00.782+0530][info][gc,heap     ] GC(146)      Free:       74M (14%)           0M (0%)          124M (24%)         156M (30%)         156M (30%)           0M (0%)     
[2025-12-18T08:25:00.782+0530][info][gc,heap     ] GC(146)      Used:      438M (86%)         512M (100%)        388M (76%)         356M (70%)         512M (100%)        356M (70%)    
[2025-12-18T08:25:00.782+0530][info][gc,heap     ] GC(146)      Live:         -               248M (48%)         248M (48%)         248M (48%)            -                  -          
[2025-12-18T08:25:00.782+0530][info][gc,heap     ] GC(146) Allocated:         -                74M (14%)          88M (17%)          87M (17%)            -                  -          
[2025-12-18T08:25:00.782+0530][info][gc,heap     ] GC(146)   Garbage:         -               189M (37%)          51M (10%)          19M (4%)             -                  -          
[2025-12-18T08:25:00.782+0530][info][gc,heap     ] GC(146) Reclaimed:         -                  -               138M (27%)         169M (33%)            -                  -          
[2025-12-18T08:25:00.782+0530][info][gc          ] GC(146) Garbage Collection (Allocation Stall) 438M(86%)->356M(70%)
[2025-12-18T08:25:00.817+0530][info][gc,start    ] GC(147) Garbage Collection (Allocation Stall)
[2025-12-18T08:25:00.817+0530][info][gc,ref      ] GC(147) Clearing All SoftReferences
[2025-12-18T08:25:00.817+0530][info][gc,task     ] GC(147) Using 2 workers
[2025-12-18T08:25:00.817+0530][info][gc,ref      ] GC(147) Clearing All SoftReferences
[2025-12-18T08:25:00.817+0530][info][gc,phases   ] GC(147) Pause Mark Start 0.062ms
[2025-12-18T08:25:00.960+0530][info][gc,phases   ] GC(147) Concurrent Mark 129.428ms
[2025-12-18T08:25:00.960+0530][info][gc,phases   ] GC(147) Pause Mark End 0.096ms
[2025-12-18T08:25:00.960+0530][info][gc,phases   ] GC(147) Concurrent Mark Free 0.001ms
[2025-12-18T08:25:00.961+0530][info][gc,phases   ] GC(147) Concurrent Process Non-Strong References 1.103ms
[2025-12-18T08:25:00.961+0530][info][gc,phases   ] GC(147) Concurrent Reset Relocation Set 0.002ms
[2025-12-18T08:25:00.964+0530][info][gc          ] Allocation Stall (Worker-0) 43.957ms
[2025-12-18T08:25:00.964+0530][info][gc          ] Allocation Stall (Worker-6) 47.386ms
[2025-12-18T08:25:00.964+0530][info][gc          ] Allocation Stall (Worker-2) 43.578ms
[2025-12-18T08:25:00.964+0530][info][gc          ] Allocation Stall (Worker-7) 41.374ms
[2025-12-18T08:25:00.964+0530][info][gc          ] Allocation Stall (Worker-1) 43.045ms
[2025-12-18T08:25:00.964+0530][info][gc          ] Allocation Stall (Worker-3) 38.797ms
[2025-12-18T08:25:00.964+0530][info][gc          ] Allocation Stall (Worker-5) 47.922ms
[2025-12-18T08:25:00.964+0530][info][gc          ] Allocation Stall (Worker-4) 44.228ms
[2025-12-18T08:25:00.964+0530][info][gc,phases   ] GC(147) Concurrent Select Relocation Set 3.041ms
[2025-12-18T08:25:00.964+0530][info][gc,phases   ] GC(147) Pause Relocate Start 0.012ms
[2025-12-18T08:25:00.995+0530][info][gc,phases   ] GC(147) Concurrent Relocate 1.700ms
[2025-12-18T08:25:00.995+0530][info][gc,load     ] GC(147) Load: 0.00/0.00/0.00
[2025-12-18T08:25:00.995+0530][info][gc,mmu      ] GC(147) MMU: 2ms/91.4%, 5ms/96.6%, 10ms/98.3%, 20ms/99.1%, 50ms/99.6%, 100ms/99.8%
[2025-12-18T08:25:00.995+0530][info][gc,marking  ] GC(147) Mark: 2 stripe(s), 2 proactive flush(es), 1 terminate flush(es), 1 completion(s), 0 continuation(s) 
[2025-12-18T08:25:00.995+0530][info][gc,marking  ] GC(147) Mark Stack Usage: 32M
[2025-12-18T08:25:00.995+0530][info][gc,nmethod  ] GC(147) NMethods: 648 registered, 1 unregistered
[2025-12-18T08:25:00.995+0530][info][gc,metaspace] GC(147) Metaspace: 3M used, 4M committed, 1088M reserved
[2025-12-18T08:25:00.995+0530][info][gc,ref      ] GC(147) Soft: 157 encountered, 82 discovered, 0 enqueued
[2025-12-18T08:25:00.995+0530][info][gc,ref      ] GC(147) Weak: 539 encountered, 416 discovered, 0 enqueued
[2025-12-18T08:25:00.995+0530][info][gc,ref      ] GC(147) Final: 0 encountered, 0 discovered, 0 enqueued
[2025-12-18T08:25:00.995+0530][info][gc,ref      ] GC(147) Phantom: 7 encountered, 5 discovered, 0 enqueued
[2025-12-18T08:25:00.995+0530][info][gc,reloc    ] GC(147) Small Pages: 194 / 388M, Empty: 110M, Relocated: 1M, In-Place: 0
[2025-12-18T08:25:00.995+0530][info][gc,reloc    ] GC(147) Medium Pages: 1 / 16M, Empty: 0M, Relocated: 0M, In-Place: 0
[2025-12-18T08:25:00.995+0530][info][gc,reloc    ] GC(147) Large Pages: 1 / 6M, Empty: 0M, Relocated: 0M, In-Place: 0
[2025-12-18T08:25:00.995+0530][info][gc,reloc    ] GC(147) Forwarding Usage: 0M
[2025-12-18T08:25:00.995+0530][info][gc,heap     ] GC(147) Min Capacity: 512M(100%)
[2025-12-18T08:25:00.995+0530][info][gc,heap     ] GC(147) Max Capacity: 512M(100%)
[2025-12-18T08:25:00.995+0530][info][gc,heap     ] GC(147) Soft Max Capacity: 512M(100%)
[2025-12-18T08:25:00.995+0530][info][gc,heap     ] GC(147)                Mark Start          Mark End        Relocate Start      Relocate End           High               Low         
[2025-12-18T08:25:00.995+0530][info][gc,heap     ] GC(147)  Capacity:      512M (100%)        512M (100%)        512M (100%)        512M (100%)        512M (100%)        512M (100%)   
[2025-12-18T08:25:00.995+0530][info][gc,heap     ] GC(147)      Free:      102M (20%)           0M (0%)           98M (19%)          98M (19%)         110M (21%)           0M (0%)     
[2025-12-18T08:25:00.995+0530][info][gc,heap     ] GC(147)      Used:      410M (80%)         512M (100%)        414M (81%)         414M (81%)         512M (100%)        402M (79%)    
[2025-12-18T08:25:00.995+0530][info][gc,heap     ] GC(147)      Live:         -               248M (48%)         248M (48%)         248M (48%)            -                  -          
[2025-12-18T08:25:00.995+0530][info][gc,heap     ] GC(147) Allocated:         -               102M (20%)         114M (22%)         145M (29%)            -                  -          
[2025-12-18T08:25:00.995+0530][info][gc,heap     ] GC(147)   Garbage:         -               161M (32%)          51M (10%)          20M (4%)             -                  -          
[2025-12-18T08:25:00.995+0530][info][gc,heap     ] GC(147) Reclaimed:         -                  -               110M (21%)         141M (28%)            -                  -          
[2025-12-18T08:25:00.995+0530][info][gc          ] GC(147) Garbage Collection (Allocation Stall) 410M(80%)->414M(81%)
[2025-12-18T08:25:01.017+0530][info][gc,start    ] GC(148) Garbage Collection (Allocation Stall)
[2025-12-18T08:25:01.017+0530][info][gc,ref      ] GC(148) Clearing All SoftReferences
[2025-12-18T08:25:01.017+0530][info][gc,task     ] GC(148) Using 2 workers
[2025-12-18T08:25:01.017+0530][info][gc,ref      ] GC(148) Clearing All SoftReferences
[2025-12-18T08:25:01.017+0530][info][gc,phases   ] GC(148) Pause Mark Start 0.058ms
[2025-12-18T08:25:01.151+0530][info][gc,phases   ] GC(148) Concurrent Mark 121.708ms
[2025-12-18T08:25:01.151+0530][info][gc,phases   ] GC(148) Pause Mark End 0.134ms
[2025-12-18T08:25:01.151+0530][info][gc,phases   ] GC(148) Concurrent Mark Free 0.001ms
[2025-12-18T08:25:01.152+0530][info][gc,phases   ] GC(148) Concurrent Process Non-Strong References 1.037ms
[2025-12-18T08:25:01.152+0530][info][gc,phases   ] GC(148) Concurrent Reset Relocation Set 0.003ms
[2025-12-18T08:25:01.155+0530][info][gc          ] Allocation Stall (Worker-0) 70.768ms
[2025-12-18T08:25:01.155+0530][info][gc          ] Allocation Stall (Worker-4) 71.539ms
[2025-12-18T08:25:01.155+0530][info][gc          ] Allocation Stall (Worker-3) 70.699ms
[2025-12-18T08:25:01.155+0530][info][gc          ] Allocation Stall (Worker-1) 66.575ms
[2025-12-18T08:25:01.155+0530][info][gc          ] Allocation Stall (Worker-2) 74.963ms
[2025-12-18T08:25:01.155+0530][info][gc          ] Allocation Stall (Worker-5) 73.798ms
[2025-12-18T08:25:01.155+0530][info][gc          ] Allocation Stall (Worker-7) 73.110ms
[2025-12-18T08:25:01.155+0530][info][gc          ] Allocation Stall (Worker-6) 71.662ms
[2025-12-18T08:25:01.155+0530][info][gc,phases   ] GC(148) Concurrent Select Relocation Set 3.044ms
[2025-12-18T08:25:01.156+0530][info][gc,phases   ] GC(148) Pause Relocate Start 0.012ms
[2025-12-18T08:25:01.175+0530][info][gc,phases   ] GC(148) Concurrent Relocate 1.759ms
[2025-12-18T08:25:01.176+0530][info][gc,load     ] GC(148) Load: 0.00/0.00/0.00
[2025-12-18T08:25:01.176+0530][info][gc,mmu      ] GC(148) MMU: 2ms/91.4%, 5ms/96.6%, 10ms/98.3%, 20ms/99.1%, 50ms/99.6%, 100ms/99.8%
[2025-12-18T08:25:01.176+0530][info][gc,marking  ] GC(148) Mark: 2 stripe(s), 2 proactive flush(es), 1 terminate flush(es), 1 completion(s), 0 continuation(s) 
[2025-12-18T08:25:01.176+0530][info][gc,marking  ] GC(148) Mark Stack Usage: 32M
[2025-12-18T08:25:01.176+0530][info][gc,nmethod  ] GC(148) NMethods: 648 registered, 1 unregistered
[2025-12-18T08:25:01.176+0530][info][gc,metaspace] GC(148) Metaspace: 3M used, 4M committed, 1088M reserved
[2025-12-18T08:25:01.176+0530][info][gc,ref      ] GC(148) Soft: 157 encountered, 90 discovered, 0 enqueued
[2025-12-18T08:25:01.176+0530][info][gc,ref      ] GC(148) Weak: 539 encountered, 445 discovered, 0 enqueued
[2025-12-18T08:25:01.176+0530][info][gc,ref      ] GC(148) Final: 0 encountered, 0 discovered, 0 enqueued
[2025-12-18T08:25:01.176+0530][info][gc,ref      ] GC(148) Phantom: 7 encountered, 5 discovered, 0 enqueued
[2025-12-18T08:25:01.176+0530][info][gc,reloc    ] GC(148) Small Pages: 212 / 424M, Empty: 118M, Relocated: 1M, In-Place: 0
[2025-12-18T08:25:01.176+0530][info][gc,reloc    ] GC(148) Medium Pages: 1 / 16M, Empty: 0M, Relocated: 0M, In-Place: 0
[2025-12-18T08:25:01.176+0530][info][gc,reloc    ] GC(148) Large Pages: 1 / 6M, Empty: 0M, Relocated: 0M, In-Place: 0
[2025-12-18T08:25:01.176+0530][info][gc,reloc    ] GC(148) Forwarding Usage: 0M
[2025-12-18T08:25:01.176+0530][info][gc,heap     ] GC(148) Min Capacity: 512M(100%)
[2025-12-18T08:25:01.176+0530][info][gc,heap     ] GC(148) Max Capacity: 512M(100%)
[2025-12-18T08:25:01.176+0530][info][gc,heap     ] GC(148) Soft Max Capacity: 512M(100%)
[2025-12-18T08:25:01.176+0530][info][gc,heap     ] GC(148)                Mark Start          Mark End        Relocate Start      Relocate End           High               Low         
[2025-12-18T08:25:01.176+0530][info][gc,heap     ] GC(148)  Capacity:      512M (100%)        512M (100%)        512M (100%)        512M (100%)        512M (100%)        512M (100%)   
[2025-12-18T08:25:01.176+0530][info][gc,heap     ] GC(148)      Free:       66M (13%)           0M (0%)          104M (20%)         146M (29%)         146M (29%)           0M (0%)     
[2025-12-18T08:25:01.176+0530][info][gc,heap     ] GC(148)      Used:      446M (87%)         512M (100%)        408M (80%)         366M (71%)         512M (100%)        366M (71%)    
[2025-12-18T08:25:01.176+0530][info][gc,heap     ] GC(148)      Live:         -               248M (48%)         248M (48%)         248M (48%)            -                  -          
[2025-12-18T08:25:01.176+0530][info][gc,heap     ] GC(148) Allocated:         -                66M (13%)          80M (16%)          97M (19%)            -                  -          
[2025-12-18T08:25:01.176+0530][info][gc,heap     ] GC(148)   Garbage:         -               197M (39%)          79M (16%)          20M (4%)             -                  -          
[2025-12-18T08:25:01.176+0530][info][gc,heap     ] GC(148) Reclaimed:         -                  -               118M (23%)         177M (35%)            -                  -          
[2025-12-18T08:25:01.176+0530][info][gc          ] GC(148) Garbage Collection (Allocation Stall) 446M(87%)->366M(71%)
[2025-12-18T08:25:01.218+0530][info][gc,start    ] GC(149) Garbage Collection (Allocation Stall)
[2025-12-18T08:25:01.218+0530][info][gc,ref      ] GC(149) Clearing All SoftReferences
[2025-12-18T08:25:01.218+0530][info][gc,task     ] GC(149) Using 2 workers
[2025-12-18T08:25:01.218+0530][info][gc,ref      ] GC(149) Clearing All SoftReferences
[2025-12-18T08:25:01.218+0530][info][gc,phases   ] GC(149) Pause Mark Start 0.067ms
[2025-12-18T08:25:01.349+0530][info][gc,phases   ] GC(149) Concurrent Mark 128.410ms
[2025-12-18T08:25:01.349+0530][info][gc,phases   ] GC(149) Pause Mark End 0.097ms
[2025-12-18T08:25:01.349+0530][info][gc,phases   ] GC(149) Concurrent Mark Free 0.001ms
[2025-12-18T08:25:01.350+0530][info][gc,phases   ] GC(149) Concurrent Process Non-Strong References 0.982ms
[2025-12-18T08:25:01.350+0530][info][gc,phases   ] GC(149) Concurrent Reset Relocation Set 0.005ms
[2025-12-18T08:25:01.353+0530][info][gc          ] Allocation Stall (main) 39.613ms
[2025-12-18T08:25:01.353+0530][info][gc          ] Allocation Stall (Worker-3) 51.887ms
[2025-12-18T08:25:01.353+0530][info][gc          ] Allocation Stall (Worker-5) 60.892ms
[2025-12-18T08:25:01.353+0530][info][gc          ] Allocation Stall (Worker-4) 57.454ms
[2025-12-18T08:25:01.353+0530][info][gc          ] Allocation Stall (Worker-2) 54.385ms
[2025-12-18T08:25:01.353+0530][info][gc          ] Allocation Stall (Worker-7) 57.803ms
[2025-12-18T08:25:01.353+0530][info][gc          ] Allocation Stall (Worker-1) 57.110ms
[2025-12-18T08:25:01.353+0530][info][gc          ] Allocation Stall (Worker-0) 55.290ms
[2025-12-18T08:25:01.353+0530][info][gc          ] Allocation Stall (Worker-6) 55.122ms
[2025-12-18T08:25:01.353+0530][info][gc,phases   ] GC(149) Concurrent Select Relocation Set 3.009ms
[2025-12-18T08:25:01.354+0530][info][gc,phases   ] GC(149) Pause Relocate Start 0.009ms
[2025-12-18T08:25:01.365+0530][info][gc,phases   ] GC(149) Concurrent Relocate 1.680ms
[2025-12-18T08:25:01.365+0530][info][gc,load     ] GC(149) Load: 0.00/0.00/0.00
[2025-12-18T08:25:01.365+0530][info][gc,mmu      ] GC(149) MMU: 2ms/91.4%, 5ms/96.6%, 10ms/98.3%, 20ms/99.1%, 50ms/99.6%, 100ms/99.8%
[2025-12-18T08:25:01.365+0530][info][gc,marking  ] GC(149) Mark: 2 stripe(s), 2 proactive flush(es), 1 terminate flush(es), 1 completion(s), 0 continuation(s) 
[2025-12-18T08:25:01.365+0530][info][gc,marking  ] GC(149) Mark Stack Usage: 32M
[2025-12-18T08:25:01.366+0530][info][gc,nmethod  ] GC(149) NMethods: 648 registered, 1 unregistered
[2025-12-18T08:25:01.366+0530][info][gc,metaspace] GC(149) Metaspace: 3M used, 4M committed, 1088M reserved
[2025-12-18T08:25:01.366+0530][info][gc,ref      ] GC(149) Soft: 157 encountered, 78 discovered, 0 enqueued
[2025-12-18T08:25:01.366+0530][info][gc,ref      ] GC(149) Weak: 539 encountered, 4 discovered, 0 enqueued
[2025-12-18T08:25:01.366+0530][info][gc,ref      ] GC(149) Final: 0 encountered, 0 discovered, 0 enqueued
[2025-12-18T08:25:01.366+0530][info][gc,ref      ] GC(149) Phantom: 7 encountered, 3 discovered, 0 enqueued
[2025-12-18T08:25:01.366+0530][info][gc,reloc    ] GC(149) Small Pages: 204 / 408M, Empty: 114M, Relocated: 1M, In-Place: 0
[2025-12-18T08:25:01.366+0530][info][gc,reloc    ] GC(149) Medium Pages: 1 / 16M, Empty: 0M, Relocated: 0M, In-Place: 0
[2025-12-18T08:25:01.366+0530][info][gc,reloc    ] GC(149) Large Pages: 1 / 6M, Empty: 0M, Relocated: 0M, In-Place: 0
[2025-12-18T08:25:01.366+0530][info][gc,reloc    ] GC(149) Forwarding Usage: 0M
[2025-12-18T08:25:01.366+0530][info][gc,heap     ] GC(149) Min Capacity: 512M(100%)
[2025-12-18T08:25:01.366+0530][info][gc,heap     ] GC(149) Max Capacity: 512M(100%)
[2025-12-18T08:25:01.366+0530][info][gc,heap     ] GC(149) Soft Max Capacity: 512M(100%)
[2025-12-18T08:25:01.366+0530][info][gc,heap     ] GC(149)                Mark Start          Mark End        Relocate Start      Relocate End           High               Low         
[2025-12-18T08:25:01.366+0530][info][gc,heap     ] GC(149)  Capacity:      512M (100%)        512M (100%)        512M (100%)        512M (100%)        512M (100%)        512M (100%)   
[2025-12-18T08:25:01.366+0530][info][gc,heap     ] GC(149)      Free:       82M (16%)           0M (0%)          100M (20%)         142M (28%)         142M (28%)           0M (0%)     
[2025-12-18T08:25:01.366+0530][info][gc,heap     ] GC(149)      Used:      430M (84%)         512M (100%)        412M (80%)         370M (72%)         512M (100%)        370M (72%)    
[2025-12-18T08:25:01.366+0530][info][gc,heap     ] GC(149)      Live:         -               248M (48%)         248M (48%)         248M (48%)            -                  -          
[2025-12-18T08:25:01.366+0530][info][gc,heap     ] GC(149) Allocated:         -                82M (16%)          96M (19%)         101M (20%)            -                  -          
[2025-12-18T08:25:01.366+0530][info][gc,heap     ] GC(149)   Garbage:         -               181M (36%)          67M (13%)          20M (4%)             -                  -          
[2025-12-18T08:25:01.366+0530][info][gc,heap     ] GC(149) Reclaimed:         -                  -               114M (22%)         161M (32%)            -                  -          
[2025-12-18T08:25:01.366+0530][info][gc          ] GC(149) Garbage Collection (Allocation Stall) 430M(84%)->370M(72%)
[2025-12-18T08:25:01.416+0530][info][gc,start    ] GC(150) Garbage Collection (Allocation Stall)
[2025-12-18T08:25:01.416+0530][info][gc,ref      ] GC(150) Clearing All SoftReferences
[2025-12-18T08:25:01.416+0530][info][gc,task     ] GC(150) Using 2 workers
[2025-12-18T08:25:01.416+0530][info][gc,ref      ] GC(150) Clearing All SoftReferences
[2025-12-18T08:25:01.416+0530][info][gc,phases   ] GC(150) Pause Mark Start 0.061ms
[2025-12-18T08:25:01.558+0530][info][gc,phases   ] GC(150) Concurrent Mark 139.448ms
[2025-12-18T08:25:01.558+0530][info][gc,phases   ] GC(150) Pause Mark End 0.093ms
[2025-12-18T08:25:01.558+0530][info][gc,phases   ] GC(150) Concurrent Mark Free 0.001ms
[2025-12-18T08:25:01.559+0530][info][gc,phases   ] GC(150) Concurrent Process Non-Strong References 1.116ms
[2025-12-18T08:25:01.559+0530][info][gc,phases   ] GC(150) Concurrent Reset Relocation Set 0.004ms
[2025-12-18T08:25:01.559+0530][info][gc          ] Allocation Stall (Worker-6) 72.820ms
[2025-12-18T08:25:01.559+0530][info][gc          ] Allocation Stall (Worker-0) 69.355ms
[2025-12-18T08:25:01.559+0530][info][gc          ] Allocation Stall (Worker-1) 67.950ms
[2025-12-18T08:25:01.559+0530][info][gc          ] Allocation Stall (Worker-2) 76.868ms
[2025-12-18T08:25:01.559+0530][info][gc          ] Allocation Stall (Worker-5) 76.867ms
[2025-12-18T08:25:01.559+0530][info][gc          ] Allocation Stall (Worker-4) 75.758ms
[2025-12-18T08:25:01.559+0530][info][gc          ] Allocation Stall (Worker-3) 75.747ms
[2025-12-18T08:25:01.559+0530][info][gc          ] Allocation Stall (Worker-7) 74.752ms
[2025-12-18T08:25:01.563+0530][info][gc,phases   ] GC(150) Concurrent Select Relocation Set 3.698ms
[2025-12-18T08:25:01.563+0530][info][gc,phases   ] GC(150) Pause Relocate Start 0.011ms
[2025-12-18T08:25:01.586+0530][info][gc,phases   ] GC(150) Concurrent Relocate 1.653ms
[2025-12-18T08:25:01.586+0530][info][gc,load     ] GC(150) Load: 0.00/0.00/0.00
[2025-12-18T08:25:01.586+0530][info][gc,mmu      ] GC(150) MMU: 2ms/91.4%, 5ms/96.6%, 10ms/98.3%, 20ms/99.1%, 50ms/99.6%, 100ms/99.8%
[2025-12-18T08:25:01.586+0530][info][gc,marking  ] GC(150) Mark: 2 stripe(s), 2 proactive flush(es), 1 terminate flush(es), 1 completion(s), 0 continuation(s) 
[2025-12-18T08:25:01.586+0530][info][gc,marking  ] GC(150) Mark Stack Usage: 32M
[2025-12-18T08:25:01.586+0530][info][gc,nmethod  ] GC(150) NMethods: 649 registered, 1 unregistered
[2025-12-18T08:25:01.586+0530][info][gc,metaspace] GC(150) Metaspace: 3M used, 4M committed, 1088M reserved
[2025-12-18T08:25:01.586+0530][info][gc,ref      ] GC(150) Soft: 157 encountered, 76 discovered, 0 enqueued
[2025-12-18T08:25:01.586+0530][info][gc,ref      ] GC(150) Weak: 539 encountered, 420 discovered, 0 enqueued
[2025-12-18T08:25:01.586+0530][info][gc,ref      ] GC(150) Final: 0 encountered, 0 discovered, 0 enqueued
[2025-12-18T08:25:01.586+0530][info][gc,ref      ] GC(150) Phantom: 7 encountered, 5 discovered, 0 enqueued
[2025-12-18T08:25:01.586+0530][info][gc,reloc    ] GC(150) Small Pages: 212 / 424M, Empty: 142M, Relocated: 1M, In-Place: 0
[2025-12-18T08:25:01.586+0530][info][gc,reloc    ] GC(150) Medium Pages: 1 / 16M, Empty: 0M, Relocated: 0M, In-Place: 0
[2025-12-18T08:25:01.586+0530][info][gc,reloc    ] GC(150) Large Pages: 1 / 6M, Empty: 0M, Relocated: 0M, In-Place: 0
[2025-12-18T08:25:01.586+0530][info][gc,reloc    ] GC(150) Forwarding Usage: 0M
[2025-12-18T08:25:01.586+0530][info][gc,heap     ] GC(150) Min Capacity: 512M(100%)
[2025-12-18T08:25:01.586+0530][info][gc,heap     ] GC(150) Max Capacity: 512M(100%)
[2025-12-18T08:25:01.586+0530][info][gc,heap     ] GC(150) Soft Max Capacity: 512M(100%)
[2025-12-18T08:25:01.586+0530][info][gc,heap     ] GC(150)                Mark Start          Mark End        Relocate Start      Relocate End           High               Low         
[2025-12-18T08:25:01.586+0530][info][gc,heap     ] GC(150)  Capacity:      512M (100%)        512M (100%)        512M (100%)        512M (100%)        512M (100%)        512M (100%)   
[2025-12-18T08:25:01.586+0530][info][gc,heap     ] GC(150)      Free:       66M (13%)           0M (0%)          128M (25%)         136M (27%)         136M (27%)           0M (0%)     
[2025-12-18T08:25:01.586+0530][info][gc,heap     ] GC(150)      Used:      446M (87%)         512M (100%)        384M (75%)         376M (73%)         512M (100%)        376M (73%)    
[2025-12-18T08:25:01.586+0530][info][gc,heap     ] GC(150)      Live:         -               248M (48%)         248M (48%)         248M (48%)            -                  -          
[2025-12-18T08:25:01.586+0530][info][gc,heap     ] GC(150) Allocated:         -                66M (13%)          80M (16%)         107M (21%)            -                  -          
[2025-12-18T08:25:01.586+0530][info][gc,heap     ] GC(150)   Garbage:         -               197M (39%)          55M (11%)          20M (4%)             -                  -          
[2025-12-18T08:25:01.586+0530][info][gc,heap     ] GC(150) Reclaimed:         -                  -               142M (28%)         177M (35%)            -                  -          
[2025-12-18T08:25:01.586+0530][info][gc          ] GC(150) Garbage Collection (Allocation Stall) 446M(87%)->376M(73%)
[2025-12-18T08:25:01.617+0530][info][gc,start    ] GC(151) Garbage Collection (Allocation Stall)
[2025-12-18T08:25:01.617+0530][info][gc,ref      ] GC(151) Clearing All SoftReferences
[2025-12-18T08:25:01.617+0530][info][gc,task     ] GC(151) Using 2 workers
[2025-12-18T08:25:01.617+0530][info][gc,ref      ] GC(151) Clearing All SoftReferences
[2025-12-18T08:25:01.617+0530][info][gc,phases   ] GC(151) Pause Mark Start 0.042ms
[2025-12-18T08:25:01.754+0530][info][gc,phases   ] GC(151) Concurrent Mark 127.168ms
[2025-12-18T08:25:01.754+0530][info][gc,phases   ] GC(151) Pause Mark End 0.089ms
[2025-12-18T08:25:01.754+0530][info][gc,phases   ] GC(151) Concurrent Mark Free 0.001ms
[2025-12-18T08:25:01.755+0530][info][gc,phases   ] GC(151) Concurrent Process Non-Strong References 0.999ms
[2025-12-18T08:25:01.755+0530][info][gc,phases   ] GC(151) Concurrent Reset Relocation Set 0.003ms
[2025-12-18T08:25:01.758+0530][info][gc          ] Allocation Stall (Worker-0) 65.182ms
[2025-12-18T08:25:01.758+0530][info][gc          ] Allocation Stall (Worker-2) 66.586ms
[2025-12-18T08:25:01.758+0530][info][gc          ] Allocation Stall (Worker-3) 63.859ms
[2025-12-18T08:25:01.758+0530][info][gc          ] Allocation Stall (Worker-4) 63.209ms
[2025-12-18T08:25:01.758+0530][info][gc          ] Allocation Stall (Worker-7) 68.622ms
[2025-12-18T08:25:01.758+0530][info][gc          ] Allocation Stall (Worker-6) 66.853ms
[2025-12-18T08:25:01.758+0530][info][gc          ] Allocation Stall (Worker-5) 71.480ms
[2025-12-18T08:25:01.758+0530][info][gc          ] Allocation Stall (Worker-1) 66.870ms
[2025-12-18T08:25:01.758+0530][info][gc,phases   ] GC(151) Concurrent Select Relocation Set 3.119ms
[2025-12-18T08:25:01.759+0530][info][gc,phases   ] GC(151) Pause Relocate Start 0.012ms
[2025-12-18T08:25:01.775+0530][info][gc,phases   ] GC(151) Concurrent Relocate 1.709ms
[2025-12-18T08:25:01.775+0530][info][gc,load     ] GC(151) Load: 0.00/0.00/0.00
[2025-12-18T08:25:01.775+0530][info][gc,mmu      ] GC(151) MMU: 2ms/91.4%, 5ms/96.6%, 10ms/98.3%, 20ms/99.1%, 50ms/99.6%, 100ms/99.8%
[2025-12-18T08:25:01.775+0530][info][gc,marking  ] GC(151) Mark: 2 stripe(s), 2 proactive flush(es), 1 terminate flush(es), 1 completion(s), 0 continuation(s) 
[2025-12-18T08:25:01.775+0530][info][gc,marking  ] GC(151) Mark Stack Usage: 32M
[2025-12-18T08:25:01.775+0530][info][gc,nmethod  ] GC(151) NMethods: 649 registered, 1 unregistered
[2025-12-18T08:25:01.775+0530][info][gc,metaspace] GC(151) Metaspace: 3M used, 4M committed, 1088M reserved
[2025-12-18T08:25:01.775+0530][info][gc,ref      ] GC(151) Soft: 157 encountered, 75 discovered, 0 enqueued
[2025-12-18T08:25:01.775+0530][info][gc,ref      ] GC(151) Weak: 539 encountered, 4 discovered, 0 enqueued
[2025-12-18T08:25:01.775+0530][info][gc,ref      ] GC(151) Final: 0 encountered, 0 discovered, 0 enqueued
[2025-12-18T08:25:01.775+0530][info][gc,ref      ] GC(151) Phantom: 7 encountered, 3 discovered, 0 enqueued
[2025-12-18T08:25:01.775+0530][info][gc,reloc    ] GC(151) Small Pages: 202 / 404M, Empty: 98M, Relocated: 1M, In-Place: 0
[2025-12-18T08:25:01.775+0530][info][gc,reloc    ] GC(151) Medium Pages: 1 / 16M, Empty: 0M, Relocated: 0M, In-Place: 0
[2025-12-18T08:25:01.775+0530][info][gc,reloc    ] GC(151) Large Pages: 1 / 6M, Empty: 0M, Relocated: 0M, In-Place: 0
[2025-12-18T08:25:01.775+0530][info][gc,reloc    ] GC(151) Forwarding Usage: 0M
[2025-12-18T08:25:01.776+0530][info][gc,heap     ] GC(151) Min Capacity: 512M(100%)
[2025-12-18T08:25:01.776+0530][info][gc,heap     ] GC(151) Max Capacity: 512M(100%)
[2025-12-18T08:25:01.776+0530][info][gc,heap     ] GC(151) Soft Max Capacity: 512M(100%)
[2025-12-18T08:25:01.776+0530][info][gc,heap     ] GC(151)                Mark Start          Mark End        Relocate Start      Relocate End           High               Low         
[2025-12-18T08:25:01.776+0530][info][gc,heap     ] GC(151)  Capacity:      512M (100%)        512M (100%)        512M (100%)        512M (100%)        512M (100%)        512M (100%)   
[2025-12-18T08:25:01.776+0530][info][gc,heap     ] GC(151)      Free:       86M (17%)           0M (0%)           84M (16%)         130M (25%)         130M (25%)           0M (0%)     
[2025-12-18T08:25:01.776+0530][info][gc,heap     ] GC(151)      Used:      426M (83%)         512M (100%)        428M (84%)         382M (75%)         512M (100%)        382M (75%)    
[2025-12-18T08:25:01.776+0530][info][gc,heap     ] GC(151)      Live:         -               248M (48%)         248M (48%)         248M (48%)            -                  -          
[2025-12-18T08:25:01.776+0530][info][gc,heap     ] GC(151) Allocated:         -                86M (17%)         100M (20%)         113M (22%)            -                  -          
[2025-12-18T08:25:01.776+0530][info][gc,heap     ] GC(151)   Garbage:         -               177M (35%)          79M (16%)          20M (4%)             -                  -          
[2025-12-18T08:25:01.776+0530][info][gc,heap     ] GC(151) Reclaimed:         -                  -                98M (19%)         157M (31%)            -                  -          
[2025-12-18T08:25:01.776+0530][info][gc          ] GC(151) Garbage Collection (Allocation Stall) 426M(83%)->382M(75%)
[2025-12-18T08:25:01.817+0530][info][gc,start    ] GC(152) Garbage Collection (Allocation Stall)
[2025-12-18T08:25:01.817+0530][info][gc,ref      ] GC(152) Clearing All SoftReferences
[2025-12-18T08:25:01.817+0530][info][gc,task     ] GC(152) Using 2 workers
[2025-12-18T08:25:01.817+0530][info][gc,ref      ] GC(152) Clearing All SoftReferences
[2025-12-18T08:25:01.817+0530][info][gc,phases   ] GC(152) Pause Mark Start 0.058ms
[2025-12-18T08:25:01.972+0530][info][gc,phases   ] GC(152) Concurrent Mark 147.881ms
[2025-12-18T08:25:01.972+0530][info][gc,phases   ] GC(152) Pause Mark End 0.093ms
[2025-12-18T08:25:01.972+0530][info][gc,phases   ] GC(152) Concurrent Mark Free 0.001ms
[2025-12-18T08:25:01.973+0530][info][gc,phases   ] GC(152) Concurrent Process Non-Strong References 1.006ms
[2025-12-18T08:25:01.973+0530][info][gc,phases   ] GC(152) Concurrent Reset Relocation Set 0.004ms
[2025-12-18T08:25:01.973+0530][info][gc          ] Allocation Stall (Worker-0) 95.462ms
[2025-12-18T08:25:01.973+0530][info][gc          ] Allocation Stall (Worker-4) 93.648ms
[2025-12-18T08:25:01.973+0530][info][gc          ] Allocation Stall (Worker-3) 91.297ms
[2025-12-18T08:25:01.973+0530][info][gc          ] Allocation Stall (Worker-1) 91.068ms
[2025-12-18T08:25:01.973+0530][info][gc          ] Allocation Stall (Worker-5) 98.789ms
[2025-12-18T08:25:01.973+0530][info][gc          ] Allocation Stall (Worker-2) 97.930ms
[2025-12-18T08:25:01.973+0530][info][gc          ] Allocation Stall (Worker-6) 96.808ms
[2025-12-18T08:25:01.973+0530][info][gc          ] Allocation Stall (Worker-7) 96.358ms
[2025-12-18T08:25:01.977+0530][info][gc,phases   ] GC(152) Concurrent Select Relocation Set 3.793ms
[2025-12-18T08:25:01.977+0530][info][gc,phases   ] GC(152) Pause Relocate Start 0.013ms
[2025-12-18T08:25:01.985+0530][info][gc,phases   ] GC(152) Concurrent Relocate 1.682ms
[2025-12-18T08:25:01.985+0530][info][gc,load     ] GC(152) Load: 0.00/0.00/0.00
[2025-12-18T08:25:01.986+0530][info][gc,mmu      ] GC(152) MMU: 2ms/91.4%, 5ms/96.6%, 10ms/98.3%, 20ms/99.1%, 50ms/99.6%, 100ms/99.8%
[2025-12-18T08:25:01.986+0530][info][gc,marking  ] GC(152) Mark: 2 stripe(s), 2 proactive flush(es), 1 terminate flush(es), 1 completion(s), 0 continuation(s) 
[2025-12-18T08:25:01.986+0530][info][gc,marking  ] GC(152) Mark Stack Usage: 32M
[2025-12-18T08:25:01.986+0530][info][gc,nmethod  ] GC(152) NMethods: 649 registered, 1 unregistered
[2025-12-18T08:25:01.986+0530][info][gc,metaspace] GC(152) Metaspace: 3M used, 4M committed, 1088M reserved
[2025-12-18T08:25:01.986+0530][info][gc,ref      ] GC(152) Soft: 157 encountered, 77 discovered, 0 enqueued
[2025-12-18T08:25:01.986+0530][info][gc,ref      ] GC(152) Weak: 539 encountered, 3 discovered, 0 enqueued
[2025-12-18T08:25:01.986+0530][info][gc,ref      ] GC(152) Final: 0 encountered, 0 discovered, 0 enqueued
[2025-12-18T08:25:01.986+0530][info][gc,ref      ] GC(152) Phantom: 7 encountered, 6 discovered, 0 enqueued
[2025-12-18T08:25:01.986+0530][info][gc,reloc    ] GC(152) Small Pages: 212 / 424M, Empty: 132M, Relocated: 1M, In-Place: 0
[2025-12-18T08:25:01.986+0530][info][gc,reloc    ] GC(152) Medium Pages: 1 / 16M, Empty: 0M, Relocated: 0M, In-Place: 0
[2025-12-18T08:25:01.986+0530][info][gc,reloc    ] GC(152) Large Pages: 1 / 6M, Empty: 0M, Relocated: 0M, In-Place: 0
[2025-12-18T08:25:01.986+0530][info][gc,reloc    ] GC(152) Forwarding Usage: 0M
[2025-12-18T08:25:01.986+0530][info][gc,heap     ] GC(152) Min Capacity: 512M(100%)
[2025-12-18T08:25:01.986+0530][info][gc,heap     ] GC(152) Max Capacity: 512M(100%)
[2025-12-18T08:25:01.986+0530][info][gc,heap     ] GC(152) Soft Max Capacity: 512M(100%)
[2025-12-18T08:25:01.986+0530][info][gc,heap     ] GC(152)                Mark Start          Mark End        Relocate Start      Relocate End           High               Low         
[2025-12-18T08:25:01.986+0530][info][gc,heap     ] GC(152)  Capacity:      512M (100%)        512M (100%)        512M (100%)        512M (100%)        512M (100%)        512M (100%)   
[2025-12-18T08:25:01.986+0530][info][gc,heap     ] GC(152)      Free:       66M (13%)           0M (0%)          118M (23%)         162M (32%)         162M (32%)           0M (0%)     
[2025-12-18T08:25:01.986+0530][info][gc,heap     ] GC(152)      Used:      446M (87%)         512M (100%)        394M (77%)         350M (68%)         512M (100%)        350M (68%)    
[2025-12-18T08:25:01.986+0530][info][gc,heap     ] GC(152)      Live:         -               248M (48%)         248M (48%)         248M (48%)            -                  -          
[2025-12-18T08:25:01.986+0530][info][gc,heap     ] GC(152) Allocated:         -                66M (13%)          80M (16%)          81M (16%)            -                  -          
[2025-12-18T08:25:01.986+0530][info][gc,heap     ] GC(152)   Garbage:         -               197M (39%)          65M (13%)          19M (4%)             -                  -          
[2025-12-18T08:25:01.986+0530][info][gc,heap     ] GC(152) Reclaimed:         -                  -               132M (26%)         177M (35%)            -                  -          
[2025-12-18T08:25:01.986+0530][info][gc          ] GC(152) Garbage Collection (Allocation Stall) 446M(87%)->350M(68%)
[2025-12-18T08:25:02.017+0530][info][gc,start    ] GC(153) Garbage Collection (Allocation Stall)
[2025-12-18T08:25:02.017+0530][info][gc,ref      ] GC(153) Clearing All SoftReferences
[2025-12-18T08:25:02.017+0530][info][gc,task     ] GC(153) Using 2 workers
[2025-12-18T08:25:02.017+0530][info][gc,ref      ] GC(153) Clearing All SoftReferences
[2025-12-18T08:25:02.017+0530][info][gc,phases   ] GC(153) Pause Mark Start 0.048ms
[2025-12-18T08:25:02.161+0530][info][gc,phases   ] GC(153) Concurrent Mark 136.378ms
[2025-12-18T08:25:02.161+0530][info][gc,phases   ] GC(153) Pause Mark End 0.017ms
[2025-12-18T08:25:02.161+0530][info][gc,phases   ] GC(153) Concurrent Mark Free 0.001ms
[2025-12-18T08:25:02.162+0530][info][gc,phases   ] GC(153) Concurrent Process Non-Strong References 1.052ms
[2025-12-18T08:25:02.162+0530][info][gc,phases   ] GC(153) Concurrent Reset Relocation Set 0.003ms
[2025-12-18T08:25:02.165+0530][info][gc          ] Allocation Stall (Worker-0) 28.830ms
[2025-12-18T08:25:02.165+0530][info][gc          ] Allocation Stall (Worker-4) 25.928ms
[2025-12-18T08:25:02.165+0530][info][gc          ] Allocation Stall (Worker-1) 37.269ms
[2025-12-18T08:25:02.165+0530][info][gc          ] Allocation Stall (Worker-2) 37.001ms
[2025-12-18T08:25:02.165+0530][info][gc          ] Allocation Stall (Worker-5) 36.260ms
[2025-12-18T08:25:02.165+0530][info][gc          ] Allocation Stall (Worker-7) 31.182ms
[2025-12-18T08:25:02.165+0530][info][gc          ] Allocation Stall (Worker-3) 29.632ms
[2025-12-18T08:25:02.165+0530][info][gc          ] Allocation Stall (Worker-6) 35.973ms
[2025-12-18T08:25:02.165+0530][info][gc,phases   ] GC(153) Concurrent Select Relocation Set 3.119ms
[2025-12-18T08:25:02.166+0530][info][gc,phases   ] GC(153) Pause Relocate Start 0.013ms
[2025-12-18T08:25:02.171+0530][info][gc,phases   ] GC(153) Concurrent Relocate 1.610ms
[2025-12-18T08:25:02.171+0530][info][gc,load     ] GC(153) Load: 0.00/0.00/0.00
[2025-12-18T08:25:02.171+0530][info][gc,mmu      ] GC(153) MMU: 2ms/91.4%, 5ms/96.6%, 10ms/98.3%, 20ms/99.1%, 50ms/99.6%, 100ms/99.8%
[2025-12-18T08:25:02.171+0530][info][gc,marking  ] GC(153) Mark: 2 stripe(s), 2 proactive flush(es), 1 terminate flush(es), 0 completion(s), 0 continuation(s) 
[2025-12-18T08:25:02.171+0530][info][gc,marking  ] GC(153) Mark Stack Usage: 32M
[2025-12-18T08:25:02.171+0530][info][gc,nmethod  ] GC(153) NMethods: 649 registered, 1 unregistered
[2025-12-18T08:25:02.171+0530][info][gc,metaspace] GC(153) Metaspace: 3M used, 4M committed, 1088M reserved
[2025-12-18T08:25:02.171+0530][info][gc,ref      ] GC(153) Soft: 157 encountered, 88 discovered, 0 enqueued
[2025-12-18T08:25:02.171+0530][info][gc,ref      ] GC(153) Weak: 539 encountered, 407 discovered, 0 enqueued
[2025-12-18T08:25:02.172+0530][info][gc,ref      ] GC(153) Final: 0 encountered, 0 discovered, 0 enqueued
[2025-12-18T08:25:02.172+0530][info][gc,ref      ] GC(153) Phantom: 7 encountered, 3 discovered, 0 enqueued
[2025-12-18T08:25:02.172+0530][info][gc,reloc    ] GC(153) Small Pages: 188 / 376M, Empty: 98M, Relocated: 1M, In-Place: 0
[2025-12-18T08:25:02.172+0530][info][gc,reloc    ] GC(153) Medium Pages: 1 / 16M, Empty: 0M, Relocated: 0M, In-Place: 0
[2025-12-18T08:25:02.172+0530][info][gc,reloc    ] GC(153) Large Pages: 1 / 6M, Empty: 0M, Relocated: 0M, In-Place: 0
[2025-12-18T08:25:02.172+0530][info][gc,reloc    ] GC(153) Forwarding Usage: 0M
[2025-12-18T08:25:02.172+0530][info][gc,heap     ] GC(153) Min Capacity: 512M(100%)
[2025-12-18T08:25:02.172+0530][info][gc,heap     ] GC(153) Max Capacity: 512M(100%)
[2025-12-18T08:25:02.172+0530][info][gc,heap     ] GC(153) Soft Max Capacity: 512M(100%)
[2025-12-18T08:25:02.172+0530][info][gc,heap     ] GC(153)                Mark Start          Mark End        Relocate Start      Relocate End           High               Low         
[2025-12-18T08:25:02.172+0530][info][gc,heap     ] GC(153)  Capacity:      512M (100%)        512M (100%)        512M (100%)        512M (100%)        512M (100%)        512M (100%)   
[2025-12-18T08:25:02.172+0530][info][gc,heap     ] GC(153)      Free:      114M (22%)           0M (0%)           84M (16%)         116M (23%)         116M (23%)           0M (0%)     
[2025-12-18T08:25:02.172+0530][info][gc,heap     ] GC(153)      Used:      398M (78%)         512M (100%)        428M (84%)         396M (77%)         512M (100%)        396M (77%)    
[2025-12-18T08:25:02.172+0530][info][gc,heap     ] GC(153)      Live:         -               248M (48%)         248M (48%)         248M (48%)            -                  -          
[2025-12-18T08:25:02.172+0530][info][gc,heap     ] GC(153) Allocated:         -               114M (22%)         128M (25%)         127M (25%)            -                  -          
[2025-12-18T08:25:02.172+0530][info][gc,heap     ] GC(153)   Garbage:         -               149M (29%)          51M (10%)          19M (4%)             -                  -          
[2025-12-18T08:25:02.172+0530][info][gc,heap     ] GC(153) Reclaimed:         -                  -                98M (19%)         129M (25%)            -                  -          
[2025-12-18T08:25:02.172+0530][info][gc          ] GC(153) Garbage Collection (Allocation Stall) 398M(78%)->396M(77%)
[2025-12-18T08:25:02.217+0530][info][gc,start    ] GC(154) Garbage Collection (Allocation Stall)
[2025-12-18T08:25:02.217+0530][info][gc,ref      ] GC(154) Clearing All SoftReferences
[2025-12-18T08:25:02.217+0530][info][gc,task     ] GC(154) Using 2 workers
[2025-12-18T08:25:02.217+0530][info][gc,ref      ] GC(154) Clearing All SoftReferences
[2025-12-18T08:25:02.217+0530][info][gc,phases   ] GC(154) Pause Mark Start 0.048ms
[2025-12-18T08:25:02.355+0530][info][gc,phases   ] GC(154) Concurrent Mark 124.683ms
[2025-12-18T08:25:02.355+0530][info][gc,phases   ] GC(154) Pause Mark End 0.098ms
[2025-12-18T08:25:02.355+0530][info][gc,phases   ] GC(154) Concurrent Mark Free 0.001ms
[2025-12-18T08:25:02.356+0530][info][gc,phases   ] GC(154) Concurrent Process Non-Strong References 1.089ms
[2025-12-18T08:25:02.356+0530][info][gc,phases   ] GC(154) Concurrent Reset Relocation Set 0.003ms
[2025-12-18T08:25:02.356+0530][info][gc          ] Allocation Stall (Worker-6) 91.339ms
[2025-12-18T08:25:02.356+0530][info][gc          ] Allocation Stall (Worker-0) 90.775ms
[2025-12-18T08:25:02.356+0530][info][gc          ] Allocation Stall (Worker-2) 90.334ms
[2025-12-18T08:25:02.356+0530][info][gc          ] Allocation Stall (Worker-7) 93.587ms
[2025-12-18T08:25:02.356+0530][info][gc          ] Allocation Stall (Worker-1) 93.531ms
[2025-12-18T08:25:02.356+0530][info][gc          ] Allocation Stall (Worker-3) 93.263ms
[2025-12-18T08:25:02.356+0530][info][gc          ] Allocation Stall (Worker-4) 93.090ms
[2025-12-18T08:25:02.356+0530][info][gc          ] Allocation Stall (Worker-5) 91.764ms
[2025-12-18T08:25:02.360+0530][info][gc,phases   ] GC(154) Concurrent Select Relocation Set 3.718ms
[2025-12-18T08:25:02.360+0530][info][gc,phases   ] GC(154) Pause Relocate Start 0.012ms
[2025-12-18T08:25:02.370+0530][info][gc,phases   ] GC(154) Concurrent Relocate 1.720ms
[2025-12-18T08:25:02.370+0530][info][gc,load     ] GC(154) Load: 0.00/0.00/0.00
[2025-12-18T08:25:02.370+0530][info][gc,mmu      ] GC(154) MMU: 2ms/91.4%, 5ms/96.6%, 10ms/98.3%, 20ms/99.1%, 50ms/99.6%, 100ms/99.8%
[2025-12-18T08:25:02.370+0530][info][gc,marking  ] GC(154) Mark: 2 stripe(s), 2 proactive flush(es), 1 terminate flush(es), 1 completion(s), 0 continuation(s) 
[2025-12-18T08:25:02.370+0530][info][gc,marking  ] GC(154) Mark Stack Usage: 32M
[2025-12-18T08:25:02.370+0530][info][gc,nmethod  ] GC(154) NMethods: 649 registered, 1 unregistered
[2025-12-18T08:25:02.370+0530][info][gc,metaspace] GC(154) Metaspace: 3M used, 4M committed, 1088M reserved
[2025-12-18T08:25:02.370+0530][info][gc,ref      ] GC(154) Soft: 157 encountered, 87 discovered, 0 enqueued
[2025-12-18T08:25:02.370+0530][info][gc,ref      ] GC(154) Weak: 539 encountered, 417 discovered, 0 enqueued
[2025-12-18T08:25:02.370+0530][info][gc,ref      ] GC(154) Final: 0 encountered, 0 discovered, 0 enqueued
[2025-12-18T08:25:02.370+0530][info][gc,ref      ] GC(154) Phantom: 7 encountered, 5 discovered, 0 enqueued
[2025-12-18T08:25:02.370+0530][info][gc,reloc    ] GC(154) Small Pages: 219 / 438M, Empty: 160M, Relocated: 1M, In-Place: 0
[2025-12-18T08:25:02.370+0530][info][gc,reloc    ] GC(154) Medium Pages: 1 / 16M, Empty: 0M, Relocated: 0M, In-Place: 0
[2025-12-18T08:25:02.370+0530][info][gc,reloc    ] GC(154) Large Pages: 1 / 6M, Empty: 0M, Relocated: 0M, In-Place: 0
[2025-12-18T08:25:02.370+0530][info][gc,reloc    ] GC(154) Forwarding Usage: 0M
[2025-12-18T08:25:02.370+0530][info][gc,heap     ] GC(154) Min Capacity: 512M(100%)
[2025-12-18T08:25:02.370+0530][info][gc,heap     ] GC(154) Max Capacity: 512M(100%)
[2025-12-18T08:25:02.370+0530][info][gc,heap     ] GC(154) Soft Max Capacity: 512M(100%)
[2025-12-18T08:25:02.370+0530][info][gc,heap     ] GC(154)                Mark Start          Mark End        Relocate Start      Relocate End           High               Low         
[2025-12-18T08:25:02.370+0530][info][gc,heap     ] GC(154)  Capacity:      512M (100%)        512M (100%)        512M (100%)        512M (100%)        512M (100%)        512M (100%)   
[2025-12-18T08:25:02.370+0530][info][gc,heap     ] GC(154)      Free:       52M (10%)           0M (0%)          148M (29%)         176M (34%)         176M (34%)           0M (0%)     
[2025-12-18T08:25:02.370+0530][info][gc,heap     ] GC(154)      Used:      460M (90%)         512M (100%)        364M (71%)         336M (66%)         512M (100%)        336M (66%)    
[2025-12-18T08:25:02.370+0530][info][gc,heap     ] GC(154)      Live:         -               248M (48%)         248M (48%)         248M (48%)            -                  -          
[2025-12-18T08:25:02.370+0530][info][gc,heap     ] GC(154) Allocated:         -                52M (10%)          64M (12%)          67M (13%)            -                  -          
[2025-12-18T08:25:02.370+0530][info][gc,heap     ] GC(154)   Garbage:         -               211M (41%)          51M (10%)          19M (4%)             -                  -          
[2025-12-18T08:25:02.370+0530][info][gc,heap     ] GC(154) Reclaimed:         -                  -               160M (31%)         191M (37%)            -                  -          
[2025-12-18T08:25:02.370+0530][info][gc          ] GC(154) Garbage Collection (Allocation Stall) 460M(90%)->336M(66%)
[2025-12-18T08:25:02.417+0530][info][gc,start    ] GC(155) Garbage Collection (Allocation Stall)
[2025-12-18T08:25:02.417+0530][info][gc,ref      ] GC(155) Clearing All SoftReferences
[2025-12-18T08:25:02.417+0530][info][gc,task     ] GC(155) Using 2 workers
[2025-12-18T08:25:02.417+0530][info][gc,ref      ] GC(155) Clearing All SoftReferences
[2025-12-18T08:25:02.417+0530][info][gc,phases   ] GC(155) Pause Mark Start 0.058ms
[2025-12-18T08:25:02.565+0530][info][gc,phases   ] GC(155) Concurrent Mark 136.800ms
[2025-12-18T08:25:02.565+0530][info][gc,phases   ] GC(155) Pause Mark End 0.096ms
[2025-12-18T08:25:02.565+0530][info][gc,phases   ] GC(155) Concurrent Mark Free 0.001ms
[2025-12-18T08:25:02.566+0530][info][gc,phases   ] GC(155) Concurrent Process Non-Strong References 1.079ms
[2025-12-18T08:25:02.566+0530][info][gc,phases   ] GC(155) Concurrent Reset Relocation Set 0.002ms
[2025-12-18T08:25:02.569+0530][info][gc          ] Allocation Stall (Worker-1) 39.418ms
[2025-12-18T08:25:02.569+0530][info][gc          ] Allocation Stall (Worker-0) 34.918ms
[2025-12-18T08:25:02.569+0530][info][gc          ] Allocation Stall (Worker-5) 43.841ms
[2025-12-18T08:25:02.569+0530][info][gc          ] Allocation Stall (Worker-6) 43.333ms
[2025-12-18T08:25:02.569+0530][info][gc          ] Allocation Stall (Worker-7) 43.117ms
[2025-12-18T08:25:02.569+0530][info][gc          ] Allocation Stall (Worker-2) 39.835ms
[2025-12-18T08:25:02.569+0530][info][gc,phases   ] GC(155) Concurrent Select Relocation Set 2.995ms
[2025-12-18T08:25:02.569+0530][info][gc          ] Allocation Stall (Worker-4) 44.214ms
[2025-12-18T08:25:02.569+0530][info][gc          ] Allocation Stall (Worker-3) 34.358ms
[2025-12-18T08:25:02.570+0530][info][gc,phases   ] GC(155) Pause Relocate Start 0.010ms
[2025-12-18T08:25:02.578+0530][info][gc,phases   ] GC(155) Concurrent Relocate 2.081ms
[2025-12-18T08:25:02.578+0530][info][gc,load     ] GC(155) Load: 0.00/0.00/0.00
[2025-12-18T08:25:02.579+0530][info][gc,mmu      ] GC(155) MMU: 2ms/91.4%, 5ms/96.6%, 10ms/98.3%, 20ms/99.1%, 50ms/99.6%, 100ms/99.8%
[2025-12-18T08:25:02.579+0530][info][gc,marking  ] GC(155) Mark: 2 stripe(s), 2 proactive flush(es), 1 terminate flush(es), 1 completion(s), 0 continuation(s) 
[2025-12-18T08:25:02.579+0530][info][gc,marking  ] GC(155) Mark Stack Usage: 32M
[2025-12-18T08:25:02.579+0530][info][gc,nmethod  ] GC(155) NMethods: 650 registered, 1 unregistered
[2025-12-18T08:25:02.579+0530][info][gc,metaspace] GC(155) Metaspace: 3M used, 4M committed, 1088M reserved
[2025-12-18T08:25:02.579+0530][info][gc,ref      ] GC(155) Soft: 157 encountered, 78 discovered, 0 enqueued
[2025-12-18T08:25:02.579+0530][info][gc,ref      ] GC(155) Weak: 539 encountered, 416 discovered, 0 enqueued
[2025-12-18T08:25:02.579+0530][info][gc,ref      ] GC(155) Final: 0 encountered, 0 discovered, 0 enqueued
[2025-12-18T08:25:02.579+0530][info][gc,ref      ] GC(155) Phantom: 7 encountered, 5 discovered, 0 enqueued
[2025-12-18T08:25:02.579+0530][info][gc,reloc    ] GC(155) Small Pages: 191 / 382M, Empty: 100M, Relocated: 1M, In-Place: 0
[2025-12-18T08:25:02.579+0530][info][gc,reloc    ] GC(155) Medium Pages: 1 / 16M, Empty: 0M, Relocated: 0M, In-Place: 0
[2025-12-18T08:25:02.579+0530][info][gc,reloc    ] GC(155) Large Pages: 1 / 6M, Empty: 0M, Relocated: 0M, In-Place: 0
[2025-12-18T08:25:02.579+0530][info][gc,reloc    ] GC(155) Forwarding Usage: 0M
[2025-12-18T08:25:02.579+0530][info][gc,heap     ] GC(155) Min Capacity: 512M(100%)
[2025-12-18T08:25:02.579+0530][info][gc,heap     ] GC(155) Max Capacity: 512M(100%)
[2025-12-18T08:25:02.579+0530][info][gc,heap     ] GC(155) Soft Max Capacity: 512M(100%)
[2025-12-18T08:25:02.579+0530][info][gc,heap     ] GC(155)                Mark Start          Mark End        Relocate Start      Relocate End           High               Low         
[2025-12-18T08:25:02.579+0530][info][gc,heap     ] GC(155)  Capacity:      512M (100%)        512M (100%)        512M (100%)        512M (100%)        512M (100%)        512M (100%)   
[2025-12-18T08:25:02.579+0530][info][gc,heap     ] GC(155)      Free:      108M (21%)           0M (0%)           84M (16%)         120M (23%)         120M (23%)           0M (0%)     
[2025-12-18T08:25:02.579+0530][info][gc,heap     ] GC(155)      Used:      404M (79%)         512M (100%)        428M (84%)         392M (77%)         512M (100%)        392M (77%)    
[2025-12-18T08:25:02.579+0530][info][gc,heap     ] GC(155)      Live:         -               248M (48%)         248M (48%)         248M (48%)            -                  -          
[2025-12-18T08:25:02.579+0530][info][gc,heap     ] GC(155) Allocated:         -               108M (21%)         124M (24%)         123M (24%)            -                  -          
[2025-12-18T08:25:02.579+0530][info][gc,heap     ] GC(155)   Garbage:         -               155M (30%)          55M (11%)          19M (4%)             -                  -          
[2025-12-18T08:25:02.579+0530][info][gc,heap     ] GC(155) Reclaimed:         -                  -               100M (20%)         135M (27%)            -                  -          
[2025-12-18T08:25:02.579+0530][info][gc          ] GC(155) Garbage Collection (Allocation Stall) 404M(79%)->392M(77%)
[2025-12-18T08:25:02.617+0530][info][gc,start    ] GC(156) Garbage Collection (Allocation Stall)
[2025-12-18T08:25:02.617+0530][info][gc,ref      ] GC(156) Clearing All SoftReferences
[2025-12-18T08:25:02.617+0530][info][gc,task     ] GC(156) Using 2 workers
[2025-12-18T08:25:02.617+0530][info][gc,ref      ] GC(156) Clearing All SoftReferences
[2025-12-18T08:25:02.617+0530][info][gc,phases   ] GC(156) Pause Mark Start 0.049ms
[2025-12-18T08:25:02.752+0530][info][gc,phases   ] GC(156) Concurrent Mark 132.653ms
[2025-12-18T08:25:02.752+0530][info][gc,phases   ] GC(156) Pause Mark End 0.100ms
[2025-12-18T08:25:02.752+0530][info][gc,phases   ] GC(156) Concurrent Mark Free 0.001ms
[2025-12-18T08:25:02.753+0530][info][gc,phases   ] GC(156) Concurrent Process Non-Strong References 1.072ms
[2025-12-18T08:25:02.753+0530][info][gc,phases   ] GC(156) Concurrent Reset Relocation Set 0.003ms
[2025-12-18T08:25:02.753+0530][info][gc          ] Allocation Stall (Worker-7) 72.390ms
[2025-12-18T08:25:02.753+0530][info][gc          ] Allocation Stall (Worker-3) 72.066ms
[2025-12-18T08:25:02.753+0530][info][gc          ] Allocation Stall (Worker-1) 67.300ms
[2025-12-18T08:25:02.753+0530][info][gc          ] Allocation Stall (Worker-2) 79.469ms
[2025-12-18T08:25:02.754+0530][info][gc          ] Allocation Stall (Worker-0) 77.277ms
[2025-12-18T08:25:02.754+0530][info][gc          ] Allocation Stall (Worker-4) 76.996ms
[2025-12-18T08:25:02.754+0530][info][gc          ] Allocation Stall (Worker-5) 75.974ms
[2025-12-18T08:25:02.754+0530][info][gc          ] Allocation Stall (Worker-6) 75.762ms
[2025-12-18T08:25:02.757+0530][info][gc,phases   ] GC(156) Concurrent Select Relocation Set 3.604ms
[2025-12-18T08:25:02.757+0530][info][gc,phases   ] GC(156) Pause Relocate Start 0.010ms
[2025-12-18T08:25:02.778+0530][info][gc,phases   ] GC(156) Concurrent Relocate 1.736ms
[2025-12-18T08:25:02.779+0530][info][gc,load     ] GC(156) Load: 0.00/0.00/0.00
[2025-12-18T08:25:02.779+0530][info][gc,mmu      ] GC(156) MMU: 2ms/91.4%, 5ms/96.6%, 10ms/98.3%, 20ms/99.1%, 50ms/99.6%, 100ms/99.8%
[2025-12-18T08:25:02.779+0530][info][gc,marking  ] GC(156) Mark: 2 stripe(s), 2 proactive flush(es), 1 terminate flush(es), 1 completion(s), 0 continuation(s) 
[2025-12-18T08:25:02.779+0530][info][gc,marking  ] GC(156) Mark Stack Usage: 32M
[2025-12-18T08:25:02.779+0530][info][gc,nmethod  ] GC(156) NMethods: 650 registered, 1 unregistered
[2025-12-18T08:25:02.779+0530][info][gc,metaspace] GC(156) Metaspace: 3M used, 4M committed, 1088M reserved
[2025-12-18T08:25:02.779+0530][info][gc,ref      ] GC(156) Soft: 157 encountered, 81 discovered, 0 enqueued
[2025-12-18T08:25:02.779+0530][info][gc,ref      ] GC(156) Weak: 539 encountered, 416 discovered, 0 enqueued
[2025-12-18T08:25:02.779+0530][info][gc,ref      ] GC(156) Final: 0 encountered, 0 discovered, 0 enqueued
[2025-12-18T08:25:02.779+0530][info][gc,ref      ] GC(156) Phantom: 7 encountered, 3 discovered, 0 enqueued
[2025-12-18T08:25:02.779+0530][info][gc,reloc    ] GC(156) Small Pages: 214 / 428M, Empty: 150M, Relocated: 1M, In-Place: 0
[2025-12-18T08:25:02.779+0530][info][gc,reloc    ] GC(156) Medium Pages: 1 / 16M, Empty: 0M, Relocated: 0M, In-Place: 0
[2025-12-18T08:25:02.779+0530][info][gc,reloc    ] GC(156) Large Pages: 1 / 6M, Empty: 0M, Relocated: 0M, In-Place: 0
[2025-12-18T08:25:02.779+0530][info][gc,reloc    ] GC(156) Forwarding Usage: 0M
[2025-12-18T08:25:02.779+0530][info][gc,heap     ] GC(156) Min Capacity: 512M(100%)
[2025-12-18T08:25:02.779+0530][info][gc,heap     ] GC(156) Max Capacity: 512M(100%)
[2025-12-18T08:25:02.779+0530][info][gc,heap     ] GC(156) Soft Max Capacity: 512M(100%)
[2025-12-18T08:25:02.779+0530][info][gc,heap     ] GC(156)                Mark Start          Mark End        Relocate Start      Relocate End           High               Low         
[2025-12-18T08:25:02.779+0530][info][gc,heap     ] GC(156)  Capacity:      512M (100%)        512M (100%)        512M (100%)        512M (100%)        512M (100%)        512M (100%)   
[2025-12-18T08:25:02.779+0530][info][gc,heap     ] GC(156)      Free:       62M (12%)           0M (0%)          136M (27%)         148M (29%)         148M (29%)           0M (0%)     
[2025-12-18T08:25:02.779+0530][info][gc,heap     ] GC(156)      Used:      450M (88%)         512M (100%)        376M (73%)         364M (71%)         512M (100%)        364M (71%)    
[2025-12-18T08:25:02.779+0530][info][gc,heap     ] GC(156)      Live:         -               248M (48%)         248M (48%)         248M (48%)            -                  -          
[2025-12-18T08:25:02.779+0530][info][gc,heap     ] GC(156) Allocated:         -                62M (12%)          76M (15%)          95M (19%)            -                  -          
[2025-12-18T08:25:02.779+0530][info][gc,heap     ] GC(156)   Garbage:         -               201M (39%)          51M (10%)          20M (4%)             -                  -          
[2025-12-18T08:25:02.779+0530][info][gc,heap     ] GC(156) Reclaimed:         -                  -               150M (29%)         181M (36%)            -                  -          
[2025-12-18T08:25:02.779+0530][info][gc          ] GC(156) Garbage Collection (Allocation Stall) 450M(88%)->364M(71%)
[2025-12-18T08:25:02.818+0530][info][gc,start    ] GC(157) Garbage Collection (Allocation Stall)
[2025-12-18T08:25:02.818+0530][info][gc,ref      ] GC(157) Clearing All SoftReferences
[2025-12-18T08:25:02.818+0530][info][gc,task     ] GC(157) Using 2 workers
[2025-12-18T08:25:02.818+0530][info][gc,ref      ] GC(157) Clearing All SoftReferences
[2025-12-18T08:25:02.818+0530][info][gc,phases   ] GC(157) Pause Mark Start 0.058ms
[2025-12-18T08:25:02.955+0530][info][gc,phases   ] GC(157) Concurrent Mark 135.391ms
[2025-12-18T08:25:02.955+0530][info][gc,phases   ] GC(157) Pause Mark End 0.096ms
[2025-12-18T08:25:02.955+0530][info][gc,phases   ] GC(157) Concurrent Mark Free 0.001ms
[2025-12-18T08:25:02.956+0530][info][gc,phases   ] GC(157) Concurrent Process Non-Strong References 1.009ms
[2025-12-18T08:25:02.956+0530][info][gc,phases   ] GC(157) Concurrent Reset Relocation Set 0.002ms
[2025-12-18T08:25:02.959+0530][info][gc          ] Allocation Stall (Worker-3) 50.023ms
[2025-12-18T08:25:02.959+0530][info][gc          ] Allocation Stall (Worker-5) 49.859ms
[2025-12-18T08:25:02.959+0530][info][gc          ] Allocation Stall (Worker-6) 48.925ms
[2025-12-18T08:25:02.959+0530][info][gc          ] Allocation Stall (Worker-7) 58.862ms
[2025-12-18T08:25:02.959+0530][info][gc          ] Allocation Stall (Worker-2) 58.791ms
[2025-12-18T08:25:02.959+0530][info][gc          ] Allocation Stall (Worker-0) 57.244ms
[2025-12-18T08:25:02.959+0530][info][gc          ] Allocation Stall (Worker-1) 52.010ms
[2025-12-18T08:25:02.959+0530][info][gc          ] Allocation Stall (Worker-4) 57.045ms
[2025-12-18T08:25:02.959+0530][info][gc,phases   ] GC(157) Concurrent Select Relocation Set 3.204ms
[2025-12-18T08:25:02.960+0530][info][gc,phases   ] GC(157) Pause Relocate Start 0.012ms
[2025-12-18T08:25:02.963+0530][info][gc,phases   ] GC(157) Concurrent Relocate 1.812ms
[2025-12-18T08:25:02.963+0530][info][gc,load     ] GC(157) Load: 0.00/0.00/0.00
[2025-12-18T08:25:02.964+0530][info][gc,mmu      ] GC(157) MMU: 2ms/91.4%, 5ms/96.6%, 10ms/98.3%, 20ms/99.1%, 50ms/99.6%, 100ms/99.8%
[2025-12-18T08:25:02.964+0530][info][gc,marking  ] GC(157) Mark: 2 stripe(s), 3 proactive flush(es), 1 terminate flush(es), 1 completion(s), 0 continuation(s) 
[2025-12-18T08:25:02.964+0530][info][gc,marking  ] GC(157) Mark Stack Usage: 32M
[2025-12-18T08:25:02.964+0530][info][gc,nmethod  ] GC(157) NMethods: 650 registered, 1 unregistered
[2025-12-18T08:25:02.964+0530][info][gc,metaspace] GC(157) Metaspace: 3M used, 4M committed, 1088M reserved
[2025-12-18T08:25:02.964+0530][info][gc,ref      ] GC(157) Soft: 157 encountered, 77 discovered, 0 enqueued
[2025-12-18T08:25:02.964+0530][info][gc,ref      ] GC(157) Weak: 539 encountered, 1 discovered, 0 enqueued
[2025-12-18T08:25:02.964+0530][info][gc,ref      ] GC(157) Final: 0 encountered, 0 discovered, 0 enqueued
[2025-12-18T08:25:02.964+0530][info][gc,ref      ] GC(157) Phantom: 7 encountered, 5 discovered, 0 enqueued
[2025-12-18T08:25:02.964+0530][info][gc,reloc    ] GC(157) Small Pages: 199 / 398M, Empty: 100M, Relocated: 1M, In-Place: 0
[2025-12-18T08:25:02.964+0530][info][gc,reloc    ] GC(157) Medium Pages: 1 / 16M, Empty: 0M, Relocated: 0M, In-Place: 0
[2025-12-18T08:25:02.964+0530][info][gc,reloc    ] GC(157) Large Pages: 1 / 6M, Empty: 0M, Relocated: 0M, In-Place: 0
[2025-12-18T08:25:02.964+0530][info][gc,reloc    ] GC(157) Forwarding Usage: 0M
[2025-12-18T08:25:02.964+0530][info][gc,heap     ] GC(157) Min Capacity: 512M(100%)
[2025-12-18T08:25:02.964+0530][info][gc,heap     ] GC(157) Max Capacity: 512M(100%)
[2025-12-18T08:25:02.964+0530][info][gc,heap     ] GC(157) Soft Max Capacity: 512M(100%)
[2025-12-18T08:25:02.964+0530][info][gc,heap     ] GC(157)                Mark Start          Mark End        Relocate Start      Relocate End           High               Low         
[2025-12-18T08:25:02.964+0530][info][gc,heap     ] GC(157)  Capacity:      512M (100%)        512M (100%)        512M (100%)        512M (100%)        512M (100%)        512M (100%)   
[2025-12-18T08:25:02.964+0530][info][gc,heap     ] GC(157)      Free:       92M (18%)           0M (0%)           86M (17%)         138M (27%)         138M (27%)           0M (0%)     
[2025-12-18T08:25:02.964+0530][info][gc,heap     ] GC(157)      Used:      420M (82%)         512M (100%)        426M (83%)         374M (73%)         512M (100%)        374M (73%)    
[2025-12-18T08:25:02.964+0530][info][gc,heap     ] GC(157)      Live:         -               248M (48%)         248M (48%)         248M (48%)            -                  -          
[2025-12-18T08:25:02.964+0530][info][gc,heap     ] GC(157) Allocated:         -                92M (18%)         106M (21%)         105M (21%)            -                  -          
[2025-12-18T08:25:02.964+0530][info][gc,heap     ] GC(157)   Garbage:         -               171M (34%)          71M (14%)          19M (4%)             -                  -          
[2025-12-18T08:25:02.964+0530][info][gc,heap     ] GC(157) Reclaimed:         -                  -               100M (20%)         151M (30%)            -                  -          
[2025-12-18T08:25:02.964+0530][info][gc          ] GC(157) Garbage Collection (Allocation Stall) 420M(82%)->374M(73%)
[2025-12-18T08:25:03.016+0530][info][gc,start    ] GC(158) Garbage Collection (Allocation Stall)
[2025-12-18T08:25:03.016+0530][info][gc,ref      ] GC(158) Clearing All SoftReferences
[2025-12-18T08:25:03.016+0530][info][gc,task     ] GC(158) Using 2 workers
[2025-12-18T08:25:03.016+0530][info][gc,ref      ] GC(158) Clearing All SoftReferences
[2025-12-18T08:25:03.016+0530][info][gc,phases   ] GC(158) Pause Mark Start 0.050ms
[2025-12-18T08:25:03.156+0530][info][gc,phases   ] GC(158) Concurrent Mark 131.719ms
[2025-12-18T08:25:03.156+0530][info][gc,phases   ] GC(158) Pause Mark End 0.103ms
[2025-12-18T08:25:03.156+0530][info][gc,phases   ] GC(158) Concurrent Mark Free 0.001ms
[2025-12-18T08:25:03.157+0530][info][gc,phases   ] GC(158) Concurrent Process Non-Strong References 1.062ms
[2025-12-18T08:25:03.157+0530][info][gc,phases   ] GC(158) Concurrent Reset Relocation Set 0.004ms
[2025-12-18T08:25:03.157+0530][info][gc          ] Allocation Stall (Worker-0) 51.362ms
[2025-12-18T08:25:03.157+0530][info][gc          ] Allocation Stall (Worker-2) 55.010ms
[2025-12-18T08:25:03.157+0530][info][gc          ] Allocation Stall (Worker-7) 59.178ms
[2025-12-18T08:25:03.157+0530][info][gc          ] Allocation Stall (Worker-5) 51.401ms
[2025-12-18T08:25:03.157+0530][info][gc          ] Allocation Stall (Worker-4) 59.652ms
[2025-12-18T08:25:03.157+0530][info][gc          ] Allocation Stall (Worker-3) 58.762ms
[2025-12-18T08:25:03.157+0530][info][gc          ] Allocation Stall (Worker-6) 57.869ms
[2025-12-18T08:25:03.157+0530][info][gc          ] Allocation Stall (Worker-1) 57.822ms
[2025-12-18T08:25:03.161+0530][info][gc,phases   ] GC(158) Concurrent Select Relocation Set 3.730ms
[2025-12-18T08:25:03.161+0530][info][gc,phases   ] GC(158) Pause Relocate Start 0.013ms
[2025-12-18T08:25:03.191+0530][info][gc,phases   ] GC(158) Concurrent Relocate 1.690ms
[2025-12-18T08:25:03.191+0530][info][gc,load     ] GC(158) Load: 0.00/0.00/0.00
[2025-12-18T08:25:03.191+0530][info][gc,mmu      ] GC(158) MMU: 2ms/91.4%, 5ms/96.6%, 10ms/98.3%, 20ms/99.1%, 50ms/99.6%, 100ms/99.8%
[2025-12-18T08:25:03.191+0530][info][gc,marking  ] GC(158) Mark: 2 stripe(s), 2 proactive flush(es), 1 terminate flush(es), 1 completion(s), 0 continuation(s) 
[2025-12-18T08:25:03.191+0530][info][gc,marking  ] GC(158) Mark Stack Usage: 32M
[2025-12-18T08:25:03.191+0530][info][gc,nmethod  ] GC(158) NMethods: 650 registered, 1 unregistered
[2025-12-18T08:25:03.191+0530][info][gc,metaspace] GC(158) Metaspace: 3M used, 4M committed, 1088M reserved
[2025-12-18T08:25:03.191+0530][info][gc,ref      ] GC(158) Soft: 157 encountered, 86 discovered, 0 enqueued
[2025-12-18T08:25:03.191+0530][info][gc,ref      ] GC(158) Weak: 539 encountered, 415 discovered, 0 enqueued
[2025-12-18T08:25:03.191+0530][info][gc,ref      ] GC(158) Final: 0 encountered, 0 discovered, 0 enqueued
[2025-12-18T08:25:03.191+0530][info][gc,ref      ] GC(158) Phantom: 7 encountered, 5 discovered, 0 enqueued
[2025-12-18T08:25:03.191+0530][info][gc,reloc    ] GC(158) Small Pages: 206 / 412M, Empty: 134M, Relocated: 1M, In-Place: 0
[2025-12-18T08:25:03.191+0530][info][gc,reloc    ] GC(158) Medium Pages: 1 / 16M, Empty: 0M, Relocated: 0M, In-Place: 0
[2025-12-18T08:25:03.191+0530][info][gc,reloc    ] GC(158) Large Pages: 1 / 6M, Empty: 0M, Relocated: 0M, In-Place: 0
[2025-12-18T08:25:03.191+0530][info][gc,reloc    ] GC(158) Forwarding Usage: 0M
[2025-12-18T08:25:03.191+0530][info][gc,heap     ] GC(158) Min Capacity: 512M(100%)
[2025-12-18T08:25:03.191+0530][info][gc,heap     ] GC(158) Max Capacity: 512M(100%)
[2025-12-18T08:25:03.191+0530][info][gc,heap     ] GC(158) Soft Max Capacity: 512M(100%)
[2025-12-18T08:25:03.191+0530][info][gc,heap     ] GC(158)                Mark Start          Mark End        Relocate Start      Relocate End           High               Low         
[2025-12-18T08:25:03.191+0530][info][gc,heap     ] GC(158)  Capacity:      512M (100%)        512M (100%)        512M (100%)        512M (100%)        512M (100%)        512M (100%)   
[2025-12-18T08:25:03.191+0530][info][gc,heap     ] GC(158)      Free:       78M (15%)           0M (0%)          120M (23%)         120M (23%)         128M (25%)           0M (0%)     
[2025-12-18T08:25:03.191+0530][info][gc,heap     ] GC(158)      Used:      434M (85%)         512M (100%)        392M (77%)         392M (77%)         512M (100%)        384M (75%)    
[2025-12-18T08:25:03.191+0530][info][gc,heap     ] GC(158)      Live:         -               248M (48%)         248M (48%)         248M (48%)            -                  -          
[2025-12-18T08:25:03.192+0530][info][gc,heap     ] GC(158) Allocated:         -                78M (15%)          92M (18%)         123M (24%)            -                  -          
[2025-12-18T08:25:03.192+0530][info][gc,heap     ] GC(158)   Garbage:         -               185M (36%)          51M (10%)          20M (4%)             -                  -          
[2025-12-18T08:25:03.192+0530][info][gc,heap     ] GC(158) Reclaimed:         -                  -               134M (26%)         165M (32%)            -                  -          
[2025-12-18T08:25:03.192+0530][info][gc          ] GC(158) Garbage Collection (Allocation Stall) 434M(85%)->392M(77%)
[2025-12-18T08:25:03.217+0530][info][gc,start    ] GC(159) Garbage Collection (Allocation Stall)
[2025-12-18T08:25:03.217+0530][info][gc,ref      ] GC(159) Clearing All SoftReferences
[2025-12-18T08:25:03.217+0530][info][gc,task     ] GC(159) Using 2 workers
[2025-12-18T08:25:03.217+0530][info][gc,ref      ] GC(159) Clearing All SoftReferences
[2025-12-18T08:25:03.217+0530][info][gc,phases   ] GC(159) Pause Mark Start 0.063ms
[2025-12-18T08:25:03.351+0530][info][gc,phases   ] GC(159) Concurrent Mark 127.808ms
[2025-12-18T08:25:03.351+0530][info][gc,phases   ] GC(159) Pause Mark End 0.018ms
[2025-12-18T08:25:03.351+0530][info][gc,phases   ] GC(159) Concurrent Mark Free 0.001ms
[2025-12-18T08:25:03.352+0530][info][gc,phases   ] GC(159) Concurrent Process Non-Strong References 1.142ms
[2025-12-18T08:25:03.352+0530][info][gc,phases   ] GC(159) Concurrent Reset Relocation Set 0.002ms
[2025-12-18T08:25:03.355+0530][info][gc          ] Allocation Stall (Worker-4) 63.737ms
[2025-12-18T08:25:03.355+0530][info][gc          ] Allocation Stall (Worker-0) 64.406ms
[2025-12-18T08:25:03.355+0530][info][gc          ] Allocation Stall (Worker-2) 57.971ms
[2025-12-18T08:25:03.355+0530][info][gc          ] Allocation Stall (Worker-6) 66.395ms
[2025-12-18T08:25:03.355+0530][info][gc          ] Allocation Stall (Worker-5) 66.059ms
[2025-12-18T08:25:03.355+0530][info][gc          ] Allocation Stall (Worker-7) 65.818ms
[2025-12-18T08:25:03.355+0530][info][gc          ] Allocation Stall (Worker-1) 65.728ms
[2025-12-18T08:25:03.355+0530][info][gc          ] Allocation Stall (Worker-3) 65.478ms
[2025-12-18T08:25:03.355+0530][info][gc,phases   ] GC(159) Concurrent Select Relocation Set 3.089ms
[2025-12-18T08:25:03.356+0530][info][gc,phases   ] GC(159) Pause Relocate Start 0.011ms
[2025-12-18T08:25:03.370+0530][info][gc,phases   ] GC(159) Concurrent Relocate 1.791ms
[2025-12-18T08:25:03.370+0530][info][gc,load     ] GC(159) Load: 0.00/0.00/0.00
[2025-12-18T08:25:03.370+0530][info][gc,mmu      ] GC(159) MMU: 2ms/91.4%, 5ms/96.6%, 10ms/98.3%, 20ms/99.1%, 50ms/99.6%, 100ms/99.8%
[2025-12-18T08:25:03.370+0530][info][gc,marking  ] GC(159) Mark: 2 stripe(s), 2 proactive flush(es), 1 terminate flush(es), 0 completion(s), 0 continuation(s) 
[2025-12-18T08:25:03.370+0530][info][gc,marking  ] GC(159) Mark Stack Usage: 32M
[2025-12-18T08:25:03.370+0530][info][gc,nmethod  ] GC(159) NMethods: 650 registered, 1 unregistered
[2025-12-18T08:25:03.370+0530][info][gc,metaspace] GC(159) Metaspace: 3M used, 4M committed, 1088M reserved
[2025-12-18T08:25:03.370+0530][info][gc,ref      ] GC(159) Soft: 157 encountered, 87 discovered, 0 enqueued
[2025-12-18T08:25:03.370+0530][info][gc,ref      ] GC(159) Weak: 539 encountered, 406 discovered, 0 enqueued
[2025-12-18T08:25:03.370+0530][info][gc,ref      ] GC(159) Final: 0 encountered, 0 discovered, 0 enqueued
[2025-12-18T08:25:03.370+0530][info][gc,ref      ] GC(159) Phantom: 7 encountered, 3 discovered, 0 enqueued
[2025-12-18T08:25:03.370+0530][info][gc,reloc    ] GC(159) Small Pages: 206 / 412M, Empty: 106M, Relocated: 1M, In-Place: 0
[2025-12-18T08:25:03.370+0530][info][gc,reloc    ] GC(159) Medium Pages: 1 / 16M, Empty: 0M, Relocated: 0M, In-Place: 0
[2025-12-18T08:25:03.370+0530][info][gc,reloc    ] GC(159) Large Pages: 1 / 6M, Empty: 0M, Relocated: 0M, In-Place: 0
[2025-12-18T08:25:03.370+0530][info][gc,reloc    ] GC(159) Forwarding Usage: 0M
[2025-12-18T08:25:03.370+0530][info][gc,heap     ] GC(159) Min Capacity: 512M(100%)
[2025-12-18T08:25:03.370+0530][info][gc,heap     ] GC(159) Max Capacity: 512M(100%)
[2025-12-18T08:25:03.370+0530][info][gc,heap     ] GC(159) Soft Max Capacity: 512M(100%)
[2025-12-18T08:25:03.370+0530][info][gc,heap     ] GC(159)                Mark Start          Mark End        Relocate Start      Relocate End           High               Low         
[2025-12-18T08:25:03.370+0530][info][gc,heap     ] GC(159)  Capacity:      512M (100%)        512M (100%)        512M (100%)        512M (100%)        512M (100%)        512M (100%)   
[2025-12-18T08:25:03.370+0530][info][gc,heap     ] GC(159)      Free:       78M (15%)           0M (0%)           94M (18%)         138M (27%)         138M (27%)           0M (0%)     
[2025-12-18T08:25:03.370+0530][info][gc,heap     ] GC(159)      Used:      434M (85%)         512M (100%)        418M (82%)         374M (73%)         512M (100%)        374M (73%)    
[2025-12-18T08:25:03.370+0530][info][gc,heap     ] GC(159)      Live:         -               248M (48%)         248M (48%)         248M (48%)            -                  -          
[2025-12-18T08:25:03.370+0530][info][gc,heap     ] GC(159) Allocated:         -                78M (15%)          90M (18%)         105M (21%)            -                  -          
[2025-12-18T08:25:03.370+0530][info][gc,heap     ] GC(159)   Garbage:         -               185M (36%)          79M (16%)          20M (4%)             -                  -          
[2025-12-18T08:25:03.370+0530][info][gc,heap     ] GC(159) Reclaimed:         -                  -               106M (21%)         165M (32%)            -                  -          
[2025-12-18T08:25:03.370+0530][info][gc          ] GC(159) Garbage Collection (Allocation Stall) 434M(85%)->374M(73%)
[2025-12-18T08:25:03.417+0530][info][gc,start    ] GC(160) Garbage Collection (Allocation Stall)
[2025-12-18T08:25:03.417+0530][info][gc,ref      ] GC(160) Clearing All SoftReferences
[2025-12-18T08:25:03.417+0530][info][gc,task     ] GC(160) Using 2 workers
[2025-12-18T08:25:03.417+0530][info][gc,ref      ] GC(160) Clearing All SoftReferences
[2025-12-18T08:25:03.417+0530][info][gc,phases   ] GC(160) Pause Mark Start 0.047ms
[2025-12-18T08:25:03.552+0530][info][gc,phases   ] GC(160) Concurrent Mark 129.565ms
[2025-12-18T08:25:03.552+0530][info][gc,phases   ] GC(160) Pause Mark End 0.022ms
[2025-12-18T08:25:03.552+0530][info][gc,phases   ] GC(160) Concurrent Mark Free 0.001ms
[2025-12-18T08:25:03.553+0530][info][gc,phases   ] GC(160) Concurrent Process Non-Strong References 1.039ms
[2025-12-18T08:25:03.553+0530][info][gc,phases   ] GC(160) Concurrent Reset Relocation Set 0.005ms
[2025-12-18T08:25:03.556+0530][info][gc          ] Allocation Stall (Worker-2) 66.327ms
[2025-12-18T08:25:03.556+0530][info][gc          ] Allocation Stall (Worker-6) 66.660ms
[2025-12-18T08:25:03.556+0530][info][gc          ] Allocation Stall (Worker-5) 66.575ms
[2025-12-18T08:25:03.556+0530][info][gc          ] Allocation Stall (Worker-7) 75.579ms
[2025-12-18T08:25:03.556+0530][info][gc          ] Allocation Stall (Worker-0) 74.540ms
[2025-12-18T08:25:03.556+0530][info][gc          ] Allocation Stall (Worker-1) 66.801ms
[2025-12-18T08:25:03.556+0530][info][gc          ] Allocation Stall (Worker-4) 73.200ms
[2025-12-18T08:25:03.556+0530][info][gc          ] Allocation Stall (Worker-3) 71.629ms
[2025-12-18T08:25:03.556+0530][info][gc,phases   ] GC(160) Concurrent Select Relocation Set 3.081ms
[2025-12-18T08:25:03.558+0530][info][gc,phases   ] GC(160) Pause Relocate Start 0.013ms
[2025-12-18T08:25:03.575+0530][info][gc,phases   ] GC(160) Concurrent Relocate 2.662ms
[2025-12-18T08:25:03.575+0530][info][gc,load     ] GC(160) Load: 0.00/0.00/0.00
[2025-12-18T08:25:03.576+0530][info][gc,mmu      ] GC(160) MMU: 2ms/91.4%, 5ms/96.6%, 10ms/98.3%, 20ms/99.1%, 50ms/99.6%, 100ms/99.8%
[2025-12-18T08:25:03.576+0530][info][gc,marking  ] GC(160) Mark: 2 stripe(s), 2 proactive flush(es), 1 terminate flush(es), 0 completion(s), 0 continuation(s) 
[2025-12-18T08:25:03.576+0530][info][gc,marking  ] GC(160) Mark Stack Usage: 32M
[2025-12-18T08:25:03.576+0530][info][gc,nmethod  ] GC(160) NMethods: 650 registered, 1 unregistered
[2025-12-18T08:25:03.576+0530][info][gc,metaspace] GC(160) Metaspace: 3M used, 4M committed, 1088M reserved
[2025-12-18T08:25:03.576+0530][info][gc,ref      ] GC(160) Soft: 157 encountered, 88 discovered, 0 enqueued
[2025-12-18T08:25:03.576+0530][info][gc,ref      ] GC(160) Weak: 539 encountered, 408 discovered, 0 enqueued
[2025-12-18T08:25:03.576+0530][info][gc,ref      ] GC(160) Final: 0 encountered, 0 discovered, 0 enqueued
[2025-12-18T08:25:03.576+0530][info][gc,ref      ] GC(160) Phantom: 7 encountered, 3 discovered, 0 enqueued
[2025-12-18T08:25:03.576+0530][info][gc,reloc    ] GC(160) Small Pages: 209 / 418M, Empty: 124M, Relocated: 1M, In-Place: 0
[2025-12-18T08:25:03.576+0530][info][gc,reloc    ] GC(160) Medium Pages: 1 / 16M, Empty: 0M, Relocated: 0M, In-Place: 0
[2025-12-18T08:25:03.576+0530][info][gc,reloc    ] GC(160) Large Pages: 1 / 6M, Empty: 0M, Relocated: 0M, In-Place: 0
[2025-12-18T08:25:03.576+0530][info][gc,reloc    ] GC(160) Forwarding Usage: 0M
[2025-12-18T08:25:03.576+0530][info][gc,heap     ] GC(160) Min Capacity: 512M(100%)
[2025-12-18T08:25:03.576+0530][info][gc,heap     ] GC(160) Max Capacity: 512M(100%)
[2025-12-18T08:25:03.576+0530][info][gc,heap     ] GC(160) Soft Max Capacity: 512M(100%)
[2025-12-18T08:25:03.576+0530][info][gc,heap     ] GC(160)                Mark Start          Mark End        Relocate Start      Relocate End           High               Low         
[2025-12-18T08:25:03.576+0530][info][gc,heap     ] GC(160)  Capacity:      512M (100%)        512M (100%)        512M (100%)        512M (100%)        512M (100%)        512M (100%)   
[2025-12-18T08:25:03.576+0530][info][gc,heap     ] GC(160)      Free:       72M (14%)           0M (0%)          110M (21%)         142M (28%)         142M (28%)           0M (0%)     
[2025-12-18T08:25:03.576+0530][info][gc,heap     ] GC(160)      Used:      440M (86%)         512M (100%)        402M (79%)         370M (72%)         512M (100%)        370M (72%)    
[2025-12-18T08:25:03.576+0530][info][gc,heap     ] GC(160)      Live:         -               248M (48%)         248M (48%)         248M (48%)            -                  -          
[2025-12-18T08:25:03.576+0530][info][gc,heap     ] GC(160) Allocated:         -                72M (14%)          86M (17%)         101M (20%)            -                  -          
[2025-12-18T08:25:03.576+0530][info][gc,heap     ] GC(160)   Garbage:         -               191M (37%)          67M (13%)          20M (4%)             -                  -          
[2025-12-18T08:25:03.576+0530][info][gc,heap     ] GC(160) Reclaimed:         -                  -               124M (24%)         171M (34%)            -                  -          
[2025-12-18T08:25:03.576+0530][info][gc          ] GC(160) Garbage Collection (Allocation Stall) 440M(86%)->370M(72%)
[2025-12-18T08:25:03.617+0530][info][gc,start    ] GC(161) Garbage Collection (Allocation Stall)
[2025-12-18T08:25:03.617+0530][info][gc,ref      ] GC(161) Clearing All SoftReferences
[2025-12-18T08:25:03.617+0530][info][gc,task     ] GC(161) Using 2 workers
[2025-12-18T08:25:03.617+0530][info][gc,ref      ] GC(161) Clearing All SoftReferences
[2025-12-18T08:25:03.617+0530][info][gc,phases   ] GC(161) Pause Mark Start 0.045ms
[2025-12-18T08:25:03.755+0530][info][gc,phases   ] GC(161) Concurrent Mark 136.313ms
[2025-12-18T08:25:03.755+0530][info][gc,phases   ] GC(161) Pause Mark End 0.093ms
[2025-12-18T08:25:03.755+0530][info][gc,phases   ] GC(161) Concurrent Mark Free 0.001ms
[2025-12-18T08:25:03.756+0530][info][gc,phases   ] GC(161) Concurrent Process Non-Strong References 1.063ms
[2025-12-18T08:25:03.756+0530][info][gc,phases   ] GC(161) Concurrent Reset Relocation Set 0.004ms
[2025-12-18T08:25:03.759+0530][info][gc          ] Allocation Stall (Worker-1) 52.364ms
[2025-12-18T08:25:03.759+0530][info][gc          ] Allocation Stall (Worker-4) 50.750ms
[2025-12-18T08:25:03.759+0530][info][gc          ] Allocation Stall (Worker-0) 48.974ms
[2025-12-18T08:25:03.759+0530][info][gc          ] Allocation Stall (Worker-2) 57.243ms
[2025-12-18T08:25:03.759+0530][info][gc          ] Allocation Stall (Worker-5) 56.005ms
[2025-12-18T08:25:03.759+0530][info][gc          ] Allocation Stall (Worker-3) 55.804ms
[2025-12-18T08:25:03.759+0530][info][gc          ] Allocation Stall (Worker-7) 54.178ms
[2025-12-18T08:25:03.759+0530][info][gc          ] Allocation Stall (Worker-6) 54.186ms
[2025-12-18T08:25:03.759+0530][info][gc,phases   ] GC(161) Concurrent Select Relocation Set 3.024ms
[2025-12-18T08:25:03.760+0530][info][gc,phases   ] GC(161) Pause Relocate Start 0.009ms
[2025-12-18T08:25:03.764+0530][info][gc,phases   ] GC(161) Concurrent Relocate 1.564ms
[2025-12-18T08:25:03.764+0530][info][gc,load     ] GC(161) Load: 0.00/0.00/0.00
[2025-12-18T08:25:03.764+0530][info][gc,mmu      ] GC(161) MMU: 2ms/91.4%, 5ms/96.6%, 10ms/98.3%, 20ms/99.1%, 50ms/99.6%, 100ms/99.8%
[2025-12-18T08:25:03.764+0530][info][gc,marking  ] GC(161) Mark: 2 stripe(s), 2 proactive flush(es), 1 terminate flush(es), 1 completion(s), 0 continuation(s) 
[2025-12-18T08:25:03.764+0530][info][gc,marking  ] GC(161) Mark Stack Usage: 32M
[2025-12-18T08:25:03.764+0530][info][gc,nmethod  ] GC(161) NMethods: 650 registered, 1 unregistered
[2025-12-18T08:25:03.764+0530][info][gc,metaspace] GC(161) Metaspace: 3M used, 4M committed, 1088M reserved
[2025-12-18T08:25:03.764+0530][info][gc,ref      ] GC(161) Soft: 157 encountered, 87 discovered, 0 enqueued
[2025-12-18T08:25:03.764+0530][info][gc,ref      ] GC(161) Weak: 539 encountered, 379 discovered, 0 enqueued
[2025-12-18T08:25:03.764+0530][info][gc,ref      ] GC(161) Final: 0 encountered, 0 discovered, 0 enqueued
[2025-12-18T08:25:03.764+0530][info][gc,ref      ] GC(161) Phantom: 7 encountered, 3 discovered, 0 enqueued
[2025-12-18T08:25:03.765+0530][info][gc,reloc    ] GC(161) Small Pages: 203 / 406M, Empty: 112M, Relocated: 1M, In-Place: 0
[2025-12-18T08:25:03.765+0530][info][gc,reloc    ] GC(161) Medium Pages: 1 / 16M, Empty: 0M, Relocated: 0M, In-Place: 0
[2025-12-18T08:25:03.765+0530][info][gc,reloc    ] GC(161) Large Pages: 1 / 6M, Empty: 0M, Relocated: 0M, In-Place: 0
[2025-12-18T08:25:03.765+0530][info][gc,reloc    ] GC(161) Forwarding Usage: 0M
[2025-12-18T08:25:03.765+0530][info][gc,heap     ] GC(161) Min Capacity: 512M(100%)
[2025-12-18T08:25:03.765+0530][info][gc,heap     ] GC(161) Max Capacity: 512M(100%)
[2025-12-18T08:25:03.765+0530][info][gc,heap     ] GC(161) Soft Max Capacity: 512M(100%)
[2025-12-18T08:25:03.765+0530][info][gc,heap     ] GC(161)                Mark Start          Mark End        Relocate Start      Relocate End           High               Low         
[2025-12-18T08:25:03.765+0530][info][gc,heap     ] GC(161)  Capacity:      512M (100%)        512M (100%)        512M (100%)        512M (100%)        512M (100%)        512M (100%)   
[2025-12-18T08:25:03.765+0530][info][gc,heap     ] GC(161)      Free:       84M (16%)           0M (0%)           98M (19%)         144M (28%)         144M (28%)           0M (0%)     
[2025-12-18T08:25:03.765+0530][info][gc,heap     ] GC(161)      Used:      428M (84%)         512M (100%)        414M (81%)         368M (72%)         512M (100%)        368M (72%)    
[2025-12-18T08:25:03.765+0530][info][gc,heap     ] GC(161)      Live:         -               248M (48%)         248M (48%)         248M (48%)            -                  -          
[2025-12-18T08:25:03.765+0530][info][gc,heap     ] GC(161) Allocated:         -                84M (16%)          98M (19%)          99M (20%)            -                  -          
[2025-12-18T08:25:03.765+0530][info][gc,heap     ] GC(161)   Garbage:         -               179M (35%)          67M (13%)          19M (4%)             -                  -          
[2025-12-18T08:25:03.765+0530][info][gc,heap     ] GC(161) Reclaimed:         -                  -               112M (22%)         159M (31%)            -                  -          
[2025-12-18T08:25:03.765+0530][info][gc          ] GC(161) Garbage Collection (Allocation Stall) 428M(84%)->368M(72%)
[2025-12-18T08:25:03.817+0530][info][gc,start    ] GC(162) Garbage Collection (Allocation Stall)
[2025-12-18T08:25:03.817+0530][info][gc,ref      ] GC(162) Clearing All SoftReferences
[2025-12-18T08:25:03.817+0530][info][gc,task     ] GC(162) Using 2 workers
[2025-12-18T08:25:03.817+0530][info][gc,ref      ] GC(162) Clearing All SoftReferences
[2025-12-18T08:25:03.817+0530][info][gc,phases   ] GC(162) Pause Mark Start 0.060ms
[2025-12-18T08:25:03.946+0530][info][gc,phases   ] GC(162) Concurrent Mark 121.762ms
[2025-12-18T08:25:03.946+0530][info][gc,phases   ] GC(162) Pause Mark End 0.095ms
[2025-12-18T08:25:03.946+0530][info][gc,phases   ] GC(162) Concurrent Mark Free 0.001ms
[2025-12-18T08:25:03.947+0530][info][gc,phases   ] GC(162) Concurrent Process Non-Strong References 1.057ms
[2025-12-18T08:25:03.947+0530][info][gc,phases   ] GC(162) Concurrent Reset Relocation Set 0.004ms
[2025-12-18T08:25:03.947+0530][info][gc          ] Allocation Stall (Worker-0) 69.458ms
[2025-12-18T08:25:03.947+0530][info][gc          ] Allocation Stall (Worker-7) 69.376ms
[2025-12-18T08:25:03.947+0530][info][gc          ] Allocation Stall (Worker-4) 68.939ms
[2025-12-18T08:25:03.947+0530][info][gc          ] Allocation Stall (Worker-3) 69.301ms
[2025-12-18T08:25:03.947+0530][info][gc          ] Allocation Stall (Worker-6) 70.982ms
[2025-12-18T08:25:03.947+0530][info][gc          ] Allocation Stall (Worker-5) 70.786ms
[2025-12-18T08:25:03.947+0530][info][gc          ] Allocation Stall (Worker-2) 70.104ms
[2025-12-18T08:25:03.947+0530][info][gc          ] Allocation Stall (Worker-1) 69.741ms
[2025-12-18T08:25:03.951+0530][info][gc,phases   ] GC(162) Concurrent Select Relocation Set 3.657ms
[2025-12-18T08:25:03.951+0530][info][gc,phases   ] GC(162) Pause Relocate Start 0.011ms
[2025-12-18T08:25:03.954+0530][info][gc,phases   ] GC(162) Concurrent Relocate 1.498ms
[2025-12-18T08:25:03.954+0530][info][gc,load     ] GC(162) Load: 0.00/0.00/0.00
[2025-12-18T08:25:03.954+0530][info][gc,mmu      ] GC(162) MMU: 2ms/91.4%, 5ms/96.6%, 10ms/98.3%, 20ms/99.1%, 50ms/99.6%, 100ms/99.8%
[2025-12-18T08:25:03.954+0530][info][gc,marking  ] GC(162) Mark: 2 stripe(s), 2 proactive flush(es), 1 terminate flush(es), 1 completion(s), 0 continuation(s) 
[2025-12-18T08:25:03.954+0530][info][gc,marking  ] GC(162) Mark Stack Usage: 32M
[2025-12-18T08:25:03.954+0530][info][gc,nmethod  ] GC(162) NMethods: 650 registered, 1 unregistered
[2025-12-18T08:25:03.954+0530][info][gc,metaspace] GC(162) Metaspace: 3M used, 4M committed, 1088M reserved
[2025-12-18T08:25:03.954+0530][info][gc,ref      ] GC(162) Soft: 157 encountered, 79 discovered, 0 enqueued
[2025-12-18T08:25:03.954+0530][info][gc,ref      ] GC(162) Weak: 539 encountered, 419 discovered, 0 enqueued
[2025-12-18T08:25:03.954+0530][info][gc,ref      ] GC(162) Final: 0 encountered, 0 discovered, 0 enqueued
[2025-12-18T08:25:03.954+0530][info][gc,ref      ] GC(162) Phantom: 7 encountered, 5 discovered, 0 enqueued
[2025-12-18T08:25:03.954+0530][info][gc,reloc    ] GC(162) Small Pages: 213 / 426M, Empty: 148M, Relocated: 1M, In-Place: 0
[2025-12-18T08:25:03.954+0530][info][gc,reloc    ] GC(162) Medium Pages: 1 / 16M, Empty: 0M, Relocated: 0M, In-Place: 0
[2025-12-18T08:25:03.954+0530][info][gc,reloc    ] GC(162) Large Pages: 1 / 6M, Empty: 0M, Relocated: 0M, In-Place: 0
[2025-12-18T08:25:03.954+0530][info][gc,reloc    ] GC(162) Forwarding Usage: 0M
[2025-12-18T08:25:03.954+0530][info][gc,heap     ] GC(162) Min Capacity: 512M(100%)
[2025-12-18T08:25:03.955+0530][info][gc,heap     ] GC(162) Max Capacity: 512M(100%)
[2025-12-18T08:25:03.955+0530][info][gc,heap     ] GC(162) Soft Max Capacity: 512M(100%)
[2025-12-18T08:25:03.955+0530][info][gc,heap     ] GC(162)                Mark Start          Mark End        Relocate Start      Relocate End           High               Low         
[2025-12-18T08:25:03.955+0530][info][gc,heap     ] GC(162)  Capacity:      512M (100%)        512M (100%)        512M (100%)        512M (100%)        512M (100%)        512M (100%)   
[2025-12-18T08:25:03.955+0530][info][gc,heap     ] GC(162)      Free:       64M (12%)           0M (0%)          136M (27%)         168M (33%)         168M (33%)           0M (0%)     
[2025-12-18T08:25:03.955+0530][info][gc,heap     ] GC(162)      Used:      448M (88%)         512M (100%)        376M (73%)         344M (67%)         512M (100%)        344M (67%)    
[2025-12-18T08:25:03.955+0530][info][gc,heap     ] GC(162)      Live:         -               248M (48%)         248M (48%)         248M (48%)            -                  -          
[2025-12-18T08:25:03.955+0530][info][gc,heap     ] GC(162) Allocated:         -                64M (12%)          76M (15%)          75M (15%)            -                  -          
[2025-12-18T08:25:03.955+0530][info][gc,heap     ] GC(162)   Garbage:         -               199M (39%)          51M (10%)          19M (4%)             -                  -          
[2025-12-18T08:25:03.955+0530][info][gc,heap     ] GC(162) Reclaimed:         -                  -               148M (29%)         179M (35%)            -                  -          
[2025-12-18T08:25:03.955+0530][info][gc          ] GC(162) Garbage Collection (Allocation Stall) 448M(88%)->344M(67%)
[2025-12-18T08:25:04.016+0530][info][gc,start    ] GC(163) Garbage Collection (Allocation Stall)
[2025-12-18T08:25:04.016+0530][info][gc,ref      ] GC(163) Clearing All SoftReferences
[2025-12-18T08:25:04.016+0530][info][gc,task     ] GC(163) Using 2 workers
[2025-12-18T08:25:04.016+0530][info][gc,ref      ] GC(163) Clearing All SoftReferences
[2025-12-18T08:25:04.016+0530][info][gc,phases   ] GC(163) Pause Mark Start 0.050ms
[2025-12-18T08:25:04.152+0530][info][gc,phases   ] GC(163) Concurrent Mark 126.666ms
[2025-12-18T08:25:04.152+0530][info][gc,phases   ] GC(163) Pause Mark End 0.102ms
[2025-12-18T08:25:04.152+0530][info][gc,phases   ] GC(163) Concurrent Mark Free 0.001ms
[2025-12-18T08:25:04.153+0530][info][gc,phases   ] GC(163) Concurrent Process Non-Strong References 1.180ms
[2025-12-18T08:25:04.153+0530][info][gc,phases   ] GC(163) Concurrent Reset Relocation Set 0.003ms
[2025-12-18T08:25:04.153+0530][info][gc          ] Allocation Stall (Worker-5) 64.981ms
[2025-12-18T08:25:04.153+0530][info][gc          ] Allocation Stall (Worker-7) 61.815ms
[2025-12-18T08:25:04.153+0530][info][gc          ] Allocation Stall (JFR Periodic Tasks) 53.382ms
[2025-12-18T08:25:04.153+0530][info][gc          ] Allocation Stall (Worker-0) 72.687ms
[2025-12-18T08:25:04.153+0530][info][gc          ] Allocation Stall (Worker-2) 72.030ms
[2025-12-18T08:25:04.153+0530][info][gc          ] Allocation Stall (Worker-3) 69.983ms
[2025-12-18T08:25:04.153+0530][info][gc          ] Allocation Stall (Worker-6) 65.965ms
[2025-12-18T08:25:04.154+0530][info][gc          ] Allocation Stall (Worker-1) 67.798ms
[2025-12-18T08:25:04.154+0530][info][gc          ] Allocation Stall (Worker-4) 65.421ms
[2025-12-18T08:25:04.157+0530][info][gc,phases   ] GC(163) Concurrent Select Relocation Set 3.790ms
[2025-12-18T08:25:04.157+0530][info][gc,phases   ] GC(163) Pause Relocate Start 0.012ms
[2025-12-18T08:25:04.182+0530][info][gc,phases   ] GC(163) Concurrent Relocate 1.753ms
[2025-12-18T08:25:04.182+0530][info][gc,load     ] GC(163) Load: 0.00/0.00/0.00
[2025-12-18T08:25:04.182+0530][info][gc,mmu      ] GC(163) MMU: 2ms/91.4%, 5ms/96.6%, 10ms/98.3%, 20ms/99.1%, 50ms/99.6%, 100ms/99.8%
[2025-12-18T08:25:04.182+0530][info][gc,marking  ] GC(163) Mark: 2 stripe(s), 2 proactive flush(es), 1 terminate flush(es), 1 completion(s), 0 continuation(s) 
[2025-12-18T08:25:04.182+0530][info][gc,marking  ] GC(163) Mark Stack Usage: 32M
[2025-12-18T08:25:04.182+0530][info][gc,nmethod  ] GC(163) NMethods: 650 registered, 1 unregistered
[2025-12-18T08:25:04.182+0530][info][gc,metaspace] GC(163) Metaspace: 3M used, 4M committed, 1088M reserved
[2025-12-18T08:25:04.182+0530][info][gc,ref      ] GC(163) Soft: 157 encountered, 82 discovered, 0 enqueued
[2025-12-18T08:25:04.182+0530][info][gc,ref      ] GC(163) Weak: 539 encountered, 417 discovered, 0 enqueued
[2025-12-18T08:25:04.182+0530][info][gc,ref      ] GC(163) Final: 0 encountered, 0 discovered, 0 enqueued
[2025-12-18T08:25:04.182+0530][info][gc,ref      ] GC(163) Phantom: 7 encountered, 2 discovered, 0 enqueued
[2025-12-18T08:25:04.182+0530][info][gc,reloc    ] GC(163) Small Pages: 209 / 418M, Empty: 140M, Relocated: 1M, In-Place: 0
[2025-12-18T08:25:04.182+0530][info][gc,reloc    ] GC(163) Medium Pages: 1 / 16M, Empty: 0M, Relocated: 0M, In-Place: 0
[2025-12-18T08:25:04.182+0530][info][gc,reloc    ] GC(163) Large Pages: 1 / 6M, Empty: 0M, Relocated: 0M, In-Place: 0
[2025-12-18T08:25:04.182+0530][info][gc,reloc    ] GC(163) Forwarding Usage: 0M
[2025-12-18T08:25:04.182+0530][info][gc,heap     ] GC(163) Min Capacity: 512M(100%)
[2025-12-18T08:25:04.182+0530][info][gc,heap     ] GC(163) Max Capacity: 512M(100%)
[2025-12-18T08:25:04.182+0530][info][gc,heap     ] GC(163) Soft Max Capacity: 512M(100%)
[2025-12-18T08:25:04.182+0530][info][gc,heap     ] GC(163)                Mark Start          Mark End        Relocate Start      Relocate End           High               Low         
[2025-12-18T08:25:04.182+0530][info][gc,heap     ] GC(163)  Capacity:      512M (100%)        512M (100%)        512M (100%)        512M (100%)        512M (100%)        512M (100%)   
[2025-12-18T08:25:04.183+0530][info][gc,heap     ] GC(163)      Free:       72M (14%)           0M (0%)          126M (25%)         130M (25%)         130M (25%)           0M (0%)     
[2025-12-18T08:25:04.183+0530][info][gc,heap     ] GC(163)      Used:      440M (86%)         512M (100%)        386M (75%)         382M (75%)         512M (100%)        382M (75%)    
[2025-12-18T08:25:04.183+0530][info][gc,heap     ] GC(163)      Live:         -               248M (48%)         248M (48%)         248M (48%)            -                  -          
[2025-12-18T08:25:04.183+0530][info][gc,heap     ] GC(163) Allocated:         -                72M (14%)          86M (17%)         113M (22%)            -                  -          
[2025-12-18T08:25:04.183+0530][info][gc,heap     ] GC(163)   Garbage:         -               191M (37%)          51M (10%)          20M (4%)             -                  -          
[2025-12-18T08:25:04.183+0530][info][gc,heap     ] GC(163) Reclaimed:         -                  -               140M (27%)         171M (34%)            -                  -          
[2025-12-18T08:25:04.183+0530][info][gc          ] GC(163) Garbage Collection (Allocation Stall) 440M(86%)->382M(75%)
[2025-12-18T08:25:04.218+0530][info][gc,start    ] GC(164) Garbage Collection (Allocation Stall)
[2025-12-18T08:25:04.218+0530][info][gc,ref      ] GC(164) Clearing All SoftReferences
[2025-12-18T08:25:04.218+0530][info][gc,task     ] GC(164) Using 2 workers
[2025-12-18T08:25:04.218+0530][info][gc,ref      ] GC(164) Clearing All SoftReferences
[2025-12-18T08:25:04.218+0530][info][gc,phases   ] GC(164) Pause Mark Start 0.082ms
[2025-12-18T08:25:04.349+0530][info][gc,phases   ] GC(164) Concurrent Mark 128.734ms
[2025-12-18T08:25:04.349+0530][info][gc,phases   ] GC(164) Pause Mark End 0.023ms
[2025-12-18T08:25:04.349+0530][info][gc,phases   ] GC(164) Concurrent Mark Free 0.001ms
[2025-12-18T08:25:04.350+0530][info][gc,phases   ] GC(164) Concurrent Process Non-Strong References 1.067ms
[2025-12-18T08:25:04.350+0530][info][gc,phases   ] GC(164) Concurrent Reset Relocation Set 0.003ms
[2025-12-18T08:25:04.353+0530][info][gc          ] Allocation Stall (Worker-1) 55.592ms
[2025-12-18T08:25:04.353+0530][info][gc          ] Allocation Stall (Worker-2) 55.604ms
[2025-12-18T08:25:04.353+0530][info][gc          ] Allocation Stall (Worker-6) 55.182ms
[2025-12-18T08:25:04.353+0530][info][gc          ] Allocation Stall (Worker-5) 63.228ms
[2025-12-18T08:25:04.353+0530][info][gc          ] Allocation Stall (Worker-3) 62.836ms
[2025-12-18T08:25:04.353+0530][info][gc          ] Allocation Stall (Worker-4) 61.684ms
[2025-12-18T08:25:04.353+0530][info][gc          ] Allocation Stall (Worker-7) 61.619ms
[2025-12-18T08:25:04.353+0530][info][gc          ] Allocation Stall (Worker-0) 60.085ms
[2025-12-18T08:25:04.353+0530][info][gc,phases   ] GC(164) Concurrent Select Relocation Set 3.041ms
[2025-12-18T08:25:04.355+0530][info][gc,phases   ] GC(164) Pause Relocate Start 0.010ms
[2025-12-18T08:25:04.359+0530][info][gc,phases   ] GC(164) Concurrent Relocate 1.722ms
[2025-12-18T08:25:04.359+0530][info][gc,load     ] GC(164) Load: 0.00/0.00/0.00
[2025-12-18T08:25:04.359+0530][info][gc,mmu      ] GC(164) MMU: 2ms/91.4%, 5ms/96.6%, 10ms/98.3%, 20ms/99.1%, 50ms/99.6%, 100ms/99.8%
[2025-12-18T08:25:04.359+0530][info][gc,marking  ] GC(164) Mark: 2 stripe(s), 2 proactive flush(es), 1 terminate flush(es), 0 completion(s), 0 continuation(s) 
[2025-12-18T08:25:04.360+0530][info][gc,marking  ] GC(164) Mark Stack Usage: 32M
[2025-12-18T08:25:04.360+0530][info][gc,nmethod  ] GC(164) NMethods: 650 registered, 1 unregistered
[2025-12-18T08:25:04.360+0530][info][gc,metaspace] GC(164) Metaspace: 3M used, 4M committed, 1088M reserved
[2025-12-18T08:25:04.360+0530][info][gc,ref      ] GC(164) Soft: 157 encountered, 75 discovered, 0 enqueued
[2025-12-18T08:25:04.360+0530][info][gc,ref      ] GC(164) Weak: 539 encountered, 383 discovered, 0 enqueued
[2025-12-18T08:25:04.360+0530][info][gc,ref      ] GC(164) Final: 0 encountered, 0 discovered, 0 enqueued
[2025-12-18T08:25:04.360+0530][info][gc,ref      ] GC(164) Phantom: 7 encountered, 3 discovered, 0 enqueued
[2025-12-18T08:25:04.360+0530][info][gc,reloc    ] GC(164) Small Pages: 205 / 410M, Empty: 106M, Relocated: 1M, In-Place: 0
[2025-12-18T08:25:04.360+0530][info][gc,reloc    ] GC(164) Medium Pages: 1 / 16M, Empty: 0M, Relocated: 0M, In-Place: 0
[2025-12-18T08:25:04.360+0530][info][gc,reloc    ] GC(164) Large Pages: 1 / 6M, Empty: 0M, Relocated: 0M, In-Place: 0
[2025-12-18T08:25:04.360+0530][info][gc,reloc    ] GC(164) Forwarding Usage: 0M
[2025-12-18T08:25:04.360+0530][info][gc,heap     ] GC(164) Min Capacity: 512M(100%)
[2025-12-18T08:25:04.360+0530][info][gc,heap     ] GC(164) Max Capacity: 512M(100%)
[2025-12-18T08:25:04.360+0530][info][gc,heap     ] GC(164) Soft Max Capacity: 512M(100%)
[2025-12-18T08:25:04.360+0530][info][gc,heap     ] GC(164)                Mark Start          Mark End        Relocate Start      Relocate End           High               Low         
[2025-12-18T08:25:04.360+0530][info][gc,heap     ] GC(164)  Capacity:      512M (100%)        512M (100%)        512M (100%)        512M (100%)        512M (100%)        512M (100%)   
[2025-12-18T08:25:04.360+0530][info][gc,heap     ] GC(164)      Free:       80M (16%)           0M (0%)           90M (18%)         148M (29%)         148M (29%)           0M (0%)     
[2025-12-18T08:25:04.360+0530][info][gc,heap     ] GC(164)      Used:      432M (84%)         512M (100%)        422M (82%)         364M (71%)         512M (100%)        364M (71%)    
[2025-12-18T08:25:04.360+0530][info][gc,heap     ] GC(164)      Live:         -               248M (48%)         248M (48%)         248M (48%)            -                  -          
[2025-12-18T08:25:04.360+0530][info][gc,heap     ] GC(164) Allocated:         -                80M (16%)          96M (19%)          95M (19%)            -                  -          
[2025-12-18T08:25:04.360+0530][info][gc,heap     ] GC(164)   Garbage:         -               183M (36%)          77M (15%)          19M (4%)             -                  -          
[2025-12-18T08:25:04.360+0530][info][gc,heap     ] GC(164) Reclaimed:         -                  -               106M (21%)         163M (32%)            -                  -          
[2025-12-18T08:25:04.360+0530][info][gc          ] GC(164) Garbage Collection (Allocation Stall) 432M(84%)->364M(71%)
[2025-12-18T08:25:04.417+0530][info][gc,start    ] GC(165) Garbage Collection (Allocation Stall)
[2025-12-18T08:25:04.417+0530][info][gc,ref      ] GC(165) Clearing All SoftReferences
[2025-12-18T08:25:04.417+0530][info][gc,task     ] GC(165) Using 2 workers
[2025-12-18T08:25:04.417+0530][info][gc,ref      ] GC(165) Clearing All SoftReferences
[2025-12-18T08:25:04.417+0530][info][gc,phases   ] GC(165) Pause Mark Start 0.086ms
[2025-12-18T08:25:04.550+0530][info][gc,phases   ] GC(165) Concurrent Mark 130.159ms
[2025-12-18T08:25:04.550+0530][info][gc,phases   ] GC(165) Pause Mark End 0.129ms
[2025-12-18T08:25:04.550+0530][info][gc,phases   ] GC(165) Concurrent Mark Free 0.001ms
[2025-12-18T08:25:04.551+0530][info][gc,phases   ] GC(165) Concurrent Process Non-Strong References 1.043ms
[2025-12-18T08:25:04.551+0530][info][gc,phases   ] GC(165) Concurrent Reset Relocation Set 0.005ms
[2025-12-18T08:25:04.551+0530][info][gc          ] Allocation Stall (Worker-7) 67.764ms
[2025-12-18T08:25:04.551+0530][info][gc          ] Allocation Stall (Worker-5) 65.449ms
[2025-12-18T08:25:04.551+0530][info][gc          ] Allocation Stall (Worker-6) 64.743ms
[2025-12-18T08:25:04.551+0530][info][gc          ] Allocation Stall (Worker-2) 73.830ms
[2025-12-18T08:25:04.551+0530][info][gc          ] Allocation Stall (Worker-1) 74.169ms
[2025-12-18T08:25:04.551+0530][info][gc          ] Allocation Stall (Worker-0) 71.690ms
[2025-12-18T08:25:04.551+0530][info][gc          ] Allocation Stall (Worker-3) 71.011ms
[2025-12-18T08:25:04.551+0530][info][gc          ] Allocation Stall (Worker-4) 68.298ms
[2025-12-18T08:25:04.555+0530][info][gc,phases   ] GC(165) Concurrent Select Relocation Set 3.644ms
[2025-12-18T08:25:04.555+0530][info][gc,phases   ] GC(165) Pause Relocate Start 0.010ms
[2025-12-18T08:25:04.560+0530][info][gc,phases   ] GC(165) Concurrent Relocate 1.702ms
[2025-12-18T08:25:04.560+0530][info][gc,load     ] GC(165) Load: 0.00/0.00/0.00
[2025-12-18T08:25:04.560+0530][info][gc,mmu      ] GC(165) MMU: 2ms/91.4%, 5ms/96.6%, 10ms/98.3%, 20ms/99.1%, 50ms/99.6%, 100ms/99.8%
[2025-12-18T08:25:04.560+0530][info][gc,marking  ] GC(165) Mark: 2 stripe(s), 2 proactive flush(es), 1 terminate flush(es), 1 completion(s), 0 continuation(s) 
[2025-12-18T08:25:04.560+0530][info][gc,marking  ] GC(165) Mark Stack Usage: 32M
[2025-12-18T08:25:04.560+0530][info][gc,nmethod  ] GC(165) NMethods: 659 registered, 1 unregistered
[2025-12-18T08:25:04.560+0530][info][gc,metaspace] GC(165) Metaspace: 3M used, 4M committed, 1088M reserved
[2025-12-18T08:25:04.561+0530][info][gc,ref      ] GC(165) Soft: 157 encountered, 82 discovered, 0 enqueued
[2025-12-18T08:25:04.561+0530][info][gc,ref      ] GC(165) Weak: 539 encountered, 416 discovered, 0 enqueued
[2025-12-18T08:25:04.561+0530][info][gc,ref      ] GC(165) Final: 0 encountered, 0 discovered, 0 enqueued
[2025-12-18T08:25:04.561+0530][info][gc,ref      ] GC(165) Phantom: 7 encountered, 2 discovered, 0 enqueued
[2025-12-18T08:25:04.561+0530][info][gc,reloc    ] GC(165) Small Pages: 211 / 422M, Empty: 146M, Relocated: 1M, In-Place: 0
[2025-12-18T08:25:04.561+0530][info][gc,reloc    ] GC(165) Medium Pages: 1 / 16M, Empty: 0M, Relocated: 0M, In-Place: 0
[2025-12-18T08:25:04.561+0530][info][gc,reloc    ] GC(165) Large Pages: 1 / 6M, Empty: 0M, Relocated: 0M, In-Place: 0
[2025-12-18T08:25:04.561+0530][info][gc,reloc    ] GC(165) Forwarding Usage: 0M
[2025-12-18T08:25:04.561+0530][info][gc,heap     ] GC(165) Min Capacity: 512M(100%)
[2025-12-18T08:25:04.561+0530][info][gc,heap     ] GC(165) Max Capacity: 512M(100%)
[2025-12-18T08:25:04.561+0530][info][gc,heap     ] GC(165) Soft Max Capacity: 512M(100%)
[2025-12-18T08:25:04.561+0530][info][gc,heap     ] GC(165)                Mark Start          Mark End        Relocate Start      Relocate End           High               Low         
[2025-12-18T08:25:04.561+0530][info][gc,heap     ] GC(165)  Capacity:      512M (100%)        512M (100%)        512M (100%)        512M (100%)        512M (100%)        512M (100%)   
[2025-12-18T08:25:04.561+0530][info][gc,heap     ] GC(165)      Free:       68M (13%)           0M (0%)          132M (26%)         162M (32%)         162M (32%)           0M (0%)     
[2025-12-18T08:25:04.561+0530][info][gc,heap     ] GC(165)      Used:      444M (87%)         512M (100%)        380M (74%)         350M (68%)         512M (100%)        350M (68%)    
[2025-12-18T08:25:04.561+0530][info][gc,heap     ] GC(165)      Live:         -               248M (48%)         248M (48%)         248M (48%)            -                  -          
[2025-12-18T08:25:04.561+0530][info][gc,heap     ] GC(165) Allocated:         -                68M (13%)          82M (16%)          81M (16%)            -                  -          
[2025-12-18T08:25:04.561+0530][info][gc,heap     ] GC(165)   Garbage:         -               195M (38%)          49M (10%)          19M (4%)             -                  -          
[2025-12-18T08:25:04.561+0530][info][gc,heap     ] GC(165) Reclaimed:         -                  -               146M (29%)         175M (34%)            -                  -          
[2025-12-18T08:25:04.561+0530][info][gc          ] GC(165) Garbage Collection (Allocation Stall) 444M(87%)->350M(68%)
[2025-12-18T08:25:04.617+0530][info][gc,start    ] GC(166) Garbage Collection (Allocation Stall)
[2025-12-18T08:25:04.617+0530][info][gc,ref      ] GC(166) Clearing All SoftReferences
[2025-12-18T08:25:04.617+0530][info][gc,task     ] GC(166) Using 2 workers
[2025-12-18T08:25:04.617+0530][info][gc,ref      ] GC(166) Clearing All SoftReferences
[2025-12-18T08:25:04.617+0530][info][gc,phases   ] GC(166) Pause Mark Start 0.048ms
[2025-12-18T08:25:04.759+0530][info][gc,phases   ] GC(166) Concurrent Mark 139.857ms
[2025-12-18T08:25:04.759+0530][info][gc,phases   ] GC(166) Pause Mark End 0.100ms
[2025-12-18T08:25:04.759+0530][info][gc,phases   ] GC(166) Concurrent Mark Free 0.001ms
[2025-12-18T08:25:04.760+0530][info][gc,phases   ] GC(166) Concurrent Process Non-Strong References 1.087ms
[2025-12-18T08:25:04.760+0530][info][gc,phases   ] GC(166) Concurrent Reset Relocation Set 0.002ms
[2025-12-18T08:25:04.760+0530][info][gc          ] Allocation Stall (Worker-3) 63.188ms
[2025-12-18T08:25:04.760+0530][info][gc          ] Allocation Stall (Worker-2) 62.156ms
[2025-12-18T08:25:04.760+0530][info][gc          ] Allocation Stall (Worker-5) 61.404ms
[2025-12-18T08:25:04.760+0530][info][gc          ] Allocation Stall (Worker-7) 71.120ms
[2025-12-18T08:25:04.760+0530][info][gc          ] Allocation Stall (Worker-4) 71.003ms
[2025-12-18T08:25:04.760+0530][info][gc          ] Allocation Stall (Worker-1) 70.235ms
[2025-12-18T08:25:04.760+0530][info][gc          ] Allocation Stall (Worker-6) 64.553ms
[2025-12-18T08:25:04.760+0530][info][gc          ] Allocation Stall (Worker-0) 70.056ms
[2025-12-18T08:25:04.764+0530][info][gc,phases   ] GC(166) Concurrent Select Relocation Set 3.573ms
[2025-12-18T08:25:04.764+0530][info][gc,phases   ] GC(166) Pause Relocate Start 0.008ms
[2025-12-18T08:25:04.776+0530][info][gc,phases   ] GC(166) Concurrent Relocate 1.724ms
[2025-12-18T08:25:04.776+0530][info][gc,load     ] GC(166) Load: 0.00/0.00/0.00
[2025-12-18T08:25:04.776+0530][info][gc,mmu      ] GC(166) MMU: 2ms/91.4%, 5ms/96.6%, 10ms/98.3%, 20ms/99.1%, 50ms/99.6%, 100ms/99.8%
[2025-12-18T08:25:04.776+0530][info][gc,marking  ] GC(166) Mark: 2 stripe(s), 2 proactive flush(es), 1 terminate flush(es), 1 completion(s), 0 continuation(s) 
[2025-12-18T08:25:04.776+0530][info][gc,marking  ] GC(166) Mark Stack Usage: 32M
[2025-12-18T08:25:04.776+0530][info][gc,nmethod  ] GC(166) NMethods: 659 registered, 1 unregistered
[2025-12-18T08:25:04.776+0530][info][gc,metaspace] GC(166) Metaspace: 3M used, 4M committed, 1088M reserved
[2025-12-18T08:25:04.776+0530][info][gc,ref      ] GC(166) Soft: 157 encountered, 88 discovered, 0 enqueued
[2025-12-18T08:25:04.776+0530][info][gc,ref      ] GC(166) Weak: 539 encountered, 435 discovered, 0 enqueued
[2025-12-18T08:25:04.776+0530][info][gc,ref      ] GC(166) Final: 0 encountered, 0 discovered, 0 enqueued
[2025-12-18T08:25:04.776+0530][info][gc,ref      ] GC(166) Phantom: 7 encountered, 2 discovered, 0 enqueued
[2025-12-18T08:25:04.776+0530][info][gc,reloc    ] GC(166) Small Pages: 204 / 408M, Empty: 128M, Relocated: 1M, In-Place: 0
[2025-12-18T08:25:04.776+0530][info][gc,reloc    ] GC(166) Medium Pages: 1 / 16M, Empty: 0M, Relocated: 0M, In-Place: 0
[2025-12-18T08:25:04.776+0530][info][gc,reloc    ] GC(166) Large Pages: 1 / 6M, Empty: 0M, Relocated: 0M, In-Place: 0
[2025-12-18T08:25:04.776+0530][info][gc,reloc    ] GC(166) Forwarding Usage: 0M
[2025-12-18T08:25:04.776+0530][info][gc,heap     ] GC(166) Min Capacity: 512M(100%)
[2025-12-18T08:25:04.776+0530][info][gc,heap     ] GC(166) Max Capacity: 512M(100%)
[2025-12-18T08:25:04.776+0530][info][gc,heap     ] GC(166) Soft Max Capacity: 512M(100%)
[2025-12-18T08:25:04.776+0530][info][gc,heap     ] GC(166)                Mark Start          Mark End        Relocate Start      Relocate End           High               Low         
[2025-12-18T08:25:04.776+0530][info][gc,heap     ] GC(166)  Capacity:      512M (100%)        512M (100%)        512M (100%)        512M (100%)        512M (100%)        512M (100%)   
[2025-12-18T08:25:04.776+0530][info][gc,heap     ] GC(166)      Free:       82M (16%)           0M (0%)          116M (23%)         134M (26%)         134M (26%)           0M (0%)     
[2025-12-18T08:25:04.776+0530][info][gc,heap     ] GC(166)      Used:      430M (84%)         512M (100%)        396M (77%)         378M (74%)         512M (100%)        378M (74%)    
[2025-12-18T08:25:04.776+0530][info][gc,heap     ] GC(166)      Live:         -               248M (48%)         248M (48%)         248M (48%)            -                  -          
[2025-12-18T08:25:04.776+0530][info][gc,heap     ] GC(166) Allocated:         -                82M (16%)          94M (18%)         109M (21%)            -                  -          
[2025-12-18T08:25:04.776+0530][info][gc,heap     ] GC(166)   Garbage:         -               181M (36%)          53M (11%)          20M (4%)             -                  -          
[2025-12-18T08:25:04.776+0530][info][gc,heap     ] GC(166) Reclaimed:         -                  -               128M (25%)         161M (32%)            -                  -          
[2025-12-18T08:25:04.776+0530][info][gc          ] GC(166) Garbage Collection (Allocation Stall) 430M(84%)->378M(74%)
[2025-12-18T08:25:04.817+0530][info][gc,start    ] GC(167) Garbage Collection (Allocation Stall)
[2025-12-18T08:25:04.817+0530][info][gc,ref      ] GC(167) Clearing All SoftReferences
[2025-12-18T08:25:04.817+0530][info][gc,task     ] GC(167) Using 2 workers
[2025-12-18T08:25:04.817+0530][info][gc,ref      ] GC(167) Clearing All SoftReferences
[2025-12-18T08:25:04.817+0530][info][gc,phases   ] GC(167) Pause Mark Start 0.055ms
[2025-12-18T08:25:04.950+0530][info][gc,phases   ] GC(167) Concurrent Mark 125.800ms
[2025-12-18T08:25:04.950+0530][info][gc,phases   ] GC(167) Pause Mark End 0.090ms
[2025-12-18T08:25:04.950+0530][info][gc,phases   ] GC(167) Concurrent Mark Free 0.001ms
[2025-12-18T08:25:04.951+0530][info][gc,phases   ] GC(167) Concurrent Process Non-Strong References 1.072ms
[2025-12-18T08:25:04.951+0530][info][gc,phases   ] GC(167) Concurrent Reset Relocation Set 0.002ms
[2025-12-18T08:25:04.954+0530][info][gc          ] Allocation Stall (Worker-0) 71.192ms
[2025-12-18T08:25:04.954+0530][info][gc          ] Allocation Stall (Worker-6) 71.226ms
[2025-12-18T08:25:04.954+0530][info][gc          ] Allocation Stall (Worker-5) 71.106ms
[2025-12-18T08:25:04.954+0530][info][gc          ] Allocation Stall (Worker-1) 70.004ms
[2025-12-18T08:25:04.954+0530][info][gc          ] Allocation Stall (Worker-2) 79.974ms
[2025-12-18T08:25:04.954+0530][info][gc          ] Allocation Stall (Worker-7) 72.438ms
[2025-12-18T08:25:04.954+0530][info][gc          ] Allocation Stall (Worker-4) 72.419ms
[2025-12-18T08:25:04.954+0530][info][gc          ] Allocation Stall (Worker-3) 72.292ms
[2025-12-18T08:25:04.954+0530][info][gc,phases   ] GC(167) Concurrent Select Relocation Set 3.114ms
[2025-12-18T08:25:04.955+0530][info][gc,phases   ] GC(167) Pause Relocate Start 0.010ms
[2025-12-18T08:25:04.963+0530][info][gc,phases   ] GC(167) Concurrent Relocate 1.853ms
[2025-12-18T08:25:04.963+0530][info][gc,load     ] GC(167) Load: 0.00/0.00/0.00
[2025-12-18T08:25:04.963+0530][info][gc,mmu      ] GC(167) MMU: 2ms/91.4%, 5ms/96.6%, 10ms/98.3%, 20ms/99.1%, 50ms/99.6%, 100ms/99.8%
[2025-12-18T08:25:04.963+0530][info][gc,marking  ] GC(167) Mark: 2 stripe(s), 2 proactive flush(es), 1 terminate flush(es), 1 completion(s), 0 continuation(s) 
[2025-12-18T08:25:04.963+0530][info][gc,marking  ] GC(167) Mark Stack Usage: 32M
[2025-12-18T08:25:04.963+0530][info][gc,nmethod  ] GC(167) NMethods: 659 registered, 1 unregistered
[2025-12-18T08:25:04.963+0530][info][gc,metaspace] GC(167) Metaspace: 3M used, 4M committed, 1088M reserved
[2025-12-18T08:25:04.963+0530][info][gc,ref      ] GC(167) Soft: 157 encountered, 80 discovered, 0 enqueued
[2025-12-18T08:25:04.963+0530][info][gc,ref      ] GC(167) Weak: 539 encountered, 416 discovered, 0 enqueued
[2025-12-18T08:25:04.963+0530][info][gc,ref      ] GC(167) Final: 0 encountered, 0 discovered, 0 enqueued
[2025-12-18T08:25:04.963+0530][info][gc,ref      ] GC(167) Phantom: 7 encountered, 2 discovered, 0 enqueued
[2025-12-18T08:25:04.963+0530][info][gc,reloc    ] GC(167) Small Pages: 209 / 418M, Empty: 126M, Relocated: 1M, In-Place: 0
[2025-12-18T08:25:04.963+0530][info][gc,reloc    ] GC(167) Medium Pages: 1 / 16M, Empty: 0M, Relocated: 0M, In-Place: 0
[2025-12-18T08:25:04.963+0530][info][gc,reloc    ] GC(167) Large Pages: 1 / 6M, Empty: 0M, Relocated: 0M, In-Place: 0
[2025-12-18T08:25:04.963+0530][info][gc,reloc    ] GC(167) Forwarding Usage: 0M
[2025-12-18T08:25:04.963+0530][info][gc,heap     ] GC(167) Min Capacity: 512M(100%)
[2025-12-18T08:25:04.963+0530][info][gc,heap     ] GC(167) Max Capacity: 512M(100%)
[2025-12-18T08:25:04.963+0530][info][gc,heap     ] GC(167) Soft Max Capacity: 512M(100%)
[2025-12-18T08:25:04.963+0530][info][gc,heap     ] GC(167)                Mark Start          Mark End        Relocate Start      Relocate End           High               Low         
[2025-12-18T08:25:04.963+0530][info][gc,heap     ] GC(167)  Capacity:      512M (100%)        512M (100%)        512M (100%)        512M (100%)        512M (100%)        512M (100%)   
[2025-12-18T08:25:04.963+0530][info][gc,heap     ] GC(167)      Free:       72M (14%)           0M (0%)          112M (22%)         156M (30%)         156M (30%)           0M (0%)     
[2025-12-18T08:25:04.963+0530][info][gc,heap     ] GC(167)      Used:      440M (86%)         512M (100%)        400M (78%)         356M (70%)         512M (100%)        356M (70%)    
[2025-12-18T08:25:04.963+0530][info][gc,heap     ] GC(167)      Live:         -               248M (48%)         248M (48%)         248M (48%)            -                  -          
[2025-12-18T08:25:04.963+0530][info][gc,heap     ] GC(167) Allocated:         -                72M (14%)          86M (17%)          87M (17%)            -                  -          
[2025-12-18T08:25:04.963+0530][info][gc,heap     ] GC(167)   Garbage:         -               191M (37%)          65M (13%)          19M (4%)             -                  -          
[2025-12-18T08:25:04.964+0530][info][gc,heap     ] GC(167) Reclaimed:         -                  -               126M (25%)         171M (34%)            -                  -          
[2025-12-18T08:25:04.964+0530][info][gc          ] GC(167) Garbage Collection (Allocation Stall) 440M(86%)->356M(70%)
[2025-12-18T08:25:05.017+0530][info][gc,start    ] GC(168) Garbage Collection (Allocation Stall)
[2025-12-18T08:25:05.017+0530][info][gc,ref      ] GC(168) Clearing All SoftReferences
[2025-12-18T08:25:05.017+0530][info][gc,task     ] GC(168) Using 2 workers
[2025-12-18T08:25:05.017+0530][info][gc,ref      ] GC(168) Clearing All SoftReferences
[2025-12-18T08:25:05.017+0530][info][gc,phases   ] GC(168) Pause Mark Start 0.050ms
[2025-12-18T08:25:05.151+0530][info][gc,phases   ] GC(168) Concurrent Mark 130.925ms
[2025-12-18T08:25:05.151+0530][info][gc,phases   ] GC(168) Pause Mark End 0.020ms
[2025-12-18T08:25:05.151+0530][info][gc,phases   ] GC(168) Concurrent Mark Free 0.002ms
[2025-12-18T08:25:05.152+0530][info][gc,phases   ] GC(168) Concurrent Process Non-Strong References 1.206ms
[2025-12-18T08:25:05.152+0530][info][gc,phases   ] GC(168) Concurrent Reset Relocation Set 0.004ms
[2025-12-18T08:25:05.152+0530][info][gc          ] Allocation Stall (Worker-1) 50.172ms
[2025-12-18T08:25:05.152+0530][info][gc          ] Allocation Stall (Worker-0) 52.011ms
[2025-12-18T08:25:05.152+0530][info][gc          ] Allocation Stall (Worker-7) 51.123ms
[2025-12-18T08:25:05.152+0530][info][gc          ] Allocation Stall (Worker-6) 45.699ms
[2025-12-18T08:25:05.152+0530][info][gc          ] Allocation Stall (Worker-2) 45.603ms
[2025-12-18T08:25:05.152+0530][info][gc          ] Allocation Stall (Worker-5) 55.629ms
[2025-12-18T08:25:05.152+0530][info][gc          ] Allocation Stall (Worker-3) 53.805ms
[2025-12-18T08:25:05.152+0530][info][gc          ] Allocation Stall (Worker-4) 52.759ms
[2025-12-18T08:25:05.156+0530][info][gc,phases   ] GC(168) Concurrent Select Relocation Set 3.727ms
[2025-12-18T08:25:05.156+0530][info][gc,phases   ] GC(168) Pause Relocate Start 0.011ms
[2025-12-18T08:25:05.158+0530][info][gc,phases   ] GC(168) Concurrent Relocate 1.282ms
[2025-12-18T08:25:05.158+0530][info][gc,load     ] GC(168) Load: 0.00/0.00/0.00
[2025-12-18T08:25:05.158+0530][info][gc,mmu      ] GC(168) MMU: 2ms/91.4%, 5ms/96.6%, 10ms/98.3%, 20ms/99.1%, 50ms/99.6%, 100ms/99.8%
[2025-12-18T08:25:05.158+0530][info][gc,marking  ] GC(168) Mark: 2 stripe(s), 2 proactive flush(es), 1 terminate flush(es), 0 completion(s), 0 continuation(s) 
[2025-12-18T08:25:05.158+0530][info][gc,marking  ] GC(168) Mark Stack Usage: 32M
[2025-12-18T08:25:05.158+0530][info][gc,nmethod  ] GC(168) NMethods: 659 registered, 1 unregistered
[2025-12-18T08:25:05.158+0530][info][gc,metaspace] GC(168) Metaspace: 3M used, 4M committed, 1088M reserved
[2025-12-18T08:25:05.158+0530][info][gc,ref      ] GC(168) Soft: 157 encountered, 75 discovered, 0 enqueued
[2025-12-18T08:25:05.158+0530][info][gc,ref      ] GC(168) Weak: 539 encountered, 384 discovered, 0 enqueued
[2025-12-18T08:25:05.158+0530][info][gc,ref      ] GC(168) Final: 0 encountered, 0 discovered, 0 enqueued
[2025-12-18T08:25:05.158+0530][info][gc,ref      ] GC(168) Phantom: 7 encountered, 3 discovered, 0 enqueued
[2025-12-18T08:25:05.158+0530][info][gc,reloc    ] GC(168) Small Pages: 205 / 410M, Empty: 130M, Relocated: 1M, In-Place: 0
[2025-12-18T08:25:05.158+0530][info][gc,reloc    ] GC(168) Medium Pages: 1 / 16M, Empty: 0M, Relocated: 0M, In-Place: 0
[2025-12-18T08:25:05.158+0530][info][gc,reloc    ] GC(168) Large Pages: 1 / 6M, Empty: 0M, Relocated: 0M, In-Place: 0
[2025-12-18T08:25:05.158+0530][info][gc,reloc    ] GC(168) Forwarding Usage: 0M
[2025-12-18T08:25:05.159+0530][info][gc,heap     ] GC(168) Min Capacity: 512M(100%)
[2025-12-18T08:25:05.159+0530][info][gc,heap     ] GC(168) Max Capacity: 512M(100%)
[2025-12-18T08:25:05.159+0530][info][gc,heap     ] GC(168) Soft Max Capacity: 512M(100%)
[2025-12-18T08:25:05.159+0530][info][gc,heap     ] GC(168)                Mark Start          Mark End        Relocate Start      Relocate End           High               Low         
[2025-12-18T08:25:05.159+0530][info][gc,heap     ] GC(168)  Capacity:      512M (100%)        512M (100%)        512M (100%)        512M (100%)        512M (100%)        512M (100%)   
[2025-12-18T08:25:05.159+0530][info][gc,heap     ] GC(168)      Free:       80M (16%)           0M (0%)          116M (23%)         150M (29%)         150M (29%)           0M (0%)     
[2025-12-18T08:25:05.159+0530][info][gc,heap     ] GC(168)      Used:      432M (84%)         512M (100%)        396M (77%)         362M (71%)         512M (100%)        362M (71%)    
[2025-12-18T08:25:05.159+0530][info][gc,heap     ] GC(168)      Live:         -               248M (48%)         248M (48%)         248M (48%)            -                  -          
[2025-12-18T08:25:05.159+0530][info][gc,heap     ] GC(168) Allocated:         -                80M (16%)          94M (18%)          93M (18%)            -                  -          
[2025-12-18T08:25:05.159+0530][info][gc,heap     ] GC(168)   Garbage:         -               183M (36%)          53M (11%)          19M (4%)             -                  -          
[2025-12-18T08:25:05.159+0530][info][gc,heap     ] GC(168) Reclaimed:         -                  -               130M (25%)         163M (32%)            -                  -          
[2025-12-18T08:25:05.159+0530][info][gc          ] GC(168) Garbage Collection (Allocation Stall) 432M(84%)->362M(71%)
[2025-12-18T08:25:05.217+0530][info][gc,start    ] GC(169) Garbage Collection (Allocation Stall)
[2025-12-18T08:25:05.217+0530][info][gc,ref      ] GC(169) Clearing All SoftReferences
[2025-12-18T08:25:05.217+0530][info][gc,task     ] GC(169) Using 2 workers
[2025-12-18T08:25:05.220+0530][info][gc,ref      ] GC(169) Clearing All SoftReferences
[2025-12-18T08:25:05.220+0530][info][gc,phases   ] GC(169) Pause Mark Start 0.087ms
[2025-12-18T08:25:05.348+0530][info][gc,phases   ] GC(169) Concurrent Mark 126.784ms
[2025-12-18T08:25:05.348+0530][info][gc,phases   ] GC(169) Pause Mark End 0.092ms
[2025-12-18T08:25:05.348+0530][info][gc,phases   ] GC(169) Concurrent Mark Free 0.001ms
[2025-12-18T08:25:05.349+0530][info][gc,phases   ] GC(169) Concurrent Process Non-Strong References 1.012ms
[2025-12-18T08:25:05.349+0530][info][gc,phases   ] GC(169) Concurrent Reset Relocation Set 0.002ms
[2025-12-18T08:25:05.349+0530][info][gc          ] Allocation Stall (Worker-1) 64.382ms
[2025-12-18T08:25:05.349+0530][info][gc          ] Allocation Stall (Worker-6) 63.812ms
[2025-12-18T08:25:05.349+0530][info][gc          ] Allocation Stall (Worker-5) 62.377ms
[2025-12-18T08:25:05.349+0530][info][gc          ] Allocation Stall (Worker-7) 64.754ms
[2025-12-18T08:25:05.349+0530][info][gc          ] Allocation Stall (Worker-0) 69.026ms
[2025-12-18T08:25:05.349+0530][info][gc          ] Allocation Stall (Worker-2) 69.311ms
[2025-12-18T08:25:05.349+0530][info][gc          ] Allocation Stall (Worker-3) 67.599ms
[2025-12-18T08:25:05.349+0530][info][gc          ] Allocation Stall (Worker-4) 67.266ms
[2025-12-18T08:25:05.353+0530][info][gc,phases   ] GC(169) Concurrent Select Relocation Set 3.624ms
[2025-12-18T08:25:05.353+0530][info][gc,phases   ] GC(169) Pause Relocate Start 0.011ms
[2025-12-18T08:25:05.367+0530][info][gc,phases   ] GC(169) Concurrent Relocate 1.852ms
[2025-12-18T08:25:05.367+0530][info][gc,load     ] GC(169) Load: 0.00/0.00/0.00
[2025-12-18T08:25:05.367+0530][info][gc,mmu      ] GC(169) MMU: 2ms/91.4%, 5ms/96.6%, 10ms/98.3%, 20ms/99.1%, 50ms/99.6%, 100ms/99.8%
[2025-12-18T08:25:05.367+0530][info][gc,marking  ] GC(169) Mark: 2 stripe(s), 2 proactive flush(es), 1 terminate flush(es), 1 completion(s), 0 continuation(s) 
[2025-12-18T08:25:05.367+0530][info][gc,marking  ] GC(169) Mark Stack Usage: 32M
[2025-12-18T08:25:05.367+0530][info][gc,nmethod  ] GC(169) NMethods: 659 registered, 1 unregistered
[2025-12-18T08:25:05.367+0530][info][gc,metaspace] GC(169) Metaspace: 3M used, 4M committed, 1088M reserved
[2025-12-18T08:25:05.367+0530][info][gc,ref      ] GC(169) Soft: 157 encountered, 76 discovered, 0 enqueued
[2025-12-18T08:25:05.367+0530][info][gc,ref      ] GC(169) Weak: 539 encountered, 3 discovered, 0 enqueued
[2025-12-18T08:25:05.367+0530][info][gc,ref      ] GC(169) Final: 0 encountered, 0 discovered, 0 enqueued
[2025-12-18T08:25:05.367+0530][info][gc,ref      ] GC(169) Phantom: 7 encountered, 2 discovered, 0 enqueued
[2025-12-18T08:25:05.367+0530][info][gc,reloc    ] GC(169) Small Pages: 212 / 424M, Empty: 146M, Relocated: 1M, In-Place: 0
[2025-12-18T08:25:05.367+0530][info][gc,reloc    ] GC(169) Medium Pages: 1 / 16M, Empty: 0M, Relocated: 0M, In-Place: 0
[2025-12-18T08:25:05.367+0530][info][gc,reloc    ] GC(169) Large Pages: 1 / 6M, Empty: 0M, Relocated: 0M, In-Place: 0
[2025-12-18T08:25:05.367+0530][info][gc,reloc    ] GC(169) Forwarding Usage: 0M
[2025-12-18T08:25:05.367+0530][info][gc,heap     ] GC(169) Min Capacity: 512M(100%)
[2025-12-18T08:25:05.367+0530][info][gc,heap     ] GC(169) Max Capacity: 512M(100%)
[2025-12-18T08:25:05.367+0530][info][gc,heap     ] GC(169) Soft Max Capacity: 512M(100%)
[2025-12-18T08:25:05.367+0530][info][gc,heap     ] GC(169)                Mark Start          Mark End        Relocate Start      Relocate End           High               Low         
[2025-12-18T08:25:05.367+0530][info][gc,heap     ] GC(169)  Capacity:      512M (100%)        512M (100%)        512M (100%)        512M (100%)        512M (100%)        512M (100%)   
[2025-12-18T08:25:05.367+0530][info][gc,heap     ] GC(169)      Free:       66M (13%)           0M (0%)          132M (26%)         150M (29%)         150M (29%)           0M (0%)     
[2025-12-18T08:25:05.367+0530][info][gc,heap     ] GC(169)      Used:      446M (87%)         512M (100%)        380M (74%)         362M (71%)         512M (100%)        362M (71%)    
[2025-12-18T08:25:05.367+0530][info][gc,heap     ] GC(169)      Live:         -               248M (48%)         248M (48%)         248M (48%)            -                  -          
[2025-12-18T08:25:05.367+0530][info][gc,heap     ] GC(169) Allocated:         -                66M (13%)          80M (16%)          93M (18%)            -                  -          
[2025-12-18T08:25:05.367+0530][info][gc,heap     ] GC(169)   Garbage:         -               197M (39%)          51M (10%)          20M (4%)             -                  -          
[2025-12-18T08:25:05.367+0530][info][gc,heap     ] GC(169) Reclaimed:         -                  -               146M (29%)         177M (35%)            -                  -          
[2025-12-18T08:25:05.367+0530][info][gc          ] GC(169) Garbage Collection (Allocation Stall) 446M(87%)->362M(71%)
[2025-12-18T08:25:05.416+0530][info][gc,start    ] GC(170) Garbage Collection (Allocation Stall)
[2025-12-18T08:25:05.416+0530][info][gc,ref      ] GC(170) Clearing All SoftReferences
[2025-12-18T08:25:05.416+0530][info][gc,task     ] GC(170) Using 2 workers
[2025-12-18T08:25:05.416+0530][info][gc,ref      ] GC(170) Clearing All SoftReferences
[2025-12-18T08:25:05.416+0530][info][gc,phases   ] GC(170) Pause Mark Start 0.058ms
[2025-12-18T08:25:05.565+0530][info][gc,phases   ] GC(170) Concurrent Mark 146.506ms
[2025-12-18T08:25:05.565+0530][info][gc,phases   ] GC(170) Pause Mark End 0.097ms
[2025-12-18T08:25:05.565+0530][info][gc,phases   ] GC(170) Concurrent Mark Free 0.001ms
[2025-12-18T08:25:05.566+0530][info][gc,phases   ] GC(170) Concurrent Process Non-Strong References 1.039ms
[2025-12-18T08:25:05.566+0530][info][gc,phases   ] GC(170) Concurrent Reset Relocation Set 0.003ms
[2025-12-18T08:25:05.569+0530][info][gc          ] Allocation Stall (Worker-2) 65.581ms
[2025-12-18T08:25:05.569+0530][info][gc          ] Allocation Stall (Worker-1) 65.472ms
[2025-12-18T08:25:05.569+0530][info][gc          ] Allocation Stall (Worker-0) 64.131ms
[2025-12-18T08:25:05.569+0530][info][gc          ] Allocation Stall (Worker-6) 74.153ms
[2025-12-18T08:25:05.569+0530][info][gc          ] Allocation Stall (Worker-7) 72.787ms
[2025-12-18T08:25:05.569+0530][info][gc          ] Allocation Stall (Worker-3) 73.430ms
[2025-12-18T08:25:05.569+0530][info][gc          ] Allocation Stall (Worker-4) 70.726ms
[2025-12-18T08:25:05.569+0530][info][gc          ] Allocation Stall (Worker-5) 68.004ms
[2025-12-18T08:25:05.569+0530][info][gc,phases   ] GC(170) Concurrent Select Relocation Set 3.052ms
[2025-12-18T08:25:05.570+0530][info][gc,phases   ] GC(170) Pause Relocate Start 0.038ms
[2025-12-18T08:25:05.577+0530][info][gc,phases   ] GC(170) Concurrent Relocate 1.707ms
[2025-12-18T08:25:05.577+0530][info][gc,load     ] GC(170) Load: 0.00/0.00/0.00
[2025-12-18T08:25:05.578+0530][info][gc,mmu      ] GC(170) MMU: 2ms/91.4%, 5ms/96.6%, 10ms/98.3%, 20ms/99.1%, 50ms/99.6%, 100ms/99.8%
[2025-12-18T08:25:05.578+0530][info][gc,marking  ] GC(170) Mark: 2 stripe(s), 2 proactive flush(es), 1 terminate flush(es), 1 completion(s), 0 continuation(s) 
[2025-12-18T08:25:05.578+0530][info][gc,marking  ] GC(170) Mark Stack Usage: 32M
[2025-12-18T08:25:05.578+0530][info][gc,nmethod  ] GC(170) NMethods: 662 registered, 1 unregistered
[2025-12-18T08:25:05.578+0530][info][gc,metaspace] GC(170) Metaspace: 3M used, 4M committed, 1088M reserved
[2025-12-18T08:25:05.578+0530][info][gc,ref      ] GC(170) Soft: 157 encountered, 77 discovered, 0 enqueued
[2025-12-18T08:25:05.578+0530][info][gc,ref      ] GC(170) Weak: 539 encountered, 4 discovered, 0 enqueued
[2025-12-18T08:25:05.578+0530][info][gc,ref      ] GC(170) Final: 0 encountered, 0 discovered, 0 enqueued
[2025-12-18T08:25:05.578+0530][info][gc,ref      ] GC(170) Phantom: 7 encountered, 3 discovered, 0 enqueued
[2025-12-18T08:25:05.578+0530][info][gc,reloc    ] GC(170) Small Pages: 206 / 412M, Empty: 124M, Relocated: 1M, In-Place: 0
[2025-12-18T08:25:05.578+0530][info][gc,reloc    ] GC(170) Medium Pages: 1 / 16M, Empty: 0M, Relocated: 0M, In-Place: 0
[2025-12-18T08:25:05.578+0530][info][gc,reloc    ] GC(170) Large Pages: 1 / 6M, Empty: 0M, Relocated: 0M, In-Place: 0
[2025-12-18T08:25:05.578+0530][info][gc,reloc    ] GC(170) Forwarding Usage: 0M
[2025-12-18T08:25:05.578+0530][info][gc,heap     ] GC(170) Min Capacity: 512M(100%)
[2025-12-18T08:25:05.578+0530][info][gc,heap     ] GC(170) Max Capacity: 512M(100%)
[2025-12-18T08:25:05.578+0530][info][gc,heap     ] GC(170) Soft Max Capacity: 512M(100%)
[2025-12-18T08:25:05.578+0530][info][gc,heap     ] GC(170)                Mark Start          Mark End        Relocate Start      Relocate End           High               Low         
[2025-12-18T08:25:05.578+0530][info][gc,heap     ] GC(170)  Capacity:      512M (100%)        512M (100%)        512M (100%)        512M (100%)        512M (100%)        512M (100%)   
[2025-12-18T08:25:05.578+0530][info][gc,heap     ] GC(170)      Free:       78M (15%)           0M (0%)          108M (21%)         150M (29%)         150M (29%)           0M (0%)     
[2025-12-18T08:25:05.578+0530][info][gc,heap     ] GC(170)      Used:      434M (85%)         512M (100%)        404M (79%)         362M (71%)         512M (100%)        362M (71%)    
[2025-12-18T08:25:05.578+0530][info][gc,heap     ] GC(170)      Live:         -               248M (48%)         248M (48%)         248M (48%)            -                  -          
[2025-12-18T08:25:05.578+0530][info][gc,heap     ] GC(170) Allocated:         -                78M (15%)          94M (18%)          93M (18%)            -                  -          
[2025-12-18T08:25:05.578+0530][info][gc,heap     ] GC(170)   Garbage:         -               185M (36%)          61M (12%)          19M (4%)             -                  -          
[2025-12-18T08:25:05.578+0530][info][gc,heap     ] GC(170) Reclaimed:         -                  -               124M (24%)         165M (32%)            -                  -          
[2025-12-18T08:25:05.578+0530][info][gc          ] GC(170) Garbage Collection (Allocation Stall) 434M(85%)->362M(71%)
[2025-12-18T08:25:05.617+0530][info][gc,start    ] GC(171) Garbage Collection (Allocation Stall)
[2025-12-18T08:25:05.617+0530][info][gc,ref      ] GC(171) Clearing All SoftReferences
[2025-12-18T08:25:05.617+0530][info][gc,task     ] GC(171) Using 2 workers
[2025-12-18T08:25:05.617+0530][info][gc,ref      ] GC(171) Clearing All SoftReferences
[2025-12-18T08:25:05.617+0530][info][gc,phases   ] GC(171) Pause Mark Start 0.051ms
[2025-12-18T08:25:05.767+0530][info][gc,phases   ] GC(171) Concurrent Mark 147.861ms
[2025-12-18T08:25:05.767+0530][info][gc,phases   ] GC(171) Pause Mark End 0.090ms
[2025-12-18T08:25:05.767+0530][info][gc,phases   ] GC(171) Concurrent Mark Free 0.001ms
[2025-12-18T08:25:05.768+0530][info][gc,phases   ] GC(171) Concurrent Process Non-Strong References 1.076ms
[2025-12-18T08:25:05.768+0530][info][gc,phases   ] GC(171) Concurrent Reset Relocation Set 0.004ms
[2025-12-18T08:25:05.771+0530][info][gc          ] Allocation Stall (Worker-2) 51.436ms
[2025-12-18T08:25:05.771+0530][info][gc          ] Allocation Stall (Worker-4) 45.306ms
[2025-12-18T08:25:05.771+0530][info][gc          ] Allocation Stall (Worker-7) 48.540ms
[2025-12-18T08:25:05.771+0530][info][gc          ] Allocation Stall (Worker-6) 52.355ms
[2025-12-18T08:25:05.771+0530][info][gc          ] Allocation Stall (Worker-3) 56.778ms
[2025-12-18T08:25:05.771+0530][info][gc          ] Allocation Stall (Worker-0) 57.720ms
[2025-12-18T08:25:05.771+0530][info][gc          ] Allocation Stall (Worker-5) 54.785ms
[2025-12-18T08:25:05.771+0530][info][gc          ] Allocation Stall (Worker-1) 58.088ms
[2025-12-18T08:25:05.771+0530][info][gc,phases   ] GC(171) Concurrent Select Relocation Set 3.104ms
[2025-12-18T08:25:05.803+0530][info][gc,phases   ] GC(171) Pause Relocate Start 0.014ms
[2025-12-18T08:25:05.807+0530][info][gc,phases   ] GC(171) Concurrent Relocate 1.809ms
[2025-12-18T08:25:05.807+0530][info][gc,load     ] GC(171) Load: 0.00/0.00/0.00
[2025-12-18T08:25:05.807+0530][info][gc,mmu      ] GC(171) MMU: 2ms/91.4%, 5ms/96.6%, 10ms/98.3%, 20ms/99.1%, 50ms/99.6%, 100ms/99.8%
[2025-12-18T08:25:05.807+0530][info][gc,marking  ] GC(171) Mark: 2 stripe(s), 2 proactive flush(es), 1 terminate flush(es), 1 completion(s), 0 continuation(s) 
[2025-12-18T08:25:05.807+0530][info][gc,marking  ] GC(171) Mark Stack Usage: 32M
[2025-12-18T08:25:05.807+0530][info][gc,nmethod  ] GC(171) NMethods: 662 registered, 1 unregistered
[2025-12-18T08:25:05.807+0530][info][gc,metaspace] GC(171) Metaspace: 3M used, 4M committed, 1088M reserved
[2025-12-18T08:25:05.807+0530][info][gc,ref      ] GC(171) Soft: 157 encountered, 75 discovered, 0 enqueued
[2025-12-18T08:25:05.807+0530][info][gc,ref      ] GC(171) Weak: 539 encountered, 4 discovered, 0 enqueued
[2025-12-18T08:25:05.807+0530][info][gc,ref      ] GC(171) Final: 0 encountered, 0 discovered, 0 enqueued
[2025-12-18T08:25:05.807+0530][info][gc,ref      ] GC(171) Phantom: 7 encountered, 3 discovered, 0 enqueued
[2025-12-18T08:25:05.807+0530][info][gc,reloc    ] GC(171) Small Pages: 195 / 390M, Empty: 110M, Relocated: 1M, In-Place: 0
[2025-12-18T08:25:05.807+0530][info][gc,reloc    ] GC(171) Medium Pages: 1 / 16M, Empty: 0M, Relocated: 0M, In-Place: 0
[2025-12-18T08:25:05.807+0530][info][gc,reloc    ] GC(171) Large Pages: 1 / 6M, Empty: 0M, Relocated: 0M, In-Place: 0
[2025-12-18T08:25:05.807+0530][info][gc,reloc    ] GC(171) Forwarding Usage: 0M
[2025-12-18T08:25:05.807+0530][info][gc,heap     ] GC(171) Min Capacity: 512M(100%)
[2025-12-18T08:25:05.807+0530][info][gc,heap     ] GC(171) Max Capacity: 512M(100%)
[2025-12-18T08:25:05.807+0530][info][gc,heap     ] GC(171) Soft Max Capacity: 512M(100%)
[2025-12-18T08:25:05.807+0530][info][gc,heap     ] GC(171)                Mark Start          Mark End        Relocate Start      Relocate End           High               Low         
[2025-12-18T08:25:05.807+0530][info][gc,heap     ] GC(171)  Capacity:      512M (100%)        512M (100%)        512M (100%)        512M (100%)        512M (100%)        512M (100%)   
[2025-12-18T08:25:05.807+0530][info][gc,heap     ] GC(171)      Free:      100M (20%)           0M (0%)           68M (13%)          92M (18%)         110M (21%)           0M (0%)     
[2025-12-18T08:25:05.807+0530][info][gc,heap     ] GC(171)      Used:      412M (80%)         512M (100%)        444M (87%)         420M (82%)         512M (100%)        402M (79%)    
[2025-12-18T08:25:05.807+0530][info][gc,heap     ] GC(171)      Live:         -               248M (48%)         248M (48%)         248M (48%)            -                  -          
[2025-12-18T08:25:05.807+0530][info][gc,heap     ] GC(171) Allocated:         -               100M (20%)         142M (28%)         151M (30%)            -                  -          
[2025-12-18T08:25:05.807+0530][info][gc,heap     ] GC(171)   Garbage:         -               163M (32%)          53M (11%)          19M (4%)             -                  -          
[2025-12-18T08:25:05.807+0530][info][gc,heap     ] GC(171) Reclaimed:         -                  -               110M (21%)         143M (28%)            -                  -          
[2025-12-18T08:25:05.807+0530][info][gc          ] GC(171) Garbage Collection (Allocation Stall) 412M(80%)->420M(82%)
[2025-12-18T08:25:05.817+0530][info][gc,start    ] GC(172) Garbage Collection (Allocation Stall)
[2025-12-18T08:25:05.817+0530][info][gc,ref      ] GC(172) Clearing All SoftReferences
[2025-12-18T08:25:05.817+0530][info][gc,task     ] GC(172) Using 2 workers
[2025-12-18T08:25:05.817+0530][info][gc,ref      ] GC(172) Clearing All SoftReferences
[2025-12-18T08:25:05.817+0530][info][gc,phases   ] GC(172) Pause Mark Start 0.060ms
[2025-12-18T08:25:05.956+0530][info][gc,phases   ] GC(172) Concurrent Mark 138.044ms
[2025-12-18T08:25:05.956+0530][info][gc,phases   ] GC(172) Pause Mark End 0.028ms
[2025-12-18T08:25:05.956+0530][info][gc,phases   ] GC(172) Concurrent Mark Free 0.001ms
[2025-12-18T08:25:05.957+0530][info][gc,phases   ] GC(172) Concurrent Process Non-Strong References 1.072ms
[2025-12-18T08:25:05.957+0530][info][gc,phases   ] GC(172) Concurrent Reset Relocation Set 0.003ms
[2025-12-18T08:25:05.957+0530][info][gc          ] Allocation Stall (Worker-0) 62.496ms
[2025-12-18T08:25:05.957+0530][info][gc          ] Allocation Stall (Worker-4) 57.361ms
[2025-12-18T08:25:05.957+0530][info][gc          ] Allocation Stall (Worker-6) 69.461ms
[2025-12-18T08:25:05.957+0530][info][gc          ] Allocation Stall (Worker-7) 62.367ms
[2025-12-18T08:25:05.957+0530][info][gc          ] Allocation Stall (Worker-2) 68.893ms
[2025-12-18T08:25:05.957+0530][info][gc          ] Allocation Stall (Worker-3) 67.576ms
[2025-12-18T08:25:05.958+0530][info][gc          ] Allocation Stall (Worker-1) 66.469ms
[2025-12-18T08:25:05.958+0530][info][gc          ] Allocation Stall (Worker-5) 66.313ms
[2025-12-18T08:25:05.961+0530][info][gc,phases   ] GC(172) Concurrent Select Relocation Set 3.555ms
[2025-12-18T08:25:05.961+0530][info][gc,phases   ] GC(172) Pause Relocate Start 0.010ms
[2025-12-18T08:25:05.971+0530][info][gc,phases   ] GC(172) Concurrent Relocate 1.887ms
[2025-12-18T08:25:05.971+0530][info][gc,load     ] GC(172) Load: 0.00/0.00/0.00
[2025-12-18T08:25:05.971+0530][info][gc,mmu      ] GC(172) MMU: 2ms/91.4%, 5ms/96.6%, 10ms/98.3%, 20ms/99.1%, 50ms/99.6%, 100ms/99.8%
[2025-12-18T08:25:05.971+0530][info][gc,marking  ] GC(172) Mark: 2 stripe(s), 2 proactive flush(es), 1 terminate flush(es), 0 completion(s), 0 continuation(s) 
[2025-12-18T08:25:05.971+0530][info][gc,marking  ] GC(172) Mark Stack Usage: 32M
[2025-12-18T08:25:05.971+0530][info][gc,nmethod  ] GC(172) NMethods: 662 registered, 1 unregistered
[2025-12-18T08:25:05.971+0530][info][gc,metaspace] GC(172) Metaspace: 3M used, 4M committed, 1088M reserved
[2025-12-18T08:25:05.971+0530][info][gc,ref      ] GC(172) Soft: 157 encountered, 78 discovered, 0 enqueued
[2025-12-18T08:25:05.971+0530][info][gc,ref      ] GC(172) Weak: 539 encountered, 387 discovered, 0 enqueued
[2025-12-18T08:25:05.971+0530][info][gc,ref      ] GC(172) Final: 0 encountered, 0 discovered, 0 enqueued
[2025-12-18T08:25:05.971+0530][info][gc,ref      ] GC(172) Phantom: 7 encountered, 3 discovered, 0 enqueued
[2025-12-18T08:25:05.971+0530][info][gc,reloc    ] GC(172) Small Pages: 206 / 412M, Empty: 130M, Relocated: 1M, In-Place: 0
[2025-12-18T08:25:05.971+0530][info][gc,reloc    ] GC(172) Medium Pages: 1 / 16M, Empty: 0M, Relocated: 0M, In-Place: 0
[2025-12-18T08:25:05.971+0530][info][gc,reloc    ] GC(172) Large Pages: 1 / 6M, Empty: 0M, Relocated: 0M, In-Place: 0
[2025-12-18T08:25:05.971+0530][info][gc,reloc    ] GC(172) Forwarding Usage: 0M
[2025-12-18T08:25:05.971+0530][info][gc,heap     ] GC(172) Min Capacity: 512M(100%)
[2025-12-18T08:25:05.971+0530][info][gc,heap     ] GC(172) Max Capacity: 512M(100%)
[2025-12-18T08:25:05.971+0530][info][gc,heap     ] GC(172) Soft Max Capacity: 512M(100%)
[2025-12-18T08:25:05.971+0530][info][gc,heap     ] GC(172)                Mark Start          Mark End        Relocate Start      Relocate End           High               Low         
[2025-12-18T08:25:05.971+0530][info][gc,heap     ] GC(172)  Capacity:      512M (100%)        512M (100%)        512M (100%)        512M (100%)        512M (100%)        512M (100%)   
[2025-12-18T08:25:05.971+0530][info][gc,heap     ] GC(172)      Free:       78M (15%)           0M (0%)          116M (23%)         152M (30%)         152M (30%)           0M (0%)     
[2025-12-18T08:25:05.971+0530][info][gc,heap     ] GC(172)      Used:      434M (85%)         512M (100%)        396M (77%)         360M (70%)         512M (100%)        360M (70%)    
[2025-12-18T08:25:05.971+0530][info][gc,heap     ] GC(172)      Live:         -               248M (48%)         248M (48%)         248M (48%)            -                  -          
[2025-12-18T08:25:05.971+0530][info][gc,heap     ] GC(172) Allocated:         -                78M (15%)          92M (18%)          91M (18%)            -                  -          
[2025-12-18T08:25:05.971+0530][info][gc,heap     ] GC(172)   Garbage:         -               185M (36%)          55M (11%)          19M (4%)             -                  -          
[2025-12-18T08:25:05.971+0530][info][gc,heap     ] GC(172) Reclaimed:         -                  -               130M (25%)         165M (32%)            -                  -          
[2025-12-18T08:25:05.971+0530][info][gc          ] GC(172) Garbage Collection (Allocation Stall) 434M(85%)->360M(70%)
[2025-12-18T08:25:06.017+0530][info][gc,start    ] GC(173) Garbage Collection (Allocation Stall)
[2025-12-18T08:25:06.017+0530][info][gc,ref      ] GC(173) Clearing All SoftReferences
[2025-12-18T08:25:06.017+0530][info][gc,task     ] GC(173) Using 2 workers
[2025-12-18T08:25:06.017+0530][info][gc,ref      ] GC(173) Clearing All SoftReferences
[2025-12-18T08:25:06.017+0530][info][gc,phases   ] GC(173) Pause Mark Start 0.048ms
[2025-12-18T08:25:06.152+0530][info][gc,phases   ] GC(173) Concurrent Mark 127.841ms
[2025-12-18T08:25:06.152+0530][info][gc,phases   ] GC(173) Pause Mark End 0.054ms
[2025-12-18T08:25:06.152+0530][info][gc,phases   ] GC(173) Concurrent Mark Free 0.001ms
[2025-12-18T08:25:06.153+0530][info][gc,phases   ] GC(173) Concurrent Process Non-Strong References 1.091ms
[2025-12-18T08:25:06.153+0530][info][gc,phases   ] GC(173) Concurrent Reset Relocation Set 0.002ms
[2025-12-18T08:25:06.153+0530][info][gc          ] Allocation Stall (Worker-1) 67.262ms
[2025-12-18T08:25:06.153+0530][info][gc          ] Allocation Stall (Worker-0) 59.906ms
[2025-12-18T08:25:06.153+0530][info][gc          ] Allocation Stall (Worker-7) 64.353ms
[2025-12-18T08:25:06.153+0530][info][gc          ] Allocation Stall (Worker-4) 65.687ms
[2025-12-18T08:25:06.153+0530][info][gc          ] Allocation Stall (Worker-2) 61.434ms
[2025-12-18T08:25:06.153+0530][info][gc          ] Allocation Stall (Worker-6) 68.704ms
[2025-12-18T08:25:06.153+0530][info][gc          ] Allocation Stall (Worker-3) 68.343ms
[2025-12-18T08:25:06.153+0530][info][gc          ] Allocation Stall (Worker-5) 68.451ms
[2025-12-18T08:25:06.157+0530][info][gc,phases   ] GC(173) Concurrent Select Relocation Set 3.776ms
[2025-12-18T08:25:06.157+0530][info][gc,phases   ] GC(173) Pause Relocate Start 0.009ms
[2025-12-18T08:25:06.160+0530][info][gc,phases   ] GC(173) Concurrent Relocate 1.475ms
[2025-12-18T08:25:06.160+0530][info][gc,load     ] GC(173) Load: 0.00/0.00/0.00
[2025-12-18T08:25:06.160+0530][info][gc,mmu      ] GC(173) MMU: 2ms/91.4%, 5ms/96.6%, 10ms/98.3%, 20ms/99.1%, 50ms/99.6%, 100ms/99.8%
[2025-12-18T08:25:06.160+0530][info][gc,marking  ] GC(173) Mark: 2 stripe(s), 2 proactive flush(es), 1 terminate flush(es), 0 completion(s), 0 continuation(s) 
[2025-12-18T08:25:06.160+0530][info][gc,marking  ] GC(173) Mark Stack Usage: 32M
[2025-12-18T08:25:06.160+0530][info][gc,nmethod  ] GC(173) NMethods: 662 registered, 1 unregistered
[2025-12-18T08:25:06.160+0530][info][gc,metaspace] GC(173) Metaspace: 3M used, 4M committed, 1088M reserved
[2025-12-18T08:25:06.160+0530][info][gc,ref      ] GC(173) Soft: 157 encountered, 76 discovered, 0 enqueued
[2025-12-18T08:25:06.160+0530][info][gc,ref      ] GC(173) Weak: 539 encountered, 376 discovered, 0 enqueued
[2025-12-18T08:25:06.160+0530][info][gc,ref      ] GC(173) Final: 0 encountered, 0 discovered, 0 enqueued
[2025-12-18T08:25:06.160+0530][info][gc,ref      ] GC(173) Phantom: 7 encountered, 3 discovered, 0 enqueued
[2025-12-18T08:25:06.160+0530][info][gc,reloc    ] GC(173) Small Pages: 206 / 412M, Empty: 134M, Relocated: 1M, In-Place: 0
[2025-12-18T08:25:06.160+0530][info][gc,reloc    ] GC(173) Medium Pages: 1 / 16M, Empty: 0M, Relocated: 0M, In-Place: 0
[2025-12-18T08:25:06.160+0530][info][gc,reloc    ] GC(173) Large Pages: 1 / 6M, Empty: 0M, Relocated: 0M, In-Place: 0
[2025-12-18T08:25:06.160+0530][info][gc,reloc    ] GC(173) Forwarding Usage: 0M
[2025-12-18T08:25:06.160+0530][info][gc,heap     ] GC(173) Min Capacity: 512M(100%)
[2025-12-18T08:25:06.160+0530][info][gc,heap     ] GC(173) Max Capacity: 512M(100%)
[2025-12-18T08:25:06.161+0530][info][gc,heap     ] GC(173) Soft Max Capacity: 512M(100%)
[2025-12-18T08:25:06.161+0530][info][gc,heap     ] GC(173)                Mark Start          Mark End        Relocate Start      Relocate End           High               Low         
[2025-12-18T08:25:06.161+0530][info][gc,heap     ] GC(173)  Capacity:      512M (100%)        512M (100%)        512M (100%)        512M (100%)        512M (100%)        512M (100%)   
[2025-12-18T08:25:06.161+0530][info][gc,heap     ] GC(173)      Free:       78M (15%)           0M (0%)          120M (23%)         150M (29%)         150M (29%)           0M (0%)     
[2025-12-18T08:25:06.161+0530][info][gc,heap     ] GC(173)      Used:      434M (85%)         512M (100%)        392M (77%)         362M (71%)         512M (100%)        362M (71%)    
[2025-12-18T08:25:06.161+0530][info][gc,heap     ] GC(173)      Live:         -               248M (48%)         248M (48%)         248M (48%)            -                  -          
[2025-12-18T08:25:06.161+0530][info][gc,heap     ] GC(173) Allocated:         -                78M (15%)          92M (18%)          93M (18%)            -                  -          
[2025-12-18T08:25:06.161+0530][info][gc,heap     ] GC(173)   Garbage:         -               185M (36%)          51M (10%)          19M (4%)             -                  -          
[2025-12-18T08:25:06.161+0530][info][gc,heap     ] GC(173) Reclaimed:         -                  -               134M (26%)         165M (32%)            -                  -          
[2025-12-18T08:25:06.161+0530][info][gc          ] GC(173) Garbage Collection (Allocation Stall) 434M(85%)->362M(71%)
[2025-12-18T08:25:06.217+0530][info][gc,start    ] GC(174) Garbage Collection (Allocation Stall)
[2025-12-18T08:25:06.217+0530][info][gc,ref      ] GC(174) Clearing All SoftReferences
[2025-12-18T08:25:06.217+0530][info][gc,task     ] GC(174) Using 2 workers
[2025-12-18T08:25:06.217+0530][info][gc,ref      ] GC(174) Clearing All SoftReferences
[2025-12-18T08:25:06.217+0530][info][gc,phases   ] GC(174) Pause Mark Start 0.058ms
[2025-12-18T08:25:06.352+0530][info][gc,phases   ] GC(174) Concurrent Mark 130.348ms
[2025-12-18T08:25:06.352+0530][info][gc,phases   ] GC(174) Pause Mark End 0.020ms
[2025-12-18T08:25:06.352+0530][info][gc,phases   ] GC(174) Concurrent Mark Free 0.001ms
[2025-12-18T08:25:06.353+0530][info][gc,phases   ] GC(174) Concurrent Process Non-Strong References 1.091ms
[2025-12-18T08:25:06.353+0530][info][gc,phases   ] GC(174) Concurrent Reset Relocation Set 0.003ms
[2025-12-18T08:25:06.353+0530][info][gc          ] Allocation Stall (Worker-0) 59.179ms
[2025-12-18T08:25:06.353+0530][info][gc          ] Allocation Stall (Worker-2) 58.941ms
[2025-12-18T08:25:06.353+0530][info][gc          ] Allocation Stall (Worker-1) 66.788ms
[2025-12-18T08:25:06.353+0530][info][gc          ] Allocation Stall (Worker-5) 66.759ms
[2025-12-18T08:25:06.353+0530][info][gc          ] Allocation Stall (Worker-3) 66.386ms
[2025-12-18T08:25:06.353+0530][info][gc          ] Allocation Stall (Worker-7) 65.663ms
[2025-12-18T08:25:06.353+0530][info][gc          ] Allocation Stall (Worker-6) 63.420ms
[2025-12-18T08:25:06.353+0530][info][gc          ] Allocation Stall (Worker-4) 62.716ms
[2025-12-18T08:25:06.357+0530][info][gc,phases   ] GC(174) Concurrent Select Relocation Set 3.668ms
[2025-12-18T08:25:06.357+0530][info][gc,phases   ] GC(174) Pause Relocate Start 0.009ms
[2025-12-18T08:25:06.370+0530][info][gc,phases   ] GC(174) Concurrent Relocate 1.610ms
[2025-12-18T08:25:06.370+0530][info][gc,load     ] GC(174) Load: 0.00/0.00/0.00
[2025-12-18T08:25:06.370+0530][info][gc,mmu      ] GC(174) MMU: 2ms/91.4%, 5ms/96.6%, 10ms/98.3%, 20ms/99.1%, 50ms/99.6%, 100ms/99.8%
[2025-12-18T08:25:06.370+0530][info][gc,marking  ] GC(174) Mark: 2 stripe(s), 2 proactive flush(es), 1 terminate flush(es), 0 completion(s), 0 continuation(s) 
[2025-12-18T08:25:06.370+0530][info][gc,marking  ] GC(174) Mark Stack Usage: 32M
[2025-12-18T08:25:06.370+0530][info][gc,nmethod  ] GC(174) NMethods: 662 registered, 1 unregistered
[2025-12-18T08:25:06.370+0530][info][gc,metaspace] GC(174) Metaspace: 3M used, 4M committed, 1088M reserved
[2025-12-18T08:25:06.370+0530][info][gc,ref      ] GC(174) Soft: 157 encountered, 83 discovered, 0 enqueued
[2025-12-18T08:25:06.370+0530][info][gc,ref      ] GC(174) Weak: 539 encountered, 416 discovered, 0 enqueued
[2025-12-18T08:25:06.370+0530][info][gc,ref      ] GC(174) Final: 0 encountered, 0 discovered, 0 enqueued
[2025-12-18T08:25:06.370+0530][info][gc,ref      ] GC(174) Phantom: 7 encountered, 3 discovered, 0 enqueued
[2025-12-18T08:25:06.371+0530][info][gc,reloc    ] GC(174) Small Pages: 207 / 414M, Empty: 136M, Relocated: 1M, In-Place: 0
[2025-12-18T08:25:06.371+0530][info][gc,reloc    ] GC(174) Medium Pages: 1 / 16M, Empty: 0M, Relocated: 0M, In-Place: 0
[2025-12-18T08:25:06.371+0530][info][gc,reloc    ] GC(174) Large Pages: 1 / 6M, Empty: 0M, Relocated: 0M, In-Place: 0
[2025-12-18T08:25:06.371+0530][info][gc,reloc    ] GC(174) Forwarding Usage: 0M
[2025-12-18T08:25:06.371+0530][info][gc,heap     ] GC(174) Min Capacity: 512M(100%)
[2025-12-18T08:25:06.371+0530][info][gc,heap     ] GC(174) Max Capacity: 512M(100%)
[2025-12-18T08:25:06.371+0530][info][gc,heap     ] GC(174) Soft Max Capacity: 512M(100%)
[2025-12-18T08:25:06.371+0530][info][gc,heap     ] GC(174)                Mark Start          Mark End        Relocate Start      Relocate End           High               Low         
[2025-12-18T08:25:06.371+0530][info][gc,heap     ] GC(174)  Capacity:      512M (100%)        512M (100%)        512M (100%)        512M (100%)        512M (100%)        512M (100%)   
[2025-12-18T08:25:06.371+0530][info][gc,heap     ] GC(174)      Free:       76M (15%)           0M (0%)          122M (24%)         138M (27%)         138M (27%)           0M (0%)     
[2025-12-18T08:25:06.371+0530][info][gc,heap     ] GC(174)      Used:      436M (85%)         512M (100%)        390M (76%)         374M (73%)         512M (100%)        374M (73%)    
[2025-12-18T08:25:06.371+0530][info][gc,heap     ] GC(174)      Live:         -               248M (48%)         248M (48%)         248M (48%)            -                  -          
[2025-12-18T08:25:06.371+0530][info][gc,heap     ] GC(174) Allocated:         -                76M (15%)          90M (18%)         105M (21%)            -                  -          
[2025-12-18T08:25:06.371+0530][info][gc,heap     ] GC(174)   Garbage:         -               187M (37%)          51M (10%)          20M (4%)             -                  -          
[2025-12-18T08:25:06.371+0530][info][gc,heap     ] GC(174) Reclaimed:         -                  -               136M (27%)         167M (33%)            -                  -          
[2025-12-18T08:25:06.371+0530][info][gc          ] GC(174) Garbage Collection (Allocation Stall) 436M(85%)->374M(73%)
[2025-12-18T08:25:06.417+0530][info][gc,start    ] GC(175) Garbage Collection (Allocation Stall)
[2025-12-18T08:25:06.417+0530][info][gc,ref      ] GC(175) Clearing All SoftReferences
[2025-12-18T08:25:06.417+0530][info][gc,task     ] GC(175) Using 2 workers
[2025-12-18T08:25:06.417+0530][info][gc,ref      ] GC(175) Clearing All SoftReferences
[2025-12-18T08:25:06.417+0530][info][gc,phases   ] GC(175) Pause Mark Start 0.056ms
[2025-12-18T08:25:06.543+0530][info][gc,phases   ] GC(175) Concurrent Mark 124.521ms
[2025-12-18T08:25:06.543+0530][info][gc,phases   ] GC(175) Pause Mark End 0.083ms
[2025-12-18T08:25:06.543+0530][info][gc,phases   ] GC(175) Concurrent Mark Free 0.001ms
[2025-12-18T08:25:06.544+0530][info][gc,phases   ] GC(175) Concurrent Process Non-Strong References 1.074ms
[2025-12-18T08:25:06.544+0530][info][gc,phases   ] GC(175) Concurrent Reset Relocation Set 0.002ms
[2025-12-18T08:25:06.544+0530][info][gc          ] Allocation Stall (Worker-0) 66.568ms
[2025-12-18T08:25:06.544+0530][info][gc          ] Allocation Stall (Worker-4) 77.322ms
[2025-12-18T08:25:06.544+0530][info][gc          ] Allocation Stall (Worker-2) 68.065ms
[2025-12-18T08:25:06.544+0530][info][gc          ] Allocation Stall (Worker-7) 66.080ms
[2025-12-18T08:25:06.544+0530][info][gc          ] Allocation Stall (Worker-3) 74.439ms
[2025-12-18T08:25:06.544+0530][info][gc          ] Allocation Stall (Worker-1) 77.404ms
[2025-12-18T08:25:06.544+0530][info][gc          ] Allocation Stall (Worker-6) 67.588ms
[2025-12-18T08:25:06.544+0530][info][gc          ] Allocation Stall (Worker-5) 70.334ms
[2025-12-18T08:25:06.544+0530][info][gc          ] Allocation Stall (main) 42.632ms
[2025-12-18T08:25:06.548+0530][info][gc,phases   ] GC(175) Concurrent Select Relocation Set 3.725ms
[2025-12-18T08:25:06.577+0530][info][gc,phases   ] GC(175) Pause Relocate Start 0.013ms
[2025-12-18T08:25:06.599+0530][info][gc,phases   ] GC(175) Concurrent Relocate 1.776ms
[2025-12-18T08:25:06.600+0530][info][gc,load     ] GC(175) Load: 0.00/0.00/0.00
[2025-12-18T08:25:06.600+0530][info][gc,mmu      ] GC(175) MMU: 2ms/91.4%, 5ms/96.6%, 10ms/98.3%, 20ms/99.1%, 50ms/99.6%, 100ms/99.8%
[2025-12-18T08:25:06.600+0530][info][gc,marking  ] GC(175) Mark: 2 stripe(s), 2 proactive flush(es), 1 terminate flush(es), 1 completion(s), 0 continuation(s) 
[2025-12-18T08:25:06.600+0530][info][gc,marking  ] GC(175) Mark Stack Usage: 32M
[2025-12-18T08:25:06.600+0530][info][gc,nmethod  ] GC(175) NMethods: 668 registered, 1 unregistered
[2025-12-18T08:25:06.600+0530][info][gc,metaspace] GC(175) Metaspace: 3M used, 4M committed, 1088M reserved
[2025-12-18T08:25:06.600+0530][info][gc,ref      ] GC(175) Soft: 157 encountered, 89 discovered, 0 enqueued
[2025-12-18T08:25:06.600+0530][info][gc,ref      ] GC(175) Weak: 539 encountered, 417 discovered, 0 enqueued
[2025-12-18T08:25:06.600+0530][info][gc,ref      ] GC(175) Final: 0 encountered, 0 discovered, 0 enqueued
[2025-12-18T08:25:06.600+0530][info][gc,ref      ] GC(175) Phantom: 7 encountered, 5 discovered, 0 enqueued
[2025-12-18T08:25:06.600+0530][info][gc,reloc    ] GC(175) Small Pages: 215 / 430M, Empty: 136M, Relocated: 1M, In-Place: 0
[2025-12-18T08:25:06.600+0530][info][gc,reloc    ] GC(175) Medium Pages: 1 / 16M, Empty: 0M, Relocated: 0M, In-Place: 0
[2025-12-18T08:25:06.600+0530][info][gc,reloc    ] GC(175) Large Pages: 1 / 6M, Empty: 0M, Relocated: 0M, In-Place: 0
[2025-12-18T08:25:06.600+0530][info][gc,reloc    ] GC(175) Forwarding Usage: 0M
[2025-12-18T08:25:06.600+0530][info][gc,heap     ] GC(175) Min Capacity: 512M(100%)
[2025-12-18T08:25:06.600+0530][info][gc,heap     ] GC(175) Max Capacity: 512M(100%)
[2025-12-18T08:25:06.600+0530][info][gc,heap     ] GC(175) Soft Max Capacity: 512M(100%)
[2025-12-18T08:25:06.600+0530][info][gc,heap     ] GC(175)                Mark Start          Mark End        Relocate Start      Relocate End           High               Low         
[2025-12-18T08:25:06.600+0530][info][gc,heap     ] GC(175)  Capacity:      512M (100%)        512M (100%)        512M (100%)        512M (100%)        512M (100%)        512M (100%)   
[2025-12-18T08:25:06.600+0530][info][gc,heap     ] GC(175)      Free:       60M (12%)           0M (0%)           78M (15%)         102M (20%)         128M (25%)           0M (0%)     
[2025-12-18T08:25:06.600+0530][info][gc,heap     ] GC(175)      Used:      452M (88%)         512M (100%)        434M (85%)         410M (80%)         512M (100%)        384M (75%)    
[2025-12-18T08:25:06.600+0530][info][gc,heap     ] GC(175)      Live:         -               248M (48%)         248M (48%)         248M (48%)            -                  -          
[2025-12-18T08:25:06.600+0530][info][gc,heap     ] GC(175) Allocated:         -                60M (12%)         118M (23%)         141M (28%)            -                  -          
[2025-12-18T08:25:06.600+0530][info][gc,heap     ] GC(175)   Garbage:         -               203M (40%)          67M (13%)          20M (4%)             -                  -          
[2025-12-18T08:25:06.600+0530][info][gc,heap     ] GC(175) Reclaimed:         -                  -               136M (27%)         183M (36%)            -                  -          
[2025-12-18T08:25:06.600+0530][info][gc          ] GC(175) Garbage Collection (Allocation Stall) 452M(88%)->410M(80%)
[2025-12-18T08:25:06.616+0530][info][gc,start    ] GC(176) Garbage Collection (Allocation Stall)
[2025-12-18T08:25:06.616+0530][info][gc,ref      ] GC(176) Clearing All SoftReferences
[2025-12-18T08:25:06.616+0530][info][gc,task     ] GC(176) Using 2 workers
[2025-12-18T08:25:06.616+0530][info][gc,ref      ] GC(176) Clearing All SoftReferences
[2025-12-18T08:25:06.616+0530][info][gc,phases   ] GC(176) Pause Mark Start 0.052ms
[2025-12-18T08:25:06.751+0530][info][gc,phases   ] GC(176) Concurrent Mark 130.733ms
[2025-12-18T08:25:06.751+0530][info][gc,phases   ] GC(176) Pause Mark End 0.091ms
[2025-12-18T08:25:06.751+0530][info][gc,phases   ] GC(176) Concurrent Mark Free 0.001ms
[2025-12-18T08:25:06.752+0530][info][gc,phases   ] GC(176) Concurrent Process Non-Strong References 1.052ms
[2025-12-18T08:25:06.752+0530][info][gc,phases   ] GC(176) Concurrent Reset Relocation Set 0.004ms
[2025-12-18T08:25:06.755+0530][info][gc          ] Allocation Stall (Worker-6) 62.824ms
[2025-12-18T08:25:06.755+0530][info][gc          ] Allocation Stall (Worker-5) 62.564ms
[2025-12-18T08:25:06.755+0530][info][gc          ] Allocation Stall (Worker-3) 62.050ms
[2025-12-18T08:25:06.755+0530][info][gc          ] Allocation Stall (Worker-2) 70.834ms
[2025-12-18T08:25:06.755+0530][info][gc          ] Allocation Stall (Worker-1) 69.781ms
[2025-12-18T08:25:06.755+0530][info][gc          ] Allocation Stall (Worker-7) 65.780ms
[2025-12-18T08:25:06.755+0530][info][gc          ] Allocation Stall (Worker-0) 65.753ms
[2025-12-18T08:25:06.755+0530][info][gc          ] Allocation Stall (Worker-4) 64.300ms
[2025-12-18T08:25:06.755+0530][info][gc,phases   ] GC(176) Concurrent Select Relocation Set 3.046ms
[2025-12-18T08:25:06.756+0530][info][gc,phases   ] GC(176) Pause Relocate Start 0.008ms
[2025-12-18T08:25:06.757+0530][info][gc,phases   ] GC(176) Concurrent Relocate 1.448ms
[2025-12-18T08:25:06.757+0530][info][gc,load     ] GC(176) Load: 0.00/0.00/0.00
[2025-12-18T08:25:06.757+0530][info][gc,mmu      ] GC(176) MMU: 2ms/91.4%, 5ms/96.6%, 10ms/98.3%, 20ms/99.1%, 50ms/99.6%, 100ms/99.8%
[2025-12-18T08:25:06.757+0530][info][gc,marking  ] GC(176) Mark: 2 stripe(s), 2 proactive flush(es), 1 terminate flush(es), 1 completion(s), 0 continuation(s) 
[2025-12-18T08:25:06.757+0530][info][gc,marking  ] GC(176) Mark Stack Usage: 32M
[2025-12-18T08:25:06.757+0530][info][gc,nmethod  ] GC(176) NMethods: 668 registered, 1 unregistered
[2025-12-18T08:25:06.757+0530][info][gc,metaspace] GC(176) Metaspace: 3M used, 4M committed, 1088M reserved
[2025-12-18T08:25:06.757+0530][info][gc,ref      ] GC(176) Soft: 157 encountered, 84 discovered, 0 enqueued
[2025-12-18T08:25:06.757+0530][info][gc,ref      ] GC(176) Weak: 539 encountered, 417 discovered, 0 enqueued
[2025-12-18T08:25:06.758+0530][info][gc,ref      ] GC(176) Final: 0 encountered, 0 discovered, 0 enqueued
[2025-12-18T08:25:06.758+0530][info][gc,ref      ] GC(176) Phantom: 7 encountered, 2 discovered, 0 enqueued
[2025-12-18T08:25:06.758+0530][info][gc,reloc    ] GC(176) Small Pages: 206 / 412M, Empty: 114M, Relocated: 1M, In-Place: 0
[2025-12-18T08:25:06.758+0530][info][gc,reloc    ] GC(176) Medium Pages: 1 / 16M, Empty: 0M, Relocated: 0M, In-Place: 0
[2025-12-18T08:25:06.758+0530][info][gc,reloc    ] GC(176) Large Pages: 1 / 6M, Empty: 0M, Relocated: 0M, In-Place: 0
[2025-12-18T08:25:06.758+0530][info][gc,reloc    ] GC(176) Forwarding Usage: 0M
[2025-12-18T08:25:06.758+0530][info][gc,heap     ] GC(176) Min Capacity: 512M(100%)
[2025-12-18T08:25:06.758+0530][info][gc,heap     ] GC(176) Max Capacity: 512M(100%)
[2025-12-18T08:25:06.758+0530][info][gc,heap     ] GC(176) Soft Max Capacity: 512M(100%)
[2025-12-18T08:25:06.758+0530][info][gc,heap     ] GC(176)                Mark Start          Mark End        Relocate Start      Relocate End           High               Low         
[2025-12-18T08:25:06.758+0530][info][gc,heap     ] GC(176)  Capacity:      512M (100%)        512M (100%)        512M (100%)        512M (100%)        512M (100%)        512M (100%)   
[2025-12-18T08:25:06.758+0530][info][gc,heap     ] GC(176)      Free:       78M (15%)           0M (0%)          100M (20%)         150M (29%)         150M (29%)           0M (0%)     
[2025-12-18T08:25:06.758+0530][info][gc,heap     ] GC(176)      Used:      434M (85%)         512M (100%)        412M (80%)         362M (71%)         512M (100%)        362M (71%)    
[2025-12-18T08:25:06.758+0530][info][gc,heap     ] GC(176)      Live:         -               248M (48%)         248M (48%)         248M (48%)            -                  -          
[2025-12-18T08:25:06.758+0530][info][gc,heap     ] GC(176) Allocated:         -                78M (15%)          92M (18%)          93M (18%)            -                  -          
[2025-12-18T08:25:06.758+0530][info][gc,heap     ] GC(176)   Garbage:         -               185M (36%)          71M (14%)          19M (4%)             -                  -          
[2025-12-18T08:25:06.758+0530][info][gc,heap     ] GC(176) Reclaimed:         -                  -               114M (22%)         165M (32%)            -                  -          
[2025-12-18T08:25:06.758+0530][info][gc          ] GC(176) Garbage Collection (Allocation Stall) 434M(85%)->362M(71%)
[2025-12-18T08:25:06.817+0530][info][gc,start    ] GC(177) Garbage Collection (Allocation Stall)
[2025-12-18T08:25:06.817+0530][info][gc,ref      ] GC(177) Clearing All SoftReferences
[2025-12-18T08:25:06.817+0530][info][gc,task     ] GC(177) Using 2 workers
[2025-12-18T08:25:06.817+0530][info][gc,ref      ] GC(177) Clearing All SoftReferences
[2025-12-18T08:25:06.817+0530][info][gc,phases   ] GC(177) Pause Mark Start 0.046ms
[2025-12-18T08:25:06.946+0530][info][gc,phases   ] GC(177) Concurrent Mark 125.010ms
[2025-12-18T08:25:06.946+0530][info][gc,phases   ] GC(177) Pause Mark End 0.094ms
[2025-12-18T08:25:06.946+0530][info][gc,phases   ] GC(177) Concurrent Mark Free 0.001ms
[2025-12-18T08:25:06.947+0530][info][gc,phases   ] GC(177) Concurrent Process Non-Strong References 1.076ms
[2025-12-18T08:25:06.947+0530][info][gc,phases   ] GC(177) Concurrent Reset Relocation Set 0.003ms
[2025-12-18T08:25:06.947+0530][info][gc          ] Allocation Stall (Worker-4) 64.773ms
[2025-12-18T08:25:06.947+0530][info][gc          ] Allocation Stall (Worker-5) 64.820ms
[2025-12-18T08:25:06.947+0530][info][gc          ] Allocation Stall (Worker-1) 64.551ms
[2025-12-18T08:25:06.947+0530][info][gc          ] Allocation Stall (Worker-2) 71.417ms
[2025-12-18T08:25:06.947+0530][info][gc          ] Allocation Stall (Worker-6) 65.028ms
[2025-12-18T08:25:06.947+0530][info][gc          ] Allocation Stall (Worker-3) 68.223ms
[2025-12-18T08:25:06.947+0530][info][gc          ] Allocation Stall (Worker-0) 71.135ms
[2025-12-18T08:25:06.947+0530][info][gc          ] Allocation Stall (Worker-7) 71.325ms
[2025-12-18T08:25:06.951+0530][info][gc,phases   ] GC(177) Concurrent Select Relocation Set 3.750ms
[2025-12-18T08:25:06.951+0530][info][gc,phases   ] GC(177) Pause Relocate Start 0.011ms
[2025-12-18T08:25:06.964+0530][info][gc,phases   ] GC(177) Concurrent Relocate 1.762ms
[2025-12-18T08:25:06.964+0530][info][gc,load     ] GC(177) Load: 0.00/0.00/0.00
[2025-12-18T08:25:06.964+0530][info][gc,mmu      ] GC(177) MMU: 2ms/91.4%, 5ms/96.6%, 10ms/98.3%, 20ms/99.1%, 50ms/99.6%, 100ms/99.8%
[2025-12-18T08:25:06.964+0530][info][gc,marking  ] GC(177) Mark: 2 stripe(s), 2 proactive flush(es), 1 terminate flush(es), 1 completion(s), 0 continuation(s) 
[2025-12-18T08:25:06.964+0530][info][gc,marking  ] GC(177) Mark Stack Usage: 32M
[2025-12-18T08:25:06.964+0530][info][gc,nmethod  ] GC(177) NMethods: 668 registered, 1 unregistered
[2025-12-18T08:25:06.964+0530][info][gc,metaspace] GC(177) Metaspace: 3M used, 4M committed, 1088M reserved
[2025-12-18T08:25:06.964+0530][info][gc,ref      ] GC(177) Soft: 157 encountered, 78 discovered, 0 enqueued
[2025-12-18T08:25:06.964+0530][info][gc,ref      ] GC(177) Weak: 539 encountered, 10 discovered, 0 enqueued
[2025-12-18T08:25:06.964+0530][info][gc,ref      ] GC(177) Final: 0 encountered, 0 discovered, 0 enqueued
[2025-12-18T08:25:06.964+0530][info][gc,ref      ] GC(177) Phantom: 7 encountered, 5 discovered, 0 enqueued
[2025-12-18T08:25:06.964+0530][info][gc,reloc    ] GC(177) Small Pages: 210 / 420M, Empty: 144M, Relocated: 1M, In-Place: 0
[2025-12-18T08:25:06.964+0530][info][gc,reloc    ] GC(177) Medium Pages: 1 / 16M, Empty: 0M, Relocated: 0M, In-Place: 0
[2025-12-18T08:25:06.964+0530][info][gc,reloc    ] GC(177) Large Pages: 1 / 6M, Empty: 0M, Relocated: 0M, In-Place: 0
[2025-12-18T08:25:06.964+0530][info][gc,reloc    ] GC(177) Forwarding Usage: 0M
[2025-12-18T08:25:06.964+0530][info][gc,heap     ] GC(177) Min Capacity: 512M(100%)
[2025-12-18T08:25:06.964+0530][info][gc,heap     ] GC(177) Max Capacity: 512M(100%)
[2025-12-18T08:25:06.964+0530][info][gc,heap     ] GC(177) Soft Max Capacity: 512M(100%)
[2025-12-18T08:25:06.964+0530][info][gc,heap     ] GC(177)                Mark Start          Mark End        Relocate Start      Relocate End           High               Low         
[2025-12-18T08:25:06.964+0530][info][gc,heap     ] GC(177)  Capacity:      512M (100%)        512M (100%)        512M (100%)        512M (100%)        512M (100%)        512M (100%)   
[2025-12-18T08:25:06.964+0530][info][gc,heap     ] GC(177)      Free:       70M (14%)           0M (0%)          130M (25%)         144M (28%)         144M (28%)           0M (0%)     
[2025-12-18T08:25:06.964+0530][info][gc,heap     ] GC(177)      Used:      442M (86%)         512M (100%)        382M (75%)         368M (72%)         512M (100%)        368M (72%)    
[2025-12-18T08:25:06.964+0530][info][gc,heap     ] GC(177)      Live:         -               248M (48%)         248M (48%)         248M (48%)            -                  -          
[2025-12-18T08:25:06.964+0530][info][gc,heap     ] GC(177) Allocated:         -                70M (14%)          84M (16%)          99M (20%)            -                  -          
[2025-12-18T08:25:06.964+0530][info][gc,heap     ] GC(177)   Garbage:         -               193M (38%)          49M (10%)          19M (4%)             -                  -          
[2025-12-18T08:25:06.964+0530][info][gc,heap     ] GC(177) Reclaimed:         -                  -               144M (28%)         173M (34%)            -                  -          
[2025-12-18T08:25:06.964+0530][info][gc          ] GC(177) Garbage Collection (Allocation Stall) 442M(86%)->368M(72%)
[2025-12-18T08:25:07.017+0530][info][gc,start    ] GC(178) Garbage Collection (Allocation Stall)
[2025-12-18T08:25:07.017+0530][info][gc,ref      ] GC(178) Clearing All SoftReferences
[2025-12-18T08:25:07.017+0530][info][gc,task     ] GC(178) Using 2 workers
[2025-12-18T08:25:07.017+0530][info][gc,ref      ] GC(178) Clearing All SoftReferences
[2025-12-18T08:25:07.017+0530][info][gc,phases   ] GC(178) Pause Mark Start 0.039ms
[2025-12-18T08:25:07.153+0530][info][gc,phases   ] GC(178) Concurrent Mark 132.603ms
[2025-12-18T08:25:07.153+0530][info][gc,phases   ] GC(178) Pause Mark End 0.018ms
[2025-12-18T08:25:07.153+0530][info][gc,phases   ] GC(178) Concurrent Mark Free 0.001ms
[2025-12-18T08:25:07.154+0530][info][gc,phases   ] GC(178) Concurrent Process Non-Strong References 1.060ms
[2025-12-18T08:25:07.154+0530][info][gc,phases   ] GC(178) Concurrent Reset Relocation Set 0.002ms
[2025-12-18T08:25:07.157+0530][info][gc          ] Allocation Stall (Worker-3) 57.912ms
[2025-12-18T08:25:07.157+0530][info][gc          ] Allocation Stall (Worker-1) 56.221ms
[2025-12-18T08:25:07.157+0530][info][gc          ] Allocation Stall (Worker-4) 55.291ms
[2025-12-18T08:25:07.157+0530][info][gc          ] Allocation Stall (Worker-5) 63.941ms
[2025-12-18T08:25:07.157+0530][info][gc          ] Allocation Stall (Worker-6) 65.352ms
[2025-12-18T08:25:07.157+0530][info][gc          ] Allocation Stall (Worker-0) 62.529ms
[2025-12-18T08:25:07.157+0530][info][gc          ] Allocation Stall (Worker-2) 61.111ms
[2025-12-18T08:25:07.157+0530][info][gc          ] Allocation Stall (Worker-7) 59.924ms
[2025-12-18T08:25:07.157+0530][info][gc,phases   ] GC(178) Concurrent Select Relocation Set 3.154ms
[2025-12-18T08:25:07.158+0530][info][gc,phases   ] GC(178) Pause Relocate Start 0.010ms
[2025-12-18T08:25:07.172+0530][info][gc,phases   ] GC(178) Concurrent Relocate 1.790ms
[2025-12-18T08:25:07.173+0530][info][gc,load     ] GC(178) Load: 0.00/0.00/0.00
[2025-12-18T08:25:07.173+0530][info][gc,mmu      ] GC(178) MMU: 2ms/91.4%, 5ms/96.6%, 10ms/98.3%, 20ms/99.1%, 50ms/99.6%, 100ms/99.8%
[2025-12-18T08:25:07.173+0530][info][gc,marking  ] GC(178) Mark: 2 stripe(s), 2 proactive flush(es), 1 terminate flush(es), 0 completion(s), 0 continuation(s) 
[2025-12-18T08:25:07.173+0530][info][gc,marking  ] GC(178) Mark Stack Usage: 32M
[2025-12-18T08:25:07.173+0530][info][gc,nmethod  ] GC(178) NMethods: 668 registered, 1 unregistered
[2025-12-18T08:25:07.173+0530][info][gc,metaspace] GC(178) Metaspace: 3M used, 4M committed, 1088M reserved
[2025-12-18T08:25:07.173+0530][info][gc,ref      ] GC(178) Soft: 157 encountered, 88 discovered, 0 enqueued
[2025-12-18T08:25:07.173+0530][info][gc,ref      ] GC(178) Weak: 539 encountered, 398 discovered, 0 enqueued
[2025-12-18T08:25:07.173+0530][info][gc,ref      ] GC(178) Final: 0 encountered, 0 discovered, 0 enqueued
[2025-12-18T08:25:07.173+0530][info][gc,ref      ] GC(178) Phantom: 7 encountered, 3 discovered, 0 enqueued
[2025-12-18T08:25:07.173+0530][info][gc,reloc    ] GC(178) Small Pages: 206 / 412M, Empty: 118M, Relocated: 1M, In-Place: 0
[2025-12-18T08:25:07.173+0530][info][gc,reloc    ] GC(178) Medium Pages: 1 / 16M, Empty: 0M, Relocated: 0M, In-Place: 0
[2025-12-18T08:25:07.173+0530][info][gc,reloc    ] GC(178) Large Pages: 1 / 6M, Empty: 0M, Relocated: 0M, In-Place: 0
[2025-12-18T08:25:07.173+0530][info][gc,reloc    ] GC(178) Forwarding Usage: 0M
[2025-12-18T08:25:07.173+0530][info][gc,heap     ] GC(178) Min Capacity: 512M(100%)
[2025-12-18T08:25:07.173+0530][info][gc,heap     ] GC(178) Max Capacity: 512M(100%)
[2025-12-18T08:25:07.173+0530][info][gc,heap     ] GC(178) Soft Max Capacity: 512M(100%)
[2025-12-18T08:25:07.173+0530][info][gc,heap     ] GC(178)                Mark Start          Mark End        Relocate Start      Relocate End           High               Low         
[2025-12-18T08:25:07.173+0530][info][gc,heap     ] GC(178)  Capacity:      512M (100%)        512M (100%)        512M (100%)        512M (100%)        512M (100%)        512M (100%)   
[2025-12-18T08:25:07.173+0530][info][gc,heap     ] GC(178)      Free:       78M (15%)           0M (0%)          104M (20%)         136M (27%)         136M (27%)           0M (0%)     
[2025-12-18T08:25:07.173+0530][info][gc,heap     ] GC(178)      Used:      434M (85%)         512M (100%)        408M (80%)         376M (73%)         512M (100%)        376M (73%)    
[2025-12-18T08:25:07.173+0530][info][gc,heap     ] GC(178)      Live:         -               248M (48%)         248M (48%)         248M (48%)            -                  -          
[2025-12-18T08:25:07.173+0530][info][gc,heap     ] GC(178) Allocated:         -                78M (15%)          92M (18%)         107M (21%)            -                  -          
[2025-12-18T08:25:07.173+0530][info][gc,heap     ] GC(178)   Garbage:         -               185M (36%)          67M (13%)          20M (4%)             -                  -          
[2025-12-18T08:25:07.173+0530][info][gc,heap     ] GC(178) Reclaimed:         -                  -               118M (23%)         165M (32%)            -                  -          
[2025-12-18T08:25:07.173+0530][info][gc          ] GC(178) Garbage Collection (Allocation Stall) 434M(85%)->376M(73%)
[2025-12-18T08:25:07.217+0530][info][gc,start    ] GC(179) Garbage Collection (Allocation Stall)
[2025-12-18T08:25:07.217+0530][info][gc,ref      ] GC(179) Clearing All SoftReferences
[2025-12-18T08:25:07.217+0530][info][gc,task     ] GC(179) Using 2 workers
[2025-12-18T08:25:07.217+0530][info][gc,ref      ] GC(179) Clearing All SoftReferences
[2025-12-18T08:25:07.217+0530][info][gc,phases   ] GC(179) Pause Mark Start 0.073ms
[2025-12-18T08:25:07.350+0530][info][gc,phases   ] GC(179) Concurrent Mark 127.496ms
[2025-12-18T08:25:07.350+0530][info][gc,phases   ] GC(179) Pause Mark End 0.018ms
[2025-12-18T08:25:07.350+0530][info][gc,phases   ] GC(179) Concurrent Mark Free 0.001ms
[2025-12-18T08:25:07.351+0530][info][gc,phases   ] GC(179) Concurrent Process Non-Strong References 1.069ms
[2025-12-18T08:25:07.351+0530][info][gc,phases   ] GC(179) Concurrent Reset Relocation Set 0.003ms
[2025-12-18T08:25:07.354+0530][info][gc          ] Allocation Stall (Worker-2) 63.391ms
[2025-12-18T08:25:07.354+0530][info][gc          ] Allocation Stall (Worker-7) 61.204ms
[2025-12-18T08:25:07.354+0530][info][gc          ] Allocation Stall (Worker-6) 62.861ms
[2025-12-18T08:25:07.354+0530][info][gc          ] Allocation Stall (Worker-4) 71.205ms
[2025-12-18T08:25:07.354+0530][info][gc          ] Allocation Stall (Worker-3) 69.223ms
[2025-12-18T08:25:07.354+0530][info][gc          ] Allocation Stall (Worker-1) 65.241ms
[2025-12-18T08:25:07.354+0530][info][gc          ] Allocation Stall (Worker-5) 67.362ms
[2025-12-18T08:25:07.354+0530][info][gc,phases   ] GC(179) Concurrent Select Relocation Set 3.113ms
[2025-12-18T08:25:07.354+0530][info][gc          ] Allocation Stall (Worker-0) 69.175ms
[2025-12-18T08:25:07.355+0530][info][gc,phases   ] GC(179) Pause Relocate Start 0.009ms
[2025-12-18T08:25:07.360+0530][info][gc,phases   ] GC(179) Concurrent Relocate 1.608ms
[2025-12-18T08:25:07.360+0530][info][gc,load     ] GC(179) Load: 0.00/0.00/0.00
[2025-12-18T08:25:07.360+0530][info][gc,mmu      ] GC(179) MMU: 2ms/91.4%, 5ms/96.6%, 10ms/98.3%, 20ms/99.1%, 50ms/99.6%, 100ms/99.8%
[2025-12-18T08:25:07.360+0530][info][gc,marking  ] GC(179) Mark: 2 stripe(s), 2 proactive flush(es), 1 terminate flush(es), 0 completion(s), 0 continuation(s) 
[2025-12-18T08:25:07.360+0530][info][gc,marking  ] GC(179) Mark Stack Usage: 32M
[2025-12-18T08:25:07.360+0530][info][gc,nmethod  ] GC(179) NMethods: 668 registered, 1 unregistered
[2025-12-18T08:25:07.360+0530][info][gc,metaspace] GC(179) Metaspace: 3M used, 4M committed, 1088M reserved
[2025-12-18T08:25:07.360+0530][info][gc,ref      ] GC(179) Soft: 157 encountered, 88 discovered, 0 enqueued
[2025-12-18T08:25:07.360+0530][info][gc,ref      ] GC(179) Weak: 539 encountered, 405 discovered, 0 enqueued
[2025-12-18T08:25:07.360+0530][info][gc,ref      ] GC(179) Final: 0 encountered, 0 discovered, 0 enqueued
[2025-12-18T08:25:07.360+0530][info][gc,ref      ] GC(179) Phantom: 7 encountered, 3 discovered, 0 enqueued
[2025-12-18T08:25:07.361+0530][info][gc,reloc    ] GC(179) Small Pages: 209 / 418M, Empty: 124M, Relocated: 1M, In-Place: 0
[2025-12-18T08:25:07.361+0530][info][gc,reloc    ] GC(179) Medium Pages: 1 / 16M, Empty: 0M, Relocated: 0M, In-Place: 0
[2025-12-18T08:25:07.361+0530][info][gc,reloc    ] GC(179) Large Pages: 1 / 6M, Empty: 0M, Relocated: 0M, In-Place: 0
[2025-12-18T08:25:07.361+0530][info][gc,reloc    ] GC(179) Forwarding Usage: 0M
[2025-12-18T08:25:07.361+0530][info][gc,heap     ] GC(179) Min Capacity: 512M(100%)
[2025-12-18T08:25:07.361+0530][info][gc,heap     ] GC(179) Max Capacity: 512M(100%)
[2025-12-18T08:25:07.361+0530][info][gc,heap     ] GC(179) Soft Max Capacity: 512M(100%)
[2025-12-18T08:25:07.361+0530][info][gc,heap     ] GC(179)                Mark Start          Mark End        Relocate Start      Relocate End           High               Low         
[2025-12-18T08:25:07.361+0530][info][gc,heap     ] GC(179)  Capacity:      512M (100%)        512M (100%)        512M (100%)        512M (100%)        512M (100%)        512M (100%)   
[2025-12-18T08:25:07.361+0530][info][gc,heap     ] GC(179)      Free:       72M (14%)           0M (0%)          110M (21%)         156M (30%)         156M (30%)           0M (0%)     
[2025-12-18T08:25:07.361+0530][info][gc,heap     ] GC(179)      Used:      440M (86%)         512M (100%)        402M (79%)         356M (70%)         512M (100%)        356M (70%)    
[2025-12-18T08:25:07.361+0530][info][gc,heap     ] GC(179)      Live:         -               248M (48%)         248M (48%)         248M (48%)            -                  -          
[2025-12-18T08:25:07.361+0530][info][gc,heap     ] GC(179) Allocated:         -                72M (14%)          86M (17%)          87M (17%)            -                  -          
[2025-12-18T08:25:07.361+0530][info][gc,heap     ] GC(179)   Garbage:         -               191M (37%)          67M (13%)          19M (4%)             -                  -          
[2025-12-18T08:25:07.361+0530][info][gc,heap     ] GC(179) Reclaimed:         -                  -               124M (24%)         171M (34%)            -                  -          
[2025-12-18T08:25:07.361+0530][info][gc          ] GC(179) Garbage Collection (Allocation Stall) 440M(86%)->356M(70%)
[2025-12-18T08:25:07.416+0530][info][gc,start    ] GC(180) Garbage Collection (Allocation Stall)
[2025-12-18T08:25:07.416+0530][info][gc,ref      ] GC(180) Clearing All SoftReferences
[2025-12-18T08:25:07.416+0530][info][gc,task     ] GC(180) Using 2 workers
[2025-12-18T08:25:07.416+0530][info][gc,ref      ] GC(180) Clearing All SoftReferences
[2025-12-18T08:25:07.416+0530][info][gc,phases   ] GC(180) Pause Mark Start 0.060ms
[2025-12-18T08:25:07.517+0530][info][gc,stats    ] === Garbage Collection Statistics =======================================================================================================================
[2025-12-18T08:25:07.517+0530][info][gc,stats    ]                                                              Last 10s              Last 10m              Last 10h                Total
[2025-12-18T08:25:07.517+0530][info][gc,stats    ]                                                              Avg / Max             Avg / Max             Avg / Max             Avg / Max
[2025-12-18T08:25:07.517+0530][info][gc,stats    ]   Collector: Garbage Collection Cycle                    155.614 / 189.855     149.572 / 206.703     149.572 / 206.703     149.572 / 206.703     ms
[2025-12-18T08:25:07.517+0530][info][gc,stats    ]  Contention: Mark Segment Reset Contention                     0 / 2                 0 / 3                 0 / 3                 0 / 3           ops/s
[2025-12-18T08:25:07.517+0530][info][gc,stats    ]  Contention: Mark SeqNum Reset Contention                      0 / 2                 0 / 2                 0 / 2                 0 / 2           ops/s
[2025-12-18T08:25:07.517+0530][info][gc,stats    ]    Critical: Allocation Stall                                 40 / 42               33 / 42               33 / 42               33 / 42          ops/s
[2025-12-18T08:25:07.517+0530][info][gc,stats    ]    Critical: Allocation Stall                             63.062 / 98.789       61.197 / 116.406      61.197 / 116.406      61.197 / 116.406     ms
[2025-12-18T08:25:07.517+0530][info][gc,stats    ]    Critical: GC Locker Stall                                   0 / 0                 0 / 0                 0 / 0                 0 / 0           ops/s
[2025-12-18T08:25:07.517+0530][info][gc,stats    ]    Critical: GC Locker Stall                               0.000 / 0.000         0.000 / 0.000         0.000 / 0.000         0.000 / 0.000       ms
[2025-12-18T08:25:07.517+0530][info][gc,stats    ]    Critical: Relocation Stall                                  0 / 0                 0 / 0                 0 / 0                 0 / 0           ops/s
[2025-12-18T08:25:07.517+0530][info][gc,stats    ]    Critical: Relocation Stall                              0.000 / 0.000         0.000 / 0.000         0.000 / 0.000         0.000 / 0.000       ms
[2025-12-18T08:25:07.517+0530][info][gc,stats    ]      Memory: Allocation Rate                                 857 / 880             721 / 890             721 / 890             721 / 890         MB/s
[2025-12-18T08:25:07.517+0530][info][gc,stats    ]      Memory: Defragment                                        0 / 0                 0 / 0                 0 / 0                 0 / 0           ops/s
[2025-12-18T08:25:07.517+0530][info][gc,stats    ]      Memory: Out Of Memory                                     0 / 0                 0 / 0                 0 / 0                 0 / 0           ops/s
[2025-12-18T08:25:07.517+0530][info][gc,stats    ]      Memory: Page Cache Flush                                  0 / 0                 0 / 0                 0 / 0                 0 / 0           MB/s
[2025-12-18T08:25:07.517+0530][info][gc,stats    ]      Memory: Page Cache Hit L1                               438 / 450             363 / 455             363 / 455             363 / 455         ops/s
[2025-12-18T08:25:07.517+0530][info][gc,stats    ]      Memory: Page Cache Hit L2                                 0 / 0                 0 / 0                 0 / 0                 0 / 0           ops/s
[2025-12-18T08:25:07.517+0530][info][gc,stats    ]      Memory: Page Cache Hit L3                                 0 / 0                 6 / 113               6 / 113               6 / 113         ops/s
[2025-12-18T08:25:07.517+0530][info][gc,stats    ]      Memory: Page Cache Miss                                   0 / 0                 0 / 1                 0 / 1                 0 / 1           ops/s
[2025-12-18T08:25:07.517+0530][info][gc,stats    ]      Memory: Uncommit                                          0 / 0                 0 / 0                 0 / 0                 0 / 0           MB/s
[2025-12-18T08:25:07.517+0530][info][gc,stats    ]      Memory: Undo Object Allocation Failed                     0 / 0                 0 / 2                 0 / 2                 0 / 2           ops/s
[2025-12-18T08:25:07.517+0530][info][gc,stats    ]      Memory: Undo Object Allocation Succeeded                 15 / 21               13 / 23               13 / 23               13 / 23          ops/s
[2025-12-18T08:25:07.517+0530][info][gc,stats    ]      Memory: Undo Page Allocation                             10 / 13                8 / 13                8 / 13                8 / 13          ops/s
[2025-12-18T08:25:07.517+0530][info][gc,stats    ]       Phase: Concurrent Mark                             131.069 / 148.887     130.928 / 172.864     130.928 / 172.864     130.928 / 172.864     ms
[2025-12-18T08:25:07.517+0530][info][gc,stats    ]       Phase: Concurrent Mark Continue                      0.000 / 0.000         0.000 / 0.000         0.000 / 0.000         0.000 / 0.000       ms
[2025-12-18T08:25:07.517+0530][info][gc,stats    ]       Phase: Concurrent Mark Free                          0.001 / 0.002         0.001 / 0.004         0.001 / 0.004         0.001 / 0.004       ms
[2025-12-18T08:25:07.517+0530][info][gc,stats    ]       Phase: Concurrent Process Non-Strong References      1.066 / 1.206         1.123 / 3.602         1.123 / 3.602         1.123 / 3.602       ms
[2025-12-18T08:25:07.517+0530][info][gc,stats    ]       Phase: Concurrent Relocate                           1.704 / 2.662         1.597 / 3.777         1.597 / 3.777         1.597 / 3.777       ms
[2025-12-18T08:25:07.517+0530][info][gc,stats    ]       Phase: Concurrent Reset Relocation Set               0.003 / 0.005         0.003 / 0.005         0.003 / 0.005         0.003 / 0.005       ms
[2025-12-18T08:25:07.517+0530][info][gc,stats    ]       Phase: Concurrent Select Relocation Set              3.389 / 4.757         3.416 / 6.683         3.416 / 6.683         3.416 / 6.683       ms
[2025-12-18T08:25:07.517+0530][info][gc,stats    ]       Phase: Pause Mark End                                0.073 / 0.149         0.074 / 0.150         0.074 / 0.150         0.074 / 0.150       ms
[2025-12-18T08:25:07.517+0530][info][gc,stats    ]       Phase: Pause Mark Start                              0.058 / 0.087         0.058 / 0.171         0.058 / 0.171         0.058 / 0.171       ms
[2025-12-18T08:25:07.517+0530][info][gc,stats    ]       Phase: Pause Relocate Start                          0.012 / 0.038         0.011 / 0.038         0.011 / 0.038         0.011 / 0.038       ms
[2025-12-18T08:25:07.518+0530][info][gc,stats    ]    Subphase: Concurrent Classes Purge                      0.017 / 0.064         0.028 / 1.727         0.028 / 1.727         0.028 / 1.727       ms
[2025-12-18T08:25:07.518+0530][info][gc,stats    ]    Subphase: Concurrent Classes Unlink                     0.592 / 0.703         0.605 / 2.467         0.605 / 2.467         0.605 / 2.467       ms
[2025-12-18T08:25:07.518+0530][info][gc,stats    ]    Subphase: Concurrent Mark                             129.925 / 148.287     128.646 / 172.208     128.646 / 172.208     128.646 / 172.208     ms
[2025-12-18T08:25:07.518+0530][info][gc,stats    ]    Subphase: Concurrent Mark Try Flush                     0.103 / 0.488         0.132 / 10.177        0.132 / 10.177        0.132 / 10.177      ms
[2025-12-18T08:25:07.518+0530][info][gc,stats    ]    Subphase: Concurrent Mark Try Terminate                 0.554 / 2.255         1.304 / 16.985        1.304 / 16.985        1.304 / 16.985      ms
[2025-12-18T08:25:07.518+0530][info][gc,stats    ]    Subphase: Concurrent References Enqueue                 0.001 / 0.001         0.001 / 0.015         0.001 / 0.015         0.001 / 0.015       ms
[2025-12-18T08:25:07.518+0530][info][gc,stats    ]    Subphase: Concurrent References Process                 0.113 / 0.191         0.111 / 0.204         0.111 / 0.204         0.111 / 0.204       ms
[2025-12-18T08:25:07.518+0530][info][gc,stats    ]    Subphase: Concurrent Roots ClassLoaderDataGraph         0.106 / 0.258         0.107 / 0.456         0.107 / 0.456         0.107 / 0.456       ms
[2025-12-18T08:25:07.518+0530][info][gc,stats    ]    Subphase: Concurrent Roots CodeCache                    0.000 / 0.000         0.000 / 0.000         0.000 / 0.000         0.000 / 0.000       ms
[2025-12-18T08:25:07.518+0530][info][gc,stats    ]    Subphase: Concurrent Roots JavaThreads                  0.304 / 0.610         0.321 / 1.858         0.321 / 1.858         0.321 / 1.858       ms
[2025-12-18T08:25:07.518+0530][info][gc,stats    ]    Subphase: Concurrent Roots OopStorageSet                0.026 / 0.081         0.028 / 0.081         0.028 / 0.081         0.028 / 0.081       ms
[2025-12-18T08:25:07.518+0530][info][gc,stats    ]    Subphase: Concurrent Weak Roots OopStorageSet           0.178 / 0.234         0.188 / 0.485         0.188 / 0.485         0.188 / 0.485       ms
[2025-12-18T08:25:07.518+0530][info][gc,stats    ]    Subphase: Pause Mark Try Complete                       0.002 / 0.011         0.002 / 0.024         0.002 / 0.024         0.002 / 0.024       ms
[2025-12-18T08:25:07.518+0530][info][gc,stats    ]      System: Java Threads                                     22 / 22               21 / 22               21 / 22               21 / 22          threads
[2025-12-18T08:25:07.518+0530][info][gc,stats    ] =========================================================================================================================================================
[2025-12-18T08:25:07.547+0530][info][gc,phases   ] GC(180) Concurrent Mark 128.370ms
[2025-12-18T08:25:07.547+0530][info][gc,phases   ] GC(180) Pause Mark End 0.102ms
[2025-12-18T08:25:07.547+0530][info][gc,phases   ] GC(180) Concurrent Mark Free 0.001ms
[2025-12-18T08:25:07.548+0530][info][gc,phases   ] GC(180) Concurrent Process Non-Strong References 1.043ms
[2025-12-18T08:25:07.548+0530][info][gc,phases   ] GC(180) Concurrent Reset Relocation Set 0.003ms
[2025-12-18T08:25:07.548+0530][info][gc          ] Allocation Stall (Worker-3) 57.124ms
[2025-12-18T08:25:07.548+0530][info][gc          ] Allocation Stall (Worker-0) 60.174ms
[2025-12-18T08:25:07.548+0530][info][gc          ] Allocation Stall (Worker-7) 54.391ms
[2025-12-18T08:25:07.548+0530][info][gc          ] Allocation Stall (Worker-4) 51.895ms
[2025-12-18T08:25:07.548+0530][info][gc          ] Allocation Stall (Worker-1) 62.691ms
[2025-12-18T08:25:07.548+0530][info][gc          ] Allocation Stall (Worker-5) 60.918ms
[2025-12-18T08:25:07.548+0530][info][gc          ] Allocation Stall (Worker-2) 60.804ms
[2025-12-18T08:25:07.548+0530][info][gc          ] Allocation Stall (Worker-6) 60.514ms
[2025-12-18T08:25:07.552+0530][info][gc,phases   ] GC(180) Concurrent Select Relocation Set 3.687ms
[2025-12-18T08:25:07.552+0530][info][gc,phases   ] GC(180) Pause Relocate Start 0.012ms
[2025-12-18T08:25:07.557+0530][info][gc,phases   ] GC(180) Concurrent Relocate 1.532ms
[2025-12-18T08:25:07.557+0530][info][gc,load     ] GC(180) Load: 0.00/0.00/0.00
[2025-12-18T08:25:07.557+0530][info][gc,mmu      ] GC(180) MMU: 2ms/91.4%, 5ms/96.6%, 10ms/98.3%, 20ms/99.1%, 50ms/99.6%, 100ms/99.8%
[2025-12-18T08:25:07.557+0530][info][gc,marking  ] GC(180) Mark: 2 stripe(s), 2 proactive flush(es), 1 terminate flush(es), 1 completion(s), 0 continuation(s) 
[2025-12-18T08:25:07.557+0530][info][gc,marking  ] GC(180) Mark Stack Usage: 32M
[2025-12-18T08:25:07.557+0530][info][gc,nmethod  ] GC(180) NMethods: 668 registered, 1 unregistered
[2025-12-18T08:25:07.557+0530][info][gc,metaspace] GC(180) Metaspace: 3M used, 4M committed, 1088M reserved
[2025-12-18T08:25:07.557+0530][info][gc,ref      ] GC(180) Soft: 157 encountered, 78 discovered, 0 enqueued
[2025-12-18T08:25:07.557+0530][info][gc,ref      ] GC(180) Weak: 539 encountered, 4 discovered, 0 enqueued
[2025-12-18T08:25:07.557+0530][info][gc,ref      ] GC(180) Final: 0 encountered, 0 discovered, 0 enqueued
[2025-12-18T08:25:07.557+0530][info][gc,ref      ] GC(180) Phantom: 7 encountered, 5 discovered, 0 enqueued
[2025-12-18T08:25:07.557+0530][info][gc,reloc    ] GC(180) Small Pages: 207 / 414M, Empty: 136M, Relocated: 1M, In-Place: 0
[2025-12-18T08:25:07.557+0530][info][gc,reloc    ] GC(180) Medium Pages: 1 / 16M, Empty: 0M, Relocated: 0M, In-Place: 0
[2025-12-18T08:25:07.557+0530][info][gc,reloc    ] GC(180) Large Pages: 1 / 6M, Empty: 0M, Relocated: 0M, In-Place: 0
[2025-12-18T08:25:07.557+0530][info][gc,reloc    ] GC(180) Forwarding Usage: 0M
[2025-12-18T08:25:07.557+0530][info][gc,heap     ] GC(180) Min Capacity: 512M(100%)
[2025-12-18T08:25:07.557+0530][info][gc,heap     ] GC(180) Max Capacity: 512M(100%)
[2025-12-18T08:25:07.557+0530][info][gc,heap     ] GC(180) Soft Max Capacity: 512M(100%)
[2025-12-18T08:25:07.557+0530][info][gc,heap     ] GC(180)                Mark Start          Mark End        Relocate Start      Relocate End           High               Low         
[2025-12-18T08:25:07.557+0530][info][gc,heap     ] GC(180)  Capacity:      512M (100%)        512M (100%)        512M (100%)        512M (100%)        512M (100%)        512M (100%)   
[2025-12-18T08:25:07.557+0530][info][gc,heap     ] GC(180)      Free:       76M (15%)           0M (0%)          122M (24%)         152M (30%)         152M (30%)           0M (0%)     
[2025-12-18T08:25:07.557+0530][info][gc,heap     ] GC(180)      Used:      436M (85%)         512M (100%)        390M (76%)         360M (70%)         512M (100%)        360M (70%)    
[2025-12-18T08:25:07.557+0530][info][gc,heap     ] GC(180)      Live:         -               248M (48%)         248M (48%)         248M (48%)            -                  -          
[2025-12-18T08:25:07.557+0530][info][gc,heap     ] GC(180) Allocated:         -                76M (15%)          90M (18%)          91M (18%)            -                  -          
[2025-12-18T08:25:07.557+0530][info][gc,heap     ] GC(180)   Garbage:         -               187M (37%)          51M (10%)          19M (4%)             -                  -          
[2025-12-18T08:25:07.557+0530][info][gc,heap     ] GC(180) Reclaimed:         -                  -               136M (27%)         167M (33%)            -                  -          
[2025-12-18T08:25:07.557+0530][info][gc          ] GC(180) Garbage Collection (Allocation Stall) 436M(85%)->360M(70%)
[2025-12-18T08:25:07.617+0530][info][gc,start    ] GC(181) Garbage Collection (Allocation Stall)
[2025-12-18T08:25:07.617+0530][info][gc,ref      ] GC(181) Clearing All SoftReferences
[2025-12-18T08:25:07.617+0530][info][gc,task     ] GC(181) Using 2 workers
[2025-12-18T08:25:07.617+0530][info][gc,ref      ] GC(181) Clearing All SoftReferences
[2025-12-18T08:25:07.617+0530][info][gc,phases   ] GC(181) Pause Mark Start 0.060ms
[2025-12-18T08:25:07.753+0530][info][gc,phases   ] GC(181) Concurrent Mark 104.208ms
[2025-12-18T08:25:07.753+0530][info][gc,phases   ] GC(181) Pause Mark End 0.093ms
[2025-12-18T08:25:07.753+0530][info][gc,phases   ] GC(181) Concurrent Mark Free 0.001ms
[2025-12-18T08:25:07.754+0530][info][gc,phases   ] GC(181) Concurrent Process Non-Strong References 1.102ms
[2025-12-18T08:25:07.754+0530][info][gc,phases   ] GC(181) Concurrent Reset Relocation Set 0.002ms
[2025-12-18T08:25:07.754+0530][info][gc          ] Allocation Stall (Worker-7) 93.429ms
[2025-12-18T08:25:07.754+0530][info][gc          ] Allocation Stall (Worker-4) 93.025ms
[2025-12-18T08:25:07.754+0530][info][gc          ] Allocation Stall (Worker-5) 100.694ms
[2025-12-18T08:25:07.754+0530][info][gc          ] Allocation Stall (Worker-3) 93.917ms
[2025-12-18T08:25:07.754+0530][info][gc          ] Allocation Stall (Worker-1) 103.194ms
[2025-12-18T08:25:07.754+0530][info][gc          ] Allocation Stall (Worker-2) 100.394ms
[2025-12-18T08:25:07.754+0530][info][gc          ] Allocation Stall (Worker-0) 95.658ms
[2025-12-18T08:25:07.754+0530][info][gc          ] Allocation Stall (Worker-6) 96.707ms
[2025-12-18T08:25:07.758+0530][info][gc,phases   ] GC(181) Concurrent Select Relocation Set 3.611ms
[2025-12-18T08:25:07.758+0530][info][gc,phases   ] GC(181) Pause Relocate Start 0.010ms
[2025-12-18T08:25:07.779+0530][info][gc,phases   ] GC(181) Concurrent Relocate 1.750ms
[2025-12-18T08:25:07.779+0530][info][gc,load     ] GC(181) Load: 0.00/0.00/0.00
[2025-12-18T08:25:07.779+0530][info][gc,mmu      ] GC(181) MMU: 2ms/91.4%, 5ms/96.6%, 10ms/98.3%, 20ms/99.1%, 50ms/99.6%, 100ms/99.8%
[2025-12-18T08:25:07.779+0530][info][gc,marking  ] GC(181) Mark: 2 stripe(s), 2 proactive flush(es), 1 terminate flush(es), 1 completion(s), 0 continuation(s) 
[2025-12-18T08:25:07.779+0530][info][gc,marking  ] GC(181) Mark Stack Usage: 32M
[2025-12-18T08:25:07.779+0530][info][gc,nmethod  ] GC(181) NMethods: 669 registered, 1 unregistered
[2025-12-18T08:25:07.779+0530][info][gc,metaspace] GC(181) Metaspace: 3M used, 4M committed, 1088M reserved
[2025-12-18T08:25:07.779+0530][info][gc,ref      ] GC(181) Soft: 157 encountered, 78 discovered, 0 enqueued
[2025-12-18T08:25:07.779+0530][info][gc,ref      ] GC(181) Weak: 539 encountered, 22 discovered, 0 enqueued
[2025-12-18T08:25:07.779+0530][info][gc,ref      ] GC(181) Final: 0 encountered, 0 discovered, 0 enqueued
[2025-12-18T08:25:07.779+0530][info][gc,ref      ] GC(181) Phantom: 7 encountered, 2 discovered, 0 enqueued
[2025-12-18T08:25:07.779+0530][info][gc,reloc    ] GC(181) Small Pages: 217 / 434M, Empty: 154M, Relocated: 1M, In-Place: 0
[2025-12-18T08:25:07.779+0530][info][gc,reloc    ] GC(181) Medium Pages: 1 / 16M, Empty: 0M, Relocated: 0M, In-Place: 0
[2025-12-18T08:25:07.779+0530][info][gc,reloc    ] GC(181) Large Pages: 1 / 6M, Empty: 0M, Relocated: 0M, In-Place: 0
[2025-12-18T08:25:07.779+0530][info][gc,reloc    ] GC(181) Forwarding Usage: 0M
[2025-12-18T08:25:07.779+0530][info][gc,heap     ] GC(181) Min Capacity: 512M(100%)
[2025-12-18T08:25:07.779+0530][info][gc,heap     ] GC(181) Max Capacity: 512M(100%)
[2025-12-18T08:25:07.779+0530][info][gc,heap     ] GC(181) Soft Max Capacity: 512M(100%)
[2025-12-18T08:25:07.779+0530][info][gc,heap     ] GC(181)                Mark Start          Mark End        Relocate Start      Relocate End           High               Low         
[2025-12-18T08:25:07.779+0530][info][gc,heap     ] GC(181)  Capacity:      512M (100%)        512M (100%)        512M (100%)        512M (100%)        512M (100%)        512M (100%)   
[2025-12-18T08:25:07.779+0530][info][gc,heap     ] GC(181)      Free:       56M (11%)           0M (0%)          140M (27%)         160M (31%)         160M (31%)           0M (0%)     
[2025-12-18T08:25:07.779+0530][info][gc,heap     ] GC(181)      Used:      456M (89%)         512M (100%)        372M (73%)         352M (69%)         512M (100%)        352M (69%)    
[2025-12-18T08:25:07.779+0530][info][gc,heap     ] GC(181)      Live:         -               248M (48%)         248M (48%)         248M (48%)            -                  -          
[2025-12-18T08:25:07.779+0530][info][gc,heap     ] GC(181) Allocated:         -                56M (11%)          70M (14%)          83M (16%)            -                  -          
[2025-12-18T08:25:07.779+0530][info][gc,heap     ] GC(181)   Garbage:         -               207M (41%)          53M (11%)          20M (4%)             -                  -          
[2025-12-18T08:25:07.779+0530][info][gc,heap     ] GC(181) Reclaimed:         -                  -               154M (30%)         187M (37%)            -                  -          
[2025-12-18T08:25:07.779+0530][info][gc          ] GC(181) Garbage Collection (Allocation Stall) 456M(89%)->352M(69%)
[2025-12-18T08:25:07.817+0530][info][gc,start    ] GC(182) Garbage Collection (Allocation Stall)
[2025-12-18T08:25:07.817+0530][info][gc,ref      ] GC(182) Clearing All SoftReferences
[2025-12-18T08:25:07.817+0530][info][gc,task     ] GC(182) Using 2 workers
[2025-12-18T08:25:07.817+0530][info][gc,ref      ] GC(182) Clearing All SoftReferences
[2025-12-18T08:25:07.817+0530][info][gc,phases   ] GC(182) Pause Mark Start 0.058ms
[2025-12-18T08:25:07.951+0530][info][gc,phases   ] GC(182) Concurrent Mark 133.401ms
[2025-12-18T08:25:07.951+0530][info][gc,phases   ] GC(182) Pause Mark End 0.095ms
[2025-12-18T08:25:07.951+0530][info][gc,phases   ] GC(182) Concurrent Mark Free 0.001ms
[2025-12-18T08:25:07.952+0530][info][gc,phases   ] GC(182) Concurrent Process Non-Strong References 1.103ms
[2025-12-18T08:25:07.952+0530][info][gc,phases   ] GC(182) Concurrent Reset Relocation Set 0.002ms
[2025-12-18T08:25:07.955+0530][info][gc          ] Allocation Stall (Worker-1) 41.556ms
[2025-12-18T08:25:07.955+0530][info][gc          ] Allocation Stall (Worker-3) 40.321ms
[2025-12-18T08:25:07.955+0530][info][gc          ] Allocation Stall (Worker-4) 48.223ms
[2025-12-18T08:25:07.955+0530][info][gc          ] Allocation Stall (Worker-7) 47.750ms
[2025-12-18T08:25:07.955+0530][info][gc          ] Allocation Stall (Worker-0) 47.666ms
[2025-12-18T08:25:07.955+0530][info][gc          ] Allocation Stall (Worker-2) 42.987ms
[2025-12-18T08:25:07.955+0530][info][gc          ] Allocation Stall (Worker-5) 42.181ms
[2025-12-18T08:25:07.955+0530][info][gc          ] Allocation Stall (Worker-6) 41.971ms
[2025-12-18T08:25:07.955+0530][info][gc,phases   ] GC(182) Concurrent Select Relocation Set 3.048ms
[2025-12-18T08:25:07.956+0530][info][gc,phases   ] GC(182) Pause Relocate Start 0.012ms
[2025-12-18T08:25:07.989+0530][info][gc,phases   ] GC(182) Concurrent Relocate 1.809ms
[2025-12-18T08:25:07.990+0530][info][gc,load     ] GC(182) Load: 0.00/0.00/0.00
[2025-12-18T08:25:07.990+0530][info][gc,mmu      ] GC(182) MMU: 2ms/91.4%, 5ms/96.6%, 10ms/98.3%, 20ms/99.1%, 50ms/99.6%, 100ms/99.8%
[2025-12-18T08:25:07.990+0530][info][gc,marking  ] GC(182) Mark: 2 stripe(s), 2 proactive flush(es), 1 terminate flush(es), 1 completion(s), 0 continuation(s) 
[2025-12-18T08:25:07.990+0530][info][gc,marking  ] GC(182) Mark Stack Usage: 32M
[2025-12-18T08:25:07.990+0530][info][gc,nmethod  ] GC(182) NMethods: 669 registered, 1 unregistered
[2025-12-18T08:25:07.990+0530][info][gc,metaspace] GC(182) Metaspace: 3M used, 4M committed, 1088M reserved
[2025-12-18T08:25:07.990+0530][info][gc,ref      ] GC(182) Soft: 157 encountered, 78 discovered, 0 enqueued
[2025-12-18T08:25:07.990+0530][info][gc,ref      ] GC(182) Weak: 539 encountered, 387 discovered, 0 enqueued
[2025-12-18T08:25:07.990+0530][info][gc,ref      ] GC(182) Final: 0 encountered, 0 discovered, 0 enqueued
[2025-12-18T08:25:07.990+0530][info][gc,ref      ] GC(182) Phantom: 7 encountered, 3 discovered, 0 enqueued
[2025-12-18T08:25:07.990+0530][info][gc,reloc    ] GC(182) Small Pages: 196 / 392M, Empty: 98M, Relocated: 1M, In-Place: 0
[2025-12-18T08:25:07.990+0530][info][gc,reloc    ] GC(182) Medium Pages: 1 / 16M, Empty: 0M, Relocated: 0M, In-Place: 0
[2025-12-18T08:25:07.990+0530][info][gc,reloc    ] GC(182) Large Pages: 1 / 6M, Empty: 0M, Relocated: 0M, In-Place: 0
[2025-12-18T08:25:07.990+0530][info][gc,reloc    ] GC(182) Forwarding Usage: 0M
[2025-12-18T08:25:07.990+0530][info][gc,heap     ] GC(182) Min Capacity: 512M(100%)
[2025-12-18T08:25:07.990+0530][info][gc,heap     ] GC(182) Max Capacity: 512M(100%)
[2025-12-18T08:25:07.990+0530][info][gc,heap     ] GC(182) Soft Max Capacity: 512M(100%)
[2025-12-18T08:25:07.990+0530][info][gc,heap     ] GC(182)                Mark Start          Mark End        Relocate Start      Relocate End           High               Low         
[2025-12-18T08:25:07.990+0530][info][gc,heap     ] GC(182)  Capacity:      512M (100%)        512M (100%)        512M (100%)        512M (100%)        512M (100%)        512M (100%)   
[2025-12-18T08:25:07.990+0530][info][gc,heap     ] GC(182)      Free:       98M (19%)           0M (0%)           86M (17%)         102M (20%)         102M (20%)           0M (0%)     
[2025-12-18T08:25:07.990+0530][info][gc,heap     ] GC(182)      Used:      414M (81%)         512M (100%)        426M (83%)         410M (80%)         512M (100%)        410M (80%)    
[2025-12-18T08:25:07.990+0530][info][gc,heap     ] GC(182)      Live:         -               248M (48%)         248M (48%)         248M (48%)            -                  -          
[2025-12-18T08:25:07.990+0530][info][gc,heap     ] GC(182) Allocated:         -                98M (19%)         110M (21%)         141M (28%)            -                  -          
[2025-12-18T08:25:07.990+0530][info][gc,heap     ] GC(182)   Garbage:         -               165M (32%)          67M (13%)          20M (4%)             -                  -          
[2025-12-18T08:25:07.990+0530][info][gc,heap     ] GC(182) Reclaimed:         -                  -                98M (19%)         145M (29%)            -                  -          
[2025-12-18T08:25:07.990+0530][info][gc          ] GC(182) Garbage Collection (Allocation Stall) 414M(81%)->410M(80%)
[2025-12-18T08:25:08.016+0530][info][gc,start    ] GC(183) Garbage Collection (Allocation Stall)
[2025-12-18T08:25:08.016+0530][info][gc,ref      ] GC(183) Clearing All SoftReferences
[2025-12-18T08:25:08.016+0530][info][gc,task     ] GC(183) Using 2 workers
[2025-12-18T08:25:08.016+0530][info][gc,ref      ] GC(183) Clearing All SoftReferences
[2025-12-18T08:25:08.016+0530][info][gc,phases   ] GC(183) Pause Mark Start 0.047ms
[2025-12-18T08:25:08.144+0530][info][gc,phases   ] GC(183) Concurrent Mark 124.291ms
[2025-12-18T08:25:08.144+0530][info][gc,phases   ] GC(183) Pause Mark End 0.020ms
[2025-12-18T08:25:08.144+0530][info][gc,phases   ] GC(183) Concurrent Mark Free 0.001ms
[2025-12-18T08:25:08.145+0530][info][gc,phases   ] GC(183) Concurrent Process Non-Strong References 1.082ms
[2025-12-18T08:25:08.145+0530][info][gc,phases   ] GC(183) Concurrent Reset Relocation Set 0.004ms
[2025-12-18T08:25:08.148+0530][info][gc          ] Allocation Stall (Worker-7) 75.476ms
[2025-12-18T08:25:08.148+0530][info][gc          ] Allocation Stall (Worker-5) 77.193ms
[2025-12-18T08:25:08.148+0530][info][gc          ] Allocation Stall (Worker-6) 72.904ms
[2025-12-18T08:25:08.148+0530][info][gc          ] Allocation Stall (Worker-2) 83.760ms
[2025-12-18T08:25:08.148+0530][info][gc          ] Allocation Stall (Worker-3) 81.879ms
[2025-12-18T08:25:08.148+0530][info][gc          ] Allocation Stall (Worker-4) 81.912ms
[2025-12-18T08:25:08.148+0530][info][gc          ] Allocation Stall (Worker-0) 81.326ms
[2025-12-18T08:25:08.148+0530][info][gc          ] Allocation Stall (Worker-1) 81.269ms
[2025-12-18T08:25:08.148+0530][info][gc,phases   ] GC(183) Concurrent Select Relocation Set 3.027ms
[2025-12-18T08:25:08.148+0530][info][gc,phases   ] GC(183) Pause Relocate Start 0.010ms
[2025-12-18T08:25:08.151+0530][info][gc,phases   ] GC(183) Concurrent Relocate 1.466ms
[2025-12-18T08:25:08.151+0530][info][gc,load     ] GC(183) Load: 0.00/0.00/0.00
[2025-12-18T08:25:08.151+0530][info][gc,mmu      ] GC(183) MMU: 2ms/91.4%, 5ms/96.6%, 10ms/98.3%, 20ms/99.1%, 50ms/99.6%, 100ms/99.8%
[2025-12-18T08:25:08.151+0530][info][gc,marking  ] GC(183) Mark: 2 stripe(s), 2 proactive flush(es), 1 terminate flush(es), 0 completion(s), 0 continuation(s) 
[2025-12-18T08:25:08.151+0530][info][gc,marking  ] GC(183) Mark Stack Usage: 32M
[2025-12-18T08:25:08.151+0530][info][gc,nmethod  ] GC(183) NMethods: 669 registered, 1 unregistered
[2025-12-18T08:25:08.151+0530][info][gc,metaspace] GC(183) Metaspace: 3M used, 4M committed, 1088M reserved
[2025-12-18T08:25:08.151+0530][info][gc,ref      ] GC(183) Soft: 157 encountered, 88 discovered, 0 enqueued
[2025-12-18T08:25:08.151+0530][info][gc,ref      ] GC(183) Weak: 539 encountered, 407 discovered, 0 enqueued
[2025-12-18T08:25:08.151+0530][info][gc,ref      ] GC(183) Final: 0 encountered, 0 discovered, 0 enqueued
[2025-12-18T08:25:08.151+0530][info][gc,ref      ] GC(183) Phantom: 7 encountered, 3 discovered, 0 enqueued
[2025-12-18T08:25:08.151+0530][info][gc,reloc    ] GC(183) Small Pages: 217 / 434M, Empty: 124M, Relocated: 1M, In-Place: 0
[2025-12-18T08:25:08.151+0530][info][gc,reloc    ] GC(183) Medium Pages: 1 / 16M, Empty: 0M, Relocated: 0M, In-Place: 0
[2025-12-18T08:25:08.152+0530][info][gc,reloc    ] GC(183) Large Pages: 1 / 6M, Empty: 0M, Relocated: 0M, In-Place: 0
[2025-12-18T08:25:08.152+0530][info][gc,reloc    ] GC(183) Forwarding Usage: 0M
[2025-12-18T08:25:08.152+0530][info][gc,heap     ] GC(183) Min Capacity: 512M(100%)
[2025-12-18T08:25:08.152+0530][info][gc,heap     ] GC(183) Max Capacity: 512M(100%)
[2025-12-18T08:25:08.152+0530][info][gc,heap     ] GC(183) Soft Max Capacity: 512M(100%)
[2025-12-18T08:25:08.152+0530][info][gc,heap     ] GC(183)                Mark Start          Mark End        Relocate Start      Relocate End           High               Low         
[2025-12-18T08:25:08.152+0530][info][gc,heap     ] GC(183)  Capacity:      512M (100%)        512M (100%)        512M (100%)        512M (100%)        512M (100%)        512M (100%)   
[2025-12-18T08:25:08.152+0530][info][gc,heap     ] GC(183)      Free:       56M (11%)           0M (0%)          112M (22%)         176M (34%)         176M (34%)           0M (0%)     
[2025-12-18T08:25:08.152+0530][info][gc,heap     ] GC(183)      Used:      456M (89%)         512M (100%)        400M (78%)         336M (66%)         512M (100%)        336M (66%)    
[2025-12-18T08:25:08.152+0530][info][gc,heap     ] GC(183)      Live:         -               248M (48%)         248M (48%)         248M (48%)            -                  -          
[2025-12-18T08:25:08.152+0530][info][gc,heap     ] GC(183) Allocated:         -                56M (11%)          68M (13%)          67M (13%)            -                  -          
[2025-12-18T08:25:08.152+0530][info][gc,heap     ] GC(183)   Garbage:         -               207M (41%)          83M (16%)          19M (4%)             -                  -          
[2025-12-18T08:25:08.152+0530][info][gc,heap     ] GC(183) Reclaimed:         -                  -               124M (24%)         187M (37%)            -                  -          
[2025-12-18T08:25:08.152+0530][info][gc          ] GC(183) Garbage Collection (Allocation Stall) 456M(89%)->336M(66%)
[2025-12-18T08:25:08.217+0530][info][gc,start    ] GC(184) Garbage Collection (Allocation Stall)
[2025-12-18T08:25:08.217+0530][info][gc,ref      ] GC(184) Clearing All SoftReferences
[2025-12-18T08:25:08.217+0530][info][gc,task     ] GC(184) Using 2 workers
[2025-12-18T08:25:08.217+0530][info][gc,ref      ] GC(184) Clearing All SoftReferences
[2025-12-18T08:25:08.217+0530][info][gc,phases   ] GC(184) Pause Mark Start 0.043ms
[2025-12-18T08:25:08.349+0530][info][gc,phases   ] GC(184) Concurrent Mark 128.872ms
[2025-12-18T08:25:08.349+0530][info][gc,phases   ] GC(184) Pause Mark End 0.088ms
[2025-12-18T08:25:08.349+0530][info][gc,phases   ] GC(184) Concurrent Mark Free 0.001ms
[2025-12-18T08:25:08.350+0530][info][gc,phases   ] GC(184) Concurrent Process Non-Strong References 1.067ms
[2025-12-18T08:25:08.350+0530][info][gc,phases   ] GC(184) Concurrent Reset Relocation Set 0.006ms
[2025-12-18T08:25:08.350+0530][info][gc          ] Allocation Stall (Worker-2) 56.775ms
[2025-12-18T08:25:08.350+0530][info][gc          ] Allocation Stall (Worker-4) 56.317ms
[2025-12-18T08:25:08.350+0530][info][gc          ] Allocation Stall (Worker-1) 62.816ms
[2025-12-18T08:25:08.350+0530][info][gc          ] Allocation Stall (Worker-6) 56.412ms
[2025-12-18T08:25:08.350+0530][info][gc          ] Allocation Stall (Worker-3) 63.786ms
[2025-12-18T08:25:08.350+0530][info][gc          ] Allocation Stall (Worker-0) 63.267ms
[2025-12-18T08:25:08.350+0530][info][gc          ] Allocation Stall (Worker-5) 61.946ms
[2025-12-18T08:25:08.350+0530][info][gc          ] Allocation Stall (JFR Periodic Tasks) 62.753ms
[2025-12-18T08:25:08.350+0530][info][gc          ] Allocation Stall (Worker-7) 59.527ms
[2025-12-18T08:25:08.354+0530][info][gc,phases   ] GC(184) Concurrent Select Relocation Set 3.752ms
[2025-12-18T08:25:08.358+0530][info][gc,phases   ] GC(184) Pause Relocate Start 0.011ms
[2025-12-18T08:25:08.370+0530][info][gc,phases   ] GC(184) Concurrent Relocate 1.730ms
[2025-12-18T08:25:08.370+0530][info][gc,load     ] GC(184) Load: 0.00/0.00/0.00
[2025-12-18T08:25:08.370+0530][info][gc,mmu      ] GC(184) MMU: 2ms/91.4%, 5ms/96.6%, 10ms/98.3%, 20ms/99.1%, 50ms/99.6%, 100ms/99.8%
[2025-12-18T08:25:08.370+0530][info][gc,marking  ] GC(184) Mark: 2 stripe(s), 2 proactive flush(es), 1 terminate flush(es), 1 completion(s), 0 continuation(s) 
[2025-12-18T08:25:08.370+0530][info][gc,marking  ] GC(184) Mark Stack Usage: 32M
[2025-12-18T08:25:08.370+0530][info][gc,nmethod  ] GC(184) NMethods: 669 registered, 1 unregistered
[2025-12-18T08:25:08.370+0530][info][gc,metaspace] GC(184) Metaspace: 3M used, 4M committed, 1088M reserved
[2025-12-18T08:25:08.370+0530][info][gc,ref      ] GC(184) Soft: 157 encountered, 81 discovered, 0 enqueued
[2025-12-18T08:25:08.370+0530][info][gc,ref      ] GC(184) Weak: 539 encountered, 417 discovered, 0 enqueued
[2025-12-18T08:25:08.370+0530][info][gc,ref      ] GC(184) Final: 0 encountered, 0 discovered, 0 enqueued
[2025-12-18T08:25:08.370+0530][info][gc,ref      ] GC(184) Phantom: 7 encountered, 5 discovered, 0 enqueued
[2025-12-18T08:25:08.370+0530][info][gc,reloc    ] GC(184) Small Pages: 205 / 410M, Empty: 134M, Relocated: 1M, In-Place: 0
[2025-12-18T08:25:08.370+0530][info][gc,reloc    ] GC(184) Medium Pages: 1 / 16M, Empty: 0M, Relocated: 0M, In-Place: 0
[2025-12-18T08:25:08.370+0530][info][gc,reloc    ] GC(184) Large Pages: 1 / 6M, Empty: 0M, Relocated: 0M, In-Place: 0
[2025-12-18T08:25:08.370+0530][info][gc,reloc    ] GC(184) Forwarding Usage: 0M
[2025-12-18T08:25:08.370+0530][info][gc,heap     ] GC(184) Min Capacity: 512M(100%)
[2025-12-18T08:25:08.370+0530][info][gc,heap     ] GC(184) Max Capacity: 512M(100%)
[2025-12-18T08:25:08.370+0530][info][gc,heap     ] GC(184) Soft Max Capacity: 512M(100%)
[2025-12-18T08:25:08.370+0530][info][gc,heap     ] GC(184)                Mark Start          Mark End        Relocate Start      Relocate End           High               Low         
[2025-12-18T08:25:08.370+0530][info][gc,heap     ] GC(184)  Capacity:      512M (100%)        512M (100%)        512M (100%)        512M (100%)        512M (100%)        512M (100%)   
[2025-12-18T08:25:08.370+0530][info][gc,heap     ] GC(184)      Free:       80M (16%)           0M (0%)          120M (23%)         134M (26%)         134M (26%)           0M (0%)     
[2025-12-18T08:25:08.370+0530][info][gc,heap     ] GC(184)      Used:      432M (84%)         512M (100%)        392M (77%)         378M (74%)         512M (100%)        378M (74%)    
[2025-12-18T08:25:08.370+0530][info][gc,heap     ] GC(184)      Live:         -               248M (48%)         248M (48%)         248M (48%)            -                  -          
[2025-12-18T08:25:08.370+0530][info][gc,heap     ] GC(184) Allocated:         -                80M (16%)          94M (18%)         109M (21%)            -                  -          
[2025-12-18T08:25:08.370+0530][info][gc,heap     ] GC(184)   Garbage:         -               183M (36%)          49M (10%)          20M (4%)             -                  -          
[2025-12-18T08:25:08.370+0530][info][gc,heap     ] GC(184) Reclaimed:         -                  -               134M (26%)         163M (32%)            -                  -          
[2025-12-18T08:25:08.370+0530][info][gc          ] GC(184) Garbage Collection (Allocation Stall) 432M(84%)->378M(74%)
[2025-12-18T08:25:08.417+0530][info][gc,start    ] GC(185) Garbage Collection (Allocation Stall)
[2025-12-18T08:25:08.417+0530][info][gc,ref      ] GC(185) Clearing All SoftReferences
[2025-12-18T08:25:08.417+0530][info][gc,task     ] GC(185) Using 2 workers
[2025-12-18T08:25:08.417+0530][info][gc,ref      ] GC(185) Clearing All SoftReferences
[2025-12-18T08:25:08.417+0530][info][gc,phases   ] GC(185) Pause Mark Start 0.043ms
[2025-12-18T08:25:08.544+0530][info][gc,phases   ] GC(185) Concurrent Mark 125.599ms
[2025-12-18T08:25:08.544+0530][info][gc,phases   ] GC(185) Pause Mark End 0.022ms
[2025-12-18T08:25:08.544+0530][info][gc,phases   ] GC(185) Concurrent Mark Free 0.002ms
[2025-12-18T08:25:08.545+0530][info][gc,phases   ] GC(185) Concurrent Process Non-Strong References 1.155ms
[2025-12-18T08:25:08.545+0530][info][gc,phases   ] GC(185) Concurrent Reset Relocation Set 0.001ms
[2025-12-18T08:25:08.545+0530][info][gc          ] Allocation Stall (Worker-4) 71.608ms
[2025-12-18T08:25:08.545+0530][info][gc          ] Allocation Stall (Worker-6) 69.697ms
[2025-12-18T08:25:08.545+0530][info][gc          ] Allocation Stall (Worker-5) 68.463ms
[2025-12-18T08:25:08.545+0530][info][gc          ] Allocation Stall (Worker-2) 78.934ms
[2025-12-18T08:25:08.545+0530][info][gc          ] Allocation Stall (Worker-1) 77.570ms
[2025-12-18T08:25:08.545+0530][info][gc          ] Allocation Stall (Worker-7) 76.074ms
[2025-12-18T08:25:08.546+0530][info][gc          ] Allocation Stall (Worker-0) 74.740ms
[2025-12-18T08:25:08.546+0530][info][gc          ] Allocation Stall (Worker-3) 71.868ms
[2025-12-18T08:25:08.549+0530][info][gc,phases   ] GC(185) Concurrent Select Relocation Set 3.731ms
[2025-12-18T08:25:08.549+0530][info][gc,phases   ] GC(185) Pause Relocate Start 0.011ms
[2025-12-18T08:25:08.580+0530][info][gc,phases   ] GC(185) Concurrent Relocate 1.756ms
[2025-12-18T08:25:08.580+0530][info][gc,load     ] GC(185) Load: 0.00/0.00/0.00
[2025-12-18T08:25:08.581+0530][info][gc,mmu      ] GC(185) MMU: 2ms/91.4%, 5ms/96.6%, 10ms/98.3%, 20ms/99.1%, 50ms/99.6%, 100ms/99.8%
[2025-12-18T08:25:08.581+0530][info][gc,marking  ] GC(185) Mark: 2 stripe(s), 2 proactive flush(es), 1 terminate flush(es), 0 completion(s), 0 continuation(s) 
[2025-12-18T08:25:08.581+0530][info][gc,marking  ] GC(185) Mark Stack Usage: 32M
[2025-12-18T08:25:08.581+0530][info][gc,nmethod  ] GC(185) NMethods: 669 registered, 1 unregistered
[2025-12-18T08:25:08.581+0530][info][gc,metaspace] GC(185) Metaspace: 3M used, 4M committed, 1088M reserved
[2025-12-18T08:25:08.581+0530][info][gc,ref      ] GC(185) Soft: 157 encountered, 74 discovered, 0 enqueued
[2025-12-18T08:25:08.581+0530][info][gc,ref      ] GC(185) Weak: 539 encountered, 373 discovered, 0 enqueued
[2025-12-18T08:25:08.581+0530][info][gc,ref      ] GC(185) Final: 0 encountered, 0 discovered, 0 enqueued
[2025-12-18T08:25:08.581+0530][info][gc,ref      ] GC(185) Phantom: 7 encountered, 3 discovered, 0 enqueued
[2025-12-18T08:25:08.581+0530][info][gc,reloc    ] GC(185) Small Pages: 217 / 434M, Empty: 142M, Relocated: 1M, In-Place: 0
[2025-12-18T08:25:08.581+0530][info][gc,reloc    ] GC(185) Medium Pages: 1 / 16M, Empty: 0M, Relocated: 0M, In-Place: 0
[2025-12-18T08:25:08.581+0530][info][gc,reloc    ] GC(185) Large Pages: 1 / 6M, Empty: 0M, Relocated: 0M, In-Place: 0
[2025-12-18T08:25:08.581+0530][info][gc,reloc    ] GC(185) Forwarding Usage: 0M
[2025-12-18T08:25:08.581+0530][info][gc,heap     ] GC(185) Min Capacity: 512M(100%)
[2025-12-18T08:25:08.581+0530][info][gc,heap     ] GC(185) Max Capacity: 512M(100%)
[2025-12-18T08:25:08.581+0530][info][gc,heap     ] GC(185) Soft Max Capacity: 512M(100%)
[2025-12-18T08:25:08.581+0530][info][gc,heap     ] GC(185)                Mark Start          Mark End        Relocate Start      Relocate End           High               Low         
[2025-12-18T08:25:08.581+0530][info][gc,heap     ] GC(185)  Capacity:      512M (100%)        512M (100%)        512M (100%)        512M (100%)        512M (100%)        512M (100%)   
[2025-12-18T08:25:08.581+0530][info][gc,heap     ] GC(185)      Free:       56M (11%)           0M (0%)          128M (25%)         144M (28%)         144M (28%)           0M (0%)     
[2025-12-18T08:25:08.581+0530][info][gc,heap     ] GC(185)      Used:      456M (89%)         512M (100%)        384M (75%)         368M (72%)         512M (100%)        368M (72%)    
[2025-12-18T08:25:08.581+0530][info][gc,heap     ] GC(185)      Live:         -               248M (48%)         248M (48%)         248M (48%)            -                  -          
[2025-12-18T08:25:08.581+0530][info][gc,heap     ] GC(185) Allocated:         -                56M (11%)          70M (14%)          99M (20%)            -                  -          
[2025-12-18T08:25:08.581+0530][info][gc,heap     ] GC(185)   Garbage:         -               207M (41%)          65M (13%)          20M (4%)             -                  -          
[2025-12-18T08:25:08.581+0530][info][gc,heap     ] GC(185) Reclaimed:         -                  -               142M (28%)         187M (37%)            -                  -          
[2025-12-18T08:25:08.581+0530][info][gc          ] GC(185) Garbage Collection (Allocation Stall) 456M(89%)->368M(72%)
[2025-12-18T08:25:08.617+0530][info][gc,start    ] GC(186) Garbage Collection (Allocation Stall)
[2025-12-18T08:25:08.617+0530][info][gc,ref      ] GC(186) Clearing All SoftReferences
[2025-12-18T08:25:08.617+0530][info][gc,task     ] GC(186) Using 2 workers
[2025-12-18T08:25:08.617+0530][info][gc,ref      ] GC(186) Clearing All SoftReferences
[2025-12-18T08:25:08.617+0530][info][gc,phases   ] GC(186) Pause Mark Start 0.076ms
[2025-12-18T08:25:08.761+0530][info][gc,phases   ] GC(186) Concurrent Mark 142.421ms
[2025-12-18T08:25:08.761+0530][info][gc,phases   ] GC(186) Pause Mark End 0.088ms
[2025-12-18T08:25:08.761+0530][info][gc,phases   ] GC(186) Concurrent Mark Free 0.001ms
[2025-12-18T08:25:08.762+0530][info][gc,phases   ] GC(186) Concurrent Process Non-Strong References 1.141ms
[2025-12-18T08:25:08.762+0530][info][gc,phases   ] GC(186) Concurrent Reset Relocation Set 0.004ms
[2025-12-18T08:25:08.765+0530][info][gc          ] Allocation Stall (Worker-2) 68.289ms
[2025-12-18T08:25:08.765+0530][info][gc          ] Allocation Stall (Worker-5) 68.011ms
[2025-12-18T08:25:08.765+0530][info][gc          ] Allocation Stall (Worker-0) 63.689ms
[2025-12-18T08:25:08.765+0530][info][gc          ] Allocation Stall (Worker-1) 78.509ms
[2025-12-18T08:25:08.765+0530][info][gc          ] Allocation Stall (Worker-4) 71.440ms
[2025-12-18T08:25:08.765+0530][info][gc          ] Allocation Stall (Worker-3) 69.202ms
[2025-12-18T08:25:08.765+0530][info][gc          ] Allocation Stall (Worker-6) 71.011ms
[2025-12-18T08:25:08.765+0530][info][gc          ] Allocation Stall (Worker-7) 69.226ms
[2025-12-18T08:25:08.765+0530][info][gc,phases   ] GC(186) Concurrent Select Relocation Set 3.083ms
[2025-12-18T08:25:08.767+0530][info][gc,phases   ] GC(186) Pause Relocate Start 0.013ms
[2025-12-18T08:25:08.776+0530][info][gc,phases   ] GC(186) Concurrent Relocate 1.704ms
[2025-12-18T08:25:08.776+0530][info][gc,load     ] GC(186) Load: 0.00/0.00/0.00
[2025-12-18T08:25:08.776+0530][info][gc,mmu      ] GC(186) MMU: 2ms/91.4%, 5ms/96.6%, 10ms/98.3%, 20ms/99.1%, 50ms/99.6%, 100ms/99.8%
[2025-12-18T08:25:08.776+0530][info][gc,marking  ] GC(186) Mark: 2 stripe(s), 2 proactive flush(es), 1 terminate flush(es), 1 completion(s), 0 continuation(s) 
[2025-12-18T08:25:08.776+0530][info][gc,marking  ] GC(186) Mark Stack Usage: 32M
[2025-12-18T08:25:08.776+0530][info][gc,nmethod  ] GC(186) NMethods: 669 registered, 1 unregistered
[2025-12-18T08:25:08.777+0530][info][gc,metaspace] GC(186) Metaspace: 3M used, 4M committed, 1088M reserved
[2025-12-18T08:25:08.777+0530][info][gc,ref      ] GC(186) Soft: 157 encountered, 79 discovered, 0 enqueued
[2025-12-18T08:25:08.777+0530][info][gc,ref      ] GC(186) Weak: 539 encountered, 419 discovered, 0 enqueued
[2025-12-18T08:25:08.777+0530][info][gc,ref      ] GC(186) Final: 0 encountered, 0 discovered, 0 enqueued
[2025-12-18T08:25:08.777+0530][info][gc,ref      ] GC(186) Phantom: 7 encountered, 2 discovered, 0 enqueued
[2025-12-18T08:25:08.777+0530][info][gc,reloc    ] GC(186) Small Pages: 203 / 406M, Empty: 100M, Relocated: 1M, In-Place: 0
[2025-12-18T08:25:08.777+0530][info][gc,reloc    ] GC(186) Medium Pages: 1 / 16M, Empty: 0M, Relocated: 0M, In-Place: 0
[2025-12-18T08:25:08.777+0530][info][gc,reloc    ] GC(186) Large Pages: 1 / 6M, Empty: 0M, Relocated: 0M, In-Place: 0
[2025-12-18T08:25:08.777+0530][info][gc,reloc    ] GC(186) Forwarding Usage: 0M
[2025-12-18T08:25:08.777+0530][info][gc,heap     ] GC(186) Min Capacity: 512M(100%)
[2025-12-18T08:25:08.777+0530][info][gc,heap     ] GC(186) Max Capacity: 512M(100%)
[2025-12-18T08:25:08.777+0530][info][gc,heap     ] GC(186) Soft Max Capacity: 512M(100%)
[2025-12-18T08:25:08.777+0530][info][gc,heap     ] GC(186)                Mark Start          Mark End        Relocate Start      Relocate End           High               Low         
[2025-12-18T08:25:08.777+0530][info][gc,heap     ] GC(186)  Capacity:      512M (100%)        512M (100%)        512M (100%)        512M (100%)        512M (100%)        512M (100%)   
[2025-12-18T08:25:08.777+0530][info][gc,heap     ] GC(186)      Free:       84M (16%)           0M (0%)           84M (16%)         144M (28%)         144M (28%)           0M (0%)     
[2025-12-18T08:25:08.777+0530][info][gc,heap     ] GC(186)      Used:      428M (84%)         512M (100%)        428M (84%)         368M (72%)         512M (100%)        368M (72%)    
[2025-12-18T08:25:08.777+0530][info][gc,heap     ] GC(186)      Live:         -               248M (48%)         248M (48%)         248M (48%)            -                  -          
[2025-12-18T08:25:08.777+0530][info][gc,heap     ] GC(186) Allocated:         -                84M (16%)         100M (20%)          99M (20%)            -                  -          
[2025-12-18T08:25:08.777+0530][info][gc,heap     ] GC(186)   Garbage:         -               179M (35%)          79M (16%)          19M (4%)             -                  -          
[2025-12-18T08:25:08.777+0530][info][gc,heap     ] GC(186) Reclaimed:         -                  -               100M (20%)         159M (31%)            -                  -          
[2025-12-18T08:25:08.777+0530][info][gc          ] GC(186) Garbage Collection (Allocation Stall) 428M(84%)->368M(72%)
[2025-12-18T08:25:08.816+0530][info][gc,start    ] GC(187) Garbage Collection (Allocation Stall)
[2025-12-18T08:25:08.816+0530][info][gc,ref      ] GC(187) Clearing All SoftReferences
[2025-12-18T08:25:08.816+0530][info][gc,task     ] GC(187) Using 2 workers
[2025-12-18T08:25:08.816+0530][info][gc,ref      ] GC(187) Clearing All SoftReferences
[2025-12-18T08:25:08.816+0530][info][gc,phases   ] GC(187) Pause Mark Start 0.059ms
[2025-12-18T08:25:08.949+0530][info][gc,phases   ] GC(187) Concurrent Mark 126.379ms
[2025-12-18T08:25:08.949+0530][info][gc,phases   ] GC(187) Pause Mark End 0.098ms
[2025-12-18T08:25:08.949+0530][info][gc,phases   ] GC(187) Concurrent Mark Free 0.001ms
[2025-12-18T08:25:08.950+0530][info][gc,phases   ] GC(187) Concurrent Process Non-Strong References 1.131ms
[2025-12-18T08:25:08.950+0530][info][gc,phases   ] GC(187) Concurrent Reset Relocation Set 0.005ms
[2025-12-18T08:25:08.950+0530][info][gc          ] Allocation Stall (Worker-7) 55.257ms
[2025-12-18T08:25:08.950+0530][info][gc          ] Allocation Stall (Worker-4) 51.365ms
[2025-12-18T08:25:08.950+0530][info][gc          ] Allocation Stall (Worker-3) 54.450ms
[2025-12-18T08:25:08.950+0530][info][gc          ] Allocation Stall (Worker-2) 50.646ms
[2025-12-18T08:25:08.950+0530][info][gc          ] Allocation Stall (Worker-0) 55.729ms
[2025-12-18T08:25:08.950+0530][info][gc          ] Allocation Stall (Worker-6) 56.965ms
[2025-12-18T08:25:08.951+0530][info][gc          ] Allocation Stall (Worker-5) 58.683ms
[2025-12-18T08:25:08.951+0530][info][gc          ] Allocation Stall (Worker-1) 58.296ms
[2025-12-18T08:25:08.954+0530][info][gc,phases   ] GC(187) Concurrent Select Relocation Set 3.594ms
[2025-12-18T08:25:08.954+0530][info][gc,phases   ] GC(187) Pause Relocate Start 0.010ms
[2025-12-18T08:25:08.963+0530][info][gc,phases   ] GC(187) Concurrent Relocate 1.754ms
[2025-12-18T08:25:08.963+0530][info][gc,load     ] GC(187) Load: 0.00/0.00/0.00
[2025-12-18T08:25:08.964+0530][info][gc,mmu      ] GC(187) MMU: 2ms/91.4%, 5ms/96.6%, 10ms/98.3%, 20ms/99.1%, 50ms/99.6%, 100ms/99.8%
[2025-12-18T08:25:08.964+0530][info][gc,marking  ] GC(187) Mark: 2 stripe(s), 2 proactive flush(es), 1 terminate flush(es), 1 completion(s), 0 continuation(s) 
[2025-12-18T08:25:08.964+0530][info][gc,marking  ] GC(187) Mark Stack Usage: 32M
[2025-12-18T08:25:08.964+0530][info][gc,nmethod  ] GC(187) NMethods: 669 registered, 1 unregistered
[2025-12-18T08:25:08.964+0530][info][gc,metaspace] GC(187) Metaspace: 3M used, 4M committed, 1088M reserved
[2025-12-18T08:25:08.964+0530][info][gc,ref      ] GC(187) Soft: 157 encountered, 83 discovered, 0 enqueued
[2025-12-18T08:25:08.964+0530][info][gc,ref      ] GC(187) Weak: 539 encountered, 442 discovered, 0 enqueued
[2025-12-18T08:25:08.964+0530][info][gc,ref      ] GC(187) Final: 0 encountered, 0 discovered, 0 enqueued
[2025-12-18T08:25:08.964+0530][info][gc,ref      ] GC(187) Phantom: 7 encountered, 5 discovered, 0 enqueued
[2025-12-18T08:25:08.964+0530][info][gc,reloc    ] GC(187) Small Pages: 205 / 410M, Empty: 130M, Relocated: 1M, In-Place: 0
[2025-12-18T08:25:08.964+0530][info][gc,reloc    ] GC(187) Medium Pages: 1 / 16M, Empty: 0M, Relocated: 0M, In-Place: 0
[2025-12-18T08:25:08.964+0530][info][gc,reloc    ] GC(187) Large Pages: 1 / 6M, Empty: 0M, Relocated: 0M, In-Place: 0
[2025-12-18T08:25:08.964+0530][info][gc,reloc    ] GC(187) Forwarding Usage: 0M
[2025-12-18T08:25:08.964+0530][info][gc,heap     ] GC(187) Min Capacity: 512M(100%)
[2025-12-18T08:25:08.964+0530][info][gc,heap     ] GC(187) Max Capacity: 512M(100%)
[2025-12-18T08:25:08.964+0530][info][gc,heap     ] GC(187) Soft Max Capacity: 512M(100%)
[2025-12-18T08:25:08.964+0530][info][gc,heap     ] GC(187)                Mark Start          Mark End        Relocate Start      Relocate End           High               Low         
[2025-12-18T08:25:08.964+0530][info][gc,heap     ] GC(187)  Capacity:      512M (100%)        512M (100%)        512M (100%)        512M (100%)        512M (100%)        512M (100%)   
[2025-12-18T08:25:08.964+0530][info][gc,heap     ] GC(187)      Free:       80M (16%)           0M (0%)          114M (22%)         148M (29%)         148M (29%)           0M (0%)     
[2025-12-18T08:25:08.964+0530][info][gc,heap     ] GC(187)      Used:      432M (84%)         512M (100%)        398M (78%)         364M (71%)         512M (100%)        364M (71%)    
[2025-12-18T08:25:08.964+0530][info][gc,heap     ] GC(187)      Live:         -               248M (48%)         248M (48%)         248M (48%)            -                  -          
[2025-12-18T08:25:08.964+0530][info][gc,heap     ] GC(187) Allocated:         -                80M (16%)          96M (19%)          95M (19%)            -                  -          
[2025-12-18T08:25:08.964+0530][info][gc,heap     ] GC(187)   Garbage:         -               183M (36%)          53M (11%)          19M (4%)             -                  -          
[2025-12-18T08:25:08.964+0530][info][gc,heap     ] GC(187) Reclaimed:         -                  -               130M (25%)         163M (32%)            -                  -          
[2025-12-18T08:25:08.964+0530][info][gc          ] GC(187) Garbage Collection (Allocation Stall) 432M(84%)->364M(71%)
[2025-12-18T08:25:09.017+0530][info][gc,start    ] GC(188) Garbage Collection (Allocation Stall)
[2025-12-18T08:25:09.017+0530][info][gc,ref      ] GC(188) Clearing All SoftReferences
[2025-12-18T08:25:09.017+0530][info][gc,task     ] GC(188) Using 2 workers
[2025-12-18T08:25:09.017+0530][info][gc,ref      ] GC(188) Clearing All SoftReferences
[2025-12-18T08:25:09.017+0530][info][gc,phases   ] GC(188) Pause Mark Start 0.041ms
[2025-12-18T08:25:09.143+0530][info][gc,phases   ] GC(188) Concurrent Mark 122.322ms
[2025-12-18T08:25:09.143+0530][info][gc,phases   ] GC(188) Pause Mark End 0.020ms
[2025-12-18T08:25:09.143+0530][info][gc,phases   ] GC(188) Concurrent Mark Free 0.001ms
[2025-12-18T08:25:09.144+0530][info][gc,phases   ] GC(188) Concurrent Process Non-Strong References 1.156ms
[2025-12-18T08:25:09.144+0530][info][gc,phases   ] GC(188) Concurrent Reset Relocation Set 0.003ms
[2025-12-18T08:25:09.144+0530][info][gc          ] Allocation Stall (Worker-0) 68.191ms
[2025-12-18T08:25:09.144+0530][info][gc          ] Allocation Stall (Worker-5) 66.244ms
[2025-12-18T08:25:09.144+0530][info][gc          ] Allocation Stall (Worker-2) 66.294ms
[2025-12-18T08:25:09.144+0530][info][gc          ] Allocation Stall (Worker-1) 77.052ms
[2025-12-18T08:25:09.144+0530][info][gc          ] Allocation Stall (Worker-4) 68.609ms
[2025-12-18T08:25:09.144+0530][info][gc          ] Allocation Stall (Worker-7) 74.670ms
[2025-12-18T08:25:09.144+0530][info][gc          ] Allocation Stall (Worker-6) 74.323ms
[2025-12-18T08:25:09.144+0530][info][gc          ] Allocation Stall (Worker-3) 76.286ms
[2025-12-18T08:25:09.148+0530][info][gc,phases   ] GC(188) Concurrent Select Relocation Set 3.624ms
[2025-12-18T08:25:09.148+0530][info][gc,phases   ] GC(188) Pause Relocate Start 0.010ms
[2025-12-18T08:25:09.152+0530][info][gc,phases   ] GC(188) Concurrent Relocate 1.474ms
[2025-12-18T08:25:09.152+0530][info][gc,load     ] GC(188) Load: 0.00/0.00/0.00
[2025-12-18T08:25:09.152+0530][info][gc,mmu      ] GC(188) MMU: 2ms/91.4%, 5ms/96.6%, 10ms/98.3%, 20ms/99.1%, 50ms/99.6%, 100ms/99.8%
[2025-12-18T08:25:09.152+0530][info][gc,marking  ] GC(188) Mark: 2 stripe(s), 2 proactive flush(es), 1 terminate flush(es), 0 completion(s), 0 continuation(s) 
[2025-12-18T08:25:09.152+0530][info][gc,marking  ] GC(188) Mark Stack Usage: 32M
[2025-12-18T08:25:09.152+0530][info][gc,nmethod  ] GC(188) NMethods: 669 registered, 1 unregistered
[2025-12-18T08:25:09.152+0530][info][gc,metaspace] GC(188) Metaspace: 3M used, 4M committed, 1088M reserved
[2025-12-18T08:25:09.152+0530][info][gc,ref      ] GC(188) Soft: 157 encountered, 88 discovered, 0 enqueued
[2025-12-18T08:25:09.152+0530][info][gc,ref      ] GC(188) Weak: 539 encountered, 407 discovered, 0 enqueued
[2025-12-18T08:25:09.152+0530][info][gc,ref      ] GC(188) Final: 0 encountered, 0 discovered, 0 enqueued
[2025-12-18T08:25:09.152+0530][info][gc,ref      ] GC(188) Phantom: 7 encountered, 3 discovered, 0 enqueued
[2025-12-18T08:25:09.152+0530][info][gc,reloc    ] GC(188) Small Pages: 216 / 432M, Empty: 154M, Relocated: 1M, In-Place: 0
[2025-12-18T08:25:09.152+0530][info][gc,reloc    ] GC(188) Medium Pages: 1 / 16M, Empty: 0M, Relocated: 0M, In-Place: 0
[2025-12-18T08:25:09.152+0530][info][gc,reloc    ] GC(188) Large Pages: 1 / 6M, Empty: 0M, Relocated: 0M, In-Place: 0
[2025-12-18T08:25:09.152+0530][info][gc,reloc    ] GC(188) Forwarding Usage: 0M
[2025-12-18T08:25:09.152+0530][info][gc,heap     ] GC(188) Min Capacity: 512M(100%)
[2025-12-18T08:25:09.153+0530][info][gc,heap     ] GC(188) Max Capacity: 512M(100%)
[2025-12-18T08:25:09.153+0530][info][gc,heap     ] GC(188) Soft Max Capacity: 512M(100%)
[2025-12-18T08:25:09.153+0530][info][gc,heap     ] GC(188)                Mark Start          Mark End        Relocate Start      Relocate End           High               Low         
[2025-12-18T08:25:09.153+0530][info][gc,heap     ] GC(188)  Capacity:      512M (100%)        512M (100%)        512M (100%)        512M (100%)        512M (100%)        512M (100%)   
[2025-12-18T08:25:09.153+0530][info][gc,heap     ] GC(188)      Free:       58M (11%)           0M (0%)          140M (27%)         172M (34%)         172M (34%)           0M (0%)     
[2025-12-18T08:25:09.153+0530][info][gc,heap     ] GC(188)      Used:      454M (89%)         512M (100%)        372M (73%)         340M (66%)         512M (100%)        340M (66%)    
[2025-12-18T08:25:09.153+0530][info][gc,heap     ] GC(188)      Live:         -               248M (48%)         248M (48%)         248M (48%)            -                  -          
[2025-12-18T08:25:09.153+0530][info][gc,heap     ] GC(188) Allocated:         -                58M (11%)          72M (14%)          71M (14%)            -                  -          
[2025-12-18T08:25:09.153+0530][info][gc,heap     ] GC(188)   Garbage:         -               205M (40%)          51M (10%)          19M (4%)             -                  -          
[2025-12-18T08:25:09.153+0530][info][gc,heap     ] GC(188) Reclaimed:         -                  -               154M (30%)         185M (36%)            -                  -          
[2025-12-18T08:25:09.153+0530][info][gc          ] GC(188) Garbage Collection (Allocation Stall) 454M(89%)->340M(66%)
[2025-12-18T08:25:09.218+0530][info][gc,start    ] GC(189) Garbage Collection (Allocation Stall)
[2025-12-18T08:25:09.218+0530][info][gc,ref      ] GC(189) Clearing All SoftReferences
[2025-12-18T08:25:09.218+0530][info][gc,task     ] GC(189) Using 2 workers
[2025-12-18T08:25:09.218+0530][info][gc,ref      ] GC(189) Clearing All SoftReferences
[2025-12-18T08:25:09.218+0530][info][gc,phases   ] GC(189) Pause Mark Start 0.050ms
[2025-12-18T08:25:09.346+0530][info][gc,phases   ] GC(189) Concurrent Mark 122.359ms
[2025-12-18T08:25:09.346+0530][info][gc,phases   ] GC(189) Pause Mark End 0.096ms
[2025-12-18T08:25:09.346+0530][info][gc,phases   ] GC(189) Concurrent Mark Free 0.001ms
[2025-12-18T08:25:09.347+0530][info][gc,phases   ] GC(189) Concurrent Process Non-Strong References 1.074ms
[2025-12-18T08:25:09.347+0530][info][gc,phases   ] GC(189) Concurrent Reset Relocation Set 0.003ms
[2025-12-18T08:25:09.347+0530][info][gc          ] Allocation Stall (Worker-4) 63.401ms
[2025-12-18T08:25:09.347+0530][info][gc          ] Allocation Stall (Worker-5) 63.385ms
[2025-12-18T08:25:09.347+0530][info][gc          ] Allocation Stall (Worker-1) 63.006ms
[2025-12-18T08:25:09.347+0530][info][gc          ] Allocation Stall (Worker-3) 61.741ms
[2025-12-18T08:25:09.347+0530][info][gc          ] Allocation Stall (Worker-6) 66.120ms
[2025-12-18T08:25:09.347+0530][info][gc          ] Allocation Stall (Worker-7) 65.794ms
[2025-12-18T08:25:09.347+0530][info][gc          ] Allocation Stall (Worker-0) 64.062ms
[2025-12-18T08:25:09.347+0530][info][gc          ] Allocation Stall (Worker-2) 63.912ms
[2025-12-18T08:25:09.351+0530][info][gc,phases   ] GC(189) Concurrent Select Relocation Set 3.590ms
[2025-12-18T08:25:09.351+0530][info][gc,phases   ] GC(189) Pause Relocate Start 0.011ms
[2025-12-18T08:25:09.367+0530][info][gc,phases   ] GC(189) Concurrent Relocate 1.695ms
[2025-12-18T08:25:09.367+0530][info][gc,load     ] GC(189) Load: 0.00/0.00/0.00
[2025-12-18T08:25:09.367+0530][info][gc,mmu      ] GC(189) MMU: 2ms/91.4%, 5ms/96.6%, 10ms/98.3%, 20ms/99.1%, 50ms/99.6%, 100ms/99.8%
[2025-12-18T08:25:09.367+0530][info][gc,marking  ] GC(189) Mark: 2 stripe(s), 2 proactive flush(es), 1 terminate flush(es), 1 completion(s), 0 continuation(s) 
[2025-12-18T08:25:09.367+0530][info][gc,marking  ] GC(189) Mark Stack Usage: 32M
[2025-12-18T08:25:09.367+0530][info][gc,nmethod  ] GC(189) NMethods: 669 registered, 1 unregistered
[2025-12-18T08:25:09.367+0530][info][gc,metaspace] GC(189) Metaspace: 3M used, 4M committed, 1088M reserved
[2025-12-18T08:25:09.367+0530][info][gc,ref      ] GC(189) Soft: 157 encountered, 82 discovered, 0 enqueued
[2025-12-18T08:25:09.367+0530][info][gc,ref      ] GC(189) Weak: 539 encountered, 417 discovered, 0 enqueued
[2025-12-18T08:25:09.367+0530][info][gc,ref      ] GC(189) Final: 0 encountered, 0 discovered, 0 enqueued
[2025-12-18T08:25:09.367+0530][info][gc,ref      ] GC(189) Phantom: 7 encountered, 2 discovered, 0 enqueued
[2025-12-18T08:25:09.367+0530][info][gc,reloc    ] GC(189) Small Pages: 208 / 416M, Empty: 138M, Relocated: 1M, In-Place: 0
[2025-12-18T08:25:09.367+0530][info][gc,reloc    ] GC(189) Medium Pages: 1 / 16M, Empty: 0M, Relocated: 0M, In-Place: 0
[2025-12-18T08:25:09.367+0530][info][gc,reloc    ] GC(189) Large Pages: 1 / 6M, Empty: 0M, Relocated: 0M, In-Place: 0
[2025-12-18T08:25:09.367+0530][info][gc,reloc    ] GC(189) Forwarding Usage: 0M
[2025-12-18T08:25:09.367+0530][info][gc,heap     ] GC(189) Min Capacity: 512M(100%)
[2025-12-18T08:25:09.367+0530][info][gc,heap     ] GC(189) Max Capacity: 512M(100%)
[2025-12-18T08:25:09.367+0530][info][gc,heap     ] GC(189) Soft Max Capacity: 512M(100%)
[2025-12-18T08:25:09.367+0530][info][gc,heap     ] GC(189)                Mark Start          Mark End        Relocate Start      Relocate End           High               Low         
[2025-12-18T08:25:09.367+0530][info][gc,heap     ] GC(189)  Capacity:      512M (100%)        512M (100%)        512M (100%)        512M (100%)        512M (100%)        512M (100%)   
[2025-12-18T08:25:09.367+0530][info][gc,heap     ] GC(189)      Free:       74M (14%)           0M (0%)          124M (24%)         140M (27%)         140M (27%)           0M (0%)     
[2025-12-18T08:25:09.367+0530][info][gc,heap     ] GC(189)      Used:      438M (86%)         512M (100%)        388M (76%)         372M (73%)         512M (100%)        372M (73%)    
[2025-12-18T08:25:09.367+0530][info][gc,heap     ] GC(189)      Live:         -               248M (48%)         248M (48%)         248M (48%)            -                  -          
[2025-12-18T08:25:09.367+0530][info][gc,heap     ] GC(189) Allocated:         -                74M (14%)          88M (17%)         103M (20%)            -                  -          
[2025-12-18T08:25:09.367+0530][info][gc,heap     ] GC(189)   Garbage:         -               189M (37%)          51M (10%)          20M (4%)             -                  -          
[2025-12-18T08:25:09.367+0530][info][gc,heap     ] GC(189) Reclaimed:         -                  -               138M (27%)         169M (33%)            -                  -          
[2025-12-18T08:25:09.367+0530][info][gc          ] GC(189) Garbage Collection (Allocation Stall) 438M(86%)->372M(73%)
[2025-12-18T08:25:09.417+0530][info][gc,start    ] GC(190) Garbage Collection (Allocation Stall)
[2025-12-18T08:25:09.417+0530][info][gc,ref      ] GC(190) Clearing All SoftReferences
[2025-12-18T08:25:09.417+0530][info][gc,task     ] GC(190) Using 2 workers
[2025-12-18T08:25:09.417+0530][info][gc,ref      ] GC(190) Clearing All SoftReferences
[2025-12-18T08:25:09.417+0530][info][gc,phases   ] GC(190) Pause Mark Start 0.051ms
[2025-12-18T08:25:09.546+0530][info][gc,phases   ] GC(190) Concurrent Mark 124.472ms
[2025-12-18T08:25:09.546+0530][info][gc,phases   ] GC(190) Pause Mark End 0.018ms
[2025-12-18T08:25:09.546+0530][info][gc,phases   ] GC(190) Concurrent Mark Free 0.001ms
[2025-12-18T08:25:09.547+0530][info][gc,phases   ] GC(190) Concurrent Process Non-Strong References 1.091ms
[2025-12-18T08:25:09.547+0530][info][gc,phases   ] GC(190) Concurrent Reset Relocation Set 0.002ms
[2025-12-18T08:25:09.547+0530][info][gc          ] Allocation Stall (Worker-4) 71.353ms
[2025-12-18T08:25:09.547+0530][info][gc          ] Allocation Stall (Worker-2) 71.913ms
[2025-12-18T08:25:09.547+0530][info][gc          ] Allocation Stall (Worker-7) 70.805ms
[2025-12-18T08:25:09.547+0530][info][gc          ] Allocation Stall (Worker-0) 70.332ms
[2025-12-18T08:25:09.547+0530][info][gc          ] Allocation Stall (Worker-5) 72.606ms
[2025-12-18T08:25:09.547+0530][info][gc          ] Allocation Stall (Worker-1) 72.193ms
[2025-12-18T08:25:09.547+0530][info][gc          ] Allocation Stall (Worker-6) 73.438ms
[2025-12-18T08:25:09.547+0530][info][gc          ] Allocation Stall (Worker-3) 72.179ms
[2025-12-18T08:25:09.551+0530][info][gc,phases   ] GC(190) Concurrent Select Relocation Set 3.557ms
[2025-12-18T08:25:09.551+0530][info][gc,phases   ] GC(190) Pause Relocate Start 0.011ms
[2025-12-18T08:25:09.553+0530][info][gc,phases   ] GC(190) Concurrent Relocate 1.386ms
[2025-12-18T08:25:09.553+0530][info][gc,load     ] GC(190) Load: 0.00/0.00/0.00
[2025-12-18T08:25:09.553+0530][info][gc,mmu      ] GC(190) MMU: 2ms/91.4%, 5ms/96.6%, 10ms/98.3%, 20ms/99.1%, 50ms/99.6%, 100ms/99.8%
[2025-12-18T08:25:09.553+0530][info][gc,marking  ] GC(190) Mark: 2 stripe(s), 2 proactive flush(es), 1 terminate flush(es), 0 completion(s), 0 continuation(s) 
[2025-12-18T08:25:09.553+0530][info][gc,marking  ] GC(190) Mark Stack Usage: 32M
[2025-12-18T08:25:09.553+0530][info][gc,nmethod  ] GC(190) NMethods: 669 registered, 1 unregistered
[2025-12-18T08:25:09.553+0530][info][gc,metaspace] GC(190) Metaspace: 3M used, 4M committed, 1088M reserved
[2025-12-18T08:25:09.553+0530][info][gc,ref      ] GC(190) Soft: 157 encountered, 88 discovered, 0 enqueued
[2025-12-18T08:25:09.553+0530][info][gc,ref      ] GC(190) Weak: 539 encountered, 398 discovered, 0 enqueued
[2025-12-18T08:25:09.553+0530][info][gc,ref      ] GC(190) Final: 0 encountered, 0 discovered, 0 enqueued
[2025-12-18T08:25:09.553+0530][info][gc,ref      ] GC(190) Phantom: 7 encountered, 3 discovered, 0 enqueued
[2025-12-18T08:25:09.553+0530][info][gc,reloc    ] GC(190) Small Pages: 213 / 426M, Empty: 130M, Relocated: 1M, In-Place: 0
[2025-12-18T08:25:09.553+0530][info][gc,reloc    ] GC(190) Medium Pages: 1 / 16M, Empty: 0M, Relocated: 0M, In-Place: 0
[2025-12-18T08:25:09.553+0530][info][gc,reloc    ] GC(190) Large Pages: 1 / 6M, Empty: 0M, Relocated: 0M, In-Place: 0
[2025-12-18T08:25:09.553+0530][info][gc,reloc    ] GC(190) Forwarding Usage: 0M
[2025-12-18T08:25:09.553+0530][info][gc,heap     ] GC(190) Min Capacity: 512M(100%)
[2025-12-18T08:25:09.553+0530][info][gc,heap     ] GC(190) Max Capacity: 512M(100%)
[2025-12-18T08:25:09.553+0530][info][gc,heap     ] GC(190) Soft Max Capacity: 512M(100%)
[2025-12-18T08:25:09.553+0530][info][gc,heap     ] GC(190)                Mark Start          Mark End        Relocate Start      Relocate End           High               Low         
[2025-12-18T08:25:09.553+0530][info][gc,heap     ] GC(190)  Capacity:      512M (100%)        512M (100%)        512M (100%)        512M (100%)        512M (100%)        512M (100%)   
[2025-12-18T08:25:09.553+0530][info][gc,heap     ] GC(190)      Free:       64M (12%)           0M (0%)          118M (23%)         168M (33%)         168M (33%)           0M (0%)     
[2025-12-18T08:25:09.553+0530][info][gc,heap     ] GC(190)      Used:      448M (88%)         512M (100%)        394M (77%)         344M (67%)         512M (100%)        344M (67%)    
[2025-12-18T08:25:09.553+0530][info][gc,heap     ] GC(190)      Live:         -               248M (48%)         248M (48%)         248M (48%)            -                  -          
[2025-12-18T08:25:09.553+0530][info][gc,heap     ] GC(190) Allocated:         -                64M (12%)          76M (15%)          75M (15%)            -                  -          
[2025-12-18T08:25:09.554+0530][info][gc,heap     ] GC(190)   Garbage:         -               199M (39%)          69M (14%)          19M (4%)             -                  -          
[2025-12-18T08:25:09.554+0530][info][gc,heap     ] GC(190) Reclaimed:         -                  -               130M (25%)         179M (35%)            -                  -          
[2025-12-18T08:25:09.554+0530][info][gc          ] GC(190) Garbage Collection (Allocation Stall) 448M(88%)->344M(67%)
[2025-12-18T08:25:09.617+0530][info][gc,start    ] GC(191) Garbage Collection (Allocation Stall)
[2025-12-18T08:25:09.617+0530][info][gc,ref      ] GC(191) Clearing All SoftReferences
[2025-12-18T08:25:09.617+0530][info][gc,task     ] GC(191) Using 2 workers
[2025-12-18T08:25:09.617+0530][info][gc,ref      ] GC(191) Clearing All SoftReferences
[2025-12-18T08:25:09.617+0530][info][gc,phases   ] GC(191) Pause Mark Start 0.046ms
[2025-12-18T08:25:09.751+0530][info][gc,phases   ] GC(191) Concurrent Mark 132.943ms
[2025-12-18T08:25:09.751+0530][info][gc,phases   ] GC(191) Pause Mark End 0.105ms
[2025-12-18T08:25:09.751+0530][info][gc,phases   ] GC(191) Concurrent Mark Free 0.001ms
[2025-12-18T08:25:09.752+0530][info][gc,phases   ] GC(191) Concurrent Process Non-Strong References 1.044ms
[2025-12-18T08:25:09.752+0530][info][gc,phases   ] GC(191) Concurrent Reset Relocation Set 0.003ms
[2025-12-18T08:25:09.752+0530][info][gc          ] Allocation Stall (Worker-2) 66.590ms
[2025-12-18T08:25:09.752+0530][info][gc          ] Allocation Stall (Worker-0) 65.615ms
[2025-12-18T08:25:09.752+0530][info][gc          ] Allocation Stall (main) 62.233ms
[2025-12-18T08:25:09.752+0530][info][gc          ] Allocation Stall (Worker-4) 72.318ms
[2025-12-18T08:25:09.752+0530][info][gc          ] Allocation Stall (Worker-5) 74.477ms
[2025-12-18T08:25:09.752+0530][info][gc          ] Allocation Stall (Worker-1) 66.696ms
[2025-12-18T08:25:09.752+0530][info][gc          ] Allocation Stall (Worker-7) 66.985ms
[2025-12-18T08:25:09.752+0530][info][gc          ] Allocation Stall (Worker-6) 67.401ms
[2025-12-18T08:25:09.752+0530][info][gc          ] Allocation Stall (Worker-3) 70.260ms
[2025-12-18T08:25:09.756+0530][info][gc,phases   ] GC(191) Concurrent Select Relocation Set 3.730ms
[2025-12-18T08:25:09.756+0530][info][gc,phases   ] GC(191) Pause Relocate Start 0.010ms
[2025-12-18T08:25:09.760+0530][info][gc,phases   ] GC(191) Concurrent Relocate 1.529ms
[2025-12-18T08:25:09.760+0530][info][gc,load     ] GC(191) Load: 0.00/0.00/0.00
[2025-12-18T08:25:09.760+0530][info][gc,mmu      ] GC(191) MMU: 2ms/91.4%, 5ms/96.6%, 10ms/98.3%, 20ms/99.1%, 50ms/99.6%, 100ms/99.8%
[2025-12-18T08:25:09.760+0530][info][gc,marking  ] GC(191) Mark: 2 stripe(s), 2 proactive flush(es), 1 terminate flush(es), 1 completion(s), 0 continuation(s) 
[2025-12-18T08:25:09.760+0530][info][gc,marking  ] GC(191) Mark Stack Usage: 32M
[2025-12-18T08:25:09.760+0530][info][gc,nmethod  ] GC(191) NMethods: 669 registered, 1 unregistered
[2025-12-18T08:25:09.760+0530][info][gc,metaspace] GC(191) Metaspace: 3M used, 4M committed, 1088M reserved
[2025-12-18T08:25:09.760+0530][info][gc,ref      ] GC(191) Soft: 157 encountered, 89 discovered, 0 enqueued
[2025-12-18T08:25:09.760+0530][info][gc,ref      ] GC(191) Weak: 539 encountered, 413 discovered, 0 enqueued
[2025-12-18T08:25:09.760+0530][info][gc,ref      ] GC(191) Final: 0 encountered, 0 discovered, 0 enqueued
[2025-12-18T08:25:09.760+0530][info][gc,ref      ] GC(191) Phantom: 7 encountered, 2 discovered, 0 enqueued
[2025-12-18T08:25:09.760+0530][info][gc,reloc    ] GC(191) Small Pages: 209 / 418M, Empty: 140M, Relocated: 1M, In-Place: 0
[2025-12-18T08:25:09.760+0530][info][gc,reloc    ] GC(191) Medium Pages: 1 / 16M, Empty: 0M, Relocated: 0M, In-Place: 0
[2025-12-18T08:25:09.760+0530][info][gc,reloc    ] GC(191) Large Pages: 1 / 6M, Empty: 0M, Relocated: 0M, In-Place: 0
[2025-12-18T08:25:09.760+0530][info][gc,reloc    ] GC(191) Forwarding Usage: 0M
[2025-12-18T08:25:09.760+0530][info][gc,heap     ] GC(191) Min Capacity: 512M(100%)
[2025-12-18T08:25:09.761+0530][info][gc,heap     ] GC(191) Max Capacity: 512M(100%)
[2025-12-18T08:25:09.761+0530][info][gc,heap     ] GC(191) Soft Max Capacity: 512M(100%)
[2025-12-18T08:25:09.761+0530][info][gc,heap     ] GC(191)                Mark Start          Mark End        Relocate Start      Relocate End           High               Low         
[2025-12-18T08:25:09.761+0530][info][gc,heap     ] GC(191)  Capacity:      512M (100%)        512M (100%)        512M (100%)        512M (100%)        512M (100%)        512M (100%)   
[2025-12-18T08:25:09.761+0530][info][gc,heap     ] GC(191)      Free:       72M (14%)           0M (0%)          126M (25%)         158M (31%)         158M (31%)           0M (0%)     
[2025-12-18T08:25:09.761+0530][info][gc,heap     ] GC(191)      Used:      440M (86%)         512M (100%)        386M (75%)         354M (69%)         512M (100%)        354M (69%)    
[2025-12-18T08:25:09.761+0530][info][gc,heap     ] GC(191)      Live:         -               248M (48%)         248M (48%)         248M (48%)            -                  -          
[2025-12-18T08:25:09.761+0530][info][gc,heap     ] GC(191) Allocated:         -                72M (14%)          86M (17%)          85M (17%)            -                  -          
[2025-12-18T08:25:09.761+0530][info][gc,heap     ] GC(191)   Garbage:         -               191M (37%)          51M (10%)          19M (4%)             -                  -          
[2025-12-18T08:25:09.761+0530][info][gc,heap     ] GC(191) Reclaimed:         -                  -               140M (27%)         171M (34%)            -                  -          
[2025-12-18T08:25:09.761+0530][info][gc          ] GC(191) Garbage Collection (Allocation Stall) 440M(86%)->354M(69%)
[2025-12-18T08:25:09.817+0530][info][gc,start    ] GC(192) Garbage Collection (Allocation Stall)
[2025-12-18T08:25:09.817+0530][info][gc,ref      ] GC(192) Clearing All SoftReferences
[2025-12-18T08:25:09.817+0530][info][gc,task     ] GC(192) Using 2 workers
[2025-12-18T08:25:09.817+0530][info][gc,ref      ] GC(192) Clearing All SoftReferences
[2025-12-18T08:25:09.817+0530][info][gc,phases   ] GC(192) Pause Mark Start 0.071ms
[2025-12-18T08:25:09.959+0530][info][gc,phases   ] GC(192) Concurrent Mark 138.100ms
[2025-12-18T08:25:09.959+0530][info][gc,phases   ] GC(192) Pause Mark End 0.092ms
[2025-12-18T08:25:09.959+0530][info][gc,phases   ] GC(192) Concurrent Mark Free 0.001ms
[2025-12-18T08:25:09.960+0530][info][gc,phases   ] GC(192) Concurrent Process Non-Strong References 1.097ms
[2025-12-18T08:25:09.960+0530][info][gc,phases   ] GC(192) Concurrent Reset Relocation Set 0.003ms
[2025-12-18T08:25:09.963+0530][info][gc          ] Allocation Stall (Worker-6) 53.517ms
[2025-12-18T08:25:09.964+0530][info][gc          ] Allocation Stall (Worker-7) 52.107ms
[2025-12-18T08:25:09.964+0530][info][gc          ] Allocation Stall (Worker-5) 63.020ms
[2025-12-18T08:25:09.964+0530][info][gc          ] Allocation Stall (Worker-2) 62.097ms
[2025-12-18T08:25:09.964+0530][info][gc          ] Allocation Stall (Worker-0) 61.573ms
[2025-12-18T08:25:09.964+0530][info][gc          ] Allocation Stall (Worker-4) 60.438ms
[2025-12-18T08:25:09.964+0530][info][gc,phases   ] GC(192) Concurrent Select Relocation Set 3.063ms
[2025-12-18T08:25:09.964+0530][info][gc          ] Allocation Stall (Worker-1) 58.223ms
[2025-12-18T08:25:09.964+0530][info][gc          ] Allocation Stall (Worker-3) 55.369ms
[2025-12-18T08:25:09.964+0530][info][gc,phases   ] GC(192) Pause Relocate Start 0.009ms
[2025-12-18T08:25:09.995+0530][info][gc,phases   ] GC(192) Concurrent Relocate 1.794ms
[2025-12-18T08:25:09.995+0530][info][gc,load     ] GC(192) Load: 0.00/0.00/0.00
[2025-12-18T08:25:09.995+0530][info][gc,mmu      ] GC(192) MMU: 2ms/91.4%, 5ms/96.6%, 10ms/98.3%, 20ms/99.1%, 50ms/99.6%, 100ms/99.8%
[2025-12-18T08:25:09.995+0530][info][gc,marking  ] GC(192) Mark: 2 stripe(s), 2 proactive flush(es), 1 terminate flush(es), 1 completion(s), 0 continuation(s) 
[2025-12-18T08:25:09.995+0530][info][gc,marking  ] GC(192) Mark Stack Usage: 32M
[2025-12-18T08:25:09.995+0530][info][gc,nmethod  ] GC(192) NMethods: 671 registered, 1 unregistered
[2025-12-18T08:25:09.995+0530][info][gc,metaspace] GC(192) Metaspace: 3M used, 4M committed, 1088M reserved
[2025-12-18T08:25:09.995+0530][info][gc,ref      ] GC(192) Soft: 157 encountered, 77 discovered, 0 enqueued
[2025-12-18T08:25:09.995+0530][info][gc,ref      ] GC(192) Weak: 539 encountered, 4 discovered, 0 enqueued
[2025-12-18T08:25:09.995+0530][info][gc,ref      ] GC(192) Final: 0 encountered, 0 discovered, 0 enqueued
[2025-12-18T08:25:09.995+0530][info][gc,ref      ] GC(192) Phantom: 7 encountered, 6 discovered, 0 enqueued
[2025-12-18T08:25:09.995+0530][info][gc,reloc    ] GC(192) Small Pages: 199 / 398M, Empty: 122M, Relocated: 1M, In-Place: 0
[2025-12-18T08:25:09.995+0530][info][gc,reloc    ] GC(192) Medium Pages: 1 / 16M, Empty: 0M, Relocated: 0M, In-Place: 0
[2025-12-18T08:25:09.996+0530][info][gc,reloc    ] GC(192) Large Pages: 1 / 6M, Empty: 0M, Relocated: 0M, In-Place: 0
[2025-12-18T08:25:09.996+0530][info][gc,reloc    ] GC(192) Forwarding Usage: 0M
[2025-12-18T08:25:09.996+0530][info][gc,heap     ] GC(192) Min Capacity: 512M(100%)
[2025-12-18T08:25:09.996+0530][info][gc,heap     ] GC(192) Max Capacity: 512M(100%)
[2025-12-18T08:25:09.996+0530][info][gc,heap     ] GC(192) Soft Max Capacity: 512M(100%)
[2025-12-18T08:25:09.996+0530][info][gc,heap     ] GC(192)                Mark Start          Mark End        Relocate Start      Relocate End           High               Low         
[2025-12-18T08:25:09.996+0530][info][gc,heap     ] GC(192)  Capacity:      512M (100%)        512M (100%)        512M (100%)        512M (100%)        512M (100%)        512M (100%)   
[2025-12-18T08:25:09.996+0530][info][gc,heap     ] GC(192)      Free:       92M (18%)           0M (0%)          108M (21%)         106M (21%)         122M (24%)           0M (0%)     
[2025-12-18T08:25:09.996+0530][info][gc,heap     ] GC(192)      Used:      420M (82%)         512M (100%)        404M (79%)         406M (79%)         512M (100%)        390M (76%)    
[2025-12-18T08:25:09.996+0530][info][gc,heap     ] GC(192)      Live:         -               248M (48%)         248M (48%)         248M (48%)            -                  -          
[2025-12-18T08:25:09.996+0530][info][gc,heap     ] GC(192) Allocated:         -                92M (18%)         106M (21%)         137M (27%)            -                  -          
[2025-12-18T08:25:09.996+0530][info][gc,heap     ] GC(192)   Garbage:         -               171M (34%)          49M (10%)          20M (4%)             -                  -          
[2025-12-18T08:25:09.996+0530][info][gc,heap     ] GC(192) Reclaimed:         -                  -               122M (24%)         151M (30%)            -                  -          
[2025-12-18T08:25:09.996+0530][info][gc          ] GC(192) Garbage Collection (Allocation Stall) 420M(82%)->406M(79%)
[2025-12-18T08:25:10.017+0530][info][gc,start    ] GC(193) Garbage Collection (Allocation Stall)
[2025-12-18T08:25:10.017+0530][info][gc,ref      ] GC(193) Clearing All SoftReferences
[2025-12-18T08:25:10.017+0530][info][gc,task     ] GC(193) Using 2 workers
[2025-12-18T08:25:10.017+0530][info][gc,ref      ] GC(193) Clearing All SoftReferences
[2025-12-18T08:25:10.017+0530][info][gc,phases   ] GC(193) Pause Mark Start 0.049ms
[2025-12-18T08:25:10.150+0530][info][gc,phases   ] GC(193) Concurrent Mark 125.345ms
[2025-12-18T08:25:10.150+0530][info][gc,phases   ] GC(193) Pause Mark End 0.086ms
[2025-12-18T08:25:10.150+0530][info][gc,phases   ] GC(193) Concurrent Mark Free 0.001ms
[2025-12-18T08:25:10.151+0530][info][gc,phases   ] GC(193) Concurrent Process Non-Strong References 1.025ms
[2025-12-18T08:25:10.151+0530][info][gc,phases   ] GC(193) Concurrent Reset Relocation Set 0.002ms
[2025-12-18T08:25:10.154+0530][info][gc          ] Allocation Stall (Worker-1) 59.911ms
[2025-12-18T08:25:10.154+0530][info][gc          ] Allocation Stall (Worker-4) 59.800ms
[2025-12-18T08:25:10.154+0530][info][gc          ] Allocation Stall (Worker-0) 56.209ms
[2025-12-18T08:25:10.154+0530][info][gc          ] Allocation Stall (Worker-6) 65.733ms
[2025-12-18T08:25:10.154+0530][info][gc          ] Allocation Stall (Worker-5) 64.199ms
[2025-12-18T08:25:10.154+0530][info][gc          ] Allocation Stall (Worker-7) 63.390ms
[2025-12-18T08:25:10.154+0530][info][gc          ] Allocation Stall (Worker-2) 60.058ms
[2025-12-18T08:25:10.154+0530][info][gc          ] Allocation Stall (Worker-3) 63.412ms
[2025-12-18T08:25:10.154+0530][info][gc,phases   ] GC(193) Concurrent Select Relocation Set 3.060ms
[2025-12-18T08:25:10.155+0530][info][gc,phases   ] GC(193) Pause Relocate Start 0.010ms
[2025-12-18T08:25:10.159+0530][info][gc,phases   ] GC(193) Concurrent Relocate 1.677ms
[2025-12-18T08:25:10.159+0530][info][gc,load     ] GC(193) Load: 0.00/0.00/0.00
[2025-12-18T08:25:10.159+0530][info][gc,mmu      ] GC(193) MMU: 2ms/91.4%, 5ms/96.6%, 10ms/98.3%, 20ms/99.1%, 50ms/99.6%, 100ms/99.8%
[2025-12-18T08:25:10.159+0530][info][gc,marking  ] GC(193) Mark: 2 stripe(s), 2 proactive flush(es), 1 terminate flush(es), 1 completion(s), 0 continuation(s) 
[2025-12-18T08:25:10.159+0530][info][gc,marking  ] GC(193) Mark Stack Usage: 32M
[2025-12-18T08:25:10.159+0530][info][gc,nmethod  ] GC(193) NMethods: 671 registered, 1 unregistered
[2025-12-18T08:25:10.159+0530][info][gc,metaspace] GC(193) Metaspace: 3M used, 4M committed, 1088M reserved
[2025-12-18T08:25:10.160+0530][info][gc,ref      ] GC(193) Soft: 157 encountered, 77 discovered, 0 enqueued
[2025-12-18T08:25:10.160+0530][info][gc,ref      ] GC(193) Weak: 539 encountered, 4 discovered, 0 enqueued
[2025-12-18T08:25:10.160+0530][info][gc,ref      ] GC(193) Final: 0 encountered, 0 discovered, 0 enqueued
[2025-12-18T08:25:10.160+0530][info][gc,ref      ] GC(193) Phantom: 7 encountered, 3 discovered, 0 enqueued
[2025-12-18T08:25:10.160+0530][info][gc,reloc    ] GC(193) Small Pages: 209 / 418M, Empty: 108M, Relocated: 1M, In-Place: 0
[2025-12-18T08:25:10.160+0530][info][gc,reloc    ] GC(193) Medium Pages: 1 / 16M, Empty: 0M, Relocated: 0M, In-Place: 0
[2025-12-18T08:25:10.160+0530][info][gc,reloc    ] GC(193) Large Pages: 1 / 6M, Empty: 0M, Relocated: 0M, In-Place: 0
[2025-12-18T08:25:10.160+0530][info][gc,reloc    ] GC(193) Forwarding Usage: 0M
[2025-12-18T08:25:10.160+0530][info][gc,heap     ] GC(193) Min Capacity: 512M(100%)
[2025-12-18T08:25:10.160+0530][info][gc,heap     ] GC(193) Max Capacity: 512M(100%)
[2025-12-18T08:25:10.160+0530][info][gc,heap     ] GC(193) Soft Max Capacity: 512M(100%)
[2025-12-18T08:25:10.160+0530][info][gc,heap     ] GC(193)                Mark Start          Mark End        Relocate Start      Relocate End           High               Low         
[2025-12-18T08:25:10.160+0530][info][gc,heap     ] GC(193)  Capacity:      512M (100%)        512M (100%)        512M (100%)        512M (100%)        512M (100%)        512M (100%)   
[2025-12-18T08:25:10.160+0530][info][gc,heap     ] GC(193)      Free:       72M (14%)           0M (0%)           94M (18%)         158M (31%)         158M (31%)           0M (0%)     
[2025-12-18T08:25:10.160+0530][info][gc,heap     ] GC(193)      Used:      440M (86%)         512M (100%)        418M (82%)         354M (69%)         512M (100%)        354M (69%)    
[2025-12-18T08:25:10.160+0530][info][gc,heap     ] GC(193)      Live:         -               248M (48%)         248M (48%)         248M (48%)            -                  -          
[2025-12-18T08:25:10.160+0530][info][gc,heap     ] GC(193) Allocated:         -                72M (14%)          86M (17%)          85M (17%)            -                  -          
[2025-12-18T08:25:10.160+0530][info][gc,heap     ] GC(193)   Garbage:         -               191M (37%)          83M (16%)          19M (4%)             -                  -          
[2025-12-18T08:25:10.160+0530][info][gc,heap     ] GC(193) Reclaimed:         -                  -               108M (21%)         171M (34%)            -                  -          
[2025-12-18T08:25:10.160+0530][info][gc          ] GC(193) Garbage Collection (Allocation Stall) 440M(86%)->354M(69%)
[2025-12-18T08:25:10.217+0530][info][gc,start    ] GC(194) Garbage Collection (Allocation Stall)
[2025-12-18T08:25:10.217+0530][info][gc,ref      ] GC(194) Clearing All SoftReferences
[2025-12-18T08:25:10.217+0530][info][gc,task     ] GC(194) Using 2 workers
[2025-12-18T08:25:10.217+0530][info][gc,ref      ] GC(194) Clearing All SoftReferences
[2025-12-18T08:25:10.217+0530][info][gc,phases   ] GC(194) Pause Mark Start 0.060ms
[2025-12-18T08:25:10.360+0530][info][gc,phases   ] GC(194) Concurrent Mark 139.000ms
[2025-12-18T08:25:10.360+0530][info][gc,phases   ] GC(194) Pause Mark End 0.130ms
[2025-12-18T08:25:10.360+0530][info][gc,phases   ] GC(194) Concurrent Mark Free 0.001ms
[2025-12-18T08:25:10.361+0530][info][gc,phases   ] GC(194) Concurrent Process Non-Strong References 1.373ms
[2025-12-18T08:25:10.361+0530][info][gc,phases   ] GC(194) Concurrent Reset Relocation Set 0.005ms
[2025-12-18T08:25:10.362+0530][info][gc          ] Allocation Stall (Worker-7) 76.008ms
[2025-12-18T08:25:10.362+0530][info][gc          ] Allocation Stall (Worker-3) 72.252ms
[2025-12-18T08:25:10.362+0530][info][gc          ] Allocation Stall (Worker-0) 69.890ms
[2025-12-18T08:25:10.362+0530][info][gc          ] Allocation Stall (Worker-2) 80.032ms
[2025-12-18T08:25:10.362+0530][info][gc          ] Allocation Stall (Worker-6) 77.836ms
[2025-12-18T08:25:10.362+0530][info][gc          ] Allocation Stall (Worker-4) 77.615ms
[2025-12-18T08:25:10.362+0530][info][gc          ] Allocation Stall (Worker-5) 76.828ms
[2025-12-18T08:25:10.362+0530][info][gc          ] Allocation Stall (Worker-1) 76.398ms
[2025-12-18T08:25:10.365+0530][info][gc,phases   ] GC(194) Concurrent Select Relocation Set 3.735ms
[2025-12-18T08:25:10.365+0530][info][gc,phases   ] GC(194) Pause Relocate Start 0.010ms
[2025-12-18T08:25:10.370+0530][info][gc,phases   ] GC(194) Concurrent Relocate 1.510ms
[2025-12-18T08:25:10.370+0530][info][gc,load     ] GC(194) Load: 0.00/0.00/0.00
[2025-12-18T08:25:10.370+0530][info][gc,mmu      ] GC(194) MMU: 2ms/91.4%, 5ms/96.6%, 10ms/98.3%, 20ms/99.1%, 50ms/99.6%, 100ms/99.8%
[2025-12-18T08:25:10.370+0530][info][gc,marking  ] GC(194) Mark: 2 stripe(s), 2 proactive flush(es), 1 terminate flush(es), 1 completion(s), 0 continuation(s) 
[2025-12-18T08:25:10.370+0530][info][gc,marking  ] GC(194) Mark Stack Usage: 32M
[2025-12-18T08:25:10.370+0530][info][gc,nmethod  ] GC(194) NMethods: 671 registered, 1 unregistered
[2025-12-18T08:25:10.370+0530][info][gc,metaspace] GC(194) Metaspace: 3M used, 4M committed, 1088M reserved
[2025-12-18T08:25:10.370+0530][info][gc,ref      ] GC(194) Soft: 157 encountered, 89 discovered, 0 enqueued
[2025-12-18T08:25:10.370+0530][info][gc,ref      ] GC(194) Weak: 539 encountered, 413 discovered, 0 enqueued
[2025-12-18T08:25:10.370+0530][info][gc,ref      ] GC(194) Final: 0 encountered, 0 discovered, 0 enqueued
[2025-12-18T08:25:10.370+0530][info][gc,ref      ] GC(194) Phantom: 7 encountered, 5 discovered, 0 enqueued
[2025-12-18T08:25:10.370+0530][info][gc,reloc    ] GC(194) Small Pages: 207 / 414M, Empty: 138M, Relocated: 1M, In-Place: 0
[2025-12-18T08:25:10.370+0530][info][gc,reloc    ] GC(194) Medium Pages: 1 / 16M, Empty: 0M, Relocated: 0M, In-Place: 0
[2025-12-18T08:25:10.370+0530][info][gc,reloc    ] GC(194) Large Pages: 1 / 6M, Empty: 0M, Relocated: 0M, In-Place: 0
[2025-12-18T08:25:10.370+0530][info][gc,reloc    ] GC(194) Forwarding Usage: 0M
[2025-12-18T08:25:10.370+0530][info][gc,heap     ] GC(194) Min Capacity: 512M(100%)
[2025-12-18T08:25:10.370+0530][info][gc,heap     ] GC(194) Max Capacity: 512M(100%)
[2025-12-18T08:25:10.370+0530][info][gc,heap     ] GC(194) Soft Max Capacity: 512M(100%)
[2025-12-18T08:25:10.370+0530][info][gc,heap     ] GC(194)                Mark Start          Mark End        Relocate Start      Relocate End           High               Low         
[2025-12-18T08:25:10.370+0530][info][gc,heap     ] GC(194)  Capacity:      512M (100%)        512M (100%)        512M (100%)        512M (100%)        512M (100%)        512M (100%)   
[2025-12-18T08:25:10.370+0530][info][gc,heap     ] GC(194)      Free:       76M (15%)           0M (0%)          124M (24%)         154M (30%)         154M (30%)           0M (0%)     
[2025-12-18T08:25:10.370+0530][info][gc,heap     ] GC(194)      Used:      436M (85%)         512M (100%)        388M (76%)         358M (70%)         512M (100%)        358M (70%)    
[2025-12-18T08:25:10.370+0530][info][gc,heap     ] GC(194)      Live:         -               248M (48%)         248M (48%)         248M (48%)            -                  -          
[2025-12-18T08:25:10.370+0530][info][gc,heap     ] GC(194) Allocated:         -                76M (15%)          90M (18%)          89M (18%)            -                  -          
[2025-12-18T08:25:10.370+0530][info][gc,heap     ] GC(194)   Garbage:         -               187M (37%)          49M (10%)          19M (4%)             -                  -          
[2025-12-18T08:25:10.370+0530][info][gc,heap     ] GC(194) Reclaimed:         -                  -               138M (27%)         167M (33%)            -                  -          
[2025-12-18T08:25:10.370+0530][info][gc          ] GC(194) Garbage Collection (Allocation Stall) 436M(85%)->358M(70%)
[2025-12-18T08:25:10.417+0530][info][gc,start    ] GC(195) Garbage Collection (Allocation Stall)
[2025-12-18T08:25:10.417+0530][info][gc,ref      ] GC(195) Clearing All SoftReferences
[2025-12-18T08:25:10.417+0530][info][gc,task     ] GC(195) Using 2 workers
[2025-12-18T08:25:10.417+0530][info][gc,ref      ] GC(195) Clearing All SoftReferences
[2025-12-18T08:25:10.417+0530][info][gc,phases   ] GC(195) Pause Mark Start 0.055ms
[2025-12-18T08:25:10.558+0530][info][gc,phases   ] GC(195) Concurrent Mark 133.174ms
[2025-12-18T08:25:10.558+0530][info][gc,phases   ] GC(195) Pause Mark End 0.021ms
[2025-12-18T08:25:10.558+0530][info][gc,phases   ] GC(195) Concurrent Mark Free 0.001ms
[2025-12-18T08:25:10.559+0530][info][gc,phases   ] GC(195) Concurrent Process Non-Strong References 1.139ms
[2025-12-18T08:25:10.559+0530][info][gc,phases   ] GC(195) Concurrent Reset Relocation Set 0.002ms
[2025-12-18T08:25:10.562+0530][info][gc          ] Allocation Stall (Worker-1) 58.290ms
[2025-12-18T08:25:10.562+0530][info][gc          ] Allocation Stall (Worker-7) 58.130ms
[2025-12-18T08:25:10.562+0530][info][gc          ] Allocation Stall (Worker-6) 58.319ms
[2025-12-18T08:25:10.562+0530][info][gc          ] Allocation Stall (Worker-3) 55.699ms
[2025-12-18T08:25:10.562+0530][info][gc          ] Allocation Stall (Worker-4) 51.587ms
[2025-12-18T08:25:10.562+0530][info][gc          ] Allocation Stall (Worker-2) 61.001ms
[2025-12-18T08:25:10.562+0530][info][gc          ] Allocation Stall (Worker-5) 59.563ms
[2025-12-18T08:25:10.562+0530][info][gc          ] Allocation Stall (Worker-0) 57.597ms
[2025-12-18T08:25:10.562+0530][info][gc,phases   ] GC(195) Concurrent Select Relocation Set 3.029ms
[2025-12-18T08:25:10.564+0530][info][gc,phases   ] GC(195) Pause Relocate Start 0.011ms
[2025-12-18T08:25:10.589+0530][info][gc,phases   ] GC(195) Concurrent Relocate 1.852ms
[2025-12-18T08:25:10.589+0530][info][gc,load     ] GC(195) Load: 0.00/0.00/0.00
[2025-12-18T08:25:10.589+0530][info][gc,mmu      ] GC(195) MMU: 2ms/91.4%, 5ms/96.6%, 10ms/98.3%, 20ms/99.1%, 50ms/99.6%, 100ms/99.8%
[2025-12-18T08:25:10.589+0530][info][gc,marking  ] GC(195) Mark: 2 stripe(s), 2 proactive flush(es), 1 terminate flush(es), 0 completion(s), 0 continuation(s) 
[2025-12-18T08:25:10.589+0530][info][gc,marking  ] GC(195) Mark Stack Usage: 32M
[2025-12-18T08:25:10.589+0530][info][gc,nmethod  ] GC(195) NMethods: 679 registered, 1 unregistered
[2025-12-18T08:25:10.589+0530][info][gc,metaspace] GC(195) Metaspace: 4M used, 4M committed, 1088M reserved
[2025-12-18T08:25:10.589+0530][info][gc,ref      ] GC(195) Soft: 157 encountered, 81 discovered, 0 enqueued
[2025-12-18T08:25:10.589+0530][info][gc,ref      ] GC(195) Weak: 539 encountered, 441 discovered, 0 enqueued
[2025-12-18T08:25:10.589+0530][info][gc,ref      ] GC(195) Final: 0 encountered, 0 discovered, 0 enqueued
[2025-12-18T08:25:10.589+0530][info][gc,ref      ] GC(195) Phantom: 7 encountered, 3 discovered, 0 enqueued
[2025-12-18T08:25:10.589+0530][info][gc,reloc    ] GC(195) Small Pages: 201 / 402M, Empty: 124M, Relocated: 1M, In-Place: 0
[2025-12-18T08:25:10.589+0530][info][gc,reloc    ] GC(195) Medium Pages: 1 / 16M, Empty: 0M, Relocated: 0M, In-Place: 0
[2025-12-18T08:25:10.589+0530][info][gc,reloc    ] GC(195) Large Pages: 1 / 6M, Empty: 0M, Relocated: 0M, In-Place: 0
[2025-12-18T08:25:10.589+0530][info][gc,reloc    ] GC(195) Forwarding Usage: 0M
[2025-12-18T08:25:10.589+0530][info][gc,heap     ] GC(195) Min Capacity: 512M(100%)
[2025-12-18T08:25:10.589+0530][info][gc,heap     ] GC(195) Max Capacity: 512M(100%)
[2025-12-18T08:25:10.589+0530][info][gc,heap     ] GC(195) Soft Max Capacity: 512M(100%)
[2025-12-18T08:25:10.589+0530][info][gc,heap     ] GC(195)                Mark Start          Mark End        Relocate Start      Relocate End           High               Low         
[2025-12-18T08:25:10.589+0530][info][gc,heap     ] GC(195)  Capacity:      512M (100%)        512M (100%)        512M (100%)        512M (100%)        512M (100%)        512M (100%)   
[2025-12-18T08:25:10.589+0530][info][gc,heap     ] GC(195)      Free:       88M (17%)           0M (0%)          112M (22%)         122M (24%)         124M (24%)           0M (0%)     
[2025-12-18T08:25:10.589+0530][info][gc,heap     ] GC(195)      Used:      424M (83%)         512M (100%)        400M (78%)         390M (76%)         512M (100%)        388M (76%)    
[2025-12-18T08:25:10.589+0530][info][gc,heap     ] GC(195)      Live:         -               248M (48%)         248M (48%)         248M (48%)            -                  -          
[2025-12-18T08:25:10.589+0530][info][gc,heap     ] GC(195) Allocated:         -                88M (17%)         100M (20%)         121M (24%)            -                  -          
[2025-12-18T08:25:10.589+0530][info][gc,heap     ] GC(195)   Garbage:         -               175M (34%)          51M (10%)          20M (4%)             -                  -          
[2025-12-18T08:25:10.589+0530][info][gc,heap     ] GC(195) Reclaimed:         -                  -               124M (24%)         155M (30%)            -                  -          
[2025-12-18T08:25:10.589+0530][info][gc          ] GC(195) Garbage Collection (Allocation Stall) 424M(83%)->390M(76%)
[2025-12-18T08:25:10.617+0530][info][gc,start    ] GC(196) Garbage Collection (Allocation Stall)
[2025-12-18T08:25:10.617+0530][info][gc,ref      ] GC(196) Clearing All SoftReferences
[2025-12-18T08:25:10.617+0530][info][gc,task     ] GC(196) Using 2 workers
[2025-12-18T08:25:10.617+0530][info][gc,ref      ] GC(196) Clearing All SoftReferences
[2025-12-18T08:25:10.618+0530][info][gc,phases   ] GC(196) Pause Mark Start 0.082ms
[2025-12-18T08:25:10.792+0530][info][gc,phases   ] GC(196) Concurrent Mark 169.199ms
[2025-12-18T08:25:10.792+0530][info][gc,phases   ] GC(196) Pause Mark End 0.108ms
[2025-12-18T08:25:10.792+0530][info][gc,phases   ] GC(196) Concurrent Mark Free 0.001ms
[2025-12-18T08:25:10.793+0530][info][gc,phases   ] GC(196) Concurrent Process Non-Strong References 1.383ms
[2025-12-18T08:25:10.793+0530][info][gc,phases   ] GC(196) Concurrent Reset Relocation Set 0.004ms
[2025-12-18T08:25:10.799+0530][info][gc          ] Allocation Stall (Worker-7) 71.833ms
[2025-12-18T08:25:10.799+0530][info][gc          ] Allocation Stall (Worker-3) 73.221ms
[2025-12-18T08:25:10.799+0530][info][gc          ] Allocation Stall (Worker-4) 73.063ms
[2025-12-18T08:25:10.799+0530][info][gc          ] Allocation Stall (Worker-0) 54.437ms
[2025-12-18T08:25:10.799+0530][info][gc          ] Allocation Stall (Worker-2) 71.452ms
[2025-12-18T08:25:10.799+0530][info][gc          ] Allocation Stall (Worker-5) 52.720ms
[2025-12-18T08:25:10.799+0530][info][gc          ] Allocation Stall (Worker-6) 70.154ms
[2025-12-18T08:25:10.799+0530][info][gc          ] Allocation Stall (main) 7.792ms
[2025-12-18T08:25:10.799+0530][info][gc          ] Allocation Stall (Worker-1) 73.744ms
[2025-12-18T08:25:10.799+0530][info][gc,phases   ] GC(196) Concurrent Select Relocation Set 5.272ms
[2025-12-18T08:25:10.907+0530][info][gc,phases   ] GC(196) Pause Relocate Start 0.015ms
[2025-12-18T08:25:10.966+0530][info][gc,phases   ] GC(196) Concurrent Relocate 1.804ms
[2025-12-18T08:25:10.966+0530][info][gc,load     ] GC(196) Load: 0.00/0.00/0.00
[2025-12-18T08:25:10.966+0530][info][gc,mmu      ] GC(196) MMU: 2ms/91.4%, 5ms/96.6%, 10ms/98.3%, 20ms/99.1%, 50ms/99.6%, 100ms/99.8%
[2025-12-18T08:25:10.966+0530][info][gc,marking  ] GC(196) Mark: 2 stripe(s), 2 proactive flush(es), 1 terminate flush(es), 1 completion(s), 0 continuation(s) 
[2025-12-18T08:25:10.966+0530][info][gc,marking  ] GC(196) Mark Stack Usage: 32M
[2025-12-18T08:25:10.966+0530][info][gc,nmethod  ] GC(196) NMethods: 679 registered, 1 unregistered
[2025-12-18T08:25:10.966+0530][info][gc,metaspace] GC(196) Metaspace: 4M used, 4M committed, 1088M reserved
[2025-12-18T08:25:10.966+0530][info][gc,ref      ] GC(196) Soft: 157 encountered, 89 discovered, 0 enqueued
[2025-12-18T08:25:10.966+0530][info][gc,ref      ] GC(196) Weak: 539 encountered, 413 discovered, 0 enqueued
[2025-12-18T08:25:10.966+0530][info][gc,ref      ] GC(196) Final: 0 encountered, 0 discovered, 0 enqueued
[2025-12-18T08:25:10.966+0530][info][gc,ref      ] GC(196) Phantom: 7 encountered, 5 discovered, 0 enqueued
[2025-12-18T08:25:10.966+0530][info][gc,reloc    ] GC(196) Small Pages: 201 / 402M, Empty: 104M, Relocated: 1M, In-Place: 0
[2025-12-18T08:25:10.966+0530][info][gc,reloc    ] GC(196) Medium Pages: 1 / 16M, Empty: 0M, Relocated: 0M, In-Place: 0
[2025-12-18T08:25:10.966+0530][info][gc,reloc    ] GC(196) Large Pages: 1 / 6M, Empty: 0M, Relocated: 0M, In-Place: 0
[2025-12-18T08:25:10.966+0530][info][gc,reloc    ] GC(196) Forwarding Usage: 0M
[2025-12-18T08:25:10.966+0530][info][gc,heap     ] GC(196) Min Capacity: 512M(100%)
[2025-12-18T08:25:10.966+0530][info][gc,heap     ] GC(196) Max Capacity: 512M(100%)
[2025-12-18T08:25:10.966+0530][info][gc,heap     ] GC(196) Soft Max Capacity: 512M(100%)
[2025-12-18T08:25:10.966+0530][info][gc,heap     ] GC(196)                Mark Start          Mark End        Relocate Start      Relocate End           High               Low         
[2025-12-18T08:25:10.966+0530][info][gc,heap     ] GC(196)  Capacity:      512M (100%)        512M (100%)        512M (100%)        512M (100%)        512M (100%)        512M (100%)   
[2025-12-18T08:25:10.966+0530][info][gc,heap     ] GC(196)      Free:       88M (17%)           0M (0%)           54M (11%)          74M (14%)         104M (20%)           0M (0%)     
[2025-12-18T08:25:10.966+0530][info][gc,heap     ] GC(196)      Used:      424M (83%)         512M (100%)        458M (89%)         438M (86%)         512M (100%)        408M (80%)    
[2025-12-18T08:25:10.966+0530][info][gc,heap     ] GC(196)      Live:         -               248M (48%)         248M (48%)         248M (48%)            -                  -          
[2025-12-18T08:25:10.966+0530][info][gc,heap     ] GC(196) Allocated:         -                88M (17%)         138M (27%)         169M (33%)            -                  -          
[2025-12-18T08:25:10.966+0530][info][gc,heap     ] GC(196)   Garbage:         -               175M (34%)          71M (14%)          20M (4%)             -                  -          
[2025-12-18T08:25:10.966+0530][info][gc,heap     ] GC(196) Reclaimed:         -                  -               104M (20%)         155M (30%)            -                  -          
[2025-12-18T08:25:10.966+0530][info][gc          ] GC(196) Garbage Collection (Allocation Stall) 424M(83%)->438M(86%)
[2025-12-18T08:25:11.016+0530][info][gc,start    ] GC(197) Garbage Collection (Allocation Stall)
[2025-12-18T08:25:11.016+0530][info][gc,ref      ] GC(197) Clearing All SoftReferences
[2025-12-18T08:25:11.016+0530][info][gc,task     ] GC(197) Using 2 workers
[2025-12-18T08:25:11.038+0530][info][gc,ref      ] GC(197) Clearing All SoftReferences
[2025-12-18T08:25:11.038+0530][info][gc,phases   ] GC(197) Pause Mark Start 0.105ms
[2025-12-18T08:25:11.177+0530][info][gc,phases   ] GC(197) Concurrent Mark 129.879ms
[2025-12-18T08:25:11.177+0530][info][gc,phases   ] GC(197) Pause Mark End 0.054ms
[2025-12-18T08:25:11.177+0530][info][gc,phases   ] GC(197) Concurrent Mark Free 0.002ms
[2025-12-18T08:25:11.178+0530][info][gc,phases   ] GC(197) Concurrent Process Non-Strong References 1.380ms
[2025-12-18T08:25:11.178+0530][info][gc,phases   ] GC(197) Concurrent Reset Relocation Set 0.004ms
[2025-12-18T08:25:11.179+0530][info][gc          ] Allocation Stall (Worker-2) 131.905ms
[2025-12-18T08:25:11.179+0530][info][gc          ] Allocation Stall (Worker-1) 127.761ms
[2025-12-18T08:25:11.179+0530][info][gc          ] Allocation Stall (Worker-4) 128.122ms
[2025-12-18T08:25:11.179+0530][info][gc          ] Allocation Stall (Worker-6) 121.767ms
[2025-12-18T08:25:11.179+0530][info][gc          ] Allocation Stall (Worker-5) 131.969ms
[2025-12-18T08:25:11.179+0530][info][gc          ] Allocation Stall (Worker-0) 125.784ms
[2025-12-18T08:25:11.179+0530][info][gc          ] Allocation Stall (Worker-3) 130.986ms
[2025-12-18T08:25:11.179+0530][info][gc          ] Allocation Stall (Worker-7) 138.214ms
[2025-12-18T08:25:11.183+0530][info][gc,phases   ] GC(197) Concurrent Select Relocation Set 3.885ms
[2025-12-18T08:25:11.185+0530][info][gc,phases   ] GC(197) Pause Relocate Start 0.012ms
[2025-12-18T08:25:11.212+0530][info][gc,phases   ] GC(197) Concurrent Relocate 2.079ms
[2025-12-18T08:25:11.212+0530][info][gc,load     ] GC(197) Load: 0.00/0.00/0.00
[2025-12-18T08:25:11.212+0530][info][gc,mmu      ] GC(197) MMU: 2ms/91.4%, 5ms/96.6%, 10ms/98.3%, 20ms/99.1%, 50ms/99.6%, 100ms/99.8%
[2025-12-18T08:25:11.212+0530][info][gc,marking  ] GC(197) Mark: 2 stripe(s), 2 proactive flush(es), 1 terminate flush(es), 0 completion(s), 0 continuation(s) 
[2025-12-18T08:25:11.212+0530][info][gc,marking  ] GC(197) Mark Stack Usage: 32M
[2025-12-18T08:25:11.212+0530][info][gc,nmethod  ] GC(197) NMethods: 679 registered, 1 unregistered
[2025-12-18T08:25:11.212+0530][info][gc,metaspace] GC(197) Metaspace: 4M used, 4M committed, 1088M reserved
[2025-12-18T08:25:11.212+0530][info][gc,ref      ] GC(197) Soft: 157 encountered, 76 discovered, 0 enqueued
[2025-12-18T08:25:11.212+0530][info][gc,ref      ] GC(197) Weak: 539 encountered, 4 discovered, 0 enqueued
[2025-12-18T08:25:11.212+0530][info][gc,ref      ] GC(197) Final: 0 encountered, 0 discovered, 0 enqueued
[2025-12-18T08:25:11.212+0530][info][gc,ref      ] GC(197) Phantom: 7 encountered, 3 discovered, 0 enqueued
[2025-12-18T08:25:11.213+0530][info][gc,reloc    ] GC(197) Small Pages: 240 / 480M, Empty: 172M, Relocated: 1M, In-Place: 0
[2025-12-18T08:25:11.213+0530][info][gc,reloc    ] GC(197) Medium Pages: 1 / 16M, Empty: 0M, Relocated: 0M, In-Place: 0
[2025-12-18T08:25:11.213+0530][info][gc,reloc    ] GC(197) Large Pages: 1 / 6M, Empty: 0M, Relocated: 0M, In-Place: 0
[2025-12-18T08:25:11.213+0530][info][gc,reloc    ] GC(197) Forwarding Usage: 0M
[2025-12-18T08:25:11.213+0530][info][gc,heap     ] GC(197) Min Capacity: 512M(100%)
[2025-12-18T08:25:11.213+0530][info][gc,heap     ] GC(197) Max Capacity: 512M(100%)
[2025-12-18T08:25:11.213+0530][info][gc,heap     ] GC(197) Soft Max Capacity: 512M(100%)
[2025-12-18T08:25:11.213+0530][info][gc,heap     ] GC(197)                Mark Start          Mark End        Relocate Start      Relocate End           High               Low         
[2025-12-18T08:25:11.213+0530][info][gc,heap     ] GC(197)  Capacity:      512M (100%)        512M (100%)        512M (100%)        512M (100%)        512M (100%)        512M (100%)   
[2025-12-18T08:25:11.213+0530][info][gc,heap     ] GC(197)      Free:       10M (2%)            0M (0%)          158M (31%)         220M (43%)         220M (43%)           0M (0%)     
[2025-12-18T08:25:11.213+0530][info][gc,heap     ] GC(197)      Used:      502M (98%)         512M (100%)        354M (69%)         292M (57%)         512M (100%)        292M (57%)    
[2025-12-18T08:25:11.213+0530][info][gc,heap     ] GC(197)      Live:         -               248M (48%)         248M (48%)         248M (48%)            -                  -          
[2025-12-18T08:25:11.213+0530][info][gc,heap     ] GC(197) Allocated:         -                10M (2%)           24M (5%)           23M (5%)             -                  -          
[2025-12-18T08:25:11.213+0530][info][gc,heap     ] GC(197)   Garbage:         -               253M (50%)          81M (16%)          19M (4%)             -                  -          
[2025-12-18T08:25:11.213+0530][info][gc,heap     ] GC(197) Reclaimed:         -                  -               172M (34%)         233M (46%)            -                  -          
[2025-12-18T08:25:11.213+0530][info][gc          ] GC(197) Garbage Collection (Allocation Stall) 502M(98%)->292M(57%)
[2025-12-18T08:25:11.218+0530][info][gc,start    ] GC(198) Garbage Collection (Allocation Stall)
[2025-12-18T08:25:11.218+0530][info][gc,ref      ] GC(198) Clearing All SoftReferences
[2025-12-18T08:25:11.218+0530][info][gc,task     ] GC(198) Using 2 workers
[2025-12-18T08:25:11.218+0530][info][gc,ref      ] GC(198) Clearing All SoftReferences
[2025-12-18T08:25:11.218+0530][info][gc,phases   ] GC(198) Pause Mark Start 0.075ms
[2025-12-18T08:25:11.421+0530][info][gc,phases   ] GC(198) Concurrent Mark 179.647ms
[2025-12-18T08:25:11.421+0530][info][gc,phases   ] GC(198) Pause Mark End 0.165ms
[2025-12-18T08:25:11.430+0530][info][gc,phases   ] GC(198) Concurrent Mark Free 0.002ms
[2025-12-18T08:25:11.435+0530][info][gc,phases   ] GC(198) Concurrent Process Non-Strong References 5.457ms
[2025-12-18T08:25:11.435+0530][info][gc,phases   ] GC(198) Concurrent Reset Relocation Set 0.007ms
[2025-12-18T08:25:11.439+0530][info][gc,phases   ] GC(198) Concurrent Select Relocation Set 3.941ms
[2025-12-18T08:25:11.439+0530][info][gc,phases   ] GC(198) Pause Relocate Start 0.015ms
[2025-12-18T08:25:11.448+0530][info][gc,phases   ] GC(198) Concurrent Relocate 1.804ms
[2025-12-18T08:25:11.448+0530][info][gc,load     ] GC(198) Load: 0.00/0.00/0.00
[2025-12-18T08:25:11.448+0530][info][gc,mmu      ] GC(198) MMU: 2ms/91.4%, 5ms/96.6%, 10ms/98.3%, 20ms/99.1%, 50ms/99.6%, 100ms/99.8%
[2025-12-18T08:25:11.448+0530][info][gc,marking  ] GC(198) Mark: 2 stripe(s), 2 proactive flush(es), 1 terminate flush(es), 1 completion(s), 0 continuation(s) 
[2025-12-18T08:25:11.448+0530][info][gc,marking  ] GC(198) Mark Stack Usage: 32M
[2025-12-18T08:25:11.448+0530][info][gc,nmethod  ] GC(198) NMethods: 679 registered, 1 unregistered
[2025-12-18T08:25:11.448+0530][info][gc,metaspace] GC(198) Metaspace: 4M used, 4M committed, 1088M reserved
[2025-12-18T08:25:11.448+0530][info][gc,ref      ] GC(198) Soft: 157 encountered, 88 discovered, 0 enqueued
[2025-12-18T08:25:11.448+0530][info][gc,ref      ] GC(198) Weak: 539 encountered, 405 discovered, 0 enqueued
[2025-12-18T08:25:11.448+0530][info][gc,ref      ] GC(198) Final: 0 encountered, 0 discovered, 0 enqueued
[2025-12-18T08:25:11.448+0530][info][gc,ref      ] GC(198) Phantom: 7 encountered, 3 discovered, 0 enqueued
[2025-12-18T08:25:11.448+0530][info][gc,reloc    ] GC(198) Small Pages: 135 / 270M, Empty: 8M, Relocated: 1M, In-Place: 0
[2025-12-18T08:25:11.448+0530][info][gc,reloc    ] GC(198) Medium Pages: 1 / 16M, Empty: 0M, Relocated: 0M, In-Place: 0
[2025-12-18T08:25:11.448+0530][info][gc,reloc    ] GC(198) Large Pages: 1 / 6M, Empty: 0M, Relocated: 0M, In-Place: 0
[2025-12-18T08:25:11.448+0530][info][gc,reloc    ] GC(198) Forwarding Usage: 0M
[2025-12-18T08:25:11.448+0530][info][gc,heap     ] GC(198) Min Capacity: 512M(100%)
[2025-12-18T08:25:11.448+0530][info][gc,heap     ] GC(198) Max Capacity: 512M(100%)
[2025-12-18T08:25:11.448+0530][info][gc,heap     ] GC(198) Soft Max Capacity: 512M(100%)
[2025-12-18T08:25:11.448+0530][info][gc,heap     ] GC(198)                Mark Start          Mark End        Relocate Start      Relocate End           High               Low         
[2025-12-18T08:25:11.448+0530][info][gc,heap     ] GC(198)  Capacity:      512M (100%)        512M (100%)        512M (100%)        512M (100%)        512M (100%)        512M (100%)   
[2025-12-18T08:25:11.448+0530][info][gc,heap     ] GC(198)      Free:      220M (43%)          58M (11%)          42M (8%)           50M (10%)         220M (43%)          32M (6%)     
[2025-12-18T08:25:11.448+0530][info][gc,heap     ] GC(198)      Used:      292M (57%)         454M (89%)         470M (92%)         462M (90%)         480M (94%)         292M (57%)    
[2025-12-18T08:25:11.448+0530][info][gc,heap     ] GC(198)      Live:         -               248M (48%)         248M (48%)         248M (48%)            -                  -          
[2025-12-18T08:25:11.448+0530][info][gc,heap     ] GC(198) Allocated:         -               162M (32%)         186M (36%)         193M (38%)            -                  -          
[2025-12-18T08:25:11.448+0530][info][gc,heap     ] GC(198)   Garbage:         -                43M (9%)           35M (7%)           19M (4%)             -                  -          
[2025-12-18T08:25:11.448+0530][info][gc,heap     ] GC(198) Reclaimed:         -                  -                 8M (2%)           23M (5%)             -                  -          
[2025-12-18T08:25:11.448+0530][info][gc          ] GC(198) Garbage Collection (Allocation Stall) 292M(57%)->462M(90%)
[2025-12-18T08:25:11.492+0530][info][gc,start    ] GC(199) Garbage Collection (Allocation Stall)
[2025-12-18T08:25:11.492+0530][info][gc,ref      ] GC(199) Clearing All SoftReferences
[2025-12-18T08:25:11.492+0530][info][gc,task     ] GC(199) Using 2 workers
[2025-12-18T08:25:11.492+0530][info][gc,ref      ] GC(199) Clearing All SoftReferences
[2025-12-18T08:25:11.492+0530][info][gc,phases   ] GC(199) Pause Mark Start 0.051ms
[2025-12-18T08:25:11.589+0530][info][gc,phases   ] GC(199) Concurrent Mark 95.460ms
[2025-12-18T08:25:11.589+0530][info][gc,phases   ] GC(199) Pause Mark End 0.019ms
[2025-12-18T08:25:11.589+0530][info][gc,phases   ] GC(199) Concurrent Mark Free 0.001ms
[2025-12-18T08:25:11.590+0530][info][gc,phases   ] GC(199) Concurrent Process Non-Strong References 1.233ms
[2025-12-18T08:25:11.590+0530][info][gc,phases   ] GC(199) Concurrent Reset Relocation Set 0.002ms
[2025-12-18T08:25:11.590+0530][info][gc          ] Allocation Stall (Worker-0) 97.316ms
[2025-12-18T08:25:11.590+0530][info][gc          ] Allocation Stall (Worker-7) 97.310ms
[2025-12-18T08:25:11.590+0530][info][gc          ] Allocation Stall (JFR Periodic Tasks) 77.990ms
[2025-12-18T08:25:11.590+0530][info][gc          ] Allocation Stall (Worker-5) 98.016ms
[2025-12-18T08:25:11.590+0530][info][gc          ] Allocation Stall (Worker-1) 97.770ms
[2025-12-18T08:25:11.590+0530][info][gc          ] Allocation Stall (Worker-6) 97.485ms
[2025-12-18T08:25:11.591+0530][info][gc          ] Allocation Stall (Worker-2) 97.490ms
[2025-12-18T08:25:11.591+0530][info][gc          ] Allocation Stall (Worker-4) 97.541ms
[2025-12-18T08:25:11.591+0530][info][gc          ] Allocation Stall (Worker-3) 97.560ms
[2025-12-18T08:25:11.594+0530][info][gc,phases   ] GC(199) Concurrent Select Relocation Set 4.037ms
[2025-12-18T08:25:11.598+0530][info][gc,phases   ] GC(199) Pause Relocate Start 0.013ms
[2025-12-18T08:25:11.601+0530][info][gc,phases   ] GC(199) Concurrent Relocate 1.784ms
[2025-12-18T08:25:11.601+0530][info][gc,load     ] GC(199) Load: 0.00/0.00/0.00
[2025-12-18T08:25:11.601+0530][info][gc,mmu      ] GC(199) MMU: 2ms/91.4%, 5ms/96.6%, 10ms/98.3%, 20ms/99.1%, 50ms/99.6%, 100ms/99.8%
[2025-12-18T08:25:11.601+0530][info][gc,marking  ] GC(199) Mark: 2 stripe(s), 3 proactive flush(es), 1 terminate flush(es), 0 completion(s), 0 continuation(s) 
[2025-12-18T08:25:11.602+0530][info][gc,marking  ] GC(199) Mark Stack Usage: 32M
[2025-12-18T08:25:11.602+0530][info][gc,nmethod  ] GC(199) NMethods: 679 registered, 1 unregistered
[2025-12-18T08:25:11.602+0530][info][gc,metaspace] GC(199) Metaspace: 4M used, 4M committed, 1088M reserved
[2025-12-18T08:25:11.602+0530][info][gc,ref      ] GC(199) Soft: 157 encountered, 73 discovered, 0 enqueued
[2025-12-18T08:25:11.602+0530][info][gc,ref      ] GC(199) Weak: 539 encountered, 39 discovered, 0 enqueued
[2025-12-18T08:25:11.602+0530][info][gc,ref      ] GC(199) Final: 0 encountered, 0 discovered, 0 enqueued
[2025-12-18T08:25:11.602+0530][info][gc,ref      ] GC(199) Phantom: 7 encountered, 3 discovered, 0 enqueued
[2025-12-18T08:25:11.602+0530][info][gc,reloc    ] GC(199) Small Pages: 245 / 490M, Empty: 204M, Relocated: 1M, In-Place: 0
[2025-12-18T08:25:11.602+0530][info][gc,reloc    ] GC(199) Medium Pages: 1 / 16M, Empty: 0M, Relocated: 0M, In-Place: 0
[2025-12-18T08:25:11.602+0530][info][gc,reloc    ] GC(199) Large Pages: 1 / 6M, Empty: 0M, Relocated: 0M, In-Place: 0
[2025-12-18T08:25:11.602+0530][info][gc,reloc    ] GC(199) Forwarding Usage: 0M
[2025-12-18T08:25:11.602+0530][info][gc,heap     ] GC(199) Min Capacity: 512M(100%)
[2025-12-18T08:25:11.602+0530][info][gc,heap     ] GC(199) Max Capacity: 512M(100%)
[2025-12-18T08:25:11.602+0530][info][gc,heap     ] GC(199) Soft Max Capacity: 512M(100%)
[2025-12-18T08:25:11.602+0530][info][gc,heap     ] GC(199)                Mark Start          Mark End        Relocate Start      Relocate End           High               Low         
[2025-12-18T08:25:11.602+0530][info][gc,heap     ] GC(199)  Capacity:      512M (100%)        512M (100%)        512M (100%)        512M (100%)        512M (100%)        512M (100%)   
[2025-12-18T08:25:11.602+0530][info][gc,heap     ] GC(199)      Free:        0M (0%)            0M (0%)          190M (37%)         228M (45%)         228M (45%)           0M (0%)     
[2025-12-18T08:25:11.602+0530][info][gc,heap     ] GC(199)      Used:      512M (100%)        512M (100%)        322M (63%)         284M (55%)         512M (100%)        284M (55%)    
[2025-12-18T08:25:11.602+0530][info][gc,heap     ] GC(199)      Live:         -               248M (48%)         248M (48%)         248M (48%)            -                  -          
[2025-12-18T08:25:11.602+0530][info][gc,heap     ] GC(199) Allocated:         -                 0M (0%)           14M (3%)           15M (3%)             -                  -          
[2025-12-18T08:25:11.602+0530][info][gc,heap     ] GC(199)   Garbage:         -               263M (52%)          59M (12%)          19M (4%)             -                  -          
[2025-12-18T08:25:11.602+0530][info][gc,heap     ] GC(199) Reclaimed:         -                  -               204M (40%)         243M (48%)            -                  -          
[2025-12-18T08:25:11.602+0530][info][gc          ] GC(199) Garbage Collection (Allocation Stall) 512M(100%)->284M(55%)
[2025-12-18T08:25:11.617+0530][info][gc,start    ] GC(200) Garbage Collection (Allocation Stall)
[2025-12-18T08:25:11.617+0530][info][gc,ref      ] GC(200) Clearing All SoftReferences
[2025-12-18T08:25:11.617+0530][info][gc,task     ] GC(200) Using 2 workers
[2025-12-18T08:25:11.617+0530][info][gc,ref      ] GC(200) Clearing All SoftReferences
[2025-12-18T08:25:11.617+0530][info][gc,phases   ] GC(200) Pause Mark Start 0.064ms
[2025-12-18T08:25:11.769+0530][info][gc,phases   ] GC(200) Concurrent Mark 150.478ms
[2025-12-18T08:25:11.769+0530][info][gc,phases   ] GC(200) Pause Mark End 0.164ms
[2025-12-18T08:25:11.784+0530][info][gc,phases   ] GC(200) Concurrent Mark Free 0.003ms
[2025-12-18T08:25:11.790+0530][info][gc,phases   ] GC(200) Concurrent Process Non-Strong References 5.982ms
[2025-12-18T08:25:11.790+0530][info][gc,phases   ] GC(200) Concurrent Reset Relocation Set 0.004ms
[2025-12-18T08:25:11.793+0530][info][gc,phases   ] GC(200) Concurrent Select Relocation Set 3.579ms
[2025-12-18T08:25:11.794+0530][info][gc,phases   ] GC(200) Pause Relocate Start 0.025ms
[2025-12-18T08:25:11.795+0530][info][gc,phases   ] GC(200) Concurrent Relocate 1.516ms
[2025-12-18T08:25:11.795+0530][info][gc,load     ] GC(200) Load: 0.00/0.00/0.00
[2025-12-18T08:25:11.795+0530][info][gc,mmu      ] GC(200) MMU: 2ms/91.4%, 5ms/96.6%, 10ms/98.3%, 20ms/99.1%, 50ms/99.6%, 100ms/99.8%
[2025-12-18T08:25:11.795+0530][info][gc,marking  ] GC(200) Mark: 2 stripe(s), 2 proactive flush(es), 1 terminate flush(es), 1 completion(s), 0 continuation(s) 
[2025-12-18T08:25:11.795+0530][info][gc,marking  ] GC(200) Mark Stack Usage: 32M
[2025-12-18T08:25:11.795+0530][info][gc,nmethod  ] GC(200) NMethods: 679 registered, 1 unregistered
[2025-12-18T08:25:11.795+0530][info][gc,metaspace] GC(200) Metaspace: 4M used, 4M committed, 1088M reserved
[2025-12-18T08:25:11.796+0530][info][gc,ref      ] GC(200) Soft: 157 encountered, 88 discovered, 0 enqueued
[2025-12-18T08:25:11.796+0530][info][gc,ref      ] GC(200) Weak: 539 encountered, 405 discovered, 0 enqueued
[2025-12-18T08:25:11.796+0530][info][gc,ref      ] GC(200) Final: 0 encountered, 0 discovered, 0 enqueued
[2025-12-18T08:25:11.796+0530][info][gc,ref      ] GC(200) Phantom: 7 encountered, 3 discovered, 0 enqueued
[2025-12-18T08:25:11.796+0530][info][gc,reloc    ] GC(200) Small Pages: 140 / 280M, Empty: 2M, Relocated: 1M, In-Place: 0
[2025-12-18T08:25:11.796+0530][info][gc,reloc    ] GC(200) Medium Pages: 1 / 16M, Empty: 0M, Relocated: 0M, In-Place: 0
[2025-12-18T08:25:11.796+0530][info][gc,reloc    ] GC(200) Large Pages: 1 / 6M, Empty: 0M, Relocated: 0M, In-Place: 0
[2025-12-18T08:25:11.796+0530][info][gc,reloc    ] GC(200) Forwarding Usage: 0M
[2025-12-18T08:25:11.796+0530][info][gc,heap     ] GC(200) Min Capacity: 512M(100%)
[2025-12-18T08:25:11.796+0530][info][gc,heap     ] GC(200) Max Capacity: 512M(100%)
[2025-12-18T08:25:11.796+0530][info][gc,heap     ] GC(200) Soft Max Capacity: 512M(100%)
[2025-12-18T08:25:11.796+0530][info][gc,heap     ] GC(200)                Mark Start          Mark End        Relocate Start      Relocate End           High               Low         
[2025-12-18T08:25:11.796+0530][info][gc,heap     ] GC(200)  Capacity:      512M (100%)        512M (100%)        512M (100%)        512M (100%)        512M (100%)        512M (100%)   
[2025-12-18T08:25:11.796+0530][info][gc,heap     ] GC(200)      Free:      210M (41%)          60M (12%)          34M (7%)           60M (12%)         210M (41%)          24M (5%)     
[2025-12-18T08:25:11.796+0530][info][gc,heap     ] GC(200)      Used:      302M (59%)         452M (88%)         478M (93%)         452M (88%)         488M (95%)         302M (59%)    
[2025-12-18T08:25:11.796+0530][info][gc,heap     ] GC(200)      Live:         -               248M (48%)         248M (48%)         248M (48%)            -                  -          
[2025-12-18T08:25:11.796+0530][info][gc,heap     ] GC(200) Allocated:         -               150M (29%)         178M (35%)         183M (36%)            -                  -          
[2025-12-18T08:25:11.796+0530][info][gc,heap     ] GC(200)   Garbage:         -                53M (11%)          51M (10%)          19M (4%)             -                  -          
[2025-12-18T08:25:11.796+0530][info][gc,heap     ] GC(200) Reclaimed:         -                  -                 2M (0%)           33M (7%)             -                  -          
[2025-12-18T08:25:11.796+0530][info][gc          ] GC(200) Garbage Collection (Allocation Stall) 302M(59%)->452M(88%)
[2025-12-18T08:25:11.817+0530][info][gc,start    ] GC(201) Garbage Collection (Allocation Rate)
[2025-12-18T08:25:11.817+0530][info][gc,task     ] GC(201) Using 2 workers
[2025-12-18T08:25:11.817+0530][info][gc,phases   ] GC(201) Pause Mark Start 0.013ms
[2025-12-18T08:25:11.941+0530][info][gc,phases   ] GC(201) Concurrent Mark 118.803ms
[2025-12-18T08:25:11.941+0530][info][gc,phases   ] GC(201) Pause Mark End 0.022ms
[2025-12-18T08:25:11.941+0530][info][gc,phases   ] GC(201) Concurrent Mark Free 0.001ms
[2025-12-18T08:25:11.942+0530][info][gc,phases   ] GC(201) Concurrent Process Non-Strong References 1.228ms
[2025-12-18T08:25:11.942+0530][info][gc,phases   ] GC(201) Concurrent Reset Relocation Set 0.002ms
[2025-12-18T08:25:11.942+0530][info][gc          ] Allocation Stall (Worker-0) 90.196ms
[2025-12-18T08:25:11.942+0530][info][gc          ] Allocation Stall (Worker-3) 97.822ms
[2025-12-18T08:25:11.942+0530][info][gc          ] Allocation Stall (Worker-5) 100.075ms
[2025-12-18T08:25:11.942+0530][info][gc          ] Allocation Stall (Worker-1) 90.204ms
[2025-12-18T08:25:11.942+0530][info][gc          ] Allocation Stall (Worker-4) 99.662ms
[2025-12-18T08:25:11.942+0530][info][gc          ] Allocation Stall (Worker-7) 99.788ms
[2025-12-18T08:25:11.942+0530][info][gc          ] Allocation Stall (Worker-6) 98.186ms
[2025-12-18T08:25:11.942+0530][info][gc          ] Allocation Stall (Worker-2) 98.704ms
[2025-12-18T08:25:11.946+0530][info][gc,phases   ] GC(201) Concurrent Select Relocation Set 3.629ms
[2025-12-18T08:25:11.946+0530][info][gc,phases   ] GC(201) Pause Relocate Start 0.013ms
[2025-12-18T08:25:11.969+0530][info][gc,phases   ] GC(201) Concurrent Relocate 1.759ms
[2025-12-18T08:25:11.969+0530][info][gc,load     ] GC(201) Load: 0.00/0.00/0.00
[2025-12-18T08:25:11.969+0530][info][gc,mmu      ] GC(201) MMU: 2ms/91.4%, 5ms/96.6%, 10ms/98.3%, 20ms/99.1%, 50ms/99.6%, 100ms/99.8%
[2025-12-18T08:25:11.969+0530][info][gc,marking  ] GC(201) Mark: 2 stripe(s), 2 proactive flush(es), 1 terminate flush(es), 0 completion(s), 0 continuation(s) 
[2025-12-18T08:25:11.969+0530][info][gc,marking  ] GC(201) Mark Stack Usage: 32M
[2025-12-18T08:25:11.969+0530][info][gc,nmethod  ] GC(201) NMethods: 679 registered, 1 unregistered
[2025-12-18T08:25:11.969+0530][info][gc,metaspace] GC(201) Metaspace: 4M used, 4M committed, 1088M reserved
[2025-12-18T08:25:11.969+0530][info][gc,ref      ] GC(201) Soft: 157 encountered, 0 discovered, 0 enqueued
[2025-12-18T08:25:11.969+0530][info][gc,ref      ] GC(201) Weak: 539 encountered, 12 discovered, 0 enqueued
[2025-12-18T08:25:11.969+0530][info][gc,ref      ] GC(201) Final: 0 encountered, 0 discovered, 0 enqueued
[2025-12-18T08:25:11.969+0530][info][gc,ref      ] GC(201) Phantom: 7 encountered, 3 discovered, 0 enqueued
[2025-12-18T08:25:11.969+0530][info][gc,reloc    ] GC(201) Small Pages: 230 / 460M, Empty: 184M, Relocated: 1M, In-Place: 0
[2025-12-18T08:25:11.969+0530][info][gc,reloc    ] GC(201) Medium Pages: 1 / 16M, Empty: 0M, Relocated: 0M, In-Place: 0
[2025-12-18T08:25:11.969+0530][info][gc,reloc    ] GC(201) Large Pages: 1 / 6M, Empty: 0M, Relocated: 0M, In-Place: 0
[2025-12-18T08:25:11.969+0530][info][gc,reloc    ] GC(201) Forwarding Usage: 0M
[2025-12-18T08:25:11.969+0530][info][gc,heap     ] GC(201) Min Capacity: 512M(100%)
[2025-12-18T08:25:11.969+0530][info][gc,heap     ] GC(201) Max Capacity: 512M(100%)
[2025-12-18T08:25:11.969+0530][info][gc,heap     ] GC(201) Soft Max Capacity: 512M(100%)
[2025-12-18T08:25:11.969+0530][info][gc,heap     ] GC(201)                Mark Start          Mark End        Relocate Start      Relocate End           High               Low         
[2025-12-18T08:25:11.969+0530][info][gc,heap     ] GC(201)  Capacity:      512M (100%)        512M (100%)        512M (100%)        512M (100%)        512M (100%)        512M (100%)   
[2025-12-18T08:25:11.969+0530][info][gc,heap     ] GC(201)      Free:       30M (6%)            0M (0%)          170M (33%)         176M (34%)         176M (34%)           0M (0%)     
[2025-12-18T08:25:11.969+0530][info][gc,heap     ] GC(201)      Used:      482M (94%)         512M (100%)        342M (67%)         336M (66%)         512M (100%)        336M (66%)    
[2025-12-18T08:25:11.970+0530][info][gc,heap     ] GC(201)      Live:         -               248M (48%)         248M (48%)         248M (48%)            -                  -          
[2025-12-18T08:25:11.970+0530][info][gc,heap     ] GC(201) Allocated:         -                30M (6%)           44M (9%)           67M (13%)            -                  -          
[2025-12-18T08:25:11.970+0530][info][gc,heap     ] GC(201)   Garbage:         -               233M (46%)          49M (10%)          20M (4%)             -                  -          
[2025-12-18T08:25:11.970+0530][info][gc,heap     ] GC(201) Reclaimed:         -                  -               184M (36%)         213M (42%)            -                  -          
[2025-12-18T08:25:11.970+0530][info][gc          ] GC(201) Garbage Collection (Allocation Rate) 482M(94%)->336M(66%)
[2025-12-18T08:25:12.017+0530][info][gc,start    ] GC(202) Garbage Collection (Allocation Stall)
[2025-12-18T08:25:12.017+0530][info][gc,ref      ] GC(202) Clearing All SoftReferences
[2025-12-18T08:25:12.017+0530][info][gc,task     ] GC(202) Using 2 workers
[2025-12-18T08:25:12.017+0530][info][gc,ref      ] GC(202) Clearing All SoftReferences
[2025-12-18T08:25:12.017+0530][info][gc,phases   ] GC(202) Pause Mark Start 0.055ms
[2025-12-18T08:25:12.157+0530][info][gc,phases   ] GC(202) Concurrent Mark 139.365ms
[2025-12-18T08:25:12.157+0530][info][gc,phases   ] GC(202) Pause Mark End 0.100ms
[2025-12-18T08:25:12.157+0530][info][gc,phases   ] GC(202) Concurrent Mark Free 0.001ms
[2025-12-18T08:25:12.158+0530][info][gc,phases   ] GC(202) Concurrent Process Non-Strong References 1.291ms
[2025-12-18T08:25:12.158+0530][info][gc,phases   ] GC(202) Concurrent Reset Relocation Set 0.002ms
[2025-12-18T08:25:12.161+0530][info][gc          ] Allocation Stall (Worker-2) 40.134ms
[2025-12-18T08:25:12.161+0530][info][gc          ] Allocation Stall (Worker-7) 40.163ms
[2025-12-18T08:25:12.161+0530][info][gc          ] Allocation Stall (Worker-0) 39.895ms
[2025-12-18T08:25:12.161+0530][info][gc          ] Allocation Stall (Worker-3) 34.532ms
[2025-12-18T08:25:12.161+0530][info][gc          ] Allocation Stall (Worker-5) 49.335ms
[2025-12-18T08:25:12.161+0530][info][gc          ] Allocation Stall (Worker-6) 42.254ms
[2025-12-18T08:25:12.162+0530][info][gc          ] Allocation Stall (Worker-4) 41.940ms
[2025-12-18T08:25:12.162+0530][info][gc          ] Allocation Stall (Worker-1) 41.316ms
[2025-12-18T08:25:12.162+0530][info][gc,phases   ] GC(202) Concurrent Select Relocation Set 3.231ms
[2025-12-18T08:25:12.162+0530][info][gc,phases   ] GC(202) Pause Relocate Start 0.010ms
[2025-12-18T08:25:12.175+0530][info][gc,phases   ] GC(202) Concurrent Relocate 2.120ms
[2025-12-18T08:25:12.175+0530][info][gc,load     ] GC(202) Load: 0.00/0.00/0.00
[2025-12-18T08:25:12.175+0530][info][gc,mmu      ] GC(202) MMU: 2ms/91.4%, 5ms/96.6%, 10ms/98.3%, 20ms/99.1%, 50ms/99.6%, 100ms/99.8%
[2025-12-18T08:25:12.175+0530][info][gc,marking  ] GC(202) Mark: 2 stripe(s), 2 proactive flush(es), 1 terminate flush(es), 1 completion(s), 0 continuation(s) 
[2025-12-18T08:25:12.175+0530][info][gc,marking  ] GC(202) Mark Stack Usage: 32M
[2025-12-18T08:25:12.175+0530][info][gc,nmethod  ] GC(202) NMethods: 679 registered, 1 unregistered
[2025-12-18T08:25:12.175+0530][info][gc,metaspace] GC(202) Metaspace: 4M used, 4M committed, 1088M reserved
[2025-12-18T08:25:12.175+0530][info][gc,ref      ] GC(202) Soft: 157 encountered, 78 discovered, 0 enqueued
[2025-12-18T08:25:12.175+0530][info][gc,ref      ] GC(202) Weak: 539 encountered, 419 discovered, 0 enqueued
[2025-12-18T08:25:12.175+0530][info][gc,ref      ] GC(202) Final: 0 encountered, 0 discovered, 0 enqueued
[2025-12-18T08:25:12.175+0530][info][gc,ref      ] GC(202) Phantom: 7 encountered, 3 discovered, 0 enqueued
[2025-12-18T08:25:12.175+0530][info][gc,reloc    ] GC(202) Small Pages: 191 / 382M, Empty: 80M, Relocated: 1M, In-Place: 0
[2025-12-18T08:25:12.175+0530][info][gc,reloc    ] GC(202) Medium Pages: 1 / 16M, Empty: 0M, Relocated: 0M, In-Place: 0
[2025-12-18T08:25:12.175+0530][info][gc,reloc    ] GC(202) Large Pages: 1 / 6M, Empty: 0M, Relocated: 0M, In-Place: 0
[2025-12-18T08:25:12.175+0530][info][gc,reloc    ] GC(202) Forwarding Usage: 0M
[2025-12-18T08:25:12.175+0530][info][gc,heap     ] GC(202) Min Capacity: 512M(100%)
[2025-12-18T08:25:12.175+0530][info][gc,heap     ] GC(202) Max Capacity: 512M(100%)
[2025-12-18T08:25:12.175+0530][info][gc,heap     ] GC(202) Soft Max Capacity: 512M(100%)
[2025-12-18T08:25:12.175+0530][info][gc,heap     ] GC(202)                Mark Start          Mark End        Relocate Start      Relocate End           High               Low         
[2025-12-18T08:25:12.175+0530][info][gc,heap     ] GC(202)  Capacity:      512M (100%)        512M (100%)        512M (100%)        512M (100%)        512M (100%)        512M (100%)   
[2025-12-18T08:25:12.175+0530][info][gc,heap     ] GC(202)      Free:      108M (21%)           0M (0%)           66M (13%)         120M (23%)         120M (23%)           0M (0%)     
[2025-12-18T08:25:12.175+0530][info][gc,heap     ] GC(202)      Used:      404M (79%)         512M (100%)        446M (87%)         392M (77%)         512M (100%)        392M (77%)    
[2025-12-18T08:25:12.175+0530][info][gc,heap     ] GC(202)      Live:         -               248M (48%)         248M (48%)         248M (48%)            -                  -          
[2025-12-18T08:25:12.175+0530][info][gc,heap     ] GC(202) Allocated:         -               108M (21%)         122M (24%)         123M (24%)            -                  -          
[2025-12-18T08:25:12.175+0530][info][gc,heap     ] GC(202)   Garbage:         -               155M (30%)          75M (15%)          19M (4%)             -                  -          
[2025-12-18T08:25:12.175+0530][info][gc,heap     ] GC(202) Reclaimed:         -                  -                80M (16%)         135M (27%)            -                  -          
[2025-12-18T08:25:12.175+0530][info][gc          ] GC(202) Garbage Collection (Allocation Stall) 404M(79%)->392M(77%)
[2025-12-18T08:25:12.217+0530][info][gc,start    ] GC(203) Garbage Collection (Allocation Stall)
[2025-12-18T08:25:12.217+0530][info][gc,ref      ] GC(203) Clearing All SoftReferences
[2025-12-18T08:25:12.217+0530][info][gc,task     ] GC(203) Using 2 workers
[2025-12-18T08:25:12.217+0530][info][gc,ref      ] GC(203) Clearing All SoftReferences
[2025-12-18T08:25:12.217+0530][info][gc,phases   ] GC(203) Pause Mark Start 0.069ms
[2025-12-18T08:25:12.350+0530][info][gc,phases   ] GC(203) Concurrent Mark 126.371ms
[2025-12-18T08:25:12.350+0530][info][gc,phases   ] GC(203) Pause Mark End 0.092ms
[2025-12-18T08:25:12.350+0530][info][gc,phases   ] GC(203) Concurrent Mark Free 0.001ms
[2025-12-18T08:25:12.351+0530][info][gc,phases   ] GC(203) Concurrent Process Non-Strong References 1.104ms
[2025-12-18T08:25:12.351+0530][info][gc,phases   ] GC(203) Concurrent Reset Relocation Set 0.005ms
[2025-12-18T08:25:12.351+0530][info][gc          ] Allocation Stall (Worker-1) 72.444ms
[2025-12-18T08:25:12.351+0530][info][gc          ] Allocation Stall (Worker-6) 72.190ms
[2025-12-18T08:25:12.351+0530][info][gc          ] Allocation Stall (Worker-5) 71.538ms
[2025-12-18T08:25:12.351+0530][info][gc          ] Allocation Stall (Worker-4) 82.653ms
[2025-12-18T08:25:12.351+0530][info][gc          ] Allocation Stall (Worker-3) 81.977ms
[2025-12-18T08:25:12.351+0530][info][gc          ] Allocation Stall (Worker-0) 80.829ms
[2025-12-18T08:25:12.351+0530][info][gc          ] Allocation Stall (Worker-7) 75.317ms
[2025-12-18T08:25:12.351+0530][info][gc          ] Allocation Stall (Worker-2) 75.305ms
[2025-12-18T08:25:12.355+0530][info][gc,phases   ] GC(203) Concurrent Select Relocation Set 3.766ms
[2025-12-18T08:25:12.355+0530][info][gc,phases   ] GC(203) Pause Relocate Start 0.012ms
[2025-12-18T08:25:12.376+0530][info][gc,phases   ] GC(203) Concurrent Relocate 1.847ms
[2025-12-18T08:25:12.377+0530][info][gc,load     ] GC(203) Load: 0.00/0.00/0.00
[2025-12-18T08:25:12.377+0530][info][gc,mmu      ] GC(203) MMU: 2ms/91.4%, 5ms/96.6%, 10ms/98.3%, 20ms/99.1%, 50ms/99.6%, 100ms/99.8%
[2025-12-18T08:25:12.377+0530][info][gc,marking  ] GC(203) Mark: 2 stripe(s), 2 proactive flush(es), 1 terminate flush(es), 1 completion(s), 0 continuation(s) 
[2025-12-18T08:25:12.377+0530][info][gc,marking  ] GC(203) Mark Stack Usage: 32M
[2025-12-18T08:25:12.377+0530][info][gc,nmethod  ] GC(203) NMethods: 679 registered, 1 unregistered
[2025-12-18T08:25:12.377+0530][info][gc,metaspace] GC(203) Metaspace: 4M used, 4M committed, 1088M reserved
[2025-12-18T08:25:12.377+0530][info][gc,ref      ] GC(203) Soft: 157 encountered, 92 discovered, 0 enqueued
[2025-12-18T08:25:12.377+0530][info][gc,ref      ] GC(203) Weak: 539 encountered, 435 discovered, 0 enqueued
[2025-12-18T08:25:12.377+0530][info][gc,ref      ] GC(203) Final: 0 encountered, 0 discovered, 0 enqueued
[2025-12-18T08:25:12.377+0530][info][gc,ref      ] GC(203) Phantom: 7 encountered, 5 discovered, 0 enqueued
[2025-12-18T08:25:12.377+0530][info][gc,reloc    ] GC(203) Small Pages: 215 / 430M, Empty: 148M, Relocated: 1M, In-Place: 0
[2025-12-18T08:25:12.377+0530][info][gc,reloc    ] GC(203) Medium Pages: 1 / 16M, Empty: 0M, Relocated: 0M, In-Place: 0
[2025-12-18T08:25:12.377+0530][info][gc,reloc    ] GC(203) Large Pages: 1 / 6M, Empty: 0M, Relocated: 0M, In-Place: 0
[2025-12-18T08:25:12.377+0530][info][gc,reloc    ] GC(203) Forwarding Usage: 0M
[2025-12-18T08:25:12.377+0530][info][gc,heap     ] GC(203) Min Capacity: 512M(100%)
[2025-12-18T08:25:12.377+0530][info][gc,heap     ] GC(203) Max Capacity: 512M(100%)
[2025-12-18T08:25:12.377+0530][info][gc,heap     ] GC(203) Soft Max Capacity: 512M(100%)
[2025-12-18T08:25:12.377+0530][info][gc,heap     ] GC(203)                Mark Start          Mark End        Relocate Start      Relocate End           High               Low         
[2025-12-18T08:25:12.377+0530][info][gc,heap     ] GC(203)  Capacity:      512M (100%)        512M (100%)        512M (100%)        512M (100%)        512M (100%)        512M (100%)   
[2025-12-18T08:25:12.377+0530][info][gc,heap     ] GC(203)      Free:       60M (12%)           0M (0%)          136M (27%)         152M (30%)         152M (30%)           0M (0%)     
[2025-12-18T08:25:12.377+0530][info][gc,heap     ] GC(203)      Used:      452M (88%)         512M (100%)        376M (73%)         360M (70%)         512M (100%)        360M (70%)    
[2025-12-18T08:25:12.377+0530][info][gc,heap     ] GC(203)      Live:         -               248M (48%)         248M (48%)         248M (48%)            -                  -          
[2025-12-18T08:25:12.377+0530][info][gc,heap     ] GC(203) Allocated:         -                60M (12%)          72M (14%)          91M (18%)            -                  -          
[2025-12-18T08:25:12.377+0530][info][gc,heap     ] GC(203)   Garbage:         -               203M (40%)          55M (11%)          20M (4%)             -                  -          
[2025-12-18T08:25:12.377+0530][info][gc,heap     ] GC(203) Reclaimed:         -                  -               148M (29%)         183M (36%)            -                  -          
[2025-12-18T08:25:12.377+0530][info][gc          ] GC(203) Garbage Collection (Allocation Stall) 452M(88%)->360M(70%)
[2025-12-18T08:25:12.417+0530][info][gc,start    ] GC(204) Garbage Collection (Allocation Stall)
[2025-12-18T08:25:12.417+0530][info][gc,ref      ] GC(204) Clearing All SoftReferences
[2025-12-18T08:25:12.417+0530][info][gc,task     ] GC(204) Using 2 workers
[2025-12-18T08:25:12.417+0530][info][gc,ref      ] GC(204) Clearing All SoftReferences
[2025-12-18T08:25:12.417+0530][info][gc,phases   ] GC(204) Pause Mark Start 0.058ms
[2025-12-18T08:25:12.553+0530][info][gc,phases   ] GC(204) Concurrent Mark 134.429ms
[2025-12-18T08:25:12.553+0530][info][gc,phases   ] GC(204) Pause Mark End 0.109ms
[2025-12-18T08:25:12.553+0530][info][gc,phases   ] GC(204) Concurrent Mark Free 0.001ms
[2025-12-18T08:25:12.554+0530][info][gc,phases   ] GC(204) Concurrent Process Non-Strong References 1.299ms
[2025-12-18T08:25:12.554+0530][info][gc,phases   ] GC(204) Concurrent Reset Relocation Set 0.003ms
[2025-12-18T08:25:12.558+0530][info][gc          ] Allocation Stall (Worker-4) 52.479ms
[2025-12-18T08:25:12.558+0530][info][gc          ] Allocation Stall (Worker-2) 52.763ms
[2025-12-18T08:25:12.558+0530][info][gc          ] Allocation Stall (Worker-0) 61.964ms
[2025-12-18T08:25:12.558+0530][info][gc          ] Allocation Stall (Worker-7) 61.422ms
[2025-12-18T08:25:12.558+0530][info][gc          ] Allocation Stall (Worker-6) 58.177ms
[2025-12-18T08:25:12.558+0530][info][gc          ] Allocation Stall (Worker-1) 57.227ms
[2025-12-18T08:25:12.558+0530][info][gc          ] Allocation Stall (Worker-5) 54.138ms
[2025-12-18T08:25:12.558+0530][info][gc          ] Allocation Stall (Worker-3) 61.107ms
[2025-12-18T08:25:12.558+0530][info][gc,phases   ] GC(204) Concurrent Select Relocation Set 3.120ms
[2025-12-18T08:25:12.559+0530][info][gc,phases   ] GC(204) Pause Relocate Start 0.011ms
[2025-12-18T08:25:12.578+0530][info][gc,phases   ] GC(204) Concurrent Relocate 1.817ms
[2025-12-18T08:25:12.578+0530][info][gc,load     ] GC(204) Load: 0.00/0.00/0.00
[2025-12-18T08:25:12.578+0530][info][gc,mmu      ] GC(204) MMU: 2ms/91.4%, 5ms/96.6%, 10ms/98.3%, 20ms/99.1%, 50ms/99.6%, 100ms/99.8%
[2025-12-18T08:25:12.578+0530][info][gc,marking  ] GC(204) Mark: 2 stripe(s), 2 proactive flush(es), 1 terminate flush(es), 1 completion(s), 0 continuation(s) 
[2025-12-18T08:25:12.578+0530][info][gc,marking  ] GC(204) Mark Stack Usage: 32M
[2025-12-18T08:25:12.578+0530][info][gc,nmethod  ] GC(204) NMethods: 679 registered, 1 unregistered
[2025-12-18T08:25:12.578+0530][info][gc,metaspace] GC(204) Metaspace: 4M used, 4M committed, 1088M reserved
[2025-12-18T08:25:12.578+0530][info][gc,ref      ] GC(204) Soft: 157 encountered, 88 discovered, 0 enqueued
[2025-12-18T08:25:12.578+0530][info][gc,ref      ] GC(204) Weak: 539 encountered, 435 discovered, 0 enqueued
[2025-12-18T08:25:12.578+0530][info][gc,ref      ] GC(204) Final: 0 encountered, 0 discovered, 0 enqueued
[2025-12-18T08:25:12.578+0530][info][gc,ref      ] GC(204) Phantom: 7 encountered, 2 discovered, 0 enqueued
[2025-12-18T08:25:12.578+0530][info][gc,reloc    ] GC(204) Small Pages: 202 / 404M, Empty: 108M, Relocated: 1M, In-Place: 0
[2025-12-18T08:25:12.578+0530][info][gc,reloc    ] GC(204) Medium Pages: 1 / 16M, Empty: 0M, Relocated: 0M, In-Place: 0
[2025-12-18T08:25:12.578+0530][info][gc,reloc    ] GC(204) Large Pages: 1 / 6M, Empty: 0M, Relocated: 0M, In-Place: 0
[2025-12-18T08:25:12.578+0530][info][gc,reloc    ] GC(204) Forwarding Usage: 0M
[2025-12-18T08:25:12.578+0530][info][gc,heap     ] GC(204) Min Capacity: 512M(100%)
[2025-12-18T08:25:12.578+0530][info][gc,heap     ] GC(204) Max Capacity: 512M(100%)
[2025-12-18T08:25:12.578+0530][info][gc,heap     ] GC(204) Soft Max Capacity: 512M(100%)
[2025-12-18T08:25:12.578+0530][info][gc,heap     ] GC(204)                Mark Start          Mark End        Relocate Start      Relocate End           High               Low         
[2025-12-18T08:25:12.578+0530][info][gc,heap     ] GC(204)  Capacity:      512M (100%)        512M (100%)        512M (100%)        512M (100%)        512M (100%)        512M (100%)   
[2025-12-18T08:25:12.578+0530][info][gc,heap     ] GC(204)      Free:       86M (17%)           0M (0%)           94M (18%)         130M (25%)         130M (25%)           0M (0%)     
[2025-12-18T08:25:12.578+0530][info][gc,heap     ] GC(204)      Used:      426M (83%)         512M (100%)        418M (82%)         382M (75%)         512M (100%)        382M (75%)    
[2025-12-18T08:25:12.578+0530][info][gc,heap     ] GC(204)      Live:         -               248M (48%)         248M (48%)         248M (48%)            -                  -          
[2025-12-18T08:25:12.578+0530][info][gc,heap     ] GC(204) Allocated:         -                86M (17%)         100M (20%)         113M (22%)            -                  -          
[2025-12-18T08:25:12.578+0530][info][gc,heap     ] GC(204)   Garbage:         -               177M (35%)          69M (14%)          20M (4%)             -                  -          
[2025-12-18T08:25:12.578+0530][info][gc,heap     ] GC(204) Reclaimed:         -                  -               108M (21%)         157M (31%)            -                  -          
[2025-12-18T08:25:12.578+0530][info][gc          ] GC(204) Garbage Collection (Allocation Stall) 426M(83%)->382M(75%)
[2025-12-18T08:25:12.617+0530][info][gc,start    ] GC(205) Garbage Collection (Allocation Stall)
[2025-12-18T08:25:12.617+0530][info][gc,ref      ] GC(205) Clearing All SoftReferences
[2025-12-18T08:25:12.617+0530][info][gc,task     ] GC(205) Using 2 workers
[2025-12-18T08:25:12.617+0530][info][gc,ref      ] GC(205) Clearing All SoftReferences
[2025-12-18T08:25:12.617+0530][info][gc,phases   ] GC(205) Pause Mark Start 0.043ms
[2025-12-18T08:25:12.755+0530][info][gc,phases   ] GC(205) Concurrent Mark 136.446ms
[2025-12-18T08:25:12.755+0530][info][gc,phases   ] GC(205) Pause Mark End 0.102ms
[2025-12-18T08:25:12.755+0530][info][gc,phases   ] GC(205) Concurrent Mark Free 0.001ms
[2025-12-18T08:25:12.756+0530][info][gc,phases   ] GC(205) Concurrent Process Non-Strong References 1.133ms
[2025-12-18T08:25:12.756+0530][info][gc,phases   ] GC(205) Concurrent Reset Relocation Set 0.004ms
[2025-12-18T08:25:12.756+0530][info][gc          ] Allocation Stall (Worker-4) 63.999ms
[2025-12-18T08:25:12.756+0530][info][gc          ] Allocation Stall (Worker-0) 65.364ms
[2025-12-18T08:25:12.756+0530][info][gc          ] Allocation Stall (Worker-2) 63.840ms
[2025-12-18T08:25:12.756+0530][info][gc          ] Allocation Stall (Worker-7) 62.127ms
[2025-12-18T08:25:12.756+0530][info][gc          ] Allocation Stall (Worker-1) 72.267ms
[2025-12-18T08:25:12.756+0530][info][gc          ] Allocation Stall (Worker-3) 72.863ms
[2025-12-18T08:25:12.756+0530][info][gc          ] Allocation Stall (Worker-6) 67.348ms
[2025-12-18T08:25:12.756+0530][info][gc          ] Allocation Stall (Worker-5) 66.642ms
[2025-12-18T08:25:12.760+0530][info][gc,phases   ] GC(205) Concurrent Select Relocation Set 3.736ms
[2025-12-18T08:25:12.760+0530][info][gc,phases   ] GC(205) Pause Relocate Start 0.013ms
[2025-12-18T08:25:12.772+0530][info][gc,phases   ] GC(205) Concurrent Relocate 1.742ms
[2025-12-18T08:25:12.772+0530][info][gc,load     ] GC(205) Load: 0.00/0.00/0.00
[2025-12-18T08:25:12.772+0530][info][gc,mmu      ] GC(205) MMU: 2ms/91.4%, 5ms/96.6%, 10ms/98.3%, 20ms/99.1%, 50ms/99.6%, 100ms/99.8%
[2025-12-18T08:25:12.772+0530][info][gc,marking  ] GC(205) Mark: 2 stripe(s), 2 proactive flush(es), 1 terminate flush(es), 1 completion(s), 0 continuation(s) 
[2025-12-18T08:25:12.772+0530][info][gc,marking  ] GC(205) Mark Stack Usage: 32M
[2025-12-18T08:25:12.772+0530][info][gc,nmethod  ] GC(205) NMethods: 679 registered, 1 unregistered
[2025-12-18T08:25:12.773+0530][info][gc,metaspace] GC(205) Metaspace: 4M used, 4M committed, 1088M reserved
[2025-12-18T08:25:12.773+0530][info][gc,ref      ] GC(205) Soft: 157 encountered, 80 discovered, 0 enqueued
[2025-12-18T08:25:12.773+0530][info][gc,ref      ] GC(205) Weak: 539 encountered, 419 discovered, 0 enqueued
[2025-12-18T08:25:12.773+0530][info][gc,ref      ] GC(205) Final: 0 encountered, 0 discovered, 0 enqueued
[2025-12-18T08:25:12.773+0530][info][gc,ref      ] GC(205) Phantom: 7 encountered, 5 discovered, 0 enqueued
[2025-12-18T08:25:12.773+0530][info][gc,reloc    ] GC(205) Small Pages: 209 / 418M, Empty: 128M, Relocated: 1M, In-Place: 0
[2025-12-18T08:25:12.773+0530][info][gc,reloc    ] GC(205) Medium Pages: 1 / 16M, Empty: 0M, Relocated: 0M, In-Place: 0
[2025-12-18T08:25:12.773+0530][info][gc,reloc    ] GC(205) Large Pages: 1 / 6M, Empty: 0M, Relocated: 0M, In-Place: 0
[2025-12-18T08:25:12.773+0530][info][gc,reloc    ] GC(205) Forwarding Usage: 0M
[2025-12-18T08:25:12.773+0530][info][gc,heap     ] GC(205) Min Capacity: 512M(100%)
[2025-12-18T08:25:12.773+0530][info][gc,heap     ] GC(205) Max Capacity: 512M(100%)
[2025-12-18T08:25:12.773+0530][info][gc,heap     ] GC(205) Soft Max Capacity: 512M(100%)
[2025-12-18T08:25:12.773+0530][info][gc,heap     ] GC(205)                Mark Start          Mark End        Relocate Start      Relocate End           High               Low         
[2025-12-18T08:25:12.773+0530][info][gc,heap     ] GC(205)  Capacity:      512M (100%)        512M (100%)        512M (100%)        512M (100%)        512M (100%)        512M (100%)   
[2025-12-18T08:25:12.773+0530][info][gc,heap     ] GC(205)      Free:       72M (14%)           0M (0%)          112M (22%)         142M (28%)         142M (28%)           0M (0%)     
[2025-12-18T08:25:12.773+0530][info][gc,heap     ] GC(205)      Used:      440M (86%)         512M (100%)        400M (78%)         370M (72%)         512M (100%)        370M (72%)    
[2025-12-18T08:25:12.773+0530][info][gc,heap     ] GC(205)      Live:         -               248M (48%)         248M (48%)         248M (48%)            -                  -          
[2025-12-18T08:25:12.773+0530][info][gc,heap     ] GC(205) Allocated:         -                72M (14%)          88M (17%)         101M (20%)            -                  -          
[2025-12-18T08:25:12.773+0530][info][gc,heap     ] GC(205)   Garbage:         -               191M (37%)          63M (12%)          19M (4%)             -                  -          
[2025-12-18T08:25:12.773+0530][info][gc,heap     ] GC(205) Reclaimed:         -                  -               128M (25%)         171M (34%)            -                  -          
[2025-12-18T08:25:12.773+0530][info][gc          ] GC(205) Garbage Collection (Allocation Stall) 440M(86%)->370M(72%)
[2025-12-18T08:25:12.816+0530][info][gc,start    ] GC(206) Garbage Collection (Allocation Stall)
[2025-12-18T08:25:12.816+0530][info][gc,ref      ] GC(206) Clearing All SoftReferences
[2025-12-18T08:25:12.816+0530][info][gc,task     ] GC(206) Using 2 workers
[2025-12-18T08:25:12.816+0530][info][gc,ref      ] GC(206) Clearing All SoftReferences
[2025-12-18T08:25:12.816+0530][info][gc,phases   ] GC(206) Pause Mark Start 0.061ms
[2025-12-18T08:25:12.956+0530][info][gc,phases   ] GC(206) Concurrent Mark 138.125ms
[2025-12-18T08:25:12.956+0530][info][gc,phases   ] GC(206) Pause Mark End 0.098ms
[2025-12-18T08:25:12.956+0530][info][gc,phases   ] GC(206) Concurrent Mark Free 0.001ms
[2025-12-18T08:25:12.957+0530][info][gc,phases   ] GC(206) Concurrent Process Non-Strong References 1.131ms
[2025-12-18T08:25:12.957+0530][info][gc,phases   ] GC(206) Concurrent Reset Relocation Set 0.003ms
[2025-12-18T08:25:12.960+0530][info][gc          ] Allocation Stall (Worker-3) 58.797ms
[2025-12-18T08:25:12.960+0530][info][gc          ] Allocation Stall (Worker-2) 58.602ms
[2025-12-18T08:25:12.960+0530][info][gc          ] Allocation Stall (Worker-7) 58.596ms
[2025-12-18T08:25:12.960+0530][info][gc          ] Allocation Stall (Worker-5) 67.519ms
[2025-12-18T08:25:12.960+0530][info][gc          ] Allocation Stall (Worker-0) 63.771ms
[2025-12-18T08:25:12.960+0530][info][gc          ] Allocation Stall (Worker-1) 60.958ms
[2025-12-18T08:25:12.960+0530][info][gc          ] Allocation Stall (Worker-6) 63.466ms
[2025-12-18T08:25:12.960+0530][info][gc          ] Allocation Stall (Worker-4) 59.763ms
[2025-12-18T08:25:12.960+0530][info][gc,phases   ] GC(206) Concurrent Select Relocation Set 3.062ms
[2025-12-18T08:25:12.961+0530][info][gc,phases   ] GC(206) Pause Relocate Start 0.011ms
[2025-12-18T08:25:12.963+0530][info][gc,phases   ] GC(206) Concurrent Relocate 1.493ms
[2025-12-18T08:25:12.963+0530][info][gc,load     ] GC(206) Load: 0.00/0.00/0.00
[2025-12-18T08:25:12.963+0530][info][gc,mmu      ] GC(206) MMU: 2ms/91.4%, 5ms/96.6%, 10ms/98.3%, 20ms/99.1%, 50ms/99.6%, 100ms/99.8%
[2025-12-18T08:25:12.963+0530][info][gc,marking  ] GC(206) Mark: 2 stripe(s), 2 proactive flush(es), 1 terminate flush(es), 1 completion(s), 0 continuation(s) 
[2025-12-18T08:25:12.963+0530][info][gc,marking  ] GC(206) Mark Stack Usage: 32M
[2025-12-18T08:25:12.963+0530][info][gc,nmethod  ] GC(206) NMethods: 679 registered, 1 unregistered
[2025-12-18T08:25:12.963+0530][info][gc,metaspace] GC(206) Metaspace: 4M used, 4M committed, 1088M reserved
[2025-12-18T08:25:12.963+0530][info][gc,ref      ] GC(206) Soft: 157 encountered, 77 discovered, 0 enqueued
[2025-12-18T08:25:12.963+0530][info][gc,ref      ] GC(206) Weak: 539 encountered, 376 discovered, 0 enqueued
[2025-12-18T08:25:12.963+0530][info][gc,ref      ] GC(206) Final: 0 encountered, 0 discovered, 0 enqueued
[2025-12-18T08:25:12.963+0530][info][gc,ref      ] GC(206) Phantom: 7 encountered, 6 discovered, 0 enqueued
[2025-12-18T08:25:12.963+0530][info][gc,reloc    ] GC(206) Small Pages: 205 / 410M, Empty: 120M, Relocated: 1M, In-Place: 0
[2025-12-18T08:25:12.963+0530][info][gc,reloc    ] GC(206) Medium Pages: 1 / 16M, Empty: 0M, Relocated: 0M, In-Place: 0
[2025-12-18T08:25:12.964+0530][info][gc,reloc    ] GC(206) Large Pages: 1 / 6M, Empty: 0M, Relocated: 0M, In-Place: 0
[2025-12-18T08:25:12.964+0530][info][gc,reloc    ] GC(206) Forwarding Usage: 0M
[2025-12-18T08:25:12.964+0530][info][gc,heap     ] GC(206) Min Capacity: 512M(100%)
[2025-12-18T08:25:12.964+0530][info][gc,heap     ] GC(206) Max Capacity: 512M(100%)
[2025-12-18T08:25:12.964+0530][info][gc,heap     ] GC(206) Soft Max Capacity: 512M(100%)
[2025-12-18T08:25:12.964+0530][info][gc,heap     ] GC(206)                Mark Start          Mark End        Relocate Start      Relocate End           High               Low         
[2025-12-18T08:25:12.964+0530][info][gc,heap     ] GC(206)  Capacity:      512M (100%)        512M (100%)        512M (100%)        512M (100%)        512M (100%)        512M (100%)   
[2025-12-18T08:25:12.964+0530][info][gc,heap     ] GC(206)      Free:       80M (16%)           0M (0%)          104M (20%)         148M (29%)         148M (29%)           0M (0%)     
[2025-12-18T08:25:12.964+0530][info][gc,heap     ] GC(206)      Used:      432M (84%)         512M (100%)        408M (80%)         364M (71%)         512M (100%)        364M (71%)    
[2025-12-18T08:25:12.964+0530][info][gc,heap     ] GC(206)      Live:         -               248M (48%)         248M (48%)         248M (48%)            -                  -          
[2025-12-18T08:25:12.964+0530][info][gc,heap     ] GC(206) Allocated:         -                80M (16%)          96M (19%)          95M (19%)            -                  -          
[2025-12-18T08:25:12.964+0530][info][gc,heap     ] GC(206)   Garbage:         -               183M (36%)          63M (12%)          19M (4%)             -                  -          
[2025-12-18T08:25:12.964+0530][info][gc,heap     ] GC(206) Reclaimed:         -                  -               120M (23%)         163M (32%)            -                  -          
[2025-12-18T08:25:12.964+0530][info][gc          ] GC(206) Garbage Collection (Allocation Stall) 432M(84%)->364M(71%)
[2025-12-18T08:25:13.018+0530][info][gc,start    ] GC(207) Garbage Collection (Allocation Stall)
[2025-12-18T08:25:13.018+0530][info][gc,ref      ] GC(207) Clearing All SoftReferences
[2025-12-18T08:25:13.018+0530][info][gc,task     ] GC(207) Using 2 workers
[2025-12-18T08:25:13.018+0530][info][gc,ref      ] GC(207) Clearing All SoftReferences
[2025-12-18T08:25:13.018+0530][info][gc,phases   ] GC(207) Pause Mark Start 0.056ms
[2025-12-18T08:25:13.153+0530][info][gc,phases   ] GC(207) Concurrent Mark 129.129ms
[2025-12-18T08:25:13.153+0530][info][gc,phases   ] GC(207) Pause Mark End 0.096ms
[2025-12-18T08:25:13.153+0530][info][gc,phases   ] GC(207) Concurrent Mark Free 0.001ms
[2025-12-18T08:25:13.154+0530][info][gc,phases   ] GC(207) Concurrent Process Non-Strong References 1.057ms
[2025-12-18T08:25:13.154+0530][info][gc,phases   ] GC(207) Concurrent Reset Relocation Set 0.002ms
[2025-12-18T08:25:13.154+0530][info][gc          ] Allocation Stall (Worker-5) 64.614ms
[2025-12-18T08:25:13.154+0530][info][gc          ] Allocation Stall (Worker-4) 68.403ms
[2025-12-18T08:25:13.155+0530][info][gc          ] Allocation Stall (Worker-7) 68.299ms
[2025-12-18T08:25:13.155+0530][info][gc          ] Allocation Stall (Worker-6) 66.350ms
[2025-12-18T08:25:13.155+0530][info][gc          ] Allocation Stall (Worker-1) 66.834ms
[2025-12-18T08:25:13.155+0530][info][gc          ] Allocation Stall (Worker-3) 64.092ms
[2025-12-18T08:25:13.155+0530][info][gc          ] Allocation Stall (main) 38.533ms
[2025-12-18T08:25:13.155+0530][info][gc          ] Allocation Stall (Worker-0) 71.043ms
[2025-12-18T08:25:13.155+0530][info][gc          ] Allocation Stall (Worker-2) 62.042ms
[2025-12-18T08:25:13.158+0530][info][gc,phases   ] GC(207) Concurrent Select Relocation Set 3.764ms
[2025-12-18T08:25:13.158+0530][info][gc,phases   ] GC(207) Pause Relocate Start 0.011ms
[2025-12-18T08:25:13.160+0530][info][gc,phases   ] GC(207) Concurrent Relocate 1.337ms
[2025-12-18T08:25:13.160+0530][info][gc,load     ] GC(207) Load: 0.00/0.00/0.00
[2025-12-18T08:25:13.160+0530][info][gc,mmu      ] GC(207) MMU: 2ms/91.4%, 5ms/96.6%, 10ms/98.3%, 20ms/99.1%, 50ms/99.6%, 100ms/99.8%
[2025-12-18T08:25:13.160+0530][info][gc,marking  ] GC(207) Mark: 2 stripe(s), 2 proactive flush(es), 1 terminate flush(es), 1 completion(s), 0 continuation(s) 
[2025-12-18T08:25:13.160+0530][info][gc,marking  ] GC(207) Mark Stack Usage: 32M
[2025-12-18T08:25:13.160+0530][info][gc,nmethod  ] GC(207) NMethods: 680 registered, 1 unregistered
[2025-12-18T08:25:13.160+0530][info][gc,metaspace] GC(207) Metaspace: 4M used, 4M committed, 1088M reserved
[2025-12-18T08:25:13.160+0530][info][gc,ref      ] GC(207) Soft: 157 encountered, 76 discovered, 0 enqueued
[2025-12-18T08:25:13.160+0530][info][gc,ref      ] GC(207) Weak: 539 encountered, 3 discovered, 0 enqueued
[2025-12-18T08:25:13.160+0530][info][gc,ref      ] GC(207) Final: 0 encountered, 0 discovered, 0 enqueued
[2025-12-18T08:25:13.160+0530][info][gc,ref      ] GC(207) Phantom: 7 encountered, 5 discovered, 0 enqueued
[2025-12-18T08:25:13.160+0530][info][gc,reloc    ] GC(207) Small Pages: 211 / 422M, Empty: 146M, Relocated: 1M, In-Place: 0
[2025-12-18T08:25:13.160+0530][info][gc,reloc    ] GC(207) Medium Pages: 1 / 16M, Empty: 0M, Relocated: 0M, In-Place: 0
[2025-12-18T08:25:13.160+0530][info][gc,reloc    ] GC(207) Large Pages: 1 / 6M, Empty: 0M, Relocated: 0M, In-Place: 0
[2025-12-18T08:25:13.160+0530][info][gc,reloc    ] GC(207) Forwarding Usage: 0M
[2025-12-18T08:25:13.160+0530][info][gc,heap     ] GC(207) Min Capacity: 512M(100%)
[2025-12-18T08:25:13.160+0530][info][gc,heap     ] GC(207) Max Capacity: 512M(100%)
[2025-12-18T08:25:13.160+0530][info][gc,heap     ] GC(207) Soft Max Capacity: 512M(100%)
[2025-12-18T08:25:13.160+0530][info][gc,heap     ] GC(207)                Mark Start          Mark End        Relocate Start      Relocate End           High               Low         
[2025-12-18T08:25:13.160+0530][info][gc,heap     ] GC(207)  Capacity:      512M (100%)        512M (100%)        512M (100%)        512M (100%)        512M (100%)        512M (100%)   
[2025-12-18T08:25:13.160+0530][info][gc,heap     ] GC(207)      Free:       68M (13%)           0M (0%)          132M (26%)         162M (32%)         162M (32%)           0M (0%)     
[2025-12-18T08:25:13.160+0530][info][gc,heap     ] GC(207)      Used:      444M (87%)         512M (100%)        380M (74%)         350M (68%)         512M (100%)        350M (68%)    
[2025-12-18T08:25:13.160+0530][info][gc,heap     ] GC(207)      Live:         -               248M (48%)         248M (48%)         248M (48%)            -                  -          
[2025-12-18T08:25:13.160+0530][info][gc,heap     ] GC(207) Allocated:         -                68M (13%)          82M (16%)          81M (16%)            -                  -          
[2025-12-18T08:25:13.160+0530][info][gc,heap     ] GC(207)   Garbage:         -               195M (38%)          49M (10%)          19M (4%)             -                  -          
[2025-12-18T08:25:13.160+0530][info][gc,heap     ] GC(207) Reclaimed:         -                  -               146M (29%)         175M (34%)            -                  -          
[2025-12-18T08:25:13.160+0530][info][gc          ] GC(207) Garbage Collection (Allocation Stall) 444M(87%)->350M(68%)
[2025-12-18T08:25:13.217+0530][info][gc,start    ] GC(208) Garbage Collection (Allocation Stall)
[2025-12-18T08:25:13.217+0530][info][gc,ref      ] GC(208) Clearing All SoftReferences
[2025-12-18T08:25:13.217+0530][info][gc,task     ] GC(208) Using 2 workers
[2025-12-18T08:25:13.217+0530][info][gc,ref      ] GC(208) Clearing All SoftReferences
[2025-12-18T08:25:13.217+0530][info][gc,phases   ] GC(208) Pause Mark Start 0.060ms
[2025-12-18T08:25:13.354+0530][info][gc,phases   ] GC(208) Concurrent Mark 133.767ms
[2025-12-18T08:25:13.354+0530][info][gc,phases   ] GC(208) Pause Mark End 0.019ms
[2025-12-18T08:25:13.354+0530][info][gc,phases   ] GC(208) Concurrent Mark Free 0.001ms
[2025-12-18T08:25:13.355+0530][info][gc,phases   ] GC(208) Concurrent Process Non-Strong References 1.244ms
[2025-12-18T08:25:13.355+0530][info][gc,phases   ] GC(208) Concurrent Reset Relocation Set 0.003ms
[2025-12-18T08:25:13.355+0530][info][gc          ] Allocation Stall (Worker-1) 49.023ms
[2025-12-18T08:25:13.355+0530][info][gc          ] Allocation Stall (Worker-2) 50.218ms
[2025-12-18T08:25:13.355+0530][info][gc          ] Allocation Stall (Worker-0) 46.843ms
[2025-12-18T08:25:13.355+0530][info][gc          ] Allocation Stall (Worker-4) 58.876ms
[2025-12-18T08:25:13.355+0530][info][gc          ] Allocation Stall (Worker-3) 56.689ms
[2025-12-18T08:25:13.355+0530][info][gc          ] Allocation Stall (Worker-7) 55.392ms
[2025-12-18T08:25:13.355+0530][info][gc          ] Allocation Stall (Worker-5) 50.968ms
[2025-12-18T08:25:13.355+0530][info][gc          ] Allocation Stall (Worker-6) 51.795ms
[2025-12-18T08:25:13.359+0530][info][gc,phases   ] GC(208) Concurrent Select Relocation Set 3.710ms
[2025-12-18T08:25:13.359+0530][info][gc,phases   ] GC(208) Pause Relocate Start 0.011ms
[2025-12-18T08:25:13.365+0530][info][gc,phases   ] GC(208) Concurrent Relocate 1.648ms
[2025-12-18T08:25:13.365+0530][info][gc,load     ] GC(208) Load: 0.00/0.00/0.00
[2025-12-18T08:25:13.365+0530][info][gc,mmu      ] GC(208) MMU: 2ms/91.4%, 5ms/96.6%, 10ms/98.3%, 20ms/99.1%, 50ms/99.6%, 100ms/99.8%
[2025-12-18T08:25:13.365+0530][info][gc,marking  ] GC(208) Mark: 2 stripe(s), 2 proactive flush(es), 1 terminate flush(es), 0 completion(s), 0 continuation(s) 
[2025-12-18T08:25:13.365+0530][info][gc,marking  ] GC(208) Mark Stack Usage: 32M
[2025-12-18T08:25:13.365+0530][info][gc,nmethod  ] GC(208) NMethods: 682 registered, 1 unregistered
[2025-12-18T08:25:13.366+0530][info][gc,metaspace] GC(208) Metaspace: 4M used, 4M committed, 1088M reserved
[2025-12-18T08:25:13.366+0530][info][gc,ref      ] GC(208) Soft: 157 encountered, 80 discovered, 0 enqueued
[2025-12-18T08:25:13.366+0530][info][gc,ref      ] GC(208) Weak: 539 encountered, 417 discovered, 0 enqueued
[2025-12-18T08:25:13.366+0530][info][gc,ref      ] GC(208) Final: 0 encountered, 0 discovered, 0 enqueued
[2025-12-18T08:25:13.366+0530][info][gc,ref      ] GC(208) Phantom: 7 encountered, 3 discovered, 0 enqueued
[2025-12-18T08:25:13.366+0530][info][gc,reloc    ] GC(208) Small Pages: 203 / 406M, Empty: 130M, Relocated: 1M, In-Place: 0
[2025-12-18T08:25:13.366+0530][info][gc,reloc    ] GC(208) Medium Pages: 1 / 16M, Empty: 0M, Relocated: 0M, In-Place: 0
[2025-12-18T08:25:13.366+0530][info][gc,reloc    ] GC(208) Large Pages: 1 / 6M, Empty: 0M, Relocated: 0M, In-Place: 0
[2025-12-18T08:25:13.366+0530][info][gc,reloc    ] GC(208) Forwarding Usage: 0M
[2025-12-18T08:25:13.366+0530][info][gc,heap     ] GC(208) Min Capacity: 512M(100%)
[2025-12-18T08:25:13.366+0530][info][gc,heap     ] GC(208) Max Capacity: 512M(100%)
[2025-12-18T08:25:13.366+0530][info][gc,heap     ] GC(208) Soft Max Capacity: 512M(100%)
[2025-12-18T08:25:13.366+0530][info][gc,heap     ] GC(208)                Mark Start          Mark End        Relocate Start      Relocate End           High               Low         
[2025-12-18T08:25:13.366+0530][info][gc,heap     ] GC(208)  Capacity:      512M (100%)        512M (100%)        512M (100%)        512M (100%)        512M (100%)        512M (100%)   
[2025-12-18T08:25:13.366+0530][info][gc,heap     ] GC(208)      Free:       84M (16%)           0M (0%)          114M (22%)         144M (28%)         144M (28%)           0M (0%)     
[2025-12-18T08:25:13.366+0530][info][gc,heap     ] GC(208)      Used:      428M (84%)         512M (100%)        398M (78%)         368M (72%)         512M (100%)        368M (72%)    
[2025-12-18T08:25:13.366+0530][info][gc,heap     ] GC(208)      Live:         -               248M (48%)         248M (48%)         248M (48%)            -                  -          
[2025-12-18T08:25:13.366+0530][info][gc,heap     ] GC(208) Allocated:         -                84M (16%)         100M (20%)          99M (20%)            -                  -          
[2025-12-18T08:25:13.366+0530][info][gc,heap     ] GC(208)   Garbage:         -               179M (35%)          49M (10%)          19M (4%)             -                  -          
[2025-12-18T08:25:13.366+0530][info][gc,heap     ] GC(208) Reclaimed:         -                  -               130M (25%)         159M (31%)            -                  -          
[2025-12-18T08:25:13.366+0530][info][gc          ] GC(208) Garbage Collection (Allocation Stall) 428M(84%)->368M(72%)
[2025-12-18T08:25:13.417+0530][info][gc,start    ] GC(209) Garbage Collection (Allocation Stall)
[2025-12-18T08:25:13.417+0530][info][gc,ref      ] GC(209) Clearing All SoftReferences
[2025-12-18T08:25:13.417+0530][info][gc,task     ] GC(209) Using 2 workers
[2025-12-18T08:25:13.417+0530][info][gc,ref      ] GC(209) Clearing All SoftReferences
[2025-12-18T08:25:13.417+0530][info][gc,phases   ] GC(209) Pause Mark Start 0.187ms
[2025-12-18T08:25:13.557+0530][info][gc,phases   ] GC(209) Concurrent Mark 136.515ms
[2025-12-18T08:25:13.557+0530][info][gc,phases   ] GC(209) Pause Mark End 0.386ms
[2025-12-18T08:25:13.557+0530][info][gc,phases   ] GC(209) Concurrent Mark Free 0.001ms
[2025-12-18T08:25:13.558+0530][info][gc,phases   ] GC(209) Concurrent Process Non-Strong References 1.162ms
[2025-12-18T08:25:13.558+0530][info][gc,phases   ] GC(209) Concurrent Reset Relocation Set 0.002ms
[2025-12-18T08:25:13.559+0530][info][gc          ] Allocation Stall (Worker-3) 67.785ms
[2025-12-18T08:25:13.559+0530][info][gc          ] Allocation Stall (Worker-4) 63.408ms
[2025-12-18T08:25:13.559+0530][info][gc          ] Allocation Stall (Worker-0) 64.985ms
[2025-12-18T08:25:13.559+0530][info][gc          ] Allocation Stall (Worker-1) 71.074ms
[2025-12-18T08:25:13.559+0530][info][gc          ] Allocation Stall (Worker-7) 68.208ms
[2025-12-18T08:25:13.559+0530][info][gc          ] Allocation Stall (Worker-6) 72.634ms
[2025-12-18T08:25:13.559+0530][info][gc          ] Allocation Stall (Worker-2) 71.308ms
[2025-12-18T08:25:13.559+0530][info][gc          ] Allocation Stall (Worker-5) 72.994ms
[2025-12-18T08:25:13.562+0530][info][gc,phases   ] GC(209) Concurrent Select Relocation Set 3.692ms
[2025-12-18T08:25:13.562+0530][info][gc,phases   ] GC(209) Pause Relocate Start 0.012ms
[2025-12-18T08:25:13.590+0530][info][gc,phases   ] GC(209) Concurrent Relocate 1.451ms
[2025-12-18T08:25:13.590+0530][info][gc,load     ] GC(209) Load: 0.00/0.00/0.00
[2025-12-18T08:25:13.590+0530][info][gc,mmu      ] GC(209) MMU: 2ms/80.7%, 5ms/92.3%, 10ms/96.0%, 20ms/98.0%, 50ms/99.2%, 100ms/99.6%
[2025-12-18T08:25:13.590+0530][info][gc,marking  ] GC(209) Mark: 2 stripe(s), 2 proactive flush(es), 1 terminate flush(es), 1 completion(s), 0 continuation(s) 
[2025-12-18T08:25:13.590+0530][info][gc,marking  ] GC(209) Mark Stack Usage: 32M
[2025-12-18T08:25:13.590+0530][info][gc,nmethod  ] GC(209) NMethods: 682 registered, 1 unregistered
[2025-12-18T08:25:13.590+0530][info][gc,metaspace] GC(209) Metaspace: 4M used, 4M committed, 1088M reserved
[2025-12-18T08:25:13.590+0530][info][gc,ref      ] GC(209) Soft: 157 encountered, 85 discovered, 0 enqueued
[2025-12-18T08:25:13.590+0530][info][gc,ref      ] GC(209) Weak: 539 encountered, 419 discovered, 0 enqueued
[2025-12-18T08:25:13.590+0530][info][gc,ref      ] GC(209) Final: 0 encountered, 0 discovered, 0 enqueued
[2025-12-18T08:25:13.590+0530][info][gc,ref      ] GC(209) Phantom: 7 encountered, 5 discovered, 0 enqueued
[2025-12-18T08:25:13.590+0530][info][gc,reloc    ] GC(209) Small Pages: 210 / 420M, Empty: 140M, Relocated: 1M, In-Place: 0
[2025-12-18T08:25:13.590+0530][info][gc,reloc    ] GC(209) Medium Pages: 1 / 16M, Empty: 0M, Relocated: 0M, In-Place: 0
[2025-12-18T08:25:13.590+0530][info][gc,reloc    ] GC(209) Large Pages: 1 / 6M, Empty: 0M, Relocated: 0M, In-Place: 0
[2025-12-18T08:25:13.590+0530][info][gc,reloc    ] GC(209) Forwarding Usage: 0M
[2025-12-18T08:25:13.590+0530][info][gc,heap     ] GC(209) Min Capacity: 512M(100%)
[2025-12-18T08:25:13.590+0530][info][gc,heap     ] GC(209) Max Capacity: 512M(100%)
[2025-12-18T08:25:13.590+0530][info][gc,heap     ] GC(209) Soft Max Capacity: 512M(100%)
[2025-12-18T08:25:13.590+0530][info][gc,heap     ] GC(209)                Mark Start          Mark End        Relocate Start      Relocate End           High               Low         
[2025-12-18T08:25:13.590+0530][info][gc,heap     ] GC(209)  Capacity:      512M (100%)        512M (100%)        512M (100%)        512M (100%)        512M (100%)        512M (100%)   
[2025-12-18T08:25:13.590+0530][info][gc,heap     ] GC(209)      Free:       70M (14%)           0M (0%)          126M (25%)         132M (26%)         132M (26%)           0M (0%)     
[2025-12-18T08:25:13.590+0530][info][gc,heap     ] GC(209)      Used:      442M (86%)         512M (100%)        386M (75%)         380M (74%)         512M (100%)        380M (74%)    
[2025-12-18T08:25:13.590+0530][info][gc,heap     ] GC(209)      Live:         -               248M (48%)         248M (48%)         248M (48%)            -                  -          
[2025-12-18T08:25:13.590+0530][info][gc,heap     ] GC(209) Allocated:         -                70M (14%)          84M (16%)         111M (22%)            -                  -          
[2025-12-18T08:25:13.590+0530][info][gc,heap     ] GC(209)   Garbage:         -               193M (38%)          53M (11%)          20M (4%)             -                  -          
[2025-12-18T08:25:13.590+0530][info][gc,heap     ] GC(209) Reclaimed:         -                  -               140M (27%)         173M (34%)            -                  -          
[2025-12-18T08:25:13.590+0530][info][gc          ] GC(209) Garbage Collection (Allocation Stall) 442M(86%)->380M(74%)
[2025-12-18T08:25:13.617+0530][info][gc,start    ] GC(210) Garbage Collection (Allocation Stall)
[2025-12-18T08:25:13.617+0530][info][gc,ref      ] GC(210) Clearing All SoftReferences
[2025-12-18T08:25:13.617+0530][info][gc,task     ] GC(210) Using 2 workers
[2025-12-18T08:25:13.617+0530][info][gc,ref      ] GC(210) Clearing All SoftReferences
[2025-12-18T08:25:13.617+0530][info][gc,phases   ] GC(210) Pause Mark Start 0.058ms
[2025-12-18T08:25:13.756+0530][info][gc,phases   ] GC(210) Concurrent Mark 134.769ms
[2025-12-18T08:25:13.756+0530][info][gc,phases   ] GC(210) Pause Mark End 0.136ms
[2025-12-18T08:25:13.756+0530][info][gc,phases   ] GC(210) Concurrent Mark Free 0.001ms
[2025-12-18T08:25:13.757+0530][info][gc,phases   ] GC(210) Concurrent Process Non-Strong References 1.159ms
[2025-12-18T08:25:13.757+0530][info][gc,phases   ] GC(210) Concurrent Reset Relocation Set 0.003ms
[2025-12-18T08:25:13.761+0530][info][gc          ] Allocation Stall (Worker-1) 43.778ms
[2025-12-18T08:25:13.761+0530][info][gc          ] Allocation Stall (Worker-5) 40.512ms
[2025-12-18T08:25:13.761+0530][info][gc          ] Allocation Stall (Worker-3) 37.910ms
[2025-12-18T08:25:13.761+0530][info][gc          ] Allocation Stall (Worker-7) 47.875ms
[2025-12-18T08:25:13.761+0530][info][gc          ] Allocation Stall (Worker-0) 46.706ms
[2025-12-18T08:25:13.761+0530][info][gc          ] Allocation Stall (Worker-6) 46.714ms
[2025-12-18T08:25:13.761+0530][info][gc          ] Allocation Stall (Worker-4) 45.350ms
[2025-12-18T08:25:13.761+0530][info][gc          ] Allocation Stall (Worker-2) 43.996ms
[2025-12-18T08:25:13.761+0530][info][gc,phases   ] GC(210) Concurrent Select Relocation Set 3.792ms
[2025-12-18T08:25:13.794+0530][info][gc,phases   ] GC(210) Pause Relocate Start 0.014ms
[2025-12-18T08:25:13.814+0530][info][gc,phases   ] GC(210) Concurrent Relocate 1.832ms
[2025-12-18T08:25:13.814+0530][info][gc,load     ] GC(210) Load: 0.00/0.00/0.00
[2025-12-18T08:25:13.814+0530][info][gc,mmu      ] GC(210) MMU: 2ms/80.7%, 5ms/92.3%, 10ms/96.0%, 20ms/98.0%, 50ms/99.2%, 100ms/99.5%
[2025-12-18T08:25:13.814+0530][info][gc,marking  ] GC(210) Mark: 2 stripe(s), 2 proactive flush(es), 1 terminate flush(es), 1 completion(s), 0 continuation(s) 
[2025-12-18T08:25:13.814+0530][info][gc,marking  ] GC(210) Mark Stack Usage: 32M
[2025-12-18T08:25:13.814+0530][info][gc,nmethod  ] GC(210) NMethods: 682 registered, 1 unregistered
[2025-12-18T08:25:13.814+0530][info][gc,metaspace] GC(210) Metaspace: 4M used, 4M committed, 1088M reserved
[2025-12-18T08:25:13.814+0530][info][gc,ref      ] GC(210) Soft: 157 encountered, 77 discovered, 0 enqueued
[2025-12-18T08:25:13.814+0530][info][gc,ref      ] GC(210) Weak: 539 encountered, 4 discovered, 0 enqueued
[2025-12-18T08:25:13.814+0530][info][gc,ref      ] GC(210) Final: 0 encountered, 0 discovered, 0 enqueued
[2025-12-18T08:25:13.814+0530][info][gc,ref      ] GC(210) Phantom: 7 encountered, 2 discovered, 0 enqueued
[2025-12-18T08:25:13.814+0530][info][gc,reloc    ] GC(210) Small Pages: 194 / 388M, Empty: 84M, Relocated: 1M, In-Place: 0
[2025-12-18T08:25:13.814+0530][info][gc,reloc    ] GC(210) Medium Pages: 1 / 16M, Empty: 0M, Relocated: 0M, In-Place: 0
[2025-12-18T08:25:13.814+0530][info][gc,reloc    ] GC(210) Large Pages: 1 / 6M, Empty: 0M, Relocated: 0M, In-Place: 0
[2025-12-18T08:25:13.814+0530][info][gc,reloc    ] GC(210) Forwarding Usage: 0M
[2025-12-18T08:25:13.814+0530][info][gc,heap     ] GC(210) Min Capacity: 512M(100%)
[2025-12-18T08:25:13.814+0530][info][gc,heap     ] GC(210) Max Capacity: 512M(100%)
[2025-12-18T08:25:13.814+0530][info][gc,heap     ] GC(210) Soft Max Capacity: 512M(100%)
[2025-12-18T08:25:13.814+0530][info][gc,heap     ] GC(210)                Mark Start          Mark End        Relocate Start      Relocate End           High               Low         
[2025-12-18T08:25:13.814+0530][info][gc,heap     ] GC(210)  Capacity:      512M (100%)        512M (100%)        512M (100%)        512M (100%)        512M (100%)        512M (100%)   
[2025-12-18T08:25:13.814+0530][info][gc,heap     ] GC(210)      Free:      102M (20%)           0M (0%)           42M (8%)           72M (14%)         102M (20%)           0M (0%)     
[2025-12-18T08:25:13.814+0530][info][gc,heap     ] GC(210)      Used:      410M (80%)         512M (100%)        470M (92%)         440M (86%)         512M (100%)        410M (80%)    
[2025-12-18T08:25:13.814+0530][info][gc,heap     ] GC(210)      Live:         -               248M (48%)         248M (48%)         248M (48%)            -                  -          
[2025-12-18T08:25:13.814+0530][info][gc,heap     ] GC(210) Allocated:         -               102M (20%)         144M (28%)         171M (34%)            -                  -          
[2025-12-18T08:25:13.814+0530][info][gc,heap     ] GC(210)   Garbage:         -               161M (32%)          77M (15%)          20M (4%)             -                  -          
[2025-12-18T08:25:13.814+0530][info][gc,heap     ] GC(210) Reclaimed:         -                  -                84M (16%)         141M (28%)            -                  -          
[2025-12-18T08:25:13.814+0530][info][gc          ] GC(210) Garbage Collection (Allocation Stall) 410M(80%)->440M(86%)
[2025-12-18T08:25:13.817+0530][info][gc,start    ] GC(211) Garbage Collection (Allocation Stall)
[2025-12-18T08:25:13.817+0530][info][gc,ref      ] GC(211) Clearing All SoftReferences
[2025-12-18T08:25:13.817+0530][info][gc,task     ] GC(211) Using 2 workers
[2025-12-18T08:25:13.817+0530][info][gc,ref      ] GC(211) Clearing All SoftReferences
[2025-12-18T08:25:13.817+0530][info][gc,phases   ] GC(211) Pause Mark Start 0.042ms
[2025-12-18T08:25:13.949+0530][info][gc,phases   ] GC(211) Concurrent Mark 130.945ms
[2025-12-18T08:25:13.949+0530][info][gc,phases   ] GC(211) Pause Mark End 0.085ms
[2025-12-18T08:25:13.949+0530][info][gc,phases   ] GC(211) Concurrent Mark Free 0.001ms
[2025-12-18T08:25:13.950+0530][info][gc,phases   ] GC(211) Concurrent Process Non-Strong References 1.149ms
[2025-12-18T08:25:13.950+0530][info][gc,phases   ] GC(211) Concurrent Reset Relocation Set 0.005ms
[2025-12-18T08:25:13.950+0530][info][gc          ] Allocation Stall (Worker-1) 63.968ms
[2025-12-18T08:25:13.950+0530][info][gc          ] Allocation Stall (Worker-7) 66.027ms
[2025-12-18T08:25:13.950+0530][info][gc          ] Allocation Stall (Worker-6) 61.287ms
[2025-12-18T08:25:13.950+0530][info][gc          ] Allocation Stall (Worker-3) 61.081ms
[2025-12-18T08:25:13.950+0530][info][gc          ] Allocation Stall (Worker-4) 70.563ms
[2025-12-18T08:25:13.950+0530][info][gc          ] Allocation Stall (Worker-0) 69.134ms
[2025-12-18T08:25:13.950+0530][info][gc          ] Allocation Stall (Worker-5) 68.492ms
[2025-12-18T08:25:13.950+0530][info][gc          ] Allocation Stall (Worker-2) 62.726ms
[2025-12-18T08:25:13.954+0530][info][gc,phases   ] GC(211) Concurrent Select Relocation Set 3.681ms
[2025-12-18T08:25:13.983+0530][info][gc,phases   ] GC(211) Pause Relocate Start 0.013ms
[2025-12-18T08:25:13.992+0530][info][gc,phases   ] GC(211) Concurrent Relocate 2.038ms
[2025-12-18T08:25:13.992+0530][info][gc,load     ] GC(211) Load: 0.00/0.00/0.00
[2025-12-18T08:25:13.992+0530][info][gc,mmu      ] GC(211) MMU: 2ms/80.7%, 5ms/92.3%, 10ms/96.0%, 20ms/98.0%, 50ms/99.2%, 100ms/99.5%
[2025-12-18T08:25:13.992+0530][info][gc,marking  ] GC(211) Mark: 2 stripe(s), 2 proactive flush(es), 1 terminate flush(es), 1 completion(s), 0 continuation(s) 
[2025-12-18T08:25:13.992+0530][info][gc,marking  ] GC(211) Mark Stack Usage: 32M
[2025-12-18T08:25:13.992+0530][info][gc,nmethod  ] GC(211) NMethods: 682 registered, 1 unregistered
[2025-12-18T08:25:13.992+0530][info][gc,metaspace] GC(211) Metaspace: 4M used, 4M committed, 1088M reserved
[2025-12-18T08:25:13.992+0530][info][gc,ref      ] GC(211) Soft: 157 encountered, 76 discovered, 0 enqueued
[2025-12-18T08:25:13.992+0530][info][gc,ref      ] GC(211) Weak: 539 encountered, 375 discovered, 0 enqueued
[2025-12-18T08:25:13.992+0530][info][gc,ref      ] GC(211) Final: 0 encountered, 0 discovered, 0 enqueued
[2025-12-18T08:25:13.992+0530][info][gc,ref      ] GC(211) Phantom: 7 encountered, 3 discovered, 0 enqueued
[2025-12-18T08:25:13.992+0530][info][gc,reloc    ] GC(211) Small Pages: 212 / 424M, Empty: 132M, Relocated: 1M, In-Place: 0
[2025-12-18T08:25:13.992+0530][info][gc,reloc    ] GC(211) Medium Pages: 1 / 16M, Empty: 0M, Relocated: 0M, In-Place: 0
[2025-12-18T08:25:13.993+0530][info][gc,reloc    ] GC(211) Large Pages: 1 / 6M, Empty: 0M, Relocated: 0M, In-Place: 0
[2025-12-18T08:25:13.993+0530][info][gc,reloc    ] GC(211) Forwarding Usage: 0M
[2025-12-18T08:25:13.993+0530][info][gc,heap     ] GC(211) Min Capacity: 512M(100%)
[2025-12-18T08:25:13.993+0530][info][gc,heap     ] GC(211) Max Capacity: 512M(100%)
[2025-12-18T08:25:13.993+0530][info][gc,heap     ] GC(211) Soft Max Capacity: 512M(100%)
[2025-12-18T08:25:13.993+0530][info][gc,heap     ] GC(211)                Mark Start          Mark End        Relocate Start      Relocate End           High               Low         
[2025-12-18T08:25:13.993+0530][info][gc,heap     ] GC(211)  Capacity:      512M (100%)        512M (100%)        512M (100%)        512M (100%)        512M (100%)        512M (100%)   
[2025-12-18T08:25:13.993+0530][info][gc,heap     ] GC(211)      Free:       66M (13%)           0M (0%)           90M (18%)         122M (24%)         128M (25%)           0M (0%)     
[2025-12-18T08:25:13.993+0530][info][gc,heap     ] GC(211)      Used:      446M (87%)         512M (100%)        422M (82%)         390M (76%)         512M (100%)        384M (75%)    
[2025-12-18T08:25:13.993+0530][info][gc,heap     ] GC(211)      Live:         -               248M (48%)         248M (48%)         248M (48%)            -                  -          
[2025-12-18T08:25:13.993+0530][info][gc,heap     ] GC(211) Allocated:         -                66M (13%)         108M (21%)         121M (24%)            -                  -          
[2025-12-18T08:25:13.993+0530][info][gc,heap     ] GC(211)   Garbage:         -               197M (39%)          65M (13%)          19M (4%)             -                  -          
[2025-12-18T08:25:13.993+0530][info][gc,heap     ] GC(211) Reclaimed:         -                  -               132M (26%)         177M (35%)            -                  -          
[2025-12-18T08:25:13.993+0530][info][gc          ] GC(211) Garbage Collection (Allocation Stall) 446M(87%)->390M(76%)
[2025-12-18T08:25:14.016+0530][info][gc,start    ] GC(212) Garbage Collection (Allocation Stall)
[2025-12-18T08:25:14.016+0530][info][gc,ref      ] GC(212) Clearing All SoftReferences
[2025-12-18T08:25:14.016+0530][info][gc,task     ] GC(212) Using 2 workers
[2025-12-18T08:25:14.016+0530][info][gc,ref      ] GC(212) Clearing All SoftReferences
[2025-12-18T08:25:14.016+0530][info][gc,phases   ] GC(212) Pause Mark Start 0.062ms
[2025-12-18T08:25:14.153+0530][info][gc,phases   ] GC(212) Concurrent Mark 133.631ms
[2025-12-18T08:25:14.153+0530][info][gc,phases   ] GC(212) Pause Mark End 0.020ms
[2025-12-18T08:25:14.153+0530][info][gc,phases   ] GC(212) Concurrent Mark Free 0.001ms
[2025-12-18T08:25:14.154+0530][info][gc,phases   ] GC(212) Concurrent Process Non-Strong References 1.145ms
[2025-12-18T08:25:14.154+0530][info][gc,phases   ] GC(212) Concurrent Reset Relocation Set 0.004ms
[2025-12-18T08:25:14.158+0530][info][gc          ] Allocation Stall (Worker-7) 52.059ms
[2025-12-18T08:25:14.158+0530][info][gc          ] Allocation Stall (Worker-3) 51.669ms
[2025-12-18T08:25:14.158+0530][info][gc          ] Allocation Stall (Worker-6) 47.171ms
[2025-12-18T08:25:14.158+0530][info][gc          ] Allocation Stall (Worker-1) 56.638ms
[2025-12-18T08:25:14.158+0530][info][gc          ] Allocation Stall (Worker-2) 52.876ms
[2025-12-18T08:25:14.158+0530][info][gc          ] Allocation Stall (Worker-5) 54.330ms
[2025-12-18T08:25:14.158+0530][info][gc,phases   ] GC(212) Concurrent Select Relocation Set 3.609ms
[2025-12-18T08:25:14.158+0530][info][gc,phases   ] GC(212) Pause Relocate Start 0.010ms
[2025-12-18T08:25:14.158+0530][info][gc          ] Allocation Stall (Worker-4) 48.374ms
[2025-12-18T08:25:14.158+0530][info][gc          ] Allocation Stall (Worker-0) 55.981ms
[2025-12-18T08:25:14.193+0530][info][gc,phases   ] GC(212) Concurrent Relocate 1.869ms
[2025-12-18T08:25:14.193+0530][info][gc,load     ] GC(212) Load: 0.00/0.00/0.00
[2025-12-18T08:25:14.193+0530][info][gc,mmu      ] GC(212) MMU: 2ms/80.7%, 5ms/92.3%, 10ms/96.0%, 20ms/98.0%, 50ms/99.2%, 100ms/99.5%
[2025-12-18T08:25:14.193+0530][info][gc,marking  ] GC(212) Mark: 2 stripe(s), 2 proactive flush(es), 1 terminate flush(es), 0 completion(s), 0 continuation(s) 
[2025-12-18T08:25:14.193+0530][info][gc,marking  ] GC(212) Mark Stack Usage: 32M
[2025-12-18T08:25:14.193+0530][info][gc,nmethod  ] GC(212) NMethods: 682 registered, 1 unregistered
[2025-12-18T08:25:14.193+0530][info][gc,metaspace] GC(212) Metaspace: 4M used, 4M committed, 1088M reserved
[2025-12-18T08:25:14.194+0530][info][gc,ref      ] GC(212) Soft: 157 encountered, 89 discovered, 0 enqueued
[2025-12-18T08:25:14.194+0530][info][gc,ref      ] GC(212) Weak: 539 encountered, 346 discovered, 0 enqueued
[2025-12-18T08:25:14.194+0530][info][gc,ref      ] GC(212) Final: 0 encountered, 0 discovered, 0 enqueued
[2025-12-18T08:25:14.194+0530][info][gc,ref      ] GC(212) Phantom: 7 encountered, 3 discovered, 0 enqueued
[2025-12-18T08:25:14.194+0530][info][gc,reloc    ] GC(212) Small Pages: 201 / 402M, Empty: 110M, Relocated: 1M, In-Place: 0
[2025-12-18T08:25:14.194+0530][info][gc,reloc    ] GC(212) Medium Pages: 1 / 16M, Empty: 0M, Relocated: 0M, In-Place: 0
[2025-12-18T08:25:14.194+0530][info][gc,reloc    ] GC(212) Large Pages: 1 / 6M, Empty: 0M, Relocated: 0M, In-Place: 0
[2025-12-18T08:25:14.194+0530][info][gc,reloc    ] GC(212) Forwarding Usage: 0M
[2025-12-18T08:25:14.194+0530][info][gc,heap     ] GC(212) Min Capacity: 512M(100%)
[2025-12-18T08:25:14.194+0530][info][gc,heap     ] GC(212) Max Capacity: 512M(100%)
[2025-12-18T08:25:14.194+0530][info][gc,heap     ] GC(212) Soft Max Capacity: 512M(100%)
[2025-12-18T08:25:14.194+0530][info][gc,heap     ] GC(212)                Mark Start          Mark End        Relocate Start      Relocate End           High               Low         
[2025-12-18T08:25:14.194+0530][info][gc,heap     ] GC(212)  Capacity:      512M (100%)        512M (100%)        512M (100%)        512M (100%)        512M (100%)        512M (100%)   
[2025-12-18T08:25:14.194+0530][info][gc,heap     ] GC(212)      Free:       88M (17%)           0M (0%)           96M (19%)         106M (21%)         110M (21%)           0M (0%)     
[2025-12-18T08:25:14.194+0530][info][gc,heap     ] GC(212)      Used:      424M (83%)         512M (100%)        416M (81%)         406M (79%)         512M (100%)        402M (79%)    
[2025-12-18T08:25:14.194+0530][info][gc,heap     ] GC(212)      Live:         -               248M (48%)         248M (48%)         248M (48%)            -                  -          
[2025-12-18T08:25:14.194+0530][info][gc,heap     ] GC(212) Allocated:         -                88M (17%)         102M (20%)         137M (27%)            -                  -          
[2025-12-18T08:25:14.194+0530][info][gc,heap     ] GC(212)   Garbage:         -               175M (34%)          65M (13%)          20M (4%)             -                  -          
[2025-12-18T08:25:14.194+0530][info][gc,heap     ] GC(212) Reclaimed:         -                  -               110M (21%)         155M (30%)            -                  -          
[2025-12-18T08:25:14.194+0530][info][gc          ] GC(212) Garbage Collection (Allocation Stall) 424M(83%)->406M(79%)
[2025-12-18T08:25:14.218+0530][info][gc,start    ] GC(213) Garbage Collection (Allocation Stall)
[2025-12-18T08:25:14.218+0530][info][gc,ref      ] GC(213) Clearing All SoftReferences
[2025-12-18T08:25:14.218+0530][info][gc,task     ] GC(213) Using 2 workers
[2025-12-18T08:25:14.223+0530][info][gc,ref      ] GC(213) Clearing All SoftReferences
[2025-12-18T08:25:14.223+0530][info][gc,phases   ] GC(213) Pause Mark Start 0.087ms
[2025-12-18T08:25:14.351+0530][info][gc,phases   ] GC(213) Concurrent Mark 127.079ms
[2025-12-18T08:25:14.351+0530][info][gc,phases   ] GC(213) Pause Mark End 0.097ms
[2025-12-18T08:25:14.351+0530][info][gc,phases   ] GC(213) Concurrent Mark Free 0.001ms
[2025-12-18T08:25:14.352+0530][info][gc,phases   ] GC(213) Concurrent Process Non-Strong References 1.091ms
[2025-12-18T08:25:14.352+0530][info][gc,phases   ] GC(213) Concurrent Reset Relocation Set 0.004ms
[2025-12-18T08:25:14.355+0530][info][gc          ] Allocation Stall (Worker-0) 61.059ms
[2025-12-18T08:25:14.355+0530][info][gc          ] Allocation Stall (Worker-3) 61.426ms
[2025-12-18T08:25:14.355+0530][info][gc          ] Allocation Stall (Worker-7) 59.752ms
[2025-12-18T08:25:14.355+0530][info][gc          ] Allocation Stall (main) 52.451ms
[2025-12-18T08:25:14.355+0530][info][gc          ] Allocation Stall (Worker-2) 69.397ms
[2025-12-18T08:25:14.355+0530][info][gc          ] Allocation Stall (Worker-5) 68.674ms
[2025-12-18T08:25:14.355+0530][info][gc          ] Allocation Stall (Worker-6) 66.531ms
[2025-12-18T08:25:14.355+0530][info][gc          ] Allocation Stall (Worker-4) 63.273ms
[2025-12-18T08:25:14.355+0530][info][gc          ] Allocation Stall (Worker-1) 62.589ms
[2025-12-18T08:25:14.355+0530][info][gc,phases   ] GC(213) Concurrent Select Relocation Set 3.131ms
[2025-12-18T08:25:14.356+0530][info][gc,phases   ] GC(213) Pause Relocate Start 0.012ms
[2025-12-18T08:25:14.370+0530][info][gc,phases   ] GC(213) Concurrent Relocate 1.748ms
[2025-12-18T08:25:14.370+0530][info][gc,load     ] GC(213) Load: 0.00/0.00/0.00
[2025-12-18T08:25:14.370+0530][info][gc,mmu      ] GC(213) MMU: 2ms/80.7%, 5ms/92.3%, 10ms/96.0%, 20ms/98.0%, 50ms/99.2%, 100ms/99.5%
[2025-12-18T08:25:14.370+0530][info][gc,marking  ] GC(213) Mark: 2 stripe(s), 2 proactive flush(es), 1 terminate flush(es), 1 completion(s), 0 continuation(s) 
[2025-12-18T08:25:14.370+0530][info][gc,marking  ] GC(213) Mark Stack Usage: 32M
[2025-12-18T08:25:14.370+0530][info][gc,nmethod  ] GC(213) NMethods: 682 registered, 1 unregistered
[2025-12-18T08:25:14.370+0530][info][gc,metaspace] GC(213) Metaspace: 4M used, 4M committed, 1088M reserved
[2025-12-18T08:25:14.370+0530][info][gc,ref      ] GC(213) Soft: 157 encountered, 77 discovered, 0 enqueued
[2025-12-18T08:25:14.370+0530][info][gc,ref      ] GC(213) Weak: 539 encountered, 4 discovered, 0 enqueued
[2025-12-18T08:25:14.370+0530][info][gc,ref      ] GC(213) Final: 0 encountered, 0 discovered, 0 enqueued
[2025-12-18T08:25:14.370+0530][info][gc,ref      ] GC(213) Phantom: 7 encountered, 6 discovered, 0 enqueued
[2025-12-18T08:25:14.370+0530][info][gc,reloc    ] GC(213) Small Pages: 210 / 420M, Empty: 114M, Relocated: 1M, In-Place: 0
[2025-12-18T08:25:14.370+0530][info][gc,reloc    ] GC(213) Medium Pages: 1 / 16M, Empty: 0M, Relocated: 0M, In-Place: 0
[2025-12-18T08:25:14.370+0530][info][gc,reloc    ] GC(213) Large Pages: 1 / 6M, Empty: 0M, Relocated: 0M, In-Place: 0
[2025-12-18T08:25:14.370+0530][info][gc,reloc    ] GC(213) Forwarding Usage: 0M
[2025-12-18T08:25:14.370+0530][info][gc,heap     ] GC(213) Min Capacity: 512M(100%)
[2025-12-18T08:25:14.370+0530][info][gc,heap     ] GC(213) Max Capacity: 512M(100%)
[2025-12-18T08:25:14.370+0530][info][gc,heap     ] GC(213) Soft Max Capacity: 512M(100%)
[2025-12-18T08:25:14.370+0530][info][gc,heap     ] GC(213)                Mark Start          Mark End        Relocate Start      Relocate End           High               Low         
[2025-12-18T08:25:14.370+0530][info][gc,heap     ] GC(213)  Capacity:      512M (100%)        512M (100%)        512M (100%)        512M (100%)        512M (100%)        512M (100%)   
[2025-12-18T08:25:14.370+0530][info][gc,heap     ] GC(213)      Free:       70M (14%)           0M (0%)          100M (20%)         146M (29%)         146M (29%)           0M (0%)     
[2025-12-18T08:25:14.370+0530][info][gc,heap     ] GC(213)      Used:      442M (86%)         512M (100%)        412M (80%)         366M (71%)         512M (100%)        366M (71%)    
[2025-12-18T08:25:14.370+0530][info][gc,heap     ] GC(213)      Live:         -               248M (48%)         248M (48%)         248M (48%)            -                  -          
[2025-12-18T08:25:14.370+0530][info][gc,heap     ] GC(213) Allocated:         -                70M (14%)          84M (16%)          97M (19%)            -                  -          
[2025-12-18T08:25:14.370+0530][info][gc,heap     ] GC(213)   Garbage:         -               193M (38%)          79M (16%)          20M (4%)             -                  -          
[2025-12-18T08:25:14.370+0530][info][gc,heap     ] GC(213) Reclaimed:         -                  -               114M (22%)         173M (34%)            -                  -          
[2025-12-18T08:25:14.370+0530][info][gc          ] GC(213) Garbage Collection (Allocation Stall) 442M(86%)->366M(71%)
[2025-12-18T08:25:14.418+0530][info][gc,start    ] GC(214) Garbage Collection (Allocation Stall)
[2025-12-18T08:25:14.418+0530][info][gc,ref      ] GC(214) Clearing All SoftReferences
[2025-12-18T08:25:14.418+0530][info][gc,task     ] GC(214) Using 2 workers
[2025-12-18T08:25:14.418+0530][info][gc,ref      ] GC(214) Clearing All SoftReferences
[2025-12-18T08:25:14.418+0530][info][gc,phases   ] GC(214) Pause Mark Start 0.059ms
[2025-12-18T08:25:14.562+0530][info][gc,phases   ] GC(214) Concurrent Mark 139.354ms
[2025-12-18T08:25:14.562+0530][info][gc,phases   ] GC(214) Pause Mark End 0.106ms
[2025-12-18T08:25:14.562+0530][info][gc,phases   ] GC(214) Concurrent Mark Free 0.001ms
[2025-12-18T08:25:14.563+0530][info][gc,phases   ] GC(214) Concurrent Process Non-Strong References 1.094ms
[2025-12-18T08:25:14.563+0530][info][gc,phases   ] GC(214) Concurrent Reset Relocation Set 0.004ms
[2025-12-18T08:25:14.566+0530][info][gc          ] Allocation Stall (Worker-7) 66.851ms
[2025-12-18T08:25:14.566+0530][info][gc          ] Allocation Stall (Worker-2) 67.598ms
[2025-12-18T08:25:14.566+0530][info][gc          ] Allocation Stall (Worker-0) 65.257ms
[2025-12-18T08:25:14.567+0530][info][gc          ] Allocation Stall (Worker-4) 75.363ms
[2025-12-18T08:25:14.567+0530][info][gc          ] Allocation Stall (Worker-3) 73.927ms
[2025-12-18T08:25:14.567+0530][info][gc          ] Allocation Stall (Worker-1) 69.864ms
[2025-12-18T08:25:14.567+0530][info][gc          ] Allocation Stall (Worker-5) 69.620ms
[2025-12-18T08:25:14.567+0530][info][gc          ] Allocation Stall (Worker-6) 68.518ms
[2025-12-18T08:25:14.567+0530][info][gc,phases   ] GC(214) Concurrent Select Relocation Set 3.495ms
[2025-12-18T08:25:14.567+0530][info][gc,phases   ] GC(214) Pause Relocate Start 0.010ms
[2025-12-18T08:25:14.573+0530][info][gc,phases   ] GC(214) Concurrent Relocate 1.720ms
[2025-12-18T08:25:14.573+0530][info][gc,load     ] GC(214) Load: 0.00/0.00/0.00
[2025-12-18T08:25:14.573+0530][info][gc,mmu      ] GC(214) MMU: 2ms/80.7%, 5ms/92.3%, 10ms/96.0%, 20ms/98.0%, 50ms/99.2%, 100ms/99.5%
[2025-12-18T08:25:14.573+0530][info][gc,marking  ] GC(214) Mark: 2 stripe(s), 2 proactive flush(es), 1 terminate flush(es), 1 completion(s), 0 continuation(s) 
[2025-12-18T08:25:14.573+0530][info][gc,marking  ] GC(214) Mark Stack Usage: 32M
[2025-12-18T08:25:14.573+0530][info][gc,nmethod  ] GC(214) NMethods: 682 registered, 1 unregistered
[2025-12-18T08:25:14.573+0530][info][gc,metaspace] GC(214) Metaspace: 4M used, 4M committed, 1088M reserved
[2025-12-18T08:25:14.573+0530][info][gc,ref      ] GC(214) Soft: 157 encountered, 77 discovered, 0 enqueued
[2025-12-18T08:25:14.573+0530][info][gc,ref      ] GC(214) Weak: 539 encountered, 4 discovered, 0 enqueued
[2025-12-18T08:25:14.573+0530][info][gc,ref      ] GC(214) Final: 0 encountered, 0 discovered, 0 enqueued
[2025-12-18T08:25:14.573+0530][info][gc,ref      ] GC(214) Phantom: 7 encountered, 3 discovered, 0 enqueued
[2025-12-18T08:25:14.573+0530][info][gc,reloc    ] GC(214) Small Pages: 202 / 404M, Empty: 112M, Relocated: 1M, In-Place: 0
[2025-12-18T08:25:14.573+0530][info][gc,reloc    ] GC(214) Medium Pages: 1 / 16M, Empty: 0M, Relocated: 0M, In-Place: 0
[2025-12-18T08:25:14.573+0530][info][gc,reloc    ] GC(214) Large Pages: 1 / 6M, Empty: 0M, Relocated: 0M, In-Place: 0
[2025-12-18T08:25:14.573+0530][info][gc,reloc    ] GC(214) Forwarding Usage: 0M
[2025-12-18T08:25:14.573+0530][info][gc,heap     ] GC(214) Min Capacity: 512M(100%)
[2025-12-18T08:25:14.575+0530][info][gc,heap     ] GC(214) Max Capacity: 512M(100%)
[2025-12-18T08:25:14.575+0530][info][gc,heap     ] GC(214) Soft Max Capacity: 512M(100%)
[2025-12-18T08:25:14.575+0530][info][gc,heap     ] GC(214)                Mark Start          Mark End        Relocate Start      Relocate End           High               Low         
[2025-12-18T08:25:14.575+0530][info][gc,heap     ] GC(214)  Capacity:      512M (100%)        512M (100%)        512M (100%)        512M (100%)        512M (100%)        512M (100%)   
[2025-12-18T08:25:14.575+0530][info][gc,heap     ] GC(214)      Free:       86M (17%)           0M (0%)           98M (19%)         144M (28%)         144M (28%)           0M (0%)     
[2025-12-18T08:25:14.575+0530][info][gc,heap     ] GC(214)      Used:      426M (83%)         512M (100%)        414M (81%)         368M (72%)         512M (100%)        368M (72%)    
[2025-12-18T08:25:14.575+0530][info][gc,heap     ] GC(214)      Live:         -               248M (48%)         248M (48%)         248M (48%)            -                  -          
[2025-12-18T08:25:14.575+0530][info][gc,heap     ] GC(214) Allocated:         -                86M (17%)         100M (20%)          99M (20%)            -                  -          
[2025-12-18T08:25:14.575+0530][info][gc,heap     ] GC(214)   Garbage:         -               177M (35%)          65M (13%)          19M (4%)             -                  -          
[2025-12-18T08:25:14.575+0530][info][gc,heap     ] GC(214) Reclaimed:         -                  -               112M (22%)         157M (31%)            -                  -          
[2025-12-18T08:25:14.575+0530][info][gc          ] GC(214) Garbage Collection (Allocation Stall) 426M(83%)->368M(72%)
[2025-12-18T08:25:14.617+0530][info][gc,start    ] GC(215) Garbage Collection (Allocation Stall)
[2025-12-18T08:25:14.617+0530][info][gc,ref      ] GC(215) Clearing All SoftReferences
[2025-12-18T08:25:14.617+0530][info][gc,task     ] GC(215) Using 2 workers
[2025-12-18T08:25:14.617+0530][info][gc,ref      ] GC(215) Clearing All SoftReferences
[2025-12-18T08:25:14.617+0530][info][gc,phases   ] GC(215) Pause Mark Start 0.053ms
[2025-12-18T08:25:14.752+0530][info][gc,phases   ] GC(215) Concurrent Mark 119.979ms
[2025-12-18T08:25:14.752+0530][info][gc,phases   ] GC(215) Pause Mark End 0.084ms
[2025-12-18T08:25:14.752+0530][info][gc,phases   ] GC(215) Concurrent Mark Free 0.001ms
[2025-12-18T08:25:14.753+0530][info][gc,phases   ] GC(215) Concurrent Process Non-Strong References 1.032ms
[2025-12-18T08:25:14.753+0530][info][gc,phases   ] GC(215) Concurrent Reset Relocation Set 0.003ms
[2025-12-18T08:25:14.753+0530][info][gc          ] Allocation Stall (Worker-2) 59.782ms
[2025-12-18T08:25:14.753+0530][info][gc          ] Allocation Stall (Worker-4) 59.064ms
[2025-12-18T08:25:14.753+0530][info][gc          ] Allocation Stall (JFR Periodic Tasks) 37.588ms
[2025-12-18T08:25:14.753+0530][info][gc          ] Allocation Stall (Worker-1) 68.698ms
[2025-12-18T08:25:14.753+0530][info][gc          ] Allocation Stall (Worker-0) 65.987ms
[2025-12-18T08:25:14.753+0530][info][gc          ] Allocation Stall (Worker-3) 64.665ms
[2025-12-18T08:25:14.753+0530][info][gc          ] Allocation Stall (Worker-7) 61.460ms
[2025-12-18T08:25:14.753+0530][info][gc          ] Allocation Stall (Worker-6) 60.717ms
[2025-12-18T08:25:14.753+0530][info][gc          ] Allocation Stall (Worker-5) 60.711ms
[2025-12-18T08:25:14.757+0530][info][gc,phases   ] GC(215) Concurrent Select Relocation Set 3.714ms
[2025-12-18T08:25:14.757+0530][info][gc,phases   ] GC(215) Pause Relocate Start 0.012ms
[2025-12-18T08:25:14.776+0530][info][gc,phases   ] GC(215) Concurrent Relocate 1.720ms
[2025-12-18T08:25:14.776+0530][info][gc,load     ] GC(215) Load: 0.00/0.00/0.00
[2025-12-18T08:25:14.776+0530][info][gc,mmu      ] GC(215) MMU: 2ms/80.7%, 5ms/92.3%, 10ms/96.0%, 20ms/98.0%, 50ms/99.2%, 100ms/99.5%
[2025-12-18T08:25:14.776+0530][info][gc,marking  ] GC(215) Mark: 2 stripe(s), 2 proactive flush(es), 1 terminate flush(es), 1 completion(s), 0 continuation(s) 
[2025-12-18T08:25:14.776+0530][info][gc,marking  ] GC(215) Mark Stack Usage: 32M
[2025-12-18T08:25:14.776+0530][info][gc,nmethod  ] GC(215) NMethods: 682 registered, 1 unregistered
[2025-12-18T08:25:14.776+0530][info][gc,metaspace] GC(215) Metaspace: 4M used, 4M committed, 1088M reserved
[2025-12-18T08:25:14.776+0530][info][gc,ref      ] GC(215) Soft: 157 encountered, 77 discovered, 0 enqueued
[2025-12-18T08:25:14.776+0530][info][gc,ref      ] GC(215) Weak: 539 encountered, 4 discovered, 0 enqueued
[2025-12-18T08:25:14.776+0530][info][gc,ref      ] GC(215) Final: 0 encountered, 0 discovered, 0 enqueued
[2025-12-18T08:25:14.776+0530][info][gc,ref      ] GC(215) Phantom: 7 encountered, 3 discovered, 0 enqueued
[2025-12-18T08:25:14.776+0530][info][gc,reloc    ] GC(215) Small Pages: 203 / 406M, Empty: 128M, Relocated: 1M, In-Place: 0
[2025-12-18T08:25:14.776+0530][info][gc,reloc    ] GC(215) Medium Pages: 1 / 16M, Empty: 0M, Relocated: 0M, In-Place: 0
[2025-12-18T08:25:14.776+0530][info][gc,reloc    ] GC(215) Large Pages: 1 / 6M, Empty: 0M, Relocated: 0M, In-Place: 0
[2025-12-18T08:25:14.776+0530][info][gc,reloc    ] GC(215) Forwarding Usage: 0M
[2025-12-18T08:25:14.776+0530][info][gc,heap     ] GC(215) Min Capacity: 512M(100%)
[2025-12-18T08:25:14.776+0530][info][gc,heap     ] GC(215) Max Capacity: 512M(100%)
[2025-12-18T08:25:14.776+0530][info][gc,heap     ] GC(215) Soft Max Capacity: 512M(100%)
[2025-12-18T08:25:14.776+0530][info][gc,heap     ] GC(215)                Mark Start          Mark End        Relocate Start      Relocate End           High               Low         
[2025-12-18T08:25:14.776+0530][info][gc,heap     ] GC(215)  Capacity:      512M (100%)        512M (100%)        512M (100%)        512M (100%)        512M (100%)        512M (100%)   
[2025-12-18T08:25:14.776+0530][info][gc,heap     ] GC(215)      Free:       84M (16%)           0M (0%)          114M (22%)         128M (25%)         128M (25%)           0M (0%)     
[2025-12-18T08:25:14.776+0530][info][gc,heap     ] GC(215)      Used:      428M (84%)         512M (100%)        398M (78%)         384M (75%)         512M (100%)        384M (75%)    
[2025-12-18T08:25:14.776+0530][info][gc,heap     ] GC(215)      Live:         -               248M (48%)         248M (48%)         248M (48%)            -                  -          
[2025-12-18T08:25:14.776+0530][info][gc,heap     ] GC(215) Allocated:         -                84M (16%)          98M (19%)         115M (23%)            -                  -          
[2025-12-18T08:25:14.776+0530][info][gc,heap     ] GC(215)   Garbage:         -               179M (35%)          51M (10%)          20M (4%)             -                  -          
[2025-12-18T08:25:14.776+0530][info][gc,heap     ] GC(215) Reclaimed:         -                  -               128M (25%)         159M (31%)            -                  -          
[2025-12-18T08:25:14.776+0530][info][gc          ] GC(215) Garbage Collection (Allocation Stall) 428M(84%)->384M(75%)
[2025-12-18T08:25:14.817+0530][info][gc,start    ] GC(216) Garbage Collection (Allocation Stall)
[2025-12-18T08:25:14.817+0530][info][gc,ref      ] GC(216) Clearing All SoftReferences
[2025-12-18T08:25:14.817+0530][info][gc,task     ] GC(216) Using 2 workers
[2025-12-18T08:25:14.817+0530][info][gc,ref      ] GC(216) Clearing All SoftReferences
[2025-12-18T08:25:14.817+0530][info][gc,phases   ] GC(216) Pause Mark Start 0.053ms
[2025-12-18T08:25:14.949+0530][info][gc,phases   ] GC(216) Concurrent Mark 129.719ms
[2025-12-18T08:25:14.949+0530][info][gc,phases   ] GC(216) Pause Mark End 0.094ms
[2025-12-18T08:25:14.949+0530][info][gc,phases   ] GC(216) Concurrent Mark Free 0.001ms
[2025-12-18T08:25:14.950+0530][info][gc,phases   ] GC(216) Concurrent Process Non-Strong References 1.067ms
[2025-12-18T08:25:14.950+0530][info][gc,phases   ] GC(216) Concurrent Reset Relocation Set 0.003ms
[2025-12-18T08:25:14.950+0530][info][gc          ] Allocation Stall (Worker-7) 68.742ms
[2025-12-18T08:25:14.950+0530][info][gc          ] Allocation Stall (Worker-0) 68.840ms
[2025-12-18T08:25:14.950+0530][info][gc          ] Allocation Stall (Worker-1) 67.061ms
[2025-12-18T08:25:14.950+0530][info][gc          ] Allocation Stall (Worker-2) 62.686ms
[2025-12-18T08:25:14.950+0530][info][gc          ] Allocation Stall (Worker-4) 70.065ms
[2025-12-18T08:25:14.950+0530][info][gc          ] Allocation Stall (Worker-3) 69.274ms
[2025-12-18T08:25:14.950+0530][info][gc          ] Allocation Stall (Worker-6) 69.016ms
[2025-12-18T08:25:14.950+0530][info][gc          ] Allocation Stall (Worker-5) 69.013ms
[2025-12-18T08:25:14.954+0530][info][gc,phases   ] GC(216) Concurrent Select Relocation Set 3.678ms
[2025-12-18T08:25:14.954+0530][info][gc,phases   ] GC(216) Pause Relocate Start 0.012ms
[2025-12-18T08:25:14.964+0530][info][gc,phases   ] GC(216) Concurrent Relocate 1.811ms
[2025-12-18T08:25:14.964+0530][info][gc,load     ] GC(216) Load: 0.00/0.00/0.00
[2025-12-18T08:25:14.964+0530][info][gc,mmu      ] GC(216) MMU: 2ms/80.7%, 5ms/92.3%, 10ms/96.0%, 20ms/98.0%, 50ms/99.2%, 100ms/99.5%
[2025-12-18T08:25:14.964+0530][info][gc,marking  ] GC(216) Mark: 2 stripe(s), 2 proactive flush(es), 1 terminate flush(es), 1 completion(s), 0 continuation(s) 
[2025-12-18T08:25:14.964+0530][info][gc,marking  ] GC(216) Mark Stack Usage: 32M
[2025-12-18T08:25:14.964+0530][info][gc,nmethod  ] GC(216) NMethods: 682 registered, 1 unregistered
[2025-12-18T08:25:14.964+0530][info][gc,metaspace] GC(216) Metaspace: 4M used, 4M committed, 1088M reserved
[2025-12-18T08:25:14.964+0530][info][gc,ref      ] GC(216) Soft: 157 encountered, 77 discovered, 0 enqueued
[2025-12-18T08:25:14.964+0530][info][gc,ref      ] GC(216) Weak: 539 encountered, 4 discovered, 0 enqueued
[2025-12-18T08:25:14.964+0530][info][gc,ref      ] GC(216) Final: 0 encountered, 0 discovered, 0 enqueued
[2025-12-18T08:25:14.964+0530][info][gc,ref      ] GC(216) Phantom: 7 encountered, 6 discovered, 0 enqueued
[2025-12-18T08:25:14.964+0530][info][gc,reloc    ] GC(216) Small Pages: 213 / 426M, Empty: 132M, Relocated: 1M, In-Place: 0
[2025-12-18T08:25:14.964+0530][info][gc,reloc    ] GC(216) Medium Pages: 1 / 16M, Empty: 0M, Relocated: 0M, In-Place: 0
[2025-12-18T08:25:14.964+0530][info][gc,reloc    ] GC(216) Large Pages: 1 / 6M, Empty: 0M, Relocated: 0M, In-Place: 0
[2025-12-18T08:25:14.964+0530][info][gc,reloc    ] GC(216) Forwarding Usage: 0M
[2025-12-18T08:25:14.964+0530][info][gc,heap     ] GC(216) Min Capacity: 512M(100%)
[2025-12-18T08:25:14.964+0530][info][gc,heap     ] GC(216) Max Capacity: 512M(100%)
[2025-12-18T08:25:14.964+0530][info][gc,heap     ] GC(216) Soft Max Capacity: 512M(100%)
[2025-12-18T08:25:14.964+0530][info][gc,heap     ] GC(216)                Mark Start          Mark End        Relocate Start      Relocate End           High               Low         
[2025-12-18T08:25:14.964+0530][info][gc,heap     ] GC(216)  Capacity:      512M (100%)        512M (100%)        512M (100%)        512M (100%)        512M (100%)        512M (100%)   
[2025-12-18T08:25:14.964+0530][info][gc,heap     ] GC(216)      Free:       64M (12%)           0M (0%)          120M (23%)         162M (32%)         162M (32%)           0M (0%)     
[2025-12-18T08:25:14.964+0530][info][gc,heap     ] GC(216)      Used:      448M (88%)         512M (100%)        392M (77%)         350M (68%)         512M (100%)        350M (68%)    
[2025-12-18T08:25:14.964+0530][info][gc,heap     ] GC(216)      Live:         -               248M (48%)         248M (48%)         248M (48%)            -                  -          
[2025-12-18T08:25:14.964+0530][info][gc,heap     ] GC(216) Allocated:         -                64M (12%)          76M (15%)          81M (16%)            -                  -          
[2025-12-18T08:25:14.964+0530][info][gc,heap     ] GC(216)   Garbage:         -               199M (39%)          67M (13%)          19M (4%)             -                  -          
[2025-12-18T08:25:14.965+0530][info][gc,heap     ] GC(216) Reclaimed:         -                  -               132M (26%)         179M (35%)            -                  -          
[2025-12-18T08:25:14.965+0530][info][gc          ] GC(216) Garbage Collection (Allocation Stall) 448M(88%)->350M(68%)
[2025-12-18T08:25:15.017+0530][info][gc,start    ] GC(217) Garbage Collection (Allocation Stall)
[2025-12-18T08:25:15.017+0530][info][gc,ref      ] GC(217) Clearing All SoftReferences
[2025-12-18T08:25:15.017+0530][info][gc,task     ] GC(217) Using 2 workers
[2025-12-18T08:25:15.017+0530][info][gc,ref      ] GC(217) Clearing All SoftReferences
[2025-12-18T08:25:15.017+0530][info][gc,phases   ] GC(217) Pause Mark Start 0.060ms
[2025-12-18T08:25:15.160+0530][info][gc,phases   ] GC(217) Concurrent Mark 139.978ms
[2025-12-18T08:25:15.160+0530][info][gc,phases   ] GC(217) Pause Mark End 0.021ms
[2025-12-18T08:25:15.160+0530][info][gc,phases   ] GC(217) Concurrent Mark Free 0.001ms
[2025-12-18T08:25:15.161+0530][info][gc,phases   ] GC(217) Concurrent Process Non-Strong References 1.113ms
[2025-12-18T08:25:15.161+0530][info][gc,phases   ] GC(217) Concurrent Reset Relocation Set 0.004ms
[2025-12-18T08:25:15.164+0530][info][gc          ] Allocation Stall (Worker-5) 58.859ms
[2025-12-18T08:25:15.164+0530][info][gc          ] Allocation Stall (Worker-2) 55.298ms
[2025-12-18T08:25:15.164+0530][info][gc          ] Allocation Stall (Worker-1) 58.175ms
[2025-12-18T08:25:15.164+0530][info][gc          ] Allocation Stall (Worker-3) 64.384ms
[2025-12-18T08:25:15.164+0530][info][gc          ] Allocation Stall (Worker-4) 63.422ms
[2025-12-18T08:25:15.164+0530][info][gc          ] Allocation Stall (Worker-7) 63.004ms
[2025-12-18T08:25:15.164+0530][info][gc          ] Allocation Stall (Worker-6) 60.510ms
[2025-12-18T08:25:15.164+0530][info][gc          ] Allocation Stall (Worker-0) 59.629ms
[2025-12-18T08:25:15.164+0530][info][gc,phases   ] GC(217) Concurrent Select Relocation Set 3.125ms
[2025-12-18T08:25:15.165+0530][info][gc,phases   ] GC(217) Pause Relocate Start 0.010ms
[2025-12-18T08:25:15.193+0530][info][gc,phases   ] GC(217) Concurrent Relocate 1.716ms
[2025-12-18T08:25:15.193+0530][info][gc,load     ] GC(217) Load: 0.00/0.00/0.00
[2025-12-18T08:25:15.193+0530][info][gc,mmu      ] GC(217) MMU: 2ms/80.7%, 5ms/92.3%, 10ms/96.0%, 20ms/98.0%, 50ms/99.2%, 100ms/99.5%
[2025-12-18T08:25:15.193+0530][info][gc,marking  ] GC(217) Mark: 2 stripe(s), 2 proactive flush(es), 1 terminate flush(es), 0 completion(s), 0 continuation(s) 
[2025-12-18T08:25:15.193+0530][info][gc,marking  ] GC(217) Mark Stack Usage: 32M
[2025-12-18T08:25:15.193+0530][info][gc,nmethod  ] GC(217) NMethods: 682 registered, 1 unregistered
[2025-12-18T08:25:15.193+0530][info][gc,metaspace] GC(217) Metaspace: 4M used, 4M committed, 1088M reserved
[2025-12-18T08:25:15.193+0530][info][gc,ref      ] GC(217) Soft: 157 encountered, 70 discovered, 0 enqueued
[2025-12-18T08:25:15.193+0530][info][gc,ref      ] GC(217) Weak: 539 encountered, 5 discovered, 0 enqueued
[2025-12-18T08:25:15.193+0530][info][gc,ref      ] GC(217) Final: 0 encountered, 0 discovered, 0 enqueued
[2025-12-18T08:25:15.193+0530][info][gc,ref      ] GC(217) Phantom: 7 encountered, 3 discovered, 0 enqueued
[2025-12-18T08:25:15.193+0530][info][gc,reloc    ] GC(217) Small Pages: 202 / 404M, Empty: 122M, Relocated: 1M, In-Place: 0
[2025-12-18T08:25:15.193+0530][info][gc,reloc    ] GC(217) Medium Pages: 1 / 16M, Empty: 0M, Relocated: 0M, In-Place: 0
[2025-12-18T08:25:15.193+0530][info][gc,reloc    ] GC(217) Large Pages: 1 / 6M, Empty: 0M, Relocated: 0M, In-Place: 0
[2025-12-18T08:25:15.193+0530][info][gc,reloc    ] GC(217) Forwarding Usage: 0M
[2025-12-18T08:25:15.193+0530][info][gc,heap     ] GC(217) Min Capacity: 512M(100%)
[2025-12-18T08:25:15.193+0530][info][gc,heap     ] GC(217) Max Capacity: 512M(100%)
[2025-12-18T08:25:15.193+0530][info][gc,heap     ] GC(217) Soft Max Capacity: 512M(100%)
[2025-12-18T08:25:15.193+0530][info][gc,heap     ] GC(217)                Mark Start          Mark End        Relocate Start      Relocate End           High               Low         
[2025-12-18T08:25:15.193+0530][info][gc,heap     ] GC(217)  Capacity:      512M (100%)        512M (100%)        512M (100%)        512M (100%)        512M (100%)        512M (100%)   
[2025-12-18T08:25:15.193+0530][info][gc,heap     ] GC(217)      Free:       86M (17%)           0M (0%)          108M (21%)         118M (23%)         122M (24%)           0M (0%)     
[2025-12-18T08:25:15.193+0530][info][gc,heap     ] GC(217)      Used:      426M (83%)         512M (100%)        404M (79%)         394M (77%)         512M (100%)        390M (76%)    
[2025-12-18T08:25:15.193+0530][info][gc,heap     ] GC(217)      Live:         -               248M (48%)         248M (48%)         248M (48%)            -                  -          
[2025-12-18T08:25:15.193+0530][info][gc,heap     ] GC(217) Allocated:         -                86M (17%)         100M (20%)         125M (25%)            -                  -          
[2025-12-18T08:25:15.193+0530][info][gc,heap     ] GC(217)   Garbage:         -               177M (35%)          55M (11%)          20M (4%)             -                  -          
[2025-12-18T08:25:15.193+0530][info][gc,heap     ] GC(217) Reclaimed:         -                  -               122M (24%)         157M (31%)            -                  -          
[2025-12-18T08:25:15.193+0530][info][gc          ] GC(217) Garbage Collection (Allocation Stall) 426M(83%)->394M(77%)
[2025-12-18T08:25:15.217+0530][info][gc,start    ] GC(218) Garbage Collection (Allocation Stall)
[2025-12-18T08:25:15.217+0530][info][gc,ref      ] GC(218) Clearing All SoftReferences
[2025-12-18T08:25:15.217+0530][info][gc,task     ] GC(218) Using 2 workers
[2025-12-18T08:25:15.217+0530][info][gc,ref      ] GC(218) Clearing All SoftReferences
[2025-12-18T08:25:15.217+0530][info][gc,phases   ] GC(218) Pause Mark Start 0.045ms
[2025-12-18T08:25:15.353+0530][info][gc,phases   ] GC(218) Concurrent Mark 129.847ms
[2025-12-18T08:25:15.353+0530][info][gc,phases   ] GC(218) Pause Mark End 0.088ms
[2025-12-18T08:25:15.353+0530][info][gc,phases   ] GC(218) Concurrent Mark Free 0.001ms
[2025-12-18T08:25:15.354+0530][info][gc,phases   ] GC(218) Concurrent Process Non-Strong References 1.086ms
[2025-12-18T08:25:15.354+0530][info][gc,phases   ] GC(218) Concurrent Reset Relocation Set 0.002ms
[2025-12-18T08:25:15.357+0530][info][gc          ] Allocation Stall (Worker-1) 59.082ms
[2025-12-18T08:25:15.357+0530][info][gc          ] Allocation Stall (Worker-5) 58.813ms
[2025-12-18T08:25:15.357+0530][info][gc          ] Allocation Stall (Worker-7) 60.736ms
[2025-12-18T08:25:15.357+0530][info][gc          ] Allocation Stall (Worker-6) 56.038ms
[2025-12-18T08:25:15.357+0530][info][gc          ] Allocation Stall (Worker-2) 64.814ms
[2025-12-18T08:25:15.357+0530][info][gc          ] Allocation Stall (Worker-0) 63.127ms
[2025-12-18T08:25:15.357+0530][info][gc          ] Allocation Stall (Worker-3) 60.954ms
[2025-12-18T08:25:15.357+0530][info][gc          ] Allocation Stall (Worker-4) 59.739ms
[2025-12-18T08:25:15.357+0530][info][gc,phases   ] GC(218) Concurrent Select Relocation Set 2.979ms
[2025-12-18T08:25:15.373+0530][info][gc,phases   ] GC(218) Pause Relocate Start 0.013ms
[2025-12-18T08:25:15.390+0530][info][gc,phases   ] GC(218) Concurrent Relocate 1.783ms
[2025-12-18T08:25:15.391+0530][info][gc,load     ] GC(218) Load: 0.00/0.00/0.00
[2025-12-18T08:25:15.391+0530][info][gc,mmu      ] GC(218) MMU: 2ms/80.7%, 5ms/92.3%, 10ms/96.0%, 20ms/98.0%, 50ms/99.2%, 100ms/99.5%
[2025-12-18T08:25:15.391+0530][info][gc,marking  ] GC(218) Mark: 2 stripe(s), 2 proactive flush(es), 1 terminate flush(es), 1 completion(s), 0 continuation(s) 
[2025-12-18T08:25:15.391+0530][info][gc,marking  ] GC(218) Mark Stack Usage: 32M
[2025-12-18T08:25:15.391+0530][info][gc,nmethod  ] GC(218) NMethods: 682 registered, 1 unregistered
[2025-12-18T08:25:15.391+0530][info][gc,metaspace] GC(218) Metaspace: 4M used, 4M committed, 1088M reserved
[2025-12-18T08:25:15.391+0530][info][gc,ref      ] GC(218) Soft: 157 encountered, 78 discovered, 0 enqueued
[2025-12-18T08:25:15.391+0530][info][gc,ref      ] GC(218) Weak: 539 encountered, 4 discovered, 0 enqueued
[2025-12-18T08:25:15.391+0530][info][gc,ref      ] GC(218) Final: 0 encountered, 0 discovered, 0 enqueued
[2025-12-18T08:25:15.391+0530][info][gc,ref      ] GC(218) Phantom: 7 encountered, 3 discovered, 0 enqueued
[2025-12-18T08:25:15.391+0530][info][gc,reloc    ] GC(218) Small Pages: 202 / 404M, Empty: 102M, Relocated: 1M, In-Place: 0
[2025-12-18T08:25:15.391+0530][info][gc,reloc    ] GC(218) Medium Pages: 1 / 16M, Empty: 0M, Relocated: 0M, In-Place: 0
[2025-12-18T08:25:15.391+0530][info][gc,reloc    ] GC(218) Large Pages: 1 / 6M, Empty: 0M, Relocated: 0M, In-Place: 0
[2025-12-18T08:25:15.391+0530][info][gc,reloc    ] GC(218) Forwarding Usage: 0M
[2025-12-18T08:25:15.391+0530][info][gc,heap     ] GC(218) Min Capacity: 512M(100%)
[2025-12-18T08:25:15.391+0530][info][gc,heap     ] GC(218) Max Capacity: 512M(100%)
[2025-12-18T08:25:15.391+0530][info][gc,heap     ] GC(218) Soft Max Capacity: 512M(100%)
[2025-12-18T08:25:15.391+0530][info][gc,heap     ] GC(218)                Mark Start          Mark End        Relocate Start      Relocate End           High               Low         
[2025-12-18T08:25:15.391+0530][info][gc,heap     ] GC(218)  Capacity:      512M (100%)        512M (100%)        512M (100%)        512M (100%)        512M (100%)        512M (100%)   
[2025-12-18T08:25:15.391+0530][info][gc,heap     ] GC(218)      Free:       86M (17%)           0M (0%)           74M (14%)         110M (21%)         112M (22%)           0M (0%)     
[2025-12-18T08:25:15.391+0530][info][gc,heap     ] GC(218)      Used:      426M (83%)         512M (100%)        438M (86%)         402M (79%)         512M (100%)        400M (78%)    
[2025-12-18T08:25:15.391+0530][info][gc,heap     ] GC(218)      Live:         -               248M (48%)         248M (48%)         248M (48%)            -                  -          
[2025-12-18T08:25:15.391+0530][info][gc,heap     ] GC(218) Allocated:         -                86M (17%)         114M (22%)         133M (26%)            -                  -          
[2025-12-18T08:25:15.391+0530][info][gc,heap     ] GC(218)   Garbage:         -               177M (35%)          75M (15%)          20M (4%)             -                  -          
[2025-12-18T08:25:15.391+0530][info][gc,heap     ] GC(218) Reclaimed:         -                  -               102M (20%)         157M (31%)            -                  -          
[2025-12-18T08:25:15.391+0530][info][gc          ] GC(218) Garbage Collection (Allocation Stall) 426M(83%)->402M(79%)
[2025-12-18T08:25:15.417+0530][info][gc,start    ] GC(219) Garbage Collection (Allocation Stall)
[2025-12-18T08:25:15.417+0530][info][gc,ref      ] GC(219) Clearing All SoftReferences
[2025-12-18T08:25:15.417+0530][info][gc,task     ] GC(219) Using 2 workers
[2025-12-18T08:25:15.417+0530][info][gc,ref      ] GC(219) Clearing All SoftReferences
[2025-12-18T08:25:15.417+0530][info][gc,phases   ] GC(219) Pause Mark Start 0.059ms
[2025-12-18T08:25:15.551+0530][info][gc,phases   ] GC(219) Concurrent Mark 128.803ms
[2025-12-18T08:25:15.551+0530][info][gc,phases   ] GC(219) Pause Mark End 0.102ms
[2025-12-18T08:25:15.551+0530][info][gc,phases   ] GC(219) Concurrent Mark Free 0.001ms
[2025-12-18T08:25:15.552+0530][info][gc,phases   ] GC(219) Concurrent Process Non-Strong References 1.237ms
[2025-12-18T08:25:15.552+0530][info][gc,phases   ] GC(219) Concurrent Reset Relocation Set 0.005ms
[2025-12-18T08:25:15.556+0530][info][gc          ] Allocation Stall (Worker-4) 63.883ms
[2025-12-18T08:25:15.556+0530][info][gc          ] Allocation Stall (Worker-0) 63.045ms
[2025-12-18T08:25:15.556+0530][info][gc          ] Allocation Stall (Worker-3) 61.015ms
[2025-12-18T08:25:15.556+0530][info][gc          ] Allocation Stall (Worker-6) 66.559ms
[2025-12-18T08:25:15.556+0530][info][gc          ] Allocation Stall (Worker-7) 62.852ms
[2025-12-18T08:25:15.556+0530][info][gc          ] Allocation Stall (Worker-1) 60.984ms
[2025-12-18T08:25:15.556+0530][info][gc          ] Allocation Stall (Worker-2) 61.256ms
[2025-12-18T08:25:15.556+0530][info][gc          ] Allocation Stall (Worker-5) 60.637ms
[2025-12-18T08:25:15.556+0530][info][gc,phases   ] GC(219) Concurrent Select Relocation Set 3.052ms
[2025-12-18T08:25:15.556+0530][info][gc,phases   ] GC(219) Pause Relocate Start 0.012ms
[2025-12-18T08:25:15.590+0530][info][gc,phases   ] GC(219) Concurrent Relocate 1.759ms
[2025-12-18T08:25:15.590+0530][info][gc,load     ] GC(219) Load: 0.00/0.00/0.00
[2025-12-18T08:25:15.590+0530][info][gc,mmu      ] GC(219) MMU: 2ms/80.7%, 5ms/92.3%, 10ms/96.0%, 20ms/98.0%, 50ms/99.2%, 100ms/99.5%
[2025-12-18T08:25:15.590+0530][info][gc,marking  ] GC(219) Mark: 2 stripe(s), 2 proactive flush(es), 1 terminate flush(es), 1 completion(s), 0 continuation(s) 
[2025-12-18T08:25:15.590+0530][info][gc,marking  ] GC(219) Mark Stack Usage: 32M
[2025-12-18T08:25:15.590+0530][info][gc,nmethod  ] GC(219) NMethods: 682 registered, 1 unregistered
[2025-12-18T08:25:15.590+0530][info][gc,metaspace] GC(219) Metaspace: 4M used, 4M committed, 1088M reserved
[2025-12-18T08:25:15.590+0530][info][gc,ref      ] GC(219) Soft: 157 encountered, 77 discovered, 0 enqueued
[2025-12-18T08:25:15.590+0530][info][gc,ref      ] GC(219) Weak: 539 encountered, 4 discovered, 0 enqueued
[2025-12-18T08:25:15.590+0530][info][gc,ref      ] GC(219) Final: 0 encountered, 0 discovered, 0 enqueued
[2025-12-18T08:25:15.590+0530][info][gc,ref      ] GC(219) Phantom: 7 encountered, 3 discovered, 0 enqueued
[2025-12-18T08:25:15.590+0530][info][gc,reloc    ] GC(219) Small Pages: 210 / 420M, Empty: 126M, Relocated: 1M, In-Place: 0
[2025-12-18T08:25:15.590+0530][info][gc,reloc    ] GC(219) Medium Pages: 1 / 16M, Empty: 0M, Relocated: 0M, In-Place: 0
[2025-12-18T08:25:15.590+0530][info][gc,reloc    ] GC(219) Large Pages: 1 / 6M, Empty: 0M, Relocated: 0M, In-Place: 0
[2025-12-18T08:25:15.590+0530][info][gc,reloc    ] GC(219) Forwarding Usage: 0M
[2025-12-18T08:25:15.590+0530][info][gc,heap     ] GC(219) Min Capacity: 512M(100%)
[2025-12-18T08:25:15.590+0530][info][gc,heap     ] GC(219) Max Capacity: 512M(100%)
[2025-12-18T08:25:15.590+0530][info][gc,heap     ] GC(219) Soft Max Capacity: 512M(100%)
[2025-12-18T08:25:15.590+0530][info][gc,heap     ] GC(219)                Mark Start          Mark End        Relocate Start      Relocate End           High               Low         
[2025-12-18T08:25:15.590+0530][info][gc,heap     ] GC(219)  Capacity:      512M (100%)        512M (100%)        512M (100%)        512M (100%)        512M (100%)        512M (100%)   
[2025-12-18T08:25:15.590+0530][info][gc,heap     ] GC(219)      Free:       70M (14%)           0M (0%)          112M (22%)         130M (25%)         130M (25%)           0M (0%)     
[2025-12-18T08:25:15.590+0530][info][gc,heap     ] GC(219)      Used:      442M (86%)         512M (100%)        400M (78%)         382M (75%)         512M (100%)        382M (75%)    
[2025-12-18T08:25:15.590+0530][info][gc,heap     ] GC(219)      Live:         -               248M (48%)         248M (48%)         248M (48%)            -                  -          
[2025-12-18T08:25:15.590+0530][info][gc,heap     ] GC(219) Allocated:         -                70M (14%)          84M (16%)         113M (22%)            -                  -          
[2025-12-18T08:25:15.590+0530][info][gc,heap     ] GC(219)   Garbage:         -               193M (38%)          67M (13%)          20M (4%)             -                  -          
[2025-12-18T08:25:15.590+0530][info][gc,heap     ] GC(219) Reclaimed:         -                  -               126M (25%)         173M (34%)            -                  -          
[2025-12-18T08:25:15.590+0530][info][gc          ] GC(219) Garbage Collection (Allocation Stall) 442M(86%)->382M(75%)
[2025-12-18T08:25:15.617+0530][info][gc,start    ] GC(220) Garbage Collection (Allocation Stall)
[2025-12-18T08:25:15.617+0530][info][gc,ref      ] GC(220) Clearing All SoftReferences
[2025-12-18T08:25:15.617+0530][info][gc,task     ] GC(220) Using 2 workers
[2025-12-18T08:25:15.617+0530][info][gc,ref      ] GC(220) Clearing All SoftReferences
[2025-12-18T08:25:15.617+0530][info][gc,phases   ] GC(220) Pause Mark Start 0.058ms
[2025-12-18T08:25:15.749+0530][info][gc,phases   ] GC(220) Concurrent Mark 129.864ms
[2025-12-18T08:25:15.749+0530][info][gc,phases   ] GC(220) Pause Mark End 0.092ms
[2025-12-18T08:25:15.749+0530][info][gc,phases   ] GC(220) Concurrent Mark Free 0.001ms
[2025-12-18T08:25:15.750+0530][info][gc,phases   ] GC(220) Concurrent Process Non-Strong References 1.076ms
[2025-12-18T08:25:15.750+0530][info][gc,phases   ] GC(220) Concurrent Reset Relocation Set 0.003ms
[2025-12-18T08:25:15.753+0530][info][gc          ] Allocation Stall (Worker-0) 50.504ms
[2025-12-18T08:25:15.753+0530][info][gc          ] Allocation Stall (Worker-7) 50.211ms
[2025-12-18T08:25:15.753+0530][info][gc          ] Allocation Stall (Worker-3) 49.975ms
[2025-12-18T08:25:15.753+0530][info][gc          ] Allocation Stall (Worker-2) 62.827ms
[2025-12-18T08:25:15.753+0530][info][gc          ] Allocation Stall (Worker-4) 60.554ms
[2025-12-18T08:25:15.753+0530][info][gc          ] Allocation Stall (Worker-5) 55.251ms
[2025-12-18T08:25:15.753+0530][info][gc          ] Allocation Stall (Worker-6) 54.406ms
[2025-12-18T08:25:15.753+0530][info][gc          ] Allocation Stall (Worker-1) 53.931ms
[2025-12-18T08:25:15.753+0530][info][gc,phases   ] GC(220) Concurrent Select Relocation Set 3.045ms
[2025-12-18T08:25:15.754+0530][info][gc,phases   ] GC(220) Pause Relocate Start 0.010ms
[2025-12-18T08:25:15.756+0530][info][gc,phases   ] GC(220) Concurrent Relocate 1.426ms
[2025-12-18T08:25:15.756+0530][info][gc,load     ] GC(220) Load: 0.00/0.00/0.00
[2025-12-18T08:25:15.756+0530][info][gc,mmu      ] GC(220) MMU: 2ms/80.7%, 5ms/92.3%, 10ms/96.0%, 20ms/98.0%, 50ms/99.2%, 100ms/99.5%
[2025-12-18T08:25:15.756+0530][info][gc,marking  ] GC(220) Mark: 2 stripe(s), 2 proactive flush(es), 1 terminate flush(es), 1 completion(s), 0 continuation(s) 
[2025-12-18T08:25:15.756+0530][info][gc,marking  ] GC(220) Mark Stack Usage: 32M
[2025-12-18T08:25:15.756+0530][info][gc,nmethod  ] GC(220) NMethods: 682 registered, 1 unregistered
[2025-12-18T08:25:15.756+0530][info][gc,metaspace] GC(220) Metaspace: 4M used, 4M committed, 1088M reserved
[2025-12-18T08:25:15.756+0530][info][gc,ref      ] GC(220) Soft: 157 encountered, 87 discovered, 0 enqueued
[2025-12-18T08:25:15.756+0530][info][gc,ref      ] GC(220) Weak: 539 encountered, 395 discovered, 0 enqueued
[2025-12-18T08:25:15.756+0530][info][gc,ref      ] GC(220) Final: 0 encountered, 0 discovered, 0 enqueued
[2025-12-18T08:25:15.756+0530][info][gc,ref      ] GC(220) Phantom: 7 encountered, 3 discovered, 0 enqueued
[2025-12-18T08:25:15.756+0530][info][gc,reloc    ] GC(220) Small Pages: 203 / 406M, Empty: 100M, Relocated: 1M, In-Place: 0
[2025-12-18T08:25:15.756+0530][info][gc,reloc    ] GC(220) Medium Pages: 1 / 16M, Empty: 0M, Relocated: 0M, In-Place: 0
[2025-12-18T08:25:15.756+0530][info][gc,reloc    ] GC(220) Large Pages: 1 / 6M, Empty: 0M, Relocated: 0M, In-Place: 0
[2025-12-18T08:25:15.756+0530][info][gc,reloc    ] GC(220) Forwarding Usage: 0M
[2025-12-18T08:25:15.756+0530][info][gc,heap     ] GC(220) Min Capacity: 512M(100%)
[2025-12-18T08:25:15.756+0530][info][gc,heap     ] GC(220) Max Capacity: 512M(100%)
[2025-12-18T08:25:15.756+0530][info][gc,heap     ] GC(220) Soft Max Capacity: 512M(100%)
[2025-12-18T08:25:15.756+0530][info][gc,heap     ] GC(220)                Mark Start          Mark End        Relocate Start      Relocate End           High               Low         
[2025-12-18T08:25:15.756+0530][info][gc,heap     ] GC(220)  Capacity:      512M (100%)        512M (100%)        512M (100%)        512M (100%)        512M (100%)        512M (100%)   
[2025-12-18T08:25:15.756+0530][info][gc,heap     ] GC(220)      Free:       84M (16%)           0M (0%)           84M (16%)         144M (28%)         144M (28%)           0M (0%)     
[2025-12-18T08:25:15.757+0530][info][gc,heap     ] GC(220)      Used:      428M (84%)         512M (100%)        428M (84%)         368M (72%)         512M (100%)        368M (72%)    
[2025-12-18T08:25:15.757+0530][info][gc,heap     ] GC(220)      Live:         -               248M (48%)         248M (48%)         248M (48%)            -                  -          
[2025-12-18T08:25:15.757+0530][info][gc,heap     ] GC(220) Allocated:         -                84M (16%)         100M (20%)          99M (20%)            -                  -          
[2025-12-18T08:25:15.757+0530][info][gc,heap     ] GC(220)   Garbage:         -               179M (35%)          79M (16%)          19M (4%)             -                  -          
[2025-12-18T08:25:15.757+0530][info][gc,heap     ] GC(220) Reclaimed:         -                  -               100M (20%)         159M (31%)            -                  -          
[2025-12-18T08:25:15.757+0530][info][gc          ] GC(220) Garbage Collection (Allocation Stall) 428M(84%)->368M(72%)
[2025-12-18T08:25:15.817+0530][info][gc,start    ] GC(221) Garbage Collection (Allocation Stall)
[2025-12-18T08:25:15.817+0530][info][gc,ref      ] GC(221) Clearing All SoftReferences
[2025-12-18T08:25:15.817+0530][info][gc,task     ] GC(221) Using 2 workers
[2025-12-18T08:25:15.820+0530][info][gc,ref      ] GC(221) Clearing All SoftReferences
[2025-12-18T08:25:15.820+0530][info][gc,phases   ] GC(221) Pause Mark Start 0.077ms
[2025-12-18T08:25:15.951+0530][info][gc,phases   ] GC(221) Concurrent Mark 130.476ms
[2025-12-18T08:25:15.951+0530][info][gc,phases   ] GC(221) Pause Mark End 0.019ms
[2025-12-18T08:25:15.951+0530][info][gc,phases   ] GC(221) Concurrent Mark Free 0.001ms
[2025-12-18T08:25:15.952+0530][info][gc,phases   ] GC(221) Concurrent Process Non-Strong References 1.081ms
[2025-12-18T08:25:15.952+0530][info][gc,phases   ] GC(221) Concurrent Reset Relocation Set 0.005ms
[2025-12-18T08:25:15.952+0530][info][gc          ] Allocation Stall (Worker-0) 82.901ms
[2025-12-18T08:25:15.952+0530][info][gc          ] Allocation Stall (Worker-5) 81.012ms
[2025-12-18T08:25:15.952+0530][info][gc          ] Allocation Stall (Worker-1) 79.548ms
[2025-12-18T08:25:15.952+0530][info][gc          ] Allocation Stall (Worker-3) 87.679ms
[2025-12-18T08:25:15.952+0530][info][gc          ] Allocation Stall (Worker-2) 84.257ms
[2025-12-18T08:25:15.952+0530][info][gc          ] Allocation Stall (Worker-6) 86.312ms
[2025-12-18T08:25:15.952+0530][info][gc          ] Allocation Stall (Worker-4) 86.791ms
[2025-12-18T08:25:15.952+0530][info][gc          ] Allocation Stall (Worker-7) 86.291ms
[2025-12-18T08:25:15.956+0530][info][gc,phases   ] GC(221) Concurrent Select Relocation Set 3.704ms
[2025-12-18T08:25:15.956+0530][info][gc,phases   ] GC(221) Pause Relocate Start 0.011ms
[2025-12-18T08:25:15.987+0530][info][gc,phases   ] GC(221) Concurrent Relocate 1.803ms
[2025-12-18T08:25:15.987+0530][info][gc,load     ] GC(221) Load: 0.00/0.00/0.00
[2025-12-18T08:25:15.987+0530][info][gc,mmu      ] GC(221) MMU: 2ms/80.7%, 5ms/92.3%, 10ms/96.0%, 20ms/98.0%, 50ms/99.2%, 100ms/99.5%
[2025-12-18T08:25:15.987+0530][info][gc,marking  ] GC(221) Mark: 2 stripe(s), 2 proactive flush(es), 1 terminate flush(es), 0 completion(s), 0 continuation(s) 
[2025-12-18T08:25:15.987+0530][info][gc,marking  ] GC(221) Mark Stack Usage: 32M
[2025-12-18T08:25:15.987+0530][info][gc,nmethod  ] GC(221) NMethods: 682 registered, 1 unregistered
[2025-12-18T08:25:15.987+0530][info][gc,metaspace] GC(221) Metaspace: 4M used, 4M committed, 1088M reserved
[2025-12-18T08:25:15.987+0530][info][gc,ref      ] GC(221) Soft: 157 encountered, 82 discovered, 0 enqueued
[2025-12-18T08:25:15.987+0530][info][gc,ref      ] GC(221) Weak: 539 encountered, 409 discovered, 0 enqueued
[2025-12-18T08:25:15.987+0530][info][gc,ref      ] GC(221) Final: 0 encountered, 0 discovered, 0 enqueued
[2025-12-18T08:25:15.987+0530][info][gc,ref      ] GC(221) Phantom: 7 encountered, 3 discovered, 0 enqueued
[2025-12-18T08:25:15.987+0530][info][gc,reloc    ] GC(221) Small Pages: 218 / 436M, Empty: 158M, Relocated: 1M, In-Place: 0
[2025-12-18T08:25:15.987+0530][info][gc,reloc    ] GC(221) Medium Pages: 1 / 16M, Empty: 0M, Relocated: 0M, In-Place: 0
[2025-12-18T08:25:15.987+0530][info][gc,reloc    ] GC(221) Large Pages: 1 / 6M, Empty: 0M, Relocated: 0M, In-Place: 0
[2025-12-18T08:25:15.987+0530][info][gc,reloc    ] GC(221) Forwarding Usage: 0M
[2025-12-18T08:25:15.987+0530][info][gc,heap     ] GC(221) Min Capacity: 512M(100%)
[2025-12-18T08:25:15.987+0530][info][gc,heap     ] GC(221) Max Capacity: 512M(100%)
[2025-12-18T08:25:15.987+0530][info][gc,heap     ] GC(221) Soft Max Capacity: 512M(100%)
[2025-12-18T08:25:15.987+0530][info][gc,heap     ] GC(221)                Mark Start          Mark End        Relocate Start      Relocate End           High               Low         
[2025-12-18T08:25:15.987+0530][info][gc,heap     ] GC(221)  Capacity:      512M (100%)        512M (100%)        512M (100%)        512M (100%)        512M (100%)        512M (100%)   
[2025-12-18T08:25:15.987+0530][info][gc,heap     ] GC(221)      Free:       54M (11%)           0M (0%)          146M (29%)         146M (29%)         146M (29%)           0M (0%)     
[2025-12-18T08:25:15.987+0530][info][gc,heap     ] GC(221)      Used:      458M (89%)         512M (100%)        366M (71%)         366M (71%)         512M (100%)        366M (71%)    
[2025-12-18T08:25:15.987+0530][info][gc,heap     ] GC(221)      Live:         -               248M (48%)         248M (48%)         248M (48%)            -                  -          
[2025-12-18T08:25:15.987+0530][info][gc,heap     ] GC(221) Allocated:         -                54M (11%)          66M (13%)          97M (19%)            -                  -          
[2025-12-18T08:25:15.987+0530][info][gc,heap     ] GC(221)   Garbage:         -               209M (41%)          51M (10%)          20M (4%)             -                  -          
[2025-12-18T08:25:15.987+0530][info][gc,heap     ] GC(221) Reclaimed:         -                  -               158M (31%)         189M (37%)            -                  -          
[2025-12-18T08:25:15.987+0530][info][gc          ] GC(221) Garbage Collection (Allocation Stall) 458M(89%)->366M(71%)
[2025-12-18T08:25:16.017+0530][info][gc,start    ] GC(222) Garbage Collection (Allocation Stall)
[2025-12-18T08:25:16.017+0530][info][gc,ref      ] GC(222) Clearing All SoftReferences
[2025-12-18T08:25:16.017+0530][info][gc,task     ] GC(222) Using 2 workers
[2025-12-18T08:25:16.017+0530][info][gc,ref      ] GC(222) Clearing All SoftReferences
[2025-12-18T08:25:16.017+0530][info][gc,phases   ] GC(222) Pause Mark Start 0.048ms
[2025-12-18T08:25:16.150+0530][info][gc,phases   ] GC(222) Concurrent Mark 130.815ms
[2025-12-18T08:25:16.150+0530][info][gc,phases   ] GC(222) Pause Mark End 0.091ms
[2025-12-18T08:25:16.150+0530][info][gc,phases   ] GC(222) Concurrent Mark Free 0.001ms
[2025-12-18T08:25:16.151+0530][info][gc,phases   ] GC(222) Concurrent Process Non-Strong References 1.351ms
[2025-12-18T08:25:16.151+0530][info][gc,phases   ] GC(222) Concurrent Reset Relocation Set 0.002ms
[2025-12-18T08:25:16.154+0530][info][gc          ] Allocation Stall (Worker-6) 44.065ms
[2025-12-18T08:25:16.154+0530][info][gc          ] Allocation Stall (Worker-7) 45.877ms
[2025-12-18T08:25:16.154+0530][info][gc          ] Allocation Stall (Worker-4) 44.662ms
[2025-12-18T08:25:16.154+0530][info][gc          ] Allocation Stall (Worker-0) 49.670ms
[2025-12-18T08:25:16.154+0530][info][gc          ] Allocation Stall (Worker-5) 42.638ms
[2025-12-18T08:25:16.154+0530][info][gc          ] Allocation Stall (Worker-3) 50.252ms
[2025-12-18T08:25:16.154+0530][info][gc          ] Allocation Stall (Worker-2) 41.859ms
[2025-12-18T08:25:16.154+0530][info][gc          ] Allocation Stall (Worker-1) 42.422ms
[2025-12-18T08:25:16.155+0530][info][gc,phases   ] GC(222) Concurrent Select Relocation Set 3.096ms
[2025-12-18T08:25:16.155+0530][info][gc,phases   ] GC(222) Pause Relocate Start 0.013ms
[2025-12-18T08:25:16.159+0530][info][gc,phases   ] GC(222) Concurrent Relocate 1.657ms
[2025-12-18T08:25:16.159+0530][info][gc,load     ] GC(222) Load: 0.00/0.00/0.00
[2025-12-18T08:25:16.159+0530][info][gc,mmu      ] GC(222) MMU: 2ms/80.7%, 5ms/92.3%, 10ms/96.0%, 20ms/98.0%, 50ms/99.2%, 100ms/99.5%
[2025-12-18T08:25:16.159+0530][info][gc,marking  ] GC(222) Mark: 2 stripe(s), 2 proactive flush(es), 1 terminate flush(es), 1 completion(s), 0 continuation(s) 
[2025-12-18T08:25:16.159+0530][info][gc,marking  ] GC(222) Mark Stack Usage: 32M
[2025-12-18T08:25:16.159+0530][info][gc,nmethod  ] GC(222) NMethods: 682 registered, 1 unregistered
[2025-12-18T08:25:16.159+0530][info][gc,metaspace] GC(222) Metaspace: 4M used, 4M committed, 1088M reserved
[2025-12-18T08:25:16.159+0530][info][gc,ref      ] GC(222) Soft: 157 encountered, 89 discovered, 0 enqueued
[2025-12-18T08:25:16.159+0530][info][gc,ref      ] GC(222) Weak: 539 encountered, 413 discovered, 0 enqueued
[2025-12-18T08:25:16.160+0530][info][gc,ref      ] GC(222) Final: 0 encountered, 0 discovered, 0 enqueued
[2025-12-18T08:25:16.160+0530][info][gc,ref      ] GC(222) Phantom: 7 encountered, 5 discovered, 0 enqueued
[2025-12-18T08:25:16.160+0530][info][gc,reloc    ] GC(222) Small Pages: 196 / 392M, Empty: 86M, Relocated: 1M, In-Place: 0
[2025-12-18T08:25:16.160+0530][info][gc,reloc    ] GC(222) Medium Pages: 1 / 16M, Empty: 0M, Relocated: 0M, In-Place: 0
[2025-12-18T08:25:16.160+0530][info][gc,reloc    ] GC(222) Large Pages: 1 / 6M, Empty: 0M, Relocated: 0M, In-Place: 0
[2025-12-18T08:25:16.160+0530][info][gc,reloc    ] GC(222) Forwarding Usage: 0M
[2025-12-18T08:25:16.160+0530][info][gc,heap     ] GC(222) Min Capacity: 512M(100%)
[2025-12-18T08:25:16.160+0530][info][gc,heap     ] GC(222) Max Capacity: 512M(100%)
[2025-12-18T08:25:16.160+0530][info][gc,heap     ] GC(222) Soft Max Capacity: 512M(100%)
[2025-12-18T08:25:16.160+0530][info][gc,heap     ] GC(222)                Mark Start          Mark End        Relocate Start      Relocate End           High               Low         
[2025-12-18T08:25:16.160+0530][info][gc,heap     ] GC(222)  Capacity:      512M (100%)        512M (100%)        512M (100%)        512M (100%)        512M (100%)        512M (100%)   
[2025-12-18T08:25:16.160+0530][info][gc,heap     ] GC(222)      Free:       98M (19%)           0M (0%)           72M (14%)         132M (26%)         132M (26%)           0M (0%)     
[2025-12-18T08:25:16.160+0530][info][gc,heap     ] GC(222)      Used:      414M (81%)         512M (100%)        440M (86%)         380M (74%)         512M (100%)        380M (74%)    
[2025-12-18T08:25:16.160+0530][info][gc,heap     ] GC(222)      Live:         -               248M (48%)         248M (48%)         248M (48%)            -                  -          
[2025-12-18T08:25:16.160+0530][info][gc,heap     ] GC(222) Allocated:         -                98M (19%)         112M (22%)         111M (22%)            -                  -          
[2025-12-18T08:25:16.160+0530][info][gc,heap     ] GC(222)   Garbage:         -               165M (32%)          79M (16%)          19M (4%)             -                  -          
[2025-12-18T08:25:16.160+0530][info][gc,heap     ] GC(222) Reclaimed:         -                  -                86M (17%)         145M (29%)            -                  -          
[2025-12-18T08:25:16.160+0530][info][gc          ] GC(222) Garbage Collection (Allocation Stall) 414M(81%)->380M(74%)
[2025-12-18T08:25:16.217+0530][info][gc,start    ] GC(223) Garbage Collection (Allocation Stall)
[2025-12-18T08:25:16.217+0530][info][gc,ref      ] GC(223) Clearing All SoftReferences
[2025-12-18T08:25:16.217+0530][info][gc,task     ] GC(223) Using 2 workers
[2025-12-18T08:25:16.217+0530][info][gc,ref      ] GC(223) Clearing All SoftReferences
[2025-12-18T08:25:16.217+0530][info][gc,phases   ] GC(223) Pause Mark Start 0.060ms
[2025-12-18T08:25:16.344+0530][info][gc,phases   ] GC(223) Concurrent Mark 122.994ms
[2025-12-18T08:25:16.344+0530][info][gc,phases   ] GC(223) Pause Mark End 0.020ms
[2025-12-18T08:25:16.344+0530][info][gc,phases   ] GC(223) Concurrent Mark Free 0.002ms
[2025-12-18T08:25:16.345+0530][info][gc,phases   ] GC(223) Concurrent Process Non-Strong References 1.108ms
[2025-12-18T08:25:16.345+0530][info][gc,phases   ] GC(223) Concurrent Reset Relocation Set 0.005ms
[2025-12-18T08:25:16.345+0530][info][gc          ] Allocation Stall (Worker-3) 76.355ms
[2025-12-18T08:25:16.345+0530][info][gc          ] Allocation Stall (Worker-0) 75.762ms
[2025-12-18T08:25:16.345+0530][info][gc          ] Allocation Stall (Worker-7) 72.513ms
[2025-12-18T08:25:16.345+0530][info][gc          ] Allocation Stall (Worker-1) 79.134ms
[2025-12-18T08:25:16.345+0530][info][gc          ] Allocation Stall (Worker-6) 79.163ms
[2025-12-18T08:25:16.345+0530][info][gc          ] Allocation Stall (Worker-2) 78.139ms
[2025-12-18T08:25:16.345+0530][info][gc          ] Allocation Stall (Worker-5) 77.523ms
[2025-12-18T08:25:16.345+0530][info][gc          ] Allocation Stall (Worker-4) 77.258ms
[2025-12-18T08:25:16.349+0530][info][gc,phases   ] GC(223) Concurrent Select Relocation Set 3.547ms
[2025-12-18T08:25:16.349+0530][info][gc,phases   ] GC(223) Pause Relocate Start 0.012ms
[2025-12-18T08:25:16.361+0530][info][gc,phases   ] GC(223) Concurrent Relocate 1.773ms
[2025-12-18T08:25:16.362+0530][info][gc,load     ] GC(223) Load: 0.00/0.00/0.00
[2025-12-18T08:25:16.362+0530][info][gc,mmu      ] GC(223) MMU: 2ms/80.7%, 5ms/92.3%, 10ms/96.0%, 20ms/98.0%, 50ms/99.2%, 100ms/99.5%
[2025-12-18T08:25:16.362+0530][info][gc,marking  ] GC(223) Mark: 2 stripe(s), 2 proactive flush(es), 1 terminate flush(es), 0 completion(s), 0 continuation(s) 
[2025-12-18T08:25:16.362+0530][info][gc,marking  ] GC(223) Mark Stack Usage: 32M
[2025-12-18T08:25:16.362+0530][info][gc,nmethod  ] GC(223) NMethods: 682 registered, 1 unregistered
[2025-12-18T08:25:16.362+0530][info][gc,metaspace] GC(223) Metaspace: 4M used, 4M committed, 1088M reserved
[2025-12-18T08:25:16.362+0530][info][gc,ref      ] GC(223) Soft: 157 encountered, 70 discovered, 0 enqueued
[2025-12-18T08:25:16.362+0530][info][gc,ref      ] GC(223) Weak: 539 encountered, 4 discovered, 0 enqueued
[2025-12-18T08:25:16.362+0530][info][gc,ref      ] GC(223) Final: 0 encountered, 0 discovered, 0 enqueued
[2025-12-18T08:25:16.362+0530][info][gc,ref      ] GC(223) Phantom: 7 encountered, 3 discovered, 0 enqueued
[2025-12-18T08:25:16.362+0530][info][gc,reloc    ] GC(223) Small Pages: 219 / 438M, Empty: 160M, Relocated: 1M, In-Place: 0
[2025-12-18T08:25:16.362+0530][info][gc,reloc    ] GC(223) Medium Pages: 1 / 16M, Empty: 0M, Relocated: 0M, In-Place: 0
[2025-12-18T08:25:16.362+0530][info][gc,reloc    ] GC(223) Large Pages: 1 / 6M, Empty: 0M, Relocated: 0M, In-Place: 0
[2025-12-18T08:25:16.362+0530][info][gc,reloc    ] GC(223) Forwarding Usage: 0M
[2025-12-18T08:25:16.362+0530][info][gc,heap     ] GC(223) Min Capacity: 512M(100%)
[2025-12-18T08:25:16.362+0530][info][gc,heap     ] GC(223) Max Capacity: 512M(100%)
[2025-12-18T08:25:16.362+0530][info][gc,heap     ] GC(223) Soft Max Capacity: 512M(100%)
[2025-12-18T08:25:16.362+0530][info][gc,heap     ] GC(223)                Mark Start          Mark End        Relocate Start      Relocate End           High               Low         
[2025-12-18T08:25:16.362+0530][info][gc,heap     ] GC(223)  Capacity:      512M (100%)        512M (100%)        512M (100%)        512M (100%)        512M (100%)        512M (100%)   
[2025-12-18T08:25:16.362+0530][info][gc,heap     ] GC(223)      Free:       52M (10%)           0M (0%)          146M (29%)         162M (32%)         162M (32%)           0M (0%)     
[2025-12-18T08:25:16.362+0530][info][gc,heap     ] GC(223)      Used:      460M (90%)         512M (100%)        366M (71%)         350M (68%)         512M (100%)        350M (68%)    
[2025-12-18T08:25:16.362+0530][info][gc,heap     ] GC(223)      Live:         -               248M (48%)         248M (48%)         248M (48%)            -                  -          
[2025-12-18T08:25:16.362+0530][info][gc,heap     ] GC(223) Allocated:         -                52M (10%)          66M (13%)          81M (16%)            -                  -          
[2025-12-18T08:25:16.362+0530][info][gc,heap     ] GC(223)   Garbage:         -               211M (41%)          51M (10%)          20M (4%)             -                  -          
[2025-12-18T08:25:16.362+0530][info][gc,heap     ] GC(223) Reclaimed:         -                  -               160M (31%)         191M (37%)            -                  -          
[2025-12-18T08:25:16.362+0530][info][gc          ] GC(223) Garbage Collection (Allocation Stall) 460M(90%)->350M(68%)
[2025-12-18T08:25:16.417+0530][info][gc,start    ] GC(224) Garbage Collection (Allocation Stall)
[2025-12-18T08:25:16.417+0530][info][gc,ref      ] GC(224) Clearing All SoftReferences
[2025-12-18T08:25:16.417+0530][info][gc,task     ] GC(224) Using 2 workers
[2025-12-18T08:25:16.417+0530][info][gc,ref      ] GC(224) Clearing All SoftReferences
[2025-12-18T08:25:16.417+0530][info][gc,phases   ] GC(224) Pause Mark Start 0.046ms
[2025-12-18T08:25:16.557+0530][info][gc,phases   ] GC(224) Concurrent Mark 121.330ms
[2025-12-18T08:25:16.557+0530][info][gc,phases   ] GC(224) Pause Mark End 0.151ms
[2025-12-18T08:25:16.557+0530][info][gc,phases   ] GC(224) Concurrent Mark Free 0.001ms
[2025-12-18T08:25:16.558+0530][info][gc,phases   ] GC(224) Concurrent Process Non-Strong References 1.145ms
[2025-12-18T08:25:16.558+0530][info][gc,phases   ] GC(224) Concurrent Reset Relocation Set 0.002ms
[2025-12-18T08:25:16.561+0530][info][gc          ] Allocation Stall (Worker-4) 73.394ms
[2025-12-18T08:25:16.561+0530][info][gc          ] Allocation Stall (Worker-1) 72.866ms
[2025-12-18T08:25:16.561+0530][info][gc          ] Allocation Stall (Worker-7) 75.255ms
[2025-12-18T08:25:16.561+0530][info][gc          ] Allocation Stall (Worker-3) 69.532ms
[2025-12-18T08:25:16.561+0530][info][gc          ] Allocation Stall (Worker-6) 69.030ms
[2025-12-18T08:25:16.561+0530][info][gc          ] Allocation Stall (Worker-2) 76.076ms
[2025-12-18T08:25:16.561+0530][info][gc          ] Allocation Stall (Worker-5) 76.789ms
[2025-12-18T08:25:16.561+0530][info][gc          ] Allocation Stall (Worker-0) 76.623ms
[2025-12-18T08:25:16.562+0530][info][gc,phases   ] GC(224) Concurrent Select Relocation Set 3.141ms
[2025-12-18T08:25:16.567+0530][info][gc,phases   ] GC(224) Pause Relocate Start 0.012ms
[2025-12-18T08:25:16.589+0530][info][gc,phases   ] GC(224) Concurrent Relocate 1.768ms
[2025-12-18T08:25:16.590+0530][info][gc,load     ] GC(224) Load: 0.00/0.00/0.00
[2025-12-18T08:25:16.590+0530][info][gc,mmu      ] GC(224) MMU: 2ms/80.7%, 5ms/92.3%, 10ms/96.0%, 20ms/98.0%, 50ms/99.2%, 100ms/99.5%
[2025-12-18T08:25:16.590+0530][info][gc,marking  ] GC(224) Mark: 2 stripe(s), 2 proactive flush(es), 1 terminate flush(es), 1 completion(s), 0 continuation(s) 
[2025-12-18T08:25:16.590+0530][info][gc,marking  ] GC(224) Mark Stack Usage: 32M
[2025-12-18T08:25:16.590+0530][info][gc,nmethod  ] GC(224) NMethods: 682 registered, 1 unregistered
[2025-12-18T08:25:16.590+0530][info][gc,metaspace] GC(224) Metaspace: 4M used, 4M committed, 1088M reserved
[2025-12-18T08:25:16.590+0530][info][gc,ref      ] GC(224) Soft: 157 encountered, 89 discovered, 0 enqueued
[2025-12-18T08:25:16.590+0530][info][gc,ref      ] GC(224) Weak: 539 encountered, 413 discovered, 0 enqueued
[2025-12-18T08:25:16.590+0530][info][gc,ref      ] GC(224) Final: 0 encountered, 0 discovered, 0 enqueued
[2025-12-18T08:25:16.590+0530][info][gc,ref      ] GC(224) Phantom: 7 encountered, 5 discovered, 0 enqueued
[2025-12-18T08:25:16.590+0530][info][gc,reloc    ] GC(224) Small Pages: 204 / 408M, Empty: 116M, Relocated: 1M, In-Place: 0
[2025-12-18T08:25:16.590+0530][info][gc,reloc    ] GC(224) Medium Pages: 1 / 16M, Empty: 0M, Relocated: 0M, In-Place: 0
[2025-12-18T08:25:16.590+0530][info][gc,reloc    ] GC(224) Large Pages: 1 / 6M, Empty: 0M, Relocated: 0M, In-Place: 0
[2025-12-18T08:25:16.590+0530][info][gc,reloc    ] GC(224) Forwarding Usage: 0M
[2025-12-18T08:25:16.590+0530][info][gc,heap     ] GC(224) Min Capacity: 512M(100%)
[2025-12-18T08:25:16.590+0530][info][gc,heap     ] GC(224) Max Capacity: 512M(100%)
[2025-12-18T08:25:16.590+0530][info][gc,heap     ] GC(224) Soft Max Capacity: 512M(100%)
[2025-12-18T08:25:16.590+0530][info][gc,heap     ] GC(224)                Mark Start          Mark End        Relocate Start      Relocate End           High               Low         
[2025-12-18T08:25:16.590+0530][info][gc,heap     ] GC(224)  Capacity:      512M (100%)        512M (100%)        512M (100%)        512M (100%)        512M (100%)        512M (100%)   
[2025-12-18T08:25:16.590+0530][info][gc,heap     ] GC(224)      Free:       82M (16%)           0M (0%)          102M (20%)         118M (23%)         118M (23%)           0M (0%)     
[2025-12-18T08:25:16.590+0530][info][gc,heap     ] GC(224)      Used:      430M (84%)         512M (100%)        410M (80%)         394M (77%)         512M (100%)        394M (77%)    
[2025-12-18T08:25:16.590+0530][info][gc,heap     ] GC(224)      Live:         -               248M (48%)         248M (48%)         248M (48%)            -                  -          
[2025-12-18T08:25:16.590+0530][info][gc,heap     ] GC(224) Allocated:         -                82M (16%)          96M (19%)         125M (25%)            -                  -          
[2025-12-18T08:25:16.590+0530][info][gc,heap     ] GC(224)   Garbage:         -               181M (36%)          65M (13%)          20M (4%)             -                  -          
[2025-12-18T08:25:16.590+0530][info][gc,heap     ] GC(224) Reclaimed:         -                  -               116M (23%)         161M (32%)            -                  -          
[2025-12-18T08:25:16.590+0530][info][gc          ] GC(224) Garbage Collection (Allocation Stall) 430M(84%)->394M(77%)
[2025-12-18T08:25:16.617+0530][info][gc,start    ] GC(225) Garbage Collection (Allocation Stall)
[2025-12-18T08:25:16.617+0530][info][gc,ref      ] GC(225) Clearing All SoftReferences
[2025-12-18T08:25:16.617+0530][info][gc,task     ] GC(225) Using 2 workers
[2025-12-18T08:25:16.617+0530][info][gc,ref      ] GC(225) Clearing All SoftReferences
[2025-12-18T08:25:16.617+0530][info][gc,phases   ] GC(225) Pause Mark Start 0.055ms
[2025-12-18T08:25:16.756+0530][info][gc,phases   ] GC(225) Concurrent Mark 137.362ms
[2025-12-18T08:25:16.756+0530][info][gc,phases   ] GC(225) Pause Mark End 0.100ms
[2025-12-18T08:25:16.756+0530][info][gc,phases   ] GC(225) Concurrent Mark Free 0.001ms
[2025-12-18T08:25:16.757+0530][info][gc,phases   ] GC(225) Concurrent Process Non-Strong References 1.280ms
[2025-12-18T08:25:16.757+0530][info][gc,phases   ] GC(225) Concurrent Reset Relocation Set 0.003ms
[2025-12-18T08:25:16.760+0530][info][gc          ] Allocation Stall (Worker-3) 58.136ms
[2025-12-18T08:25:16.760+0530][info][gc          ] Allocation Stall (Worker-7) 57.172ms
[2025-12-18T08:25:16.760+0530][info][gc          ] Allocation Stall (Worker-4) 56.538ms
[2025-12-18T08:25:16.760+0530][info][gc          ] Allocation Stall (Worker-2) 70.920ms
[2025-12-18T08:25:16.760+0530][info][gc          ] Allocation Stall (Worker-5) 61.777ms
[2025-12-18T08:25:16.760+0530][info][gc          ] Allocation Stall (Worker-6) 60.646ms
[2025-12-18T08:25:16.760+0530][info][gc          ] Allocation Stall (Worker-0) 60.200ms
[2025-12-18T08:25:16.760+0530][info][gc          ] Allocation Stall (Worker-1) 60.620ms
[2025-12-18T08:25:16.760+0530][info][gc,phases   ] GC(225) Concurrent Select Relocation Set 3.068ms
[2025-12-18T08:25:16.761+0530][info][gc,phases   ] GC(225) Pause Relocate Start 0.010ms
[2025-12-18T08:25:16.764+0530][info][gc,phases   ] GC(225) Concurrent Relocate 1.532ms
[2025-12-18T08:25:16.764+0530][info][gc,load     ] GC(225) Load: 0.00/0.00/0.00
[2025-12-18T08:25:16.764+0530][info][gc,mmu      ] GC(225) MMU: 2ms/80.7%, 5ms/92.3%, 10ms/96.0%, 20ms/98.0%, 50ms/99.2%, 100ms/99.5%
[2025-12-18T08:25:16.764+0530][info][gc,marking  ] GC(225) Mark: 2 stripe(s), 2 proactive flush(es), 1 terminate flush(es), 1 completion(s), 0 continuation(s) 
[2025-12-18T08:25:16.764+0530][info][gc,marking  ] GC(225) Mark Stack Usage: 32M
[2025-12-18T08:25:16.764+0530][info][gc,nmethod  ] GC(225) NMethods: 682 registered, 1 unregistered
[2025-12-18T08:25:16.764+0530][info][gc,metaspace] GC(225) Metaspace: 4M used, 4M committed, 1088M reserved
[2025-12-18T08:25:16.764+0530][info][gc,ref      ] GC(225) Soft: 157 encountered, 77 discovered, 0 enqueued
[2025-12-18T08:25:16.764+0530][info][gc,ref      ] GC(225) Weak: 539 encountered, 4 discovered, 0 enqueued
[2025-12-18T08:25:16.764+0530][info][gc,ref      ] GC(225) Final: 0 encountered, 0 discovered, 0 enqueued
[2025-12-18T08:25:16.764+0530][info][gc,ref      ] GC(225) Phantom: 7 encountered, 3 discovered, 0 enqueued
[2025-12-18T08:25:16.764+0530][info][gc,reloc    ] GC(225) Small Pages: 203 / 406M, Empty: 96M, Relocated: 1M, In-Place: 0
[2025-12-18T08:25:16.764+0530][info][gc,reloc    ] GC(225) Medium Pages: 1 / 16M, Empty: 0M, Relocated: 0M, In-Place: 0
[2025-12-18T08:25:16.764+0530][info][gc,reloc    ] GC(225) Large Pages: 1 / 6M, Empty: 0M, Relocated: 0M, In-Place: 0
[2025-12-18T08:25:16.764+0530][info][gc,reloc    ] GC(225) Forwarding Usage: 0M
[2025-12-18T08:25:16.764+0530][info][gc,heap     ] GC(225) Min Capacity: 512M(100%)
[2025-12-18T08:25:16.765+0530][info][gc,heap     ] GC(225) Max Capacity: 512M(100%)
[2025-12-18T08:25:16.765+0530][info][gc,heap     ] GC(225) Soft Max Capacity: 512M(100%)
[2025-12-18T08:25:16.765+0530][info][gc,heap     ] GC(225)                Mark Start          Mark End        Relocate Start      Relocate End           High               Low         
[2025-12-18T08:25:16.765+0530][info][gc,heap     ] GC(225)  Capacity:      512M (100%)        512M (100%)        512M (100%)        512M (100%)        512M (100%)        512M (100%)   
[2025-12-18T08:25:16.765+0530][info][gc,heap     ] GC(225)      Free:       84M (16%)           0M (0%)           80M (16%)         144M (28%)         144M (28%)           0M (0%)     
[2025-12-18T08:25:16.765+0530][info][gc,heap     ] GC(225)      Used:      428M (84%)         512M (100%)        432M (84%)         368M (72%)         512M (100%)        368M (72%)    
[2025-12-18T08:25:16.765+0530][info][gc,heap     ] GC(225)      Live:         -               248M (48%)         248M (48%)         248M (48%)            -                  -          
[2025-12-18T08:25:16.765+0530][info][gc,heap     ] GC(225) Allocated:         -                84M (16%)         100M (20%)          99M (20%)            -                  -          
[2025-12-18T08:25:16.765+0530][info][gc,heap     ] GC(225)   Garbage:         -               179M (35%)          83M (16%)          19M (4%)             -                  -          
[2025-12-18T08:25:16.765+0530][info][gc,heap     ] GC(225) Reclaimed:         -                  -                96M (19%)         159M (31%)            -                  -          
[2025-12-18T08:25:16.765+0530][info][gc          ] GC(225) Garbage Collection (Allocation Stall) 428M(84%)->368M(72%)
[2025-12-18T08:25:16.817+0530][info][gc,start    ] GC(226) Garbage Collection (Allocation Stall)
[2025-12-18T08:25:16.817+0530][info][gc,ref      ] GC(226) Clearing All SoftReferences
[2025-12-18T08:25:16.817+0530][info][gc,task     ] GC(226) Using 2 workers
[2025-12-18T08:25:16.817+0530][info][gc,ref      ] GC(226) Clearing All SoftReferences
[2025-12-18T08:25:16.817+0530][info][gc,phases   ] GC(226) Pause Mark Start 0.057ms
[2025-12-18T08:25:16.952+0530][info][gc,phases   ] GC(226) Concurrent Mark 126.678ms
[2025-12-18T08:25:16.952+0530][info][gc,phases   ] GC(226) Pause Mark End 0.095ms
[2025-12-18T08:25:16.952+0530][info][gc,phases   ] GC(226) Concurrent Mark Free 0.001ms
[2025-12-18T08:25:16.953+0530][info][gc,phases   ] GC(226) Concurrent Process Non-Strong References 1.096ms
[2025-12-18T08:25:16.953+0530][info][gc,phases   ] GC(226) Concurrent Reset Relocation Set 0.004ms
[2025-12-18T08:25:16.953+0530][info][gc          ] Allocation Stall (Worker-2) 63.771ms
[2025-12-18T08:25:16.953+0530][info][gc          ] Allocation Stall (Worker-1) 66.966ms
[2025-12-18T08:25:16.953+0530][info][gc          ] Allocation Stall (Worker-0) 65.923ms
[2025-12-18T08:25:16.953+0530][info][gc          ] Allocation Stall (Worker-7) 64.166ms
[2025-12-18T08:25:16.953+0530][info][gc          ] Allocation Stall (Worker-5) 71.572ms
[2025-12-18T08:25:16.953+0530][info][gc          ] Allocation Stall (Worker-4) 69.397ms
[2025-12-18T08:25:16.953+0530][info][gc          ] Allocation Stall (Worker-3) 68.067ms
[2025-12-18T08:25:16.953+0530][info][gc          ] Allocation Stall (Worker-6) 67.382ms
[2025-12-18T08:25:16.957+0530][info][gc,phases   ] GC(226) Concurrent Select Relocation Set 3.635ms
[2025-12-18T08:25:16.957+0530][info][gc,phases   ] GC(226) Pause Relocate Start 0.013ms
[2025-12-18T08:25:16.963+0530][info][gc,phases   ] GC(226) Concurrent Relocate 1.718ms
[2025-12-18T08:25:16.963+0530][info][gc,load     ] GC(226) Load: 0.00/0.00/0.00
[2025-12-18T08:25:16.963+0530][info][gc,mmu      ] GC(226) MMU: 2ms/80.7%, 5ms/92.3%, 10ms/96.0%, 20ms/98.0%, 50ms/99.2%, 100ms/99.5%
[2025-12-18T08:25:16.963+0530][info][gc,marking  ] GC(226) Mark: 2 stripe(s), 2 proactive flush(es), 1 terminate flush(es), 1 completion(s), 0 continuation(s) 
[2025-12-18T08:25:16.963+0530][info][gc,marking  ] GC(226) Mark Stack Usage: 32M
[2025-12-18T08:25:16.964+0530][info][gc,nmethod  ] GC(226) NMethods: 682 registered, 1 unregistered
[2025-12-18T08:25:16.964+0530][info][gc,metaspace] GC(226) Metaspace: 4M used, 4M committed, 1088M reserved
[2025-12-18T08:25:16.964+0530][info][gc,ref      ] GC(226) Soft: 157 encountered, 77 discovered, 0 enqueued
[2025-12-18T08:25:16.964+0530][info][gc,ref      ] GC(226) Weak: 539 encountered, 3 discovered, 0 enqueued
[2025-12-18T08:25:16.964+0530][info][gc,ref      ] GC(226) Final: 0 encountered, 0 discovered, 0 enqueued
[2025-12-18T08:25:16.964+0530][info][gc,ref      ] GC(226) Phantom: 7 encountered, 6 discovered, 0 enqueued
[2025-12-18T08:25:16.964+0530][info][gc,reloc    ] GC(226) Small Pages: 209 / 418M, Empty: 142M, Relocated: 1M, In-Place: 0
[2025-12-18T08:25:16.964+0530][info][gc,reloc    ] GC(226) Medium Pages: 1 / 16M, Empty: 0M, Relocated: 0M, In-Place: 0
[2025-12-18T08:25:16.964+0530][info][gc,reloc    ] GC(226) Large Pages: 1 / 6M, Empty: 0M, Relocated: 0M, In-Place: 0
[2025-12-18T08:25:16.964+0530][info][gc,reloc    ] GC(226) Forwarding Usage: 0M
[2025-12-18T08:25:16.964+0530][info][gc,heap     ] GC(226) Min Capacity: 512M(100%)
[2025-12-18T08:25:16.964+0530][info][gc,heap     ] GC(226) Max Capacity: 512M(100%)
[2025-12-18T08:25:16.964+0530][info][gc,heap     ] GC(226) Soft Max Capacity: 512M(100%)
[2025-12-18T08:25:16.964+0530][info][gc,heap     ] GC(226)                Mark Start          Mark End        Relocate Start      Relocate End           High               Low         
[2025-12-18T08:25:16.964+0530][info][gc,heap     ] GC(226)  Capacity:      512M (100%)        512M (100%)        512M (100%)        512M (100%)        512M (100%)        512M (100%)   
[2025-12-18T08:25:16.964+0530][info][gc,heap     ] GC(226)      Free:       72M (14%)           0M (0%)          130M (25%)         158M (31%)         158M (31%)           0M (0%)     
[2025-12-18T08:25:16.964+0530][info][gc,heap     ] GC(226)      Used:      440M (86%)         512M (100%)        382M (75%)         354M (69%)         512M (100%)        354M (69%)    
[2025-12-18T08:25:16.964+0530][info][gc,heap     ] GC(226)      Live:         -               248M (48%)         248M (48%)         248M (48%)            -                  -          
[2025-12-18T08:25:16.964+0530][info][gc,heap     ] GC(226) Allocated:         -                72M (14%)          84M (16%)          85M (17%)            -                  -          
[2025-12-18T08:25:16.964+0530][info][gc,heap     ] GC(226)   Garbage:         -               191M (37%)          49M (10%)          19M (4%)             -                  -          
[2025-12-18T08:25:16.964+0530][info][gc,heap     ] GC(226) Reclaimed:         -                  -               142M (28%)         171M (34%)            -                  -          
[2025-12-18T08:25:16.964+0530][info][gc          ] GC(226) Garbage Collection (Allocation Stall) 440M(86%)->354M(69%)
[2025-12-18T08:25:17.017+0530][info][gc,start    ] GC(227) Garbage Collection (Allocation Stall)
[2025-12-18T08:25:17.017+0530][info][gc,ref      ] GC(227) Clearing All SoftReferences
[2025-12-18T08:25:17.017+0530][info][gc,task     ] GC(227) Using 2 workers
[2025-12-18T08:25:17.017+0530][info][gc,ref      ] GC(227) Clearing All SoftReferences
[2025-12-18T08:25:17.017+0530][info][gc,phases   ] GC(227) Pause Mark Start 0.046ms
[2025-12-18T08:25:17.152+0530][info][gc,phases   ] GC(227) Concurrent Mark 132.419ms
[2025-12-18T08:25:17.152+0530][info][gc,phases   ] GC(227) Pause Mark End 0.088ms
[2025-12-18T08:25:17.152+0530][info][gc,phases   ] GC(227) Concurrent Mark Free 0.001ms
[2025-12-18T08:25:17.153+0530][info][gc,phases   ] GC(227) Concurrent Process Non-Strong References 1.128ms
[2025-12-18T08:25:17.153+0530][info][gc,phases   ] GC(227) Concurrent Reset Relocation Set 0.002ms
[2025-12-18T08:25:17.153+0530][info][gc          ] Allocation Stall (Worker-4) 44.665ms
[2025-12-18T08:25:17.153+0530][info][gc          ] Allocation Stall (Worker-0) 43.277ms
[2025-12-18T08:25:17.153+0530][info][gc          ] Allocation Stall (Worker-6) 45.402ms
[2025-12-18T08:25:17.153+0530][info][gc          ] Allocation Stall (Worker-7) 45.549ms
[2025-12-18T08:25:17.153+0530][info][gc          ] Allocation Stall (Worker-5) 45.962ms
[2025-12-18T08:25:17.153+0530][info][gc          ] Allocation Stall (Worker-1) 45.070ms
[2025-12-18T08:25:17.153+0530][info][gc          ] Allocation Stall (Worker-2) 47.264ms
[2025-12-18T08:25:17.153+0530][info][gc          ] Allocation Stall (Worker-3) 49.627ms
[2025-12-18T08:25:17.157+0530][info][gc,phases   ] GC(227) Concurrent Select Relocation Set 3.617ms
[2025-12-18T08:25:17.157+0530][info][gc,phases   ] GC(227) Pause Relocate Start 0.011ms
[2025-12-18T08:25:17.162+0530][info][gc,phases   ] GC(227) Concurrent Relocate 1.650ms
[2025-12-18T08:25:17.162+0530][info][gc,load     ] GC(227) Load: 0.00/0.00/0.00
[2025-12-18T08:25:17.162+0530][info][gc,mmu      ] GC(227) MMU: 2ms/80.7%, 5ms/92.3%, 10ms/96.0%, 20ms/98.0%, 50ms/99.2%, 100ms/99.5%
[2025-12-18T08:25:17.162+0530][info][gc,marking  ] GC(227) Mark: 2 stripe(s), 2 proactive flush(es), 1 terminate flush(es), 1 completion(s), 0 continuation(s) 
[2025-12-18T08:25:17.162+0530][info][gc,marking  ] GC(227) Mark Stack Usage: 32M
[2025-12-18T08:25:17.162+0530][info][gc,nmethod  ] GC(227) NMethods: 682 registered, 1 unregistered
[2025-12-18T08:25:17.162+0530][info][gc,metaspace] GC(227) Metaspace: 4M used, 4M committed, 1088M reserved
[2025-12-18T08:25:17.163+0530][info][gc,ref      ] GC(227) Soft: 157 encountered, 80 discovered, 0 enqueued
[2025-12-18T08:25:17.163+0530][info][gc,ref      ] GC(227) Weak: 539 encountered, 445 discovered, 0 enqueued
[2025-12-18T08:25:17.163+0530][info][gc,ref      ] GC(227) Final: 0 encountered, 0 discovered, 0 enqueued
[2025-12-18T08:25:17.163+0530][info][gc,ref      ] GC(227) Phantom: 7 encountered, 5 discovered, 0 enqueued
[2025-12-18T08:25:17.163+0530][info][gc,reloc    ] GC(227) Small Pages: 204 / 408M, Empty: 128M, Relocated: 1M, In-Place: 0
[2025-12-18T08:25:17.163+0530][info][gc,reloc    ] GC(227) Medium Pages: 1 / 16M, Empty: 0M, Relocated: 0M, In-Place: 0
[2025-12-18T08:25:17.163+0530][info][gc,reloc    ] GC(227) Large Pages: 1 / 6M, Empty: 0M, Relocated: 0M, In-Place: 0
[2025-12-18T08:25:17.163+0530][info][gc,reloc    ] GC(227) Forwarding Usage: 0M
[2025-12-18T08:25:17.163+0530][info][gc,heap     ] GC(227) Min Capacity: 512M(100%)
[2025-12-18T08:25:17.163+0530][info][gc,heap     ] GC(227) Max Capacity: 512M(100%)
[2025-12-18T08:25:17.163+0530][info][gc,heap     ] GC(227) Soft Max Capacity: 512M(100%)
[2025-12-18T08:25:17.163+0530][info][gc,heap     ] GC(227)                Mark Start          Mark End        Relocate Start      Relocate End           High               Low         
[2025-12-18T08:25:17.163+0530][info][gc,heap     ] GC(227)  Capacity:      512M (100%)        512M (100%)        512M (100%)        512M (100%)        512M (100%)        512M (100%)   
[2025-12-18T08:25:17.163+0530][info][gc,heap     ] GC(227)      Free:       82M (16%)           0M (0%)          114M (22%)         148M (29%)         148M (29%)           0M (0%)     
[2025-12-18T08:25:17.163+0530][info][gc,heap     ] GC(227)      Used:      430M (84%)         512M (100%)        398M (78%)         364M (71%)         512M (100%)        364M (71%)    
[2025-12-18T08:25:17.163+0530][info][gc,heap     ] GC(227)      Live:         -               248M (48%)         248M (48%)         248M (48%)            -                  -          
[2025-12-18T08:25:17.163+0530][info][gc,heap     ] GC(227) Allocated:         -                82M (16%)          96M (19%)          95M (19%)            -                  -          
[2025-12-18T08:25:17.163+0530][info][gc,heap     ] GC(227)   Garbage:         -               181M (36%)          53M (11%)          19M (4%)             -                  -          
[2025-12-18T08:25:17.163+0530][info][gc,heap     ] GC(227) Reclaimed:         -                  -               128M (25%)         161M (32%)            -                  -          
[2025-12-18T08:25:17.163+0530][info][gc          ] GC(227) Garbage Collection (Allocation Stall) 430M(84%)->364M(71%)
[2025-12-18T08:25:17.217+0530][info][gc,start    ] GC(228) Garbage Collection (Allocation Stall)
[2025-12-18T08:25:17.217+0530][info][gc,ref      ] GC(228) Clearing All SoftReferences
[2025-12-18T08:25:17.217+0530][info][gc,task     ] GC(228) Using 2 workers
[2025-12-18T08:25:17.217+0530][info][gc,ref      ] GC(228) Clearing All SoftReferences
[2025-12-18T08:25:17.217+0530][info][gc,phases   ] GC(228) Pause Mark Start 0.040ms
[2025-12-18T08:25:17.348+0530][info][gc,phases   ] GC(228) Concurrent Mark 127.671ms
[2025-12-18T08:25:17.348+0530][info][gc,phases   ] GC(228) Pause Mark End 0.100ms
[2025-12-18T08:25:17.348+0530][info][gc,phases   ] GC(228) Concurrent Mark Free 0.001ms
[2025-12-18T08:25:17.349+0530][info][gc,phases   ] GC(228) Concurrent Process Non-Strong References 1.082ms
[2025-12-18T08:25:17.349+0530][info][gc,phases   ] GC(228) Concurrent Reset Relocation Set 0.002ms
[2025-12-18T08:25:17.349+0530][info][gc          ] Allocation Stall (Worker-5) 64.705ms
[2025-12-18T08:25:17.349+0530][info][gc          ] Allocation Stall (Worker-1) 62.936ms
[2025-12-18T08:25:17.349+0530][info][gc          ] Allocation Stall (Worker-2) 62.871ms
[2025-12-18T08:25:17.349+0530][info][gc          ] Allocation Stall (Worker-6) 72.181ms
[2025-12-18T08:25:17.349+0530][info][gc          ] Allocation Stall (Worker-4) 71.218ms
[2025-12-18T08:25:17.349+0530][info][gc          ] Allocation Stall (Worker-0) 70.789ms
[2025-12-18T08:25:17.349+0530][info][gc          ] Allocation Stall (Worker-7) 70.304ms
[2025-12-18T08:25:17.349+0530][info][gc          ] Allocation Stall (Worker-3) 69.433ms
[2025-12-18T08:25:17.353+0530][info][gc,phases   ] GC(228) Concurrent Select Relocation Set 3.620ms
[2025-12-18T08:25:17.353+0530][info][gc,phases   ] GC(228) Pause Relocate Start 0.011ms
[2025-12-18T08:25:17.367+0530][info][gc,phases   ] GC(228) Concurrent Relocate 1.774ms
[2025-12-18T08:25:17.368+0530][info][gc,load     ] GC(228) Load: 0.00/0.00/0.00
[2025-12-18T08:25:17.368+0530][info][gc,mmu      ] GC(228) MMU: 2ms/80.7%, 5ms/92.3%, 10ms/96.0%, 20ms/98.0%, 50ms/99.2%, 100ms/99.5%
[2025-12-18T08:25:17.368+0530][info][gc,marking  ] GC(228) Mark: 2 stripe(s), 2 proactive flush(es), 1 terminate flush(es), 1 completion(s), 0 continuation(s) 
[2025-12-18T08:25:17.368+0530][info][gc,marking  ] GC(228) Mark Stack Usage: 32M
[2025-12-18T08:25:17.368+0530][info][gc,nmethod  ] GC(228) NMethods: 682 registered, 1 unregistered
[2025-12-18T08:25:17.368+0530][info][gc,metaspace] GC(228) Metaspace: 4M used, 4M committed, 1088M reserved
[2025-12-18T08:25:17.368+0530][info][gc,ref      ] GC(228) Soft: 157 encountered, 82 discovered, 0 enqueued
[2025-12-18T08:25:17.368+0530][info][gc,ref      ] GC(228) Weak: 539 encountered, 416 discovered, 0 enqueued
[2025-12-18T08:25:17.368+0530][info][gc,ref      ] GC(228) Final: 0 encountered, 0 discovered, 0 enqueued
[2025-12-18T08:25:17.368+0530][info][gc,ref      ] GC(228) Phantom: 7 encountered, 3 discovered, 0 enqueued
[2025-12-18T08:25:17.368+0530][info][gc,reloc    ] GC(228) Small Pages: 211 / 422M, Empty: 144M, Relocated: 1M, In-Place: 0
[2025-12-18T08:25:17.368+0530][info][gc,reloc    ] GC(228) Medium Pages: 1 / 16M, Empty: 0M, Relocated: 0M, In-Place: 0
[2025-12-18T08:25:17.368+0530][info][gc,reloc    ] GC(228) Large Pages: 1 / 6M, Empty: 0M, Relocated: 0M, In-Place: 0
[2025-12-18T08:25:17.368+0530][info][gc,reloc    ] GC(228) Forwarding Usage: 0M
[2025-12-18T08:25:17.368+0530][info][gc,heap     ] GC(228) Min Capacity: 512M(100%)
[2025-12-18T08:25:17.368+0530][info][gc,heap     ] GC(228) Max Capacity: 512M(100%)
[2025-12-18T08:25:17.368+0530][info][gc,heap     ] GC(228) Soft Max Capacity: 512M(100%)
[2025-12-18T08:25:17.368+0530][info][gc,heap     ] GC(228)                Mark Start          Mark End        Relocate Start      Relocate End           High               Low         
[2025-12-18T08:25:17.368+0530][info][gc,heap     ] GC(228)  Capacity:      512M (100%)        512M (100%)        512M (100%)        512M (100%)        512M (100%)        512M (100%)   
[2025-12-18T08:25:17.368+0530][info][gc,heap     ] GC(228)      Free:       68M (13%)           0M (0%)          130M (25%)         146M (29%)         146M (29%)           0M (0%)     
[2025-12-18T08:25:17.368+0530][info][gc,heap     ] GC(228)      Used:      444M (87%)         512M (100%)        382M (75%)         366M (71%)         512M (100%)        366M (71%)    
[2025-12-18T08:25:17.368+0530][info][gc,heap     ] GC(228)      Live:         -               248M (48%)         248M (48%)         248M (48%)            -                  -          
[2025-12-18T08:25:17.368+0530][info][gc,heap     ] GC(228) Allocated:         -                68M (13%)          82M (16%)          97M (19%)            -                  -          
[2025-12-18T08:25:17.368+0530][info][gc,heap     ] GC(228)   Garbage:         -               195M (38%)          51M (10%)          20M (4%)             -                  -          
[2025-12-18T08:25:17.368+0530][info][gc,heap     ] GC(228) Reclaimed:         -                  -               144M (28%)         175M (34%)            -                  -          
[2025-12-18T08:25:17.368+0530][info][gc          ] GC(228) Garbage Collection (Allocation Stall) 444M(87%)->366M(71%)
[2025-12-18T08:25:17.417+0530][info][gc,start    ] GC(229) Garbage Collection (Allocation Stall)
[2025-12-18T08:25:17.417+0530][info][gc,ref      ] GC(229) Clearing All SoftReferences
[2025-12-18T08:25:17.417+0530][info][gc,task     ] GC(229) Using 2 workers
[2025-12-18T08:25:17.417+0530][info][gc,ref      ] GC(229) Clearing All SoftReferences
[2025-12-18T08:25:17.417+0530][info][gc,phases   ] GC(229) Pause Mark Start 0.055ms
[2025-12-18T08:25:17.517+0530][info][gc,stats    ] === Garbage Collection Statistics =======================================================================================================================
[2025-12-18T08:25:17.517+0530][info][gc,stats    ]                                                              Last 10s              Last 10m              Last 10h                Total
[2025-12-18T08:25:17.517+0530][info][gc,stats    ]                                                              Avg / Max             Avg / Max             Avg / Max             Avg / Max
[2025-12-18T08:25:17.517+0530][info][gc,stats    ]   Collector: Garbage Collection Cycle                    162.458 / 349.332     152.329 / 349.332     152.329 / 349.332     152.329 / 349.332     ms
[2025-12-18T08:25:17.517+0530][info][gc,stats    ]  Contention: Mark Segment Reset Contention                     0 / 2                 0 / 3                 0 / 3                 0 / 3           ops/s
[2025-12-18T08:25:17.517+0530][info][gc,stats    ]  Contention: Mark SeqNum Reset Contention                      0 / 2                 0 / 2                 0 / 2                 0 / 2           ops/s
[2025-12-18T08:25:17.517+0530][info][gc,stats    ]    Critical: Allocation Stall                                 38 / 41               34 / 42               34 / 42               34 / 42          ops/s
[2025-12-18T08:25:17.517+0530][info][gc,stats    ]    Critical: Allocation Stall                             66.404 / 138.214      62.351 / 138.214      62.351 / 138.214      62.351 / 138.214     ms
[2025-12-18T08:25:17.517+0530][info][gc,stats    ]    Critical: GC Locker Stall                                   0 / 0                 0 / 0                 0 / 0                 0 / 0           ops/s
[2025-12-18T08:25:17.517+0530][info][gc,stats    ]    Critical: GC Locker Stall                               0.000 / 0.000         0.000 / 0.000         0.000 / 0.000         0.000 / 0.000       ms
[2025-12-18T08:25:17.517+0530][info][gc,stats    ]    Critical: Relocation Stall                                  0 / 0                 0 / 0                 0 / 0                 0 / 0           ops/s
[2025-12-18T08:25:17.517+0530][info][gc,stats    ]    Critical: Relocation Stall                              0.000 / 0.000         0.000 / 0.000         0.000 / 0.000         0.000 / 0.000       ms
[2025-12-18T08:25:17.517+0530][info][gc,stats    ]      Memory: Allocation Rate                                 832 / 886             743 / 890             743 / 890             743 / 890         MB/s
[2025-12-18T08:25:17.517+0530][info][gc,stats    ]      Memory: Defragment                                        0 / 0                 0 / 0                 0 / 0                 0 / 0           ops/s
[2025-12-18T08:25:17.517+0530][info][gc,stats    ]      Memory: Out Of Memory                                     0 / 0                 0 / 0                 0 / 0                 0 / 0           ops/s
[2025-12-18T08:25:17.517+0530][info][gc,stats    ]      Memory: Page Cache Flush                                  0 / 0                 0 / 0                 0 / 0                 0 / 0           MB/s
[2025-12-18T08:25:17.517+0530][info][gc,stats    ]      Memory: Page Cache Hit L1                               425 / 453             375 / 455             375 / 455             375 / 455         ops/s
[2025-12-18T08:25:17.517+0530][info][gc,stats    ]      Memory: Page Cache Hit L2                                 0 / 0                 0 / 0                 0 / 0                 0 / 0           ops/s
[2025-12-18T08:25:17.517+0530][info][gc,stats    ]      Memory: Page Cache Hit L3                                 0 / 0                 4 / 113               4 / 113               4 / 113         ops/s
[2025-12-18T08:25:17.517+0530][info][gc,stats    ]      Memory: Page Cache Miss                                   0 / 0                 0 / 1                 0 / 1                 0 / 1           ops/s
[2025-12-18T08:25:17.517+0530][info][gc,stats    ]      Memory: Uncommit                                          0 / 0                 0 / 0                 0 / 0                 0 / 0           MB/s
[2025-12-18T08:25:17.517+0530][info][gc,stats    ]      Memory: Undo Object Allocation Failed                     0 / 0                 0 / 2                 0 / 2                 0 / 2           ops/s
[2025-12-18T08:25:17.517+0530][info][gc,stats    ]      Memory: Undo Object Allocation Succeeded                 14 / 25               13 / 25               13 / 25               13 / 25          ops/s
[2025-12-18T08:25:17.517+0530][info][gc,stats    ]      Memory: Undo Page Allocation                             10 / 17                8 / 17                8 / 17                8 / 17          ops/s
[2025-12-18T08:25:17.517+0530][info][gc,stats    ]       Phase: Concurrent Mark                             131.481 / 179.647     131.046 / 179.647     131.046 / 179.647     131.046 / 179.647     ms
[2025-12-18T08:25:17.517+0530][info][gc,stats    ]       Phase: Concurrent Mark Continue                      0.000 / 0.000         0.000 / 0.000         0.000 / 0.000         0.000 / 0.000       ms
[2025-12-18T08:25:17.517+0530][info][gc,stats    ]       Phase: Concurrent Mark Free                          0.001 / 0.003         0.001 / 0.004         0.001 / 0.004         0.001 / 0.004       ms
[2025-12-18T08:25:17.517+0530][info][gc,stats    ]       Phase: Concurrent Process Non-Strong References      1.335 / 5.982         1.168 / 5.982         1.168 / 5.982         1.168 / 5.982       ms
[2025-12-18T08:25:17.517+0530][info][gc,stats    ]       Phase: Concurrent Relocate                           1.708 / 2.120         1.621 / 3.777         1.621 / 3.777         1.621 / 3.777       ms
[2025-12-18T08:25:17.517+0530][info][gc,stats    ]       Phase: Concurrent Reset Relocation Set               0.003 / 0.007         0.003 / 0.007         0.003 / 0.007         0.003 / 0.007       ms
[2025-12-18T08:25:17.517+0530][info][gc,stats    ]       Phase: Concurrent Select Relocation Set              3.512 / 5.272         3.437 / 6.683         3.437 / 6.683         3.437 / 6.683       ms
[2025-12-18T08:25:17.517+0530][info][gc,stats    ]       Phase: Pause Mark End                                0.088 / 0.386         0.077 / 0.386         0.077 / 0.386         0.077 / 0.386       ms
[2025-12-18T08:25:17.517+0530][info][gc,stats    ]       Phase: Pause Mark Start                              0.059 / 0.187         0.058 / 0.187         0.058 / 0.187         0.058 / 0.187       ms
[2025-12-18T08:25:17.517+0530][info][gc,stats    ]       Phase: Pause Relocate Start                          0.012 / 0.025         0.011 / 0.038         0.011 / 0.038         0.011 / 0.038       ms
[2025-12-18T08:25:17.517+0530][info][gc,stats    ]    Subphase: Concurrent Classes Purge                      0.017 / 0.026         0.026 / 1.727         0.026 / 1.727         0.026 / 1.727       ms
[2025-12-18T08:25:17.517+0530][info][gc,stats    ]    Subphase: Concurrent Classes Unlink                     0.653 / 0.817         0.615 / 2.467         0.615 / 2.467         0.615 / 2.467       ms
[2025-12-18T08:25:17.517+0530][info][gc,stats    ]    Subphase: Concurrent Mark                             130.312 / 178.980     129.002 / 178.980     129.002 / 178.980     129.002 / 178.980     ms
[2025-12-18T08:25:17.517+0530][info][gc,stats    ]    Subphase: Concurrent Mark Try Flush                     0.183 / 3.855         0.143 / 10.177        0.143 / 10.177        0.143 / 10.177      ms
[2025-12-18T08:25:17.517+0530][info][gc,stats    ]    Subphase: Concurrent Mark Try Terminate                 0.628 / 2.014         1.153 / 16.985        1.153 / 16.985        1.153 / 16.985      ms
[2025-12-18T08:25:17.517+0530][info][gc,stats    ]    Subphase: Concurrent References Enqueue                 0.001 / 0.001         0.001 / 0.015         0.001 / 0.015         0.001 / 0.015       ms
[2025-12-18T08:25:17.517+0530][info][gc,stats    ]    Subphase: Concurrent References Process                 0.117 / 0.281         0.112 / 0.281         0.112 / 0.281         0.112 / 0.281       ms
[2025-12-18T08:25:17.517+0530][info][gc,stats    ]    Subphase: Concurrent Roots ClassLoaderDataGraph         0.108 / 0.263         0.107 / 0.456         0.107 / 0.456         0.107 / 0.456       ms
[2025-12-18T08:25:17.517+0530][info][gc,stats    ]    Subphase: Concurrent Roots CodeCache                    0.000 / 0.000         0.000 / 0.000         0.000 / 0.000         0.000 / 0.000       ms
[2025-12-18T08:25:17.517+0530][info][gc,stats    ]    Subphase: Concurrent Roots JavaThreads                  0.309 / 0.606         0.318 / 1.858         0.318 / 1.858         0.318 / 1.858       ms
[2025-12-18T08:25:17.517+0530][info][gc,stats    ]    Subphase: Concurrent Roots OopStorageSet                0.026 / 0.050         0.028 / 0.081         0.028 / 0.081         0.028 / 0.081       ms
[2025-12-18T08:25:17.518+0530][info][gc,stats    ]    Subphase: Concurrent Weak Roots OopStorageSet           0.189 / 0.310         0.188 / 0.485         0.188 / 0.485         0.188 / 0.485       ms
[2025-12-18T08:25:17.518+0530][info][gc,stats    ]    Subphase: Pause Mark Try Complete                       0.002 / 0.025         0.002 / 0.025         0.002 / 0.025         0.002 / 0.025       ms
[2025-12-18T08:25:17.518+0530][info][gc,stats    ]      System: Java Threads                                     22 / 22               21 / 22               21 / 22               21 / 22          threads
[2025-12-18T08:25:17.518+0530][info][gc,stats    ] =========================================================================================================================================================
[2025-12-18T08:25:17.554+0530][info][gc,phases   ] GC(229) Concurrent Mark 136.463ms
[2025-12-18T08:25:17.554+0530][info][gc,phases   ] GC(229) Pause Mark End 0.110ms
[2025-12-18T08:25:17.554+0530][info][gc,phases   ] GC(229) Concurrent Mark Free 0.001ms
[2025-12-18T08:25:17.555+0530][info][gc,phases   ] GC(229) Concurrent Process Non-Strong References 1.046ms
[2025-12-18T08:25:17.555+0530][info][gc,phases   ] GC(229) Concurrent Reset Relocation Set 0.003ms
[2025-12-18T08:25:17.555+0530][info][gc          ] Allocation Stall (Worker-2) 66.144ms
[2025-12-18T08:25:17.555+0530][info][gc          ] Allocation Stall (main) 65.353ms
[2025-12-18T08:25:17.555+0530][info][gc          ] Allocation Stall (Worker-5) 73.430ms
[2025-12-18T08:25:17.555+0530][info][gc          ] Allocation Stall (Worker-3) 73.361ms
[2025-12-18T08:25:17.555+0530][info][gc          ] Allocation Stall (Worker-7) 71.415ms
[2025-12-18T08:25:17.555+0530][info][gc          ] Allocation Stall (Worker-0) 71.420ms
[2025-12-18T08:25:17.555+0530][info][gc          ] Allocation Stall (Worker-1) 66.637ms
[2025-12-18T08:25:17.556+0530][info][gc          ] Allocation Stall (Worker-6) 71.153ms
[2025-12-18T08:25:17.556+0530][info][gc          ] Allocation Stall (Worker-4) 71.303ms
[2025-12-18T08:25:17.560+0530][info][gc,phases   ] GC(229) Concurrent Select Relocation Set 4.308ms
[2025-12-18T08:25:17.560+0530][info][gc,phases   ] GC(229) Pause Relocate Start 0.010ms
[2025-12-18T08:25:17.566+0530][info][gc,phases   ] GC(229) Concurrent Relocate 1.684ms
[2025-12-18T08:25:17.566+0530][info][gc,load     ] GC(229) Load: 0.00/0.00/0.00
[2025-12-18T08:25:17.566+0530][info][gc,mmu      ] GC(229) MMU: 2ms/80.7%, 5ms/92.3%, 10ms/96.0%, 20ms/98.0%, 50ms/99.2%, 100ms/99.5%
[2025-12-18T08:25:17.566+0530][info][gc,marking  ] GC(229) Mark: 2 stripe(s), 2 proactive flush(es), 1 terminate flush(es), 1 completion(s), 0 continuation(s) 
[2025-12-18T08:25:17.566+0530][info][gc,marking  ] GC(229) Mark Stack Usage: 32M
[2025-12-18T08:25:17.566+0530][info][gc,nmethod  ] GC(229) NMethods: 682 registered, 1 unregistered
[2025-12-18T08:25:17.566+0530][info][gc,metaspace] GC(229) Metaspace: 4M used, 4M committed, 1088M reserved
[2025-12-18T08:25:17.566+0530][info][gc,ref      ] GC(229) Soft: 157 encountered, 77 discovered, 0 enqueued
[2025-12-18T08:25:17.566+0530][info][gc,ref      ] GC(229) Weak: 539 encountered, 3 discovered, 0 enqueued
[2025-12-18T08:25:17.566+0530][info][gc,ref      ] GC(229) Final: 0 encountered, 0 discovered, 0 enqueued
[2025-12-18T08:25:17.566+0530][info][gc,ref      ] GC(229) Phantom: 7 encountered, 6 discovered, 0 enqueued
[2025-12-18T08:25:17.566+0530][info][gc,reloc    ] GC(229) Small Pages: 211 / 422M, Empty: 128M, Relocated: 1M, In-Place: 0
[2025-12-18T08:25:17.566+0530][info][gc,reloc    ] GC(229) Medium Pages: 1 / 16M, Empty: 0M, Relocated: 0M, In-Place: 0
[2025-12-18T08:25:17.566+0530][info][gc,reloc    ] GC(229) Large Pages: 1 / 6M, Empty: 0M, Relocated: 0M, In-Place: 0
[2025-12-18T08:25:17.566+0530][info][gc,reloc    ] GC(229) Forwarding Usage: 0M
[2025-12-18T08:25:17.566+0530][info][gc,heap     ] GC(229) Min Capacity: 512M(100%)
[2025-12-18T08:25:17.566+0530][info][gc,heap     ] GC(229) Max Capacity: 512M(100%)
[2025-12-18T08:25:17.566+0530][info][gc,heap     ] GC(229) Soft Max Capacity: 512M(100%)
[2025-12-18T08:25:17.566+0530][info][gc,heap     ] GC(229)                Mark Start          Mark End        Relocate Start      Relocate End           High               Low         
[2025-12-18T08:25:17.566+0530][info][gc,heap     ] GC(229)  Capacity:      512M (100%)        512M (100%)        512M (100%)        512M (100%)        512M (100%)        512M (100%)   
[2025-12-18T08:25:17.566+0530][info][gc,heap     ] GC(229)      Free:       68M (13%)           0M (0%)          116M (23%)         164M (32%)         164M (32%)           0M (0%)     
[2025-12-18T08:25:17.566+0530][info][gc,heap     ] GC(229)      Used:      444M (87%)         512M (100%)        396M (77%)         348M (68%)         512M (100%)        348M (68%)    
[2025-12-18T08:25:17.566+0530][info][gc,heap     ] GC(229)      Live:         -               248M (48%)         248M (48%)         248M (48%)            -                  -          
[2025-12-18T08:25:17.566+0530][info][gc,heap     ] GC(229) Allocated:         -                68M (13%)          80M (16%)          79M (16%)            -                  -          
[2025-12-18T08:25:17.566+0530][info][gc,heap     ] GC(229)   Garbage:         -               195M (38%)          67M (13%)          19M (4%)             -                  -          
[2025-12-18T08:25:17.566+0530][info][gc,heap     ] GC(229) Reclaimed:         -                  -               128M (25%)         175M (34%)            -                  -          
[2025-12-18T08:25:17.566+0530][info][gc          ] GC(229) Garbage Collection (Allocation Stall) 444M(87%)->348M(68%)
[2025-12-18T08:25:17.617+0530][info][gc,start    ] GC(230) Garbage Collection (Allocation Stall)
[2025-12-18T08:25:17.617+0530][info][gc,ref      ] GC(230) Clearing All SoftReferences
[2025-12-18T08:25:17.617+0530][info][gc,task     ] GC(230) Using 2 workers
[2025-12-18T08:25:17.617+0530][info][gc,ref      ] GC(230) Clearing All SoftReferences
[2025-12-18T08:25:17.617+0530][info][gc,phases   ] GC(230) Pause Mark Start 0.061ms
[2025-12-18T08:25:17.765+0530][info][gc,phases   ] GC(230) Concurrent Mark 144.107ms
[2025-12-18T08:25:17.765+0530][info][gc,phases   ] GC(230) Pause Mark End 0.104ms
[2025-12-18T08:25:17.765+0530][info][gc,phases   ] GC(230) Concurrent Mark Free 0.001ms
[2025-12-18T08:25:17.766+0530][info][gc,phases   ] GC(230) Concurrent Process Non-Strong References 1.071ms
[2025-12-18T08:25:17.766+0530][info][gc,phases   ] GC(230) Concurrent Reset Relocation Set 0.003ms
[2025-12-18T08:25:17.769+0530][info][gc          ] Allocation Stall (Worker-7) 44.615ms
[2025-12-18T08:25:17.769+0530][info][gc          ] Allocation Stall (Worker-4) 40.842ms
[2025-12-18T08:25:17.769+0530][info][gc          ] Allocation Stall (Worker-0) 50.205ms
[2025-12-18T08:25:17.769+0530][info][gc          ] Allocation Stall (Worker-6) 48.156ms
[2025-12-18T08:25:17.769+0530][info][gc          ] Allocation Stall (Worker-1) 41.088ms
[2025-12-18T08:25:17.769+0530][info][gc          ] Allocation Stall (Worker-2) 48.696ms
[2025-12-18T08:25:17.769+0530][info][gc          ] Allocation Stall (Worker-5) 43.059ms
[2025-12-18T08:25:17.769+0530][info][gc          ] Allocation Stall (Worker-3) 45.431ms
[2025-12-18T08:25:17.769+0530][info][gc,phases   ] GC(230) Concurrent Select Relocation Set 2.991ms
[2025-12-18T08:25:17.770+0530][info][gc,phases   ] GC(230) Pause Relocate Start 0.010ms
[2025-12-18T08:25:17.776+0530][info][gc,phases   ] GC(230) Concurrent Relocate 1.673ms
[2025-12-18T08:25:17.776+0530][info][gc,load     ] GC(230) Load: 0.00/0.00/0.00
[2025-12-18T08:25:17.776+0530][info][gc,mmu      ] GC(230) MMU: 2ms/80.7%, 5ms/92.3%, 10ms/96.0%, 20ms/98.0%, 50ms/99.2%, 100ms/99.5%
[2025-12-18T08:25:17.776+0530][info][gc,marking  ] GC(230) Mark: 2 stripe(s), 2 proactive flush(es), 1 terminate flush(es), 1 completion(s), 0 continuation(s) 
[2025-12-18T08:25:17.776+0530][info][gc,marking  ] GC(230) Mark Stack Usage: 32M
[2025-12-18T08:25:17.777+0530][info][gc,nmethod  ] GC(230) NMethods: 682 registered, 1 unregistered
[2025-12-18T08:25:17.777+0530][info][gc,metaspace] GC(230) Metaspace: 4M used, 4M committed, 1088M reserved
[2025-12-18T08:25:17.777+0530][info][gc,ref      ] GC(230) Soft: 157 encountered, 77 discovered, 0 enqueued
[2025-12-18T08:25:17.777+0530][info][gc,ref      ] GC(230) Weak: 539 encountered, 381 discovered, 0 enqueued
[2025-12-18T08:25:17.777+0530][info][gc,ref      ] GC(230) Final: 0 encountered, 0 discovered, 0 enqueued
[2025-12-18T08:25:17.777+0530][info][gc,ref      ] GC(230) Phantom: 7 encountered, 3 discovered, 0 enqueued
[2025-12-18T08:25:17.777+0530][info][gc,reloc    ] GC(230) Small Pages: 198 / 396M, Empty: 118M, Relocated: 1M, In-Place: 0
[2025-12-18T08:25:17.777+0530][info][gc,reloc    ] GC(230) Medium Pages: 1 / 16M, Empty: 0M, Relocated: 0M, In-Place: 0
[2025-12-18T08:25:17.777+0530][info][gc,reloc    ] GC(230) Large Pages: 1 / 6M, Empty: 0M, Relocated: 0M, In-Place: 0
[2025-12-18T08:25:17.777+0530][info][gc,reloc    ] GC(230) Forwarding Usage: 0M
[2025-12-18T08:25:17.777+0530][info][gc,heap     ] GC(230) Min Capacity: 512M(100%)
[2025-12-18T08:25:17.777+0530][info][gc,heap     ] GC(230) Max Capacity: 512M(100%)
[2025-12-18T08:25:17.777+0530][info][gc,heap     ] GC(230) Soft Max Capacity: 512M(100%)
[2025-12-18T08:25:17.777+0530][info][gc,heap     ] GC(230)                Mark Start          Mark End        Relocate Start      Relocate End           High               Low         
[2025-12-18T08:25:17.777+0530][info][gc,heap     ] GC(230)  Capacity:      512M (100%)        512M (100%)        512M (100%)        512M (100%)        512M (100%)        512M (100%)   
[2025-12-18T08:25:17.777+0530][info][gc,heap     ] GC(230)      Free:       94M (18%)           0M (0%)          104M (20%)         134M (26%)         134M (26%)           0M (0%)     
[2025-12-18T08:25:17.777+0530][info][gc,heap     ] GC(230)      Used:      418M (82%)         512M (100%)        408M (80%)         378M (74%)         512M (100%)        378M (74%)    
[2025-12-18T08:25:17.777+0530][info][gc,heap     ] GC(230)      Live:         -               248M (48%)         248M (48%)         248M (48%)            -                  -          
[2025-12-18T08:25:17.777+0530][info][gc,heap     ] GC(230) Allocated:         -                94M (18%)         108M (21%)         109M (21%)            -                  -          
[2025-12-18T08:25:17.777+0530][info][gc,heap     ] GC(230)   Garbage:         -               169M (33%)          51M (10%)          19M (4%)             -                  -          
[2025-12-18T08:25:17.777+0530][info][gc,heap     ] GC(230) Reclaimed:         -                  -               118M (23%)         149M (29%)            -                  -          
[2025-12-18T08:25:17.777+0530][info][gc          ] GC(230) Garbage Collection (Allocation Stall) 418M(82%)->378M(74%)
[2025-12-18T08:25:17.817+0530][info][gc,start    ] GC(231) Garbage Collection (Allocation Stall)
[2025-12-18T08:25:17.817+0530][info][gc,ref      ] GC(231) Clearing All SoftReferences
[2025-12-18T08:25:17.817+0530][info][gc,task     ] GC(231) Using 2 workers
[2025-12-18T08:25:17.817+0530][info][gc,ref      ] GC(231) Clearing All SoftReferences
[2025-12-18T08:25:17.817+0530][info][gc,phases   ] GC(231) Pause Mark Start 0.060ms
[2025-12-18T08:25:17.935+0530][info][gc,phases   ] GC(231) Concurrent Mark 117.298ms
[2025-12-18T08:25:17.935+0530][info][gc,phases   ] GC(231) Pause Mark End 0.101ms
[2025-12-18T08:25:17.935+0530][info][gc,phases   ] GC(231) Concurrent Mark Free 0.001ms
[2025-12-18T08:25:17.936+0530][info][gc,phases   ] GC(231) Concurrent Process Non-Strong References 1.138ms
[2025-12-18T08:25:17.936+0530][info][gc,phases   ] GC(231) Concurrent Reset Relocation Set 0.002ms
[2025-12-18T08:25:17.939+0530][info][gc          ] Allocation Stall (Worker-0) 36.881ms
[2025-12-18T08:25:17.939+0530][info][gc          ] Allocation Stall (Worker-2) 36.685ms
[2025-12-18T08:25:17.939+0530][info][gc          ] Allocation Stall (Worker-1) 30.790ms
[2025-12-18T08:25:17.939+0530][info][gc          ] Allocation Stall (Worker-3) 39.439ms
[2025-12-18T08:25:17.939+0530][info][gc          ] Allocation Stall (Worker-7) 39.105ms
[2025-12-18T08:25:17.939+0530][info][gc          ] Allocation Stall (Worker-4) 38.288ms
[2025-12-18T08:25:17.939+0530][info][gc          ] Allocation Stall (JFR Periodic Tasks) 38.824ms
[2025-12-18T08:25:17.939+0530][info][gc,phases   ] GC(231) Concurrent Select Relocation Set 3.074ms
[2025-12-18T08:25:17.939+0530][info][gc          ] Allocation Stall (Worker-6) 38.064ms
[2025-12-18T08:25:17.939+0530][info][gc          ] Allocation Stall (Worker-5) 37.959ms
[2025-12-18T08:25:17.940+0530][info][gc,phases   ] GC(231) Pause Relocate Start 0.010ms
[2025-12-18T08:25:17.974+0530][info][gc,phases   ] GC(231) Concurrent Relocate 1.734ms
[2025-12-18T08:25:17.974+0530][info][gc,load     ] GC(231) Load: 0.00/0.00/0.00
[2025-12-18T08:25:17.974+0530][info][gc,mmu      ] GC(231) MMU: 2ms/80.7%, 5ms/92.3%, 10ms/96.0%, 20ms/98.0%, 50ms/99.2%, 100ms/99.5%
[2025-12-18T08:25:17.974+0530][info][gc,marking  ] GC(231) Mark: 2 stripe(s), 2 proactive flush(es), 1 terminate flush(es), 1 completion(s), 0 continuation(s) 
[2025-12-18T08:25:17.974+0530][info][gc,marking  ] GC(231) Mark Stack Usage: 32M
[2025-12-18T08:25:17.974+0530][info][gc,nmethod  ] GC(231) NMethods: 682 registered, 1 unregistered
[2025-12-18T08:25:17.974+0530][info][gc,metaspace] GC(231) Metaspace: 4M used, 4M committed, 1088M reserved
[2025-12-18T08:25:17.974+0530][info][gc,ref      ] GC(231) Soft: 157 encountered, 90 discovered, 0 enqueued
[2025-12-18T08:25:17.974+0530][info][gc,ref      ] GC(231) Weak: 539 encountered, 434 discovered, 0 enqueued
[2025-12-18T08:25:17.974+0530][info][gc,ref      ] GC(231) Final: 0 encountered, 0 discovered, 0 enqueued
[2025-12-18T08:25:17.974+0530][info][gc,ref      ] GC(231) Phantom: 7 encountered, 3 discovered, 0 enqueued
[2025-12-18T08:25:17.974+0530][info][gc,reloc    ] GC(231) Small Pages: 202 / 404M, Empty: 126M, Relocated: 1M, In-Place: 0
[2025-12-18T08:25:17.974+0530][info][gc,reloc    ] GC(231) Medium Pages: 1 / 16M, Empty: 0M, Relocated: 0M, In-Place: 0
[2025-12-18T08:25:17.974+0530][info][gc,reloc    ] GC(231) Large Pages: 1 / 6M, Empty: 0M, Relocated: 0M, In-Place: 0
[2025-12-18T08:25:17.974+0530][info][gc,reloc    ] GC(231) Forwarding Usage: 0M
[2025-12-18T08:25:17.974+0530][info][gc,heap     ] GC(231) Min Capacity: 512M(100%)
[2025-12-18T08:25:17.974+0530][info][gc,heap     ] GC(231) Max Capacity: 512M(100%)
[2025-12-18T08:25:17.974+0530][info][gc,heap     ] GC(231) Soft Max Capacity: 512M(100%)
[2025-12-18T08:25:17.974+0530][info][gc,heap     ] GC(231)                Mark Start          Mark End        Relocate Start      Relocate End           High               Low         
[2025-12-18T08:25:17.974+0530][info][gc,heap     ] GC(231)  Capacity:      512M (100%)        512M (100%)        512M (100%)        512M (100%)        512M (100%)        512M (100%)   
[2025-12-18T08:25:17.974+0530][info][gc,heap     ] GC(231)      Free:       86M (17%)           0M (0%)          114M (22%)         110M (21%)         126M (25%)           0M (0%)     
[2025-12-18T08:25:17.974+0530][info][gc,heap     ] GC(231)      Used:      426M (83%)         512M (100%)        398M (78%)         402M (79%)         512M (100%)        386M (75%)    
[2025-12-18T08:25:17.974+0530][info][gc,heap     ] GC(231)      Live:         -               248M (48%)         248M (48%)         248M (48%)            -                  -          
[2025-12-18T08:25:17.974+0530][info][gc,heap     ] GC(231) Allocated:         -                86M (17%)          98M (19%)         133M (26%)            -                  -          
[2025-12-18T08:25:17.974+0530][info][gc,heap     ] GC(231)   Garbage:         -               177M (35%)          51M (10%)          20M (4%)             -                  -          
[2025-12-18T08:25:17.974+0530][info][gc,heap     ] GC(231) Reclaimed:         -                  -               126M (25%)         157M (31%)            -                  -          
[2025-12-18T08:25:17.974+0530][info][gc          ] GC(231) Garbage Collection (Allocation Stall) 426M(83%)->402M(79%)
[2025-12-18T08:25:18.017+0530][info][gc,start    ] GC(232) Garbage Collection (Allocation Stall)
[2025-12-18T08:25:18.017+0530][info][gc,ref      ] GC(232) Clearing All SoftReferences
[2025-12-18T08:25:18.017+0530][info][gc,task     ] GC(232) Using 2 workers
[2025-12-18T08:25:18.017+0530][info][gc,ref      ] GC(232) Clearing All SoftReferences
[2025-12-18T08:25:18.017+0530][info][gc,phases   ] GC(232) Pause Mark Start 0.052ms
[2025-12-18T08:25:18.142+0530][info][gc,phases   ] GC(232) Concurrent Mark 118.819ms
[2025-12-18T08:25:18.142+0530][info][gc,phases   ] GC(232) Pause Mark End 0.129ms
[2025-12-18T08:25:18.142+0530][info][gc,phases   ] GC(232) Concurrent Mark Free 0.001ms
[2025-12-18T08:25:18.143+0530][info][gc,phases   ] GC(232) Concurrent Process Non-Strong References 1.087ms
[2025-12-18T08:25:18.143+0530][info][gc,phases   ] GC(232) Concurrent Reset Relocation Set 0.003ms
[2025-12-18T08:25:18.143+0530][info][gc          ] Allocation Stall (Worker-0) 84.964ms
[2025-12-18T08:25:18.143+0530][info][gc          ] Allocation Stall (Worker-3) 77.395ms
[2025-12-18T08:25:18.143+0530][info][gc          ] Allocation Stall (Worker-2) 75.925ms
[2025-12-18T08:25:18.143+0530][info][gc          ] Allocation Stall (Worker-1) 85.552ms
[2025-12-18T08:25:18.143+0530][info][gc          ] Allocation Stall (Worker-4) 85.559ms
[2025-12-18T08:25:18.143+0530][info][gc          ] Allocation Stall (Worker-7) 85.072ms
[2025-12-18T08:25:18.143+0530][info][gc          ] Allocation Stall (Worker-5) 76.204ms
[2025-12-18T08:25:18.143+0530][info][gc          ] Allocation Stall (Worker-6) 85.607ms
[2025-12-18T08:25:18.147+0530][info][gc,phases   ] GC(232) Concurrent Select Relocation Set 3.583ms
[2025-12-18T08:25:18.147+0530][info][gc,phases   ] GC(232) Pause Relocate Start 0.010ms
[2025-12-18T08:25:18.176+0530][info][gc,phases   ] GC(232) Concurrent Relocate 1.867ms
[2025-12-18T08:25:18.176+0530][info][gc,load     ] GC(232) Load: 0.00/0.00/0.00
[2025-12-18T08:25:18.176+0530][info][gc,mmu      ] GC(232) MMU: 2ms/80.7%, 5ms/92.3%, 10ms/96.0%, 20ms/98.0%, 50ms/99.2%, 100ms/99.5%
[2025-12-18T08:25:18.176+0530][info][gc,marking  ] GC(232) Mark: 2 stripe(s), 2 proactive flush(es), 1 terminate flush(es), 1 completion(s), 0 continuation(s) 
[2025-12-18T08:25:18.176+0530][info][gc,marking  ] GC(232) Mark Stack Usage: 32M
[2025-12-18T08:25:18.176+0530][info][gc,nmethod  ] GC(232) NMethods: 682 registered, 1 unregistered
[2025-12-18T08:25:18.176+0530][info][gc,metaspace] GC(232) Metaspace: 4M used, 4M committed, 1088M reserved
[2025-12-18T08:25:18.176+0530][info][gc,ref      ] GC(232) Soft: 157 encountered, 77 discovered, 0 enqueued
[2025-12-18T08:25:18.176+0530][info][gc,ref      ] GC(232) Weak: 539 encountered, 3 discovered, 0 enqueued
[2025-12-18T08:25:18.176+0530][info][gc,ref      ] GC(232) Final: 0 encountered, 0 discovered, 0 enqueued
[2025-12-18T08:25:18.176+0530][info][gc,ref      ] GC(232) Phantom: 7 encountered, 5 discovered, 0 enqueued
[2025-12-18T08:25:18.176+0530][info][gc,reloc    ] GC(232) Small Pages: 223 / 446M, Empty: 134M, Relocated: 1M, In-Place: 0
[2025-12-18T08:25:18.176+0530][info][gc,reloc    ] GC(232) Medium Pages: 1 / 16M, Empty: 0M, Relocated: 0M, In-Place: 0
[2025-12-18T08:25:18.176+0530][info][gc,reloc    ] GC(232) Large Pages: 1 / 6M, Empty: 0M, Relocated: 0M, In-Place: 0
[2025-12-18T08:25:18.176+0530][info][gc,reloc    ] GC(232) Forwarding Usage: 0M
[2025-12-18T08:25:18.176+0530][info][gc,heap     ] GC(232) Min Capacity: 512M(100%)
[2025-12-18T08:25:18.176+0530][info][gc,heap     ] GC(232) Max Capacity: 512M(100%)
[2025-12-18T08:25:18.176+0530][info][gc,heap     ] GC(232) Soft Max Capacity: 512M(100%)
[2025-12-18T08:25:18.176+0530][info][gc,heap     ] GC(232)                Mark Start          Mark End        Relocate Start      Relocate End           High               Low         
[2025-12-18T08:25:18.176+0530][info][gc,heap     ] GC(232)  Capacity:      512M (100%)        512M (100%)        512M (100%)        512M (100%)        512M (100%)        512M (100%)   
[2025-12-18T08:25:18.176+0530][info][gc,heap     ] GC(232)      Free:       44M (9%)            0M (0%)          122M (24%)         152M (30%)         152M (30%)           0M (0%)     
[2025-12-18T08:25:18.176+0530][info][gc,heap     ] GC(232)      Used:      468M (91%)         512M (100%)        390M (76%)         360M (70%)         512M (100%)        360M (70%)    
[2025-12-18T08:25:18.176+0530][info][gc,heap     ] GC(232)      Live:         -               248M (48%)         248M (48%)         248M (48%)            -                  -          
[2025-12-18T08:25:18.176+0530][info][gc,heap     ] GC(232) Allocated:         -                44M (9%)           56M (11%)          91M (18%)            -                  -          
[2025-12-18T08:25:18.176+0530][info][gc,heap     ] GC(232)   Garbage:         -               219M (43%)          85M (17%)          20M (4%)             -                  -          
[2025-12-18T08:25:18.176+0530][info][gc,heap     ] GC(232) Reclaimed:         -                  -               134M (26%)         199M (39%)            -                  -          
[2025-12-18T08:25:18.176+0530][info][gc          ] GC(232) Garbage Collection (Allocation Stall) 468M(91%)->360M(70%)
[2025-12-18T08:25:18.218+0530][info][gc,start    ] GC(233) Garbage Collection (Allocation Stall)
[2025-12-18T08:25:18.218+0530][info][gc,ref      ] GC(233) Clearing All SoftReferences
[2025-12-18T08:25:18.218+0530][info][gc,task     ] GC(233) Using 2 workers
[2025-12-18T08:25:18.218+0530][info][gc,ref      ] GC(233) Clearing All SoftReferences
[2025-12-18T08:25:18.218+0530][info][gc,phases   ] GC(233) Pause Mark Start 0.054ms
[2025-12-18T08:25:18.362+0530][info][gc,phases   ] GC(233) Concurrent Mark 137.518ms
[2025-12-18T08:25:18.362+0530][info][gc,phases   ] GC(233) Pause Mark End 0.119ms
[2025-12-18T08:25:18.362+0530][info][gc,phases   ] GC(233) Concurrent Mark Free 0.001ms
[2025-12-18T08:25:18.363+0530][info][gc,phases   ] GC(233) Concurrent Process Non-Strong References 1.204ms
[2025-12-18T08:25:18.363+0530][info][gc,phases   ] GC(233) Concurrent Reset Relocation Set 0.005ms
[2025-12-18T08:25:18.366+0530][info][gc          ] Allocation Stall (Worker-2) 56.048ms
[2025-12-18T08:25:18.366+0530][info][gc          ] Allocation Stall (Worker-5) 54.551ms
[2025-12-18T08:25:18.366+0530][info][gc          ] Allocation Stall (Worker-3) 61.626ms
[2025-12-18T08:25:18.366+0530][info][gc          ] Allocation Stall (Worker-4) 59.369ms
[2025-12-18T08:25:18.366+0530][info][gc          ] Allocation Stall (Worker-1) 53.717ms
[2025-12-18T08:25:18.366+0530][info][gc          ] Allocation Stall (Worker-7) 61.261ms
[2025-12-18T08:25:18.366+0530][info][gc          ] Allocation Stall (Worker-6) 59.033ms
[2025-12-18T08:25:18.366+0530][info][gc          ] Allocation Stall (Worker-0) 58.616ms
[2025-12-18T08:25:18.366+0530][info][gc,phases   ] GC(233) Concurrent Select Relocation Set 3.014ms
[2025-12-18T08:25:18.367+0530][info][gc,phases   ] GC(233) Pause Relocate Start 0.010ms
[2025-12-18T08:25:18.370+0530][info][gc,phases   ] GC(233) Concurrent Relocate 1.685ms
[2025-12-18T08:25:18.370+0530][info][gc,load     ] GC(233) Load: 0.00/0.00/0.00
[2025-12-18T08:25:18.370+0530][info][gc,mmu      ] GC(233) MMU: 2ms/80.7%, 5ms/92.3%, 10ms/96.0%, 20ms/98.0%, 50ms/99.2%, 100ms/99.5%
[2025-12-18T08:25:18.370+0530][info][gc,marking  ] GC(233) Mark: 2 stripe(s), 2 proactive flush(es), 1 terminate flush(es), 1 completion(s), 0 continuation(s) 
[2025-12-18T08:25:18.371+0530][info][gc,marking  ] GC(233) Mark Stack Usage: 32M
[2025-12-18T08:25:18.371+0530][info][gc,nmethod  ] GC(233) NMethods: 682 registered, 1 unregistered
[2025-12-18T08:25:18.371+0530][info][gc,metaspace] GC(233) Metaspace: 4M used, 4M committed, 1088M reserved
[2025-12-18T08:25:18.371+0530][info][gc,ref      ] GC(233) Soft: 157 encountered, 77 discovered, 0 enqueued
[2025-12-18T08:25:18.371+0530][info][gc,ref      ] GC(233) Weak: 539 encountered, 4 discovered, 0 enqueued
[2025-12-18T08:25:18.371+0530][info][gc,ref      ] GC(233) Final: 0 encountered, 0 discovered, 0 enqueued
[2025-12-18T08:25:18.371+0530][info][gc,ref      ] GC(233) Phantom: 7 encountered, 6 discovered, 0 enqueued
[2025-12-18T08:25:18.371+0530][info][gc,reloc    ] GC(233) Small Pages: 198 / 396M, Empty: 86M, Relocated: 1M, In-Place: 0
[2025-12-18T08:25:18.371+0530][info][gc,reloc    ] GC(233) Medium Pages: 1 / 16M, Empty: 0M, Relocated: 0M, In-Place: 0
[2025-12-18T08:25:18.371+0530][info][gc,reloc    ] GC(233) Large Pages: 1 / 6M, Empty: 0M, Relocated: 0M, In-Place: 0
[2025-12-18T08:25:18.371+0530][info][gc,reloc    ] GC(233) Forwarding Usage: 0M
[2025-12-18T08:25:18.371+0530][info][gc,heap     ] GC(233) Min Capacity: 512M(100%)
[2025-12-18T08:25:18.371+0530][info][gc,heap     ] GC(233) Max Capacity: 512M(100%)
[2025-12-18T08:25:18.371+0530][info][gc,heap     ] GC(233) Soft Max Capacity: 512M(100%)
[2025-12-18T08:25:18.371+0530][info][gc,heap     ] GC(233)                Mark Start          Mark End        Relocate Start      Relocate End           High               Low         
[2025-12-18T08:25:18.371+0530][info][gc,heap     ] GC(233)  Capacity:      512M (100%)        512M (100%)        512M (100%)        512M (100%)        512M (100%)        512M (100%)   
[2025-12-18T08:25:18.371+0530][info][gc,heap     ] GC(233)      Free:       94M (18%)           0M (0%)           72M (14%)         136M (27%)         136M (27%)           0M (0%)     
[2025-12-18T08:25:18.371+0530][info][gc,heap     ] GC(233)      Used:      418M (82%)         512M (100%)        440M (86%)         376M (73%)         512M (100%)        376M (73%)    
[2025-12-18T08:25:18.371+0530][info][gc,heap     ] GC(233)      Live:         -               248M (48%)         248M (48%)         248M (48%)            -                  -          
[2025-12-18T08:25:18.371+0530][info][gc,heap     ] GC(233) Allocated:         -                94M (18%)         108M (21%)         107M (21%)            -                  -          
[2025-12-18T08:25:18.371+0530][info][gc,heap     ] GC(233)   Garbage:         -               169M (33%)          83M (16%)          19M (4%)             -                  -          
[2025-12-18T08:25:18.371+0530][info][gc,heap     ] GC(233) Reclaimed:         -                  -                86M (17%)         149M (29%)            -                  -          
[2025-12-18T08:25:18.371+0530][info][gc          ] GC(233) Garbage Collection (Allocation Stall) 418M(82%)->376M(73%)
[2025-12-18T08:25:18.417+0530][info][gc,start    ] GC(234) Garbage Collection (Allocation Stall)
[2025-12-18T08:25:18.417+0530][info][gc,ref      ] GC(234) Clearing All SoftReferences
[2025-12-18T08:25:18.417+0530][info][gc,task     ] GC(234) Using 2 workers
[2025-12-18T08:25:18.417+0530][info][gc,ref      ] GC(234) Clearing All SoftReferences
[2025-12-18T08:25:18.417+0530][info][gc,phases   ] GC(234) Pause Mark Start 0.047ms
[2025-12-18T08:25:18.556+0530][info][gc,phases   ] GC(234) Concurrent Mark 127.402ms
[2025-12-18T08:25:18.556+0530][info][gc,phases   ] GC(234) Pause Mark End 0.110ms
[2025-12-18T08:25:18.556+0530][info][gc,phases   ] GC(234) Concurrent Mark Free 0.001ms
[2025-12-18T08:25:18.557+0530][info][gc,phases   ] GC(234) Concurrent Process Non-Strong References 1.162ms
[2025-12-18T08:25:18.557+0530][info][gc,phases   ] GC(234) Concurrent Reset Relocation Set 0.005ms
[2025-12-18T08:25:18.560+0530][info][gc          ] Allocation Stall (Worker-0) 48.943ms
[2025-12-18T08:25:18.560+0530][info][gc          ] Allocation Stall (Worker-1) 49.559ms
[2025-12-18T08:25:18.560+0530][info][gc          ] Allocation Stall (Worker-7) 46.165ms
[2025-12-18T08:25:18.560+0530][info][gc          ] Allocation Stall (Worker-6) 52.425ms
[2025-12-18T08:25:18.560+0530][info][gc          ] Allocation Stall (Worker-5) 51.767ms
[2025-12-18T08:25:18.560+0530][info][gc          ] Allocation Stall (Worker-3) 51.782ms
[2025-12-18T08:25:18.560+0530][info][gc          ] Allocation Stall (Worker-4) 51.338ms
[2025-12-18T08:25:18.560+0530][info][gc          ] Allocation Stall (Worker-2) 50.834ms
[2025-12-18T08:25:18.560+0530][info][gc,phases   ] GC(234) Concurrent Select Relocation Set 3.064ms
[2025-12-18T08:25:18.561+0530][info][gc,phases   ] GC(234) Pause Relocate Start 0.010ms
[2025-12-18T08:25:18.584+0530][info][gc,phases   ] GC(234) Concurrent Relocate 1.786ms
[2025-12-18T08:25:18.585+0530][info][gc,load     ] GC(234) Load: 0.00/0.00/0.00
[2025-12-18T08:25:18.585+0530][info][gc,mmu      ] GC(234) MMU: 2ms/80.7%, 5ms/92.3%, 10ms/96.0%, 20ms/98.0%, 50ms/99.2%, 100ms/99.5%
[2025-12-18T08:25:18.585+0530][info][gc,marking  ] GC(234) Mark: 2 stripe(s), 2 proactive flush(es), 1 terminate flush(es), 1 completion(s), 0 continuation(s) 
[2025-12-18T08:25:18.585+0530][info][gc,marking  ] GC(234) Mark Stack Usage: 32M
[2025-12-18T08:25:18.585+0530][info][gc,nmethod  ] GC(234) NMethods: 682 registered, 1 unregistered
[2025-12-18T08:25:18.585+0530][info][gc,metaspace] GC(234) Metaspace: 4M used, 4M committed, 1088M reserved
[2025-12-18T08:25:18.585+0530][info][gc,ref      ] GC(234) Soft: 157 encountered, 77 discovered, 0 enqueued
[2025-12-18T08:25:18.585+0530][info][gc,ref      ] GC(234) Weak: 539 encountered, 385 discovered, 0 enqueued
[2025-12-18T08:25:18.585+0530][info][gc,ref      ] GC(234) Final: 0 encountered, 0 discovered, 0 enqueued
[2025-12-18T08:25:18.585+0530][info][gc,ref      ] GC(234) Phantom: 7 encountered, 3 discovered, 0 enqueued
[2025-12-18T08:25:18.585+0530][info][gc,reloc    ] GC(234) Small Pages: 200 / 400M, Empty: 122M, Relocated: 1M, In-Place: 0
[2025-12-18T08:25:18.585+0530][info][gc,reloc    ] GC(234) Medium Pages: 1 / 16M, Empty: 0M, Relocated: 0M, In-Place: 0
[2025-12-18T08:25:18.585+0530][info][gc,reloc    ] GC(234) Large Pages: 1 / 6M, Empty: 0M, Relocated: 0M, In-Place: 0
[2025-12-18T08:25:18.585+0530][info][gc,reloc    ] GC(234) Forwarding Usage: 0M
[2025-12-18T08:25:18.585+0530][info][gc,heap     ] GC(234) Min Capacity: 512M(100%)
[2025-12-18T08:25:18.585+0530][info][gc,heap     ] GC(234) Max Capacity: 512M(100%)
[2025-12-18T08:25:18.585+0530][info][gc,heap     ] GC(234) Soft Max Capacity: 512M(100%)
[2025-12-18T08:25:18.585+0530][info][gc,heap     ] GC(234)                Mark Start          Mark End        Relocate Start      Relocate End           High               Low         
[2025-12-18T08:25:18.585+0530][info][gc,heap     ] GC(234)  Capacity:      512M (100%)        512M (100%)        512M (100%)        512M (100%)        512M (100%)        512M (100%)   
[2025-12-18T08:25:18.585+0530][info][gc,heap     ] GC(234)      Free:       90M (18%)           0M (0%)          110M (21%)         124M (24%)         124M (24%)           0M (0%)     
[2025-12-18T08:25:18.585+0530][info][gc,heap     ] GC(234)      Used:      422M (82%)         512M (100%)        402M (79%)         388M (76%)         512M (100%)        388M (76%)    
[2025-12-18T08:25:18.585+0530][info][gc,heap     ] GC(234)      Live:         -               248M (48%)         248M (48%)         248M (48%)            -                  -          
[2025-12-18T08:25:18.585+0530][info][gc,heap     ] GC(234) Allocated:         -                90M (18%)         102M (20%)         119M (23%)            -                  -          
[2025-12-18T08:25:18.585+0530][info][gc,heap     ] GC(234)   Garbage:         -               173M (34%)          51M (10%)          20M (4%)             -                  -          
[2025-12-18T08:25:18.585+0530][info][gc,heap     ] GC(234) Reclaimed:         -                  -               122M (24%)         153M (30%)            -                  -          
[2025-12-18T08:25:18.585+0530][info][gc          ] GC(234) Garbage Collection (Allocation Stall) 422M(82%)->388M(76%)
[2025-12-18T08:25:18.617+0530][info][gc,start    ] GC(235) Garbage Collection (Allocation Stall)
[2025-12-18T08:25:18.617+0530][info][gc,ref      ] GC(235) Clearing All SoftReferences
[2025-12-18T08:25:18.617+0530][info][gc,task     ] GC(235) Using 2 workers
[2025-12-18T08:25:18.617+0530][info][gc,ref      ] GC(235) Clearing All SoftReferences
[2025-12-18T08:25:18.617+0530][info][gc,phases   ] GC(235) Pause Mark Start 0.087ms
[2025-12-18T08:25:18.757+0530][info][gc,phases   ] GC(235) Concurrent Mark 131.318ms
[2025-12-18T08:25:18.757+0530][info][gc,phases   ] GC(235) Pause Mark End 0.098ms
[2025-12-18T08:25:18.757+0530][info][gc,phases   ] GC(235) Concurrent Mark Free 0.001ms
[2025-12-18T08:25:18.758+0530][info][gc,phases   ] GC(235) Concurrent Process Non-Strong References 1.077ms
[2025-12-18T08:25:18.758+0530][info][gc,phases   ] GC(235) Concurrent Reset Relocation Set 0.002ms
[2025-12-18T08:25:18.761+0530][info][gc          ] Allocation Stall (Worker-0) 56.344ms
[2025-12-18T08:25:18.761+0530][info][gc          ] Allocation Stall (Worker-7) 55.914ms
[2025-12-18T08:25:18.761+0530][info][gc          ] Allocation Stall (Worker-3) 55.411ms
[2025-12-18T08:25:18.761+0530][info][gc          ] Allocation Stall (Worker-5) 64.763ms
[2025-12-18T08:25:18.761+0530][info][gc          ] Allocation Stall (Worker-6) 63.667ms
[2025-12-18T08:25:18.761+0530][info][gc          ] Allocation Stall (Worker-1) 61.948ms
[2025-12-18T08:25:18.761+0530][info][gc          ] Allocation Stall (Worker-4) 61.447ms
[2025-12-18T08:25:18.761+0530][info][gc          ] Allocation Stall (Worker-2) 57.613ms
[2025-12-18T08:25:18.761+0530][info][gc,phases   ] GC(235) Concurrent Select Relocation Set 3.053ms
[2025-12-18T08:25:18.762+0530][info][gc,phases   ] GC(235) Pause Relocate Start 0.010ms
[2025-12-18T08:25:18.772+0530][info][gc,phases   ] GC(235) Concurrent Relocate 1.698ms
[2025-12-18T08:25:18.772+0530][info][gc,load     ] GC(235) Load: 0.00/0.00/0.00
[2025-12-18T08:25:18.772+0530][info][gc,mmu      ] GC(235) MMU: 2ms/80.7%, 5ms/92.3%, 10ms/96.0%, 20ms/98.0%, 50ms/99.2%, 100ms/99.5%
[2025-12-18T08:25:18.772+0530][info][gc,marking  ] GC(235) Mark: 2 stripe(s), 2 proactive flush(es), 1 terminate flush(es), 1 completion(s), 0 continuation(s) 
[2025-12-18T08:25:18.772+0530][info][gc,marking  ] GC(235) Mark Stack Usage: 32M
[2025-12-18T08:25:18.772+0530][info][gc,nmethod  ] GC(235) NMethods: 682 registered, 1 unregistered
[2025-12-18T08:25:18.773+0530][info][gc,metaspace] GC(235) Metaspace: 4M used, 4M committed, 1088M reserved
[2025-12-18T08:25:18.773+0530][info][gc,ref      ] GC(235) Soft: 157 encountered, 78 discovered, 0 enqueued
[2025-12-18T08:25:18.773+0530][info][gc,ref      ] GC(235) Weak: 539 encountered, 4 discovered, 0 enqueued
[2025-12-18T08:25:18.773+0530][info][gc,ref      ] GC(235) Final: 0 encountered, 0 discovered, 0 enqueued
[2025-12-18T08:25:18.773+0530][info][gc,ref      ] GC(235) Phantom: 7 encountered, 3 discovered, 0 enqueued
[2025-12-18T08:25:18.773+0530][info][gc,reloc    ] GC(235) Small Pages: 208 / 416M, Empty: 118M, Relocated: 1M, In-Place: 0
[2025-12-18T08:25:18.773+0530][info][gc,reloc    ] GC(235) Medium Pages: 1 / 16M, Empty: 0M, Relocated: 0M, In-Place: 0
[2025-12-18T08:25:18.773+0530][info][gc,reloc    ] GC(235) Large Pages: 1 / 6M, Empty: 0M, Relocated: 0M, In-Place: 0
[2025-12-18T08:25:18.773+0530][info][gc,reloc    ] GC(235) Forwarding Usage: 0M
[2025-12-18T08:25:18.773+0530][info][gc,heap     ] GC(235) Min Capacity: 512M(100%)
[2025-12-18T08:25:18.773+0530][info][gc,heap     ] GC(235) Max Capacity: 512M(100%)
[2025-12-18T08:25:18.773+0530][info][gc,heap     ] GC(235) Soft Max Capacity: 512M(100%)
[2025-12-18T08:25:18.773+0530][info][gc,heap     ] GC(235)                Mark Start          Mark End        Relocate Start      Relocate End           High               Low         
[2025-12-18T08:25:18.773+0530][info][gc,heap     ] GC(235)  Capacity:      512M (100%)        512M (100%)        512M (100%)        512M (100%)        512M (100%)        512M (100%)   
[2025-12-18T08:25:18.773+0530][info][gc,heap     ] GC(235)      Free:       74M (14%)           0M (0%)          104M (20%)         154M (30%)         154M (30%)           0M (0%)     
[2025-12-18T08:25:18.773+0530][info][gc,heap     ] GC(235)      Used:      438M (86%)         512M (100%)        408M (80%)         358M (70%)         512M (100%)        358M (70%)    
[2025-12-18T08:25:18.773+0530][info][gc,heap     ] GC(235)      Live:         -               248M (48%)         248M (48%)         248M (48%)            -                  -          
[2025-12-18T08:25:18.773+0530][info][gc,heap     ] GC(235) Allocated:         -                74M (14%)          88M (17%)          89M (18%)            -                  -          
[2025-12-18T08:25:18.773+0530][info][gc,heap     ] GC(235)   Garbage:         -               189M (37%)          71M (14%)          19M (4%)             -                  -          
[2025-12-18T08:25:18.773+0530][info][gc,heap     ] GC(235) Reclaimed:         -                  -               118M (23%)         169M (33%)            -                  -          
[2025-12-18T08:25:18.773+0530][info][gc          ] GC(235) Garbage Collection (Allocation Stall) 438M(86%)->358M(70%)
[2025-12-18T08:25:18.817+0530][info][gc,start    ] GC(236) Garbage Collection (Allocation Stall)
[2025-12-18T08:25:18.817+0530][info][gc,ref      ] GC(236) Clearing All SoftReferences
[2025-12-18T08:25:18.817+0530][info][gc,task     ] GC(236) Using 2 workers
[2025-12-18T08:25:18.817+0530][info][gc,ref      ] GC(236) Clearing All SoftReferences
[2025-12-18T08:25:18.817+0530][info][gc,phases   ] GC(236) Pause Mark Start 0.058ms
[2025-12-18T08:25:18.952+0530][info][gc,phases   ] GC(236) Concurrent Mark 126.512ms
[2025-12-18T08:25:18.952+0530][info][gc,phases   ] GC(236) Pause Mark End 0.095ms
[2025-12-18T08:25:18.952+0530][info][gc,phases   ] GC(236) Concurrent Mark Free 0.001ms
[2025-12-18T08:25:18.953+0530][info][gc,phases   ] GC(236) Concurrent Process Non-Strong References 1.071ms
[2025-12-18T08:25:18.953+0530][info][gc,phases   ] GC(236) Concurrent Reset Relocation Set 0.004ms
[2025-12-18T08:25:18.953+0530][info][gc          ] Allocation Stall (Worker-7) 61.687ms
[2025-12-18T08:25:18.953+0530][info][gc          ] Allocation Stall (Worker-5) 59.435ms
[2025-12-18T08:25:18.953+0530][info][gc          ] Allocation Stall (Worker-2) 57.880ms
[2025-12-18T08:25:18.953+0530][info][gc          ] Allocation Stall (Worker-3) 66.876ms
[2025-12-18T08:25:18.953+0530][info][gc          ] Allocation Stall (Worker-0) 66.497ms
[2025-12-18T08:25:18.953+0530][info][gc          ] Allocation Stall (Worker-6) 65.950ms
[2025-12-18T08:25:18.953+0530][info][gc          ] Allocation Stall (Worker-1) 66.222ms
[2025-12-18T08:25:18.953+0530][info][gc          ] Allocation Stall (Worker-4) 65.159ms
[2025-12-18T08:25:18.957+0530][info][gc,phases   ] GC(236) Concurrent Select Relocation Set 3.614ms
[2025-12-18T08:25:18.957+0530][info][gc,phases   ] GC(236) Pause Relocate Start 0.010ms
[2025-12-18T08:25:18.960+0530][info][gc,phases   ] GC(236) Concurrent Relocate 1.476ms
[2025-12-18T08:25:18.960+0530][info][gc,load     ] GC(236) Load: 0.00/0.00/0.00
[2025-12-18T08:25:18.960+0530][info][gc,mmu      ] GC(236) MMU: 2ms/80.7%, 5ms/92.3%, 10ms/96.0%, 20ms/98.0%, 50ms/99.2%, 100ms/99.5%
[2025-12-18T08:25:18.960+0530][info][gc,marking  ] GC(236) Mark: 2 stripe(s), 2 proactive flush(es), 1 terminate flush(es), 1 completion(s), 0 continuation(s) 
[2025-12-18T08:25:18.960+0530][info][gc,marking  ] GC(236) Mark Stack Usage: 32M
[2025-12-18T08:25:18.960+0530][info][gc,nmethod  ] GC(236) NMethods: 682 registered, 1 unregistered
[2025-12-18T08:25:18.960+0530][info][gc,metaspace] GC(236) Metaspace: 4M used, 4M committed, 1088M reserved
[2025-12-18T08:25:18.960+0530][info][gc,ref      ] GC(236) Soft: 157 encountered, 71 discovered, 0 enqueued
[2025-12-18T08:25:18.960+0530][info][gc,ref      ] GC(236) Weak: 539 encountered, 5 discovered, 0 enqueued
[2025-12-18T08:25:18.960+0530][info][gc,ref      ] GC(236) Final: 0 encountered, 0 discovered, 0 enqueued
[2025-12-18T08:25:18.960+0530][info][gc,ref      ] GC(236) Phantom: 7 encountered, 3 discovered, 0 enqueued
[2025-12-18T08:25:18.960+0530][info][gc,reloc    ] GC(236) Small Pages: 204 / 408M, Empty: 130M, Relocated: 1M, In-Place: 0
[2025-12-18T08:25:18.960+0530][info][gc,reloc    ] GC(236) Medium Pages: 1 / 16M, Empty: 0M, Relocated: 0M, In-Place: 0
[2025-12-18T08:25:18.960+0530][info][gc,reloc    ] GC(236) Large Pages: 1 / 6M, Empty: 0M, Relocated: 0M, In-Place: 0
[2025-12-18T08:25:18.960+0530][info][gc,reloc    ] GC(236) Forwarding Usage: 0M
[2025-12-18T08:25:18.960+0530][info][gc,heap     ] GC(236) Min Capacity: 512M(100%)
[2025-12-18T08:25:18.961+0530][info][gc,heap     ] GC(236) Max Capacity: 512M(100%)
[2025-12-18T08:25:18.961+0530][info][gc,heap     ] GC(236) Soft Max Capacity: 512M(100%)
[2025-12-18T08:25:18.961+0530][info][gc,heap     ] GC(236)                Mark Start          Mark End        Relocate Start      Relocate End           High               Low         
[2025-12-18T08:25:18.961+0530][info][gc,heap     ] GC(236)  Capacity:      512M (100%)        512M (100%)        512M (100%)        512M (100%)        512M (100%)        512M (100%)   
[2025-12-18T08:25:18.961+0530][info][gc,heap     ] GC(236)      Free:       82M (16%)           0M (0%)          118M (23%)         148M (29%)         148M (29%)           0M (0%)     
[2025-12-18T08:25:18.961+0530][info][gc,heap     ] GC(236)      Used:      430M (84%)         512M (100%)        394M (77%)         364M (71%)         512M (100%)        364M (71%)    
[2025-12-18T08:25:18.961+0530][info][gc,heap     ] GC(236)      Live:         -               248M (48%)         248M (48%)         248M (48%)            -                  -          
[2025-12-18T08:25:18.961+0530][info][gc,heap     ] GC(236) Allocated:         -                82M (16%)          94M (18%)          95M (19%)            -                  -          
[2025-12-18T08:25:18.961+0530][info][gc,heap     ] GC(236)   Garbage:         -               181M (36%)          51M (10%)          19M (4%)             -                  -          
[2025-12-18T08:25:18.961+0530][info][gc,heap     ] GC(236) Reclaimed:         -                  -               130M (25%)         161M (32%)            -                  -          
[2025-12-18T08:25:18.961+0530][info][gc          ] GC(236) Garbage Collection (Allocation Stall) 430M(84%)->364M(71%)
[2025-12-18T08:25:19.017+0530][info][gc,start    ] GC(237) Garbage Collection (Allocation Stall)
[2025-12-18T08:25:19.017+0530][info][gc,ref      ] GC(237) Clearing All SoftReferences
[2025-12-18T08:25:19.017+0530][info][gc,task     ] GC(237) Using 2 workers
[2025-12-18T08:25:19.017+0530][info][gc,ref      ] GC(237) Clearing All SoftReferences
[2025-12-18T08:25:19.017+0530][info][gc,phases   ] GC(237) Pause Mark Start 0.048ms
[2025-12-18T08:25:19.163+0530][info][gc,phases   ] GC(237) Concurrent Mark 136.107ms
[2025-12-18T08:25:19.164+0530][info][gc,phases   ] GC(237) Pause Mark End 0.909ms
[2025-12-18T08:25:19.164+0530][info][gc,phases   ] GC(237) Concurrent Mark Free 0.001ms
[2025-12-18T08:25:19.165+0530][info][gc,phases   ] GC(237) Concurrent Process Non-Strong References 1.397ms
[2025-12-18T08:25:19.165+0530][info][gc,phases   ] GC(237) Concurrent Reset Relocation Set 0.002ms
[2025-12-18T08:25:19.165+0530][info][gc          ] Allocation Stall (Worker-7) 76.972ms
[2025-12-18T08:25:19.165+0530][info][gc          ] Allocation Stall (Worker-4) 78.094ms
[2025-12-18T08:25:19.166+0530][info][gc          ] Allocation Stall (Worker-5) 80.355ms
[2025-12-18T08:25:19.166+0530][info][gc          ] Allocation Stall (Worker-3) 85.698ms
[2025-12-18T08:25:19.166+0530][info][gc          ] Allocation Stall (Worker-2) 78.526ms
[2025-12-18T08:25:19.166+0530][info][gc          ] Allocation Stall (Worker-6) 84.154ms
[2025-12-18T08:25:19.166+0530][info][gc          ] Allocation Stall (Worker-1) 75.411ms
[2025-12-18T08:25:19.166+0530][info][gc          ] Allocation Stall (Worker-0) 79.557ms
[2025-12-18T08:25:19.168+0530][info][gc,phases   ] GC(237) Concurrent Select Relocation Set 3.683ms
[2025-12-18T08:25:19.169+0530][info][gc,phases   ] GC(237) Pause Relocate Start 0.011ms
[2025-12-18T08:25:19.185+0530][info][gc,phases   ] GC(237) Concurrent Relocate 1.752ms
[2025-12-18T08:25:19.186+0530][info][gc,load     ] GC(237) Load: 0.00/0.00/0.00
[2025-12-18T08:25:19.186+0530][info][gc,mmu      ] GC(237) MMU: 2ms/54.5%, 5ms/81.8%, 10ms/90.8%, 20ms/95.4%, 50ms/98.2%, 100ms/99.1%
[2025-12-18T08:25:19.186+0530][info][gc,marking  ] GC(237) Mark: 2 stripe(s), 2 proactive flush(es), 1 terminate flush(es), 1 completion(s), 0 continuation(s) 
[2025-12-18T08:25:19.186+0530][info][gc,marking  ] GC(237) Mark Stack Usage: 32M
[2025-12-18T08:25:19.186+0530][info][gc,nmethod  ] GC(237) NMethods: 682 registered, 1 unregistered
[2025-12-18T08:25:19.186+0530][info][gc,metaspace] GC(237) Metaspace: 4M used, 4M committed, 1088M reserved
[2025-12-18T08:25:19.186+0530][info][gc,ref      ] GC(237) Soft: 157 encountered, 77 discovered, 0 enqueued
[2025-12-18T08:25:19.186+0530][info][gc,ref      ] GC(237) Weak: 539 encountered, 1 discovered, 0 enqueued
[2025-12-18T08:25:19.186+0530][info][gc,ref      ] GC(237) Final: 0 encountered, 0 discovered, 0 enqueued
[2025-12-18T08:25:19.186+0530][info][gc,ref      ] GC(237) Phantom: 7 encountered, 5 discovered, 0 enqueued
[2025-12-18T08:25:19.186+0530][info][gc,reloc    ] GC(237) Small Pages: 211 / 422M, Empty: 142M, Relocated: 1M, In-Place: 0
[2025-12-18T08:25:19.186+0530][info][gc,reloc    ] GC(237) Medium Pages: 1 / 16M, Empty: 0M, Relocated: 0M, In-Place: 0
[2025-12-18T08:25:19.186+0530][info][gc,reloc    ] GC(237) Large Pages: 1 / 6M, Empty: 0M, Relocated: 0M, In-Place: 0
[2025-12-18T08:25:19.186+0530][info][gc,reloc    ] GC(237) Forwarding Usage: 0M
[2025-12-18T08:25:19.186+0530][info][gc,heap     ] GC(237) Min Capacity: 512M(100%)
[2025-12-18T08:25:19.186+0530][info][gc,heap     ] GC(237) Max Capacity: 512M(100%)
[2025-12-18T08:25:19.186+0530][info][gc,heap     ] GC(237) Soft Max Capacity: 512M(100%)
[2025-12-18T08:25:19.186+0530][info][gc,heap     ] GC(237)                Mark Start          Mark End        Relocate Start      Relocate End           High               Low         
[2025-12-18T08:25:19.186+0530][info][gc,heap     ] GC(237)  Capacity:      512M (100%)        512M (100%)        512M (100%)        512M (100%)        512M (100%)        512M (100%)   
[2025-12-18T08:25:19.186+0530][info][gc,heap     ] GC(237)      Free:       68M (13%)           0M (0%)          130M (25%)         146M (29%)         146M (29%)           0M (0%)     
[2025-12-18T08:25:19.186+0530][info][gc,heap     ] GC(237)      Used:      444M (87%)         512M (100%)        382M (75%)         366M (71%)         512M (100%)        366M (71%)    
[2025-12-18T08:25:19.186+0530][info][gc,heap     ] GC(237)      Live:         -               248M (48%)         248M (48%)         248M (48%)            -                  -          
[2025-12-18T08:25:19.186+0530][info][gc,heap     ] GC(237) Allocated:         -                68M (13%)          80M (16%)          97M (19%)            -                  -          
[2025-12-18T08:25:19.186+0530][info][gc,heap     ] GC(237)   Garbage:         -               195M (38%)          53M (11%)          20M (4%)             -                  -          
[2025-12-18T08:25:19.186+0530][info][gc,heap     ] GC(237) Reclaimed:         -                  -               142M (28%)         175M (34%)            -                  -          
[2025-12-18T08:25:19.186+0530][info][gc          ] GC(237) Garbage Collection (Allocation Stall) 444M(87%)->366M(71%)
[2025-12-18T08:25:19.217+0530][info][gc,start    ] GC(238) Garbage Collection (Allocation Stall)
[2025-12-18T08:25:19.217+0530][info][gc,ref      ] GC(238) Clearing All SoftReferences
[2025-12-18T08:25:19.217+0530][info][gc,task     ] GC(238) Using 2 workers
[2025-12-18T08:25:19.217+0530][info][gc,ref      ] GC(238) Clearing All SoftReferences
[2025-12-18T08:25:19.217+0530][info][gc,phases   ] GC(238) Pause Mark Start 0.052ms
[2025-12-18T08:25:19.356+0530][info][gc,phases   ] GC(238) Concurrent Mark 137.359ms
[2025-12-18T08:25:19.356+0530][info][gc,phases   ] GC(238) Pause Mark End 0.021ms
[2025-12-18T08:25:19.356+0530][info][gc,phases   ] GC(238) Concurrent Mark Free 0.001ms
[2025-12-18T08:25:19.357+0530][info][gc,phases   ] GC(238) Concurrent Process Non-Strong References 1.200ms
[2025-12-18T08:25:19.357+0530][info][gc,phases   ] GC(238) Concurrent Reset Relocation Set 0.002ms
[2025-12-18T08:25:19.360+0530][info][gc          ] Allocation Stall (Worker-4) 27.333ms
[2025-12-18T08:25:19.360+0530][info][gc          ] Allocation Stall (Worker-1) 39.123ms
[2025-12-18T08:25:19.360+0530][info][gc          ] Allocation Stall (Worker-7) 37.703ms
[2025-12-18T08:25:19.360+0530][info][gc          ] Allocation Stall (Worker-6) 35.483ms
[2025-12-18T08:25:19.360+0530][info][gc          ] Allocation Stall (Worker-3) 35.126ms
[2025-12-18T08:25:19.360+0530][info][gc,phases   ] GC(238) Concurrent Select Relocation Set 3.096ms
[2025-12-18T08:25:19.360+0530][info][gc          ] Allocation Stall (Worker-5) 34.557ms
[2025-12-18T08:25:19.360+0530][info][gc          ] Allocation Stall (Worker-0) 34.521ms
[2025-12-18T08:25:19.360+0530][info][gc          ] Allocation Stall (Worker-2) 34.343ms
[2025-12-18T08:25:19.361+0530][info][gc,phases   ] GC(238) Pause Relocate Start 0.009ms
[2025-12-18T08:25:19.370+0530][info][gc,phases   ] GC(238) Concurrent Relocate 1.760ms
[2025-12-18T08:25:19.370+0530][info][gc,load     ] GC(238) Load: 0.00/0.00/0.00
[2025-12-18T08:25:19.370+0530][info][gc,mmu      ] GC(238) MMU: 2ms/54.5%, 5ms/81.8%, 10ms/90.8%, 20ms/95.4%, 50ms/98.2%, 100ms/99.0%
[2025-12-18T08:25:19.370+0530][info][gc,marking  ] GC(238) Mark: 2 stripe(s), 2 proactive flush(es), 1 terminate flush(es), 0 completion(s), 0 continuation(s) 
[2025-12-18T08:25:19.371+0530][info][gc,marking  ] GC(238) Mark Stack Usage: 32M
[2025-12-18T08:25:19.371+0530][info][gc,nmethod  ] GC(238) NMethods: 682 registered, 1 unregistered
[2025-12-18T08:25:19.371+0530][info][gc,metaspace] GC(238) Metaspace: 4M used, 4M committed, 1088M reserved
[2025-12-18T08:25:19.371+0530][info][gc,ref      ] GC(238) Soft: 157 encountered, 87 discovered, 0 enqueued
[2025-12-18T08:25:19.371+0530][info][gc,ref      ] GC(238) Weak: 539 encountered, 395 discovered, 0 enqueued
[2025-12-18T08:25:19.371+0530][info][gc,ref      ] GC(238) Final: 0 encountered, 0 discovered, 0 enqueued
[2025-12-18T08:25:19.371+0530][info][gc,ref      ] GC(238) Phantom: 7 encountered, 3 discovered, 0 enqueued
[2025-12-18T08:25:19.371+0530][info][gc,reloc    ] GC(238) Small Pages: 190 / 380M, Empty: 84M, Relocated: 1M, In-Place: 0
[2025-12-18T08:25:19.371+0530][info][gc,reloc    ] GC(238) Medium Pages: 1 / 16M, Empty: 0M, Relocated: 0M, In-Place: 0
[2025-12-18T08:25:19.371+0530][info][gc,reloc    ] GC(238) Large Pages: 1 / 6M, Empty: 0M, Relocated: 0M, In-Place: 0
[2025-12-18T08:25:19.371+0530][info][gc,reloc    ] GC(238) Forwarding Usage: 0M
[2025-12-18T08:25:19.371+0530][info][gc,heap     ] GC(238) Min Capacity: 512M(100%)
[2025-12-18T08:25:19.371+0530][info][gc,heap     ] GC(238) Max Capacity: 512M(100%)
[2025-12-18T08:25:19.371+0530][info][gc,heap     ] GC(238) Soft Max Capacity: 512M(100%)
[2025-12-18T08:25:19.371+0530][info][gc,heap     ] GC(238)                Mark Start          Mark End        Relocate Start      Relocate End           High               Low         
[2025-12-18T08:25:19.371+0530][info][gc,heap     ] GC(238)  Capacity:      512M (100%)        512M (100%)        512M (100%)        512M (100%)        512M (100%)        512M (100%)   
[2025-12-18T08:25:19.371+0530][info][gc,heap     ] GC(238)      Free:      110M (21%)           0M (0%)           70M (14%)         120M (23%)         120M (23%)           0M (0%)     
[2025-12-18T08:25:19.371+0530][info][gc,heap     ] GC(238)      Used:      402M (79%)         512M (100%)        442M (86%)         392M (77%)         512M (100%)        392M (77%)    
[2025-12-18T08:25:19.371+0530][info][gc,heap     ] GC(238)      Live:         -               248M (48%)         248M (48%)         248M (48%)            -                  -          
[2025-12-18T08:25:19.371+0530][info][gc,heap     ] GC(238) Allocated:         -               110M (21%)         124M (24%)         123M (24%)            -                  -          
[2025-12-18T08:25:19.371+0530][info][gc,heap     ] GC(238)   Garbage:         -               153M (30%)          69M (14%)          19M (4%)             -                  -          
[2025-12-18T08:25:19.371+0530][info][gc,heap     ] GC(238) Reclaimed:         -                  -                84M (16%)         133M (26%)            -                  -          
[2025-12-18T08:25:19.371+0530][info][gc          ] GC(238) Garbage Collection (Allocation Stall) 402M(79%)->392M(77%)
[2025-12-18T08:25:19.417+0530][info][gc,start    ] GC(239) Garbage Collection (Allocation Stall)
[2025-12-18T08:25:19.417+0530][info][gc,ref      ] GC(239) Clearing All SoftReferences
[2025-12-18T08:25:19.417+0530][info][gc,task     ] GC(239) Using 2 workers
[2025-12-18T08:25:19.417+0530][info][gc,ref      ] GC(239) Clearing All SoftReferences
[2025-12-18T08:25:19.417+0530][info][gc,phases   ] GC(239) Pause Mark Start 0.053ms
[2025-12-18T08:25:19.542+0530][info][gc,phases   ] GC(239) Concurrent Mark 120.075ms
[2025-12-18T08:25:19.542+0530][info][gc,phases   ] GC(239) Pause Mark End 0.090ms
[2025-12-18T08:25:19.542+0530][info][gc,phases   ] GC(239) Concurrent Mark Free 0.001ms
[2025-12-18T08:25:19.543+0530][info][gc,phases   ] GC(239) Concurrent Process Non-Strong References 1.061ms
[2025-12-18T08:25:19.543+0530][info][gc,phases   ] GC(239) Concurrent Reset Relocation Set 0.004ms
[2025-12-18T08:25:19.543+0530][info][gc          ] Allocation Stall (Worker-5) 78.617ms
[2025-12-18T08:25:19.543+0530][info][gc          ] Allocation Stall (Worker-4) 77.120ms
[2025-12-18T08:25:19.543+0530][info][gc          ] Allocation Stall (Worker-3) 76.092ms
[2025-12-18T08:25:19.543+0530][info][gc          ] Allocation Stall (Worker-7) 86.596ms
[2025-12-18T08:25:19.543+0530][info][gc          ] Allocation Stall (Worker-6) 86.187ms
[2025-12-18T08:25:19.543+0530][info][gc          ] Allocation Stall (Worker-2) 78.857ms
[2025-12-18T08:25:19.543+0530][info][gc          ] Allocation Stall (Worker-1) 85.308ms
[2025-12-18T08:25:19.543+0530][info][gc          ] Allocation Stall (Worker-0) 79.840ms
[2025-12-18T08:25:19.547+0530][info][gc,phases   ] GC(239) Concurrent Select Relocation Set 3.728ms
[2025-12-18T08:25:19.547+0530][info][gc,phases   ] GC(239) Pause Relocate Start 0.009ms
[2025-12-18T08:25:19.551+0530][info][gc,phases   ] GC(239) Concurrent Relocate 1.512ms
[2025-12-18T08:25:19.551+0530][info][gc,load     ] GC(239) Load: 0.00/0.00/0.00
[2025-12-18T08:25:19.551+0530][info][gc,mmu      ] GC(239) MMU: 2ms/54.5%, 5ms/81.8%, 10ms/90.8%, 20ms/95.4%, 50ms/98.2%, 100ms/99.0%
[2025-12-18T08:25:19.551+0530][info][gc,marking  ] GC(239) Mark: 2 stripe(s), 2 proactive flush(es), 1 terminate flush(es), 1 completion(s), 0 continuation(s) 
[2025-12-18T08:25:19.551+0530][info][gc,marking  ] GC(239) Mark Stack Usage: 32M
[2025-12-18T08:25:19.551+0530][info][gc,nmethod  ] GC(239) NMethods: 682 registered, 1 unregistered
[2025-12-18T08:25:19.551+0530][info][gc,metaspace] GC(239) Metaspace: 4M used, 4M committed, 1088M reserved
[2025-12-18T08:25:19.551+0530][info][gc,ref      ] GC(239) Soft: 157 encountered, 80 discovered, 0 enqueued
[2025-12-18T08:25:19.551+0530][info][gc,ref      ] GC(239) Weak: 539 encountered, 417 discovered, 0 enqueued
[2025-12-18T08:25:19.551+0530][info][gc,ref      ] GC(239) Final: 0 encountered, 0 discovered, 0 enqueued
[2025-12-18T08:25:19.551+0530][info][gc,ref      ] GC(239) Phantom: 7 encountered, 2 discovered, 0 enqueued
[2025-12-18T08:25:19.551+0530][info][gc,reloc    ] GC(239) Small Pages: 221 / 442M, Empty: 164M, Relocated: 1M, In-Place: 0
[2025-12-18T08:25:19.551+0530][info][gc,reloc    ] GC(239) Medium Pages: 1 / 16M, Empty: 0M, Relocated: 0M, In-Place: 0
[2025-12-18T08:25:19.551+0530][info][gc,reloc    ] GC(239) Large Pages: 1 / 6M, Empty: 0M, Relocated: 0M, In-Place: 0
[2025-12-18T08:25:19.551+0530][info][gc,reloc    ] GC(239) Forwarding Usage: 0M
[2025-12-18T08:25:19.551+0530][info][gc,heap     ] GC(239) Min Capacity: 512M(100%)
[2025-12-18T08:25:19.551+0530][info][gc,heap     ] GC(239) Max Capacity: 512M(100%)
[2025-12-18T08:25:19.551+0530][info][gc,heap     ] GC(239) Soft Max Capacity: 512M(100%)
[2025-12-18T08:25:19.552+0530][info][gc,heap     ] GC(239)                Mark Start          Mark End        Relocate Start      Relocate End           High               Low         
[2025-12-18T08:25:19.552+0530][info][gc,heap     ] GC(239)  Capacity:      512M (100%)        512M (100%)        512M (100%)        512M (100%)        512M (100%)        512M (100%)   
[2025-12-18T08:25:19.552+0530][info][gc,heap     ] GC(239)      Free:       48M (9%)            0M (0%)          152M (30%)         184M (36%)         184M (36%)           0M (0%)     
[2025-12-18T08:25:19.552+0530][info][gc,heap     ] GC(239)      Used:      464M (91%)         512M (100%)        360M (70%)         328M (64%)         512M (100%)        328M (64%)    
[2025-12-18T08:25:19.552+0530][info][gc,heap     ] GC(239)      Live:         -               248M (48%)         248M (48%)         248M (48%)            -                  -          
[2025-12-18T08:25:19.552+0530][info][gc,heap     ] GC(239) Allocated:         -                48M (9%)           60M (12%)          59M (12%)            -                  -          
[2025-12-18T08:25:19.552+0530][info][gc,heap     ] GC(239)   Garbage:         -               215M (42%)          51M (10%)          19M (4%)             -                  -          
[2025-12-18T08:25:19.552+0530][info][gc,heap     ] GC(239) Reclaimed:         -                  -               164M (32%)         195M (38%)            -                  -          
[2025-12-18T08:25:19.552+0530][info][gc          ] GC(239) Garbage Collection (Allocation Stall) 464M(91%)->328M(64%)
[2025-12-18T08:25:19.618+0530][info][gc,start    ] GC(240) Garbage Collection (Allocation Stall)
[2025-12-18T08:25:19.618+0530][info][gc,ref      ] GC(240) Clearing All SoftReferences
[2025-12-18T08:25:19.618+0530][info][gc,task     ] GC(240) Using 2 workers
[2025-12-18T08:25:19.618+0530][info][gc,ref      ] GC(240) Clearing All SoftReferences
[2025-12-18T08:25:19.618+0530][info][gc,phases   ] GC(240) Pause Mark Start 0.049ms
[2025-12-18T08:25:19.751+0530][info][gc,phases   ] GC(240) Concurrent Mark 130.823ms
[2025-12-18T08:25:19.751+0530][info][gc,phases   ] GC(240) Pause Mark End 0.096ms
[2025-12-18T08:25:19.751+0530][info][gc,phases   ] GC(240) Concurrent Mark Free 0.001ms
[2025-12-18T08:25:19.752+0530][info][gc,phases   ] GC(240) Concurrent Process Non-Strong References 1.173ms
[2025-12-18T08:25:19.752+0530][info][gc,phases   ] GC(240) Concurrent Reset Relocation Set 0.002ms
[2025-12-18T08:25:19.755+0530][info][gc          ] Allocation Stall (Worker-3) 47.955ms
[2025-12-18T08:25:19.755+0530][info][gc          ] Allocation Stall (Worker-1) 49.678ms
[2025-12-18T08:25:19.755+0530][info][gc          ] Allocation Stall (Worker-7) 47.463ms
[2025-12-18T08:25:19.755+0530][info][gc          ] Allocation Stall (Worker-6) 52.230ms
[2025-12-18T08:25:19.755+0530][info][gc          ] Allocation Stall (Worker-2) 50.080ms
[2025-12-18T08:25:19.755+0530][info][gc          ] Allocation Stall (Worker-0) 53.711ms
[2025-12-18T08:25:19.755+0530][info][gc          ] Allocation Stall (Worker-4) 53.471ms
[2025-12-18T08:25:19.755+0530][info][gc          ] Allocation Stall (Worker-5) 54.944ms
[2025-12-18T08:25:19.755+0530][info][gc,phases   ] GC(240) Concurrent Select Relocation Set 3.045ms
[2025-12-18T08:25:19.760+0530][info][gc,phases   ] GC(240) Pause Relocate Start 0.011ms
[2025-12-18T08:25:19.776+0530][info][gc,phases   ] GC(240) Concurrent Relocate 1.799ms
[2025-12-18T08:25:19.777+0530][info][gc,load     ] GC(240) Load: 0.00/0.00/0.00
[2025-12-18T08:25:19.777+0530][info][gc,mmu      ] GC(240) MMU: 2ms/54.5%, 5ms/81.8%, 10ms/90.8%, 20ms/95.4%, 50ms/98.2%, 100ms/99.0%
[2025-12-18T08:25:19.777+0530][info][gc,marking  ] GC(240) Mark: 2 stripe(s), 2 proactive flush(es), 1 terminate flush(es), 1 completion(s), 0 continuation(s) 
[2025-12-18T08:25:19.777+0530][info][gc,marking  ] GC(240) Mark Stack Usage: 32M
[2025-12-18T08:25:19.777+0530][info][gc,nmethod  ] GC(240) NMethods: 687 registered, 1 unregistered
[2025-12-18T08:25:19.777+0530][info][gc,metaspace] GC(240) Metaspace: 4M used, 4M committed, 1088M reserved
[2025-12-18T08:25:19.777+0530][info][gc,ref      ] GC(240) Soft: 157 encountered, 77 discovered, 0 enqueued
[2025-12-18T08:25:19.777+0530][info][gc,ref      ] GC(240) Weak: 539 encountered, 376 discovered, 0 enqueued
[2025-12-18T08:25:19.777+0530][info][gc,ref      ] GC(240) Final: 0 encountered, 0 discovered, 0 enqueued
[2025-12-18T08:25:19.777+0530][info][gc,ref      ] GC(240) Phantom: 7 encountered, 3 discovered, 0 enqueued
[2025-12-18T08:25:19.777+0530][info][gc,reloc    ] GC(240) Small Pages: 203 / 406M, Empty: 126M, Relocated: 1M, In-Place: 0
[2025-12-18T08:25:19.777+0530][info][gc,reloc    ] GC(240) Medium Pages: 1 / 16M, Empty: 0M, Relocated: 0M, In-Place: 0
[2025-12-18T08:25:19.777+0530][info][gc,reloc    ] GC(240) Large Pages: 1 / 6M, Empty: 0M, Relocated: 0M, In-Place: 0
[2025-12-18T08:25:19.777+0530][info][gc,reloc    ] GC(240) Forwarding Usage: 0M
[2025-12-18T08:25:19.777+0530][info][gc,heap     ] GC(240) Min Capacity: 512M(100%)
[2025-12-18T08:25:19.777+0530][info][gc,heap     ] GC(240) Max Capacity: 512M(100%)
[2025-12-18T08:25:19.777+0530][info][gc,heap     ] GC(240) Soft Max Capacity: 512M(100%)
[2025-12-18T08:25:19.777+0530][info][gc,heap     ] GC(240)                Mark Start          Mark End        Relocate Start      Relocate End           High               Low         
[2025-12-18T08:25:19.777+0530][info][gc,heap     ] GC(240)  Capacity:      512M (100%)        512M (100%)        512M (100%)        512M (100%)        512M (100%)        512M (100%)   
[2025-12-18T08:25:19.777+0530][info][gc,heap     ] GC(240)      Free:       84M (16%)           0M (0%)          110M (21%)         130M (25%)         130M (25%)           0M (0%)     
[2025-12-18T08:25:19.777+0530][info][gc,heap     ] GC(240)      Used:      428M (84%)         512M (100%)        402M (79%)         382M (75%)         512M (100%)        382M (75%)    
[2025-12-18T08:25:19.777+0530][info][gc,heap     ] GC(240)      Live:         -               248M (48%)         248M (48%)         248M (48%)            -                  -          
[2025-12-18T08:25:19.777+0530][info][gc,heap     ] GC(240) Allocated:         -                84M (16%)         100M (20%)         113M (22%)            -                  -          
[2025-12-18T08:25:19.777+0530][info][gc,heap     ] GC(240)   Garbage:         -               179M (35%)          53M (11%)          20M (4%)             -                  -          
[2025-12-18T08:25:19.777+0530][info][gc,heap     ] GC(240) Reclaimed:         -                  -               126M (25%)         159M (31%)            -                  -          
[2025-12-18T08:25:19.777+0530][info][gc          ] GC(240) Garbage Collection (Allocation Stall) 428M(84%)->382M(75%)
[2025-12-18T08:25:19.817+0530][info][gc,start    ] GC(241) Garbage Collection (Allocation Stall)
[2025-12-18T08:25:19.817+0530][info][gc,ref      ] GC(241) Clearing All SoftReferences
[2025-12-18T08:25:19.817+0530][info][gc,task     ] GC(241) Using 2 workers
[2025-12-18T08:25:19.817+0530][info][gc,ref      ] GC(241) Clearing All SoftReferences
[2025-12-18T08:25:19.817+0530][info][gc,phases   ] GC(241) Pause Mark Start 0.059ms
[2025-12-18T08:25:19.952+0530][info][gc,phases   ] GC(241) Concurrent Mark 127.940ms
[2025-12-18T08:25:19.952+0530][info][gc,phases   ] GC(241) Pause Mark End 0.107ms
[2025-12-18T08:25:19.952+0530][info][gc,phases   ] GC(241) Concurrent Mark Free 0.001ms
[2025-12-18T08:25:19.953+0530][info][gc,phases   ] GC(241) Concurrent Process Non-Strong References 1.093ms
[2025-12-18T08:25:19.953+0530][info][gc,phases   ] GC(241) Concurrent Reset Relocation Set 0.002ms
[2025-12-18T08:25:19.953+0530][info][gc          ] Allocation Stall (Worker-4) 66.081ms
[2025-12-18T08:25:19.953+0530][info][gc          ] Allocation Stall (Worker-1) 64.493ms
[2025-12-18T08:25:19.953+0530][info][gc          ] Allocation Stall (Worker-3) 73.179ms
[2025-12-18T08:25:19.953+0530][info][gc          ] Allocation Stall (Worker-7) 72.593ms
[2025-12-18T08:25:19.953+0530][info][gc          ] Allocation Stall (Worker-0) 71.532ms
[2025-12-18T08:25:19.953+0530][info][gc          ] Allocation Stall (Worker-6) 71.533ms
[2025-12-18T08:25:19.953+0530][info][gc          ] Allocation Stall (Worker-5) 69.967ms
[2025-12-18T08:25:19.954+0530][info][gc          ] Allocation Stall (Worker-2) 66.103ms
[2025-12-18T08:25:19.956+0530][info][gc,phases   ] GC(241) Concurrent Select Relocation Set 3.666ms
[2025-12-18T08:25:19.957+0530][info][gc,phases   ] GC(241) Pause Relocate Start 0.010ms
[2025-12-18T08:25:19.963+0530][info][gc,phases   ] GC(241) Concurrent Relocate 1.764ms
[2025-12-18T08:25:19.963+0530][info][gc,load     ] GC(241) Load: 0.00/0.00/0.00
[2025-12-18T08:25:19.964+0530][info][gc,mmu      ] GC(241) MMU: 2ms/54.5%, 5ms/81.8%, 10ms/90.8%, 20ms/95.4%, 50ms/98.2%, 100ms/99.0%
[2025-12-18T08:25:19.964+0530][info][gc,marking  ] GC(241) Mark: 2 stripe(s), 2 proactive flush(es), 1 terminate flush(es), 1 completion(s), 0 continuation(s) 
[2025-12-18T08:25:19.964+0530][info][gc,marking  ] GC(241) Mark Stack Usage: 32M
[2025-12-18T08:25:19.964+0530][info][gc,nmethod  ] GC(241) NMethods: 687 registered, 1 unregistered
[2025-12-18T08:25:19.964+0530][info][gc,metaspace] GC(241) Metaspace: 4M used, 4M committed, 1088M reserved
[2025-12-18T08:25:19.964+0530][info][gc,ref      ] GC(241) Soft: 157 encountered, 76 discovered, 0 enqueued
[2025-12-18T08:25:19.964+0530][info][gc,ref      ] GC(241) Weak: 539 encountered, 3 discovered, 0 enqueued
[2025-12-18T08:25:19.964+0530][info][gc,ref      ] GC(241) Final: 0 encountered, 0 discovered, 0 enqueued
[2025-12-18T08:25:19.964+0530][info][gc,ref      ] GC(241) Phantom: 7 encountered, 5 discovered, 0 enqueued
[2025-12-18T08:25:19.964+0530][info][gc,reloc    ] GC(241) Small Pages: 210 / 420M, Empty: 128M, Relocated: 1M, In-Place: 0
[2025-12-18T08:25:19.964+0530][info][gc,reloc    ] GC(241) Medium Pages: 1 / 16M, Empty: 0M, Relocated: 0M, In-Place: 0
[2025-12-18T08:25:19.964+0530][info][gc,reloc    ] GC(241) Large Pages: 1 / 6M, Empty: 0M, Relocated: 0M, In-Place: 0
[2025-12-18T08:25:19.964+0530][info][gc,reloc    ] GC(241) Forwarding Usage: 0M
[2025-12-18T08:25:19.964+0530][info][gc,heap     ] GC(241) Min Capacity: 512M(100%)
[2025-12-18T08:25:19.964+0530][info][gc,heap     ] GC(241) Max Capacity: 512M(100%)
[2025-12-18T08:25:19.964+0530][info][gc,heap     ] GC(241) Soft Max Capacity: 512M(100%)
[2025-12-18T08:25:19.964+0530][info][gc,heap     ] GC(241)                Mark Start          Mark End        Relocate Start      Relocate End           High               Low         
[2025-12-18T08:25:19.964+0530][info][gc,heap     ] GC(241)  Capacity:      512M (100%)        512M (100%)        512M (100%)        512M (100%)        512M (100%)        512M (100%)   
[2025-12-18T08:25:19.964+0530][info][gc,heap     ] GC(241)      Free:       70M (14%)           0M (0%)          116M (23%)         160M (31%)         160M (31%)           0M (0%)     
[2025-12-18T08:25:19.964+0530][info][gc,heap     ] GC(241)      Used:      442M (86%)         512M (100%)        396M (77%)         352M (69%)         512M (100%)        352M (69%)    
[2025-12-18T08:25:19.964+0530][info][gc,heap     ] GC(241)      Live:         -               248M (48%)         248M (48%)         248M (48%)            -                  -          
[2025-12-18T08:25:19.964+0530][info][gc,heap     ] GC(241) Allocated:         -                70M (14%)          82M (16%)          83M (16%)            -                  -          
[2025-12-18T08:25:19.964+0530][info][gc,heap     ] GC(241)   Garbage:         -               193M (38%)          65M (13%)          19M (4%)             -                  -          
[2025-12-18T08:25:19.964+0530][info][gc,heap     ] GC(241) Reclaimed:         -                  -               128M (25%)         173M (34%)            -                  -          
[2025-12-18T08:25:19.964+0530][info][gc          ] GC(241) Garbage Collection (Allocation Stall) 442M(86%)->352M(69%)
[2025-12-18T08:25:20.017+0530][info][gc,start    ] GC(242) Garbage Collection (Allocation Stall)
[2025-12-18T08:25:20.017+0530][info][gc,ref      ] GC(242) Clearing All SoftReferences
[2025-12-18T08:25:20.017+0530][info][gc,task     ] GC(242) Using 2 workers
[2025-12-18T08:25:20.017+0530][info][gc,ref      ] GC(242) Clearing All SoftReferences
[2025-12-18T08:25:20.017+0530][info][gc,phases   ] GC(242) Pause Mark Start 0.048ms
[2025-12-18T08:25:20.162+0530][info][gc,phases   ] GC(242) Concurrent Mark 143.355ms
[2025-12-18T08:25:20.162+0530][info][gc,phases   ] GC(242) Pause Mark End 0.021ms
[2025-12-18T08:25:20.162+0530][info][gc,phases   ] GC(242) Concurrent Mark Free 0.001ms
[2025-12-18T08:25:20.163+0530][info][gc,phases   ] GC(242) Concurrent Process Non-Strong References 1.118ms
[2025-12-18T08:25:20.163+0530][info][gc,phases   ] GC(242) Concurrent Reset Relocation Set 0.003ms
[2025-12-18T08:25:20.163+0530][info][gc          ] Allocation Stall (Worker-1) 60.415ms
[2025-12-18T08:25:20.163+0530][info][gc          ] Allocation Stall (Worker-3) 61.326ms
[2025-12-18T08:25:20.163+0530][info][gc          ] Allocation Stall (Worker-6) 64.318ms
[2025-12-18T08:25:20.163+0530][info][gc          ] Allocation Stall (Worker-2) 60.330ms
[2025-12-18T08:25:20.163+0530][info][gc          ] Allocation Stall (Worker-0) 68.169ms
[2025-12-18T08:25:20.163+0530][info][gc          ] Allocation Stall (Worker-4) 67.993ms
[2025-12-18T08:25:20.163+0530][info][gc          ] Allocation Stall (Worker-7) 67.245ms
[2025-12-18T08:25:20.163+0530][info][gc          ] Allocation Stall (Worker-5) 67.519ms
[2025-12-18T08:25:20.167+0530][info][gc,phases   ] GC(242) Concurrent Select Relocation Set 3.602ms
[2025-12-18T08:25:20.167+0530][info][gc,phases   ] GC(242) Pause Relocate Start 0.010ms
[2025-12-18T08:25:20.183+0530][info][gc,phases   ] GC(242) Concurrent Relocate 1.774ms
[2025-12-18T08:25:20.183+0530][info][gc,load     ] GC(242) Load: 0.00/0.00/0.00
[2025-12-18T08:25:20.183+0530][info][gc,mmu      ] GC(242) MMU: 2ms/54.5%, 5ms/81.8%, 10ms/90.8%, 20ms/95.4%, 50ms/98.2%, 100ms/99.0%
[2025-12-18T08:25:20.183+0530][info][gc,marking  ] GC(242) Mark: 2 stripe(s), 2 proactive flush(es), 1 terminate flush(es), 0 completion(s), 0 continuation(s) 
[2025-12-18T08:25:20.183+0530][info][gc,marking  ] GC(242) Mark Stack Usage: 32M
[2025-12-18T08:25:20.183+0530][info][gc,nmethod  ] GC(242) NMethods: 687 registered, 1 unregistered
[2025-12-18T08:25:20.183+0530][info][gc,metaspace] GC(242) Metaspace: 4M used, 4M committed, 1088M reserved
[2025-12-18T08:25:20.183+0530][info][gc,ref      ] GC(242) Soft: 157 encountered, 89 discovered, 0 enqueued
[2025-12-18T08:25:20.183+0530][info][gc,ref      ] GC(242) Weak: 539 encountered, 410 discovered, 0 enqueued
[2025-12-18T08:25:20.183+0530][info][gc,ref      ] GC(242) Final: 0 encountered, 0 discovered, 0 enqueued
[2025-12-18T08:25:20.183+0530][info][gc,ref      ] GC(242) Phantom: 7 encountered, 3 discovered, 0 enqueued
[2025-12-18T08:25:20.183+0530][info][gc,reloc    ] GC(242) Small Pages: 205 / 410M, Empty: 130M, Relocated: 1M, In-Place: 0
[2025-12-18T08:25:20.183+0530][info][gc,reloc    ] GC(242) Medium Pages: 1 / 16M, Empty: 0M, Relocated: 0M, In-Place: 0
[2025-12-18T08:25:20.183+0530][info][gc,reloc    ] GC(242) Large Pages: 1 / 6M, Empty: 0M, Relocated: 0M, In-Place: 0
[2025-12-18T08:25:20.183+0530][info][gc,reloc    ] GC(242) Forwarding Usage: 0M
[2025-12-18T08:25:20.183+0530][info][gc,heap     ] GC(242) Min Capacity: 512M(100%)
[2025-12-18T08:25:20.183+0530][info][gc,heap     ] GC(242) Max Capacity: 512M(100%)
[2025-12-18T08:25:20.183+0530][info][gc,heap     ] GC(242) Soft Max Capacity: 512M(100%)
[2025-12-18T08:25:20.183+0530][info][gc,heap     ] GC(242)                Mark Start          Mark End        Relocate Start      Relocate End           High               Low         
[2025-12-18T08:25:20.183+0530][info][gc,heap     ] GC(242)  Capacity:      512M (100%)        512M (100%)        512M (100%)        512M (100%)        512M (100%)        512M (100%)   
[2025-12-18T08:25:20.184+0530][info][gc,heap     ] GC(242)      Free:       80M (16%)           0M (0%)          118M (23%)         134M (26%)         134M (26%)           0M (0%)     
[2025-12-18T08:25:20.184+0530][info][gc,heap     ] GC(242)      Used:      432M (84%)         512M (100%)        394M (77%)         378M (74%)         512M (100%)        378M (74%)    
[2025-12-18T08:25:20.184+0530][info][gc,heap     ] GC(242)      Live:         -               248M (48%)         248M (48%)         248M (48%)            -                  -          
[2025-12-18T08:25:20.184+0530][info][gc,heap     ] GC(242) Allocated:         -                80M (16%)          92M (18%)         109M (21%)            -                  -          
[2025-12-18T08:25:20.184+0530][info][gc,heap     ] GC(242)   Garbage:         -               183M (36%)          53M (11%)          20M (4%)             -                  -          
[2025-12-18T08:25:20.184+0530][info][gc,heap     ] GC(242) Reclaimed:         -                  -               130M (25%)         163M (32%)            -                  -          
[2025-12-18T08:25:20.184+0530][info][gc          ] GC(242) Garbage Collection (Allocation Stall) 432M(84%)->378M(74%)
[2025-12-18T08:25:20.217+0530][info][gc,start    ] GC(243) Garbage Collection (Allocation Stall)
[2025-12-18T08:25:20.217+0530][info][gc,ref      ] GC(243) Clearing All SoftReferences
[2025-12-18T08:25:20.217+0530][info][gc,task     ] GC(243) Using 2 workers
[2025-12-18T08:25:20.217+0530][info][gc,ref      ] GC(243) Clearing All SoftReferences
[2025-12-18T08:25:20.217+0530][info][gc,phases   ] GC(243) Pause Mark Start 0.052ms
[2025-12-18T08:25:20.352+0530][info][gc,phases   ] GC(243) Concurrent Mark 131.044ms
[2025-12-18T08:25:20.352+0530][info][gc,phases   ] GC(243) Pause Mark End 0.092ms
[2025-12-18T08:25:20.352+0530][info][gc,phases   ] GC(243) Concurrent Mark Free 0.001ms
[2025-12-18T08:25:20.353+0530][info][gc,phases   ] GC(243) Concurrent Process Non-Strong References 1.114ms
[2025-12-18T08:25:20.353+0530][info][gc,phases   ] GC(243) Concurrent Reset Relocation Set 0.003ms
[2025-12-18T08:25:20.356+0530][info][gc          ] Allocation Stall (Worker-0) 53.575ms
[2025-12-18T08:25:20.356+0530][info][gc          ] Allocation Stall (Worker-1) 51.148ms
[2025-12-18T08:25:20.356+0530][info][gc          ] Allocation Stall (Worker-5) 51.594ms
[2025-12-18T08:25:20.356+0530][info][gc          ] Allocation Stall (Worker-6) 50.008ms
[2025-12-18T08:25:20.356+0530][info][gc          ] Allocation Stall (Worker-3) 55.248ms
[2025-12-18T08:25:20.356+0530][info][gc          ] Allocation Stall (Worker-4) 54.941ms
[2025-12-18T08:25:20.356+0530][info][gc          ] Allocation Stall (Worker-2) 54.451ms
[2025-12-18T08:25:20.356+0530][info][gc          ] Allocation Stall (Worker-7) 54.396ms
[2025-12-18T08:25:20.356+0530][info][gc,phases   ] GC(243) Concurrent Select Relocation Set 3.080ms
[2025-12-18T08:25:20.357+0530][info][gc,phases   ] GC(243) Pause Relocate Start 0.009ms
[2025-12-18T08:25:20.390+0530][info][gc,phases   ] GC(243) Concurrent Relocate 1.825ms
[2025-12-18T08:25:20.391+0530][info][gc,load     ] GC(243) Load: 0.00/0.00/0.00
[2025-12-18T08:25:20.391+0530][info][gc,mmu      ] GC(243) MMU: 2ms/54.5%, 5ms/81.8%, 10ms/90.8%, 20ms/95.4%, 50ms/98.2%, 100ms/99.0%
[2025-12-18T08:25:20.391+0530][info][gc,marking  ] GC(243) Mark: 2 stripe(s), 2 proactive flush(es), 1 terminate flush(es), 1 completion(s), 0 continuation(s) 
[2025-12-18T08:25:20.391+0530][info][gc,marking  ] GC(243) Mark Stack Usage: 32M
[2025-12-18T08:25:20.391+0530][info][gc,nmethod  ] GC(243) NMethods: 687 registered, 1 unregistered
[2025-12-18T08:25:20.391+0530][info][gc,metaspace] GC(243) Metaspace: 4M used, 4M committed, 1088M reserved
[2025-12-18T08:25:20.391+0530][info][gc,ref      ] GC(243) Soft: 157 encountered, 89 discovered, 0 enqueued
[2025-12-18T08:25:20.391+0530][info][gc,ref      ] GC(243) Weak: 539 encountered, 417 discovered, 0 enqueued
[2025-12-18T08:25:20.391+0530][info][gc,ref      ] GC(243) Final: 0 encountered, 0 discovered, 0 enqueued
[2025-12-18T08:25:20.391+0530][info][gc,ref      ] GC(243) Phantom: 7 encountered, 5 discovered, 0 enqueued
[2025-12-18T08:25:20.391+0530][info][gc,reloc    ] GC(243) Small Pages: 201 / 402M, Empty: 108M, Relocated: 1M, In-Place: 0
[2025-12-18T08:25:20.391+0530][info][gc,reloc    ] GC(243) Medium Pages: 1 / 16M, Empty: 0M, Relocated: 0M, In-Place: 0
[2025-12-18T08:25:20.391+0530][info][gc,reloc    ] GC(243) Large Pages: 1 / 6M, Empty: 0M, Relocated: 0M, In-Place: 0
[2025-12-18T08:25:20.391+0530][info][gc,reloc    ] GC(243) Forwarding Usage: 0M
[2025-12-18T08:25:20.391+0530][info][gc,heap     ] GC(243) Min Capacity: 512M(100%)
[2025-12-18T08:25:20.391+0530][info][gc,heap     ] GC(243) Max Capacity: 512M(100%)
[2025-12-18T08:25:20.391+0530][info][gc,heap     ] GC(243) Soft Max Capacity: 512M(100%)
[2025-12-18T08:25:20.391+0530][info][gc,heap     ] GC(243)                Mark Start          Mark End        Relocate Start      Relocate End           High               Low         
[2025-12-18T08:25:20.391+0530][info][gc,heap     ] GC(243)  Capacity:      512M (100%)        512M (100%)        512M (100%)        512M (100%)        512M (100%)        512M (100%)   
[2025-12-18T08:25:20.391+0530][info][gc,heap     ] GC(243)      Free:       88M (17%)           0M (0%)           96M (19%)         108M (21%)         110M (21%)           0M (0%)     
[2025-12-18T08:25:20.391+0530][info][gc,heap     ] GC(243)      Used:      424M (83%)         512M (100%)        416M (81%)         404M (79%)         512M (100%)        402M (79%)    
[2025-12-18T08:25:20.391+0530][info][gc,heap     ] GC(243)      Live:         -               248M (48%)         248M (48%)         248M (48%)            -                  -          
[2025-12-18T08:25:20.391+0530][info][gc,heap     ] GC(243) Allocated:         -                88M (17%)         100M (20%)         135M (27%)            -                  -          
[2025-12-18T08:25:20.391+0530][info][gc,heap     ] GC(243)   Garbage:         -               175M (34%)          67M (13%)          20M (4%)             -                  -          
[2025-12-18T08:25:20.391+0530][info][gc,heap     ] GC(243) Reclaimed:         -                  -               108M (21%)         155M (30%)            -                  -          
[2025-12-18T08:25:20.391+0530][info][gc          ] GC(243) Garbage Collection (Allocation Stall) 424M(83%)->404M(79%)
[2025-12-18T08:25:20.417+0530][info][gc,start    ] GC(244) Garbage Collection (Allocation Stall)
[2025-12-18T08:25:20.417+0530][info][gc,ref      ] GC(244) Clearing All SoftReferences
[2025-12-18T08:25:20.417+0530][info][gc,task     ] GC(244) Using 2 workers
[2025-12-18T08:25:20.417+0530][info][gc,ref      ] GC(244) Clearing All SoftReferences
[2025-12-18T08:25:20.417+0530][info][gc,phases   ] GC(244) Pause Mark Start 0.047ms
[2025-12-18T08:25:20.548+0530][info][gc,phases   ] GC(244) Concurrent Mark 126.214ms
[2025-12-18T08:25:20.548+0530][info][gc,phases   ] GC(244) Pause Mark End 0.094ms
[2025-12-18T08:25:20.548+0530][info][gc,phases   ] GC(244) Concurrent Mark Free 0.001ms
[2025-12-18T08:25:20.549+0530][info][gc,phases   ] GC(244) Concurrent Process Non-Strong References 1.127ms
[2025-12-18T08:25:20.549+0530][info][gc,phases   ] GC(244) Concurrent Reset Relocation Set 0.003ms
[2025-12-18T08:25:20.553+0530][info][gc          ] Allocation Stall (Worker-6) 72.320ms
[2025-12-18T08:25:20.553+0530][info][gc          ] Allocation Stall (Worker-1) 67.664ms
[2025-12-18T08:25:20.553+0530][info][gc          ] Allocation Stall (Worker-7) 67.467ms
[2025-12-18T08:25:20.553+0530][info][gc          ] Allocation Stall (Worker-5) 75.098ms
[2025-12-18T08:25:20.553+0530][info][gc          ] Allocation Stall (Worker-0) 75.041ms
[2025-12-18T08:25:20.553+0530][info][gc          ] Allocation Stall (Worker-3) 74.615ms
[2025-12-18T08:25:20.553+0530][info][gc          ] Allocation Stall (Worker-4) 74.529ms
[2025-12-18T08:25:20.553+0530][info][gc          ] Allocation Stall (Worker-2) 73.348ms
[2025-12-18T08:25:20.553+0530][info][gc,phases   ] GC(244) Concurrent Select Relocation Set 3.105ms
[2025-12-18T08:25:20.553+0530][info][gc,phases   ] GC(244) Pause Relocate Start 0.010ms
[2025-12-18T08:25:20.557+0530][info][gc,phases   ] GC(244) Concurrent Relocate 1.751ms
[2025-12-18T08:25:20.557+0530][info][gc,load     ] GC(244) Load: 0.00/0.00/0.00
[2025-12-18T08:25:20.557+0530][info][gc,mmu      ] GC(244) MMU: 2ms/54.5%, 5ms/81.8%, 10ms/90.8%, 20ms/95.4%, 50ms/98.2%, 100ms/99.0%
[2025-12-18T08:25:20.557+0530][info][gc,marking  ] GC(244) Mark: 2 stripe(s), 2 proactive flush(es), 1 terminate flush(es), 1 completion(s), 0 continuation(s) 
[2025-12-18T08:25:20.558+0530][info][gc,marking  ] GC(244) Mark Stack Usage: 32M
[2025-12-18T08:25:20.558+0530][info][gc,nmethod  ] GC(244) NMethods: 687 registered, 1 unregistered
[2025-12-18T08:25:20.558+0530][info][gc,metaspace] GC(244) Metaspace: 4M used, 4M committed, 1088M reserved
[2025-12-18T08:25:20.558+0530][info][gc,ref      ] GC(244) Soft: 157 encountered, 80 discovered, 0 enqueued
[2025-12-18T08:25:20.558+0530][info][gc,ref      ] GC(244) Weak: 539 encountered, 419 discovered, 0 enqueued
[2025-12-18T08:25:20.558+0530][info][gc,ref      ] GC(244) Final: 0 encountered, 0 discovered, 0 enqueued
[2025-12-18T08:25:20.558+0530][info][gc,ref      ] GC(244) Phantom: 7 encountered, 2 discovered, 0 enqueued
[2025-12-18T08:25:20.558+0530][info][gc,reloc    ] GC(244) Small Pages: 212 / 424M, Empty: 114M, Relocated: 1M, In-Place: 0
[2025-12-18T08:25:20.558+0530][info][gc,reloc    ] GC(244) Medium Pages: 1 / 16M, Empty: 0M, Relocated: 0M, In-Place: 0
[2025-12-18T08:25:20.558+0530][info][gc,reloc    ] GC(244) Large Pages: 1 / 6M, Empty: 0M, Relocated: 0M, In-Place: 0
[2025-12-18T08:25:20.558+0530][info][gc,reloc    ] GC(244) Forwarding Usage: 0M
[2025-12-18T08:25:20.558+0530][info][gc,heap     ] GC(244) Min Capacity: 512M(100%)
[2025-12-18T08:25:20.558+0530][info][gc,heap     ] GC(244) Max Capacity: 512M(100%)
[2025-12-18T08:25:20.558+0530][info][gc,heap     ] GC(244) Soft Max Capacity: 512M(100%)
[2025-12-18T08:25:20.558+0530][info][gc,heap     ] GC(244)                Mark Start          Mark End        Relocate Start      Relocate End           High               Low         
[2025-12-18T08:25:20.558+0530][info][gc,heap     ] GC(244)  Capacity:      512M (100%)        512M (100%)        512M (100%)        512M (100%)        512M (100%)        512M (100%)   
[2025-12-18T08:25:20.558+0530][info][gc,heap     ] GC(244)      Free:       66M (13%)           0M (0%)          102M (20%)         166M (32%)         166M (32%)           0M (0%)     
[2025-12-18T08:25:20.558+0530][info][gc,heap     ] GC(244)      Used:      446M (87%)         512M (100%)        410M (80%)         346M (68%)         512M (100%)        346M (68%)    
[2025-12-18T08:25:20.558+0530][info][gc,heap     ] GC(244)      Live:         -               248M (48%)         248M (48%)         248M (48%)            -                  -          
[2025-12-18T08:25:20.558+0530][info][gc,heap     ] GC(244) Allocated:         -                66M (13%)          78M (15%)          77M (15%)            -                  -          
[2025-12-18T08:25:20.558+0530][info][gc,heap     ] GC(244)   Garbage:         -               197M (39%)          83M (16%)          19M (4%)             -                  -          
[2025-12-18T08:25:20.558+0530][info][gc,heap     ] GC(244) Reclaimed:         -                  -               114M (22%)         177M (35%)            -                  -          
[2025-12-18T08:25:20.558+0530][info][gc          ] GC(244) Garbage Collection (Allocation Stall) 446M(87%)->346M(68%)
[2025-12-18T08:25:20.617+0530][info][gc,start    ] GC(245) Garbage Collection (Allocation Stall)
[2025-12-18T08:25:20.617+0530][info][gc,ref      ] GC(245) Clearing All SoftReferences
[2025-12-18T08:25:20.617+0530][info][gc,task     ] GC(245) Using 2 workers
[2025-12-18T08:25:20.617+0530][info][gc,ref      ] GC(245) Clearing All SoftReferences
[2025-12-18T08:25:20.617+0530][info][gc,phases   ] GC(245) Pause Mark Start 0.044ms
[2025-12-18T08:25:20.755+0530][info][gc,phases   ] GC(245) Concurrent Mark 137.093ms
[2025-12-18T08:25:20.755+0530][info][gc,phases   ] GC(245) Pause Mark End 0.020ms
[2025-12-18T08:25:20.755+0530][info][gc,phases   ] GC(245) Concurrent Mark Free 0.001ms
[2025-12-18T08:25:20.756+0530][info][gc,phases   ] GC(245) Concurrent Process Non-Strong References 1.111ms
[2025-12-18T08:25:20.756+0530][info][gc,phases   ] GC(245) Concurrent Reset Relocation Set 0.006ms
[2025-12-18T08:25:20.759+0530][info][gc          ] Allocation Stall (Worker-2) 44.419ms
[2025-12-18T08:25:20.759+0530][info][gc          ] Allocation Stall (Worker-0) 44.139ms
[2025-12-18T08:25:20.759+0530][info][gc          ] Allocation Stall (Worker-3) 43.453ms
[2025-12-18T08:25:20.759+0530][info][gc          ] Allocation Stall (Worker-6) 54.042ms
[2025-12-18T08:25:20.759+0530][info][gc          ] Allocation Stall (Worker-7) 50.774ms
[2025-12-18T08:25:20.759+0530][info][gc          ] Allocation Stall (Worker-4) 48.704ms
[2025-12-18T08:25:20.759+0530][info][gc          ] Allocation Stall (Worker-5) 47.932ms
[2025-12-18T08:25:20.759+0530][info][gc          ] Allocation Stall (Worker-1) 44.608ms
[2025-12-18T08:25:20.759+0530][info][gc,phases   ] GC(245) Concurrent Select Relocation Set 3.070ms
[2025-12-18T08:25:20.760+0530][info][gc,phases   ] GC(245) Pause Relocate Start 0.010ms
[2025-12-18T08:25:20.792+0530][info][gc,phases   ] GC(245) Concurrent Relocate 1.736ms
[2025-12-18T08:25:20.792+0530][info][gc,load     ] GC(245) Load: 0.00/0.00/0.00
[2025-12-18T08:25:20.792+0530][info][gc,mmu      ] GC(245) MMU: 2ms/54.5%, 5ms/81.8%, 10ms/90.8%, 20ms/95.4%, 50ms/98.2%, 100ms/99.0%
[2025-12-18T08:25:20.792+0530][info][gc,marking  ] GC(245) Mark: 2 stripe(s), 2 proactive flush(es), 1 terminate flush(es), 0 completion(s), 0 continuation(s) 
[2025-12-18T08:25:20.792+0530][info][gc,marking  ] GC(245) Mark Stack Usage: 32M
[2025-12-18T08:25:20.792+0530][info][gc,nmethod  ] GC(245) NMethods: 696 registered, 1 unregistered
[2025-12-18T08:25:20.792+0530][info][gc,metaspace] GC(245) Metaspace: 4M used, 4M committed, 1088M reserved
[2025-12-18T08:25:20.792+0530][info][gc,ref      ] GC(245) Soft: 157 encountered, 87 discovered, 0 enqueued
[2025-12-18T08:25:20.792+0530][info][gc,ref      ] GC(245) Weak: 539 encountered, 395 discovered, 0 enqueued
[2025-12-18T08:25:20.792+0530][info][gc,ref      ] GC(245) Final: 0 encountered, 0 discovered, 0 enqueued
[2025-12-18T08:25:20.792+0530][info][gc,ref      ] GC(245) Phantom: 7 encountered, 3 discovered, 0 enqueued
[2025-12-18T08:25:20.792+0530][info][gc,reloc    ] GC(245) Small Pages: 201 / 402M, Empty: 122M, Relocated: 1M, In-Place: 0
[2025-12-18T08:25:20.792+0530][info][gc,reloc    ] GC(245) Medium Pages: 1 / 16M, Empty: 0M, Relocated: 0M, In-Place: 0
[2025-12-18T08:25:20.792+0530][info][gc,reloc    ] GC(245) Large Pages: 1 / 6M, Empty: 0M, Relocated: 0M, In-Place: 0
[2025-12-18T08:25:20.792+0530][info][gc,reloc    ] GC(245) Forwarding Usage: 0M
[2025-12-18T08:25:20.792+0530][info][gc,heap     ] GC(245) Min Capacity: 512M(100%)
[2025-12-18T08:25:20.792+0530][info][gc,heap     ] GC(245) Max Capacity: 512M(100%)
[2025-12-18T08:25:20.792+0530][info][gc,heap     ] GC(245) Soft Max Capacity: 512M(100%)
[2025-12-18T08:25:20.792+0530][info][gc,heap     ] GC(245)                Mark Start          Mark End        Relocate Start      Relocate End           High               Low         
[2025-12-18T08:25:20.792+0530][info][gc,heap     ] GC(245)  Capacity:      512M (100%)        512M (100%)        512M (100%)        512M (100%)        512M (100%)        512M (100%)   
[2025-12-18T08:25:20.792+0530][info][gc,heap     ] GC(245)      Free:       88M (17%)           0M (0%)          108M (21%)         112M (22%)         122M (24%)           0M (0%)     
[2025-12-18T08:25:20.792+0530][info][gc,heap     ] GC(245)      Used:      424M (83%)         512M (100%)        404M (79%)         400M (78%)         512M (100%)        390M (76%)    
[2025-12-18T08:25:20.792+0530][info][gc,heap     ] GC(245)      Live:         -               248M (48%)         248M (48%)         248M (48%)            -                  -          
[2025-12-18T08:25:20.793+0530][info][gc,heap     ] GC(245) Allocated:         -                88M (17%)         102M (20%)         131M (26%)            -                  -          
[2025-12-18T08:25:20.793+0530][info][gc,heap     ] GC(245)   Garbage:         -               175M (34%)          53M (11%)          20M (4%)             -                  -          
[2025-12-18T08:25:20.793+0530][info][gc,heap     ] GC(245) Reclaimed:         -                  -               122M (24%)         155M (30%)            -                  -          
[2025-12-18T08:25:20.793+0530][info][gc          ] GC(245) Garbage Collection (Allocation Stall) 424M(83%)->400M(78%)
[2025-12-18T08:25:20.817+0530][info][gc,start    ] GC(246) Garbage Collection (Allocation Stall)
[2025-12-18T08:25:20.817+0530][info][gc,ref      ] GC(246) Clearing All SoftReferences
[2025-12-18T08:25:20.817+0530][info][gc,task     ] GC(246) Using 2 workers
[2025-12-18T08:25:20.817+0530][info][gc,ref      ] GC(246) Clearing All SoftReferences
[2025-12-18T08:25:20.817+0530][info][gc,phases   ] GC(246) Pause Mark Start 0.057ms
[2025-12-18T08:25:20.950+0530][info][gc,phases   ] GC(246) Concurrent Mark 126.306ms
[2025-12-18T08:25:20.950+0530][info][gc,phases   ] GC(246) Pause Mark End 0.093ms
[2025-12-18T08:25:20.950+0530][info][gc,phases   ] GC(246) Concurrent Mark Free 0.001ms
[2025-12-18T08:25:20.952+0530][info][gc,phases   ] GC(246) Concurrent Process Non-Strong References 1.139ms
[2025-12-18T08:25:20.952+0530][info][gc,phases   ] GC(246) Concurrent Reset Relocation Set 0.002ms
[2025-12-18T08:25:20.955+0530][info][gc          ] Allocation Stall (Worker-0) 67.803ms
[2025-12-18T08:25:20.955+0530][info][gc          ] Allocation Stall (Worker-7) 63.960ms
[2025-12-18T08:25:20.955+0530][info][gc          ] Allocation Stall (Worker-4) 65.071ms
[2025-12-18T08:25:20.955+0530][info][gc          ] Allocation Stall (Worker-3) 61.192ms
[2025-12-18T08:25:20.955+0530][info][gc          ] Allocation Stall (Worker-5) 70.172ms
[2025-12-18T08:25:20.955+0530][info][gc          ] Allocation Stall (Worker-6) 67.309ms
[2025-12-18T08:25:20.955+0530][info][gc          ] Allocation Stall (Worker-2) 67.896ms
[2025-12-18T08:25:20.955+0530][info][gc          ] Allocation Stall (Worker-1) 61.300ms
[2025-12-18T08:25:20.955+0530][info][gc,phases   ] GC(246) Concurrent Select Relocation Set 3.202ms
[2025-12-18T08:25:20.955+0530][info][gc,phases   ] GC(246) Pause Relocate Start 0.013ms
[2025-12-18T08:25:20.964+0530][info][gc,phases   ] GC(246) Concurrent Relocate 1.749ms
[2025-12-18T08:25:20.964+0530][info][gc,load     ] GC(246) Load: 0.00/0.00/0.00
[2025-12-18T08:25:20.964+0530][info][gc,mmu      ] GC(246) MMU: 2ms/54.5%, 5ms/81.8%, 10ms/90.8%, 20ms/95.4%, 50ms/98.2%, 100ms/99.0%
[2025-12-18T08:25:20.964+0530][info][gc,marking  ] GC(246) Mark: 2 stripe(s), 2 proactive flush(es), 1 terminate flush(es), 1 completion(s), 0 continuation(s) 
[2025-12-18T08:25:20.964+0530][info][gc,marking  ] GC(246) Mark Stack Usage: 32M
[2025-12-18T08:25:20.964+0530][info][gc,nmethod  ] GC(246) NMethods: 696 registered, 1 unregistered
[2025-12-18T08:25:20.964+0530][info][gc,metaspace] GC(246) Metaspace: 4M used, 4M committed, 1088M reserved
[2025-12-18T08:25:20.964+0530][info][gc,ref      ] GC(246) Soft: 157 encountered, 80 discovered, 0 enqueued
[2025-12-18T08:25:20.964+0530][info][gc,ref      ] GC(246) Weak: 539 encountered, 419 discovered, 0 enqueued
[2025-12-18T08:25:20.964+0530][info][gc,ref      ] GC(246) Final: 0 encountered, 0 discovered, 0 enqueued
[2025-12-18T08:25:20.964+0530][info][gc,ref      ] GC(246) Phantom: 7 encountered, 2 discovered, 0 enqueued
[2025-12-18T08:25:20.964+0530][info][gc,reloc    ] GC(246) Small Pages: 210 / 420M, Empty: 114M, Relocated: 1M, In-Place: 0
[2025-12-18T08:25:20.964+0530][info][gc,reloc    ] GC(246) Medium Pages: 1 / 16M, Empty: 0M, Relocated: 0M, In-Place: 0
[2025-12-18T08:25:20.964+0530][info][gc,reloc    ] GC(246) Large Pages: 1 / 6M, Empty: 0M, Relocated: 0M, In-Place: 0
[2025-12-18T08:25:20.964+0530][info][gc,reloc    ] GC(246) Forwarding Usage: 0M
[2025-12-18T08:25:20.964+0530][info][gc,heap     ] GC(246) Min Capacity: 512M(100%)
[2025-12-18T08:25:20.964+0530][info][gc,heap     ] GC(246) Max Capacity: 512M(100%)
[2025-12-18T08:25:20.964+0530][info][gc,heap     ] GC(246) Soft Max Capacity: 512M(100%)
[2025-12-18T08:25:20.964+0530][info][gc,heap     ] GC(246)                Mark Start          Mark End        Relocate Start      Relocate End           High               Low         
[2025-12-18T08:25:20.964+0530][info][gc,heap     ] GC(246)  Capacity:      512M (100%)        512M (100%)        512M (100%)        512M (100%)        512M (100%)        512M (100%)   
[2025-12-18T08:25:20.964+0530][info][gc,heap     ] GC(246)      Free:       70M (14%)           0M (0%)          100M (20%)         158M (31%)         158M (31%)           0M (0%)     
[2025-12-18T08:25:20.964+0530][info][gc,heap     ] GC(246)      Used:      442M (86%)         512M (100%)        412M (80%)         354M (69%)         512M (100%)        354M (69%)    
[2025-12-18T08:25:20.964+0530][info][gc,heap     ] GC(246)      Live:         -               248M (48%)         248M (48%)         248M (48%)            -                  -          
[2025-12-18T08:25:20.964+0530][info][gc,heap     ] GC(246) Allocated:         -                70M (14%)          84M (16%)          85M (17%)            -                  -          
[2025-12-18T08:25:20.964+0530][info][gc,heap     ] GC(246)   Garbage:         -               193M (38%)          79M (16%)          19M (4%)             -                  -          
[2025-12-18T08:25:20.964+0530][info][gc,heap     ] GC(246) Reclaimed:         -                  -               114M (22%)         173M (34%)            -                  -          
[2025-12-18T08:25:20.964+0530][info][gc          ] GC(246) Garbage Collection (Allocation Stall) 442M(86%)->354M(69%)
[2025-12-18T08:25:21.017+0530][info][gc,start    ] GC(247) Garbage Collection (Allocation Stall)
[2025-12-18T08:25:21.017+0530][info][gc,ref      ] GC(247) Clearing All SoftReferences
[2025-12-18T08:25:21.017+0530][info][gc,task     ] GC(247) Using 2 workers
[2025-12-18T08:25:21.017+0530][info][gc,ref      ] GC(247) Clearing All SoftReferences
[2025-12-18T08:25:21.017+0530][info][gc,phases   ] GC(247) Pause Mark Start 0.049ms
[2025-12-18T08:25:21.150+0530][info][gc,phases   ] GC(247) Concurrent Mark 129.592ms
[2025-12-18T08:25:21.150+0530][info][gc,phases   ] GC(247) Pause Mark End 0.093ms
[2025-12-18T08:25:21.150+0530][info][gc,phases   ] GC(247) Concurrent Mark Free 0.001ms
[2025-12-18T08:25:21.150+0530][info][gc,phases   ] GC(247) Concurrent Process Non-Strong References 1.114ms
[2025-12-18T08:25:21.150+0530][info][gc,phases   ] GC(247) Concurrent Reset Relocation Set 0.004ms
[2025-12-18T08:25:21.150+0530][info][gc          ] Allocation Stall (Worker-7) 50.214ms
[2025-12-18T08:25:21.150+0530][info][gc          ] Allocation Stall (Worker-5) 51.161ms
[2025-12-18T08:25:21.150+0530][info][gc          ] Allocation Stall (Worker-4) 51.290ms
[2025-12-18T08:25:21.150+0530][info][gc          ] Allocation Stall (Worker-3) 43.334ms
[2025-12-18T08:25:21.150+0530][info][gc          ] Allocation Stall (Worker-6) 53.356ms
[2025-12-18T08:25:21.150+0530][info][gc          ] Allocation Stall (Worker-2) 52.536ms
[2025-12-18T08:25:21.150+0530][info][gc          ] Allocation Stall (Worker-1) 52.163ms
[2025-12-18T08:25:21.150+0530][info][gc          ] Allocation Stall (Worker-0) 51.887ms
[2025-12-18T08:25:21.155+0530][info][gc,phases   ] GC(247) Concurrent Select Relocation Set 3.653ms
[2025-12-18T08:25:21.155+0530][info][gc,phases   ] GC(247) Pause Relocate Start 0.010ms
[2025-12-18T08:25:21.177+0530][info][gc,phases   ] GC(247) Concurrent Relocate 1.715ms
[2025-12-18T08:25:21.178+0530][info][gc,load     ] GC(247) Load: 0.00/0.00/0.00
[2025-12-18T08:25:21.178+0530][info][gc,mmu      ] GC(247) MMU: 2ms/54.5%, 5ms/81.8%, 10ms/90.8%, 20ms/95.4%, 50ms/98.2%, 100ms/99.0%
[2025-12-18T08:25:21.178+0530][info][gc,marking  ] GC(247) Mark: 2 stripe(s), 2 proactive flush(es), 1 terminate flush(es), 1 completion(s), 0 continuation(s) 
[2025-12-18T08:25:21.178+0530][info][gc,marking  ] GC(247) Mark Stack Usage: 32M
[2025-12-18T08:25:21.178+0530][info][gc,nmethod  ] GC(247) NMethods: 696 registered, 1 unregistered
[2025-12-18T08:25:21.178+0530][info][gc,metaspace] GC(247) Metaspace: 4M used, 4M committed, 1088M reserved
[2025-12-18T08:25:21.178+0530][info][gc,ref      ] GC(247) Soft: 157 encountered, 78 discovered, 0 enqueued
[2025-12-18T08:25:21.178+0530][info][gc,ref      ] GC(247) Weak: 539 encountered, 3 discovered, 0 enqueued
[2025-12-18T08:25:21.178+0530][info][gc,ref      ] GC(247) Final: 0 encountered, 0 discovered, 0 enqueued
[2025-12-18T08:25:21.178+0530][info][gc,ref      ] GC(247) Phantom: 7 encountered, 5 discovered, 0 enqueued
[2025-12-18T08:25:21.178+0530][info][gc,reloc    ] GC(247) Small Pages: 206 / 412M, Empty: 132M, Relocated: 1M, In-Place: 0
[2025-12-18T08:25:21.178+0530][info][gc,reloc    ] GC(247) Medium Pages: 1 / 16M, Empty: 0M, Relocated: 0M, In-Place: 0
[2025-12-18T08:25:21.178+0530][info][gc,reloc    ] GC(247) Large Pages: 1 / 6M, Empty: 0M, Relocated: 0M, In-Place: 0
[2025-12-18T08:25:21.178+0530][info][gc,reloc    ] GC(247) Forwarding Usage: 0M
[2025-12-18T08:25:21.178+0530][info][gc,heap     ] GC(247) Min Capacity: 512M(100%)
[2025-12-18T08:25:21.178+0530][info][gc,heap     ] GC(247) Max Capacity: 512M(100%)
[2025-12-18T08:25:21.178+0530][info][gc,heap     ] GC(247) Soft Max Capacity: 512M(100%)
[2025-12-18T08:25:21.178+0530][info][gc,heap     ] GC(247)                Mark Start          Mark End        Relocate Start      Relocate End           High               Low         
[2025-12-18T08:25:21.178+0530][info][gc,heap     ] GC(247)  Capacity:      512M (100%)        512M (100%)        512M (100%)        512M (100%)        512M (100%)        512M (100%)   
[2025-12-18T08:25:21.178+0530][info][gc,heap     ] GC(247)      Free:       78M (15%)           0M (0%)          120M (23%)         124M (24%)         128M (25%)           0M (0%)     
[2025-12-18T08:25:21.178+0530][info][gc,heap     ] GC(247)      Used:      434M (85%)         512M (100%)        392M (77%)         388M (76%)         512M (100%)        384M (75%)    
[2025-12-18T08:25:21.178+0530][info][gc,heap     ] GC(247)      Live:         -               248M (48%)         248M (48%)         248M (48%)            -                  -          
[2025-12-18T08:25:21.178+0530][info][gc,heap     ] GC(247) Allocated:         -                78M (15%)          90M (18%)         119M (23%)            -                  -          
[2025-12-18T08:25:21.178+0530][info][gc,heap     ] GC(247)   Garbage:         -               185M (36%)          53M (11%)          20M (4%)             -                  -          
[2025-12-18T08:25:21.178+0530][info][gc,heap     ] GC(247) Reclaimed:         -                  -               132M (26%)         165M (32%)            -                  -          
[2025-12-18T08:25:21.178+0530][info][gc          ] GC(247) Garbage Collection (Allocation Stall) 434M(85%)->388M(76%)
[2025-12-18T08:25:21.218+0530][info][gc,start    ] GC(248) Garbage Collection (Allocation Stall)
[2025-12-18T08:25:21.218+0530][info][gc,ref      ] GC(248) Clearing All SoftReferences
[2025-12-18T08:25:21.218+0530][info][gc,task     ] GC(248) Using 2 workers
[2025-12-18T08:25:21.220+0530][info][gc,ref      ] GC(248) Clearing All SoftReferences
[2025-12-18T08:25:21.220+0530][info][gc,phases   ] GC(248) Pause Mark Start 0.069ms
[2025-12-18T08:25:21.356+0530][info][gc,phases   ] GC(248) Concurrent Mark 114.311ms
[2025-12-18T08:25:21.356+0530][info][gc,phases   ] GC(248) Pause Mark End 0.089ms
[2025-12-18T08:25:21.356+0530][info][gc,phases   ] GC(248) Concurrent Mark Free 0.001ms
[2025-12-18T08:25:21.357+0530][info][gc,phases   ] GC(248) Concurrent Process Non-Strong References 1.153ms
[2025-12-18T08:25:21.357+0530][info][gc,phases   ] GC(248) Concurrent Reset Relocation Set 0.003ms
[2025-12-18T08:25:21.360+0530][info][gc          ] Allocation Stall (Worker-7) 78.555ms
[2025-12-18T08:25:21.360+0530][info][gc          ] Allocation Stall (Worker-5) 75.673ms
[2025-12-18T08:25:21.360+0530][info][gc          ] Allocation Stall (Worker-1) 74.113ms
[2025-12-18T08:25:21.360+0530][info][gc          ] Allocation Stall (Worker-4) 80.679ms
[2025-12-18T08:25:21.360+0530][info][gc          ] Allocation Stall (Worker-6) 80.100ms
[2025-12-18T08:25:21.360+0530][info][gc          ] Allocation Stall (Worker-0) 81.305ms
[2025-12-18T08:25:21.360+0530][info][gc          ] Allocation Stall (Worker-2) 82.435ms
[2025-12-18T08:25:21.360+0530][info][gc          ] Allocation Stall (Worker-3) 81.552ms
[2025-12-18T08:25:21.360+0530][info][gc,phases   ] GC(248) Concurrent Select Relocation Set 2.993ms
[2025-12-18T08:25:21.361+0530][info][gc,phases   ] GC(248) Pause Relocate Start 0.010ms
[2025-12-18T08:25:21.370+0530][info][gc,phases   ] GC(248) Concurrent Relocate 1.700ms
[2025-12-18T08:25:21.370+0530][info][gc,load     ] GC(248) Load: 0.00/0.00/0.00
[2025-12-18T08:25:21.370+0530][info][gc,mmu      ] GC(248) MMU: 2ms/54.5%, 5ms/81.8%, 10ms/90.8%, 20ms/95.4%, 50ms/98.2%, 100ms/99.0%
[2025-12-18T08:25:21.370+0530][info][gc,marking  ] GC(248) Mark: 2 stripe(s), 2 proactive flush(es), 1 terminate flush(es), 1 completion(s), 0 continuation(s) 
[2025-12-18T08:25:21.370+0530][info][gc,marking  ] GC(248) Mark Stack Usage: 32M
[2025-12-18T08:25:21.370+0530][info][gc,nmethod  ] GC(248) NMethods: 696 registered, 1 unregistered
[2025-12-18T08:25:21.370+0530][info][gc,metaspace] GC(248) Metaspace: 4M used, 4M committed, 1088M reserved
[2025-12-18T08:25:21.370+0530][info][gc,ref      ] GC(248) Soft: 157 encountered, 91 discovered, 0 enqueued
[2025-12-18T08:25:21.370+0530][info][gc,ref      ] GC(248) Weak: 539 encountered, 348 discovered, 0 enqueued
[2025-12-18T08:25:21.370+0530][info][gc,ref      ] GC(248) Final: 0 encountered, 0 discovered, 0 enqueued
[2025-12-18T08:25:21.370+0530][info][gc,ref      ] GC(248) Phantom: 7 encountered, 3 discovered, 0 enqueued
[2025-12-18T08:25:21.370+0530][info][gc,reloc    ] GC(248) Small Pages: 211 / 422M, Empty: 114M, Relocated: 1M, In-Place: 0
[2025-12-18T08:25:21.370+0530][info][gc,reloc    ] GC(248) Medium Pages: 1 / 16M, Empty: 0M, Relocated: 0M, In-Place: 0
[2025-12-18T08:25:21.370+0530][info][gc,reloc    ] GC(248) Large Pages: 1 / 6M, Empty: 0M, Relocated: 0M, In-Place: 0
[2025-12-18T08:25:21.370+0530][info][gc,reloc    ] GC(248) Forwarding Usage: 0M
[2025-12-18T08:25:21.370+0530][info][gc,heap     ] GC(248) Min Capacity: 512M(100%)
[2025-12-18T08:25:21.370+0530][info][gc,heap     ] GC(248) Max Capacity: 512M(100%)
[2025-12-18T08:25:21.370+0530][info][gc,heap     ] GC(248) Soft Max Capacity: 512M(100%)
[2025-12-18T08:25:21.370+0530][info][gc,heap     ] GC(248)                Mark Start          Mark End        Relocate Start      Relocate End           High               Low         
[2025-12-18T08:25:21.370+0530][info][gc,heap     ] GC(248)  Capacity:      512M (100%)        512M (100%)        512M (100%)        512M (100%)        512M (100%)        512M (100%)   
[2025-12-18T08:25:21.370+0530][info][gc,heap     ] GC(248)      Free:       68M (13%)           0M (0%)          102M (20%)         160M (31%)         160M (31%)           0M (0%)     
[2025-12-18T08:25:21.370+0530][info][gc,heap     ] GC(248)      Used:      444M (87%)         512M (100%)        410M (80%)         352M (69%)         512M (100%)        352M (69%)    
[2025-12-18T08:25:21.370+0530][info][gc,heap     ] GC(248)      Live:         -               248M (48%)         248M (48%)         248M (48%)            -                  -          
[2025-12-18T08:25:21.370+0530][info][gc,heap     ] GC(248) Allocated:         -                68M (13%)          80M (16%)          83M (16%)            -                  -          
[2025-12-18T08:25:21.370+0530][info][gc,heap     ] GC(248)   Garbage:         -               195M (38%)          81M (16%)          19M (4%)             -                  -          
[2025-12-18T08:25:21.370+0530][info][gc,heap     ] GC(248) Reclaimed:         -                  -               114M (22%)         175M (34%)            -                  -          
[2025-12-18T08:25:21.370+0530][info][gc          ] GC(248) Garbage Collection (Allocation Stall) 444M(87%)->352M(69%)
[2025-12-18T08:25:21.417+0530][info][gc,start    ] GC(249) Garbage Collection (Allocation Stall)
[2025-12-18T08:25:21.417+0530][info][gc,ref      ] GC(249) Clearing All SoftReferences
[2025-12-18T08:25:21.417+0530][info][gc,task     ] GC(249) Using 2 workers
[2025-12-18T08:25:21.417+0530][info][gc,ref      ] GC(249) Clearing All SoftReferences
[2025-12-18T08:25:21.417+0530][info][gc,phases   ] GC(249) Pause Mark Start 0.080ms
[2025-12-18T08:25:21.551+0530][info][gc,phases   ] GC(249) Concurrent Mark 124.955ms
[2025-12-18T08:25:21.551+0530][info][gc,phases   ] GC(249) Pause Mark End 0.019ms
[2025-12-18T08:25:21.551+0530][info][gc,phases   ] GC(249) Concurrent Mark Free 0.001ms
[2025-12-18T08:25:21.552+0530][info][gc,phases   ] GC(249) Concurrent Process Non-Strong References 1.238ms
[2025-12-18T08:25:21.552+0530][info][gc,phases   ] GC(249) Concurrent Reset Relocation Set 0.004ms
[2025-12-18T08:25:21.555+0530][info][gc          ] Allocation Stall (Worker-2) 55.305ms
[2025-12-18T08:25:21.555+0530][info][gc          ] Allocation Stall (Worker-0) 55.069ms
[2025-12-18T08:25:21.555+0530][info][gc          ] Allocation Stall (Worker-6) 54.275ms
[2025-12-18T08:25:21.555+0530][info][gc          ] Allocation Stall (Worker-7) 53.820ms
[2025-12-18T08:25:21.555+0530][info][gc          ] Allocation Stall (Worker-1) 61.297ms
[2025-12-18T08:25:21.555+0530][info][gc          ] Allocation Stall (Worker-5) 60.569ms
[2025-12-18T08:25:21.555+0530][info][gc          ] Allocation Stall (Worker-3) 58.691ms
[2025-12-18T08:25:21.555+0530][info][gc          ] Allocation Stall (Worker-4) 58.175ms
[2025-12-18T08:25:21.555+0530][info][gc,phases   ] GC(249) Concurrent Select Relocation Set 3.053ms
[2025-12-18T08:25:21.555+0530][info][gc,phases   ] GC(249) Pause Relocate Start 0.011ms
[2025-12-18T08:25:21.557+0530][info][gc,phases   ] GC(249) Concurrent Relocate 1.333ms
[2025-12-18T08:25:21.557+0530][info][gc,load     ] GC(249) Load: 0.00/0.00/0.00
[2025-12-18T08:25:21.558+0530][info][gc,mmu      ] GC(249) MMU: 2ms/54.5%, 5ms/81.8%, 10ms/90.8%, 20ms/95.4%, 50ms/98.2%, 100ms/99.0%
[2025-12-18T08:25:21.558+0530][info][gc,marking  ] GC(249) Mark: 2 stripe(s), 2 proactive flush(es), 1 terminate flush(es), 0 completion(s), 0 continuation(s) 
[2025-12-18T08:25:21.558+0530][info][gc,marking  ] GC(249) Mark Stack Usage: 32M
[2025-12-18T08:25:21.558+0530][info][gc,nmethod  ] GC(249) NMethods: 696 registered, 1 unregistered
[2025-12-18T08:25:21.558+0530][info][gc,metaspace] GC(249) Metaspace: 4M used, 4M committed, 1088M reserved
[2025-12-18T08:25:21.558+0530][info][gc,ref      ] GC(249) Soft: 157 encountered, 78 discovered, 0 enqueued
[2025-12-18T08:25:21.558+0530][info][gc,ref      ] GC(249) Weak: 539 encountered, 387 discovered, 0 enqueued
[2025-12-18T08:25:21.558+0530][info][gc,ref      ] GC(249) Final: 0 encountered, 0 discovered, 0 enqueued
[2025-12-18T08:25:21.558+0530][info][gc,ref      ] GC(249) Phantom: 7 encountered, 3 discovered, 0 enqueued
[2025-12-18T08:25:21.558+0530][info][gc,reloc    ] GC(249) Small Pages: 203 / 406M, Empty: 124M, Relocated: 1M, In-Place: 0
[2025-12-18T08:25:21.558+0530][info][gc,reloc    ] GC(249) Medium Pages: 1 / 16M, Empty: 0M, Relocated: 0M, In-Place: 0
[2025-12-18T08:25:21.558+0530][info][gc,reloc    ] GC(249) Large Pages: 1 / 6M, Empty: 0M, Relocated: 0M, In-Place: 0
[2025-12-18T08:25:21.558+0530][info][gc,reloc    ] GC(249) Forwarding Usage: 0M
[2025-12-18T08:25:21.558+0530][info][gc,heap     ] GC(249) Min Capacity: 512M(100%)
[2025-12-18T08:25:21.558+0530][info][gc,heap     ] GC(249) Max Capacity: 512M(100%)
[2025-12-18T08:25:21.558+0530][info][gc,heap     ] GC(249) Soft Max Capacity: 512M(100%)
[2025-12-18T08:25:21.558+0530][info][gc,heap     ] GC(249)                Mark Start          Mark End        Relocate Start      Relocate End           High               Low         
[2025-12-18T08:25:21.558+0530][info][gc,heap     ] GC(249)  Capacity:      512M (100%)        512M (100%)        512M (100%)        512M (100%)        512M (100%)        512M (100%)   
[2025-12-18T08:25:21.558+0530][info][gc,heap     ] GC(249)      Free:       84M (16%)           0M (0%)          110M (21%)         146M (29%)         146M (29%)           0M (0%)     
[2025-12-18T08:25:21.558+0530][info][gc,heap     ] GC(249)      Used:      428M (84%)         512M (100%)        402M (79%)         366M (71%)         512M (100%)        366M (71%)    
[2025-12-18T08:25:21.558+0530][info][gc,heap     ] GC(249)      Live:         -               248M (48%)         248M (48%)         248M (48%)            -                  -          
[2025-12-18T08:25:21.558+0530][info][gc,heap     ] GC(249) Allocated:         -                84M (16%)          98M (19%)          97M (19%)            -                  -          
[2025-12-18T08:25:21.558+0530][info][gc,heap     ] GC(249)   Garbage:         -               179M (35%)          55M (11%)          19M (4%)             -                  -          
[2025-12-18T08:25:21.558+0530][info][gc,heap     ] GC(249) Reclaimed:         -                  -               124M (24%)         159M (31%)            -                  -          
[2025-12-18T08:25:21.558+0530][info][gc          ] GC(249) Garbage Collection (Allocation Stall) 428M(84%)->366M(71%)
[2025-12-18T08:25:21.618+0530][info][gc,start    ] GC(250) Garbage Collection (Allocation Stall)
[2025-12-18T08:25:21.618+0530][info][gc,ref      ] GC(250) Clearing All SoftReferences
[2025-12-18T08:25:21.618+0530][info][gc,task     ] GC(250) Using 2 workers
[2025-12-18T08:25:21.618+0530][info][gc,ref      ] GC(250) Clearing All SoftReferences
[2025-12-18T08:25:21.618+0530][info][gc,phases   ] GC(250) Pause Mark Start 0.057ms
[2025-12-18T08:25:21.730+0530][info][gc,phases   ] GC(250) Concurrent Mark 108.373ms
[2025-12-18T08:25:21.730+0530][info][gc,phases   ] GC(250) Pause Mark End 0.086ms
[2025-12-18T08:25:21.730+0530][info][gc,phases   ] GC(250) Concurrent Mark Free 0.001ms
[2025-12-18T08:25:21.731+0530][info][gc,phases   ] GC(250) Concurrent Process Non-Strong References 1.095ms
[2025-12-18T08:25:21.731+0530][info][gc,phases   ] GC(250) Concurrent Reset Relocation Set 0.002ms
[2025-12-18T08:25:21.731+0530][info][gc          ] Allocation Stall (Worker-7) 52.201ms
[2025-12-18T08:25:21.731+0530][info][gc          ] Allocation Stall (Worker-6) 52.142ms
[2025-12-18T08:25:21.731+0530][info][gc          ] Allocation Stall (Worker-4) 48.937ms
[2025-12-18T08:25:21.731+0530][info][gc          ] Allocation Stall (Worker-1) 57.147ms
[2025-12-18T08:25:21.731+0530][info][gc          ] Allocation Stall (Worker-3) 54.775ms
[2025-12-18T08:25:21.731+0530][info][gc          ] Allocation Stall (Worker-2) 53.524ms
[2025-12-18T08:25:21.731+0530][info][gc          ] Allocation Stall (Worker-5) 53.199ms
[2025-12-18T08:25:21.731+0530][info][gc          ] Allocation Stall (Worker-0) 52.548ms
[2025-12-18T08:25:21.735+0530][info][gc,phases   ] GC(250) Concurrent Select Relocation Set 3.872ms
[2025-12-18T08:25:21.750+0530][info][gc,phases   ] GC(250) Pause Relocate Start 0.011ms
[2025-12-18T08:25:21.755+0530][info][gc,phases   ] GC(250) Concurrent Relocate 1.775ms
[2025-12-18T08:25:21.755+0530][info][gc,load     ] GC(250) Load: 0.00/0.00/0.00
[2025-12-18T08:25:21.755+0530][info][gc,mmu      ] GC(250) MMU: 2ms/54.5%, 5ms/81.8%, 10ms/90.8%, 20ms/95.4%, 50ms/98.2%, 100ms/99.0%
[2025-12-18T08:25:21.755+0530][info][gc,marking  ] GC(250) Mark: 2 stripe(s), 2 proactive flush(es), 1 terminate flush(es), 1 completion(s), 0 continuation(s) 
[2025-12-18T08:25:21.755+0530][info][gc,marking  ] GC(250) Mark Stack Usage: 32M
[2025-12-18T08:25:21.755+0530][info][gc,nmethod  ] GC(250) NMethods: 696 registered, 1 unregistered
[2025-12-18T08:25:21.755+0530][info][gc,metaspace] GC(250) Metaspace: 4M used, 4M committed, 1088M reserved
[2025-12-18T08:25:21.755+0530][info][gc,ref      ] GC(250) Soft: 157 encountered, 85 discovered, 0 enqueued
[2025-12-18T08:25:21.755+0530][info][gc,ref      ] GC(250) Weak: 539 encountered, 442 discovered, 0 enqueued
[2025-12-18T08:25:21.755+0530][info][gc,ref      ] GC(250) Final: 0 encountered, 0 discovered, 0 enqueued
[2025-12-18T08:25:21.755+0530][info][gc,ref      ] GC(250) Phantom: 7 encountered, 2 discovered, 0 enqueued
[2025-12-18T08:25:21.755+0530][info][gc,reloc    ] GC(250) Small Pages: 211 / 422M, Empty: 144M, Relocated: 1M, In-Place: 0
[2025-12-18T08:25:21.755+0530][info][gc,reloc    ] GC(250) Medium Pages: 1 / 16M, Empty: 0M, Relocated: 0M, In-Place: 0
[2025-12-18T08:25:21.755+0530][info][gc,reloc    ] GC(250) Large Pages: 1 / 6M, Empty: 0M, Relocated: 0M, In-Place: 0
[2025-12-18T08:25:21.755+0530][info][gc,reloc    ] GC(250) Forwarding Usage: 0M
[2025-12-18T08:25:21.755+0530][info][gc,heap     ] GC(250) Min Capacity: 512M(100%)
[2025-12-18T08:25:21.755+0530][info][gc,heap     ] GC(250) Max Capacity: 512M(100%)
[2025-12-18T08:25:21.755+0530][info][gc,heap     ] GC(250) Soft Max Capacity: 512M(100%)
[2025-12-18T08:25:21.755+0530][info][gc,heap     ] GC(250)                Mark Start          Mark End        Relocate Start      Relocate End           High               Low         
[2025-12-18T08:25:21.755+0530][info][gc,heap     ] GC(250)  Capacity:      512M (100%)        512M (100%)        512M (100%)        512M (100%)        512M (100%)        512M (100%)   
[2025-12-18T08:25:21.755+0530][info][gc,heap     ] GC(250)      Free:       68M (13%)           0M (0%)          116M (23%)         146M (29%)         146M (29%)           0M (0%)     
[2025-12-18T08:25:21.755+0530][info][gc,heap     ] GC(250)      Used:      444M (87%)         512M (100%)        396M (77%)         366M (71%)         512M (100%)        366M (71%)    
[2025-12-18T08:25:21.755+0530][info][gc,heap     ] GC(250)      Live:         -               248M (48%)         248M (48%)         248M (48%)            -                  -          
[2025-12-18T08:25:21.755+0530][info][gc,heap     ] GC(250) Allocated:         -                68M (13%)          96M (19%)          97M (19%)            -                  -          
[2025-12-18T08:25:21.755+0530][info][gc,heap     ] GC(250)   Garbage:         -               195M (38%)          51M (10%)          19M (4%)             -                  -          
[2025-12-18T08:25:21.755+0530][info][gc,heap     ] GC(250) Reclaimed:         -                  -               144M (28%)         175M (34%)            -                  -          
[2025-12-18T08:25:21.755+0530][info][gc          ] GC(250) Garbage Collection (Allocation Stall) 444M(87%)->366M(71%)
[2025-12-18T08:25:21.817+0530][info][gc,start    ] GC(251) Garbage Collection (Allocation Stall)
[2025-12-18T08:25:21.817+0530][info][gc,ref      ] GC(251) Clearing All SoftReferences
[2025-12-18T08:25:21.817+0530][info][gc,task     ] GC(251) Using 2 workers
[2025-12-18T08:25:21.817+0530][info][gc,ref      ] GC(251) Clearing All SoftReferences
[2025-12-18T08:25:21.817+0530][info][gc,phases   ] GC(251) Pause Mark Start 0.094ms
[2025-12-18T08:25:21.945+0530][info][gc,phases   ] GC(251) Concurrent Mark 114.507ms
[2025-12-18T08:25:21.945+0530][info][gc,phases   ] GC(251) Pause Mark End 0.101ms
[2025-12-18T08:25:21.945+0530][info][gc,phases   ] GC(251) Concurrent Mark Free 0.001ms
[2025-12-18T08:25:21.946+0530][info][gc,phases   ] GC(251) Concurrent Process Non-Strong References 1.069ms
[2025-12-18T08:25:21.946+0530][info][gc,phases   ] GC(251) Concurrent Reset Relocation Set 0.002ms
[2025-12-18T08:25:21.946+0530][info][gc          ] Allocation Stall (Worker-4) 93.301ms
[2025-12-18T08:25:21.946+0530][info][gc          ] Allocation Stall (Worker-2) 93.472ms
[2025-12-18T08:25:21.946+0530][info][gc          ] Allocation Stall (Worker-6) 85.403ms
[2025-12-18T08:25:21.946+0530][info][gc          ] Allocation Stall (Worker-7) 87.162ms
[2025-12-18T08:25:21.946+0530][info][gc          ] Allocation Stall (Worker-5) 94.653ms
[2025-12-18T08:25:21.946+0530][info][gc          ] Allocation Stall (Worker-3) 94.540ms
[2025-12-18T08:25:21.946+0530][info][gc          ] Allocation Stall (Worker-1) 93.683ms
[2025-12-18T08:25:21.946+0530][info][gc          ] Allocation Stall (Worker-0) 94.188ms
[2025-12-18T08:25:21.950+0530][info][gc,phases   ] GC(251) Concurrent Select Relocation Set 3.701ms
[2025-12-18T08:25:21.950+0530][info][gc,phases   ] GC(251) Pause Relocate Start 0.024ms
[2025-12-18T08:25:21.956+0530][info][gc,phases   ] GC(251) Concurrent Relocate 1.571ms
[2025-12-18T08:25:21.956+0530][info][gc,load     ] GC(251) Load: 0.00/0.00/0.00
[2025-12-18T08:25:21.956+0530][info][gc,mmu      ] GC(251) MMU: 2ms/54.5%, 5ms/81.8%, 10ms/90.8%, 20ms/95.4%, 50ms/98.2%, 100ms/99.0%
[2025-12-18T08:25:21.956+0530][info][gc,marking  ] GC(251) Mark: 2 stripe(s), 2 proactive flush(es), 1 terminate flush(es), 1 completion(s), 0 continuation(s) 
[2025-12-18T08:25:21.956+0530][info][gc,marking  ] GC(251) Mark Stack Usage: 32M
[2025-12-18T08:25:21.956+0530][info][gc,nmethod  ] GC(251) NMethods: 696 registered, 1 unregistered
[2025-12-18T08:25:21.956+0530][info][gc,metaspace] GC(251) Metaspace: 4M used, 4M committed, 1088M reserved
[2025-12-18T08:25:21.956+0530][info][gc,ref      ] GC(251) Soft: 157 encountered, 72 discovered, 0 enqueued
[2025-12-18T08:25:21.956+0530][info][gc,ref      ] GC(251) Weak: 539 encountered, 30 discovered, 0 enqueued
[2025-12-18T08:25:21.956+0530][info][gc,ref      ] GC(251) Final: 0 encountered, 0 discovered, 0 enqueued
[2025-12-18T08:25:21.956+0530][info][gc,ref      ] GC(251) Phantom: 7 encountered, 3 discovered, 0 enqueued
[2025-12-18T08:25:21.956+0530][info][gc,reloc    ] GC(251) Small Pages: 221 / 442M, Empty: 160M, Relocated: 1M, In-Place: 0
[2025-12-18T08:25:21.956+0530][info][gc,reloc    ] GC(251) Medium Pages: 1 / 16M, Empty: 0M, Relocated: 0M, In-Place: 0
[2025-12-18T08:25:21.956+0530][info][gc,reloc    ] GC(251) Large Pages: 1 / 6M, Empty: 0M, Relocated: 0M, In-Place: 0
[2025-12-18T08:25:21.956+0530][info][gc,reloc    ] GC(251) Forwarding Usage: 0M
[2025-12-18T08:25:21.956+0530][info][gc,heap     ] GC(251) Min Capacity: 512M(100%)
[2025-12-18T08:25:21.956+0530][info][gc,heap     ] GC(251) Max Capacity: 512M(100%)
[2025-12-18T08:25:21.956+0530][info][gc,heap     ] GC(251) Soft Max Capacity: 512M(100%)
[2025-12-18T08:25:21.956+0530][info][gc,heap     ] GC(251)                Mark Start          Mark End        Relocate Start      Relocate End           High               Low         
[2025-12-18T08:25:21.956+0530][info][gc,heap     ] GC(251)  Capacity:      512M (100%)        512M (100%)        512M (100%)        512M (100%)        512M (100%)        512M (100%)   
[2025-12-18T08:25:21.956+0530][info][gc,heap     ] GC(251)      Free:       48M (9%)            0M (0%)          148M (29%)         184M (36%)         184M (36%)           0M (0%)     
[2025-12-18T08:25:21.956+0530][info][gc,heap     ] GC(251)      Used:      464M (91%)         512M (100%)        364M (71%)         328M (64%)         512M (100%)        328M (64%)    
[2025-12-18T08:25:21.956+0530][info][gc,heap     ] GC(251)      Live:         -               248M (48%)         248M (48%)         248M (48%)            -                  -          
[2025-12-18T08:25:21.956+0530][info][gc,heap     ] GC(251) Allocated:         -                48M (9%)           60M (12%)          59M (12%)            -                  -          
[2025-12-18T08:25:21.956+0530][info][gc,heap     ] GC(251)   Garbage:         -               215M (42%)          55M (11%)          19M (4%)             -                  -          
[2025-12-18T08:25:21.956+0530][info][gc,heap     ] GC(251) Reclaimed:         -                  -               160M (31%)         195M (38%)            -                  -          
[2025-12-18T08:25:21.956+0530][info][gc          ] GC(251) Garbage Collection (Allocation Stall) 464M(91%)->328M(64%)
[2025-12-18T08:25:22.017+0530][info][gc,start    ] GC(252) Garbage Collection (Allocation Stall)
[2025-12-18T08:25:22.017+0530][info][gc,ref      ] GC(252) Clearing All SoftReferences
[2025-12-18T08:25:22.017+0530][info][gc,task     ] GC(252) Using 2 workers
[2025-12-18T08:25:22.017+0530][info][gc,ref      ] GC(252) Clearing All SoftReferences
[2025-12-18T08:25:22.017+0530][info][gc,phases   ] GC(252) Pause Mark Start 0.048ms
[2025-12-18T08:25:22.154+0530][info][gc,phases   ] GC(252) Concurrent Mark 128.376ms
[2025-12-18T08:25:22.154+0530][info][gc,phases   ] GC(252) Pause Mark End 0.018ms
[2025-12-18T08:25:22.154+0530][info][gc,phases   ] GC(252) Concurrent Mark Free 0.001ms
[2025-12-18T08:25:22.155+0530][info][gc,phases   ] GC(252) Concurrent Process Non-Strong References 1.139ms
[2025-12-18T08:25:22.155+0530][info][gc,phases   ] GC(252) Concurrent Reset Relocation Set 0.003ms
[2025-12-18T08:25:22.157+0530][info][gc          ] Allocation Stall (Worker-2) 47.640ms
[2025-12-18T08:25:22.157+0530][info][gc          ] Allocation Stall (Worker-4) 47.692ms
[2025-12-18T08:25:22.157+0530][info][gc          ] Allocation Stall (Worker-3) 54.974ms
[2025-12-18T08:25:22.157+0530][info][gc          ] Allocation Stall (Worker-0) 51.784ms
[2025-12-18T08:25:22.157+0530][info][gc          ] Allocation Stall (Worker-5) 46.997ms
[2025-12-18T08:25:22.157+0530][info][gc          ] Allocation Stall (JFR Periodic Tasks) 51.424ms
[2025-12-18T08:25:22.157+0530][info][gc          ] Allocation Stall (Worker-1) 48.046ms
[2025-12-18T08:25:22.157+0530][info][gc          ] Allocation Stall (Worker-6) 57.200ms
[2025-12-18T08:25:22.157+0530][info][gc          ] Allocation Stall (Worker-7) 57.311ms
[2025-12-18T08:25:22.158+0530][info][gc,phases   ] GC(252) Concurrent Select Relocation Set 3.071ms
[2025-12-18T08:25:22.162+0530][info][gc,phases   ] GC(252) Pause Relocate Start 0.011ms
[2025-12-18T08:25:22.164+0530][info][gc,phases   ] GC(252) Concurrent Relocate 1.502ms
[2025-12-18T08:25:22.164+0530][info][gc,load     ] GC(252) Load: 0.00/0.00/0.00
[2025-12-18T08:25:22.164+0530][info][gc,mmu      ] GC(252) MMU: 2ms/54.5%, 5ms/81.8%, 10ms/90.8%, 20ms/95.4%, 50ms/98.2%, 100ms/99.0%
[2025-12-18T08:25:22.164+0530][info][gc,marking  ] GC(252) Mark: 2 stripe(s), 2 proactive flush(es), 1 terminate flush(es), 0 completion(s), 0 continuation(s) 
[2025-12-18T08:25:22.164+0530][info][gc,marking  ] GC(252) Mark Stack Usage: 32M
[2025-12-18T08:25:22.164+0530][info][gc,nmethod  ] GC(252) NMethods: 696 registered, 1 unregistered
[2025-12-18T08:25:22.164+0530][info][gc,metaspace] GC(252) Metaspace: 4M used, 4M committed, 1088M reserved
[2025-12-18T08:25:22.164+0530][info][gc,ref      ] GC(252) Soft: 157 encountered, 88 discovered, 0 enqueued
[2025-12-18T08:25:22.164+0530][info][gc,ref      ] GC(252) Weak: 539 encountered, 405 discovered, 0 enqueued
[2025-12-18T08:25:22.164+0530][info][gc,ref      ] GC(252) Final: 0 encountered, 0 discovered, 0 enqueued
[2025-12-18T08:25:22.164+0530][info][gc,ref      ] GC(252) Phantom: 7 encountered, 3 discovered, 0 enqueued
[2025-12-18T08:25:22.164+0530][info][gc,reloc    ] GC(252) Small Pages: 197 / 394M, Empty: 118M, Relocated: 1M, In-Place: 0
[2025-12-18T08:25:22.164+0530][info][gc,reloc    ] GC(252) Medium Pages: 1 / 16M, Empty: 0M, Relocated: 0M, In-Place: 0
[2025-12-18T08:25:22.164+0530][info][gc,reloc    ] GC(252) Large Pages: 1 / 6M, Empty: 0M, Relocated: 0M, In-Place: 0
[2025-12-18T08:25:22.164+0530][info][gc,reloc    ] GC(252) Forwarding Usage: 0M
[2025-12-18T08:25:22.164+0530][info][gc,heap     ] GC(252) Min Capacity: 512M(100%)
[2025-12-18T08:25:22.164+0530][info][gc,heap     ] GC(252) Max Capacity: 512M(100%)
[2025-12-18T08:25:22.165+0530][info][gc,heap     ] GC(252) Soft Max Capacity: 512M(100%)
[2025-12-18T08:25:22.165+0530][info][gc,heap     ] GC(252)                Mark Start          Mark End        Relocate Start      Relocate End           High               Low         
[2025-12-18T08:25:22.165+0530][info][gc,heap     ] GC(252)  Capacity:      512M (100%)        512M (100%)        512M (100%)        512M (100%)        512M (100%)        512M (100%)   
[2025-12-18T08:25:22.165+0530][info][gc,heap     ] GC(252)      Free:       96M (19%)           0M (0%)          104M (20%)         132M (26%)         132M (26%)           0M (0%)     
[2025-12-18T08:25:22.165+0530][info][gc,heap     ] GC(252)      Used:      416M (81%)         512M (100%)        408M (80%)         380M (74%)         512M (100%)        380M (74%)    
[2025-12-18T08:25:22.165+0530][info][gc,heap     ] GC(252)      Live:         -               248M (48%)         248M (48%)         248M (48%)            -                  -          
[2025-12-18T08:25:22.165+0530][info][gc,heap     ] GC(252) Allocated:         -                96M (19%)         110M (21%)         111M (22%)            -                  -          
[2025-12-18T08:25:22.165+0530][info][gc,heap     ] GC(252)   Garbage:         -               167M (33%)          49M (10%)          19M (4%)             -                  -          
[2025-12-18T08:25:22.165+0530][info][gc,heap     ] GC(252) Reclaimed:         -                  -               118M (23%)         147M (29%)            -                  -          
[2025-12-18T08:25:22.165+0530][info][gc          ] GC(252) Garbage Collection (Allocation Stall) 416M(81%)->380M(74%)
[2025-12-18T08:25:22.217+0530][info][gc,start    ] GC(253) Garbage Collection (Allocation Stall)
[2025-12-18T08:25:22.217+0530][info][gc,ref      ] GC(253) Clearing All SoftReferences
[2025-12-18T08:25:22.217+0530][info][gc,task     ] GC(253) Using 2 workers
[2025-12-18T08:25:22.217+0530][info][gc,ref      ] GC(253) Clearing All SoftReferences
[2025-12-18T08:25:22.217+0530][info][gc,phases   ] GC(253) Pause Mark Start 0.037ms
[2025-12-18T08:25:22.345+0530][info][gc,phases   ] GC(253) Concurrent Mark 120.906ms
[2025-12-18T08:25:22.345+0530][info][gc,phases   ] GC(253) Pause Mark End 0.019ms
[2025-12-18T08:25:22.345+0530][info][gc,phases   ] GC(253) Concurrent Mark Free 0.002ms
[2025-12-18T08:25:22.346+0530][info][gc,phases   ] GC(253) Concurrent Process Non-Strong References 1.311ms
[2025-12-18T08:25:22.346+0530][info][gc,phases   ] GC(253) Concurrent Reset Relocation Set 0.002ms
[2025-12-18T08:25:22.347+0530][info][gc          ] Allocation Stall (Worker-7) 76.722ms
[2025-12-18T08:25:22.347+0530][info][gc          ] Allocation Stall (Worker-0) 78.406ms
[2025-12-18T08:25:22.347+0530][info][gc          ] Allocation Stall (Worker-4) 76.004ms
[2025-12-18T08:25:22.347+0530][info][gc          ] Allocation Stall (Worker-2) 73.689ms
[2025-12-18T08:25:22.347+0530][info][gc          ] Allocation Stall (Worker-1) 81.385ms
[2025-12-18T08:25:22.347+0530][info][gc          ] Allocation Stall (Worker-5) 80.898ms
[2025-12-18T08:25:22.347+0530][info][gc          ] Allocation Stall (Worker-6) 78.793ms
[2025-12-18T08:25:22.347+0530][info][gc          ] Allocation Stall (Worker-3) 78.130ms
[2025-12-18T08:25:22.350+0530][info][gc,phases   ] GC(253) Concurrent Select Relocation Set 3.844ms
[2025-12-18T08:25:22.350+0530][info][gc,phases   ] GC(253) Pause Relocate Start 0.011ms
[2025-12-18T08:25:22.356+0530][info][gc,phases   ] GC(253) Concurrent Relocate 1.609ms
[2025-12-18T08:25:22.356+0530][info][gc,load     ] GC(253) Load: 0.00/0.00/0.00
[2025-12-18T08:25:22.356+0530][info][gc,mmu      ] GC(253) MMU: 2ms/54.5%, 5ms/81.8%, 10ms/90.8%, 20ms/95.4%, 50ms/98.2%, 100ms/99.0%
[2025-12-18T08:25:22.356+0530][info][gc,marking  ] GC(253) Mark: 2 stripe(s), 2 proactive flush(es), 1 terminate flush(es), 0 completion(s), 0 continuation(s) 
[2025-12-18T08:25:22.356+0530][info][gc,marking  ] GC(253) Mark Stack Usage: 32M
[2025-12-18T08:25:22.356+0530][info][gc,nmethod  ] GC(253) NMethods: 696 registered, 1 unregistered
[2025-12-18T08:25:22.356+0530][info][gc,metaspace] GC(253) Metaspace: 4M used, 4M committed, 1088M reserved
[2025-12-18T08:25:22.356+0530][info][gc,ref      ] GC(253) Soft: 157 encountered, 88 discovered, 0 enqueued
[2025-12-18T08:25:22.356+0530][info][gc,ref      ] GC(253) Weak: 539 encountered, 407 discovered, 0 enqueued
[2025-12-18T08:25:22.356+0530][info][gc,ref      ] GC(253) Final: 0 encountered, 0 discovered, 0 enqueued
[2025-12-18T08:25:22.356+0530][info][gc,ref      ] GC(253) Phantom: 7 encountered, 3 discovered, 0 enqueued
[2025-12-18T08:25:22.356+0530][info][gc,reloc    ] GC(253) Small Pages: 218 / 436M, Empty: 158M, Relocated: 1M, In-Place: 0
[2025-12-18T08:25:22.356+0530][info][gc,reloc    ] GC(253) Medium Pages: 1 / 16M, Empty: 0M, Relocated: 0M, In-Place: 0
[2025-12-18T08:25:22.357+0530][info][gc,reloc    ] GC(253) Large Pages: 1 / 6M, Empty: 0M, Relocated: 0M, In-Place: 0
[2025-12-18T08:25:22.357+0530][info][gc,reloc    ] GC(253) Forwarding Usage: 0M
[2025-12-18T08:25:22.357+0530][info][gc,heap     ] GC(253) Min Capacity: 512M(100%)
[2025-12-18T08:25:22.357+0530][info][gc,heap     ] GC(253) Max Capacity: 512M(100%)
[2025-12-18T08:25:22.357+0530][info][gc,heap     ] GC(253) Soft Max Capacity: 512M(100%)
[2025-12-18T08:25:22.357+0530][info][gc,heap     ] GC(253)                Mark Start          Mark End        Relocate Start      Relocate End           High               Low         
[2025-12-18T08:25:22.357+0530][info][gc,heap     ] GC(253)  Capacity:      512M (100%)        512M (100%)        512M (100%)        512M (100%)        512M (100%)        512M (100%)   
[2025-12-18T08:25:22.357+0530][info][gc,heap     ] GC(253)      Free:       54M (11%)           0M (0%)          144M (28%)         176M (34%)         176M (34%)           0M (0%)     
[2025-12-18T08:25:22.357+0530][info][gc,heap     ] GC(253)      Used:      458M (89%)         512M (100%)        368M (72%)         336M (66%)         512M (100%)        336M (66%)    
[2025-12-18T08:25:22.357+0530][info][gc,heap     ] GC(253)      Live:         -               248M (48%)         248M (48%)         248M (48%)            -                  -          
[2025-12-18T08:25:22.357+0530][info][gc,heap     ] GC(253) Allocated:         -                54M (11%)          68M (13%)          67M (13%)            -                  -          
[2025-12-18T08:25:22.357+0530][info][gc,heap     ] GC(253)   Garbage:         -               209M (41%)          51M (10%)          19M (4%)             -                  -          
[2025-12-18T08:25:22.357+0530][info][gc,heap     ] GC(253) Reclaimed:         -                  -               158M (31%)         189M (37%)            -                  -          
[2025-12-18T08:25:22.357+0530][info][gc          ] GC(253) Garbage Collection (Allocation Stall) 458M(89%)->336M(66%)
[2025-12-18T08:25:22.417+0530][info][gc,start    ] GC(254) Garbage Collection (Allocation Stall)
[2025-12-18T08:25:22.417+0530][info][gc,ref      ] GC(254) Clearing All SoftReferences
[2025-12-18T08:25:22.417+0530][info][gc,task     ] GC(254) Using 2 workers
[2025-12-18T08:25:22.417+0530][info][gc,ref      ] GC(254) Clearing All SoftReferences
[2025-12-18T08:25:22.417+0530][info][gc,phases   ] GC(254) Pause Mark Start 0.047ms
[2025-12-18T08:25:22.553+0530][info][gc,phases   ] GC(254) Concurrent Mark 128.820ms
[2025-12-18T08:25:22.553+0530][info][gc,phases   ] GC(254) Pause Mark End 0.093ms
[2025-12-18T08:25:22.553+0530][info][gc,phases   ] GC(254) Concurrent Mark Free 0.001ms
[2025-12-18T08:25:22.554+0530][info][gc,phases   ] GC(254) Concurrent Process Non-Strong References 1.075ms
[2025-12-18T08:25:22.554+0530][info][gc,phases   ] GC(254) Concurrent Reset Relocation Set 0.002ms
[2025-12-18T08:25:22.554+0530][info][gc          ] Allocation Stall (Worker-5) 57.631ms
[2025-12-18T08:25:22.554+0530][info][gc          ] Allocation Stall (Worker-4) 56.176ms
[2025-12-18T08:25:22.554+0530][info][gc          ] Allocation Stall (Worker-2) 56.846ms
[2025-12-18T08:25:22.554+0530][info][gc          ] Allocation Stall (Worker-7) 55.135ms
[2025-12-18T08:25:22.554+0530][info][gc          ] Allocation Stall (Worker-1) 63.437ms
[2025-12-18T08:25:22.554+0530][info][gc          ] Allocation Stall (Worker-6) 59.125ms
[2025-12-18T08:25:22.554+0530][info][gc          ] Allocation Stall (Worker-0) 61.941ms
[2025-12-18T08:25:22.554+0530][info][gc          ] Allocation Stall (Worker-3) 60.680ms
[2025-12-18T08:25:22.558+0530][info][gc,phases   ] GC(254) Concurrent Select Relocation Set 3.758ms
[2025-12-18T08:25:22.558+0530][info][gc,phases   ] GC(254) Pause Relocate Start 0.011ms
[2025-12-18T08:25:22.589+0530][info][gc,phases   ] GC(254) Concurrent Relocate 1.851ms
[2025-12-18T08:25:22.590+0530][info][gc,load     ] GC(254) Load: 0.00/0.00/0.00
[2025-12-18T08:25:22.590+0530][info][gc,mmu      ] GC(254) MMU: 2ms/54.5%, 5ms/81.8%, 10ms/90.8%, 20ms/95.4%, 50ms/98.2%, 100ms/99.0%
[2025-12-18T08:25:22.590+0530][info][gc,marking  ] GC(254) Mark: 2 stripe(s), 2 proactive flush(es), 1 terminate flush(es), 1 completion(s), 0 continuation(s) 
[2025-12-18T08:25:22.590+0530][info][gc,marking  ] GC(254) Mark Stack Usage: 32M
[2025-12-18T08:25:22.590+0530][info][gc,nmethod  ] GC(254) NMethods: 696 registered, 1 unregistered
[2025-12-18T08:25:22.590+0530][info][gc,metaspace] GC(254) Metaspace: 4M used, 4M committed, 1088M reserved
[2025-12-18T08:25:22.590+0530][info][gc,ref      ] GC(254) Soft: 157 encountered, 77 discovered, 0 enqueued
[2025-12-18T08:25:22.590+0530][info][gc,ref      ] GC(254) Weak: 539 encountered, 4 discovered, 0 enqueued
[2025-12-18T08:25:22.590+0530][info][gc,ref      ] GC(254) Final: 0 encountered, 0 discovered, 0 enqueued
[2025-12-18T08:25:22.590+0530][info][gc,ref      ] GC(254) Phantom: 7 encountered, 6 discovered, 0 enqueued
[2025-12-18T08:25:22.590+0530][info][gc,reloc    ] GC(254) Small Pages: 203 / 406M, Empty: 128M, Relocated: 1M, In-Place: 0
[2025-12-18T08:25:22.590+0530][info][gc,reloc    ] GC(254) Medium Pages: 1 / 16M, Empty: 0M, Relocated: 0M, In-Place: 0
[2025-12-18T08:25:22.590+0530][info][gc,reloc    ] GC(254) Large Pages: 1 / 6M, Empty: 0M, Relocated: 0M, In-Place: 0
[2025-12-18T08:25:22.590+0530][info][gc,reloc    ] GC(254) Forwarding Usage: 0M
[2025-12-18T08:25:22.590+0530][info][gc,heap     ] GC(254) Min Capacity: 512M(100%)
[2025-12-18T08:25:22.590+0530][info][gc,heap     ] GC(254) Max Capacity: 512M(100%)
[2025-12-18T08:25:22.590+0530][info][gc,heap     ] GC(254) Soft Max Capacity: 512M(100%)
[2025-12-18T08:25:22.590+0530][info][gc,heap     ] GC(254)                Mark Start          Mark End        Relocate Start      Relocate End           High               Low         
[2025-12-18T08:25:22.590+0530][info][gc,heap     ] GC(254)  Capacity:      512M (100%)        512M (100%)        512M (100%)        512M (100%)        512M (100%)        512M (100%)   
[2025-12-18T08:25:22.590+0530][info][gc,heap     ] GC(254)      Free:       84M (16%)           0M (0%)          114M (22%)         108M (21%)         128M (25%)           0M (0%)     
[2025-12-18T08:25:22.590+0530][info][gc,heap     ] GC(254)      Used:      428M (84%)         512M (100%)        398M (78%)         404M (79%)         512M (100%)        384M (75%)    
[2025-12-18T08:25:22.590+0530][info][gc,heap     ] GC(254)      Live:         -               248M (48%)         248M (48%)         248M (48%)            -                  -          
[2025-12-18T08:25:22.590+0530][info][gc,heap     ] GC(254) Allocated:         -                84M (16%)          98M (19%)         135M (27%)            -                  -          
[2025-12-18T08:25:22.590+0530][info][gc,heap     ] GC(254)   Garbage:         -               179M (35%)          51M (10%)          20M (4%)             -                  -          
[2025-12-18T08:25:22.590+0530][info][gc,heap     ] GC(254) Reclaimed:         -                  -               128M (25%)         159M (31%)            -                  -          
[2025-12-18T08:25:22.590+0530][info][gc          ] GC(254) Garbage Collection (Allocation Stall) 428M(84%)->404M(79%)
[2025-12-18T08:25:22.617+0530][info][gc,start    ] GC(255) Garbage Collection (Allocation Stall)
[2025-12-18T08:25:22.617+0530][info][gc,ref      ] GC(255) Clearing All SoftReferences
[2025-12-18T08:25:22.617+0530][info][gc,task     ] GC(255) Using 2 workers
[2025-12-18T08:25:22.617+0530][info][gc,ref      ] GC(255) Clearing All SoftReferences
[2025-12-18T08:25:22.617+0530][info][gc,phases   ] GC(255) Pause Mark Start 0.072ms
[2025-12-18T08:25:22.750+0530][info][gc,phases   ] GC(255) Concurrent Mark 130.069ms
[2025-12-18T08:25:22.750+0530][info][gc,phases   ] GC(255) Pause Mark End 0.096ms
[2025-12-18T08:25:22.750+0530][info][gc,phases   ] GC(255) Concurrent Mark Free 0.001ms
[2025-12-18T08:25:22.751+0530][info][gc,phases   ] GC(255) Concurrent Process Non-Strong References 1.091ms
[2025-12-18T08:25:22.751+0530][info][gc,phases   ] GC(255) Concurrent Reset Relocation Set 0.002ms
[2025-12-18T08:25:22.754+0530][info][gc          ] Allocation Stall (Worker-3) 71.844ms
[2025-12-18T08:25:22.754+0530][info][gc          ] Allocation Stall (Worker-0) 69.663ms
[2025-12-18T08:25:22.754+0530][info][gc          ] Allocation Stall (Worker-2) 68.034ms
[2025-12-18T08:25:22.754+0530][info][gc          ] Allocation Stall (Worker-1) 67.988ms
[2025-12-18T08:25:22.754+0530][info][gc          ] Allocation Stall (Worker-7) 74.496ms
[2025-12-18T08:25:22.754+0530][info][gc          ] Allocation Stall (Worker-4) 74.467ms
[2025-12-18T08:25:22.754+0530][info][gc          ] Allocation Stall (Worker-5) 72.560ms
[2025-12-18T08:25:22.754+0530][info][gc          ] Allocation Stall (Worker-6) 72.312ms
[2025-12-18T08:25:22.754+0530][info][gc,phases   ] GC(255) Concurrent Select Relocation Set 3.016ms
[2025-12-18T08:25:22.754+0530][info][gc,phases   ] GC(255) Pause Relocate Start 0.009ms
[2025-12-18T08:25:22.789+0530][info][gc,phases   ] GC(255) Concurrent Relocate 1.827ms
[2025-12-18T08:25:22.789+0530][info][gc,load     ] GC(255) Load: 0.00/0.00/0.00
[2025-12-18T08:25:22.789+0530][info][gc,mmu      ] GC(255) MMU: 2ms/54.5%, 5ms/81.8%, 10ms/90.8%, 20ms/95.4%, 50ms/98.2%, 100ms/99.0%
[2025-12-18T08:25:22.789+0530][info][gc,marking  ] GC(255) Mark: 2 stripe(s), 2 proactive flush(es), 1 terminate flush(es), 1 completion(s), 0 continuation(s) 
[2025-12-18T08:25:22.789+0530][info][gc,marking  ] GC(255) Mark Stack Usage: 32M
[2025-12-18T08:25:22.789+0530][info][gc,nmethod  ] GC(255) NMethods: 696 registered, 1 unregistered
[2025-12-18T08:25:22.789+0530][info][gc,metaspace] GC(255) Metaspace: 4M used, 4M committed, 1088M reserved
[2025-12-18T08:25:22.789+0530][info][gc,ref      ] GC(255) Soft: 157 encountered, 78 discovered, 0 enqueued
[2025-12-18T08:25:22.789+0530][info][gc,ref      ] GC(255) Weak: 539 encountered, 387 discovered, 0 enqueued
[2025-12-18T08:25:22.789+0530][info][gc,ref      ] GC(255) Final: 0 encountered, 0 discovered, 0 enqueued
[2025-12-18T08:25:22.789+0530][info][gc,ref      ] GC(255) Phantom: 7 encountered, 3 discovered, 0 enqueued
[2025-12-18T08:25:22.789+0530][info][gc,reloc    ] GC(255) Small Pages: 212 / 424M, Empty: 112M, Relocated: 1M, In-Place: 0
[2025-12-18T08:25:22.789+0530][info][gc,reloc    ] GC(255) Medium Pages: 1 / 16M, Empty: 0M, Relocated: 0M, In-Place: 0
[2025-12-18T08:25:22.789+0530][info][gc,reloc    ] GC(255) Large Pages: 1 / 6M, Empty: 0M, Relocated: 0M, In-Place: 0
[2025-12-18T08:25:22.789+0530][info][gc,reloc    ] GC(255) Forwarding Usage: 0M
[2025-12-18T08:25:22.789+0530][info][gc,heap     ] GC(255) Min Capacity: 512M(100%)
[2025-12-18T08:25:22.789+0530][info][gc,heap     ] GC(255) Max Capacity: 512M(100%)
[2025-12-18T08:25:22.789+0530][info][gc,heap     ] GC(255) Soft Max Capacity: 512M(100%)
[2025-12-18T08:25:22.789+0530][info][gc,heap     ] GC(255)                Mark Start          Mark End        Relocate Start      Relocate End           High               Low         
[2025-12-18T08:25:22.789+0530][info][gc,heap     ] GC(255)  Capacity:      512M (100%)        512M (100%)        512M (100%)        512M (100%)        512M (100%)        512M (100%)   
[2025-12-18T08:25:22.789+0530][info][gc,heap     ] GC(255)      Free:       66M (13%)           0M (0%)           98M (19%)         136M (27%)         136M (27%)           0M (0%)     
[2025-12-18T08:25:22.789+0530][info][gc,heap     ] GC(255)      Used:      446M (87%)         512M (100%)        414M (81%)         376M (73%)         512M (100%)        376M (73%)    
[2025-12-18T08:25:22.789+0530][info][gc,heap     ] GC(255)      Live:         -               248M (48%)         248M (48%)         248M (48%)            -                  -          
[2025-12-18T08:25:22.789+0530][info][gc,heap     ] GC(255) Allocated:         -                66M (13%)          80M (16%)         107M (21%)            -                  -          
[2025-12-18T08:25:22.789+0530][info][gc,heap     ] GC(255)   Garbage:         -               197M (39%)          85M (17%)          20M (4%)             -                  -          
[2025-12-18T08:25:22.789+0530][info][gc,heap     ] GC(255) Reclaimed:         -                  -               112M (22%)         177M (35%)            -                  -          
[2025-12-18T08:25:22.789+0530][info][gc          ] GC(255) Garbage Collection (Allocation Stall) 446M(87%)->376M(73%)
[2025-12-18T08:25:22.817+0530][info][gc,start    ] GC(256) Garbage Collection (Allocation Stall)
[2025-12-18T08:25:22.817+0530][info][gc,ref      ] GC(256) Clearing All SoftReferences
[2025-12-18T08:25:22.817+0530][info][gc,task     ] GC(256) Using 2 workers
[2025-12-18T08:25:22.817+0530][info][gc,ref      ] GC(256) Clearing All SoftReferences
[2025-12-18T08:25:22.817+0530][info][gc,phases   ] GC(256) Pause Mark Start 0.045ms
[2025-12-18T08:25:22.950+0530][info][gc,phases   ] GC(256) Concurrent Mark 130.861ms
[2025-12-18T08:25:22.950+0530][info][gc,phases   ] GC(256) Pause Mark End 0.094ms
[2025-12-18T08:25:22.950+0530][info][gc,phases   ] GC(256) Concurrent Mark Free 0.001ms
[2025-12-18T08:25:22.951+0530][info][gc,phases   ] GC(256) Concurrent Process Non-Strong References 1.129ms
[2025-12-18T08:25:22.951+0530][info][gc,phases   ] GC(256) Concurrent Reset Relocation Set 0.004ms
[2025-12-18T08:25:22.954+0530][info][gc          ] Allocation Stall (Worker-4) 52.982ms
[2025-12-18T08:25:22.954+0530][info][gc          ] Allocation Stall (Worker-3) 52.676ms
[2025-12-18T08:25:22.954+0530][info][gc          ] Allocation Stall (Worker-1) 50.725ms
[2025-12-18T08:25:22.954+0530][info][gc          ] Allocation Stall (Worker-5) 58.771ms
[2025-12-18T08:25:22.954+0530][info][gc          ] Allocation Stall (Worker-0) 57.580ms
[2025-12-18T08:25:22.954+0530][info][gc          ] Allocation Stall (Worker-2) 57.037ms
[2025-12-18T08:25:22.954+0530][info][gc          ] Allocation Stall (Worker-6) 59.168ms
[2025-12-18T08:25:22.954+0530][info][gc,phases   ] GC(256) Concurrent Select Relocation Set 3.099ms
[2025-12-18T08:25:22.954+0530][info][gc          ] Allocation Stall (Worker-7) 54.845ms
[2025-12-18T08:25:22.955+0530][info][gc,phases   ] GC(256) Pause Relocate Start 0.011ms
[2025-12-18T08:25:22.978+0530][info][gc,phases   ] GC(256) Concurrent Relocate 1.876ms
[2025-12-18T08:25:22.978+0530][info][gc,load     ] GC(256) Load: 0.00/0.00/0.00
[2025-12-18T08:25:22.978+0530][info][gc,mmu      ] GC(256) MMU: 2ms/54.5%, 5ms/81.8%, 10ms/90.8%, 20ms/95.4%, 50ms/98.2%, 100ms/99.0%
[2025-12-18T08:25:22.978+0530][info][gc,marking  ] GC(256) Mark: 2 stripe(s), 2 proactive flush(es), 1 terminate flush(es), 1 completion(s), 0 continuation(s) 
[2025-12-18T08:25:22.978+0530][info][gc,marking  ] GC(256) Mark Stack Usage: 32M
[2025-12-18T08:25:22.978+0530][info][gc,nmethod  ] GC(256) NMethods: 696 registered, 1 unregistered
[2025-12-18T08:25:22.978+0530][info][gc,metaspace] GC(256) Metaspace: 4M used, 4M committed, 1088M reserved
[2025-12-18T08:25:22.978+0530][info][gc,ref      ] GC(256) Soft: 157 encountered, 75 discovered, 0 enqueued
[2025-12-18T08:25:22.978+0530][info][gc,ref      ] GC(256) Weak: 539 encountered, 4 discovered, 0 enqueued
[2025-12-18T08:25:22.978+0530][info][gc,ref      ] GC(256) Final: 0 encountered, 0 discovered, 0 enqueued
[2025-12-18T08:25:22.978+0530][info][gc,ref      ] GC(256) Phantom: 7 encountered, 6 discovered, 0 enqueued
[2025-12-18T08:25:22.978+0530][info][gc,reloc    ] GC(256) Small Pages: 200 / 400M, Empty: 94M, Relocated: 1M, In-Place: 0
[2025-12-18T08:25:22.978+0530][info][gc,reloc    ] GC(256) Medium Pages: 1 / 16M, Empty: 0M, Relocated: 0M, In-Place: 0
[2025-12-18T08:25:22.978+0530][info][gc,reloc    ] GC(256) Large Pages: 1 / 6M, Empty: 0M, Relocated: 0M, In-Place: 0
[2025-12-18T08:25:22.978+0530][info][gc,reloc    ] GC(256) Forwarding Usage: 0M
[2025-12-18T08:25:22.978+0530][info][gc,heap     ] GC(256) Min Capacity: 512M(100%)
[2025-12-18T08:25:22.978+0530][info][gc,heap     ] GC(256) Max Capacity: 512M(100%)
[2025-12-18T08:25:22.978+0530][info][gc,heap     ] GC(256) Soft Max Capacity: 512M(100%)
[2025-12-18T08:25:22.978+0530][info][gc,heap     ] GC(256)                Mark Start          Mark End        Relocate Start      Relocate End           High               Low         
[2025-12-18T08:25:22.978+0530][info][gc,heap     ] GC(256)  Capacity:      512M (100%)        512M (100%)        512M (100%)        512M (100%)        512M (100%)        512M (100%)   
[2025-12-18T08:25:22.978+0530][info][gc,heap     ] GC(256)      Free:       90M (18%)           0M (0%)           80M (16%)         124M (24%)         124M (24%)           0M (0%)     
[2025-12-18T08:25:22.978+0530][info][gc,heap     ] GC(256)      Used:      422M (82%)         512M (100%)        432M (84%)         388M (76%)         512M (100%)        388M (76%)    
[2025-12-18T08:25:22.978+0530][info][gc,heap     ] GC(256)      Live:         -               248M (48%)         248M (48%)         248M (48%)            -                  -          
[2025-12-18T08:25:22.978+0530][info][gc,heap     ] GC(256) Allocated:         -                90M (18%)         104M (20%)         119M (23%)            -                  -          
[2025-12-18T08:25:22.978+0530][info][gc,heap     ] GC(256)   Garbage:         -               173M (34%)          79M (16%)          20M (4%)             -                  -          
[2025-12-18T08:25:22.978+0530][info][gc,heap     ] GC(256) Reclaimed:         -                  -                94M (18%)         153M (30%)            -                  -          
[2025-12-18T08:25:22.978+0530][info][gc          ] GC(256) Garbage Collection (Allocation Stall) 422M(82%)->388M(76%)
[2025-12-18T08:25:23.017+0530][info][gc,start    ] GC(257) Garbage Collection (Allocation Stall)
[2025-12-18T08:25:23.017+0530][info][gc,ref      ] GC(257) Clearing All SoftReferences
[2025-12-18T08:25:23.017+0530][info][gc,task     ] GC(257) Using 2 workers
[2025-12-18T08:25:23.017+0530][info][gc,ref      ] GC(257) Clearing All SoftReferences
[2025-12-18T08:25:23.017+0530][info][gc,phases   ] GC(257) Pause Mark Start 0.076ms
[2025-12-18T08:25:23.151+0530][info][gc,phases   ] GC(257) Concurrent Mark 131.718ms
[2025-12-18T08:25:23.151+0530][info][gc,phases   ] GC(257) Pause Mark End 0.020ms
[2025-12-18T08:25:23.151+0530][info][gc,phases   ] GC(257) Concurrent Mark Free 0.002ms
[2025-12-18T08:25:23.153+0530][info][gc,phases   ] GC(257) Concurrent Process Non-Strong References 1.159ms
[2025-12-18T08:25:23.153+0530][info][gc,phases   ] GC(257) Concurrent Reset Relocation Set 0.005ms
[2025-12-18T08:25:23.153+0530][info][gc          ] Allocation Stall (Worker-2) 70.203ms
[2025-12-18T08:25:23.153+0530][info][gc          ] Allocation Stall (Worker-3) 70.190ms
[2025-12-18T08:25:23.153+0530][info][gc          ] Allocation Stall (Worker-1) 80.561ms
[2025-12-18T08:25:23.153+0530][info][gc          ] Allocation Stall (Worker-7) 77.222ms
[2025-12-18T08:25:23.153+0530][info][gc          ] Allocation Stall (Worker-6) 74.557ms
[2025-12-18T08:25:23.153+0530][info][gc          ] Allocation Stall (Worker-4) 75.483ms
[2025-12-18T08:25:23.153+0530][info][gc          ] Allocation Stall (Worker-5) 74.361ms
[2025-12-18T08:25:23.155+0530][info][gc          ] Allocation Stall (Worker-0) 73.080ms
[2025-12-18T08:25:23.156+0530][info][gc,phases   ] GC(257) Concurrent Select Relocation Set 3.676ms
[2025-12-18T08:25:23.156+0530][info][gc,phases   ] GC(257) Pause Relocate Start 0.011ms
[2025-12-18T08:25:23.158+0530][info][gc,phases   ] GC(257) Concurrent Relocate 1.378ms
[2025-12-18T08:25:23.158+0530][info][gc,load     ] GC(257) Load: 0.00/0.00/0.00
[2025-12-18T08:25:23.158+0530][info][gc,mmu      ] GC(257) MMU: 2ms/54.5%, 5ms/81.8%, 10ms/90.8%, 20ms/95.4%, 50ms/98.2%, 100ms/99.0%
[2025-12-18T08:25:23.158+0530][info][gc,marking  ] GC(257) Mark: 2 stripe(s), 2 proactive flush(es), 1 terminate flush(es), 0 completion(s), 0 continuation(s) 
[2025-12-18T08:25:23.158+0530][info][gc,marking  ] GC(257) Mark Stack Usage: 32M
[2025-12-18T08:25:23.158+0530][info][gc,nmethod  ] GC(257) NMethods: 696 registered, 1 unregistered
[2025-12-18T08:25:23.158+0530][info][gc,metaspace] GC(257) Metaspace: 4M used, 4M committed, 1088M reserved
[2025-12-18T08:25:23.158+0530][info][gc,ref      ] GC(257) Soft: 157 encountered, 89 discovered, 0 enqueued
[2025-12-18T08:25:23.158+0530][info][gc,ref      ] GC(257) Weak: 539 encountered, 410 discovered, 0 enqueued
[2025-12-18T08:25:23.158+0530][info][gc,ref      ] GC(257) Final: 0 encountered, 0 discovered, 0 enqueued
[2025-12-18T08:25:23.158+0530][info][gc,ref      ] GC(257) Phantom: 7 encountered, 3 discovered, 0 enqueued
[2025-12-18T08:25:23.158+0530][info][gc,reloc    ] GC(257) Small Pages: 215 / 430M, Empty: 136M, Relocated: 1M, In-Place: 0
[2025-12-18T08:25:23.158+0530][info][gc,reloc    ] GC(257) Medium Pages: 1 / 16M, Empty: 0M, Relocated: 0M, In-Place: 0
[2025-12-18T08:25:23.158+0530][info][gc,reloc    ] GC(257) Large Pages: 1 / 6M, Empty: 0M, Relocated: 0M, In-Place: 0
[2025-12-18T08:25:23.158+0530][info][gc,reloc    ] GC(257) Forwarding Usage: 0M
[2025-12-18T08:25:23.158+0530][info][gc,heap     ] GC(257) Min Capacity: 512M(100%)
[2025-12-18T08:25:23.158+0530][info][gc,heap     ] GC(257) Max Capacity: 512M(100%)
[2025-12-18T08:25:23.158+0530][info][gc,heap     ] GC(257) Soft Max Capacity: 512M(100%)
[2025-12-18T08:25:23.158+0530][info][gc,heap     ] GC(257)                Mark Start          Mark End        Relocate Start      Relocate End           High               Low         
[2025-12-18T08:25:23.158+0530][info][gc,heap     ] GC(257)  Capacity:      512M (100%)        512M (100%)        512M (100%)        512M (100%)        512M (100%)        512M (100%)   
[2025-12-18T08:25:23.158+0530][info][gc,heap     ] GC(257)      Free:       60M (12%)           0M (0%)          124M (24%)         172M (34%)         172M (34%)           0M (0%)     
[2025-12-18T08:25:23.158+0530][info][gc,heap     ] GC(257)      Used:      452M (88%)         512M (100%)        388M (76%)         340M (66%)         512M (100%)        340M (66%)    
[2025-12-18T08:25:23.158+0530][info][gc,heap     ] GC(257)      Live:         -               248M (48%)         248M (48%)         248M (48%)            -                  -          
[2025-12-18T08:25:23.158+0530][info][gc,heap     ] GC(257) Allocated:         -                60M (12%)          72M (14%)          71M (14%)            -                  -          
[2025-12-18T08:25:23.158+0530][info][gc,heap     ] GC(257)   Garbage:         -               203M (40%)          67M (13%)          19M (4%)             -                  -          
[2025-12-18T08:25:23.158+0530][info][gc,heap     ] GC(257) Reclaimed:         -                  -               136M (27%)         183M (36%)            -                  -          
[2025-12-18T08:25:23.159+0530][info][gc          ] GC(257) Garbage Collection (Allocation Stall) 452M(88%)->340M(66%)
[2025-12-18T08:25:23.217+0530][info][gc,start    ] GC(258) Garbage Collection (Allocation Stall)
[2025-12-18T08:25:23.217+0530][info][gc,ref      ] GC(258) Clearing All SoftReferences
[2025-12-18T08:25:23.217+0530][info][gc,task     ] GC(258) Using 2 workers
[2025-12-18T08:25:23.217+0530][info][gc,ref      ] GC(258) Clearing All SoftReferences
[2025-12-18T08:25:23.217+0530][info][gc,phases   ] GC(258) Pause Mark Start 0.073ms
[2025-12-18T08:25:23.361+0530][info][gc,phases   ] GC(258) Concurrent Mark 140.471ms
[2025-12-18T08:25:23.361+0530][info][gc,phases   ] GC(258) Pause Mark End 0.092ms
[2025-12-18T08:25:23.361+0530][info][gc,phases   ] GC(258) Concurrent Mark Free 0.001ms
[2025-12-18T08:25:23.362+0530][info][gc,phases   ] GC(258) Concurrent Process Non-Strong References 1.318ms
[2025-12-18T08:25:23.362+0530][info][gc,phases   ] GC(258) Concurrent Reset Relocation Set 0.004ms
[2025-12-18T08:25:23.365+0530][info][gc          ] Allocation Stall (Worker-3) 50.797ms
[2025-12-18T08:25:23.365+0530][info][gc          ] Allocation Stall (Worker-6) 50.448ms
[2025-12-18T08:25:23.365+0530][info][gc          ] Allocation Stall (Worker-2) 50.513ms
[2025-12-18T08:25:23.365+0530][info][gc          ] Allocation Stall (Worker-0) 50.371ms
[2025-12-18T08:25:23.365+0530][info][gc          ] Allocation Stall (Worker-5) 60.828ms
[2025-12-18T08:25:23.365+0530][info][gc          ] Allocation Stall (Worker-1) 54.132ms
[2025-12-18T08:25:23.365+0530][info][gc          ] Allocation Stall (Worker-4) 60.097ms
[2025-12-18T08:25:23.365+0530][info][gc          ] Allocation Stall (Worker-7) 50.948ms
[2025-12-18T08:25:23.365+0530][info][gc,phases   ] GC(258) Concurrent Select Relocation Set 2.973ms
[2025-12-18T08:25:23.366+0530][info][gc,phases   ] GC(258) Pause Relocate Start 0.011ms
[2025-12-18T08:25:23.370+0530][info][gc,phases   ] GC(258) Concurrent Relocate 1.358ms
[2025-12-18T08:25:23.370+0530][info][gc,load     ] GC(258) Load: 0.00/0.00/0.00
[2025-12-18T08:25:23.370+0530][info][gc,mmu      ] GC(258) MMU: 2ms/54.5%, 5ms/81.8%, 10ms/90.8%, 20ms/95.4%, 50ms/98.2%, 100ms/99.0%
[2025-12-18T08:25:23.370+0530][info][gc,marking  ] GC(258) Mark: 2 stripe(s), 2 proactive flush(es), 1 terminate flush(es), 1 completion(s), 0 continuation(s) 
[2025-12-18T08:25:23.370+0530][info][gc,marking  ] GC(258) Mark Stack Usage: 32M
[2025-12-18T08:25:23.370+0530][info][gc,nmethod  ] GC(258) NMethods: 696 registered, 1 unregistered
[2025-12-18T08:25:23.370+0530][info][gc,metaspace] GC(258) Metaspace: 4M used, 4M committed, 1088M reserved
[2025-12-18T08:25:23.370+0530][info][gc,ref      ] GC(258) Soft: 157 encountered, 87 discovered, 0 enqueued
[2025-12-18T08:25:23.370+0530][info][gc,ref      ] GC(258) Weak: 539 encountered, 415 discovered, 0 enqueued
[2025-12-18T08:25:23.370+0530][info][gc,ref      ] GC(258) Final: 0 encountered, 0 discovered, 0 enqueued
[2025-12-18T08:25:23.370+0530][info][gc,ref      ] GC(258) Phantom: 7 encountered, 6 discovered, 0 enqueued
[2025-12-18T08:25:23.370+0530][info][gc,reloc    ] GC(258) Small Pages: 199 / 398M, Empty: 118M, Relocated: 1M, In-Place: 0
[2025-12-18T08:25:23.370+0530][info][gc,reloc    ] GC(258) Medium Pages: 1 / 16M, Empty: 0M, Relocated: 0M, In-Place: 0
[2025-12-18T08:25:23.370+0530][info][gc,reloc    ] GC(258) Large Pages: 1 / 6M, Empty: 0M, Relocated: 0M, In-Place: 0
[2025-12-18T08:25:23.370+0530][info][gc,reloc    ] GC(258) Forwarding Usage: 0M
[2025-12-18T08:25:23.370+0530][info][gc,heap     ] GC(258) Min Capacity: 512M(100%)
[2025-12-18T08:25:23.370+0530][info][gc,heap     ] GC(258) Max Capacity: 512M(100%)
[2025-12-18T08:25:23.370+0530][info][gc,heap     ] GC(258) Soft Max Capacity: 512M(100%)
[2025-12-18T08:25:23.370+0530][info][gc,heap     ] GC(258)                Mark Start          Mark End        Relocate Start      Relocate End           High               Low         
[2025-12-18T08:25:23.370+0530][info][gc,heap     ] GC(258)  Capacity:      512M (100%)        512M (100%)        512M (100%)        512M (100%)        512M (100%)        512M (100%)   
[2025-12-18T08:25:23.370+0530][info][gc,heap     ] GC(258)      Free:       92M (18%)           0M (0%)          104M (20%)         138M (27%)         138M (27%)           0M (0%)     
[2025-12-18T08:25:23.370+0530][info][gc,heap     ] GC(258)      Used:      420M (82%)         512M (100%)        408M (80%)         374M (73%)         512M (100%)        374M (73%)    
[2025-12-18T08:25:23.370+0530][info][gc,heap     ] GC(258)      Live:         -               248M (48%)         248M (48%)         248M (48%)            -                  -          
[2025-12-18T08:25:23.370+0530][info][gc,heap     ] GC(258) Allocated:         -                92M (18%)         106M (21%)         105M (21%)            -                  -          
[2025-12-18T08:25:23.370+0530][info][gc,heap     ] GC(258)   Garbage:         -               171M (34%)          53M (11%)          19M (4%)             -                  -          
[2025-12-18T08:25:23.370+0530][info][gc,heap     ] GC(258) Reclaimed:         -                  -               118M (23%)         151M (30%)            -                  -          
[2025-12-18T08:25:23.370+0530][info][gc          ] GC(258) Garbage Collection (Allocation Stall) 420M(82%)->374M(73%)
[2025-12-18T08:25:23.417+0530][info][gc,start    ] GC(259) Garbage Collection (Allocation Stall)
[2025-12-18T08:25:23.417+0530][info][gc,ref      ] GC(259) Clearing All SoftReferences
[2025-12-18T08:25:23.417+0530][info][gc,task     ] GC(259) Using 2 workers
[2025-12-18T08:25:23.417+0530][info][gc,ref      ] GC(259) Clearing All SoftReferences
[2025-12-18T08:25:23.417+0530][info][gc,phases   ] GC(259) Pause Mark Start 0.058ms
[2025-12-18T08:25:23.551+0530][info][gc,phases   ] GC(259) Concurrent Mark 131.811ms
[2025-12-18T08:25:23.551+0530][info][gc,phases   ] GC(259) Pause Mark End 0.100ms
[2025-12-18T08:25:23.551+0530][info][gc,phases   ] GC(259) Concurrent Mark Free 0.001ms
[2025-12-18T08:25:23.552+0530][info][gc,phases   ] GC(259) Concurrent Process Non-Strong References 1.374ms
[2025-12-18T08:25:23.552+0530][info][gc,phases   ] GC(259) Concurrent Reset Relocation Set 0.002ms
[2025-12-18T08:25:23.553+0530][info][gc          ] Allocation Stall (Worker-1) 59.374ms
[2025-12-18T08:25:23.553+0530][info][gc          ] Allocation Stall (Worker-3) 58.404ms
[2025-12-18T08:25:23.553+0530][info][gc          ] Allocation Stall (Worker-0) 56.923ms
[2025-12-18T08:25:23.553+0530][info][gc          ] Allocation Stall (Worker-4) 56.588ms
[2025-12-18T08:25:23.553+0530][info][gc          ] Allocation Stall (Worker-7) 61.984ms
[2025-12-18T08:25:23.553+0530][info][gc          ] Allocation Stall (Worker-2) 61.391ms
[2025-12-18T08:25:23.553+0530][info][gc          ] Allocation Stall (Worker-5) 61.285ms
[2025-12-18T08:25:23.553+0530][info][gc          ] Allocation Stall (Worker-6) 64.699ms
[2025-12-18T08:25:23.556+0530][info][gc,phases   ] GC(259) Concurrent Select Relocation Set 3.718ms
[2025-12-18T08:25:23.556+0530][info][gc,phases   ] GC(259) Pause Relocate Start 0.013ms
[2025-12-18T08:25:23.559+0530][info][gc,phases   ] GC(259) Concurrent Relocate 1.555ms
[2025-12-18T08:25:23.559+0530][info][gc,load     ] GC(259) Load: 0.00/0.00/0.00
[2025-12-18T08:25:23.559+0530][info][gc,mmu      ] GC(259) MMU: 2ms/54.5%, 5ms/81.8%, 10ms/90.8%, 20ms/95.4%, 50ms/98.2%, 100ms/99.0%
[2025-12-18T08:25:23.559+0530][info][gc,marking  ] GC(259) Mark: 2 stripe(s), 2 proactive flush(es), 1 terminate flush(es), 1 completion(s), 0 continuation(s) 
[2025-12-18T08:25:23.559+0530][info][gc,marking  ] GC(259) Mark Stack Usage: 32M
[2025-12-18T08:25:23.559+0530][info][gc,nmethod  ] GC(259) NMethods: 696 registered, 1 unregistered
[2025-12-18T08:25:23.559+0530][info][gc,metaspace] GC(259) Metaspace: 4M used, 4M committed, 1088M reserved
[2025-12-18T08:25:23.559+0530][info][gc,ref      ] GC(259) Soft: 157 encountered, 77 discovered, 0 enqueued
[2025-12-18T08:25:23.559+0530][info][gc,ref      ] GC(259) Weak: 539 encountered, 385 discovered, 0 enqueued
[2025-12-18T08:25:23.559+0530][info][gc,ref      ] GC(259) Final: 0 encountered, 0 discovered, 0 enqueued
[2025-12-18T08:25:23.559+0530][info][gc,ref      ] GC(259) Phantom: 7 encountered, 3 discovered, 0 enqueued
[2025-12-18T08:25:23.559+0530][info][gc,reloc    ] GC(259) Small Pages: 208 / 416M, Empty: 140M, Relocated: 1M, In-Place: 0
[2025-12-18T08:25:23.559+0530][info][gc,reloc    ] GC(259) Medium Pages: 1 / 16M, Empty: 0M, Relocated: 0M, In-Place: 0
[2025-12-18T08:25:23.559+0530][info][gc,reloc    ] GC(259) Large Pages: 1 / 6M, Empty: 0M, Relocated: 0M, In-Place: 0
[2025-12-18T08:25:23.559+0530][info][gc,reloc    ] GC(259) Forwarding Usage: 0M
[2025-12-18T08:25:23.559+0530][info][gc,heap     ] GC(259) Min Capacity: 512M(100%)
[2025-12-18T08:25:23.560+0530][info][gc,heap     ] GC(259) Max Capacity: 512M(100%)
[2025-12-18T08:25:23.560+0530][info][gc,heap     ] GC(259) Soft Max Capacity: 512M(100%)
[2025-12-18T08:25:23.560+0530][info][gc,heap     ] GC(259)                Mark Start          Mark End        Relocate Start      Relocate End           High               Low         
[2025-12-18T08:25:23.560+0530][info][gc,heap     ] GC(259)  Capacity:      512M (100%)        512M (100%)        512M (100%)        512M (100%)        512M (100%)        512M (100%)   
[2025-12-18T08:25:23.560+0530][info][gc,heap     ] GC(259)      Free:       74M (14%)           0M (0%)          124M (24%)         154M (30%)         154M (30%)           0M (0%)     
[2025-12-18T08:25:23.560+0530][info][gc,heap     ] GC(259)      Used:      438M (86%)         512M (100%)        388M (76%)         358M (70%)         512M (100%)        358M (70%)    
[2025-12-18T08:25:23.560+0530][info][gc,heap     ] GC(259)      Live:         -               248M (48%)         248M (48%)         248M (48%)            -                  -          
[2025-12-18T08:25:23.560+0530][info][gc,heap     ] GC(259) Allocated:         -                74M (14%)          90M (18%)          89M (18%)            -                  -          
[2025-12-18T08:25:23.560+0530][info][gc,heap     ] GC(259)   Garbage:         -               189M (37%)          49M (10%)          19M (4%)             -                  -          
[2025-12-18T08:25:23.560+0530][info][gc,heap     ] GC(259) Reclaimed:         -                  -               140M (27%)         169M (33%)            -                  -          
[2025-12-18T08:25:23.560+0530][info][gc          ] GC(259) Garbage Collection (Allocation Stall) 438M(86%)->358M(70%)
[2025-12-18T08:25:23.617+0530][info][gc,start    ] GC(260) Garbage Collection (Allocation Stall)
[2025-12-18T08:25:23.617+0530][info][gc,ref      ] GC(260) Clearing All SoftReferences
[2025-12-18T08:25:23.617+0530][info][gc,task     ] GC(260) Using 2 workers
[2025-12-18T08:25:23.617+0530][info][gc,ref      ] GC(260) Clearing All SoftReferences
[2025-12-18T08:25:23.617+0530][info][gc,phases   ] GC(260) Pause Mark Start 0.049ms
[2025-12-18T08:25:23.749+0530][info][gc,phases   ] GC(260) Concurrent Mark 130.481ms
[2025-12-18T08:25:23.749+0530][info][gc,phases   ] GC(260) Pause Mark End 0.091ms
[2025-12-18T08:25:23.749+0530][info][gc,phases   ] GC(260) Concurrent Mark Free 0.001ms
[2025-12-18T08:25:23.750+0530][info][gc,phases   ] GC(260) Concurrent Process Non-Strong References 1.177ms
[2025-12-18T08:25:23.750+0530][info][gc,phases   ] GC(260) Concurrent Reset Relocation Set 0.002ms
[2025-12-18T08:25:23.750+0530][info][gc          ] Allocation Stall (Worker-0) 66.371ms
[2025-12-18T08:25:23.750+0530][info][gc          ] Allocation Stall (Worker-7) 67.169ms
[2025-12-18T08:25:23.750+0530][info][gc          ] Allocation Stall (Worker-5) 65.718ms
[2025-12-18T08:25:23.750+0530][info][gc          ] Allocation Stall (Worker-3) 67.153ms
[2025-12-18T08:25:23.750+0530][info][gc          ] Allocation Stall (Worker-6) 65.736ms
[2025-12-18T08:25:23.750+0530][info][gc          ] Allocation Stall (Worker-1) 64.003ms
[2025-12-18T08:25:23.750+0530][info][gc          ] Allocation Stall (Worker-4) 65.164ms
[2025-12-18T08:25:23.750+0530][info][gc          ] Allocation Stall (Worker-2) 71.612ms
[2025-12-18T08:25:23.754+0530][info][gc,phases   ] GC(260) Concurrent Select Relocation Set 3.715ms
[2025-12-18T08:25:23.754+0530][info][gc,phases   ] GC(260) Pause Relocate Start 0.013ms
[2025-12-18T08:25:23.760+0530][info][gc,phases   ] GC(260) Concurrent Relocate 1.633ms
[2025-12-18T08:25:23.760+0530][info][gc,load     ] GC(260) Load: 0.00/0.00/0.00
[2025-12-18T08:25:23.760+0530][info][gc,mmu      ] GC(260) MMU: 2ms/54.5%, 5ms/81.8%, 10ms/90.8%, 20ms/95.4%, 50ms/98.2%, 100ms/99.0%
[2025-12-18T08:25:23.760+0530][info][gc,marking  ] GC(260) Mark: 2 stripe(s), 2 proactive flush(es), 1 terminate flush(es), 1 completion(s), 0 continuation(s) 
[2025-12-18T08:25:23.760+0530][info][gc,marking  ] GC(260) Mark Stack Usage: 32M
[2025-12-18T08:25:23.760+0530][info][gc,nmethod  ] GC(260) NMethods: 697 registered, 1 unregistered
[2025-12-18T08:25:23.760+0530][info][gc,metaspace] GC(260) Metaspace: 4M used, 4M committed, 1088M reserved
[2025-12-18T08:25:23.760+0530][info][gc,ref      ] GC(260) Soft: 157 encountered, 77 discovered, 0 enqueued
[2025-12-18T08:25:23.760+0530][info][gc,ref      ] GC(260) Weak: 539 encountered, 3 discovered, 0 enqueued
[2025-12-18T08:25:23.760+0530][info][gc,ref      ] GC(260) Final: 0 encountered, 0 discovered, 0 enqueued
[2025-12-18T08:25:23.760+0530][info][gc,ref      ] GC(260) Phantom: 7 encountered, 2 discovered, 0 enqueued
[2025-12-18T08:25:23.760+0530][info][gc,reloc    ] GC(260) Small Pages: 209 / 418M, Empty: 140M, Relocated: 1M, In-Place: 0
[2025-12-18T08:25:23.761+0530][info][gc,reloc    ] GC(260) Medium Pages: 1 / 16M, Empty: 0M, Relocated: 0M, In-Place: 0
[2025-12-18T08:25:23.761+0530][info][gc,reloc    ] GC(260) Large Pages: 1 / 6M, Empty: 0M, Relocated: 0M, In-Place: 0
[2025-12-18T08:25:23.761+0530][info][gc,reloc    ] GC(260) Forwarding Usage: 0M
[2025-12-18T08:25:23.761+0530][info][gc,heap     ] GC(260) Min Capacity: 512M(100%)
[2025-12-18T08:25:23.761+0530][info][gc,heap     ] GC(260) Max Capacity: 512M(100%)
[2025-12-18T08:25:23.761+0530][info][gc,heap     ] GC(260) Soft Max Capacity: 512M(100%)
[2025-12-18T08:25:23.761+0530][info][gc,heap     ] GC(260)                Mark Start          Mark End        Relocate Start      Relocate End           High               Low         
[2025-12-18T08:25:23.761+0530][info][gc,heap     ] GC(260)  Capacity:      512M (100%)        512M (100%)        512M (100%)        512M (100%)        512M (100%)        512M (100%)   
[2025-12-18T08:25:23.761+0530][info][gc,heap     ] GC(260)      Free:       72M (14%)           0M (0%)          126M (25%)         158M (31%)         158M (31%)           0M (0%)     
[2025-12-18T08:25:23.761+0530][info][gc,heap     ] GC(260)      Used:      440M (86%)         512M (100%)        386M (75%)         354M (69%)         512M (100%)        354M (69%)    
[2025-12-18T08:25:23.761+0530][info][gc,heap     ] GC(260)      Live:         -               248M (48%)         248M (48%)         248M (48%)            -                  -          
[2025-12-18T08:25:23.761+0530][info][gc,heap     ] GC(260) Allocated:         -                72M (14%)          86M (17%)          85M (17%)            -                  -          
[2025-12-18T08:25:23.761+0530][info][gc,heap     ] GC(260)   Garbage:         -               191M (37%)          51M (10%)          19M (4%)             -                  -          
[2025-12-18T08:25:23.761+0530][info][gc,heap     ] GC(260) Reclaimed:         -                  -               140M (27%)         171M (34%)            -                  -          
[2025-12-18T08:25:23.761+0530][info][gc          ] GC(260) Garbage Collection (Allocation Stall) 440M(86%)->354M(69%)
[2025-12-18T08:25:23.817+0530][info][gc,start    ] GC(261) Garbage Collection (Allocation Stall)
[2025-12-18T08:25:23.817+0530][info][gc,ref      ] GC(261) Clearing All SoftReferences
[2025-12-18T08:25:23.817+0530][info][gc,task     ] GC(261) Using 2 workers
[2025-12-18T08:25:23.817+0530][info][gc,ref      ] GC(261) Clearing All SoftReferences
[2025-12-18T08:25:23.817+0530][info][gc,phases   ] GC(261) Pause Mark Start 0.059ms
[2025-12-18T08:25:23.953+0530][info][gc,phases   ] GC(261) Concurrent Mark 133.969ms
[2025-12-18T08:25:23.953+0530][info][gc,phases   ] GC(261) Pause Mark End 0.020ms
[2025-12-18T08:25:23.953+0530][info][gc,phases   ] GC(261) Concurrent Mark Free 0.001ms
[2025-12-18T08:25:23.954+0530][info][gc,phases   ] GC(261) Concurrent Process Non-Strong References 1.096ms
[2025-12-18T08:25:23.954+0530][info][gc,phases   ] GC(261) Concurrent Reset Relocation Set 0.002ms
[2025-12-18T08:25:23.957+0530][info][gc          ] Allocation Stall (Worker-0) 49.581ms
[2025-12-18T08:25:23.957+0530][info][gc          ] Allocation Stall (Worker-2) 48.802ms
[2025-12-18T08:25:23.957+0530][info][gc          ] Allocation Stall (Worker-7) 45.101ms
[2025-12-18T08:25:23.957+0530][info][gc          ] Allocation Stall (Worker-4) 53.215ms
[2025-12-18T08:25:23.957+0530][info][gc          ] Allocation Stall (Worker-5) 52.655ms
[2025-12-18T08:25:23.957+0530][info][gc          ] Allocation Stall (Worker-1) 51.552ms
[2025-12-18T08:25:23.957+0530][info][gc          ] Allocation Stall (Worker-6) 51.308ms
[2025-12-18T08:25:23.957+0530][info][gc          ] Allocation Stall (Worker-3) 50.292ms
[2025-12-18T08:25:23.957+0530][info][gc,phases   ] GC(261) Concurrent Select Relocation Set 3.018ms
[2025-12-18T08:25:23.958+0530][info][gc,phases   ] GC(261) Pause Relocate Start 0.011ms
[2025-12-18T08:25:23.960+0530][info][gc,phases   ] GC(261) Concurrent Relocate 1.433ms
[2025-12-18T08:25:23.960+0530][info][gc,load     ] GC(261) Load: 0.00/0.00/0.00
[2025-12-18T08:25:23.960+0530][info][gc,mmu      ] GC(261) MMU: 2ms/54.5%, 5ms/81.8%, 10ms/90.8%, 20ms/95.4%, 50ms/98.2%, 100ms/99.0%
[2025-12-18T08:25:23.960+0530][info][gc,marking  ] GC(261) Mark: 2 stripe(s), 2 proactive flush(es), 1 terminate flush(es), 0 completion(s), 0 continuation(s) 
[2025-12-18T08:25:23.960+0530][info][gc,marking  ] GC(261) Mark Stack Usage: 32M
[2025-12-18T08:25:23.960+0530][info][gc,nmethod  ] GC(261) NMethods: 697 registered, 1 unregistered
[2025-12-18T08:25:23.960+0530][info][gc,metaspace] GC(261) Metaspace: 4M used, 4M committed, 1088M reserved
[2025-12-18T08:25:23.960+0530][info][gc,ref      ] GC(261) Soft: 157 encountered, 88 discovered, 0 enqueued
[2025-12-18T08:25:23.960+0530][info][gc,ref      ] GC(261) Weak: 539 encountered, 407 discovered, 0 enqueued
[2025-12-18T08:25:23.960+0530][info][gc,ref      ] GC(261) Final: 0 encountered, 0 discovered, 0 enqueued
[2025-12-18T08:25:23.960+0530][info][gc,ref      ] GC(261) Phantom: 7 encountered, 3 discovered, 0 enqueued
[2025-12-18T08:25:23.960+0530][info][gc,reloc    ] GC(261) Small Pages: 202 / 404M, Empty: 126M, Relocated: 1M, In-Place: 0
[2025-12-18T08:25:23.960+0530][info][gc,reloc    ] GC(261) Medium Pages: 1 / 16M, Empty: 0M, Relocated: 0M, In-Place: 0
[2025-12-18T08:25:23.960+0530][info][gc,reloc    ] GC(261) Large Pages: 1 / 6M, Empty: 0M, Relocated: 0M, In-Place: 0
[2025-12-18T08:25:23.960+0530][info][gc,reloc    ] GC(261) Forwarding Usage: 0M
[2025-12-18T08:25:23.960+0530][info][gc,heap     ] GC(261) Min Capacity: 512M(100%)
[2025-12-18T08:25:23.960+0530][info][gc,heap     ] GC(261) Max Capacity: 512M(100%)
[2025-12-18T08:25:23.960+0530][info][gc,heap     ] GC(261) Soft Max Capacity: 512M(100%)
[2025-12-18T08:25:23.960+0530][info][gc,heap     ] GC(261)                Mark Start          Mark End        Relocate Start      Relocate End           High               Low         
[2025-12-18T08:25:23.960+0530][info][gc,heap     ] GC(261)  Capacity:      512M (100%)        512M (100%)        512M (100%)        512M (100%)        512M (100%)        512M (100%)   
[2025-12-18T08:25:23.960+0530][info][gc,heap     ] GC(261)      Free:       86M (17%)           0M (0%)          110M (21%)         142M (28%)         142M (28%)           0M (0%)     
[2025-12-18T08:25:23.960+0530][info][gc,heap     ] GC(261)      Used:      426M (83%)         512M (100%)        402M (79%)         370M (72%)         512M (100%)        370M (72%)    
[2025-12-18T08:25:23.961+0530][info][gc,heap     ] GC(261)      Live:         -               248M (48%)         248M (48%)         248M (48%)            -                  -          
[2025-12-18T08:25:23.961+0530][info][gc,heap     ] GC(261) Allocated:         -                86M (17%)         102M (20%)         101M (20%)            -                  -          
[2025-12-18T08:25:23.961+0530][info][gc,heap     ] GC(261)   Garbage:         -               177M (35%)          51M (10%)          19M (4%)             -                  -          
[2025-12-18T08:25:23.961+0530][info][gc,heap     ] GC(261) Reclaimed:         -                  -               126M (25%)         157M (31%)            -                  -          
[2025-12-18T08:25:23.961+0530][info][gc          ] GC(261) Garbage Collection (Allocation Stall) 426M(83%)->370M(72%)
[2025-12-18T08:25:24.018+0530][info][gc,start    ] GC(262) Garbage Collection (Allocation Stall)
[2025-12-18T08:25:24.018+0530][info][gc,ref      ] GC(262) Clearing All SoftReferences
[2025-12-18T08:25:24.018+0530][info][gc,task     ] GC(262) Using 2 workers
[2025-12-18T08:25:24.018+0530][info][gc,ref      ] GC(262) Clearing All SoftReferences
[2025-12-18T08:25:24.018+0530][info][gc,phases   ] GC(262) Pause Mark Start 0.049ms
[2025-12-18T08:25:24.148+0530][info][gc,phases   ] GC(262) Concurrent Mark 126.306ms
[2025-12-18T08:25:24.148+0530][info][gc,phases   ] GC(262) Pause Mark End 0.091ms
[2025-12-18T08:25:24.148+0530][info][gc,phases   ] GC(262) Concurrent Mark Free 0.001ms
[2025-12-18T08:25:24.150+0530][info][gc,phases   ] GC(262) Concurrent Process Non-Strong References 1.076ms
[2025-12-18T08:25:24.150+0530][info][gc,phases   ] GC(262) Concurrent Reset Relocation Set 0.003ms
[2025-12-18T08:25:24.150+0530][info][gc          ] Allocation Stall (Worker-1) 67.584ms
[2025-12-18T08:25:24.150+0530][info][gc          ] Allocation Stall (Worker-6) 68.686ms
[2025-12-18T08:25:24.150+0530][info][gc          ] Allocation Stall (Worker-5) 67.528ms
[2025-12-18T08:25:24.150+0530][info][gc          ] Allocation Stall (Worker-0) 67.247ms
[2025-12-18T08:25:24.150+0530][info][gc          ] Allocation Stall (Worker-7) 77.747ms
[2025-12-18T08:25:24.150+0530][info][gc          ] Allocation Stall (Worker-3) 76.937ms
[2025-12-18T08:25:24.150+0530][info][gc          ] Allocation Stall (Worker-4) 76.829ms
[2025-12-18T08:25:24.150+0530][info][gc          ] Allocation Stall (Worker-2) 68.047ms
[2025-12-18T08:25:24.153+0530][info][gc,phases   ] GC(262) Concurrent Select Relocation Set 3.648ms
[2025-12-18T08:25:24.153+0530][info][gc,phases   ] GC(262) Pause Relocate Start 0.009ms
[2025-12-18T08:25:24.161+0530][info][gc,phases   ] GC(262) Concurrent Relocate 1.644ms
[2025-12-18T08:25:24.161+0530][info][gc,load     ] GC(262) Load: 0.00/0.00/0.00
[2025-12-18T08:25:24.161+0530][info][gc,mmu      ] GC(262) MMU: 2ms/54.5%, 5ms/81.8%, 10ms/90.8%, 20ms/95.4%, 50ms/98.2%, 100ms/99.0%
[2025-12-18T08:25:24.161+0530][info][gc,marking  ] GC(262) Mark: 2 stripe(s), 2 proactive flush(es), 1 terminate flush(es), 1 completion(s), 0 continuation(s) 
[2025-12-18T08:25:24.161+0530][info][gc,marking  ] GC(262) Mark Stack Usage: 32M
[2025-12-18T08:25:24.161+0530][info][gc,nmethod  ] GC(262) NMethods: 697 registered, 1 unregistered
[2025-12-18T08:25:24.161+0530][info][gc,metaspace] GC(262) Metaspace: 4M used, 4M committed, 1088M reserved
[2025-12-18T08:25:24.161+0530][info][gc,ref      ] GC(262) Soft: 157 encountered, 78 discovered, 0 enqueued
[2025-12-18T08:25:24.161+0530][info][gc,ref      ] GC(262) Weak: 539 encountered, 3 discovered, 0 enqueued
[2025-12-18T08:25:24.161+0530][info][gc,ref      ] GC(262) Final: 0 encountered, 0 discovered, 0 enqueued
[2025-12-18T08:25:24.162+0530][info][gc,ref      ] GC(262) Phantom: 7 encountered, 3 discovered, 0 enqueued
[2025-12-18T08:25:24.162+0530][info][gc,reloc    ] GC(262) Small Pages: 214 / 428M, Empty: 150M, Relocated: 1M, In-Place: 0
[2025-12-18T08:25:24.162+0530][info][gc,reloc    ] GC(262) Medium Pages: 1 / 16M, Empty: 0M, Relocated: 0M, In-Place: 0
[2025-12-18T08:25:24.162+0530][info][gc,reloc    ] GC(262) Large Pages: 1 / 6M, Empty: 0M, Relocated: 0M, In-Place: 0
[2025-12-18T08:25:24.162+0530][info][gc,reloc    ] GC(262) Forwarding Usage: 0M
[2025-12-18T08:25:24.162+0530][info][gc,heap     ] GC(262) Min Capacity: 512M(100%)
[2025-12-18T08:25:24.162+0530][info][gc,heap     ] GC(262) Max Capacity: 512M(100%)
[2025-12-18T08:25:24.162+0530][info][gc,heap     ] GC(262) Soft Max Capacity: 512M(100%)
[2025-12-18T08:25:24.162+0530][info][gc,heap     ] GC(262)                Mark Start          Mark End        Relocate Start      Relocate End           High               Low         
[2025-12-18T08:25:24.162+0530][info][gc,heap     ] GC(262)  Capacity:      512M (100%)        512M (100%)        512M (100%)        512M (100%)        512M (100%)        512M (100%)   
[2025-12-18T08:25:24.162+0530][info][gc,heap     ] GC(262)      Free:       62M (12%)           0M (0%)          138M (27%)         168M (33%)         168M (33%)           0M (0%)     
[2025-12-18T08:25:24.162+0530][info][gc,heap     ] GC(262)      Used:      450M (88%)         512M (100%)        374M (73%)         344M (67%)         512M (100%)        344M (67%)    
[2025-12-18T08:25:24.162+0530][info][gc,heap     ] GC(262)      Live:         -               248M (48%)         248M (48%)         248M (48%)            -                  -          
[2025-12-18T08:25:24.162+0530][info][gc,heap     ] GC(262) Allocated:         -                62M (12%)          74M (14%)          75M (15%)            -                  -          
[2025-12-18T08:25:24.162+0530][info][gc,heap     ] GC(262)   Garbage:         -               201M (39%)          51M (10%)          19M (4%)             -                  -          
[2025-12-18T08:25:24.162+0530][info][gc,heap     ] GC(262) Reclaimed:         -                  -               150M (29%)         181M (36%)            -                  -          
[2025-12-18T08:25:24.162+0530][info][gc          ] GC(262) Garbage Collection (Allocation Stall) 450M(88%)->344M(67%)
[2025-12-18T08:25:24.218+0530][info][gc,start    ] GC(263) Garbage Collection (Allocation Stall)
[2025-12-18T08:25:24.218+0530][info][gc,ref      ] GC(263) Clearing All SoftReferences
[2025-12-18T08:25:24.218+0530][info][gc,task     ] GC(263) Using 2 workers
[2025-12-18T08:25:24.218+0530][info][gc,ref      ] GC(263) Clearing All SoftReferences
[2025-12-18T08:25:24.218+0530][info][gc,phases   ] GC(263) Pause Mark Start 0.046ms
[2025-12-18T08:25:24.352+0530][info][gc,phases   ] GC(263) Concurrent Mark 129.938ms
[2025-12-18T08:25:24.352+0530][info][gc,phases   ] GC(263) Pause Mark End 0.019ms
[2025-12-18T08:25:24.352+0530][info][gc,phases   ] GC(263) Concurrent Mark Free 0.001ms
[2025-12-18T08:25:24.353+0530][info][gc,phases   ] GC(263) Concurrent Process Non-Strong References 1.080ms
[2025-12-18T08:25:24.353+0530][info][gc,phases   ] GC(263) Concurrent Reset Relocation Set 0.002ms
[2025-12-18T08:25:24.353+0530][info][gc          ] Allocation Stall (Worker-7) 54.425ms
[2025-12-18T08:25:24.353+0530][info][gc          ] Allocation Stall (Worker-5) 53.571ms
[2025-12-18T08:25:24.353+0530][info][gc          ] Allocation Stall (Worker-1) 53.707ms
[2025-12-18T08:25:24.353+0530][info][gc          ] Allocation Stall (Worker-4) 62.623ms
[2025-12-18T08:25:24.353+0530][info][gc          ] Allocation Stall (Worker-0) 62.216ms
[2025-12-18T08:25:24.353+0530][info][gc          ] Allocation Stall (Worker-3) 61.844ms
[2025-12-18T08:25:24.353+0530][info][gc          ] Allocation Stall (Worker-6) 60.076ms
[2025-12-18T08:25:24.353+0530][info][gc          ] Allocation Stall (Worker-2) 55.378ms
[2025-12-18T08:25:24.357+0530][info][gc,phases   ] GC(263) Concurrent Select Relocation Set 3.523ms
[2025-12-18T08:25:24.357+0530][info][gc,phases   ] GC(263) Pause Relocate Start 0.011ms
[2025-12-18T08:25:24.361+0530][info][gc,phases   ] GC(263) Concurrent Relocate 1.538ms
[2025-12-18T08:25:24.361+0530][info][gc,load     ] GC(263) Load: 0.00/0.00/0.00
[2025-12-18T08:25:24.361+0530][info][gc,mmu      ] GC(263) MMU: 2ms/54.5%, 5ms/81.8%, 10ms/90.8%, 20ms/95.4%, 50ms/98.2%, 100ms/99.0%
[2025-12-18T08:25:24.361+0530][info][gc,marking  ] GC(263) Mark: 2 stripe(s), 2 proactive flush(es), 1 terminate flush(es), 0 completion(s), 0 continuation(s) 
[2025-12-18T08:25:24.361+0530][info][gc,marking  ] GC(263) Mark Stack Usage: 32M
[2025-12-18T08:25:24.361+0530][info][gc,nmethod  ] GC(263) NMethods: 697 registered, 1 unregistered
[2025-12-18T08:25:24.361+0530][info][gc,metaspace] GC(263) Metaspace: 4M used, 4M committed, 1088M reserved
[2025-12-18T08:25:24.361+0530][info][gc,ref      ] GC(263) Soft: 157 encountered, 89 discovered, 0 enqueued
[2025-12-18T08:25:24.361+0530][info][gc,ref      ] GC(263) Weak: 539 encountered, 405 discovered, 0 enqueued
[2025-12-18T08:25:24.361+0530][info][gc,ref      ] GC(263) Final: 0 encountered, 0 discovered, 0 enqueued
[2025-12-18T08:25:24.361+0530][info][gc,ref      ] GC(263) Phantom: 7 encountered, 3 discovered, 0 enqueued
[2025-12-18T08:25:24.361+0530][info][gc,reloc    ] GC(263) Small Pages: 204 / 408M, Empty: 130M, Relocated: 1M, In-Place: 0
[2025-12-18T08:25:24.361+0530][info][gc,reloc    ] GC(263) Medium Pages: 1 / 16M, Empty: 0M, Relocated: 0M, In-Place: 0
[2025-12-18T08:25:24.361+0530][info][gc,reloc    ] GC(263) Large Pages: 1 / 6M, Empty: 0M, Relocated: 0M, In-Place: 0
[2025-12-18T08:25:24.361+0530][info][gc,reloc    ] GC(263) Forwarding Usage: 0M
[2025-12-18T08:25:24.361+0530][info][gc,heap     ] GC(263) Min Capacity: 512M(100%)
[2025-12-18T08:25:24.362+0530][info][gc,heap     ] GC(263) Max Capacity: 512M(100%)
[2025-12-18T08:25:24.362+0530][info][gc,heap     ] GC(263) Soft Max Capacity: 512M(100%)
[2025-12-18T08:25:24.362+0530][info][gc,heap     ] GC(263)                Mark Start          Mark End        Relocate Start      Relocate End           High               Low         
[2025-12-18T08:25:24.362+0530][info][gc,heap     ] GC(263)  Capacity:      512M (100%)        512M (100%)        512M (100%)        512M (100%)        512M (100%)        512M (100%)   
[2025-12-18T08:25:24.362+0530][info][gc,heap     ] GC(263)      Free:       82M (16%)           0M (0%)          118M (23%)         148M (29%)         148M (29%)           0M (0%)     
[2025-12-18T08:25:24.362+0530][info][gc,heap     ] GC(263)      Used:      430M (84%)         512M (100%)        394M (77%)         364M (71%)         512M (100%)        364M (71%)    
[2025-12-18T08:25:24.362+0530][info][gc,heap     ] GC(263)      Live:         -               248M (48%)         248M (48%)         248M (48%)            -                  -          
[2025-12-18T08:25:24.362+0530][info][gc,heap     ] GC(263) Allocated:         -                82M (16%)          94M (18%)          95M (19%)            -                  -          
[2025-12-18T08:25:24.362+0530][info][gc,heap     ] GC(263)   Garbage:         -               181M (36%)          51M (10%)          19M (4%)             -                  -          
[2025-12-18T08:25:24.362+0530][info][gc,heap     ] GC(263) Reclaimed:         -                  -               130M (25%)         161M (32%)            -                  -          
[2025-12-18T08:25:24.362+0530][info][gc          ] GC(263) Garbage Collection (Allocation Stall) 430M(84%)->364M(71%)
[2025-12-18T08:25:24.417+0530][info][gc,start    ] GC(264) Garbage Collection (Allocation Stall)
[2025-12-18T08:25:24.417+0530][info][gc,ref      ] GC(264) Clearing All SoftReferences
[2025-12-18T08:25:24.417+0530][info][gc,task     ] GC(264) Using 2 workers
[2025-12-18T08:25:24.417+0530][info][gc,ref      ] GC(264) Clearing All SoftReferences
[2025-12-18T08:25:24.417+0530][info][gc,phases   ] GC(264) Pause Mark Start 0.058ms
[2025-12-18T08:25:24.545+0530][info][gc,phases   ] GC(264) Concurrent Mark 124.813ms
[2025-12-18T08:25:24.545+0530][info][gc,phases   ] GC(264) Pause Mark End 0.086ms
[2025-12-18T08:25:24.545+0530][info][gc,phases   ] GC(264) Concurrent Mark Free 0.001ms
[2025-12-18T08:25:24.546+0530][info][gc,phases   ] GC(264) Concurrent Process Non-Strong References 1.155ms
[2025-12-18T08:25:24.546+0530][info][gc,phases   ] GC(264) Concurrent Reset Relocation Set 0.002ms
[2025-12-18T08:25:24.546+0530][info][gc          ] Allocation Stall (Worker-0) 66.537ms
[2025-12-18T08:25:24.546+0530][info][gc          ] Allocation Stall (Worker-1) 66.442ms
[2025-12-18T08:25:24.546+0530][info][gc          ] Allocation Stall (Worker-7) 65.974ms
[2025-12-18T08:25:24.546+0530][info][gc          ] Allocation Stall (Worker-3) 61.950ms
[2025-12-18T08:25:24.546+0530][info][gc          ] Allocation Stall (Worker-2) 70.746ms
[2025-12-18T08:25:24.546+0530][info][gc          ] Allocation Stall (Worker-5) 70.137ms
[2025-12-18T08:25:24.546+0530][info][gc          ] Allocation Stall (Worker-4) 69.188ms
[2025-12-18T08:25:24.546+0530][info][gc          ] Allocation Stall (Worker-6) 66.859ms
[2025-12-18T08:25:24.550+0530][info][gc,phases   ] GC(264) Concurrent Select Relocation Set 3.609ms
[2025-12-18T08:25:24.550+0530][info][gc,phases   ] GC(264) Pause Relocate Start 0.010ms
[2025-12-18T08:25:24.555+0530][info][gc,phases   ] GC(264) Concurrent Relocate 1.684ms
[2025-12-18T08:25:24.555+0530][info][gc,load     ] GC(264) Load: 0.00/0.00/0.00
[2025-12-18T08:25:24.555+0530][info][gc,mmu      ] GC(264) MMU: 2ms/54.5%, 5ms/81.8%, 10ms/90.8%, 20ms/95.4%, 50ms/98.2%, 100ms/99.0%
[2025-12-18T08:25:24.555+0530][info][gc,marking  ] GC(264) Mark: 2 stripe(s), 2 proactive flush(es), 1 terminate flush(es), 1 completion(s), 0 continuation(s) 
[2025-12-18T08:25:24.555+0530][info][gc,marking  ] GC(264) Mark Stack Usage: 32M
[2025-12-18T08:25:24.555+0530][info][gc,nmethod  ] GC(264) NMethods: 697 registered, 1 unregistered
[2025-12-18T08:25:24.555+0530][info][gc,metaspace] GC(264) Metaspace: 4M used, 4M committed, 1088M reserved
[2025-12-18T08:25:24.555+0530][info][gc,ref      ] GC(264) Soft: 157 encountered, 89 discovered, 0 enqueued
[2025-12-18T08:25:24.555+0530][info][gc,ref      ] GC(264) Weak: 539 encountered, 417 discovered, 0 enqueued
[2025-12-18T08:25:24.555+0530][info][gc,ref      ] GC(264) Final: 0 encountered, 0 discovered, 0 enqueued
[2025-12-18T08:25:24.555+0530][info][gc,ref      ] GC(264) Phantom: 7 encountered, 5 discovered, 0 enqueued
[2025-12-18T08:25:24.555+0530][info][gc,reloc    ] GC(264) Small Pages: 213 / 426M, Empty: 150M, Relocated: 1M, In-Place: 0
[2025-12-18T08:25:24.555+0530][info][gc,reloc    ] GC(264) Medium Pages: 1 / 16M, Empty: 0M, Relocated: 0M, In-Place: 0
[2025-12-18T08:25:24.555+0530][info][gc,reloc    ] GC(264) Large Pages: 1 / 6M, Empty: 0M, Relocated: 0M, In-Place: 0
[2025-12-18T08:25:24.555+0530][info][gc,reloc    ] GC(264) Forwarding Usage: 0M
[2025-12-18T08:25:24.555+0530][info][gc,heap     ] GC(264) Min Capacity: 512M(100%)
[2025-12-18T08:25:24.555+0530][info][gc,heap     ] GC(264) Max Capacity: 512M(100%)
[2025-12-18T08:25:24.555+0530][info][gc,heap     ] GC(264) Soft Max Capacity: 512M(100%)
[2025-12-18T08:25:24.555+0530][info][gc,heap     ] GC(264)                Mark Start          Mark End        Relocate Start      Relocate End           High               Low         
[2025-12-18T08:25:24.555+0530][info][gc,heap     ] GC(264)  Capacity:      512M (100%)        512M (100%)        512M (100%)        512M (100%)        512M (100%)        512M (100%)   
[2025-12-18T08:25:24.555+0530][info][gc,heap     ] GC(264)      Free:       64M (12%)           0M (0%)          138M (27%)         168M (33%)         168M (33%)           0M (0%)     
[2025-12-18T08:25:24.555+0530][info][gc,heap     ] GC(264)      Used:      448M (88%)         512M (100%)        374M (73%)         344M (67%)         512M (100%)        344M (67%)    
[2025-12-18T08:25:24.555+0530][info][gc,heap     ] GC(264)      Live:         -               248M (48%)         248M (48%)         248M (48%)            -                  -          
[2025-12-18T08:25:24.555+0530][info][gc,heap     ] GC(264) Allocated:         -                64M (12%)          76M (15%)          75M (15%)            -                  -          
[2025-12-18T08:25:24.555+0530][info][gc,heap     ] GC(264)   Garbage:         -               199M (39%)          49M (10%)          19M (4%)             -                  -          
[2025-12-18T08:25:24.555+0530][info][gc,heap     ] GC(264) Reclaimed:         -                  -               150M (29%)         179M (35%)            -                  -          
[2025-12-18T08:25:24.555+0530][info][gc          ] GC(264) Garbage Collection (Allocation Stall) 448M(88%)->344M(67%)
[2025-12-18T08:25:24.617+0530][info][gc,start    ] GC(265) Garbage Collection (Allocation Stall)
[2025-12-18T08:25:24.617+0530][info][gc,ref      ] GC(265) Clearing All SoftReferences
[2025-12-18T08:25:24.617+0530][info][gc,task     ] GC(265) Using 2 workers
[2025-12-18T08:25:24.617+0530][info][gc,ref      ] GC(265) Clearing All SoftReferences
[2025-12-18T08:25:24.617+0530][info][gc,phases   ] GC(265) Pause Mark Start 0.051ms
[2025-12-18T08:25:24.744+0530][info][gc,phases   ] GC(265) Concurrent Mark 125.864ms
[2025-12-18T08:25:24.744+0530][info][gc,phases   ] GC(265) Pause Mark End 0.102ms
[2025-12-18T08:25:24.744+0530][info][gc,phases   ] GC(265) Concurrent Mark Free 0.002ms
[2025-12-18T08:25:24.745+0530][info][gc,phases   ] GC(265) Concurrent Process Non-Strong References 1.128ms
[2025-12-18T08:25:24.745+0530][info][gc,phases   ] GC(265) Concurrent Reset Relocation Set 0.002ms
[2025-12-18T08:25:24.745+0530][info][gc          ] Allocation Stall (main) 61.788ms
[2025-12-18T08:25:24.745+0530][info][gc          ] Allocation Stall (Worker-4) 61.070ms
[2025-12-18T08:25:24.745+0530][info][gc          ] Allocation Stall (Worker-2) 59.330ms
[2025-12-18T08:25:24.745+0530][info][gc          ] Allocation Stall (Worker-6) 59.549ms
[2025-12-18T08:25:24.745+0530][info][gc          ] Allocation Stall (Worker-0) 67.561ms
[2025-12-18T08:25:24.745+0530][info][gc          ] Allocation Stall (Worker-3) 66.559ms
[2025-12-18T08:25:24.745+0530][info][gc          ] Allocation Stall (Worker-7) 64.054ms
[2025-12-18T08:25:24.745+0530][info][gc          ] Allocation Stall (Worker-1) 62.243ms
[2025-12-18T08:25:24.745+0530][info][gc          ] Allocation Stall (Worker-5) 62.166ms
[2025-12-18T08:25:24.749+0530][info][gc,phases   ] GC(265) Concurrent Select Relocation Set 3.761ms
[2025-12-18T08:25:24.749+0530][info][gc,phases   ] GC(265) Pause Relocate Start 0.010ms
[2025-12-18T08:25:24.762+0530][info][gc,phases   ] GC(265) Concurrent Relocate 1.655ms
[2025-12-18T08:25:24.762+0530][info][gc,load     ] GC(265) Load: 0.00/0.00/0.00
[2025-12-18T08:25:24.762+0530][info][gc,mmu      ] GC(265) MMU: 2ms/54.5%, 5ms/81.8%, 10ms/90.8%, 20ms/95.4%, 50ms/98.2%, 100ms/99.0%
[2025-12-18T08:25:24.762+0530][info][gc,marking  ] GC(265) Mark: 2 stripe(s), 2 proactive flush(es), 1 terminate flush(es), 1 completion(s), 0 continuation(s) 
[2025-12-18T08:25:24.762+0530][info][gc,marking  ] GC(265) Mark Stack Usage: 32M
[2025-12-18T08:25:24.762+0530][info][gc,nmethod  ] GC(265) NMethods: 698 registered, 1 unregistered
[2025-12-18T08:25:24.762+0530][info][gc,metaspace] GC(265) Metaspace: 4M used, 4M committed, 1088M reserved
[2025-12-18T08:25:24.762+0530][info][gc,ref      ] GC(265) Soft: 157 encountered, 76 discovered, 0 enqueued
[2025-12-18T08:25:24.762+0530][info][gc,ref      ] GC(265) Weak: 539 encountered, 411 discovered, 0 enqueued
[2025-12-18T08:25:24.762+0530][info][gc,ref      ] GC(265) Final: 0 encountered, 0 discovered, 0 enqueued
[2025-12-18T08:25:24.762+0530][info][gc,ref      ] GC(265) Phantom: 7 encountered, 2 discovered, 0 enqueued
[2025-12-18T08:25:24.762+0530][info][gc,reloc    ] GC(265) Small Pages: 209 / 418M, Empty: 140M, Relocated: 1M, In-Place: 0
[2025-12-18T08:25:24.762+0530][info][gc,reloc    ] GC(265) Medium Pages: 1 / 16M, Empty: 0M, Relocated: 0M, In-Place: 0
[2025-12-18T08:25:24.762+0530][info][gc,reloc    ] GC(265) Large Pages: 1 / 6M, Empty: 0M, Relocated: 0M, In-Place: 0
[2025-12-18T08:25:24.762+0530][info][gc,reloc    ] GC(265) Forwarding Usage: 0M
[2025-12-18T08:25:24.762+0530][info][gc,heap     ] GC(265) Min Capacity: 512M(100%)
[2025-12-18T08:25:24.762+0530][info][gc,heap     ] GC(265) Max Capacity: 512M(100%)
[2025-12-18T08:25:24.762+0530][info][gc,heap     ] GC(265) Soft Max Capacity: 512M(100%)
[2025-12-18T08:25:24.762+0530][info][gc,heap     ] GC(265)                Mark Start          Mark End        Relocate Start      Relocate End           High               Low         
[2025-12-18T08:25:24.762+0530][info][gc,heap     ] GC(265)  Capacity:      512M (100%)        512M (100%)        512M (100%)        512M (100%)        512M (100%)        512M (100%)   
[2025-12-18T08:25:24.762+0530][info][gc,heap     ] GC(265)      Free:       72M (14%)           0M (0%)          126M (25%)         142M (28%)         142M (28%)           0M (0%)     
[2025-12-18T08:25:24.762+0530][info][gc,heap     ] GC(265)      Used:      440M (86%)         512M (100%)        386M (75%)         370M (72%)         512M (100%)        370M (72%)    
[2025-12-18T08:25:24.762+0530][info][gc,heap     ] GC(265)      Live:         -               248M (48%)         248M (48%)         248M (48%)            -                  -          
[2025-12-18T08:25:24.762+0530][info][gc,heap     ] GC(265) Allocated:         -                72M (14%)          86M (17%)         101M (20%)            -                  -          
[2025-12-18T08:25:24.762+0530][info][gc,heap     ] GC(265)   Garbage:         -               191M (37%)          51M (10%)          20M (4%)             -                  -          
[2025-12-18T08:25:24.762+0530][info][gc,heap     ] GC(265) Reclaimed:         -                  -               140M (27%)         171M (34%)            -                  -          
[2025-12-18T08:25:24.762+0530][info][gc          ] GC(265) Garbage Collection (Allocation Stall) 440M(86%)->370M(72%)
[2025-12-18T08:25:24.817+0530][info][gc,start    ] GC(266) Garbage Collection (Allocation Stall)
[2025-12-18T08:25:24.817+0530][info][gc,ref      ] GC(266) Clearing All SoftReferences
[2025-12-18T08:25:24.817+0530][info][gc,task     ] GC(266) Using 2 workers
[2025-12-18T08:25:24.817+0530][info][gc,ref      ] GC(266) Clearing All SoftReferences
[2025-12-18T08:25:24.817+0530][info][gc,phases   ] GC(266) Pause Mark Start 0.056ms
[2025-12-18T08:25:24.946+0530][info][gc,phases   ] GC(266) Concurrent Mark 126.271ms
[2025-12-18T08:25:24.946+0530][info][gc,phases   ] GC(266) Pause Mark End 0.018ms
[2025-12-18T08:25:24.946+0530][info][gc,phases   ] GC(266) Concurrent Mark Free 0.001ms
[2025-12-18T08:25:24.947+0530][info][gc,phases   ] GC(266) Concurrent Process Non-Strong References 1.140ms
[2025-12-18T08:25:24.947+0530][info][gc,phases   ] GC(266) Concurrent Reset Relocation Set 0.002ms
[2025-12-18T08:25:24.947+0530][info][gc          ] Allocation Stall (Worker-3) 63.032ms
[2025-12-18T08:25:24.947+0530][info][gc          ] Allocation Stall (Worker-5) 68.039ms
[2025-12-18T08:25:24.947+0530][info][gc          ] Allocation Stall (Worker-0) 61.924ms
[2025-12-18T08:25:24.947+0530][info][gc          ] Allocation Stall (Worker-6) 61.440ms
[2025-12-18T08:25:24.947+0530][info][gc          ] Allocation Stall (Worker-7) 66.196ms
[2025-12-18T08:25:24.947+0530][info][gc          ] Allocation Stall (Worker-4) 67.144ms
[2025-12-18T08:25:24.947+0530][info][gc          ] Allocation Stall (Worker-2) 67.438ms
[2025-12-18T08:25:24.947+0530][info][gc          ] Allocation Stall (Worker-1) 67.494ms
[2025-12-18T08:25:24.951+0530][info][gc,phases   ] GC(266) Concurrent Select Relocation Set 3.672ms
[2025-12-18T08:25:24.951+0530][info][gc,phases   ] GC(266) Pause Relocate Start 0.009ms
[2025-12-18T08:25:24.964+0530][info][gc,phases   ] GC(266) Concurrent Relocate 1.788ms
[2025-12-18T08:25:24.964+0530][info][gc,load     ] GC(266) Load: 0.00/0.00/0.00
[2025-12-18T08:25:24.964+0530][info][gc,mmu      ] GC(266) MMU: 2ms/54.5%, 5ms/81.8%, 10ms/90.8%, 20ms/95.4%, 50ms/98.2%, 100ms/99.0%
[2025-12-18T08:25:24.964+0530][info][gc,marking  ] GC(266) Mark: 2 stripe(s), 2 proactive flush(es), 1 terminate flush(es), 0 completion(s), 0 continuation(s) 
[2025-12-18T08:25:24.964+0530][info][gc,marking  ] GC(266) Mark Stack Usage: 32M
[2025-12-18T08:25:24.964+0530][info][gc,nmethod  ] GC(266) NMethods: 698 registered, 1 unregistered
[2025-12-18T08:25:24.964+0530][info][gc,metaspace] GC(266) Metaspace: 4M used, 4M committed, 1088M reserved
[2025-12-18T08:25:24.964+0530][info][gc,ref      ] GC(266) Soft: 157 encountered, 87 discovered, 0 enqueued
[2025-12-18T08:25:24.964+0530][info][gc,ref      ] GC(266) Weak: 539 encountered, 389 discovered, 0 enqueued
[2025-12-18T08:25:24.964+0530][info][gc,ref      ] GC(266) Final: 0 encountered, 0 discovered, 0 enqueued
[2025-12-18T08:25:24.964+0530][info][gc,ref      ] GC(266) Phantom: 7 encountered, 3 discovered, 0 enqueued
[2025-12-18T08:25:24.964+0530][info][gc,reloc    ] GC(266) Small Pages: 212 / 424M, Empty: 130M, Relocated: 1M, In-Place: 0
[2025-12-18T08:25:24.964+0530][info][gc,reloc    ] GC(266) Medium Pages: 1 / 16M, Empty: 0M, Relocated: 0M, In-Place: 0
[2025-12-18T08:25:24.964+0530][info][gc,reloc    ] GC(266) Large Pages: 1 / 6M, Empty: 0M, Relocated: 0M, In-Place: 0
[2025-12-18T08:25:24.964+0530][info][gc,reloc    ] GC(266) Forwarding Usage: 0M
[2025-12-18T08:25:24.964+0530][info][gc,heap     ] GC(266) Min Capacity: 512M(100%)
[2025-12-18T08:25:24.964+0530][info][gc,heap     ] GC(266) Max Capacity: 512M(100%)
[2025-12-18T08:25:24.964+0530][info][gc,heap     ] GC(266) Soft Max Capacity: 512M(100%)
[2025-12-18T08:25:24.964+0530][info][gc,heap     ] GC(266)                Mark Start          Mark End        Relocate Start      Relocate End           High               Low         
[2025-12-18T08:25:24.964+0530][info][gc,heap     ] GC(266)  Capacity:      512M (100%)        512M (100%)        512M (100%)        512M (100%)        512M (100%)        512M (100%)   
[2025-12-18T08:25:24.964+0530][info][gc,heap     ] GC(266)      Free:       66M (13%)           0M (0%)          116M (23%)         150M (29%)         150M (29%)           0M (0%)     
[2025-12-18T08:25:24.964+0530][info][gc,heap     ] GC(266)      Used:      446M (87%)         512M (100%)        396M (77%)         362M (71%)         512M (100%)        362M (71%)    
[2025-12-18T08:25:24.964+0530][info][gc,heap     ] GC(266)      Live:         -               248M (48%)         248M (48%)         248M (48%)            -                  -          
[2025-12-18T08:25:24.964+0530][info][gc,heap     ] GC(266) Allocated:         -                66M (13%)          80M (16%)          93M (18%)            -                  -          
[2025-12-18T08:25:24.964+0530][info][gc,heap     ] GC(266)   Garbage:         -               197M (39%)          67M (13%)          19M (4%)             -                  -          
[2025-12-18T08:25:24.964+0530][info][gc,heap     ] GC(266) Reclaimed:         -                  -               130M (25%)         177M (35%)            -                  -          
[2025-12-18T08:25:24.965+0530][info][gc          ] GC(266) Garbage Collection (Allocation Stall) 446M(87%)->362M(71%)
[2025-12-18T08:25:25.017+0530][info][gc,start    ] GC(267) Garbage Collection (Allocation Stall)
[2025-12-18T08:25:25.017+0530][info][gc,ref      ] GC(267) Clearing All SoftReferences
[2025-12-18T08:25:25.017+0530][info][gc,task     ] GC(267) Using 2 workers
[2025-12-18T08:25:25.017+0530][info][gc,ref      ] GC(267) Clearing All SoftReferences
[2025-12-18T08:25:25.017+0530][info][gc,phases   ] GC(267) Pause Mark Start 0.061ms
[2025-12-18T08:25:25.148+0530][info][gc,phases   ] GC(267) Concurrent Mark 123.283ms
[2025-12-18T08:25:25.148+0530][info][gc,phases   ] GC(267) Pause Mark End 0.021ms
[2025-12-18T08:25:25.148+0530][info][gc,phases   ] GC(267) Concurrent Mark Free 0.001ms
[2025-12-18T08:25:25.149+0530][info][gc,phases   ] GC(267) Concurrent Process Non-Strong References 1.133ms
[2025-12-18T08:25:25.149+0530][info][gc,phases   ] GC(267) Concurrent Reset Relocation Set 0.003ms
[2025-12-18T08:25:25.149+0530][info][gc          ] Allocation Stall (Worker-7) 59.181ms
[2025-12-18T08:25:25.149+0530][info][gc          ] Allocation Stall (Worker-4) 58.385ms
[2025-12-18T08:25:25.149+0530][info][gc          ] Allocation Stall (Worker-5) 68.727ms
[2025-12-18T08:25:25.149+0530][info][gc          ] Allocation Stall (Worker-1) 68.264ms
[2025-12-18T08:25:25.149+0530][info][gc          ] Allocation Stall (Worker-2) 58.588ms
[2025-12-18T08:25:25.149+0530][info][gc          ] Allocation Stall (Worker-3) 65.647ms
[2025-12-18T08:25:25.149+0530][info][gc          ] Allocation Stall (Worker-6) 63.552ms
[2025-12-18T08:25:25.149+0530][info][gc          ] Allocation Stall (Worker-0) 62.786ms
[2025-12-18T08:25:25.153+0530][info][gc,phases   ] GC(267) Concurrent Select Relocation Set 3.598ms
[2025-12-18T08:25:25.153+0530][info][gc,phases   ] GC(267) Pause Relocate Start 0.013ms
[2025-12-18T08:25:25.163+0530][info][gc,phases   ] GC(267) Concurrent Relocate 1.699ms
[2025-12-18T08:25:25.163+0530][info][gc,load     ] GC(267) Load: 0.00/0.00/0.00
[2025-12-18T08:25:25.163+0530][info][gc,mmu      ] GC(267) MMU: 2ms/54.5%, 5ms/81.8%, 10ms/90.8%, 20ms/95.4%, 50ms/98.2%, 100ms/99.0%
[2025-12-18T08:25:25.163+0530][info][gc,marking  ] GC(267) Mark: 2 stripe(s), 2 proactive flush(es), 1 terminate flush(es), 0 completion(s), 0 continuation(s) 
[2025-12-18T08:25:25.163+0530][info][gc,marking  ] GC(267) Mark Stack Usage: 32M
[2025-12-18T08:25:25.164+0530][info][gc,nmethod  ] GC(267) NMethods: 698 registered, 1 unregistered
[2025-12-18T08:25:25.164+0530][info][gc,metaspace] GC(267) Metaspace: 4M used, 4M committed, 1088M reserved
[2025-12-18T08:25:25.164+0530][info][gc,ref      ] GC(267) Soft: 157 encountered, 88 discovered, 0 enqueued
[2025-12-18T08:25:25.164+0530][info][gc,ref      ] GC(267) Weak: 539 encountered, 405 discovered, 0 enqueued
[2025-12-18T08:25:25.164+0530][info][gc,ref      ] GC(267) Final: 0 encountered, 0 discovered, 0 enqueued
[2025-12-18T08:25:25.164+0530][info][gc,ref      ] GC(267) Phantom: 7 encountered, 3 discovered, 0 enqueued
[2025-12-18T08:25:25.164+0530][info][gc,reloc    ] GC(267) Small Pages: 210 / 420M, Empty: 128M, Relocated: 1M, In-Place: 0
[2025-12-18T08:25:25.164+0530][info][gc,reloc    ] GC(267) Medium Pages: 1 / 16M, Empty: 0M, Relocated: 0M, In-Place: 0
[2025-12-18T08:25:25.164+0530][info][gc,reloc    ] GC(267) Large Pages: 1 / 6M, Empty: 0M, Relocated: 0M, In-Place: 0
[2025-12-18T08:25:25.164+0530][info][gc,reloc    ] GC(267) Forwarding Usage: 0M
[2025-12-18T08:25:25.164+0530][info][gc,heap     ] GC(267) Min Capacity: 512M(100%)
[2025-12-18T08:25:25.164+0530][info][gc,heap     ] GC(267) Max Capacity: 512M(100%)
[2025-12-18T08:25:25.164+0530][info][gc,heap     ] GC(267) Soft Max Capacity: 512M(100%)
[2025-12-18T08:25:25.164+0530][info][gc,heap     ] GC(267)                Mark Start          Mark End        Relocate Start      Relocate End           High               Low         
[2025-12-18T08:25:25.164+0530][info][gc,heap     ] GC(267)  Capacity:      512M (100%)        512M (100%)        512M (100%)        512M (100%)        512M (100%)        512M (100%)   
[2025-12-18T08:25:25.164+0530][info][gc,heap     ] GC(267)      Free:       70M (14%)           0M (0%)          114M (22%)         148M (29%)         150M (29%)           0M (0%)     
[2025-12-18T08:25:25.164+0530][info][gc,heap     ] GC(267)      Used:      442M (86%)         512M (100%)        398M (78%)         364M (71%)         512M (100%)        362M (71%)    
[2025-12-18T08:25:25.164+0530][info][gc,heap     ] GC(267)      Live:         -               248M (48%)         248M (48%)         248M (48%)            -                  -          
[2025-12-18T08:25:25.164+0530][info][gc,heap     ] GC(267) Allocated:         -                70M (14%)          84M (16%)          95M (19%)            -                  -          
[2025-12-18T08:25:25.164+0530][info][gc,heap     ] GC(267)   Garbage:         -               193M (38%)          65M (13%)          19M (4%)             -                  -          
[2025-12-18T08:25:25.164+0530][info][gc,heap     ] GC(267) Reclaimed:         -                  -               128M (25%)         173M (34%)            -                  -          
[2025-12-18T08:25:25.164+0530][info][gc          ] GC(267) Garbage Collection (Allocation Stall) 442M(86%)->364M(71%)
[2025-12-18T08:25:25.217+0530][info][gc,start    ] GC(268) Garbage Collection (Allocation Stall)
[2025-12-18T08:25:25.217+0530][info][gc,ref      ] GC(268) Clearing All SoftReferences
[2025-12-18T08:25:25.217+0530][info][gc,task     ] GC(268) Using 2 workers
[2025-12-18T08:25:25.217+0530][info][gc,ref      ] GC(268) Clearing All SoftReferences
[2025-12-18T08:25:25.217+0530][info][gc,phases   ] GC(268) Pause Mark Start 0.060ms
[2025-12-18T08:25:25.350+0530][info][gc,phases   ] GC(268) Concurrent Mark 110.780ms
[2025-12-18T08:25:25.350+0530][info][gc,phases   ] GC(268) Pause Mark End 0.090ms
[2025-12-18T08:25:25.350+0530][info][gc,phases   ] GC(268) Concurrent Mark Free 0.001ms
[2025-12-18T08:25:25.351+0530][info][gc,phases   ] GC(268) Concurrent Process Non-Strong References 1.136ms
[2025-12-18T08:25:25.351+0530][info][gc,phases   ] GC(268) Concurrent Reset Relocation Set 0.003ms
[2025-12-18T08:25:25.351+0530][info][gc          ] Allocation Stall (Worker-0) 76.805ms
[2025-12-18T08:25:25.351+0530][info][gc          ] Allocation Stall (Worker-6) 71.414ms
[2025-12-18T08:25:25.351+0530][info][gc          ] Allocation Stall (JFR Periodic Tasks) 58.813ms
[2025-12-18T08:25:25.351+0530][info][gc          ] Allocation Stall (Worker-7) 70.465ms
[2025-12-18T08:25:25.351+0530][info][gc          ] Allocation Stall (Worker-5) 71.648ms
[2025-12-18T08:25:25.351+0530][info][gc          ] Allocation Stall (Worker-1) 78.109ms
[2025-12-18T08:25:25.351+0530][info][gc          ] Allocation Stall (Worker-4) 77.385ms
[2025-12-18T08:25:25.351+0530][info][gc          ] Allocation Stall (Worker-2) 78.135ms
[2025-12-18T08:25:25.351+0530][info][gc          ] Allocation Stall (Worker-3) 76.844ms
[2025-12-18T08:25:25.355+0530][info][gc,phases   ] GC(268) Concurrent Select Relocation Set 3.759ms
[2025-12-18T08:25:25.384+0530][info][gc,phases   ] GC(268) Pause Relocate Start 0.017ms
[2025-12-18T08:25:25.391+0530][info][gc,phases   ] GC(268) Concurrent Relocate 1.862ms
[2025-12-18T08:25:25.392+0530][info][gc,load     ] GC(268) Load: 0.00/0.00/0.00
[2025-12-18T08:25:25.392+0530][info][gc,mmu      ] GC(268) MMU: 2ms/54.5%, 5ms/81.8%, 10ms/90.8%, 20ms/95.4%, 50ms/98.2%, 100ms/99.0%
[2025-12-18T08:25:25.392+0530][info][gc,marking  ] GC(268) Mark: 2 stripe(s), 2 proactive flush(es), 1 terminate flush(es), 1 completion(s), 0 continuation(s) 
[2025-12-18T08:25:25.392+0530][info][gc,marking  ] GC(268) Mark Stack Usage: 32M
[2025-12-18T08:25:25.392+0530][info][gc,nmethod  ] GC(268) NMethods: 698 registered, 1 unregistered
[2025-12-18T08:25:25.392+0530][info][gc,metaspace] GC(268) Metaspace: 4M used, 4M committed, 1088M reserved
[2025-12-18T08:25:25.392+0530][info][gc,ref      ] GC(268) Soft: 157 encountered, 84 discovered, 0 enqueued
[2025-12-18T08:25:25.392+0530][info][gc,ref      ] GC(268) Weak: 539 encountered, 442 discovered, 0 enqueued
[2025-12-18T08:25:25.392+0530][info][gc,ref      ] GC(268) Final: 0 encountered, 0 discovered, 0 enqueued
[2025-12-18T08:25:25.392+0530][info][gc,ref      ] GC(268) Phantom: 7 encountered, 5 discovered, 0 enqueued
[2025-12-18T08:25:25.392+0530][info][gc,reloc    ] GC(268) Small Pages: 208 / 416M, Empty: 130M, Relocated: 1M, In-Place: 0
[2025-12-18T08:25:25.392+0530][info][gc,reloc    ] GC(268) Medium Pages: 1 / 16M, Empty: 0M, Relocated: 0M, In-Place: 0
[2025-12-18T08:25:25.392+0530][info][gc,reloc    ] GC(268) Large Pages: 1 / 6M, Empty: 0M, Relocated: 0M, In-Place: 0
[2025-12-18T08:25:25.392+0530][info][gc,reloc    ] GC(268) Forwarding Usage: 0M
[2025-12-18T08:25:25.392+0530][info][gc,heap     ] GC(268) Min Capacity: 512M(100%)
[2025-12-18T08:25:25.392+0530][info][gc,heap     ] GC(268) Max Capacity: 512M(100%)
[2025-12-18T08:25:25.392+0530][info][gc,heap     ] GC(268) Soft Max Capacity: 512M(100%)
[2025-12-18T08:25:25.392+0530][info][gc,heap     ] GC(268)                Mark Start          Mark End        Relocate Start      Relocate End           High               Low         
[2025-12-18T08:25:25.392+0530][info][gc,heap     ] GC(268)  Capacity:      512M (100%)        512M (100%)        512M (100%)        512M (100%)        512M (100%)        512M (100%)   
[2025-12-18T08:25:25.392+0530][info][gc,heap     ] GC(268)      Free:       74M (14%)           0M (0%)           82M (16%)         118M (23%)         128M (25%)           0M (0%)     
[2025-12-18T08:25:25.392+0530][info][gc,heap     ] GC(268)      Used:      438M (86%)         512M (100%)        430M (84%)         394M (77%)         512M (100%)        384M (75%)    
[2025-12-18T08:25:25.392+0530][info][gc,heap     ] GC(268)      Live:         -               248M (48%)         248M (48%)         248M (48%)            -                  -          
[2025-12-18T08:25:25.392+0530][info][gc,heap     ] GC(268) Allocated:         -                74M (14%)         122M (24%)         125M (25%)            -                  -          
[2025-12-18T08:25:25.392+0530][info][gc,heap     ] GC(268)   Garbage:         -               189M (37%)          59M (12%)          19M (4%)             -                  -          
[2025-12-18T08:25:25.392+0530][info][gc,heap     ] GC(268) Reclaimed:         -                  -               130M (25%)         169M (33%)            -                  -          
[2025-12-18T08:25:25.392+0530][info][gc          ] GC(268) Garbage Collection (Allocation Stall) 438M(86%)->394M(77%)
[2025-12-18T08:25:25.417+0530][info][gc,start    ] GC(269) Garbage Collection (Allocation Stall)
[2025-12-18T08:25:25.417+0530][info][gc,ref      ] GC(269) Clearing All SoftReferences
[2025-12-18T08:25:25.417+0530][info][gc,task     ] GC(269) Using 2 workers
[2025-12-18T08:25:25.417+0530][info][gc,ref      ] GC(269) Clearing All SoftReferences
[2025-12-18T08:25:25.417+0530][info][gc,phases   ] GC(269) Pause Mark Start 0.058ms
[2025-12-18T08:25:25.558+0530][info][gc,phases   ] GC(269) Concurrent Mark 134.751ms
[2025-12-18T08:25:25.558+0530][info][gc,phases   ] GC(269) Pause Mark End 0.097ms
[2025-12-18T08:25:25.558+0530][info][gc,phases   ] GC(269) Concurrent Mark Free 0.001ms
[2025-12-18T08:25:25.559+0530][info][gc,phases   ] GC(269) Concurrent Process Non-Strong References 1.091ms
[2025-12-18T08:25:25.559+0530][info][gc,phases   ] GC(269) Concurrent Reset Relocation Set 0.002ms
[2025-12-18T08:25:25.562+0530][info][gc          ] Allocation Stall (Worker-5) 35.853ms
[2025-12-18T08:25:25.562+0530][info][gc          ] Allocation Stall (Worker-7) 33.207ms
[2025-12-18T08:25:25.562+0530][info][gc          ] Allocation Stall (Worker-1) 36.360ms
[2025-12-18T08:25:25.562+0530][info][gc          ] Allocation Stall (Worker-4) 31.817ms
[2025-12-18T08:25:25.562+0530][info][gc          ] Allocation Stall (Worker-2) 41.034ms
[2025-12-18T08:25:25.562+0530][info][gc          ] Allocation Stall (Worker-0) 39.629ms
[2025-12-18T08:25:25.562+0530][info][gc          ] Allocation Stall (Worker-3) 38.026ms
[2025-12-18T08:25:25.562+0530][info][gc          ] Allocation Stall (Worker-6) 36.714ms
[2025-12-18T08:25:25.562+0530][info][gc,phases   ] GC(269) Concurrent Select Relocation Set 3.099ms
[2025-12-18T08:25:25.594+0530][info][gc,phases   ] GC(269) Pause Relocate Start 0.014ms
[2025-12-18T08:25:25.628+0530][info][gc,phases   ] GC(269) Concurrent Relocate 1.691ms
[2025-12-18T08:25:25.628+0530][info][gc,load     ] GC(269) Load: 0.00/0.00/0.00
[2025-12-18T08:25:25.629+0530][info][gc,mmu      ] GC(269) MMU: 2ms/54.5%, 5ms/81.8%, 10ms/90.8%, 20ms/95.4%, 50ms/98.2%, 100ms/99.0%
[2025-12-18T08:25:25.629+0530][info][gc,marking  ] GC(269) Mark: 2 stripe(s), 2 proactive flush(es), 1 terminate flush(es), 1 completion(s), 0 continuation(s) 
[2025-12-18T08:25:25.629+0530][info][gc,marking  ] GC(269) Mark Stack Usage: 32M
[2025-12-18T08:25:25.629+0530][info][gc,nmethod  ] GC(269) NMethods: 698 registered, 1 unregistered
[2025-12-18T08:25:25.629+0530][info][gc,metaspace] GC(269) Metaspace: 4M used, 4M committed, 1088M reserved
[2025-12-18T08:25:25.629+0530][info][gc,ref      ] GC(269) Soft: 157 encountered, 78 discovered, 0 enqueued
[2025-12-18T08:25:25.629+0530][info][gc,ref      ] GC(269) Weak: 539 encountered, 3 discovered, 0 enqueued
[2025-12-18T08:25:25.629+0530][info][gc,ref      ] GC(269) Final: 0 encountered, 0 discovered, 0 enqueued
[2025-12-18T08:25:25.629+0530][info][gc,ref      ] GC(269) Phantom: 7 encountered, 5 discovered, 0 enqueued
[2025-12-18T08:25:25.629+0530][info][gc,reloc    ] GC(269) Small Pages: 201 / 402M, Empty: 122M, Relocated: 1M, In-Place: 0
[2025-12-18T08:25:25.629+0530][info][gc,reloc    ] GC(269) Medium Pages: 1 / 16M, Empty: 0M, Relocated: 0M, In-Place: 0
[2025-12-18T08:25:25.629+0530][info][gc,reloc    ] GC(269) Large Pages: 1 / 6M, Empty: 0M, Relocated: 0M, In-Place: 0
[2025-12-18T08:25:25.629+0530][info][gc,reloc    ] GC(269) Forwarding Usage: 0M
[2025-12-18T08:25:25.629+0530][info][gc,heap     ] GC(269) Min Capacity: 512M(100%)
[2025-12-18T08:25:25.629+0530][info][gc,heap     ] GC(269) Max Capacity: 512M(100%)
[2025-12-18T08:25:25.629+0530][info][gc,heap     ] GC(269) Soft Max Capacity: 512M(100%)
[2025-12-18T08:25:25.629+0530][info][gc,heap     ] GC(269)                Mark Start          Mark End        Relocate Start      Relocate End           High               Low         
[2025-12-18T08:25:25.629+0530][info][gc,heap     ] GC(269)  Capacity:      512M (100%)        512M (100%)        512M (100%)        512M (100%)        512M (100%)        512M (100%)   
[2025-12-18T08:25:25.629+0530][info][gc,heap     ] GC(269)      Free:       88M (17%)           0M (0%)           78M (15%)          64M (12%)         122M (24%)           0M (0%)     
[2025-12-18T08:25:25.629+0530][info][gc,heap     ] GC(269)      Used:      424M (83%)         512M (100%)        434M (85%)         448M (88%)         512M (100%)        390M (76%)    
[2025-12-18T08:25:25.629+0530][info][gc,heap     ] GC(269)      Live:         -               248M (48%)         248M (48%)         248M (48%)            -                  -          
[2025-12-18T08:25:25.629+0530][info][gc,heap     ] GC(269) Allocated:         -                88M (17%)         132M (26%)         179M (35%)            -                  -          
[2025-12-18T08:25:25.629+0530][info][gc,heap     ] GC(269)   Garbage:         -               175M (34%)          53M (11%)          20M (4%)             -                  -          
[2025-12-18T08:25:25.629+0530][info][gc,heap     ] GC(269) Reclaimed:         -                  -               122M (24%)         155M (30%)            -                  -          
[2025-12-18T08:25:25.629+0530][info][gc          ] GC(269) Garbage Collection (Allocation Stall) 424M(83%)->448M(88%)
[2025-12-18T08:25:25.688+0530][info][gc,start    ] GC(270) Garbage Collection (Allocation Stall)
[2025-12-18T08:25:25.688+0530][info][gc,ref      ] GC(270) Clearing All SoftReferences
[2025-12-18T08:25:25.688+0530][info][gc,task     ] GC(270) Using 2 workers
[2025-12-18T08:25:25.688+0530][info][gc,ref      ] GC(270) Clearing All SoftReferences
[2025-12-18T08:25:25.688+0530][info][gc,phases   ] GC(270) Pause Mark Start 0.044ms
[2025-12-18T08:25:25.795+0530][info][gc,phases   ] GC(270) Concurrent Mark 106.171ms
[2025-12-18T08:25:25.795+0530][info][gc,phases   ] GC(270) Pause Mark End 0.023ms
[2025-12-18T08:25:25.795+0530][info][gc,phases   ] GC(270) Concurrent Mark Free 0.002ms
[2025-12-18T08:25:25.796+0530][info][gc,phases   ] GC(270) Concurrent Process Non-Strong References 1.451ms
[2025-12-18T08:25:25.797+0530][info][gc,phases   ] GC(270) Concurrent Reset Relocation Set 0.036ms
[2025-12-18T08:25:25.797+0530][info][gc          ] Allocation Stall (Worker-0) 108.271ms
[2025-12-18T08:25:25.797+0530][info][gc          ] Allocation Stall (Worker-1) 108.272ms
[2025-12-18T08:25:25.797+0530][info][gc          ] Allocation Stall (Worker-4) 108.275ms
[2025-12-18T08:25:25.797+0530][info][gc          ] Allocation Stall (Worker-6) 108.300ms
[2025-12-18T08:25:25.797+0530][info][gc          ] Allocation Stall (Worker-7) 108.304ms
[2025-12-18T08:25:25.797+0530][info][gc          ] Allocation Stall (Worker-2) 108.262ms
[2025-12-18T08:25:25.797+0530][info][gc          ] Allocation Stall (Worker-3) 108.287ms
[2025-12-18T08:25:25.797+0530][info][gc          ] Allocation Stall (main) 14.954ms
[2025-12-18T08:25:25.797+0530][info][gc          ] Allocation Stall (Worker-5) 108.889ms
[2025-12-18T08:25:25.800+0530][info][gc,phases   ] GC(270) Concurrent Select Relocation Set 3.704ms
[2025-12-18T08:25:25.833+0530][info][gc,phases   ] GC(270) Pause Relocate Start 0.015ms
[2025-12-18T08:25:25.865+0530][info][gc,phases   ] GC(270) Concurrent Relocate 1.712ms
[2025-12-18T08:25:25.866+0530][info][gc,load     ] GC(270) Load: 0.00/0.00/0.00
[2025-12-18T08:25:25.866+0530][info][gc,mmu      ] GC(270) MMU: 2ms/54.5%, 5ms/81.8%, 10ms/90.8%, 20ms/95.4%, 50ms/98.2%, 100ms/99.0%
[2025-12-18T08:25:25.866+0530][info][gc,marking  ] GC(270) Mark: 2 stripe(s), 2 proactive flush(es), 1 terminate flush(es), 0 completion(s), 0 continuation(s) 
[2025-12-18T08:25:25.866+0530][info][gc,marking  ] GC(270) Mark Stack Usage: 32M
[2025-12-18T08:25:25.866+0530][info][gc,nmethod  ] GC(270) NMethods: 698 registered, 1 unregistered
[2025-12-18T08:25:25.866+0530][info][gc,metaspace] GC(270) Metaspace: 4M used, 4M committed, 1088M reserved
[2025-12-18T08:25:25.866+0530][info][gc,ref      ] GC(270) Soft: 157 encountered, 67 discovered, 0 enqueued
[2025-12-18T08:25:25.866+0530][info][gc,ref      ] GC(270) Weak: 539 encountered, 31 discovered, 0 enqueued
[2025-12-18T08:25:25.866+0530][info][gc,ref      ] GC(270) Final: 0 encountered, 0 discovered, 0 enqueued
[2025-12-18T08:25:25.866+0530][info][gc,ref      ] GC(270) Phantom: 7 encountered, 3 discovered, 0 enqueued
[2025-12-18T08:25:25.866+0530][info][gc,reloc    ] GC(270) Small Pages: 245 / 490M, Empty: 168M, Relocated: 1M, In-Place: 0
[2025-12-18T08:25:25.866+0530][info][gc,reloc    ] GC(270) Medium Pages: 1 / 16M, Empty: 0M, Relocated: 0M, In-Place: 0
[2025-12-18T08:25:25.866+0530][info][gc,reloc    ] GC(270) Large Pages: 1 / 6M, Empty: 0M, Relocated: 0M, In-Place: 0
[2025-12-18T08:25:25.866+0530][info][gc,reloc    ] GC(270) Forwarding Usage: 0M
[2025-12-18T08:25:25.866+0530][info][gc,heap     ] GC(270) Min Capacity: 512M(100%)
[2025-12-18T08:25:25.866+0530][info][gc,heap     ] GC(270) Max Capacity: 512M(100%)
[2025-12-18T08:25:25.866+0530][info][gc,heap     ] GC(270) Soft Max Capacity: 512M(100%)
[2025-12-18T08:25:25.866+0530][info][gc,heap     ] GC(270)                Mark Start          Mark End        Relocate Start      Relocate End           High               Low         
[2025-12-18T08:25:25.866+0530][info][gc,heap     ] GC(270)  Capacity:      512M (100%)        512M (100%)        512M (100%)        512M (100%)        512M (100%)        512M (100%)   
[2025-12-18T08:25:25.866+0530][info][gc,heap     ] GC(270)      Free:        0M (0%)            0M (0%)          132M (26%)         176M (34%)         176M (34%)           0M (0%)     
[2025-12-18T08:25:25.866+0530][info][gc,heap     ] GC(270)      Used:      512M (100%)        512M (100%)        380M (74%)         336M (66%)         512M (100%)        336M (66%)    
[2025-12-18T08:25:25.866+0530][info][gc,heap     ] GC(270)      Live:         -               248M (48%)         248M (48%)         248M (48%)            -                  -          
[2025-12-18T08:25:25.866+0530][info][gc,heap     ] GC(270) Allocated:         -                 0M (0%)           36M (7%)           67M (13%)            -                  -          
[2025-12-18T08:25:25.866+0530][info][gc,heap     ] GC(270)   Garbage:         -               263M (52%)          95M (19%)          20M (4%)             -                  -          
[2025-12-18T08:25:25.866+0530][info][gc,heap     ] GC(270) Reclaimed:         -                  -               168M (33%)         243M (48%)            -                  -          
[2025-12-18T08:25:25.866+0530][info][gc          ] GC(270) Garbage Collection (Allocation Stall) 512M(100%)->336M(66%)
[2025-12-18T08:25:25.917+0530][info][gc,start    ] GC(271) Garbage Collection (Allocation Stall)
[2025-12-18T08:25:25.917+0530][info][gc,ref      ] GC(271) Clearing All SoftReferences
[2025-12-18T08:25:25.917+0530][info][gc,task     ] GC(271) Using 2 workers
[2025-12-18T08:25:25.917+0530][info][gc,ref      ] GC(271) Clearing All SoftReferences
[2025-12-18T08:25:25.917+0530][info][gc,phases   ] GC(271) Pause Mark Start 0.086ms
[2025-12-18T08:25:26.076+0530][info][gc,phases   ] GC(271) Concurrent Mark 139.171ms
[2025-12-18T08:25:26.076+0530][info][gc,phases   ] GC(271) Pause Mark End 0.023ms
[2025-12-18T08:25:26.076+0530][info][gc,phases   ] GC(271) Concurrent Mark Free 0.002ms
[2025-12-18T08:25:26.077+0530][info][gc,phases   ] GC(271) Concurrent Process Non-Strong References 1.166ms
[2025-12-18T08:25:26.077+0530][info][gc,phases   ] GC(271) Concurrent Reset Relocation Set 0.006ms
[2025-12-18T08:25:26.080+0530][info][gc          ] Allocation Stall (Worker-0) 29.560ms
[2025-12-18T08:25:26.080+0530][info][gc          ] Allocation Stall (Worker-6) 29.643ms
[2025-12-18T08:25:26.080+0530][info][gc          ] Allocation Stall (Worker-4) 19.486ms
[2025-12-18T08:25:26.080+0530][info][gc          ] Allocation Stall (Worker-1) 36.026ms
[2025-12-18T08:25:26.080+0530][info][gc          ] Allocation Stall (Worker-7) 32.474ms
[2025-12-18T08:25:26.080+0530][info][gc          ] Allocation Stall (Worker-5) 43.199ms
[2025-12-18T08:25:26.080+0530][info][gc          ] Allocation Stall (Worker-3) 32.756ms
[2025-12-18T08:25:26.080+0530][info][gc          ] Allocation Stall (Worker-2) 41.902ms
[2025-12-18T08:25:26.080+0530][info][gc,phases   ] GC(271) Concurrent Select Relocation Set 3.101ms
[2025-12-18T08:25:26.109+0530][info][gc,phases   ] GC(271) Pause Relocate Start 0.017ms
[2025-12-18T08:25:26.114+0530][info][gc,phases   ] GC(271) Concurrent Relocate 1.829ms
[2025-12-18T08:25:26.114+0530][info][gc,load     ] GC(271) Load: 0.00/0.00/0.00
[2025-12-18T08:25:26.114+0530][info][gc,mmu      ] GC(271) MMU: 2ms/54.5%, 5ms/81.8%, 10ms/90.8%, 20ms/95.4%, 50ms/98.2%, 100ms/99.0%
[2025-12-18T08:25:26.114+0530][info][gc,marking  ] GC(271) Mark: 2 stripe(s), 2 proactive flush(es), 1 terminate flush(es), 0 completion(s), 0 continuation(s) 
[2025-12-18T08:25:26.114+0530][info][gc,marking  ] GC(271) Mark Stack Usage: 32M
[2025-12-18T08:25:26.114+0530][info][gc,nmethod  ] GC(271) NMethods: 698 registered, 1 unregistered
[2025-12-18T08:25:26.114+0530][info][gc,metaspace] GC(271) Metaspace: 4M used, 4M committed, 1088M reserved
[2025-12-18T08:25:26.114+0530][info][gc,ref      ] GC(271) Soft: 157 encountered, 78 discovered, 0 enqueued
[2025-12-18T08:25:26.114+0530][info][gc,ref      ] GC(271) Weak: 539 encountered, 387 discovered, 0 enqueued
[2025-12-18T08:25:26.114+0530][info][gc,ref      ] GC(271) Final: 0 encountered, 0 discovered, 0 enqueued
[2025-12-18T08:25:26.114+0530][info][gc,ref      ] GC(271) Phantom: 7 encountered, 3 discovered, 0 enqueued
[2025-12-18T08:25:26.114+0530][info][gc,reloc    ] GC(271) Small Pages: 186 / 372M, Empty: 64M, Relocated: 1M, In-Place: 0
[2025-12-18T08:25:26.114+0530][info][gc,reloc    ] GC(271) Medium Pages: 1 / 16M, Empty: 0M, Relocated: 0M, In-Place: 0
[2025-12-18T08:25:26.114+0530][info][gc,reloc    ] GC(271) Large Pages: 1 / 6M, Empty: 0M, Relocated: 0M, In-Place: 0
[2025-12-18T08:25:26.114+0530][info][gc,reloc    ] GC(271) Forwarding Usage: 0M
[2025-12-18T08:25:26.114+0530][info][gc,heap     ] GC(271) Min Capacity: 512M(100%)
[2025-12-18T08:25:26.114+0530][info][gc,heap     ] GC(271) Max Capacity: 512M(100%)
[2025-12-18T08:25:26.114+0530][info][gc,heap     ] GC(271) Soft Max Capacity: 512M(100%)
[2025-12-18T08:25:26.114+0530][info][gc,heap     ] GC(271)                Mark Start          Mark End        Relocate Start      Relocate End           High               Low         
[2025-12-18T08:25:26.114+0530][info][gc,heap     ] GC(271)  Capacity:      512M (100%)        512M (100%)        512M (100%)        512M (100%)        512M (100%)        512M (100%)   
[2025-12-18T08:25:26.114+0530][info][gc,heap     ] GC(271)      Free:      118M (23%)           0M (0%)           20M (4%)           82M (16%)         118M (23%)           0M (0%)     
[2025-12-18T08:25:26.114+0530][info][gc,heap     ] GC(271)      Used:      394M (77%)         512M (100%)        492M (96%)         430M (84%)         512M (100%)        394M (77%)    
[2025-12-18T08:25:26.114+0530][info][gc,heap     ] GC(271)      Live:         -               248M (48%)         248M (48%)         248M (48%)            -                  -          
[2025-12-18T08:25:26.114+0530][info][gc,heap     ] GC(271) Allocated:         -               118M (23%)         162M (32%)         161M (32%)            -                  -          
[2025-12-18T08:25:26.114+0530][info][gc,heap     ] GC(271)   Garbage:         -               145M (29%)          81M (16%)          19M (4%)             -                  -          
[2025-12-18T08:25:26.114+0530][info][gc,heap     ] GC(271) Reclaimed:         -                  -                64M (12%)         125M (25%)            -                  -          
[2025-12-18T08:25:26.115+0530][info][gc          ] GC(271) Garbage Collection (Allocation Stall) 394M(77%)->430M(84%)
[2025-12-18T08:25:26.117+0530][info][gc,start    ] GC(272) Garbage Collection (Allocation Stall)
[2025-12-18T08:25:26.117+0530][info][gc,ref      ] GC(272) Clearing All SoftReferences
[2025-12-18T08:25:26.117+0530][info][gc,task     ] GC(272) Using 2 workers
[2025-12-18T08:25:26.117+0530][info][gc,ref      ] GC(272) Clearing All SoftReferences
[2025-12-18T08:25:26.117+0530][info][gc,phases   ] GC(272) Pause Mark Start 0.073ms
[2025-12-18T08:25:26.272+0530][info][gc,phases   ] GC(272) Concurrent Mark 141.424ms
[2025-12-18T08:25:26.272+0530][info][gc,phases   ] GC(272) Pause Mark End 0.112ms
[2025-12-18T08:25:26.272+0530][info][gc,phases   ] GC(272) Concurrent Mark Free 0.001ms
[2025-12-18T08:25:26.273+0530][info][gc,phases   ] GC(272) Concurrent Process Non-Strong References 1.369ms
[2025-12-18T08:25:26.273+0530][info][gc,phases   ] GC(272) Concurrent Reset Relocation Set 0.005ms
[2025-12-18T08:25:26.273+0530][info][gc          ] Allocation Stall (Worker-3) 80.401ms
[2025-12-18T08:25:26.273+0530][info][gc          ] Allocation Stall (Worker-4) 81.359ms
[2025-12-18T08:25:26.273+0530][info][gc          ] Allocation Stall (Worker-1) 83.966ms
[2025-12-18T08:25:26.273+0530][info][gc          ] Allocation Stall (Worker-2) 80.417ms
[2025-12-18T08:25:26.273+0530][info][gc          ] Allocation Stall (Worker-0) 77.561ms
[2025-12-18T08:25:26.273+0530][info][gc          ] Allocation Stall (Worker-5) 81.496ms
[2025-12-18T08:25:26.273+0530][info][gc          ] Allocation Stall (Worker-6) 83.569ms
[2025-12-18T08:25:26.273+0530][info][gc          ] Allocation Stall (Worker-7) 76.580ms
[2025-12-18T08:25:26.278+0530][info][gc,phases   ] GC(272) Concurrent Select Relocation Set 3.674ms
[2025-12-18T08:25:26.279+0530][info][gc,phases   ] GC(272) Pause Relocate Start 0.013ms
[2025-12-18T08:25:26.300+0530][info][gc,phases   ] GC(272) Concurrent Relocate 1.743ms
[2025-12-18T08:25:26.301+0530][info][gc,load     ] GC(272) Load: 0.00/0.00/0.00
[2025-12-18T08:25:26.301+0530][info][gc,mmu      ] GC(272) MMU: 2ms/54.5%, 5ms/81.8%, 10ms/90.8%, 20ms/95.4%, 50ms/98.2%, 100ms/99.0%
[2025-12-18T08:25:26.301+0530][info][gc,marking  ] GC(272) Mark: 2 stripe(s), 2 proactive flush(es), 1 terminate flush(es), 1 completion(s), 0 continuation(s) 
[2025-12-18T08:25:26.301+0530][info][gc,marking  ] GC(272) Mark Stack Usage: 32M
[2025-12-18T08:25:26.301+0530][info][gc,nmethod  ] GC(272) NMethods: 698 registered, 1 unregistered
[2025-12-18T08:25:26.301+0530][info][gc,metaspace] GC(272) Metaspace: 4M used, 4M committed, 1088M reserved
[2025-12-18T08:25:26.301+0530][info][gc,ref      ] GC(272) Soft: 157 encountered, 87 discovered, 0 enqueued
[2025-12-18T08:25:26.301+0530][info][gc,ref      ] GC(272) Weak: 539 encountered, 393 discovered, 0 enqueued
[2025-12-18T08:25:26.301+0530][info][gc,ref      ] GC(272) Final: 0 encountered, 0 discovered, 0 enqueued
[2025-12-18T08:25:26.301+0530][info][gc,ref      ] GC(272) Phantom: 7 encountered, 3 discovered, 0 enqueued
[2025-12-18T08:25:26.301+0530][info][gc,reloc    ] GC(272) Small Pages: 208 / 416M, Empty: 144M, Relocated: 1M, In-Place: 0
[2025-12-18T08:25:26.301+0530][info][gc,reloc    ] GC(272) Medium Pages: 1 / 16M, Empty: 0M, Relocated: 0M, In-Place: 0
[2025-12-18T08:25:26.301+0530][info][gc,reloc    ] GC(272) Large Pages: 1 / 6M, Empty: 0M, Relocated: 0M, In-Place: 0
[2025-12-18T08:25:26.301+0530][info][gc,reloc    ] GC(272) Forwarding Usage: 0M
[2025-12-18T08:25:26.301+0530][info][gc,heap     ] GC(272) Min Capacity: 512M(100%)
[2025-12-18T08:25:26.301+0530][info][gc,heap     ] GC(272) Max Capacity: 512M(100%)
[2025-12-18T08:25:26.301+0530][info][gc,heap     ] GC(272) Soft Max Capacity: 512M(100%)
[2025-12-18T08:25:26.301+0530][info][gc,heap     ] GC(272)                Mark Start          Mark End        Relocate Start      Relocate End           High               Low         
[2025-12-18T08:25:26.301+0530][info][gc,heap     ] GC(272)  Capacity:      512M (100%)        512M (100%)        512M (100%)        512M (100%)        512M (100%)        512M (100%)   
[2025-12-18T08:25:26.301+0530][info][gc,heap     ] GC(272)      Free:       74M (14%)           0M (0%)          132M (26%)         136M (27%)         136M (27%)           0M (0%)     
[2025-12-18T08:25:26.301+0530][info][gc,heap     ] GC(272)      Used:      438M (86%)         512M (100%)        380M (74%)         376M (73%)         512M (100%)        376M (73%)    
[2025-12-18T08:25:26.301+0530][info][gc,heap     ] GC(272)      Live:         -               248M (48%)         248M (48%)         248M (48%)            -                  -          
[2025-12-18T08:25:26.301+0530][info][gc,heap     ] GC(272) Allocated:         -                74M (14%)          86M (17%)         107M (21%)            -                  -          
[2025-12-18T08:25:26.301+0530][info][gc,heap     ] GC(272)   Garbage:         -               189M (37%)          45M (9%)           20M (4%)             -                  -          
[2025-12-18T08:25:26.301+0530][info][gc,heap     ] GC(272) Reclaimed:         -                  -               144M (28%)         169M (33%)            -                  -          
[2025-12-18T08:25:26.301+0530][info][gc          ] GC(272) Garbage Collection (Allocation Stall) 438M(86%)->376M(73%)
[2025-12-18T08:25:26.317+0530][info][gc,start    ] GC(273) Garbage Collection (Allocation Stall)
[2025-12-18T08:25:26.317+0530][info][gc,ref      ] GC(273) Clearing All SoftReferences
[2025-12-18T08:25:26.317+0530][info][gc,task     ] GC(273) Using 2 workers
[2025-12-18T08:25:26.317+0530][info][gc,ref      ] GC(273) Clearing All SoftReferences
[2025-12-18T08:25:26.317+0530][info][gc,phases   ] GC(273) Pause Mark Start 0.086ms
[2025-12-18T08:25:26.470+0530][info][gc,phases   ] GC(273) Concurrent Mark 133.901ms
[2025-12-18T08:25:26.470+0530][info][gc,phases   ] GC(273) Pause Mark End 0.019ms
[2025-12-18T08:25:26.470+0530][info][gc,phases   ] GC(273) Concurrent Mark Free 0.001ms
[2025-12-18T08:25:26.471+0530][info][gc,phases   ] GC(273) Concurrent Process Non-Strong References 1.154ms
[2025-12-18T08:25:26.471+0530][info][gc,phases   ] GC(273) Concurrent Reset Relocation Set 0.002ms
[2025-12-18T08:25:26.474+0530][info][gc          ] Allocation Stall (Worker-6) 36.916ms
[2025-12-18T08:25:26.474+0530][info][gc          ] Allocation Stall (Worker-4) 34.171ms
[2025-12-18T08:25:26.474+0530][info][gc          ] Allocation Stall (Worker-5) 40.635ms
[2025-12-18T08:25:26.474+0530][info][gc          ] Allocation Stall (Worker-2) 45.563ms
[2025-12-18T08:25:26.474+0530][info][gc          ] Allocation Stall (Worker-3) 45.145ms
[2025-12-18T08:25:26.474+0530][info][gc          ] Allocation Stall (Worker-7) 44.185ms
[2025-12-18T08:25:26.474+0530][info][gc          ] Allocation Stall (Worker-0) 42.975ms
[2025-12-18T08:25:26.474+0530][info][gc          ] Allocation Stall (Worker-1) 42.674ms
[2025-12-18T08:25:26.474+0530][info][gc,phases   ] GC(273) Concurrent Select Relocation Set 3.042ms
[2025-12-18T08:25:26.509+0530][info][gc,phases   ] GC(273) Pause Relocate Start 0.013ms
[2025-12-18T08:25:26.536+0530][info][gc          ] Relocation Stall (Worker-5) 0.781ms
[2025-12-18T08:25:26.538+0530][info][gc          ] Relocation Stall (Worker-7) 2.340ms
[2025-12-18T08:25:26.538+0530][info][gc,phases   ] GC(273) Concurrent Relocate 1.761ms
[2025-12-18T08:25:26.538+0530][info][gc,load     ] GC(273) Load: 0.00/0.00/0.00
[2025-12-18T08:25:26.538+0530][info][gc,mmu      ] GC(273) MMU: 2ms/54.5%, 5ms/81.8%, 10ms/90.8%, 20ms/95.4%, 50ms/98.2%, 100ms/99.0%
[2025-12-18T08:25:26.538+0530][info][gc,marking  ] GC(273) Mark: 2 stripe(s), 2 proactive flush(es), 1 terminate flush(es), 0 completion(s), 0 continuation(s) 
[2025-12-18T08:25:26.538+0530][info][gc,marking  ] GC(273) Mark Stack Usage: 32M
[2025-12-18T08:25:26.538+0530][info][gc,nmethod  ] GC(273) NMethods: 698 registered, 1 unregistered
[2025-12-18T08:25:26.538+0530][info][gc,metaspace] GC(273) Metaspace: 4M used, 4M committed, 1088M reserved
[2025-12-18T08:25:26.538+0530][info][gc,ref      ] GC(273) Soft: 157 encountered, 88 discovered, 0 enqueued
[2025-12-18T08:25:26.538+0530][info][gc,ref      ] GC(273) Weak: 539 encountered, 392 discovered, 0 enqueued
[2025-12-18T08:25:26.538+0530][info][gc,ref      ] GC(273) Final: 0 encountered, 0 discovered, 0 enqueued
[2025-12-18T08:25:26.538+0530][info][gc,ref      ] GC(273) Phantom: 7 encountered, 3 discovered, 0 enqueued
[2025-12-18T08:25:26.538+0530][info][gc,reloc    ] GC(273) Small Pages: 189 / 378M, Empty: 80M, Relocated: 1M, In-Place: 1
[2025-12-18T08:25:26.538+0530][info][gc,reloc    ] GC(273) Medium Pages: 1 / 16M, Empty: 0M, Relocated: 0M, In-Place: 0
[2025-12-18T08:25:26.538+0530][info][gc,reloc    ] GC(273) Large Pages: 1 / 6M, Empty: 0M, Relocated: 0M, In-Place: 0
[2025-12-18T08:25:26.538+0530][info][gc,reloc    ] GC(273) Forwarding Usage: 0M
[2025-12-18T08:25:26.538+0530][info][gc,heap     ] GC(273) Min Capacity: 512M(100%)
[2025-12-18T08:25:26.538+0530][info][gc,heap     ] GC(273) Max Capacity: 512M(100%)
[2025-12-18T08:25:26.538+0530][info][gc,heap     ] GC(273) Soft Max Capacity: 512M(100%)
[2025-12-18T08:25:26.538+0530][info][gc,heap     ] GC(273)                Mark Start          Mark End        Relocate Start      Relocate End           High               Low         
[2025-12-18T08:25:26.538+0530][info][gc,heap     ] GC(273)  Capacity:      512M (100%)        512M (100%)        512M (100%)        512M (100%)        512M (100%)        512M (100%)   
[2025-12-18T08:25:26.538+0530][info][gc,heap     ] GC(273)      Free:      112M (22%)           0M (0%)           32M (6%)           52M (10%)         112M (22%)           0M (0%)     
[2025-12-18T08:25:26.538+0530][info][gc,heap     ] GC(273)      Used:      400M (78%)         512M (100%)        480M (94%)         460M (90%)         512M (100%)        400M (78%)    
[2025-12-18T08:25:26.538+0530][info][gc,heap     ] GC(273)      Live:         -               248M (48%)         248M (48%)         248M (48%)            -                  -          
[2025-12-18T08:25:26.538+0530][info][gc,heap     ] GC(273) Allocated:         -               112M (22%)         160M (31%)         191M (37%)            -                  -          
[2025-12-18T08:25:26.538+0530][info][gc,heap     ] GC(273)   Garbage:         -               151M (30%)          71M (14%)          20M (4%)             -                  -          
[2025-12-18T08:25:26.538+0530][info][gc,heap     ] GC(273) Reclaimed:         -                  -                80M (16%)         131M (26%)            -                  -          
[2025-12-18T08:25:26.538+0530][info][gc          ] GC(273) Garbage Collection (Allocation Stall) 400M(78%)->460M(90%)
[2025-12-18T08:25:26.541+0530][info][gc          ] Relocation Stall (JFR Thread Sampler) 4.838ms
[2025-12-18T08:25:26.578+0530][info][gc,start    ] GC(274) Garbage Collection (Allocation Stall)
[2025-12-18T08:25:26.579+0530][info][gc,ref      ] GC(274) Clearing All SoftReferences
[2025-12-18T08:25:26.579+0530][info][gc,task     ] GC(274) Using 2 workers
[2025-12-18T08:25:26.579+0530][info][gc,ref      ] GC(274) Clearing All SoftReferences
[2025-12-18T08:25:26.579+0530][info][gc,phases   ] GC(274) Pause Mark Start 0.093ms
[2025-12-18T08:25:26.672+0530][info][gc,phases   ] GC(274) Concurrent Mark 92.830ms
[2025-12-18T08:25:26.672+0530][info][gc,phases   ] GC(274) Pause Mark End 0.021ms
[2025-12-18T08:25:26.672+0530][info][gc,phases   ] GC(274) Concurrent Mark Free 0.001ms
[2025-12-18T08:25:26.673+0530][info][gc,phases   ] GC(274) Concurrent Process Non-Strong References 1.232ms
[2025-12-18T08:25:26.673+0530][info][gc,phases   ] GC(274) Concurrent Reset Relocation Set 0.004ms
[2025-12-18T08:25:26.673+0530][info][gc          ] Allocation Stall (Worker-7) 94.646ms
[2025-12-18T08:25:26.673+0530][info][gc          ] Allocation Stall (Worker-2) 94.624ms
[2025-12-18T08:25:26.673+0530][info][gc          ] Allocation Stall (Worker-5) 95.333ms
[2025-12-18T08:25:26.673+0530][info][gc          ] Allocation Stall (Worker-6) 94.727ms
[2025-12-18T08:25:26.673+0530][info][gc          ] Allocation Stall (Worker-4) 94.722ms
[2025-12-18T08:25:26.673+0530][info][gc          ] Allocation Stall (Worker-0) 94.754ms
[2025-12-18T08:25:26.674+0530][info][gc          ] Allocation Stall (Worker-1) 94.811ms
[2025-12-18T08:25:26.674+0530][info][gc          ] Allocation Stall (Worker-3) 94.822ms
[2025-12-18T08:25:26.677+0530][info][gc,phases   ] GC(274) Concurrent Select Relocation Set 3.667ms
[2025-12-18T08:25:26.677+0530][info][gc,phases   ] GC(274) Pause Relocate Start 0.012ms
[2025-12-18T08:25:26.683+0530][info][gc,phases   ] GC(274) Concurrent Relocate 1.651ms
[2025-12-18T08:25:26.683+0530][info][gc,load     ] GC(274) Load: 0.00/0.00/0.00
[2025-12-18T08:25:26.683+0530][info][gc,mmu      ] GC(274) MMU: 2ms/54.5%, 5ms/81.8%, 10ms/90.8%, 20ms/95.4%, 50ms/98.2%, 100ms/99.0%
[2025-12-18T08:25:26.683+0530][info][gc,marking  ] GC(274) Mark: 2 stripe(s), 2 proactive flush(es), 1 terminate flush(es), 0 completion(s), 0 continuation(s) 
[2025-12-18T08:25:26.683+0530][info][gc,marking  ] GC(274) Mark Stack Usage: 32M
[2025-12-18T08:25:26.683+0530][info][gc,nmethod  ] GC(274) NMethods: 698 registered, 1 unregistered
[2025-12-18T08:25:26.683+0530][info][gc,metaspace] GC(274) Metaspace: 4M used, 4M committed, 1088M reserved
[2025-12-18T08:25:26.683+0530][info][gc,ref      ] GC(274) Soft: 157 encountered, 79 discovered, 0 enqueued
[2025-12-18T08:25:26.683+0530][info][gc,ref      ] GC(274) Weak: 539 encountered, 15 discovered, 0 enqueued
[2025-12-18T08:25:26.683+0530][info][gc,ref      ] GC(274) Final: 0 encountered, 0 discovered, 0 enqueued
[2025-12-18T08:25:26.683+0530][info][gc,ref      ] GC(274) Phantom: 7 encountered, 6 discovered, 0 enqueued
[2025-12-18T08:25:26.683+0530][info][gc,reloc    ] GC(274) Small Pages: 245 / 490M, Empty: 184M, Relocated: 1M, In-Place: 0
[2025-12-18T08:25:26.683+0530][info][gc,reloc    ] GC(274) Medium Pages: 1 / 16M, Empty: 0M, Relocated: 0M, In-Place: 0
[2025-12-18T08:25:26.683+0530][info][gc,reloc    ] GC(274) Large Pages: 1 / 6M, Empty: 0M, Relocated: 0M, In-Place: 0
[2025-12-18T08:25:26.683+0530][info][gc,reloc    ] GC(274) Forwarding Usage: 0M
[2025-12-18T08:25:26.683+0530][info][gc,heap     ] GC(274) Min Capacity: 512M(100%)
[2025-12-18T08:25:26.683+0530][info][gc,heap     ] GC(274) Max Capacity: 512M(100%)
[2025-12-18T08:25:26.683+0530][info][gc,heap     ] GC(274) Soft Max Capacity: 512M(100%)
[2025-12-18T08:25:26.683+0530][info][gc,heap     ] GC(274)                Mark Start          Mark End        Relocate Start      Relocate End           High               Low         
[2025-12-18T08:25:26.683+0530][info][gc,heap     ] GC(274)  Capacity:      512M (100%)        512M (100%)        512M (100%)        512M (100%)        512M (100%)        512M (100%)   
[2025-12-18T08:25:26.683+0530][info][gc,heap     ] GC(274)      Free:        0M (0%)            0M (0%)          168M (33%)         228M (45%)         228M (45%)           0M (0%)     
[2025-12-18T08:25:26.683+0530][info][gc,heap     ] GC(274)      Used:      512M (100%)        512M (100%)        344M (67%)         284M (55%)         512M (100%)        284M (55%)    
[2025-12-18T08:25:26.683+0530][info][gc,heap     ] GC(274)      Live:         -               248M (48%)         248M (48%)         248M (48%)            -                  -          
[2025-12-18T08:25:26.683+0530][info][gc,heap     ] GC(274) Allocated:         -                 0M (0%)           16M (3%)           15M (3%)             -                  -          
[2025-12-18T08:25:26.683+0530][info][gc,heap     ] GC(274)   Garbage:         -               263M (52%)          79M (16%)          19M (4%)             -                  -          
[2025-12-18T08:25:26.683+0530][info][gc,heap     ] GC(274) Reclaimed:         -                  -               184M (36%)         243M (48%)            -                  -          
[2025-12-18T08:25:26.683+0530][info][gc          ] GC(274) Garbage Collection (Allocation Stall) 512M(100%)->284M(55%)
[2025-12-18T08:25:26.717+0530][info][gc,start    ] GC(275) Garbage Collection (Allocation Stall)
[2025-12-18T08:25:26.717+0530][info][gc,ref      ] GC(275) Clearing All SoftReferences
[2025-12-18T08:25:26.717+0530][info][gc,task     ] GC(275) Using 2 workers
[2025-12-18T08:25:26.717+0530][info][gc,ref      ] GC(275) Clearing All SoftReferences
[2025-12-18T08:25:26.717+0530][info][gc,phases   ] GC(275) Pause Mark Start 0.159ms
[2025-12-18T08:25:26.877+0530][info][gc,phases   ] GC(275) Concurrent Mark 137.100ms
[2025-12-18T08:25:26.877+0530][info][gc,phases   ] GC(275) Pause Mark End 0.083ms
[2025-12-18T08:25:26.877+0530][info][gc,phases   ] GC(275) Concurrent Mark Free 0.001ms
[2025-12-18T08:25:26.878+0530][info][gc,phases   ] GC(275) Concurrent Process Non-Strong References 1.283ms
[2025-12-18T08:25:26.879+0530][info][gc,phases   ] GC(275) Concurrent Reset Relocation Set 0.006ms
[2025-12-18T08:25:26.882+0530][info][gc          ] Allocation Stall (Worker-1) 2.351ms
[2025-12-18T08:25:26.882+0530][info][gc          ] Allocation Stall (Worker-0) 0.869ms
[2025-12-18T08:25:26.882+0530][info][gc          ] Allocation Stall (Worker-5) 2.792ms
[2025-12-18T08:25:26.882+0530][info][gc          ] Allocation Stall (Worker-2) 2.174ms
[2025-12-18T08:25:26.882+0530][info][gc          ] Allocation Stall (Worker-3) 0.669ms
[2025-12-18T08:25:26.882+0530][info][gc          ] Allocation Stall (Worker-4) 8.459ms
[2025-12-18T08:25:26.882+0530][info][gc          ] Allocation Stall (Worker-7) 7.500ms
[2025-12-18T08:25:26.882+0530][info][gc          ] Allocation Stall (Worker-6) 2.971ms
[2025-12-18T08:25:26.883+0530][info][gc,phases   ] GC(275) Concurrent Select Relocation Set 3.937ms
[2025-12-18T08:25:26.883+0530][info][gc,phases   ] GC(275) Pause Relocate Start 0.011ms
[2025-12-18T08:25:26.899+0530][info][gc,phases   ] GC(275) Concurrent Relocate 1.765ms
[2025-12-18T08:25:26.899+0530][info][gc,load     ] GC(275) Load: 0.00/0.00/0.00
[2025-12-18T08:25:26.899+0530][info][gc,mmu      ] GC(275) MMU: 2ms/54.5%, 5ms/81.8%, 10ms/90.8%, 20ms/95.4%, 50ms/98.2%, 100ms/99.0%
[2025-12-18T08:25:26.899+0530][info][gc,marking  ] GC(275) Mark: 2 stripe(s), 2 proactive flush(es), 1 terminate flush(es), 1 completion(s), 0 continuation(s) 
[2025-12-18T08:25:26.899+0530][info][gc,marking  ] GC(275) Mark Stack Usage: 32M
[2025-12-18T08:25:26.899+0530][info][gc,nmethod  ] GC(275) NMethods: 698 registered, 1 unregistered
[2025-12-18T08:25:26.899+0530][info][gc,metaspace] GC(275) Metaspace: 4M used, 4M committed, 1088M reserved
[2025-12-18T08:25:26.899+0530][info][gc,ref      ] GC(275) Soft: 157 encountered, 77 discovered, 0 enqueued
[2025-12-18T08:25:26.899+0530][info][gc,ref      ] GC(275) Weak: 539 encountered, 3 discovered, 0 enqueued
[2025-12-18T08:25:26.899+0530][info][gc,ref      ] GC(275) Final: 0 encountered, 0 discovered, 0 enqueued
[2025-12-18T08:25:26.899+0530][info][gc,ref      ] GC(275) Phantom: 7 encountered, 5 discovered, 0 enqueued
[2025-12-18T08:25:26.899+0530][info][gc,reloc    ] GC(275) Small Pages: 155 / 310M, Empty: 32M, Relocated: 1M, In-Place: 0
[2025-12-18T08:25:26.899+0530][info][gc,reloc    ] GC(275) Medium Pages: 1 / 16M, Empty: 0M, Relocated: 0M, In-Place: 0
[2025-12-18T08:25:26.899+0530][info][gc,reloc    ] GC(275) Large Pages: 1 / 6M, Empty: 0M, Relocated: 0M, In-Place: 0
[2025-12-18T08:25:26.899+0530][info][gc,reloc    ] GC(275) Forwarding Usage: 0M
[2025-12-18T08:25:26.899+0530][info][gc,heap     ] GC(275) Min Capacity: 512M(100%)
[2025-12-18T08:25:26.899+0530][info][gc,heap     ] GC(275) Max Capacity: 512M(100%)
[2025-12-18T08:25:26.899+0530][info][gc,heap     ] GC(275) Soft Max Capacity: 512M(100%)
[2025-12-18T08:25:26.899+0530][info][gc,heap     ] GC(275)                Mark Start          Mark End        Relocate Start      Relocate End           High               Low         
[2025-12-18T08:25:26.899+0530][info][gc,heap     ] GC(275)  Capacity:      512M (100%)        512M (100%)        512M (100%)        512M (100%)        512M (100%)        512M (100%)   
[2025-12-18T08:25:26.899+0530][info][gc,heap     ] GC(275)      Free:      180M (35%)           0M (0%)           20M (4%)           38M (7%)          180M (35%)           0M (0%)     
[2025-12-18T08:25:26.899+0530][info][gc,heap     ] GC(275)      Used:      332M (65%)         512M (100%)        492M (96%)         474M (93%)         512M (100%)        332M (65%)    
[2025-12-18T08:25:26.899+0530][info][gc,heap     ] GC(275)      Live:         -               248M (48%)         248M (48%)         248M (48%)            -                  -          
[2025-12-18T08:25:26.899+0530][info][gc,heap     ] GC(275) Allocated:         -               180M (35%)         192M (38%)         205M (40%)            -                  -          
[2025-12-18T08:25:26.899+0530][info][gc,heap     ] GC(275)   Garbage:         -                83M (16%)          51M (10%)          20M (4%)             -                  -          
[2025-12-18T08:25:26.899+0530][info][gc,heap     ] GC(275) Reclaimed:         -                  -                32M (6%)           63M (12%)            -                  -          
[2025-12-18T08:25:26.899+0530][info][gc          ] GC(275) Garbage Collection (Allocation Stall) 332M(65%)->474M(93%)
[2025-12-18T08:25:26.917+0530][info][gc,start    ] GC(276) Garbage Collection (Allocation Stall)
[2025-12-18T08:25:26.917+0530][info][gc,ref      ] GC(276) Clearing All SoftReferences
[2025-12-18T08:25:26.917+0530][info][gc,task     ] GC(276) Using 2 workers
[2025-12-18T08:25:26.917+0530][info][gc,ref      ] GC(276) Clearing All SoftReferences
[2025-12-18T08:25:26.917+0530][info][gc,phases   ] GC(276) Pause Mark Start 0.045ms
[2025-12-18T08:25:27.022+0530][info][gc,phases   ] GC(276) Concurrent Mark 102.523ms
[2025-12-18T08:25:27.022+0530][info][gc,phases   ] GC(276) Pause Mark End 0.659ms
[2025-12-18T08:25:27.022+0530][info][gc,phases   ] GC(276) Concurrent Mark Free 0.001ms
[2025-12-18T08:25:27.026+0530][info][gc,phases   ] GC(276) Concurrent Process Non-Strong References 2.242ms
[2025-12-18T08:25:27.027+0530][info][gc,phases   ] GC(276) Concurrent Reset Relocation Set 0.003ms
[2025-12-18T08:25:27.027+0530][info][gc          ] Allocation Stall (Worker-5) 96.907ms
[2025-12-18T08:25:27.027+0530][info][gc          ] Allocation Stall (Worker-6) 96.221ms
[2025-12-18T08:25:27.027+0530][info][gc          ] Allocation Stall (Worker-4) 95.269ms
[2025-12-18T08:25:27.027+0530][info][gc          ] Allocation Stall (Worker-3) 107.717ms
[2025-12-18T08:25:27.027+0530][info][gc          ] Allocation Stall (Worker-2) 107.632ms
[2025-12-18T08:25:27.027+0530][info][gc          ] Allocation Stall (Worker-7) 107.645ms
[2025-12-18T08:25:27.027+0530][info][gc          ] Allocation Stall (Worker-0) 97.696ms
[2025-12-18T08:25:27.027+0530][info][gc          ] Allocation Stall (Worker-1) 96.980ms
[2025-12-18T08:25:27.032+0530][info][gc,phases   ] GC(276) Concurrent Select Relocation Set 5.428ms
[2025-12-18T08:25:27.033+0530][info][gc,phases   ] GC(276) Pause Relocate Start 0.012ms
[2025-12-18T08:25:27.056+0530][info][gc,phases   ] GC(276) Concurrent Relocate 1.770ms
[2025-12-18T08:25:27.056+0530][info][gc,load     ] GC(276) Load: 0.00/0.00/0.00
[2025-12-18T08:25:27.056+0530][info][gc,mmu      ] GC(276) MMU: 2ms/54.5%, 5ms/81.8%, 10ms/90.8%, 20ms/95.4%, 50ms/98.2%, 100ms/99.0%
[2025-12-18T08:25:27.056+0530][info][gc,marking  ] GC(276) Mark: 2 stripe(s), 2 proactive flush(es), 1 terminate flush(es), 1 completion(s), 0 continuation(s) 
[2025-12-18T08:25:27.056+0530][info][gc,marking  ] GC(276) Mark Stack Usage: 32M
[2025-12-18T08:25:27.056+0530][info][gc,nmethod  ] GC(276) NMethods: 698 registered, 1 unregistered
[2025-12-18T08:25:27.056+0530][info][gc,metaspace] GC(276) Metaspace: 4M used, 4M committed, 1088M reserved
[2025-12-18T08:25:27.056+0530][info][gc,ref      ] GC(276) Soft: 157 encountered, 75 discovered, 0 enqueued
[2025-12-18T08:25:27.056+0530][info][gc,ref      ] GC(276) Weak: 539 encountered, 4 discovered, 0 enqueued
[2025-12-18T08:25:27.056+0530][info][gc,ref      ] GC(276) Final: 0 encountered, 0 discovered, 0 enqueued
[2025-12-18T08:25:27.056+0530][info][gc,ref      ] GC(276) Phantom: 7 encountered, 2 discovered, 0 enqueued
[2025-12-18T08:25:27.056+0530][info][gc,reloc    ] GC(276) Small Pages: 239 / 478M, Empty: 190M, Relocated: 1M, In-Place: 0
[2025-12-18T08:25:27.056+0530][info][gc,reloc    ] GC(276) Medium Pages: 1 / 16M, Empty: 0M, Relocated: 0M, In-Place: 0
[2025-12-18T08:25:27.056+0530][info][gc,reloc    ] GC(276) Large Pages: 1 / 6M, Empty: 0M, Relocated: 0M, In-Place: 0
[2025-12-18T08:25:27.056+0530][info][gc,reloc    ] GC(276) Forwarding Usage: 0M
[2025-12-18T08:25:27.056+0530][info][gc,heap     ] GC(276) Min Capacity: 512M(100%)
[2025-12-18T08:25:27.056+0530][info][gc,heap     ] GC(276) Max Capacity: 512M(100%)
[2025-12-18T08:25:27.056+0530][info][gc,heap     ] GC(276) Soft Max Capacity: 512M(100%)
[2025-12-18T08:25:27.056+0530][info][gc,heap     ] GC(276)                Mark Start          Mark End        Relocate Start      Relocate End           High               Low         
[2025-12-18T08:25:27.056+0530][info][gc,heap     ] GC(276)  Capacity:      512M (100%)        512M (100%)        512M (100%)        512M (100%)        512M (100%)        512M (100%)   
[2025-12-18T08:25:27.056+0530][info][gc,heap     ] GC(276)      Free:       12M (2%)            0M (0%)          178M (35%)         194M (38%)         194M (38%)           0M (0%)     
[2025-12-18T08:25:27.056+0530][info][gc,heap     ] GC(276)      Used:      500M (98%)         512M (100%)        334M (65%)         318M (62%)         512M (100%)        318M (62%)    
[2025-12-18T08:25:27.058+0530][info][gc,heap     ] GC(276)      Live:         -               248M (48%)         248M (48%)         248M (48%)            -                  -          
[2025-12-18T08:25:27.058+0530][info][gc,heap     ] GC(276) Allocated:         -                12M (2%)           24M (5%)           49M (10%)            -                  -          
[2025-12-18T08:25:27.058+0530][info][gc,heap     ] GC(276)   Garbage:         -               251M (49%)          61M (12%)          20M (4%)             -                  -          
[2025-12-18T08:25:27.058+0530][info][gc,heap     ] GC(276) Reclaimed:         -                  -               190M (37%)         231M (45%)            -                  -          
[2025-12-18T08:25:27.058+0530][info][gc          ] GC(276) Garbage Collection (Allocation Stall) 500M(98%)->318M(62%)
[2025-12-18T08:25:27.117+0530][info][gc,start    ] GC(277) Garbage Collection (Allocation Stall)
[2025-12-18T08:25:27.117+0530][info][gc,ref      ] GC(277) Clearing All SoftReferences
[2025-12-18T08:25:27.117+0530][info][gc,task     ] GC(277) Using 2 workers
[2025-12-18T08:25:27.117+0530][info][gc,ref      ] GC(277) Clearing All SoftReferences
[2025-12-18T08:25:27.117+0530][info][gc,phases   ] GC(277) Pause Mark Start 0.049ms
[2025-12-18T08:25:27.254+0530][info][gc,phases   ] GC(277) Concurrent Mark 136.993ms
[2025-12-18T08:25:27.254+0530][info][gc,phases   ] GC(277) Pause Mark End 0.020ms
[2025-12-18T08:25:27.254+0530][info][gc,phases   ] GC(277) Concurrent Mark Free 0.001ms
[2025-12-18T08:25:27.255+0530][info][gc,phases   ] GC(277) Concurrent Process Non-Strong References 1.110ms
[2025-12-18T08:25:27.255+0530][info][gc,phases   ] GC(277) Concurrent Reset Relocation Set 0.003ms
[2025-12-18T08:25:27.258+0530][info][gc          ] Allocation Stall (Worker-0) 45.047ms
[2025-12-18T08:25:27.258+0530][info][gc          ] Allocation Stall (Worker-3) 40.506ms
[2025-12-18T08:25:27.258+0530][info][gc          ] Allocation Stall (Worker-7) 38.939ms
[2025-12-18T08:25:27.258+0530][info][gc          ] Allocation Stall (Worker-1) 49.680ms
[2025-12-18T08:25:27.258+0530][info][gc          ] Allocation Stall (Worker-5) 47.371ms
[2025-12-18T08:25:27.258+0530][info][gc          ] Allocation Stall (Worker-2) 47.374ms
[2025-12-18T08:25:27.258+0530][info][gc          ] Allocation Stall (Worker-4) 47.432ms
[2025-12-18T08:25:27.258+0530][info][gc          ] Allocation Stall (Worker-6) 46.740ms
[2025-12-18T08:25:27.258+0530][info][gc,phases   ] GC(277) Concurrent Select Relocation Set 3.071ms
[2025-12-18T08:25:27.259+0530][info][gc,phases   ] GC(277) Pause Relocate Start 0.010ms
[2025-12-18T08:25:27.268+0530][info][gc,phases   ] GC(277) Concurrent Relocate 1.751ms
[2025-12-18T08:25:27.268+0530][info][gc,load     ] GC(277) Load: 0.00/0.00/0.00
[2025-12-18T08:25:27.268+0530][info][gc,mmu      ] GC(277) MMU: 2ms/54.5%, 5ms/81.8%, 10ms/90.8%, 20ms/95.4%, 50ms/98.2%, 100ms/99.0%
[2025-12-18T08:25:27.269+0530][info][gc,marking  ] GC(277) Mark: 2 stripe(s), 2 proactive flush(es), 1 terminate flush(es), 0 completion(s), 0 continuation(s) 
[2025-12-18T08:25:27.269+0530][info][gc,marking  ] GC(277) Mark Stack Usage: 32M
[2025-12-18T08:25:27.269+0530][info][gc,nmethod  ] GC(277) NMethods: 698 registered, 1 unregistered
[2025-12-18T08:25:27.269+0530][info][gc,metaspace] GC(277) Metaspace: 4M used, 4M committed, 1088M reserved
[2025-12-18T08:25:27.269+0530][info][gc,ref      ] GC(277) Soft: 157 encountered, 78 discovered, 0 enqueued
[2025-12-18T08:25:27.269+0530][info][gc,ref      ] GC(277) Weak: 539 encountered, 387 discovered, 0 enqueued
[2025-12-18T08:25:27.269+0530][info][gc,ref      ] GC(277) Final: 0 encountered, 0 discovered, 0 enqueued
[2025-12-18T08:25:27.269+0530][info][gc,ref      ] GC(277) Phantom: 7 encountered, 3 discovered, 0 enqueued
[2025-12-18T08:25:27.269+0530][info][gc,reloc    ] GC(277) Small Pages: 195 / 390M, Empty: 88M, Relocated: 1M, In-Place: 0
[2025-12-18T08:25:27.269+0530][info][gc,reloc    ] GC(277) Medium Pages: 1 / 16M, Empty: 0M, Relocated: 0M, In-Place: 0
[2025-12-18T08:25:27.269+0530][info][gc,reloc    ] GC(277) Large Pages: 1 / 6M, Empty: 0M, Relocated: 0M, In-Place: 0
[2025-12-18T08:25:27.269+0530][info][gc,reloc    ] GC(277) Forwarding Usage: 0M
[2025-12-18T08:25:27.269+0530][info][gc,heap     ] GC(277) Min Capacity: 512M(100%)
[2025-12-18T08:25:27.269+0530][info][gc,heap     ] GC(277) Max Capacity: 512M(100%)
[2025-12-18T08:25:27.269+0530][info][gc,heap     ] GC(277) Soft Max Capacity: 512M(100%)
[2025-12-18T08:25:27.269+0530][info][gc,heap     ] GC(277)                Mark Start          Mark End        Relocate Start      Relocate End           High               Low         
[2025-12-18T08:25:27.269+0530][info][gc,heap     ] GC(277)  Capacity:      512M (100%)        512M (100%)        512M (100%)        512M (100%)        512M (100%)        512M (100%)   
[2025-12-18T08:25:27.269+0530][info][gc,heap     ] GC(277)      Free:      100M (20%)           0M (0%)           76M (15%)         130M (25%)         130M (25%)           0M (0%)     
[2025-12-18T08:25:27.269+0530][info][gc,heap     ] GC(277)      Used:      412M (80%)         512M (100%)        436M (85%)         382M (75%)         512M (100%)        382M (75%)    
[2025-12-18T08:25:27.269+0530][info][gc,heap     ] GC(277)      Live:         -               248M (48%)         248M (48%)         248M (48%)            -                  -          
[2025-12-18T08:25:27.269+0530][info][gc,heap     ] GC(277) Allocated:         -               100M (20%)         112M (22%)         113M (22%)            -                  -          
[2025-12-18T08:25:27.269+0530][info][gc,heap     ] GC(277)   Garbage:         -               163M (32%)          75M (15%)          19M (4%)             -                  -          
[2025-12-18T08:25:27.269+0530][info][gc,heap     ] GC(277) Reclaimed:         -                  -                88M (17%)         143M (28%)            -                  -          
[2025-12-18T08:25:27.269+0530][info][gc          ] GC(277) Garbage Collection (Allocation Stall) 412M(80%)->382M(75%)
[2025-12-18T08:25:27.317+0530][info][gc,start    ] GC(278) Garbage Collection (Allocation Stall)
[2025-12-18T08:25:27.317+0530][info][gc,ref      ] GC(278) Clearing All SoftReferences
[2025-12-18T08:25:27.317+0530][info][gc,task     ] GC(278) Using 2 workers
[2025-12-18T08:25:27.317+0530][info][gc,ref      ] GC(278) Clearing All SoftReferences
[2025-12-18T08:25:27.317+0530][info][gc,phases   ] GC(278) Pause Mark Start 0.055ms
[2025-12-18T08:25:27.446+0530][info][gc,phases   ] GC(278) Concurrent Mark 121.621ms
[2025-12-18T08:25:27.446+0530][info][gc,phases   ] GC(278) Pause Mark End 0.117ms
[2025-12-18T08:25:27.446+0530][info][gc,phases   ] GC(278) Concurrent Mark Free 0.001ms
[2025-12-18T08:25:27.447+0530][info][gc,phases   ] GC(278) Concurrent Process Non-Strong References 1.106ms
[2025-12-18T08:25:27.447+0530][info][gc,phases   ] GC(278) Concurrent Reset Relocation Set 0.004ms
[2025-12-18T08:25:27.447+0530][info][gc          ] Allocation Stall (Worker-0) 80.317ms
[2025-12-18T08:25:27.447+0530][info][gc          ] Allocation Stall (JFR Periodic Tasks) 11.623ms
[2025-12-18T08:25:27.447+0530][info][gc          ] Allocation Stall (Worker-2) 82.138ms
[2025-12-18T08:25:27.447+0530][info][gc          ] Allocation Stall (Worker-7) 88.722ms
[2025-12-18T08:25:27.447+0530][info][gc          ] Allocation Stall (Worker-4) 93.095ms
[2025-12-18T08:25:27.447+0530][info][gc          ] Allocation Stall (Worker-3) 92.091ms
[2025-12-18T08:25:27.447+0530][info][gc          ] Allocation Stall (Worker-1) 82.801ms
[2025-12-18T08:25:27.447+0530][info][gc          ] Allocation Stall (Worker-5) 83.584ms
[2025-12-18T08:25:27.447+0530][info][gc          ] Allocation Stall (Worker-6) 82.555ms
[2025-12-18T08:25:27.451+0530][info][gc,phases   ] GC(278) Concurrent Select Relocation Set 3.814ms
[2025-12-18T08:25:27.452+0530][info][gc,phases   ] GC(278) Pause Relocate Start 0.012ms
[2025-12-18T08:25:27.459+0530][info][gc,phases   ] GC(278) Concurrent Relocate 1.633ms
[2025-12-18T08:25:27.459+0530][info][gc,load     ] GC(278) Load: 0.00/0.00/0.00
[2025-12-18T08:25:27.459+0530][info][gc,mmu      ] GC(278) MMU: 2ms/54.5%, 5ms/81.8%, 10ms/90.8%, 20ms/95.4%, 50ms/98.2%, 100ms/99.0%
[2025-12-18T08:25:27.459+0530][info][gc,marking  ] GC(278) Mark: 2 stripe(s), 2 proactive flush(es), 1 terminate flush(es), 1 completion(s), 0 continuation(s) 
[2025-12-18T08:25:27.459+0530][info][gc,marking  ] GC(278) Mark Stack Usage: 32M
[2025-12-18T08:25:27.459+0530][info][gc,nmethod  ] GC(278) NMethods: 698 registered, 1 unregistered
[2025-12-18T08:25:27.459+0530][info][gc,metaspace] GC(278) Metaspace: 4M used, 4M committed, 1088M reserved
[2025-12-18T08:25:27.459+0530][info][gc,ref      ] GC(278) Soft: 157 encountered, 88 discovered, 0 enqueued
[2025-12-18T08:25:27.459+0530][info][gc,ref      ] GC(278) Weak: 539 encountered, 408 discovered, 0 enqueued
[2025-12-18T08:25:27.459+0530][info][gc,ref      ] GC(278) Final: 0 encountered, 0 discovered, 0 enqueued
[2025-12-18T08:25:27.459+0530][info][gc,ref      ] GC(278) Phantom: 7 encountered, 3 discovered, 0 enqueued
[2025-12-18T08:25:27.460+0530][info][gc,reloc    ] GC(278) Small Pages: 220 / 440M, Empty: 162M, Relocated: 1M, In-Place: 0
[2025-12-18T08:25:27.460+0530][info][gc,reloc    ] GC(278) Medium Pages: 1 / 16M, Empty: 0M, Relocated: 0M, In-Place: 0
[2025-12-18T08:25:27.460+0530][info][gc,reloc    ] GC(278) Large Pages: 1 / 6M, Empty: 0M, Relocated: 0M, In-Place: 0
[2025-12-18T08:25:27.460+0530][info][gc,reloc    ] GC(278) Forwarding Usage: 0M
[2025-12-18T08:25:27.460+0530][info][gc,heap     ] GC(278) Min Capacity: 512M(100%)
[2025-12-18T08:25:27.460+0530][info][gc,heap     ] GC(278) Max Capacity: 512M(100%)
[2025-12-18T08:25:27.460+0530][info][gc,heap     ] GC(278) Soft Max Capacity: 512M(100%)
[2025-12-18T08:25:27.460+0530][info][gc,heap     ] GC(278)                Mark Start          Mark End        Relocate Start      Relocate End           High               Low         
[2025-12-18T08:25:27.460+0530][info][gc,heap     ] GC(278)  Capacity:      512M (100%)        512M (100%)        512M (100%)        512M (100%)        512M (100%)        512M (100%)   
[2025-12-18T08:25:27.460+0530][info][gc,heap     ] GC(278)      Free:       50M (10%)           0M (0%)          150M (29%)         176M (34%)         176M (34%)           0M (0%)     
[2025-12-18T08:25:27.460+0530][info][gc,heap     ] GC(278)      Used:      462M (90%)         512M (100%)        362M (71%)         336M (66%)         512M (100%)        336M (66%)    
[2025-12-18T08:25:27.460+0530][info][gc,heap     ] GC(278)      Live:         -               248M (48%)         248M (48%)         248M (48%)            -                  -          
[2025-12-18T08:25:27.460+0530][info][gc,heap     ] GC(278) Allocated:         -                50M (10%)          62M (12%)          67M (13%)            -                  -          
[2025-12-18T08:25:27.460+0530][info][gc,heap     ] GC(278)   Garbage:         -               213M (42%)          51M (10%)          19M (4%)             -                  -          
[2025-12-18T08:25:27.460+0530][info][gc,heap     ] GC(278) Reclaimed:         -                  -               162M (32%)         193M (38%)            -                  -          
[2025-12-18T08:25:27.460+0530][info][gc          ] GC(278) Garbage Collection (Allocation Stall) 462M(90%)->336M(66%)
[2025-12-18T08:25:27.518+0530][info][gc,stats    ] === Garbage Collection Statistics =======================================================================================================================
[2025-12-18T08:25:27.518+0530][info][gc,start    ] GC(279) Garbage Collection (Allocation Stall)
[2025-12-18T08:25:27.518+0530][info][gc,stats    ]                                                              Last 10s              Last 10m              Last 10h                Total
[2025-12-18T08:25:27.518+0530][info][gc,ref      ] GC(279) Clearing All SoftReferences
[2025-12-18T08:25:27.518+0530][info][gc,stats    ]                                                              Avg / Max             Avg / Max             Avg / Max             Avg / Max
[2025-12-18T08:25:27.518+0530][info][gc,task     ] GC(279) Using 2 workers
[2025-12-18T08:25:27.518+0530][info][gc,stats    ]   Collector: Garbage Collection Cycle                    156.217 / 220.561     153.026 / 349.332     153.026 / 349.332     153.026 / 349.332     ms
[2025-12-18T08:25:27.518+0530][info][gc,stats    ]  Contention: Mark Segment Reset Contention                     0 / 3                 0 / 3                 0 / 3                 0 / 3           ops/s
[2025-12-18T08:25:27.518+0530][info][gc,stats    ]  Contention: Mark SeqNum Reset Contention                      1 / 3                 0 / 3                 0 / 3                 0 / 3           ops/s
[2025-12-18T08:25:27.518+0530][info][gc,stats    ]    Critical: Allocation Stall                                 40 / 42               35 / 42               35 / 42               35 / 42          ops/s
[2025-12-18T08:25:27.518+0530][info][gc,stats    ]    Critical: Allocation Stall                             62.309 / 108.889      62.343 / 138.214      62.343 / 138.214      62.343 / 138.214     ms
[2025-12-18T08:25:27.518+0530][info][gc,ref      ] GC(279) Clearing All SoftReferences
[2025-12-18T08:25:27.518+0530][info][gc,stats    ]    Critical: GC Locker Stall                                   0 / 0                 0 / 0                 0 / 0                 0 / 0           ops/s
[2025-12-18T08:25:27.518+0530][info][gc,phases   ] GC(279) Pause Mark Start 0.087ms
[2025-12-18T08:25:27.518+0530][info][gc,stats    ]    Critical: GC Locker Stall                               0.000 / 0.000         0.000 / 0.000         0.000 / 0.000         0.000 / 0.000       ms
[2025-12-18T08:25:27.518+0530][info][gc,stats    ]    Critical: Relocation Stall                                  0 / 3                 0 / 3                 0 / 3                 0 / 3           ops/s
[2025-12-18T08:25:27.518+0530][info][gc,stats    ]    Critical: Relocation Stall                              2.653 / 4.838         2.653 / 4.838         2.653 / 4.838         2.653 / 4.838       ms
[2025-12-18T08:25:27.518+0530][info][gc,stats    ]      Memory: Allocation Rate                                 862 / 902             763 / 902             763 / 902             763 / 902         MB/s
[2025-12-18T08:25:27.518+0530][info][gc,stats    ]      Memory: Defragment                                        0 / 0                 0 / 0                 0 / 0                 0 / 0           ops/s
[2025-12-18T08:25:27.519+0530][info][gc,stats    ]      Memory: Out Of Memory                                     0 / 0                 0 / 0                 0 / 0                 0 / 0           ops/s
[2025-12-18T08:25:27.519+0530][info][gc,stats    ]      Memory: Page Cache Flush                                  0 / 0                 0 / 0                 0 / 0                 0 / 0           MB/s
[2025-12-18T08:25:27.519+0530][info][gc,stats    ]      Memory: Page Cache Hit L1                               440 / 462             386 / 462             386 / 462             386 / 462         ops/s
[2025-12-18T08:25:27.519+0530][info][gc,stats    ]      Memory: Page Cache Hit L2                                 0 / 0                 0 / 0                 0 / 0                 0 / 0           ops/s
[2025-12-18T08:25:27.519+0530][info][gc,stats    ]      Memory: Page Cache Hit L3                                 0 / 0                 4 / 113               4 / 113               4 / 113         ops/s
[2025-12-18T08:25:27.519+0530][info][gc,stats    ]      Memory: Page Cache Miss                                   0 / 0                 0 / 1                 0 / 1                 0 / 1           ops/s
[2025-12-18T08:25:27.519+0530][info][gc,stats    ]      Memory: Uncommit                                          0 / 0                 0 / 0                 0 / 0                 0 / 0           MB/s
[2025-12-18T08:25:27.519+0530][info][gc,stats    ]      Memory: Undo Object Allocation Failed                     0 / 1                 0 / 2                 0 / 2                 0 / 2           ops/s
[2025-12-18T08:25:27.519+0530][info][gc,stats    ]      Memory: Undo Object Allocation Succeeded                 16 / 22               13 / 25               13 / 25               13 / 25          ops/s
[2025-12-18T08:25:27.519+0530][info][gc,stats    ]      Memory: Undo Page Allocation                             12 / 17                9 / 17                9 / 17                9 / 17          ops/s
[2025-12-18T08:25:27.519+0530][info][gc,stats    ]       Phase: Concurrent Mark                             127.374 / 144.107     130.388 / 179.647     130.388 / 179.647     130.388 / 179.647     ms
[2025-12-18T08:25:27.519+0530][info][gc,stats    ]       Phase: Concurrent Mark Continue                      0.000 / 0.000         0.000 / 0.000         0.000 / 0.000         0.000 / 0.000       ms
[2025-12-18T08:25:27.519+0530][info][gc,stats    ]       Phase: Concurrent Mark Free                          0.001 / 0.002         0.001 / 0.004         0.001 / 0.004         0.001 / 0.004       ms
[2025-12-18T08:25:27.519+0530][info][gc,stats    ]       Phase: Concurrent Process Non-Strong References      1.179 / 2.242         1.170 / 5.982         1.170 / 5.982         1.170 / 5.982       ms
[2025-12-18T08:25:27.519+0530][info][gc,stats    ]       Phase: Concurrent Relocate                           1.686 / 1.876         1.633 / 3.777         1.633 / 3.777         1.633 / 3.777       ms
[2025-12-18T08:25:27.519+0530][info][gc,stats    ]       Phase: Concurrent Reset Relocation Set               0.004 / 0.036         0.003 / 0.036         0.003 / 0.036         0.003 / 0.036       ms
[2025-12-18T08:25:27.519+0530][info][gc,stats    ]       Phase: Concurrent Select Relocation Set              3.465 / 5.428         3.442 / 6.683         3.442 / 6.683         3.442 / 6.683       ms
[2025-12-18T08:25:27.519+0530][info][gc,stats    ]       Phase: Pause Mark End                                0.101 / 0.909         0.081 / 0.909         0.081 / 0.909         0.081 / 0.909       ms
[2025-12-18T08:25:27.519+0530][info][gc,stats    ]       Phase: Pause Mark Start                              0.061 / 0.159         0.058 / 0.187         0.058 / 0.187         0.058 / 0.187       ms
[2025-12-18T08:25:27.519+0530][info][gc,stats    ]       Phase: Pause Relocate Start                          0.011 / 0.024         0.011 / 0.038         0.011 / 0.038         0.011 / 0.038       ms
[2025-12-18T08:25:27.519+0530][info][gc,stats    ]    Subphase: Concurrent Classes Purge                      0.017 / 0.063         0.024 / 1.727         0.024 / 1.727         0.024 / 1.727       ms
[2025-12-18T08:25:27.519+0530][info][gc,stats    ]    Subphase: Concurrent Classes Unlink                     0.669 / 0.874         0.625 / 2.467         0.625 / 2.467         0.625 / 2.467       ms
[2025-12-18T08:25:27.519+0530][info][gc,stats    ]    Subphase: Concurrent Mark                             126.217 / 143.448     128.503 / 178.980     128.503 / 178.980     128.503 / 178.980     ms
[2025-12-18T08:25:27.519+0530][info][gc,stats    ]    Subphase: Concurrent Mark Try Flush                     0.111 / 1.599         0.137 / 10.177        0.137 / 10.177        0.137 / 10.177      ms
[2025-12-18T08:25:27.519+0530][info][gc,stats    ]    Subphase: Concurrent Mark Try Terminate                 0.571 / 2.718         1.049 / 16.985        1.049 / 16.985        1.049 / 16.985      ms
[2025-12-18T08:25:27.519+0530][info][gc,stats    ]    Subphase: Concurrent References Enqueue                 0.001 / 0.001         0.001 / 0.015         0.001 / 0.015         0.001 / 0.015       ms
[2025-12-18T08:25:27.519+0530][info][gc,stats    ]    Subphase: Concurrent References Process                 0.124 / 0.818         0.114 / 0.818         0.114 / 0.818         0.114 / 0.818       ms
[2025-12-18T08:25:27.519+0530][info][gc,stats    ]    Subphase: Concurrent Roots ClassLoaderDataGraph         0.105 / 0.262         0.106 / 0.456         0.106 / 0.456         0.106 / 0.456       ms
[2025-12-18T08:25:27.519+0530][info][gc,stats    ]    Subphase: Concurrent Roots CodeCache                    0.000 / 0.000         0.000 / 0.000         0.000 / 0.000         0.000 / 0.000       ms
[2025-12-18T08:25:27.519+0530][info][gc,stats    ]    Subphase: Concurrent Roots JavaThreads                  0.305 / 0.484         0.316 / 1.858         0.316 / 1.858         0.316 / 1.858       ms
[2025-12-18T08:25:27.519+0530][info][gc,stats    ]    Subphase: Concurrent Roots OopStorageSet                0.025 / 0.046         0.027 / 0.081         0.027 / 0.081         0.027 / 0.081       ms
[2025-12-18T08:25:27.519+0530][info][gc,stats    ]    Subphase: Concurrent Weak Roots OopStorageSet           0.186 / 0.252         0.188 / 0.485         0.188 / 0.485         0.188 / 0.485       ms
[2025-12-18T08:25:27.519+0530][info][gc,stats    ]    Subphase: Pause Mark Try Complete                       0.002 / 0.023         0.002 / 0.025         0.002 / 0.025         0.002 / 0.025       ms
[2025-12-18T08:25:27.519+0530][info][gc,stats    ]      System: Java Threads                                     22 / 22               21 / 22               21 / 22               21 / 22          threads
[2025-12-18T08:25:27.519+0530][info][gc,stats    ] =========================================================================================================================================================
[2025-12-18T08:25:27.654+0530][info][gc,phases   ] GC(279) Concurrent Mark 119.604ms
[2025-12-18T08:25:27.654+0530][info][gc,phases   ] GC(279) Pause Mark End 0.099ms
[2025-12-18T08:25:27.654+0530][info][gc,phases   ] GC(279) Concurrent Mark Free 0.001ms
[2025-12-18T08:25:27.655+0530][info][gc,phases   ] GC(279) Concurrent Process Non-Strong References 1.117ms
[2025-12-18T08:25:27.655+0530][info][gc,phases   ] GC(279) Concurrent Reset Relocation Set 0.002ms
[2025-12-18T08:25:27.658+0530][info][gc          ] Allocation Stall (Worker-7) 63.524ms
[2025-12-18T08:25:27.658+0530][info][gc          ] Allocation Stall (Worker-2) 63.362ms
[2025-12-18T08:25:27.658+0530][info][gc          ] Allocation Stall (Worker-4) 66.383ms
[2025-12-18T08:25:27.658+0530][info][gc          ] Allocation Stall (Worker-5) 62.650ms
[2025-12-18T08:25:27.658+0530][info][gc          ] Allocation Stall (Worker-1) 72.224ms
[2025-12-18T08:25:27.658+0530][info][gc          ] Allocation Stall (Worker-0) 67.041ms
[2025-12-18T08:25:27.658+0530][info][gc          ] Allocation Stall (Worker-3) 66.393ms
[2025-12-18T08:25:27.658+0530][info][gc          ] Allocation Stall (Worker-6) 65.525ms
[2025-12-18T08:25:27.658+0530][info][gc,phases   ] GC(279) Concurrent Select Relocation Set 3.038ms
[2025-12-18T08:25:27.659+0530][info][gc,phases   ] GC(279) Pause Relocate Start 0.011ms
[2025-12-18T08:25:27.670+0530][info][gc,phases   ] GC(279) Concurrent Relocate 1.787ms
[2025-12-18T08:25:27.670+0530][info][gc,load     ] GC(279) Load: 0.00/0.00/0.00
[2025-12-18T08:25:27.670+0530][info][gc,mmu      ] GC(279) MMU: 2ms/54.5%, 5ms/81.8%, 10ms/90.8%, 20ms/95.4%, 50ms/98.2%, 100ms/99.0%
[2025-12-18T08:25:27.670+0530][info][gc,marking  ] GC(279) Mark: 2 stripe(s), 2 proactive flush(es), 1 terminate flush(es), 1 completion(s), 0 continuation(s) 
[2025-12-18T08:25:27.670+0530][info][gc,marking  ] GC(279) Mark Stack Usage: 32M
[2025-12-18T08:25:27.670+0530][info][gc,nmethod  ] GC(279) NMethods: 698 registered, 1 unregistered
[2025-12-18T08:25:27.670+0530][info][gc,metaspace] GC(279) Metaspace: 4M used, 4M committed, 1088M reserved
[2025-12-18T08:25:27.670+0530][info][gc,ref      ] GC(279) Soft: 157 encountered, 77 discovered, 0 enqueued
[2025-12-18T08:25:27.670+0530][info][gc,ref      ] GC(279) Weak: 539 encountered, 3 discovered, 0 enqueued
[2025-12-18T08:25:27.670+0530][info][gc,ref      ] GC(279) Final: 0 encountered, 0 discovered, 0 enqueued
[2025-12-18T08:25:27.670+0530][info][gc,ref      ] GC(279) Phantom: 7 encountered, 3 discovered, 0 enqueued
[2025-12-18T08:25:27.670+0530][info][gc,reloc    ] GC(279) Small Pages: 203 / 406M, Empty: 122M, Relocated: 1M, In-Place: 0
[2025-12-18T08:25:27.670+0530][info][gc,reloc    ] GC(279) Medium Pages: 1 / 16M, Empty: 0M, Relocated: 0M, In-Place: 0
[2025-12-18T08:25:27.670+0530][info][gc,reloc    ] GC(279) Large Pages: 1 / 6M, Empty: 0M, Relocated: 0M, In-Place: 0
[2025-12-18T08:25:27.670+0530][info][gc,reloc    ] GC(279) Forwarding Usage: 0M
[2025-12-18T08:25:27.670+0530][info][gc,heap     ] GC(279) Min Capacity: 512M(100%)
[2025-12-18T08:25:27.670+0530][info][gc,heap     ] GC(279) Max Capacity: 512M(100%)
[2025-12-18T08:25:27.670+0530][info][gc,heap     ] GC(279) Soft Max Capacity: 512M(100%)
[2025-12-18T08:25:27.670+0530][info][gc,heap     ] GC(279)                Mark Start          Mark End        Relocate Start      Relocate End           High               Low         
[2025-12-18T08:25:27.670+0530][info][gc,heap     ] GC(279)  Capacity:      512M (100%)        512M (100%)        512M (100%)        512M (100%)        512M (100%)        512M (100%)   
[2025-12-18T08:25:27.670+0530][info][gc,heap     ] GC(279)      Free:       84M (16%)           0M (0%)          108M (21%)         144M (28%)         144M (28%)           0M (0%)     
[2025-12-18T08:25:27.670+0530][info][gc,heap     ] GC(279)      Used:      428M (84%)         512M (100%)        404M (79%)         368M (72%)         512M (100%)        368M (72%)    
[2025-12-18T08:25:27.670+0530][info][gc,heap     ] GC(279)      Live:         -               248M (48%)         248M (48%)         248M (48%)            -                  -          
[2025-12-18T08:25:27.670+0530][info][gc,heap     ] GC(279) Allocated:         -                84M (16%)          98M (19%)          99M (20%)            -                  -          
[2025-12-18T08:25:27.670+0530][info][gc,heap     ] GC(279)   Garbage:         -               179M (35%)          57M (11%)          19M (4%)             -                  -          
[2025-12-18T08:25:27.670+0530][info][gc,heap     ] GC(279) Reclaimed:         -                  -               122M (24%)         159M (31%)            -                  -          
[2025-12-18T08:25:27.670+0530][info][gc          ] GC(279) Garbage Collection (Allocation Stall) 428M(84%)->368M(72%)
[2025-12-18T08:25:27.718+0530][info][gc,start    ] GC(280) Garbage Collection (Allocation Stall)
[2025-12-18T08:25:27.718+0530][info][gc,ref      ] GC(280) Clearing All SoftReferences
[2025-12-18T08:25:27.718+0530][info][gc,task     ] GC(280) Using 2 workers
[2025-12-18T08:25:27.718+0530][info][gc,ref      ] GC(280) Clearing All SoftReferences
[2025-12-18T08:25:27.718+0530][info][gc,phases   ] GC(280) Pause Mark Start 0.055ms
[2025-12-18T08:25:27.851+0530][info][gc,phases   ] GC(280) Concurrent Mark 125.135ms
[2025-12-18T08:25:27.851+0530][info][gc,phases   ] GC(280) Pause Mark End 0.021ms
[2025-12-18T08:25:27.851+0530][info][gc,phases   ] GC(280) Concurrent Mark Free 0.002ms
[2025-12-18T08:25:27.852+0530][info][gc,phases   ] GC(280) Concurrent Process Non-Strong References 1.192ms
[2025-12-18T08:25:27.852+0530][info][gc,phases   ] GC(280) Concurrent Reset Relocation Set 0.004ms
[2025-12-18T08:25:27.852+0530][info][gc          ] Allocation Stall (Worker-7) 64.544ms
[2025-12-18T08:25:27.852+0530][info][gc          ] Allocation Stall (Worker-2) 64.650ms
[2025-12-18T08:25:27.852+0530][info][gc          ] Allocation Stall (Worker-3) 64.502ms
[2025-12-18T08:25:27.852+0530][info][gc          ] Allocation Stall (Worker-5) 62.586ms
[2025-12-18T08:25:27.852+0530][info][gc          ] Allocation Stall (Worker-6) 73.218ms
[2025-12-18T08:25:27.852+0530][info][gc          ] Allocation Stall (Worker-4) 70.093ms
[2025-12-18T08:25:27.853+0530][info][gc          ] Allocation Stall (Worker-1) 65.745ms
[2025-12-18T08:25:27.853+0530][info][gc          ] Allocation Stall (Worker-0) 65.279ms
[2025-12-18T08:25:27.856+0530][info][gc,phases   ] GC(280) Concurrent Select Relocation Set 3.614ms
[2025-12-18T08:25:27.856+0530][info][gc,phases   ] GC(280) Pause Relocate Start 0.010ms
[2025-12-18T08:25:27.862+0530][info][gc,phases   ] GC(280) Concurrent Relocate 1.526ms
[2025-12-18T08:25:27.862+0530][info][gc,load     ] GC(280) Load: 0.00/0.00/0.00
[2025-12-18T08:25:27.862+0530][info][gc,mmu      ] GC(280) MMU: 2ms/54.5%, 5ms/81.8%, 10ms/90.8%, 20ms/95.4%, 50ms/98.2%, 100ms/99.0%
[2025-12-18T08:25:27.862+0530][info][gc,marking  ] GC(280) Mark: 2 stripe(s), 2 proactive flush(es), 1 terminate flush(es), 0 completion(s), 0 continuation(s) 
[2025-12-18T08:25:27.862+0530][info][gc,marking  ] GC(280) Mark Stack Usage: 32M
[2025-12-18T08:25:27.862+0530][info][gc,nmethod  ] GC(280) NMethods: 697 registered, 2 unregistered
[2025-12-18T08:25:27.862+0530][info][gc,metaspace] GC(280) Metaspace: 4M used, 4M committed, 1088M reserved
[2025-12-18T08:25:27.862+0530][info][gc,ref      ] GC(280) Soft: 157 encountered, 87 discovered, 0 enqueued
[2025-12-18T08:25:27.862+0530][info][gc,ref      ] GC(280) Weak: 539 encountered, 395 discovered, 0 enqueued
[2025-12-18T08:25:27.862+0530][info][gc,ref      ] GC(280) Final: 0 encountered, 0 discovered, 0 enqueued
[2025-12-18T08:25:27.862+0530][info][gc,ref      ] GC(280) Phantom: 7 encountered, 3 discovered, 0 enqueued
[2025-12-18T08:25:27.862+0530][info][gc,reloc    ] GC(280) Small Pages: 211 / 422M, Empty: 140M, Relocated: 1M, In-Place: 0
[2025-12-18T08:25:27.862+0530][info][gc,reloc    ] GC(280) Medium Pages: 1 / 16M, Empty: 0M, Relocated: 0M, In-Place: 0
[2025-12-18T08:25:27.862+0530][info][gc,reloc    ] GC(280) Large Pages: 1 / 6M, Empty: 0M, Relocated: 0M, In-Place: 0
[2025-12-18T08:25:27.862+0530][info][gc,reloc    ] GC(280) Forwarding Usage: 0M
[2025-12-18T08:25:27.862+0530][info][gc,heap     ] GC(280) Min Capacity: 512M(100%)
[2025-12-18T08:25:27.862+0530][info][gc,heap     ] GC(280) Max Capacity: 512M(100%)
[2025-12-18T08:25:27.863+0530][info][gc,heap     ] GC(280) Soft Max Capacity: 512M(100%)
[2025-12-18T08:25:27.863+0530][info][gc,heap     ] GC(280)                Mark Start          Mark End        Relocate Start      Relocate End           High               Low         
[2025-12-18T08:25:27.863+0530][info][gc,heap     ] GC(280)  Capacity:      512M (100%)        512M (100%)        512M (100%)        512M (100%)        512M (100%)        512M (100%)   
[2025-12-18T08:25:27.863+0530][info][gc,heap     ] GC(280)      Free:       68M (13%)           0M (0%)          124M (24%)         160M (31%)         160M (31%)           0M (0%)     
[2025-12-18T08:25:27.863+0530][info][gc,heap     ] GC(280)      Used:      444M (87%)         512M (100%)        388M (76%)         352M (69%)         512M (100%)        352M (69%)    
[2025-12-18T08:25:27.863+0530][info][gc,heap     ] GC(280)      Live:         -               248M (48%)         248M (48%)         248M (48%)            -                  -          
[2025-12-18T08:25:27.863+0530][info][gc,heap     ] GC(280) Allocated:         -                68M (13%)          84M (16%)          83M (16%)            -                  -          
[2025-12-18T08:25:27.863+0530][info][gc,heap     ] GC(280)   Garbage:         -               195M (38%)          55M (11%)          19M (4%)             -                  -          
[2025-12-18T08:25:27.863+0530][info][gc,heap     ] GC(280) Reclaimed:         -                  -               140M (27%)         175M (34%)            -                  -          
[2025-12-18T08:25:27.863+0530][info][gc          ] GC(280) Garbage Collection (Allocation Stall) 444M(87%)->352M(69%)
[2025-12-18T08:25:27.918+0530][info][gc,start    ] GC(281) Garbage Collection (Allocation Stall)
[2025-12-18T08:25:27.918+0530][info][gc,ref      ] GC(281) Clearing All SoftReferences
[2025-12-18T08:25:27.918+0530][info][gc,task     ] GC(281) Using 2 workers
[2025-12-18T08:25:27.918+0530][info][gc,ref      ] GC(281) Clearing All SoftReferences
[2025-12-18T08:25:27.918+0530][info][gc,phases   ] GC(281) Pause Mark Start 0.078ms
[2025-12-18T08:25:28.048+0530][info][gc,phases   ] GC(281) Concurrent Mark 128.429ms
[2025-12-18T08:25:28.048+0530][info][gc,phases   ] GC(281) Pause Mark End 0.103ms
[2025-12-18T08:25:28.048+0530][info][gc,phases   ] GC(281) Concurrent Mark Free 0.001ms
[2025-12-18T08:25:28.049+0530][info][gc,phases   ] GC(281) Concurrent Process Non-Strong References 1.440ms
[2025-12-18T08:25:28.050+0530][info][gc,phases   ] GC(281) Concurrent Reset Relocation Set 0.003ms
[2025-12-18T08:25:28.050+0530][info][gc          ] Allocation Stall (Worker-4) 65.756ms
[2025-12-18T08:25:28.050+0530][info][gc          ] Allocation Stall (Worker-6) 62.543ms
[2025-12-18T08:25:28.050+0530][info][gc          ] Allocation Stall (Worker-1) 61.838ms
[2025-12-18T08:25:28.050+0530][info][gc          ] Allocation Stall (Worker-2) 70.391ms
[2025-12-18T08:25:28.050+0530][info][gc          ] Allocation Stall (Worker-3) 66.800ms
[2025-12-18T08:25:28.050+0530][info][gc          ] Allocation Stall (Worker-5) 70.163ms
[2025-12-18T08:25:28.050+0530][info][gc          ] Allocation Stall (Worker-0) 67.614ms
[2025-12-18T08:25:28.050+0530][info][gc          ] Allocation Stall (Worker-7) 67.010ms
[2025-12-18T08:25:28.058+0530][info][gc,phases   ] GC(281) Concurrent Select Relocation Set 7.697ms
[2025-12-18T08:25:28.058+0530][info][gc,phases   ] GC(281) Pause Relocate Start 0.014ms
[2025-12-18T08:25:28.072+0530][info][gc,phases   ] GC(281) Concurrent Relocate 1.768ms
[2025-12-18T08:25:28.072+0530][info][gc,load     ] GC(281) Load: 0.00/0.00/0.00
[2025-12-18T08:25:28.072+0530][info][gc,mmu      ] GC(281) MMU: 2ms/54.5%, 5ms/81.8%, 10ms/90.8%, 20ms/95.4%, 50ms/98.2%, 100ms/99.0%
[2025-12-18T08:25:28.072+0530][info][gc,marking  ] GC(281) Mark: 2 stripe(s), 2 proactive flush(es), 1 terminate flush(es), 1 completion(s), 0 continuation(s) 
[2025-12-18T08:25:28.072+0530][info][gc,marking  ] GC(281) Mark Stack Usage: 32M
[2025-12-18T08:25:28.072+0530][info][gc,nmethod  ] GC(281) NMethods: 697 registered, 2 unregistered
[2025-12-18T08:25:28.072+0530][info][gc,metaspace] GC(281) Metaspace: 4M used, 4M committed, 1088M reserved
[2025-12-18T08:25:28.072+0530][info][gc,ref      ] GC(281) Soft: 157 encountered, 77 discovered, 0 enqueued
[2025-12-18T08:25:28.072+0530][info][gc,ref      ] GC(281) Weak: 539 encountered, 3 discovered, 0 enqueued
[2025-12-18T08:25:28.072+0530][info][gc,ref      ] GC(281) Final: 0 encountered, 0 discovered, 0 enqueued
[2025-12-18T08:25:28.072+0530][info][gc,ref      ] GC(281) Phantom: 7 encountered, 6 discovered, 0 enqueued
[2025-12-18T08:25:28.072+0530][info][gc,reloc    ] GC(281) Small Pages: 213 / 426M, Empty: 148M, Relocated: 1M, In-Place: 0
[2025-12-18T08:25:28.072+0530][info][gc,reloc    ] GC(281) Medium Pages: 1 / 16M, Empty: 0M, Relocated: 0M, In-Place: 0
[2025-12-18T08:25:28.072+0530][info][gc,reloc    ] GC(281) Large Pages: 1 / 6M, Empty: 0M, Relocated: 0M, In-Place: 0
[2025-12-18T08:25:28.072+0530][info][gc,reloc    ] GC(281) Forwarding Usage: 0M
[2025-12-18T08:25:28.072+0530][info][gc,heap     ] GC(281) Min Capacity: 512M(100%)
[2025-12-18T08:25:28.072+0530][info][gc,heap     ] GC(281) Max Capacity: 512M(100%)
[2025-12-18T08:25:28.072+0530][info][gc,heap     ] GC(281) Soft Max Capacity: 512M(100%)
[2025-12-18T08:25:28.072+0530][info][gc,heap     ] GC(281)                Mark Start          Mark End        Relocate Start      Relocate End           High               Low         
[2025-12-18T08:25:28.073+0530][info][gc,heap     ] GC(281)  Capacity:      512M (100%)        512M (100%)        512M (100%)        512M (100%)        512M (100%)        512M (100%)   
[2025-12-18T08:25:28.073+0530][info][gc,heap     ] GC(281)      Free:       64M (12%)           0M (0%)          134M (26%)         154M (30%)         154M (30%)           0M (0%)     
[2025-12-18T08:25:28.073+0530][info][gc,heap     ] GC(281)      Used:      448M (88%)         512M (100%)        378M (74%)         358M (70%)         512M (100%)        358M (70%)    
[2025-12-18T08:25:28.073+0530][info][gc,heap     ] GC(281)      Live:         -               248M (48%)         248M (48%)         248M (48%)            -                  -          
[2025-12-18T08:25:28.073+0530][info][gc,heap     ] GC(281) Allocated:         -                64M (12%)          78M (15%)          89M (18%)            -                  -          
[2025-12-18T08:25:28.073+0530][info][gc,heap     ] GC(281)   Garbage:         -               199M (39%)          51M (10%)          19M (4%)             -                  -          
[2025-12-18T08:25:28.073+0530][info][gc,heap     ] GC(281) Reclaimed:         -                  -               148M (29%)         179M (35%)            -                  -          
[2025-12-18T08:25:28.073+0530][info][gc          ] GC(281) Garbage Collection (Allocation Stall) 448M(88%)->358M(70%)
[2025-12-18T08:25:28.117+0530][info][gc,start    ] GC(282) Garbage Collection (Allocation Stall)
[2025-12-18T08:25:28.117+0530][info][gc,ref      ] GC(282) Clearing All SoftReferences
[2025-12-18T08:25:28.117+0530][info][gc,task     ] GC(282) Using 2 workers
[2025-12-18T08:25:28.117+0530][info][gc,ref      ] GC(282) Clearing All SoftReferences
[2025-12-18T08:25:28.117+0530][info][gc,phases   ] GC(282) Pause Mark Start 0.049ms
[2025-12-18T08:25:28.250+0530][info][gc,phases   ] GC(282) Concurrent Mark 131.795ms
[2025-12-18T08:25:28.250+0530][info][gc,phases   ] GC(282) Pause Mark End 0.093ms
[2025-12-18T08:25:28.250+0530][info][gc,phases   ] GC(282) Concurrent Mark Free 0.001ms
[2025-12-18T08:25:28.251+0530][info][gc,phases   ] GC(282) Concurrent Process Non-Strong References 1.165ms
[2025-12-18T08:25:28.251+0530][info][gc,phases   ] GC(282) Concurrent Reset Relocation Set 0.002ms
[2025-12-18T08:25:28.254+0530][info][gc          ] Allocation Stall (Worker-5) 49.511ms
[2025-12-18T08:25:28.254+0530][info][gc          ] Allocation Stall (Worker-3) 47.496ms
[2025-12-18T08:25:28.254+0530][info][gc          ] Allocation Stall (Worker-7) 45.862ms
[2025-12-18T08:25:28.254+0530][info][gc          ] Allocation Stall (Worker-2) 54.617ms
[2025-12-18T08:25:28.254+0530][info][gc          ] Allocation Stall (Worker-0) 49.697ms
[2025-12-18T08:25:28.254+0530][info][gc          ] Allocation Stall (Worker-1) 49.401ms
[2025-12-18T08:25:28.254+0530][info][gc          ] Allocation Stall (Worker-4) 50.660ms
[2025-12-18T08:25:28.254+0530][info][gc          ] Allocation Stall (Worker-6) 53.858ms
[2025-12-18T08:25:28.254+0530][info][gc,phases   ] GC(282) Concurrent Select Relocation Set 3.106ms
[2025-12-18T08:25:28.255+0530][info][gc,phases   ] GC(282) Pause Relocate Start 0.011ms
[2025-12-18T08:25:28.263+0530][info][gc,phases   ] GC(282) Concurrent Relocate 1.605ms
[2025-12-18T08:25:28.263+0530][info][gc,load     ] GC(282) Load: 0.00/0.00/0.00
[2025-12-18T08:25:28.263+0530][info][gc,mmu      ] GC(282) MMU: 2ms/54.5%, 5ms/81.8%, 10ms/90.8%, 20ms/95.4%, 50ms/98.2%, 100ms/99.0%
[2025-12-18T08:25:28.263+0530][info][gc,marking  ] GC(282) Mark: 2 stripe(s), 2 proactive flush(es), 1 terminate flush(es), 1 completion(s), 0 continuation(s) 
[2025-12-18T08:25:28.263+0530][info][gc,marking  ] GC(282) Mark Stack Usage: 32M
[2025-12-18T08:25:28.263+0530][info][gc,nmethod  ] GC(282) NMethods: 698 registered, 2 unregistered
[2025-12-18T08:25:28.263+0530][info][gc,metaspace] GC(282) Metaspace: 4M used, 4M committed, 1088M reserved
[2025-12-18T08:25:28.263+0530][info][gc,ref      ] GC(282) Soft: 157 encountered, 91 discovered, 0 enqueued
[2025-12-18T08:25:28.263+0530][info][gc,ref      ] GC(282) Weak: 539 encountered, 435 discovered, 0 enqueued
[2025-12-18T08:25:28.263+0530][info][gc,ref      ] GC(282) Final: 0 encountered, 0 discovered, 0 enqueued
[2025-12-18T08:25:28.263+0530][info][gc,ref      ] GC(282) Phantom: 7 encountered, 2 discovered, 0 enqueued
[2025-12-18T08:25:28.263+0530][info][gc,reloc    ] GC(282) Small Pages: 200 / 400M, Empty: 108M, Relocated: 1M, In-Place: 0
[2025-12-18T08:25:28.263+0530][info][gc,reloc    ] GC(282) Medium Pages: 1 / 16M, Empty: 0M, Relocated: 0M, In-Place: 0
[2025-12-18T08:25:28.263+0530][info][gc,reloc    ] GC(282) Large Pages: 1 / 6M, Empty: 0M, Relocated: 0M, In-Place: 0
[2025-12-18T08:25:28.263+0530][info][gc,reloc    ] GC(282) Forwarding Usage: 0M
[2025-12-18T08:25:28.263+0530][info][gc,heap     ] GC(282) Min Capacity: 512M(100%)
[2025-12-18T08:25:28.263+0530][info][gc,heap     ] GC(282) Max Capacity: 512M(100%)
[2025-12-18T08:25:28.263+0530][info][gc,heap     ] GC(282) Soft Max Capacity: 512M(100%)
[2025-12-18T08:25:28.263+0530][info][gc,heap     ] GC(282)                Mark Start          Mark End        Relocate Start      Relocate End           High               Low         
[2025-12-18T08:25:28.263+0530][info][gc,heap     ] GC(282)  Capacity:      512M (100%)        512M (100%)        512M (100%)        512M (100%)        512M (100%)        512M (100%)   
[2025-12-18T08:25:28.263+0530][info][gc,heap     ] GC(282)      Free:       90M (18%)           0M (0%)           94M (18%)         140M (27%)         140M (27%)           0M (0%)     
[2025-12-18T08:25:28.263+0530][info][gc,heap     ] GC(282)      Used:      422M (82%)         512M (100%)        418M (82%)         372M (73%)         512M (100%)        372M (73%)    
[2025-12-18T08:25:28.263+0530][info][gc,heap     ] GC(282)      Live:         -               248M (48%)         248M (48%)         248M (48%)            -                  -          
[2025-12-18T08:25:28.263+0530][info][gc,heap     ] GC(282) Allocated:         -                90M (18%)         104M (20%)         103M (20%)            -                  -          
[2025-12-18T08:25:28.263+0530][info][gc,heap     ] GC(282)   Garbage:         -               173M (34%)          65M (13%)          19M (4%)             -                  -          
[2025-12-18T08:25:28.263+0530][info][gc,heap     ] GC(282) Reclaimed:         -                  -               108M (21%)         153M (30%)            -                  -          
[2025-12-18T08:25:28.263+0530][info][gc          ] GC(282) Garbage Collection (Allocation Stall) 422M(82%)->372M(73%)
[2025-12-18T08:25:28.322+0530][info][gc,start    ] GC(283) Garbage Collection (Allocation Stall)
[2025-12-18T08:25:28.322+0530][info][gc,ref      ] GC(283) Clearing All SoftReferences
[2025-12-18T08:25:28.322+0530][info][gc,task     ] GC(283) Using 2 workers
[2025-12-18T08:25:28.353+0530][info][gc,ref      ] GC(283) Clearing All SoftReferences
[2025-12-18T08:25:28.353+0530][info][gc,phases   ] GC(283) Pause Mark Start 0.108ms
[2025-12-18T08:25:28.525+0530][info][gc,phases   ] GC(283) Concurrent Mark 138.687ms
[2025-12-18T08:25:28.525+0530][info][gc,phases   ] GC(283) Pause Mark End 0.107ms
[2025-12-18T08:25:28.525+0530][info][gc,phases   ] GC(283) Concurrent Mark Free 0.002ms
[2025-12-18T08:25:28.525+0530][info][gc,phases   ] GC(283) Concurrent Process Non-Strong References 1.155ms
[2025-12-18T08:25:28.525+0530][info][gc,phases   ] GC(283) Concurrent Reset Relocation Set 0.003ms
[2025-12-18T08:25:28.527+0530][info][gc          ] Allocation Stall (Worker-3) 104.169ms
[2025-12-18T08:25:28.527+0530][info][gc          ] Allocation Stall (C1 CompilerThread0) 97.732ms
[2025-12-18T08:25:28.527+0530][info][gc          ] Allocation Stall (Worker-2) 105.857ms
[2025-12-18T08:25:28.527+0530][info][gc          ] Allocation Stall (Worker-4) 97.537ms
[2025-12-18T08:25:28.527+0530][info][gc          ] Allocation Stall (Worker-6) 97.437ms
[2025-12-18T08:25:28.527+0530][info][gc          ] Allocation Stall (JFR Periodic Tasks) 33.297ms
[2025-12-18T08:25:28.527+0530][info][gc          ] Allocation Stall (Worker-5) 109.447ms
[2025-12-18T08:25:28.527+0530][info][gc          ] Allocation Stall (Worker-7) 107.413ms
[2025-12-18T08:25:28.527+0530][info][gc          ] Allocation Stall (Worker-0) 106.894ms
[2025-12-18T08:25:28.527+0530][info][gc          ] Allocation Stall (Worker-1) 105.985ms
[2025-12-18T08:25:28.530+0530][info][gc,phases   ] GC(283) Concurrent Select Relocation Set 3.660ms
[2025-12-18T08:25:28.538+0530][info][gc,phases   ] GC(283) Pause Relocate Start 0.012ms
[2025-12-18T08:25:28.542+0530][info][gc,phases   ] GC(283) Concurrent Relocate 1.714ms
[2025-12-18T08:25:28.542+0530][info][gc,load     ] GC(283) Load: 0.00/0.00/0.00
[2025-12-18T08:25:28.542+0530][info][gc,mmu      ] GC(283) MMU: 2ms/54.5%, 5ms/81.8%, 10ms/90.8%, 20ms/95.4%, 50ms/98.2%, 100ms/99.0%
[2025-12-18T08:25:28.542+0530][info][gc,marking  ] GC(283) Mark: 2 stripe(s), 2 proactive flush(es), 1 terminate flush(es), 1 completion(s), 0 continuation(s) 
[2025-12-18T08:25:28.542+0530][info][gc,marking  ] GC(283) Mark Stack Usage: 32M
[2025-12-18T08:25:28.542+0530][info][gc,nmethod  ] GC(283) NMethods: 754 registered, 0 unregistered
[2025-12-18T08:25:28.543+0530][info][gc,metaspace] GC(283) Metaspace: 4M used, 4M committed, 1088M reserved
[2025-12-18T08:25:28.543+0530][info][gc,ref      ] GC(283) Soft: 157 encountered, 75 discovered, 0 enqueued
[2025-12-18T08:25:28.543+0530][info][gc,ref      ] GC(283) Weak: 539 encountered, 4 discovered, 0 enqueued
[2025-12-18T08:25:28.543+0530][info][gc,ref      ] GC(283) Final: 0 encountered, 0 discovered, 0 enqueued
[2025-12-18T08:25:28.543+0530][info][gc,ref      ] GC(283) Phantom: 6 encountered, 1 discovered, 0 enqueued
[2025-12-18T08:25:28.543+0530][info][gc,reloc    ] GC(283) Small Pages: 208 / 416M, Empty: 134M, Relocated: 1M, In-Place: 0
[2025-12-18T08:25:28.543+0530][info][gc,reloc    ] GC(283) Medium Pages: 1 / 16M, Empty: 0M, Relocated: 0M, In-Place: 0
[2025-12-18T08:25:28.543+0530][info][gc,reloc    ] GC(283) Large Pages: 1 / 6M, Empty: 0M, Relocated: 0M, In-Place: 0
[2025-12-18T08:25:28.543+0530][info][gc,reloc    ] GC(283) Forwarding Usage: 0M
[2025-12-18T08:25:28.543+0530][info][gc,heap     ] GC(283) Min Capacity: 512M(100%)
[2025-12-18T08:25:28.543+0530][info][gc,heap     ] GC(283) Max Capacity: 512M(100%)
[2025-12-18T08:25:28.543+0530][info][gc,heap     ] GC(283) Soft Max Capacity: 512M(100%)
[2025-12-18T08:25:28.543+0530][info][gc,heap     ] GC(283)                Mark Start          Mark End        Relocate Start      Relocate End           High               Low         
[2025-12-18T08:25:28.543+0530][info][gc,heap     ] GC(283)  Capacity:      512M (100%)        512M (100%)        512M (100%)        512M (100%)        512M (100%)        512M (100%)   
[2025-12-18T08:25:28.543+0530][info][gc,heap     ] GC(283)      Free:       74M (14%)           0M (0%)          120M (23%)         146M (29%)         146M (29%)           0M (0%)     
[2025-12-18T08:25:28.543+0530][info][gc,heap     ] GC(283)      Used:      438M (86%)         512M (100%)        392M (77%)         366M (71%)         512M (100%)        366M (71%)    
[2025-12-18T08:25:28.543+0530][info][gc,heap     ] GC(283)      Live:         -               248M (48%)         248M (48%)         248M (48%)            -                  -          
[2025-12-18T08:25:28.543+0530][info][gc,heap     ] GC(283) Allocated:         -                74M (14%)          88M (17%)          97M (19%)            -                  -          
[2025-12-18T08:25:28.543+0530][info][gc,heap     ] GC(283)   Garbage:         -               189M (37%)          55M (11%)          19M (4%)             -                  -          
[2025-12-18T08:25:28.543+0530][info][gc,heap     ] GC(283) Reclaimed:         -                  -               134M (26%)         169M (33%)            -                  -          
[2025-12-18T08:25:28.543+0530][info][gc          ] GC(283) Garbage Collection (Allocation Stall) 438M(86%)->366M(71%)
[2025-12-18T08:25:28.619+0530][info][gc,start    ] GC(284) Garbage Collection (Allocation Stall)
[2025-12-18T08:25:28.619+0530][info][gc,ref      ] GC(284) Clearing All SoftReferences
[2025-12-18T08:25:28.619+0530][info][gc,task     ] GC(284) Using 2 workers
[2025-12-18T08:25:28.619+0530][info][gc,ref      ] GC(284) Clearing All SoftReferences
[2025-12-18T08:25:28.619+0530][info][gc,phases   ] GC(284) Pause Mark Start 0.096ms
[2025-12-18T08:25:28.736+0530][info][gc,phases   ] GC(284) Concurrent Mark 113.206ms
[2025-12-18T08:25:28.736+0530][info][gc,phases   ] GC(284) Pause Mark End 0.019ms
[2025-12-18T08:25:28.736+0530][info][gc,phases   ] GC(284) Concurrent Mark Free 0.002ms
[2025-12-18T08:25:28.739+0530][info][gc,phases   ] GC(284) Concurrent Process Non-Strong References 3.172ms
[2025-12-18T08:25:28.739+0530][info][gc,phases   ] GC(284) Concurrent Reset Relocation Set 0.036ms
[2025-12-18T08:25:28.739+0530][info][gc          ] Allocation Stall (Worker-5) 94.489ms
[2025-12-18T08:25:28.739+0530][info][gc          ] Allocation Stall (Worker-1) 94.299ms
[2025-12-18T08:25:28.739+0530][info][gc          ] Allocation Stall (Worker-0) 93.713ms
[2025-12-18T08:25:28.739+0530][info][gc          ] Allocation Stall (Worker-4) 95.862ms
[2025-12-18T08:25:28.739+0530][info][gc          ] Allocation Stall (Worker-6) 100.640ms
[2025-12-18T08:25:28.739+0530][info][gc          ] Allocation Stall (Worker-7) 94.714ms
[2025-12-18T08:25:28.739+0530][info][gc          ] Allocation Stall (Worker-3) 104.240ms
[2025-12-18T08:25:28.739+0530][info][gc          ] Allocation Stall (Worker-2) 105.743ms
[2025-12-18T08:25:28.743+0530][info][gc,phases   ] GC(284) Concurrent Select Relocation Set 3.653ms
[2025-12-18T08:25:28.744+0530][info][gc,phases   ] GC(284) Pause Relocate Start 0.012ms
[2025-12-18T08:25:28.773+0530][info][gc,phases   ] GC(284) Concurrent Relocate 1.901ms
[2025-12-18T08:25:28.774+0530][info][gc,load     ] GC(284) Load: 0.00/0.00/0.00
[2025-12-18T08:25:28.774+0530][info][gc,mmu      ] GC(284) MMU: 2ms/54.5%, 5ms/81.8%, 10ms/90.8%, 20ms/95.4%, 50ms/98.2%, 100ms/99.0%
[2025-12-18T08:25:28.774+0530][info][gc,marking  ] GC(284) Mark: 2 stripe(s), 2 proactive flush(es), 1 terminate flush(es), 0 completion(s), 0 continuation(s) 
[2025-12-18T08:25:28.774+0530][info][gc,marking  ] GC(284) Mark Stack Usage: 32M
[2025-12-18T08:25:28.774+0530][info][gc,nmethod  ] GC(284) NMethods: 747 registered, 7 unregistered
[2025-12-18T08:25:28.774+0530][info][gc,metaspace] GC(284) Metaspace: 4M used, 4M committed, 1088M reserved
[2025-12-18T08:25:28.774+0530][info][gc,ref      ] GC(284) Soft: 188 encountered, 109 discovered, 12 enqueued
[2025-12-18T08:25:28.774+0530][info][gc,ref      ] GC(284) Weak: 631 encountered, 31 discovered, 30 enqueued
[2025-12-18T08:25:28.774+0530][info][gc,ref      ] GC(284) Final: 0 encountered, 0 discovered, 0 enqueued
[2025-12-18T08:25:28.774+0530][info][gc,ref      ] GC(284) Phantom: 8 encountered, 6 discovered, 0 enqueued
[2025-12-18T08:25:28.774+0530][info][gc,reloc    ] GC(284) Small Pages: 232 / 464M, Empty: 176M, Relocated: 1M, In-Place: 0
[2025-12-18T08:25:28.774+0530][info][gc,reloc    ] GC(284) Medium Pages: 1 / 16M, Empty: 0M, Relocated: 0M, In-Place: 0
[2025-12-18T08:25:28.774+0530][info][gc,reloc    ] GC(284) Large Pages: 1 / 6M, Empty: 0M, Relocated: 0M, In-Place: 0
[2025-12-18T08:25:28.774+0530][info][gc,reloc    ] GC(284) Forwarding Usage: 0M
[2025-12-18T08:25:28.774+0530][info][gc,heap     ] GC(284) Min Capacity: 512M(100%)
[2025-12-18T08:25:28.774+0530][info][gc,heap     ] GC(284) Max Capacity: 512M(100%)
[2025-12-18T08:25:28.774+0530][info][gc,heap     ] GC(284) Soft Max Capacity: 512M(100%)
[2025-12-18T08:25:28.774+0530][info][gc,heap     ] GC(284)                Mark Start          Mark End        Relocate Start      Relocate End           High               Low         
[2025-12-18T08:25:28.774+0530][info][gc,heap     ] GC(284)  Capacity:      512M (100%)        512M (100%)        512M (100%)        512M (100%)        512M (100%)        512M (100%)   
[2025-12-18T08:25:28.774+0530][info][gc,heap     ] GC(284)      Free:       26M (5%)            0M (0%)          164M (32%)         172M (34%)         172M (34%)           0M (0%)     
[2025-12-18T08:25:28.774+0530][info][gc,heap     ] GC(284)      Used:      486M (95%)         512M (100%)        348M (68%)         340M (66%)         512M (100%)        340M (66%)    
[2025-12-18T08:25:28.774+0530][info][gc,heap     ] GC(284)      Live:         -               248M (48%)         248M (48%)         248M (48%)            -                  -          
[2025-12-18T08:25:28.774+0530][info][gc,heap     ] GC(284) Allocated:         -                26M (5%)           38M (7%)           71M (14%)            -                  -          
[2025-12-18T08:25:28.774+0530][info][gc,heap     ] GC(284)   Garbage:         -               237M (46%)          61M (12%)          19M (4%)             -                  -          
[2025-12-18T08:25:28.774+0530][info][gc,heap     ] GC(284) Reclaimed:         -                  -               176M (34%)         217M (43%)            -                  -          
[2025-12-18T08:25:28.774+0530][info][gc          ] GC(284) Garbage Collection (Allocation Stall) 486M(95%)->340M(66%)
[2025-12-18T08:25:28.817+0530][info][gc,start    ] GC(285) Garbage Collection (Allocation Stall)
[2025-12-18T08:25:28.817+0530][info][gc,ref      ] GC(285) Clearing All SoftReferences
[2025-12-18T08:25:28.817+0530][info][gc,task     ] GC(285) Using 2 workers
[2025-12-18T08:25:28.817+0530][info][gc,ref      ] GC(285) Clearing All SoftReferences
[2025-12-18T08:25:28.817+0530][info][gc,phases   ] GC(285) Pause Mark Start 0.050ms
[2025-12-18T08:25:28.957+0530][info][gc,phases   ] GC(285) Concurrent Mark 132.795ms
[2025-12-18T08:25:28.957+0530][info][gc,phases   ] GC(285) Pause Mark End 0.020ms
[2025-12-18T08:25:28.957+0530][info][gc,phases   ] GC(285) Concurrent Mark Free 0.001ms
[2025-12-18T08:25:28.958+0530][info][gc,phases   ] GC(285) Concurrent Process Non-Strong References 1.454ms
[2025-12-18T08:25:28.958+0530][info][gc,phases   ] GC(285) Concurrent Reset Relocation Set 0.003ms
[2025-12-18T08:25:28.961+0530][info][gc          ] Allocation Stall (Worker-3) 44.527ms
[2025-12-18T08:25:28.961+0530][info][gc          ] Allocation Stall (Worker-7) 44.286ms
[2025-12-18T08:25:28.961+0530][info][gc          ] Allocation Stall (Worker-4) 44.232ms
[2025-12-18T08:25:28.961+0530][info][gc          ] Allocation Stall (Worker-6) 52.678ms
[2025-12-18T08:25:28.961+0530][info][gc          ] Allocation Stall (Worker-2) 50.485ms
[2025-12-18T08:25:28.961+0530][info][gc          ] Allocation Stall (Worker-1) 49.611ms
[2025-12-18T08:25:28.961+0530][info][gc          ] Allocation Stall (Worker-5) 47.900ms
[2025-12-18T08:25:28.961+0530][info][gc          ] Allocation Stall (Worker-0) 45.380ms
[2025-12-18T08:25:28.961+0530][info][gc,phases   ] GC(285) Concurrent Select Relocation Set 3.058ms
[2025-12-18T08:25:28.961+0530][info][gc,phases   ] GC(285) Pause Relocate Start 0.010ms
[2025-12-18T08:25:28.973+0530][info][gc,phases   ] GC(285) Concurrent Relocate 1.778ms
[2025-12-18T08:25:28.973+0530][info][gc,load     ] GC(285) Load: 0.00/0.00/0.00
[2025-12-18T08:25:28.973+0530][info][gc,mmu      ] GC(285) MMU: 2ms/54.5%, 5ms/81.8%, 10ms/90.8%, 20ms/95.4%, 50ms/98.2%, 100ms/99.0%
[2025-12-18T08:25:28.974+0530][info][gc,marking  ] GC(285) Mark: 2 stripe(s), 2 proactive flush(es), 1 terminate flush(es), 0 completion(s), 0 continuation(s) 
[2025-12-18T08:25:28.974+0530][info][gc,marking  ] GC(285) Mark Stack Usage: 32M
[2025-12-18T08:25:28.974+0530][info][gc,nmethod  ] GC(285) NMethods: 747 registered, 7 unregistered
[2025-12-18T08:25:28.974+0530][info][gc,metaspace] GC(285) Metaspace: 4M used, 4M committed, 1088M reserved
[2025-12-18T08:25:28.974+0530][info][gc,ref      ] GC(285) Soft: 176 encountered, 101 discovered, 0 enqueued
[2025-12-18T08:25:28.974+0530][info][gc,ref      ] GC(285) Weak: 601 encountered, 377 discovered, 0 enqueued
[2025-12-18T08:25:28.974+0530][info][gc,ref      ] GC(285) Final: 0 encountered, 0 discovered, 0 enqueued
[2025-12-18T08:25:28.974+0530][info][gc,ref      ] GC(285) Phantom: 8 encountered, 7 discovered, 0 enqueued
[2025-12-18T08:25:28.974+0530][info][gc,reloc    ] GC(285) Small Pages: 193 / 386M, Empty: 74M, Relocated: 1M, In-Place: 0
[2025-12-18T08:25:28.974+0530][info][gc,reloc    ] GC(285) Medium Pages: 1 / 16M, Empty: 0M, Relocated: 0M, In-Place: 0
[2025-12-18T08:25:28.974+0530][info][gc,reloc    ] GC(285) Large Pages: 1 / 6M, Empty: 0M, Relocated: 0M, In-Place: 0
[2025-12-18T08:25:28.974+0530][info][gc,reloc    ] GC(285) Forwarding Usage: 0M
[2025-12-18T08:25:28.974+0530][info][gc,heap     ] GC(285) Min Capacity: 512M(100%)
[2025-12-18T08:25:28.974+0530][info][gc,heap     ] GC(285) Max Capacity: 512M(100%)
[2025-12-18T08:25:28.974+0530][info][gc,heap     ] GC(285) Soft Max Capacity: 512M(100%)
[2025-12-18T08:25:28.974+0530][info][gc,heap     ] GC(285)                Mark Start          Mark End        Relocate Start      Relocate End           High               Low         
[2025-12-18T08:25:28.974+0530][info][gc,heap     ] GC(285)  Capacity:      512M (100%)        512M (100%)        512M (100%)        512M (100%)        512M (100%)        512M (100%)   
[2025-12-18T08:25:28.974+0530][info][gc,heap     ] GC(285)      Free:      104M (20%)           0M (0%)           60M (12%)         124M (24%)         124M (24%)           0M (0%)     
[2025-12-18T08:25:28.974+0530][info][gc,heap     ] GC(285)      Used:      408M (80%)         512M (100%)        452M (88%)         388M (76%)         512M (100%)        388M (76%)    
[2025-12-18T08:25:28.974+0530][info][gc,heap     ] GC(285)      Live:         -               248M (48%)         248M (48%)         248M (48%)            -                  -          
[2025-12-18T08:25:28.974+0530][info][gc,heap     ] GC(285) Allocated:         -               104M (20%)         118M (23%)         119M (23%)            -                  -          
[2025-12-18T08:25:28.974+0530][info][gc,heap     ] GC(285)   Garbage:         -               159M (31%)          85M (17%)          19M (4%)             -                  -          
[2025-12-18T08:25:28.974+0530][info][gc,heap     ] GC(285) Reclaimed:         -                  -                74M (14%)         139M (27%)            -                  -          
[2025-12-18T08:25:28.974+0530][info][gc          ] GC(285) Garbage Collection (Allocation Stall) 408M(80%)->388M(76%)
[2025-12-18T08:25:29.017+0530][info][gc,start    ] GC(286) Garbage Collection (Allocation Stall)
[2025-12-18T08:25:29.017+0530][info][gc,ref      ] GC(286) Clearing All SoftReferences
[2025-12-18T08:25:29.017+0530][info][gc,task     ] GC(286) Using 2 workers
[2025-12-18T08:25:29.017+0530][info][gc,ref      ] GC(286) Clearing All SoftReferences
[2025-12-18T08:25:29.017+0530][info][gc,phases   ] GC(286) Pause Mark Start 0.058ms
[2025-12-18T08:25:29.150+0530][info][gc,phases   ] GC(286) Concurrent Mark 123.076ms
[2025-12-18T08:25:29.150+0530][info][gc,phases   ] GC(286) Pause Mark End 0.020ms
[2025-12-18T08:25:29.150+0530][info][gc,phases   ] GC(286) Concurrent Mark Free 0.002ms
[2025-12-18T08:25:29.151+0530][info][gc,phases   ] GC(286) Concurrent Process Non-Strong References 1.182ms
[2025-12-18T08:25:29.151+0530][info][gc,phases   ] GC(286) Concurrent Reset Relocation Set 0.005ms
[2025-12-18T08:25:29.151+0530][info][gc          ] Allocation Stall (Worker-5) 70.708ms
[2025-12-18T08:25:29.151+0530][info][gc          ] Allocation Stall (Worker-2) 67.551ms
[2025-12-18T08:25:29.151+0530][info][gc          ] Allocation Stall (Worker-6) 67.039ms
[2025-12-18T08:25:29.151+0530][info][gc          ] Allocation Stall (Worker-0) 77.844ms
[2025-12-18T08:25:29.151+0530][info][gc          ] Allocation Stall (Worker-3) 77.444ms
[2025-12-18T08:25:29.151+0530][info][gc          ] Allocation Stall (Worker-4) 75.314ms
[2025-12-18T08:25:29.151+0530][info][gc          ] Allocation Stall (Worker-1) 74.838ms
[2025-12-18T08:25:29.151+0530][info][gc          ] Allocation Stall (Worker-7) 71.573ms
[2025-12-18T08:25:29.155+0530][info][gc,phases   ] GC(286) Concurrent Select Relocation Set 3.538ms
[2025-12-18T08:25:29.155+0530][info][gc,phases   ] GC(286) Pause Relocate Start 0.011ms
[2025-12-18T08:25:29.185+0530][info][gc,phases   ] GC(286) Concurrent Relocate 1.830ms
[2025-12-18T08:25:29.185+0530][info][gc,load     ] GC(286) Load: 0.00/0.00/0.00
[2025-12-18T08:25:29.185+0530][info][gc,mmu      ] GC(286) MMU: 2ms/54.5%, 5ms/81.8%, 10ms/90.8%, 20ms/95.4%, 50ms/98.2%, 100ms/99.0%
[2025-12-18T08:25:29.185+0530][info][gc,marking  ] GC(286) Mark: 2 stripe(s), 2 proactive flush(es), 1 terminate flush(es), 0 completion(s), 0 continuation(s) 
[2025-12-18T08:25:29.185+0530][info][gc,marking  ] GC(286) Mark Stack Usage: 32M
[2025-12-18T08:25:29.186+0530][info][gc,nmethod  ] GC(286) NMethods: 747 registered, 7 unregistered
[2025-12-18T08:25:29.186+0530][info][gc,metaspace] GC(286) Metaspace: 4M used, 4M committed, 1088M reserved
[2025-12-18T08:25:29.186+0530][info][gc,ref      ] GC(286) Soft: 176 encountered, 88 discovered, 0 enqueued
[2025-12-18T08:25:29.186+0530][info][gc,ref      ] GC(286) Weak: 601 encountered, 379 discovered, 0 enqueued
[2025-12-18T08:25:29.186+0530][info][gc,ref      ] GC(286) Final: 0 encountered, 0 discovered, 0 enqueued
[2025-12-18T08:25:29.186+0530][info][gc,ref      ] GC(286) Phantom: 8 encountered, 6 discovered, 0 enqueued
[2025-12-18T08:25:29.186+0530][info][gc,reloc    ] GC(286) Small Pages: 218 / 436M, Empty: 156M, Relocated: 1M, In-Place: 0
[2025-12-18T08:25:29.186+0530][info][gc,reloc    ] GC(286) Medium Pages: 1 / 16M, Empty: 0M, Relocated: 0M, In-Place: 0
[2025-12-18T08:25:29.186+0530][info][gc,reloc    ] GC(286) Large Pages: 1 / 6M, Empty: 0M, Relocated: 0M, In-Place: 0
[2025-12-18T08:25:29.186+0530][info][gc,reloc    ] GC(286) Forwarding Usage: 0M
[2025-12-18T08:25:29.186+0530][info][gc,heap     ] GC(286) Min Capacity: 512M(100%)
[2025-12-18T08:25:29.186+0530][info][gc,heap     ] GC(286) Max Capacity: 512M(100%)
[2025-12-18T08:25:29.186+0530][info][gc,heap     ] GC(286) Soft Max Capacity: 512M(100%)
[2025-12-18T08:25:29.186+0530][info][gc,heap     ] GC(286)                Mark Start          Mark End        Relocate Start      Relocate End           High               Low         
[2025-12-18T08:25:29.186+0530][info][gc,heap     ] GC(286)  Capacity:      512M (100%)        512M (100%)        512M (100%)        512M (100%)        512M (100%)        512M (100%)   
[2025-12-18T08:25:29.186+0530][info][gc,heap     ] GC(286)      Free:       54M (11%)           0M (0%)          140M (27%)         146M (29%)         146M (29%)           0M (0%)     
[2025-12-18T08:25:29.186+0530][info][gc,heap     ] GC(286)      Used:      458M (89%)         512M (100%)        372M (73%)         366M (71%)         512M (100%)        366M (71%)    
[2025-12-18T08:25:29.186+0530][info][gc,heap     ] GC(286)      Live:         -               248M (48%)         248M (48%)         248M (48%)            -                  -          
[2025-12-18T08:25:29.186+0530][info][gc,heap     ] GC(286) Allocated:         -                54M (11%)          70M (14%)          97M (19%)            -                  -          
[2025-12-18T08:25:29.186+0530][info][gc,heap     ] GC(286)   Garbage:         -               209M (41%)          53M (11%)          19M (4%)             -                  -          
[2025-12-18T08:25:29.186+0530][info][gc,heap     ] GC(286) Reclaimed:         -                  -               156M (30%)         189M (37%)            -                  -          
[2025-12-18T08:25:29.186+0530][info][gc          ] GC(286) Garbage Collection (Allocation Stall) 458M(89%)->366M(71%)
[2025-12-18T08:25:29.218+0530][info][gc,start    ] GC(287) Garbage Collection (Allocation Stall)
[2025-12-18T08:25:29.218+0530][info][gc,ref      ] GC(287) Clearing All SoftReferences
[2025-12-18T08:25:29.218+0530][info][gc,task     ] GC(287) Using 2 workers
[2025-12-18T08:25:29.218+0530][info][gc,ref      ] GC(287) Clearing All SoftReferences
[2025-12-18T08:25:29.218+0530][info][gc,phases   ] GC(287) Pause Mark Start 0.057ms
[2025-12-18T08:25:29.364+0530][info][gc,phases   ] GC(287) Concurrent Mark 142.168ms
[2025-12-18T08:25:29.364+0530][info][gc,phases   ] GC(287) Pause Mark End 0.021ms
[2025-12-18T08:25:29.364+0530][info][gc,phases   ] GC(287) Concurrent Mark Free 0.001ms
[2025-12-18T08:25:29.365+0530][info][gc,phases   ] GC(287) Concurrent Process Non-Strong References 1.231ms
[2025-12-18T08:25:29.365+0530][info][gc,phases   ] GC(287) Concurrent Reset Relocation Set 0.003ms
[2025-12-18T08:25:29.368+0530][info][gc          ] Allocation Stall (Worker-1) 33.318ms
[2025-12-18T08:25:29.368+0530][info][gc          ] Allocation Stall (Worker-2) 34.877ms
[2025-12-18T08:25:29.368+0530][info][gc          ] Allocation Stall (Worker-7) 33.052ms
[2025-12-18T08:25:29.368+0530][info][gc          ] Allocation Stall (Worker-6) 42.813ms
[2025-12-18T08:25:29.368+0530][info][gc          ] Allocation Stall (Worker-0) 42.169ms
[2025-12-18T08:25:29.368+0530][info][gc          ] Allocation Stall (Worker-4) 41.055ms
[2025-12-18T08:25:29.368+0530][info][gc          ] Allocation Stall (Worker-5) 38.426ms
[2025-12-18T08:25:29.368+0530][info][gc          ] Allocation Stall (Worker-3) 40.987ms
[2025-12-18T08:25:29.368+0530][info][gc,phases   ] GC(287) Concurrent Select Relocation Set 3.066ms
[2025-12-18T08:25:29.369+0530][info][gc,phases   ] GC(287) Pause Relocate Start 0.011ms
[2025-12-18T08:25:29.372+0530][info][gc,phases   ] GC(287) Concurrent Relocate 1.678ms
[2025-12-18T08:25:29.372+0530][info][gc,load     ] GC(287) Load: 0.00/0.00/0.00
[2025-12-18T08:25:29.372+0530][info][gc,mmu      ] GC(287) MMU: 2ms/54.5%, 5ms/81.8%, 10ms/90.8%, 20ms/95.4%, 50ms/98.2%, 100ms/99.0%
[2025-12-18T08:25:29.372+0530][info][gc,marking  ] GC(287) Mark: 2 stripe(s), 2 proactive flush(es), 1 terminate flush(es), 0 completion(s), 0 continuation(s) 
[2025-12-18T08:25:29.372+0530][info][gc,marking  ] GC(287) Mark Stack Usage: 32M
[2025-12-18T08:25:29.372+0530][info][gc,nmethod  ] GC(287) NMethods: 748 registered, 7 unregistered
[2025-12-18T08:25:29.372+0530][info][gc,metaspace] GC(287) Metaspace: 4M used, 4M committed, 1088M reserved
[2025-12-18T08:25:29.372+0530][info][gc,ref      ] GC(287) Soft: 176 encountered, 90 discovered, 0 enqueued
[2025-12-18T08:25:29.372+0530][info][gc,ref      ] GC(287) Weak: 601 encountered, 389 discovered, 0 enqueued
[2025-12-18T08:25:29.372+0530][info][gc,ref      ] GC(287) Final: 0 encountered, 0 discovered, 0 enqueued
[2025-12-18T08:25:29.372+0530][info][gc,ref      ] GC(287) Phantom: 8 encountered, 3 discovered, 0 enqueued
[2025-12-18T08:25:29.372+0530][info][gc,reloc    ] GC(287) Small Pages: 192 / 384M, Empty: 80M, Relocated: 1M, In-Place: 0
[2025-12-18T08:25:29.372+0530][info][gc,reloc    ] GC(287) Medium Pages: 1 / 16M, Empty: 0M, Relocated: 0M, In-Place: 0
[2025-12-18T08:25:29.373+0530][info][gc,reloc    ] GC(287) Large Pages: 1 / 6M, Empty: 0M, Relocated: 0M, In-Place: 0
[2025-12-18T08:25:29.373+0530][info][gc,reloc    ] GC(287) Forwarding Usage: 0M
[2025-12-18T08:25:29.373+0530][info][gc,heap     ] GC(287) Min Capacity: 512M(100%)
[2025-12-18T08:25:29.373+0530][info][gc,heap     ] GC(287) Max Capacity: 512M(100%)
[2025-12-18T08:25:29.373+0530][info][gc,heap     ] GC(287) Soft Max Capacity: 512M(100%)
[2025-12-18T08:25:29.373+0530][info][gc,heap     ] GC(287)                Mark Start          Mark End        Relocate Start      Relocate End           High               Low         
[2025-12-18T08:25:29.373+0530][info][gc,heap     ] GC(287)  Capacity:      512M (100%)        512M (100%)        512M (100%)        512M (100%)        512M (100%)        512M (100%)   
[2025-12-18T08:25:29.373+0530][info][gc,heap     ] GC(287)      Free:      106M (21%)           0M (0%)           66M (13%)         122M (24%)         122M (24%)           0M (0%)     
[2025-12-18T08:25:29.373+0530][info][gc,heap     ] GC(287)      Used:      406M (79%)         512M (100%)        446M (87%)         390M (76%)         512M (100%)        390M (76%)    
[2025-12-18T08:25:29.373+0530][info][gc,heap     ] GC(287)      Live:         -               248M (48%)         248M (48%)         248M (48%)            -                  -          
[2025-12-18T08:25:29.373+0530][info][gc,heap     ] GC(287) Allocated:         -               106M (21%)         120M (23%)         121M (24%)            -                  -          
[2025-12-18T08:25:29.373+0530][info][gc,heap     ] GC(287)   Garbage:         -               157M (31%)          77M (15%)          19M (4%)             -                  -          
[2025-12-18T08:25:29.373+0530][info][gc,heap     ] GC(287) Reclaimed:         -                  -                80M (16%)         137M (27%)            -                  -          
[2025-12-18T08:25:29.373+0530][info][gc          ] GC(287) Garbage Collection (Allocation Stall) 406M(79%)->390M(76%)
[2025-12-18T08:25:29.417+0530][info][gc,start    ] GC(288) Garbage Collection (Allocation Stall)
[2025-12-18T08:25:29.417+0530][info][gc,ref      ] GC(288) Clearing All SoftReferences
[2025-12-18T08:25:29.417+0530][info][gc,task     ] GC(288) Using 2 workers
[2025-12-18T08:25:29.417+0530][info][gc,ref      ] GC(288) Clearing All SoftReferences
[2025-12-18T08:25:29.417+0530][info][gc,phases   ] GC(288) Pause Mark Start 0.049ms
[2025-12-18T08:25:29.547+0530][info][gc,phases   ] GC(288) Concurrent Mark 123.843ms
[2025-12-18T08:25:29.547+0530][info][gc,phases   ] GC(288) Pause Mark End 0.019ms
[2025-12-18T08:25:29.547+0530][info][gc,phases   ] GC(288) Concurrent Mark Free 0.001ms
[2025-12-18T08:25:29.548+0530][info][gc,phases   ] GC(288) Concurrent Process Non-Strong References 1.187ms
[2025-12-18T08:25:29.548+0530][info][gc,phases   ] GC(288) Concurrent Reset Relocation Set 0.005ms
[2025-12-18T08:25:29.548+0530][info][gc          ] Allocation Stall (Worker-7) 73.796ms
[2025-12-18T08:25:29.548+0530][info][gc          ] Allocation Stall (Worker-5) 73.341ms
[2025-12-18T08:25:29.548+0530][info][gc          ] Allocation Stall (Worker-3) 71.989ms
[2025-12-18T08:25:29.548+0530][info][gc          ] Allocation Stall (Worker-0) 78.119ms
[2025-12-18T08:25:29.548+0530][info][gc          ] Allocation Stall (Worker-4) 83.079ms
[2025-12-18T08:25:29.548+0530][info][gc          ] Allocation Stall (Worker-1) 82.129ms
[2025-12-18T08:25:29.548+0530][info][gc          ] Allocation Stall (Worker-2) 77.833ms
[2025-12-18T08:25:29.548+0530][info][gc          ] Allocation Stall (Worker-6) 74.998ms
[2025-12-18T08:25:29.552+0530][info][gc,phases   ] GC(288) Concurrent Select Relocation Set 3.668ms
[2025-12-18T08:25:29.554+0530][info][gc,phases   ] GC(288) Pause Relocate Start 0.011ms
[2025-12-18T08:25:29.558+0530][info][gc,phases   ] GC(288) Concurrent Relocate 1.591ms
[2025-12-18T08:25:29.558+0530][info][gc,load     ] GC(288) Load: 0.00/0.00/0.00
[2025-12-18T08:25:29.558+0530][info][gc,mmu      ] GC(288) MMU: 2ms/54.5%, 5ms/81.8%, 10ms/90.8%, 20ms/95.4%, 50ms/98.2%, 100ms/99.0%
[2025-12-18T08:25:29.558+0530][info][gc,marking  ] GC(288) Mark: 2 stripe(s), 2 proactive flush(es), 1 terminate flush(es), 0 completion(s), 0 continuation(s) 
[2025-12-18T08:25:29.558+0530][info][gc,marking  ] GC(288) Mark Stack Usage: 32M
[2025-12-18T08:25:29.558+0530][info][gc,nmethod  ] GC(288) NMethods: 748 registered, 7 unregistered
[2025-12-18T08:25:29.558+0530][info][gc,metaspace] GC(288) Metaspace: 4M used, 4M committed, 1088M reserved
[2025-12-18T08:25:29.558+0530][info][gc,ref      ] GC(288) Soft: 176 encountered, 95 discovered, 0 enqueued
[2025-12-18T08:25:29.558+0530][info][gc,ref      ] GC(288) Weak: 601 encountered, 371 discovered, 0 enqueued
[2025-12-18T08:25:29.558+0530][info][gc,ref      ] GC(288) Final: 0 encountered, 0 discovered, 0 enqueued
[2025-12-18T08:25:29.558+0530][info][gc,ref      ] GC(288) Phantom: 8 encountered, 6 discovered, 0 enqueued
[2025-12-18T08:25:29.558+0530][info][gc,reloc    ] GC(288) Small Pages: 215 / 430M, Empty: 154M, Relocated: 1M, In-Place: 0
[2025-12-18T08:25:29.558+0530][info][gc,reloc    ] GC(288) Medium Pages: 1 / 16M, Empty: 0M, Relocated: 0M, In-Place: 0
[2025-12-18T08:25:29.558+0530][info][gc,reloc    ] GC(288) Large Pages: 1 / 6M, Empty: 0M, Relocated: 0M, In-Place: 0
[2025-12-18T08:25:29.558+0530][info][gc,reloc    ] GC(288) Forwarding Usage: 0M
[2025-12-18T08:25:29.558+0530][info][gc,heap     ] GC(288) Min Capacity: 512M(100%)
[2025-12-18T08:25:29.558+0530][info][gc,heap     ] GC(288) Max Capacity: 512M(100%)
[2025-12-18T08:25:29.558+0530][info][gc,heap     ] GC(288) Soft Max Capacity: 512M(100%)
[2025-12-18T08:25:29.558+0530][info][gc,heap     ] GC(288)                Mark Start          Mark End        Relocate Start      Relocate End           High               Low         
[2025-12-18T08:25:29.558+0530][info][gc,heap     ] GC(288)  Capacity:      512M (100%)        512M (100%)        512M (100%)        512M (100%)        512M (100%)        512M (100%)   
[2025-12-18T08:25:29.558+0530][info][gc,heap     ] GC(288)      Free:       60M (12%)           0M (0%)          138M (27%)         168M (33%)         168M (33%)           0M (0%)     
[2025-12-18T08:25:29.558+0530][info][gc,heap     ] GC(288)      Used:      452M (88%)         512M (100%)        374M (73%)         344M (67%)         512M (100%)        344M (67%)    
[2025-12-18T08:25:29.558+0530][info][gc,heap     ] GC(288)      Live:         -               248M (48%)         248M (48%)         248M (48%)            -                  -          
[2025-12-18T08:25:29.558+0530][info][gc,heap     ] GC(288) Allocated:         -                60M (12%)          76M (15%)          75M (15%)            -                  -          
[2025-12-18T08:25:29.558+0530][info][gc,heap     ] GC(288)   Garbage:         -               203M (40%)          49M (10%)          19M (4%)             -                  -          
[2025-12-18T08:25:29.558+0530][info][gc,heap     ] GC(288) Reclaimed:         -                  -               154M (30%)         183M (36%)            -                  -          
[2025-12-18T08:25:29.558+0530][info][gc          ] GC(288) Garbage Collection (Allocation Stall) 452M(88%)->344M(67%)
[2025-12-18T08:25:29.617+0530][info][gc,start    ] GC(289) Garbage Collection (Allocation Stall)
[2025-12-18T08:25:29.617+0530][info][gc,ref      ] GC(289) Clearing All SoftReferences
[2025-12-18T08:25:29.617+0530][info][gc,task     ] GC(289) Using 2 workers
[2025-12-18T08:25:29.617+0530][info][gc,ref      ] GC(289) Clearing All SoftReferences
[2025-12-18T08:25:29.617+0530][info][gc,phases   ] GC(289) Pause Mark Start 0.055ms
[2025-12-18T08:25:29.757+0530][info][gc,phases   ] GC(289) Concurrent Mark 138.330ms
[2025-12-18T08:25:29.757+0530][info][gc,phases   ] GC(289) Pause Mark End 0.022ms
[2025-12-18T08:25:29.757+0530][info][gc,phases   ] GC(289) Concurrent Mark Free 0.001ms
[2025-12-18T08:25:29.758+0530][info][gc,phases   ] GC(289) Concurrent Process Non-Strong References 1.129ms
[2025-12-18T08:25:29.758+0530][info][gc,phases   ] GC(289) Concurrent Reset Relocation Set 0.002ms
[2025-12-18T08:25:29.758+0530][info][gc          ] Allocation Stall (Worker-1) 73.118ms
[2025-12-18T08:25:29.758+0530][info][gc          ] Allocation Stall (Worker-7) 73.120ms
[2025-12-18T08:25:29.758+0530][info][gc          ] Allocation Stall (Worker-0) 68.181ms
[2025-12-18T08:25:29.758+0530][info][gc          ] Allocation Stall (Worker-2) 72.592ms
[2025-12-18T08:25:29.758+0530][info][gc          ] Allocation Stall (Worker-5) 78.163ms
[2025-12-18T08:25:29.758+0530][info][gc          ] Allocation Stall (Worker-3) 73.907ms
[2025-12-18T08:25:29.758+0530][info][gc          ] Allocation Stall (Worker-6) 74.684ms
[2025-12-18T08:25:29.758+0530][info][gc          ] Allocation Stall (Worker-4) 73.330ms
[2025-12-18T08:25:29.762+0530][info][gc,phases   ] GC(289) Concurrent Select Relocation Set 3.657ms
[2025-12-18T08:25:29.762+0530][info][gc,phases   ] GC(289) Pause Relocate Start 0.011ms
[2025-12-18T08:25:29.776+0530][info][gc,phases   ] GC(289) Concurrent Relocate 1.771ms
[2025-12-18T08:25:29.776+0530][info][gc,load     ] GC(289) Load: 0.00/0.00/0.00
[2025-12-18T08:25:29.776+0530][info][gc,mmu      ] GC(289) MMU: 2ms/54.5%, 5ms/81.8%, 10ms/90.8%, 20ms/95.4%, 50ms/98.2%, 100ms/99.0%
[2025-12-18T08:25:29.776+0530][info][gc,marking  ] GC(289) Mark: 2 stripe(s), 2 proactive flush(es), 1 terminate flush(es), 0 completion(s), 0 continuation(s) 
[2025-12-18T08:25:29.776+0530][info][gc,marking  ] GC(289) Mark Stack Usage: 32M
[2025-12-18T08:25:29.776+0530][info][gc,nmethod  ] GC(289) NMethods: 748 registered, 7 unregistered
[2025-12-18T08:25:29.776+0530][info][gc,metaspace] GC(289) Metaspace: 4M used, 4M committed, 1088M reserved
[2025-12-18T08:25:29.776+0530][info][gc,ref      ] GC(289) Soft: 176 encountered, 94 discovered, 0 enqueued
[2025-12-18T08:25:29.776+0530][info][gc,ref      ] GC(289) Weak: 601 encountered, 8 discovered, 0 enqueued
[2025-12-18T08:25:29.776+0530][info][gc,ref      ] GC(289) Final: 0 encountered, 0 discovered, 0 enqueued
[2025-12-18T08:25:29.776+0530][info][gc,ref      ] GC(289) Phantom: 8 encountered, 4 discovered, 0 enqueued
[2025-12-18T08:25:29.776+0530][info][gc,reloc    ] GC(289) Small Pages: 208 / 416M, Empty: 138M, Relocated: 1M, In-Place: 0
[2025-12-18T08:25:29.776+0530][info][gc,reloc    ] GC(289) Medium Pages: 1 / 16M, Empty: 0M, Relocated: 0M, In-Place: 0
[2025-12-18T08:25:29.776+0530][info][gc,reloc    ] GC(289) Large Pages: 1 / 6M, Empty: 0M, Relocated: 0M, In-Place: 0
[2025-12-18T08:25:29.776+0530][info][gc,reloc    ] GC(289) Forwarding Usage: 0M
[2025-12-18T08:25:29.776+0530][info][gc,heap     ] GC(289) Min Capacity: 512M(100%)
[2025-12-18T08:25:29.776+0530][info][gc,heap     ] GC(289) Max Capacity: 512M(100%)
[2025-12-18T08:25:29.776+0530][info][gc,heap     ] GC(289) Soft Max Capacity: 512M(100%)
[2025-12-18T08:25:29.776+0530][info][gc,heap     ] GC(289)                Mark Start          Mark End        Relocate Start      Relocate End           High               Low         
[2025-12-18T08:25:29.776+0530][info][gc,heap     ] GC(289)  Capacity:      512M (100%)        512M (100%)        512M (100%)        512M (100%)        512M (100%)        512M (100%)   
[2025-12-18T08:25:29.776+0530][info][gc,heap     ] GC(289)      Free:       74M (14%)           0M (0%)          124M (24%)         144M (28%)         144M (28%)           0M (0%)     
[2025-12-18T08:25:29.776+0530][info][gc,heap     ] GC(289)      Used:      438M (86%)         512M (100%)        388M (76%)         368M (72%)         512M (100%)        368M (72%)    
[2025-12-18T08:25:29.776+0530][info][gc,heap     ] GC(289)      Live:         -               248M (48%)         248M (48%)         248M (48%)            -                  -          
[2025-12-18T08:25:29.776+0530][info][gc,heap     ] GC(289) Allocated:         -                74M (14%)          88M (17%)          99M (20%)            -                  -          
[2025-12-18T08:25:29.776+0530][info][gc,heap     ] GC(289)   Garbage:         -               189M (37%)          51M (10%)          19M (4%)             -                  -          
[2025-12-18T08:25:29.776+0530][info][gc,heap     ] GC(289) Reclaimed:         -                  -               138M (27%)         169M (33%)            -                  -          
[2025-12-18T08:25:29.777+0530][info][gc          ] GC(289) Garbage Collection (Allocation Stall) 438M(86%)->368M(72%)
[2025-12-18T08:25:29.817+0530][info][gc,start    ] GC(290) Garbage Collection (Allocation Stall)
[2025-12-18T08:25:29.817+0530][info][gc,ref      ] GC(290) Clearing All SoftReferences
[2025-12-18T08:25:29.817+0530][info][gc,task     ] GC(290) Using 2 workers
[2025-12-18T08:25:29.817+0530][info][gc,ref      ] GC(290) Clearing All SoftReferences
[2025-12-18T08:25:29.817+0530][info][gc,phases   ] GC(290) Pause Mark Start 0.058ms
[2025-12-18T08:25:29.956+0530][info][gc,phases   ] GC(290) Concurrent Mark 133.211ms
[2025-12-18T08:25:29.956+0530][info][gc,phases   ] GC(290) Pause Mark End 0.019ms
[2025-12-18T08:25:29.956+0530][info][gc,phases   ] GC(290) Concurrent Mark Free 0.001ms
[2025-12-18T08:25:29.957+0530][info][gc,phases   ] GC(290) Concurrent Process Non-Strong References 1.176ms
[2025-12-18T08:25:29.957+0530][info][gc,phases   ] GC(290) Concurrent Reset Relocation Set 0.002ms
[2025-12-18T08:25:29.960+0530][info][gc          ] Allocation Stall (Worker-0) 45.461ms
[2025-12-18T08:25:29.960+0530][info][gc          ] Allocation Stall (Worker-7) 44.774ms
[2025-12-18T08:25:29.960+0530][info][gc          ] Allocation Stall (Worker-3) 45.848ms
[2025-12-18T08:25:29.960+0530][info][gc          ] Allocation Stall (Worker-2) 53.199ms
[2025-12-18T08:25:29.960+0530][info][gc          ] Allocation Stall (Worker-6) 44.466ms
[2025-12-18T08:25:29.960+0530][info][gc          ] Allocation Stall (Worker-4) 46.500ms
[2025-12-18T08:25:29.960+0530][info][gc          ] Allocation Stall (Worker-1) 48.836ms
[2025-12-18T08:25:29.960+0530][info][gc          ] Allocation Stall (Worker-5) 53.011ms
[2025-12-18T08:25:29.960+0530][info][gc,phases   ] GC(290) Concurrent Select Relocation Set 3.157ms
[2025-12-18T08:25:29.961+0530][info][gc,phases   ] GC(290) Pause Relocate Start 0.011ms
[2025-12-18T08:25:29.964+0530][info][gc,phases   ] GC(290) Concurrent Relocate 1.502ms
[2025-12-18T08:25:29.964+0530][info][gc,load     ] GC(290) Load: 0.00/0.00/0.00
[2025-12-18T08:25:29.964+0530][info][gc,mmu      ] GC(290) MMU: 2ms/54.5%, 5ms/81.8%, 10ms/90.8%, 20ms/95.4%, 50ms/98.2%, 100ms/99.0%
[2025-12-18T08:25:29.964+0530][info][gc,marking  ] GC(290) Mark: 2 stripe(s), 2 proactive flush(es), 1 terminate flush(es), 0 completion(s), 0 continuation(s) 
[2025-12-18T08:25:29.964+0530][info][gc,marking  ] GC(290) Mark Stack Usage: 32M
[2025-12-18T08:25:29.964+0530][info][gc,nmethod  ] GC(290) NMethods: 748 registered, 7 unregistered
[2025-12-18T08:25:29.964+0530][info][gc,metaspace] GC(290) Metaspace: 4M used, 4M committed, 1088M reserved
[2025-12-18T08:25:29.964+0530][info][gc,ref      ] GC(290) Soft: 176 encountered, 91 discovered, 0 enqueued
[2025-12-18T08:25:29.964+0530][info][gc,ref      ] GC(290) Weak: 601 encountered, 389 discovered, 0 enqueued
[2025-12-18T08:25:29.964+0530][info][gc,ref      ] GC(290) Final: 0 encountered, 0 discovered, 0 enqueued
[2025-12-18T08:25:29.964+0530][info][gc,ref      ] GC(290) Phantom: 8 encountered, 2 discovered, 0 enqueued
[2025-12-18T08:25:29.964+0530][info][gc,reloc    ] GC(290) Small Pages: 199 / 398M, Empty: 110M, Relocated: 1M, In-Place: 0
[2025-12-18T08:25:29.964+0530][info][gc,reloc    ] GC(290) Medium Pages: 1 / 16M, Empty: 0M, Relocated: 0M, In-Place: 0
[2025-12-18T08:25:29.964+0530][info][gc,reloc    ] GC(290) Large Pages: 1 / 6M, Empty: 0M, Relocated: 0M, In-Place: 0
[2025-12-18T08:25:29.964+0530][info][gc,reloc    ] GC(290) Forwarding Usage: 0M
[2025-12-18T08:25:29.964+0530][info][gc,heap     ] GC(290) Min Capacity: 512M(100%)
[2025-12-18T08:25:29.964+0530][info][gc,heap     ] GC(290) Max Capacity: 512M(100%)
[2025-12-18T08:25:29.964+0530][info][gc,heap     ] GC(290) Soft Max Capacity: 512M(100%)
[2025-12-18T08:25:29.964+0530][info][gc,heap     ] GC(290)                Mark Start          Mark End        Relocate Start      Relocate End           High               Low         
[2025-12-18T08:25:29.964+0530][info][gc,heap     ] GC(290)  Capacity:      512M (100%)        512M (100%)        512M (100%)        512M (100%)        512M (100%)        512M (100%)   
[2025-12-18T08:25:29.964+0530][info][gc,heap     ] GC(290)      Free:       92M (18%)           0M (0%)           96M (19%)         138M (27%)         138M (27%)           0M (0%)     
[2025-12-18T08:25:29.964+0530][info][gc,heap     ] GC(290)      Used:      420M (82%)         512M (100%)        416M (81%)         374M (73%)         512M (100%)        374M (73%)    
[2025-12-18T08:25:29.964+0530][info][gc,heap     ] GC(290)      Live:         -               248M (48%)         248M (48%)         248M (48%)            -                  -          
[2025-12-18T08:25:29.964+0530][info][gc,heap     ] GC(290) Allocated:         -                92M (18%)         106M (21%)         105M (21%)            -                  -          
[2025-12-18T08:25:29.964+0530][info][gc,heap     ] GC(290)   Garbage:         -               171M (34%)          61M (12%)          19M (4%)             -                  -          
[2025-12-18T08:25:29.964+0530][info][gc,heap     ] GC(290) Reclaimed:         -                  -               110M (21%)         151M (30%)            -                  -          
[2025-12-18T08:25:29.964+0530][info][gc          ] GC(290) Garbage Collection (Allocation Stall) 420M(82%)->374M(73%)
[2025-12-18T08:25:30.018+0530][info][gc,start    ] GC(291) Garbage Collection (Allocation Stall)
[2025-12-18T08:25:30.018+0530][info][gc,ref      ] GC(291) Clearing All SoftReferences
[2025-12-18T08:25:30.018+0530][info][gc,task     ] GC(291) Using 2 workers
[2025-12-18T08:25:30.018+0530][info][gc,ref      ] GC(291) Clearing All SoftReferences
[2025-12-18T08:25:30.018+0530][info][gc,phases   ] GC(291) Pause Mark Start 0.063ms
[2025-12-18T08:25:30.155+0530][info][gc,phases   ] GC(291) Concurrent Mark 129.322ms
[2025-12-18T08:25:30.155+0530][info][gc,phases   ] GC(291) Pause Mark End 0.018ms
[2025-12-18T08:25:30.155+0530][info][gc,phases   ] GC(291) Concurrent Mark Free 0.001ms
[2025-12-18T08:25:30.156+0530][info][gc,phases   ] GC(291) Concurrent Process Non-Strong References 1.135ms
[2025-12-18T08:25:30.156+0530][info][gc,phases   ] GC(291) Concurrent Reset Relocation Set 0.003ms
[2025-12-18T08:25:30.156+0530][info][gc          ] Allocation Stall (Worker-4) 55.196ms
[2025-12-18T08:25:30.156+0530][info][gc          ] Allocation Stall (Worker-7) 53.073ms
[2025-12-18T08:25:30.156+0530][info][gc          ] Allocation Stall (Worker-3) 51.074ms
[2025-12-18T08:25:30.156+0530][info][gc          ] Allocation Stall (Worker-0) 62.549ms
[2025-12-18T08:25:30.156+0530][info][gc          ] Allocation Stall (Worker-1) 57.369ms
[2025-12-18T08:25:30.156+0530][info][gc          ] Allocation Stall (Worker-6) 56.513ms
[2025-12-18T08:25:30.156+0530][info][gc          ] Allocation Stall (Worker-5) 58.610ms
[2025-12-18T08:25:30.156+0530][info][gc          ] Allocation Stall (Worker-2) 56.584ms
[2025-12-18T08:25:30.160+0530][info][gc,phases   ] GC(291) Concurrent Select Relocation Set 3.759ms
[2025-12-18T08:25:30.160+0530][info][gc,phases   ] GC(291) Pause Relocate Start 0.012ms
[2025-12-18T08:25:30.176+0530][info][gc,phases   ] GC(291) Concurrent Relocate 1.715ms
[2025-12-18T08:25:30.176+0530][info][gc,load     ] GC(291) Load: 0.00/0.00/0.00
[2025-12-18T08:25:30.176+0530][info][gc,mmu      ] GC(291) MMU: 2ms/54.5%, 5ms/81.8%, 10ms/90.8%, 20ms/95.4%, 50ms/98.2%, 100ms/99.0%
[2025-12-18T08:25:30.176+0530][info][gc,marking  ] GC(291) Mark: 2 stripe(s), 2 proactive flush(es), 1 terminate flush(es), 0 completion(s), 0 continuation(s) 
[2025-12-18T08:25:30.176+0530][info][gc,marking  ] GC(291) Mark Stack Usage: 32M
[2025-12-18T08:25:30.176+0530][info][gc,nmethod  ] GC(291) NMethods: 748 registered, 7 unregistered
[2025-12-18T08:25:30.177+0530][info][gc,metaspace] GC(291) Metaspace: 4M used, 4M committed, 1088M reserved
[2025-12-18T08:25:30.177+0530][info][gc,ref      ] GC(291) Soft: 176 encountered, 86 discovered, 0 enqueued
[2025-12-18T08:25:30.177+0530][info][gc,ref      ] GC(291) Weak: 601 encountered, 4 discovered, 0 enqueued
[2025-12-18T08:25:30.177+0530][info][gc,ref      ] GC(291) Final: 0 encountered, 0 discovered, 0 enqueued
[2025-12-18T08:25:30.177+0530][info][gc,ref      ] GC(291) Phantom: 8 encountered, 4 discovered, 0 enqueued
[2025-12-18T08:25:30.177+0530][info][gc,reloc    ] GC(291) Small Pages: 208 / 416M, Empty: 138M, Relocated: 1M, In-Place: 0
[2025-12-18T08:25:30.177+0530][info][gc,reloc    ] GC(291) Medium Pages: 1 / 16M, Empty: 0M, Relocated: 0M, In-Place: 0
[2025-12-18T08:25:30.177+0530][info][gc,reloc    ] GC(291) Large Pages: 1 / 6M, Empty: 0M, Relocated: 0M, In-Place: 0
[2025-12-18T08:25:30.177+0530][info][gc,reloc    ] GC(291) Forwarding Usage: 0M
[2025-12-18T08:25:30.177+0530][info][gc,heap     ] GC(291) Min Capacity: 512M(100%)
[2025-12-18T08:25:30.177+0530][info][gc,heap     ] GC(291) Max Capacity: 512M(100%)
[2025-12-18T08:25:30.177+0530][info][gc,heap     ] GC(291) Soft Max Capacity: 512M(100%)
[2025-12-18T08:25:30.177+0530][info][gc,heap     ] GC(291)                Mark Start          Mark End        Relocate Start      Relocate End           High               Low         
[2025-12-18T08:25:30.177+0530][info][gc,heap     ] GC(291)  Capacity:      512M (100%)        512M (100%)        512M (100%)        512M (100%)        512M (100%)        512M (100%)   
[2025-12-18T08:25:30.177+0530][info][gc,heap     ] GC(291)      Free:       74M (14%)           0M (0%)          124M (24%)         140M (27%)         140M (27%)           0M (0%)     
[2025-12-18T08:25:30.177+0530][info][gc,heap     ] GC(291)      Used:      438M (86%)         512M (100%)        388M (76%)         372M (73%)         512M (100%)        372M (73%)    
[2025-12-18T08:25:30.177+0530][info][gc,heap     ] GC(291)      Live:         -               248M (48%)         248M (48%)         248M (48%)            -                  -          
[2025-12-18T08:25:30.177+0530][info][gc,heap     ] GC(291) Allocated:         -                74M (14%)          88M (17%)         103M (20%)            -                  -          
[2025-12-18T08:25:30.177+0530][info][gc,heap     ] GC(291)   Garbage:         -               189M (37%)          51M (10%)          19M (4%)             -                  -          
[2025-12-18T08:25:30.177+0530][info][gc,heap     ] GC(291) Reclaimed:         -                  -               138M (27%)         169M (33%)            -                  -          
[2025-12-18T08:25:30.177+0530][info][gc          ] GC(291) Garbage Collection (Allocation Stall) 438M(86%)->372M(73%)
[2025-12-18T08:25:30.218+0530][info][gc,start    ] GC(292) Garbage Collection (Allocation Stall)
[2025-12-18T08:25:30.218+0530][info][gc,ref      ] GC(292) Clearing All SoftReferences
[2025-12-18T08:25:30.218+0530][info][gc,task     ] GC(292) Using 2 workers
[2025-12-18T08:25:30.218+0530][info][gc,ref      ] GC(292) Clearing All SoftReferences
[2025-12-18T08:25:30.218+0530][info][gc,phases   ] GC(292) Pause Mark Start 0.060ms
[2025-12-18T08:25:30.353+0530][info][gc,phases   ] GC(292) Concurrent Mark 130.654ms
[2025-12-18T08:25:30.353+0530][info][gc,phases   ] GC(292) Pause Mark End 0.024ms
[2025-12-18T08:25:30.353+0530][info][gc,phases   ] GC(292) Concurrent Mark Free 0.001ms
[2025-12-18T08:25:30.354+0530][info][gc,phases   ] GC(292) Concurrent Process Non-Strong References 1.317ms
[2025-12-18T08:25:30.354+0530][info][gc,phases   ] GC(292) Concurrent Reset Relocation Set 0.002ms
[2025-12-18T08:25:30.357+0530][info][gc          ] Allocation Stall (Worker-1) 65.354ms
[2025-12-18T08:25:30.357+0530][info][gc          ] Allocation Stall (main) 23.350ms
[2025-12-18T08:25:30.357+0530][info][gc          ] Allocation Stall (Worker-5) 61.982ms
[2025-12-18T08:25:30.357+0530][info][gc          ] Allocation Stall (Worker-6) 72.273ms
[2025-12-18T08:25:30.357+0530][info][gc          ] Allocation Stall (Worker-2) 72.130ms
[2025-12-18T08:25:30.357+0530][info][gc          ] Allocation Stall (Worker-4) 70.813ms
[2025-12-18T08:25:30.358+0530][info][gc          ] Allocation Stall (Worker-7) 69.533ms
[2025-12-18T08:25:30.358+0530][info][gc,phases   ] GC(292) Concurrent Select Relocation Set 3.279ms
[2025-12-18T08:25:30.358+0530][info][gc          ] Allocation Stall (Worker-0) 68.783ms
[2025-12-18T08:25:30.358+0530][info][gc          ] Allocation Stall (Worker-3) 66.622ms
[2025-12-18T08:25:30.358+0530][info][gc,phases   ] GC(292) Pause Relocate Start 0.010ms
[2025-12-18T08:25:30.371+0530][info][gc,phases   ] GC(292) Concurrent Relocate 1.772ms
[2025-12-18T08:25:30.371+0530][info][gc,load     ] GC(292) Load: 0.00/0.00/0.00
[2025-12-18T08:25:30.371+0530][info][gc,mmu      ] GC(292) MMU: 2ms/54.5%, 5ms/81.8%, 10ms/90.8%, 20ms/95.4%, 50ms/98.2%, 100ms/99.0%
[2025-12-18T08:25:30.371+0530][info][gc,marking  ] GC(292) Mark: 2 stripe(s), 2 proactive flush(es), 1 terminate flush(es), 0 completion(s), 0 continuation(s) 
[2025-12-18T08:25:30.371+0530][info][gc,marking  ] GC(292) Mark Stack Usage: 32M
[2025-12-18T08:25:30.371+0530][info][gc,nmethod  ] GC(292) NMethods: 748 registered, 7 unregistered
[2025-12-18T08:25:30.371+0530][info][gc,metaspace] GC(292) Metaspace: 4M used, 4M committed, 1088M reserved
[2025-12-18T08:25:30.371+0530][info][gc,ref      ] GC(292) Soft: 176 encountered, 79 discovered, 0 enqueued
[2025-12-18T08:25:30.371+0530][info][gc,ref      ] GC(292) Weak: 601 encountered, 3 discovered, 0 enqueued
[2025-12-18T08:25:30.371+0530][info][gc,ref      ] GC(292) Final: 0 encountered, 0 discovered, 0 enqueued
[2025-12-18T08:25:30.371+0530][info][gc,ref      ] GC(292) Phantom: 8 encountered, 7 discovered, 0 enqueued
[2025-12-18T08:25:30.371+0530][info][gc,reloc    ] GC(292) Small Pages: 205 / 410M, Empty: 116M, Relocated: 1M, In-Place: 0
[2025-12-18T08:25:30.371+0530][info][gc,reloc    ] GC(292) Medium Pages: 1 / 16M, Empty: 0M, Relocated: 0M, In-Place: 0
[2025-12-18T08:25:30.371+0530][info][gc,reloc    ] GC(292) Large Pages: 1 / 6M, Empty: 0M, Relocated: 0M, In-Place: 0
[2025-12-18T08:25:30.371+0530][info][gc,reloc    ] GC(292) Forwarding Usage: 0M
[2025-12-18T08:25:30.371+0530][info][gc,heap     ] GC(292) Min Capacity: 512M(100%)
[2025-12-18T08:25:30.371+0530][info][gc,heap     ] GC(292) Max Capacity: 512M(100%)
[2025-12-18T08:25:30.371+0530][info][gc,heap     ] GC(292) Soft Max Capacity: 512M(100%)
[2025-12-18T08:25:30.371+0530][info][gc,heap     ] GC(292)                Mark Start          Mark End        Relocate Start      Relocate End           High               Low         
[2025-12-18T08:25:30.371+0530][info][gc,heap     ] GC(292)  Capacity:      512M (100%)        512M (100%)        512M (100%)        512M (100%)        512M (100%)        512M (100%)   
[2025-12-18T08:25:30.371+0530][info][gc,heap     ] GC(292)      Free:       80M (16%)           0M (0%)          104M (20%)         140M (27%)         140M (27%)           0M (0%)     
[2025-12-18T08:25:30.371+0530][info][gc,heap     ] GC(292)      Used:      432M (84%)         512M (100%)        408M (80%)         372M (73%)         512M (100%)        372M (73%)    
[2025-12-18T08:25:30.371+0530][info][gc,heap     ] GC(292)      Live:         -               248M (48%)         248M (48%)         248M (48%)            -                  -          
[2025-12-18T08:25:30.371+0530][info][gc,heap     ] GC(292) Allocated:         -                80M (16%)          92M (18%)         103M (20%)            -                  -          
[2025-12-18T08:25:30.371+0530][info][gc,heap     ] GC(292)   Garbage:         -               183M (36%)          67M (13%)          19M (4%)             -                  -          
[2025-12-18T08:25:30.371+0530][info][gc,heap     ] GC(292) Reclaimed:         -                  -               116M (23%)         163M (32%)            -                  -          
[2025-12-18T08:25:30.371+0530][info][gc          ] GC(292) Garbage Collection (Allocation Stall) 432M(84%)->372M(73%)
[2025-12-18T08:25:30.417+0530][info][gc,start    ] GC(293) Garbage Collection (Allocation Stall)
[2025-12-18T08:25:30.417+0530][info][gc,ref      ] GC(293) Clearing All SoftReferences
[2025-12-18T08:25:30.417+0530][info][gc,task     ] GC(293) Using 2 workers
[2025-12-18T08:25:30.417+0530][info][gc,ref      ] GC(293) Clearing All SoftReferences
[2025-12-18T08:25:30.417+0530][info][gc,phases   ] GC(293) Pause Mark Start 0.081ms
[2025-12-18T08:25:30.561+0530][info][gc,phases   ] GC(293) Concurrent Mark 138.321ms
[2025-12-18T08:25:30.561+0530][info][gc,phases   ] GC(293) Pause Mark End 0.020ms
[2025-12-18T08:25:30.561+0530][info][gc,phases   ] GC(293) Concurrent Mark Free 0.001ms
[2025-12-18T08:25:30.562+0530][info][gc,phases   ] GC(293) Concurrent Process Non-Strong References 1.078ms
[2025-12-18T08:25:30.562+0530][info][gc,phases   ] GC(293) Concurrent Reset Relocation Set 0.004ms
[2025-12-18T08:25:30.562+0530][info][gc          ] Allocation Stall (Worker-0) 69.141ms
[2025-12-18T08:25:30.562+0530][info][gc          ] Allocation Stall (Worker-7) 69.003ms
[2025-12-18T08:25:30.562+0530][info][gc          ] Allocation Stall (Worker-2) 68.935ms
[2025-12-18T08:25:30.562+0530][info][gc          ] Allocation Stall (Worker-4) 79.447ms
[2025-12-18T08:25:30.562+0530][info][gc          ] Allocation Stall (Worker-5) 74.570ms
[2025-12-18T08:25:30.562+0530][info][gc          ] Allocation Stall (Worker-1) 74.513ms
[2025-12-18T08:25:30.562+0530][info][gc          ] Allocation Stall (Worker-3) 72.867ms
[2025-12-18T08:25:30.562+0530][info][gc          ] Allocation Stall (Worker-6) 72.394ms
[2025-12-18T08:25:30.566+0530][info][gc,phases   ] GC(293) Concurrent Select Relocation Set 3.646ms
[2025-12-18T08:25:30.566+0530][info][gc,phases   ] GC(293) Pause Relocate Start 0.011ms
[2025-12-18T08:25:30.575+0530][info][gc,phases   ] GC(293) Concurrent Relocate 1.766ms
[2025-12-18T08:25:30.575+0530][info][gc,load     ] GC(293) Load: 0.00/0.00/0.00
[2025-12-18T08:25:30.575+0530][info][gc,mmu      ] GC(293) MMU: 2ms/54.5%, 5ms/81.8%, 10ms/90.8%, 20ms/95.4%, 50ms/98.2%, 100ms/99.0%
[2025-12-18T08:25:30.575+0530][info][gc,marking  ] GC(293) Mark: 2 stripe(s), 2 proactive flush(es), 1 terminate flush(es), 0 completion(s), 0 continuation(s) 
[2025-12-18T08:25:30.575+0530][info][gc,marking  ] GC(293) Mark Stack Usage: 32M
[2025-12-18T08:25:30.575+0530][info][gc,nmethod  ] GC(293) NMethods: 748 registered, 7 unregistered
[2025-12-18T08:25:30.575+0530][info][gc,metaspace] GC(293) Metaspace: 4M used, 4M committed, 1088M reserved
[2025-12-18T08:25:30.575+0530][info][gc,ref      ] GC(293) Soft: 176 encountered, 94 discovered, 0 enqueued
[2025-12-18T08:25:30.575+0530][info][gc,ref      ] GC(293) Weak: 601 encountered, 8 discovered, 0 enqueued
[2025-12-18T08:25:30.575+0530][info][gc,ref      ] GC(293) Final: 0 encountered, 0 discovered, 0 enqueued
[2025-12-18T08:25:30.575+0530][info][gc,ref      ] GC(293) Phantom: 8 encountered, 7 discovered, 0 enqueued
[2025-12-18T08:25:30.575+0530][info][gc,reloc    ] GC(293) Small Pages: 208 / 416M, Empty: 128M, Relocated: 1M, In-Place: 0
[2025-12-18T08:25:30.575+0530][info][gc,reloc    ] GC(293) Medium Pages: 1 / 16M, Empty: 0M, Relocated: 0M, In-Place: 0
[2025-12-18T08:25:30.575+0530][info][gc,reloc    ] GC(293) Large Pages: 1 / 6M, Empty: 0M, Relocated: 0M, In-Place: 0
[2025-12-18T08:25:30.575+0530][info][gc,reloc    ] GC(293) Forwarding Usage: 0M
[2025-12-18T08:25:30.575+0530][info][gc,heap     ] GC(293) Min Capacity: 512M(100%)
[2025-12-18T08:25:30.575+0530][info][gc,heap     ] GC(293) Max Capacity: 512M(100%)
[2025-12-18T08:25:30.575+0530][info][gc,heap     ] GC(293) Soft Max Capacity: 512M(100%)
[2025-12-18T08:25:30.575+0530][info][gc,heap     ] GC(293)                Mark Start          Mark End        Relocate Start      Relocate End           High               Low         
[2025-12-18T08:25:30.575+0530][info][gc,heap     ] GC(293)  Capacity:      512M (100%)        512M (100%)        512M (100%)        512M (100%)        512M (100%)        512M (100%)   
[2025-12-18T08:25:30.575+0530][info][gc,heap     ] GC(293)      Free:       74M (14%)           0M (0%)          112M (22%)         152M (30%)         152M (30%)           0M (0%)     
[2025-12-18T08:25:30.575+0530][info][gc,heap     ] GC(293)      Used:      438M (86%)         512M (100%)        400M (78%)         360M (70%)         512M (100%)        360M (70%)    
[2025-12-18T08:25:30.575+0530][info][gc,heap     ] GC(293)      Live:         -               248M (48%)         248M (48%)         248M (48%)            -                  -          
[2025-12-18T08:25:30.575+0530][info][gc,heap     ] GC(293) Allocated:         -                74M (14%)          90M (18%)          91M (18%)            -                  -          
[2025-12-18T08:25:30.575+0530][info][gc,heap     ] GC(293)   Garbage:         -               189M (37%)          61M (12%)          19M (4%)             -                  -          
[2025-12-18T08:25:30.575+0530][info][gc,heap     ] GC(293) Reclaimed:         -                  -               128M (25%)         169M (33%)            -                  -          
[2025-12-18T08:25:30.575+0530][info][gc          ] GC(293) Garbage Collection (Allocation Stall) 438M(86%)->360M(70%)
[2025-12-18T08:25:30.617+0530][info][gc,start    ] GC(294) Garbage Collection (Allocation Stall)
[2025-12-18T08:25:30.617+0530][info][gc,ref      ] GC(294) Clearing All SoftReferences
[2025-12-18T08:25:30.617+0530][info][gc,task     ] GC(294) Using 2 workers
[2025-12-18T08:25:30.617+0530][info][gc,ref      ] GC(294) Clearing All SoftReferences
[2025-12-18T08:25:30.617+0530][info][gc,phases   ] GC(294) Pause Mark Start 0.058ms
[2025-12-18T08:25:30.758+0530][info][gc,phases   ] GC(294) Concurrent Mark 129.529ms
[2025-12-18T08:25:30.758+0530][info][gc,phases   ] GC(294) Pause Mark End 0.018ms
[2025-12-18T08:25:30.758+0530][info][gc,phases   ] GC(294) Concurrent Mark Free 0.002ms
[2025-12-18T08:25:30.760+0530][info][gc,phases   ] GC(294) Concurrent Process Non-Strong References 1.232ms
[2025-12-18T08:25:30.760+0530][info][gc,phases   ] GC(294) Concurrent Reset Relocation Set 0.004ms
[2025-12-18T08:25:30.760+0530][info][gc          ] Allocation Stall (Worker-6) 64.651ms
[2025-12-18T08:25:30.760+0530][info][gc          ] Allocation Stall (Worker-5) 64.176ms
[2025-12-18T08:25:30.760+0530][info][gc          ] Allocation Stall (Worker-7) 74.972ms
[2025-12-18T08:25:30.760+0530][info][gc          ] Allocation Stall (Worker-2) 71.706ms
[2025-12-18T08:25:30.760+0530][info][gc          ] Allocation Stall (Worker-1) 64.071ms
[2025-12-18T08:25:30.760+0530][info][gc          ] Allocation Stall (Worker-4) 73.609ms
[2025-12-18T08:25:30.760+0530][info][gc          ] Allocation Stall (Worker-0) 68.683ms
[2025-12-18T08:25:30.760+0530][info][gc          ] Allocation Stall (Worker-3) 64.777ms
[2025-12-18T08:25:30.763+0530][info][gc,phases   ] GC(294) Concurrent Select Relocation Set 3.636ms
[2025-12-18T08:25:30.763+0530][info][gc,phases   ] GC(294) Pause Relocate Start 0.011ms
[2025-12-18T08:25:30.776+0530][info][gc,phases   ] GC(294) Concurrent Relocate 1.698ms
[2025-12-18T08:25:30.777+0530][info][gc,load     ] GC(294) Load: 0.00/0.00/0.00
[2025-12-18T08:25:30.777+0530][info][gc,mmu      ] GC(294) MMU: 2ms/54.5%, 5ms/81.8%, 10ms/90.8%, 20ms/95.4%, 50ms/98.2%, 100ms/99.0%
[2025-12-18T08:25:30.777+0530][info][gc,marking  ] GC(294) Mark: 2 stripe(s), 2 proactive flush(es), 1 terminate flush(es), 0 completion(s), 0 continuation(s) 
[2025-12-18T08:25:30.777+0530][info][gc,marking  ] GC(294) Mark Stack Usage: 32M
[2025-12-18T08:25:30.777+0530][info][gc,nmethod  ] GC(294) NMethods: 748 registered, 7 unregistered
[2025-12-18T08:25:30.777+0530][info][gc,metaspace] GC(294) Metaspace: 4M used, 4M committed, 1088M reserved
[2025-12-18T08:25:30.777+0530][info][gc,ref      ] GC(294) Soft: 176 encountered, 88 discovered, 0 enqueued
[2025-12-18T08:25:30.777+0530][info][gc,ref      ] GC(294) Weak: 601 encountered, 440 discovered, 0 enqueued
[2025-12-18T08:25:30.777+0530][info][gc,ref      ] GC(294) Final: 0 encountered, 0 discovered, 0 enqueued
[2025-12-18T08:25:30.777+0530][info][gc,ref      ] GC(294) Phantom: 8 encountered, 4 discovered, 0 enqueued
[2025-12-18T08:25:30.777+0530][info][gc,reloc    ] GC(294) Small Pages: 204 / 408M, Empty: 130M, Relocated: 1M, In-Place: 0
[2025-12-18T08:25:30.777+0530][info][gc,reloc    ] GC(294) Medium Pages: 1 / 16M, Empty: 0M, Relocated: 0M, In-Place: 0
[2025-12-18T08:25:30.777+0530][info][gc,reloc    ] GC(294) Large Pages: 1 / 6M, Empty: 0M, Relocated: 0M, In-Place: 0
[2025-12-18T08:25:30.777+0530][info][gc,reloc    ] GC(294) Forwarding Usage: 0M
[2025-12-18T08:25:30.777+0530][info][gc,heap     ] GC(294) Min Capacity: 512M(100%)
[2025-12-18T08:25:30.777+0530][info][gc,heap     ] GC(294) Max Capacity: 512M(100%)
[2025-12-18T08:25:30.777+0530][info][gc,heap     ] GC(294) Soft Max Capacity: 512M(100%)
[2025-12-18T08:25:30.777+0530][info][gc,heap     ] GC(294)                Mark Start          Mark End        Relocate Start      Relocate End           High               Low         
[2025-12-18T08:25:30.777+0530][info][gc,heap     ] GC(294)  Capacity:      512M (100%)        512M (100%)        512M (100%)        512M (100%)        512M (100%)        512M (100%)   
[2025-12-18T08:25:30.777+0530][info][gc,heap     ] GC(294)      Free:       82M (16%)           0M (0%)          116M (23%)         134M (26%)         134M (26%)           0M (0%)     
[2025-12-18T08:25:30.777+0530][info][gc,heap     ] GC(294)      Used:      430M (84%)         512M (100%)        396M (77%)         378M (74%)         512M (100%)        378M (74%)    
[2025-12-18T08:25:30.777+0530][info][gc,heap     ] GC(294)      Live:         -               248M (48%)         248M (48%)         248M (48%)            -                  -          
[2025-12-18T08:25:30.777+0530][info][gc,heap     ] GC(294) Allocated:         -                82M (16%)          96M (19%)         109M (21%)            -                  -          
[2025-12-18T08:25:30.778+0530][info][gc,heap     ] GC(294)   Garbage:         -               181M (36%)          51M (10%)          19M (4%)             -                  -          
[2025-12-18T08:25:30.778+0530][info][gc,heap     ] GC(294) Reclaimed:         -                  -               130M (25%)         161M (32%)            -                  -          
[2025-12-18T08:25:30.778+0530][info][gc          ] GC(294) Garbage Collection (Allocation Stall) 430M(84%)->378M(74%)
[2025-12-18T08:25:30.817+0530][info][gc,start    ] GC(295) Garbage Collection (Allocation Stall)
[2025-12-18T08:25:30.817+0530][info][gc,ref      ] GC(295) Clearing All SoftReferences
[2025-12-18T08:25:30.817+0530][info][gc,task     ] GC(295) Using 2 workers
[2025-12-18T08:25:30.817+0530][info][gc,ref      ] GC(295) Clearing All SoftReferences
[2025-12-18T08:25:30.817+0530][info][gc,phases   ] GC(295) Pause Mark Start 0.089ms
[2025-12-18T08:25:30.952+0530][info][gc,phases   ] GC(295) Concurrent Mark 126.387ms
[2025-12-18T08:25:30.952+0530][info][gc,phases   ] GC(295) Pause Mark End 0.021ms
[2025-12-18T08:25:30.952+0530][info][gc,phases   ] GC(295) Concurrent Mark Free 0.001ms
[2025-12-18T08:25:30.953+0530][info][gc,phases   ] GC(295) Concurrent Process Non-Strong References 1.188ms
[2025-12-18T08:25:30.953+0530][info][gc,phases   ] GC(295) Concurrent Reset Relocation Set 0.009ms
[2025-12-18T08:25:30.953+0530][info][gc          ] Allocation Stall (Worker-1) 69.876ms
[2025-12-18T08:25:30.953+0530][info][gc          ] Allocation Stall (Worker-0) 67.276ms
[2025-12-18T08:25:30.953+0530][info][gc          ] Allocation Stall (Worker-4) 66.369ms
[2025-12-18T08:25:30.953+0530][info][gc          ] Allocation Stall (Worker-7) 75.463ms
[2025-12-18T08:25:30.953+0530][info][gc          ] Allocation Stall (Worker-2) 77.465ms
[2025-12-18T08:25:30.953+0530][info][gc          ] Allocation Stall (Worker-6) 74.564ms
[2025-12-18T08:25:30.953+0530][info][gc          ] Allocation Stall (Worker-3) 73.367ms
[2025-12-18T08:25:30.953+0530][info][gc          ] Allocation Stall (Worker-5) 68.294ms
[2025-12-18T08:25:30.957+0530][info][gc,phases   ] GC(295) Concurrent Select Relocation Set 3.613ms
[2025-12-18T08:25:30.957+0530][info][gc,phases   ] GC(295) Pause Relocate Start 0.010ms
[2025-12-18T08:25:30.964+0530][info][gc,phases   ] GC(295) Concurrent Relocate 1.941ms
[2025-12-18T08:25:30.964+0530][info][gc,load     ] GC(295) Load: 0.00/0.00/0.00
[2025-12-18T08:25:30.964+0530][info][gc,mmu      ] GC(295) MMU: 2ms/54.5%, 5ms/81.8%, 10ms/90.8%, 20ms/95.4%, 50ms/98.2%, 100ms/99.0%
[2025-12-18T08:25:30.964+0530][info][gc,marking  ] GC(295) Mark: 2 stripe(s), 2 proactive flush(es), 1 terminate flush(es), 0 completion(s), 0 continuation(s) 
[2025-12-18T08:25:30.964+0530][info][gc,marking  ] GC(295) Mark Stack Usage: 32M
[2025-12-18T08:25:30.964+0530][info][gc,nmethod  ] GC(295) NMethods: 748 registered, 7 unregistered
[2025-12-18T08:25:30.964+0530][info][gc,metaspace] GC(295) Metaspace: 4M used, 4M committed, 1088M reserved
[2025-12-18T08:25:30.964+0530][info][gc,ref      ] GC(295) Soft: 176 encountered, 89 discovered, 0 enqueued
[2025-12-18T08:25:30.964+0530][info][gc,ref      ] GC(295) Weak: 601 encountered, 410 discovered, 0 enqueued
[2025-12-18T08:25:30.964+0530][info][gc,ref      ] GC(295) Final: 0 encountered, 0 discovered, 0 enqueued
[2025-12-18T08:25:30.964+0530][info][gc,ref      ] GC(295) Phantom: 8 encountered, 6 discovered, 0 enqueued
[2025-12-18T08:25:30.964+0530][info][gc,reloc    ] GC(295) Small Pages: 210 / 420M, Empty: 132M, Relocated: 1M, In-Place: 0
[2025-12-18T08:25:30.964+0530][info][gc,reloc    ] GC(295) Medium Pages: 1 / 16M, Empty: 0M, Relocated: 0M, In-Place: 0
[2025-12-18T08:25:30.964+0530][info][gc,reloc    ] GC(295) Large Pages: 1 / 6M, Empty: 0M, Relocated: 0M, In-Place: 0
[2025-12-18T08:25:30.964+0530][info][gc,reloc    ] GC(295) Forwarding Usage: 0M
[2025-12-18T08:25:30.964+0530][info][gc,heap     ] GC(295) Min Capacity: 512M(100%)
[2025-12-18T08:25:30.964+0530][info][gc,heap     ] GC(295) Max Capacity: 512M(100%)
[2025-12-18T08:25:30.964+0530][info][gc,heap     ] GC(295) Soft Max Capacity: 512M(100%)
[2025-12-18T08:25:30.964+0530][info][gc,heap     ] GC(295)                Mark Start          Mark End        Relocate Start      Relocate End           High               Low         
[2025-12-18T08:25:30.964+0530][info][gc,heap     ] GC(295)  Capacity:      512M (100%)        512M (100%)        512M (100%)        512M (100%)        512M (100%)        512M (100%)   
[2025-12-18T08:25:30.964+0530][info][gc,heap     ] GC(295)      Free:       70M (14%)           0M (0%)          120M (23%)         158M (31%)         158M (31%)           0M (0%)     
[2025-12-18T08:25:30.965+0530][info][gc,heap     ] GC(295)      Used:      442M (86%)         512M (100%)        392M (77%)         354M (69%)         512M (100%)        354M (69%)    
[2025-12-18T08:25:30.965+0530][info][gc,heap     ] GC(295)      Live:         -               248M (48%)         248M (48%)         248M (48%)            -                  -          
[2025-12-18T08:25:30.965+0530][info][gc,heap     ] GC(295) Allocated:         -                70M (14%)          82M (16%)          85M (17%)            -                  -          
[2025-12-18T08:25:30.965+0530][info][gc,heap     ] GC(295)   Garbage:         -               193M (38%)          61M (12%)          19M (4%)             -                  -          
[2025-12-18T08:25:30.965+0530][info][gc,heap     ] GC(295) Reclaimed:         -                  -               132M (26%)         173M (34%)            -                  -          
[2025-12-18T08:25:30.965+0530][info][gc          ] GC(295) Garbage Collection (Allocation Stall) 442M(86%)->354M(69%)
[2025-12-18T08:25:31.017+0530][info][gc,start    ] GC(296) Garbage Collection (Allocation Stall)
[2025-12-18T08:25:31.017+0530][info][gc,ref      ] GC(296) Clearing All SoftReferences
[2025-12-18T08:25:31.017+0530][info][gc,task     ] GC(296) Using 2 workers
[2025-12-18T08:25:31.017+0530][info][gc,ref      ] GC(296) Clearing All SoftReferences
[2025-12-18T08:25:31.017+0530][info][gc,phases   ] GC(296) Pause Mark Start 0.057ms
[2025-12-18T08:25:31.154+0530][info][gc,phases   ] GC(296) Concurrent Mark 135.403ms
[2025-12-18T08:25:31.154+0530][info][gc,phases   ] GC(296) Pause Mark End 0.019ms
[2025-12-18T08:25:31.154+0530][info][gc,phases   ] GC(296) Concurrent Mark Free 0.001ms
[2025-12-18T08:25:31.155+0530][info][gc,phases   ] GC(296) Concurrent Process Non-Strong References 1.104ms
[2025-12-18T08:25:31.155+0530][info][gc,phases   ] GC(296) Concurrent Reset Relocation Set 0.003ms
[2025-12-18T08:25:31.158+0530][info][gc          ] Allocation Stall (Worker-1) 56.509ms
[2025-12-18T08:25:31.158+0530][info][gc          ] Allocation Stall (Worker-7) 56.281ms
[2025-12-18T08:25:31.158+0530][info][gc          ] Allocation Stall (Worker-5) 56.271ms
[2025-12-18T08:25:31.158+0530][info][gc          ] Allocation Stall (Worker-2) 58.520ms
[2025-12-18T08:25:31.158+0530][info][gc          ] Allocation Stall (Worker-4) 58.453ms
[2025-12-18T08:25:31.158+0530][info][gc          ] Allocation Stall (Worker-3) 57.289ms
[2025-12-18T08:25:31.158+0530][info][gc          ] Allocation Stall (Worker-0) 57.987ms
[2025-12-18T08:25:31.158+0530][info][gc          ] Allocation Stall (Worker-6) 57.834ms
[2025-12-18T08:25:31.158+0530][info][gc,phases   ] GC(296) Concurrent Select Relocation Set 3.106ms
[2025-12-18T08:25:31.159+0530][info][gc,phases   ] GC(296) Pause Relocate Start 0.011ms
[2025-12-18T08:25:31.193+0530][info][gc,phases   ] GC(296) Concurrent Relocate 1.799ms
[2025-12-18T08:25:31.193+0530][info][gc,load     ] GC(296) Load: 0.00/0.00/0.00
[2025-12-18T08:25:31.193+0530][info][gc,mmu      ] GC(296) MMU: 2ms/54.5%, 5ms/81.8%, 10ms/90.8%, 20ms/95.4%, 50ms/98.2%, 100ms/99.0%
[2025-12-18T08:25:31.193+0530][info][gc,marking  ] GC(296) Mark: 2 stripe(s), 2 proactive flush(es), 1 terminate flush(es), 0 completion(s), 0 continuation(s) 
[2025-12-18T08:25:31.193+0530][info][gc,marking  ] GC(296) Mark Stack Usage: 32M
[2025-12-18T08:25:31.193+0530][info][gc,nmethod  ] GC(296) NMethods: 748 registered, 7 unregistered
[2025-12-18T08:25:31.193+0530][info][gc,metaspace] GC(296) Metaspace: 4M used, 4M committed, 1088M reserved
[2025-12-18T08:25:31.193+0530][info][gc,ref      ] GC(296) Soft: 176 encountered, 88 discovered, 0 enqueued
[2025-12-18T08:25:31.193+0530][info][gc,ref      ] GC(296) Weak: 601 encountered, 4 discovered, 0 enqueued
[2025-12-18T08:25:31.193+0530][info][gc,ref      ] GC(296) Final: 0 encountered, 0 discovered, 0 enqueued
[2025-12-18T08:25:31.193+0530][info][gc,ref      ] GC(296) Phantom: 8 encountered, 3 discovered, 0 enqueued
[2025-12-18T08:25:31.193+0530][info][gc,reloc    ] GC(296) Small Pages: 204 / 408M, Empty: 126M, Relocated: 1M, In-Place: 0
[2025-12-18T08:25:31.193+0530][info][gc,reloc    ] GC(296) Medium Pages: 1 / 16M, Empty: 0M, Relocated: 0M, In-Place: 0
[2025-12-18T08:25:31.193+0530][info][gc,reloc    ] GC(296) Large Pages: 1 / 6M, Empty: 0M, Relocated: 0M, In-Place: 0
[2025-12-18T08:25:31.193+0530][info][gc,reloc    ] GC(296) Forwarding Usage: 0M
[2025-12-18T08:25:31.193+0530][info][gc,heap     ] GC(296) Min Capacity: 512M(100%)
[2025-12-18T08:25:31.193+0530][info][gc,heap     ] GC(296) Max Capacity: 512M(100%)
[2025-12-18T08:25:31.193+0530][info][gc,heap     ] GC(296) Soft Max Capacity: 512M(100%)
[2025-12-18T08:25:31.193+0530][info][gc,heap     ] GC(296)                Mark Start          Mark End        Relocate Start      Relocate End           High               Low         
[2025-12-18T08:25:31.193+0530][info][gc,heap     ] GC(296)  Capacity:      512M (100%)        512M (100%)        512M (100%)        512M (100%)        512M (100%)        512M (100%)   
[2025-12-18T08:25:31.193+0530][info][gc,heap     ] GC(296)      Free:       82M (16%)           0M (0%)          112M (22%)         120M (23%)         126M (25%)           0M (0%)     
[2025-12-18T08:25:31.193+0530][info][gc,heap     ] GC(296)      Used:      430M (84%)         512M (100%)        400M (78%)         392M (77%)         512M (100%)        386M (75%)    
[2025-12-18T08:25:31.193+0530][info][gc,heap     ] GC(296)      Live:         -               248M (48%)         248M (48%)         248M (48%)            -                  -          
[2025-12-18T08:25:31.193+0530][info][gc,heap     ] GC(296) Allocated:         -                82M (16%)          96M (19%)         123M (24%)            -                  -          
[2025-12-18T08:25:31.193+0530][info][gc,heap     ] GC(296)   Garbage:         -               181M (36%)          55M (11%)          19M (4%)             -                  -          
[2025-12-18T08:25:31.193+0530][info][gc,heap     ] GC(296) Reclaimed:         -                  -               126M (25%)         161M (32%)            -                  -          
[2025-12-18T08:25:31.193+0530][info][gc          ] GC(296) Garbage Collection (Allocation Stall) 430M(84%)->392M(77%)
[2025-12-18T08:25:31.217+0530][info][gc,start    ] GC(297) Garbage Collection (Allocation Stall)
[2025-12-18T08:25:31.217+0530][info][gc,ref      ] GC(297) Clearing All SoftReferences
[2025-12-18T08:25:31.217+0530][info][gc,task     ] GC(297) Using 2 workers
[2025-12-18T08:25:31.217+0530][info][gc,ref      ] GC(297) Clearing All SoftReferences
[2025-12-18T08:25:31.217+0530][info][gc,phases   ] GC(297) Pause Mark Start 0.060ms
[2025-12-18T08:25:31.352+0530][info][gc,phases   ] GC(297) Concurrent Mark 130.710ms
[2025-12-18T08:25:31.352+0530][info][gc,phases   ] GC(297) Pause Mark End 0.019ms
[2025-12-18T08:25:31.352+0530][info][gc,phases   ] GC(297) Concurrent Mark Free 0.001ms
[2025-12-18T08:25:31.353+0530][info][gc,phases   ] GC(297) Concurrent Process Non-Strong References 1.246ms
[2025-12-18T08:25:31.353+0530][info][gc,phases   ] GC(297) Concurrent Reset Relocation Set 0.002ms
[2025-12-18T08:25:31.356+0530][info][gc          ] Allocation Stall (Worker-1) 69.036ms
[2025-12-18T08:25:31.356+0530][info][gc          ] Allocation Stall (Worker-5) 64.282ms
[2025-12-18T08:25:31.356+0530][info][gc          ] Allocation Stall (Worker-7) 67.281ms
[2025-12-18T08:25:31.356+0530][info][gc          ] Allocation Stall (Worker-6) 69.870ms
[2025-12-18T08:25:31.356+0530][info][gc          ] Allocation Stall (Worker-2) 69.220ms
[2025-12-18T08:25:31.356+0530][info][gc          ] Allocation Stall (Worker-3) 75.795ms
[2025-12-18T08:25:31.356+0530][info][gc          ] Allocation Stall (Worker-4) 75.318ms
[2025-12-18T08:25:31.356+0530][info][gc          ] Allocation Stall (Worker-0) 69.458ms
[2025-12-18T08:25:31.356+0530][info][gc,phases   ] GC(297) Concurrent Select Relocation Set 3.046ms
[2025-12-18T08:25:31.357+0530][info][gc,phases   ] GC(297) Pause Relocate Start 0.012ms
[2025-12-18T08:25:31.370+0530][info][gc,phases   ] GC(297) Concurrent Relocate 1.835ms
[2025-12-18T08:25:31.371+0530][info][gc,load     ] GC(297) Load: 0.00/0.00/0.00
[2025-12-18T08:25:31.371+0530][info][gc,mmu      ] GC(297) MMU: 2ms/54.5%, 5ms/81.8%, 10ms/90.8%, 20ms/95.4%, 50ms/98.2%, 100ms/99.0%
[2025-12-18T08:25:31.371+0530][info][gc,marking  ] GC(297) Mark: 2 stripe(s), 2 proactive flush(es), 1 terminate flush(es), 0 completion(s), 0 continuation(s) 
[2025-12-18T08:25:31.371+0530][info][gc,marking  ] GC(297) Mark Stack Usage: 32M
[2025-12-18T08:25:31.371+0530][info][gc,nmethod  ] GC(297) NMethods: 748 registered, 7 unregistered
[2025-12-18T08:25:31.371+0530][info][gc,metaspace] GC(297) Metaspace: 4M used, 4M committed, 1088M reserved
[2025-12-18T08:25:31.371+0530][info][gc,ref      ] GC(297) Soft: 176 encountered, 90 discovered, 0 enqueued
[2025-12-18T08:25:31.371+0530][info][gc,ref      ] GC(297) Weak: 601 encountered, 389 discovered, 0 enqueued
[2025-12-18T08:25:31.371+0530][info][gc,ref      ] GC(297) Final: 0 encountered, 0 discovered, 0 enqueued
[2025-12-18T08:25:31.371+0530][info][gc,ref      ] GC(297) Phantom: 8 encountered, 6 discovered, 0 enqueued
[2025-12-18T08:25:31.371+0530][info][gc,reloc    ] GC(297) Small Pages: 208 / 416M, Empty: 110M, Relocated: 1M, In-Place: 0
[2025-12-18T08:25:31.371+0530][info][gc,reloc    ] GC(297) Medium Pages: 1 / 16M, Empty: 0M, Relocated: 0M, In-Place: 0
[2025-12-18T08:25:31.371+0530][info][gc,reloc    ] GC(297) Large Pages: 1 / 6M, Empty: 0M, Relocated: 0M, In-Place: 0
[2025-12-18T08:25:31.371+0530][info][gc,reloc    ] GC(297) Forwarding Usage: 0M
[2025-12-18T08:25:31.371+0530][info][gc,heap     ] GC(297) Min Capacity: 512M(100%)
[2025-12-18T08:25:31.371+0530][info][gc,heap     ] GC(297) Max Capacity: 512M(100%)
[2025-12-18T08:25:31.371+0530][info][gc,heap     ] GC(297) Soft Max Capacity: 512M(100%)
[2025-12-18T08:25:31.371+0530][info][gc,heap     ] GC(297)                Mark Start          Mark End        Relocate Start      Relocate End           High               Low         
[2025-12-18T08:25:31.371+0530][info][gc,heap     ] GC(297)  Capacity:      512M (100%)        512M (100%)        512M (100%)        512M (100%)        512M (100%)        512M (100%)   
[2025-12-18T08:25:31.371+0530][info][gc,heap     ] GC(297)      Free:       74M (14%)           0M (0%)           96M (19%)         144M (28%)         146M (29%)           0M (0%)     
[2025-12-18T08:25:31.371+0530][info][gc,heap     ] GC(297)      Used:      438M (86%)         512M (100%)        416M (81%)         368M (72%)         512M (100%)        366M (71%)    
[2025-12-18T08:25:31.371+0530][info][gc,heap     ] GC(297)      Live:         -               248M (48%)         248M (48%)         248M (48%)            -                  -          
[2025-12-18T08:25:31.371+0530][info][gc,heap     ] GC(297) Allocated:         -                74M (14%)          88M (17%)          99M (20%)            -                  -          
[2025-12-18T08:25:31.371+0530][info][gc,heap     ] GC(297)   Garbage:         -               189M (37%)          79M (16%)          19M (4%)             -                  -          
[2025-12-18T08:25:31.371+0530][info][gc,heap     ] GC(297) Reclaimed:         -                  -               110M (21%)         169M (33%)            -                  -          
[2025-12-18T08:25:31.371+0530][info][gc          ] GC(297) Garbage Collection (Allocation Stall) 438M(86%)->368M(72%)
[2025-12-18T08:25:31.417+0530][info][gc,start    ] GC(298) Garbage Collection (Allocation Stall)
[2025-12-18T08:25:31.417+0530][info][gc,ref      ] GC(298) Clearing All SoftReferences
[2025-12-18T08:25:31.417+0530][info][gc,task     ] GC(298) Using 2 workers
[2025-12-18T08:25:31.417+0530][info][gc,ref      ] GC(298) Clearing All SoftReferences
[2025-12-18T08:25:31.417+0530][info][gc,phases   ] GC(298) Pause Mark Start 0.060ms
[2025-12-18T08:25:31.537+0530][info][gc,phases   ] GC(298) Concurrent Mark 114.579ms
[2025-12-18T08:25:31.537+0530][info][gc,phases   ] GC(298) Pause Mark End 0.021ms
[2025-12-18T08:25:31.537+0530][info][gc,phases   ] GC(298) Concurrent Mark Free 0.002ms
[2025-12-18T08:25:31.538+0530][info][gc,phases   ] GC(298) Concurrent Process Non-Strong References 1.154ms
[2025-12-18T08:25:31.538+0530][info][gc,phases   ] GC(298) Concurrent Reset Relocation Set 0.005ms
[2025-12-18T08:25:31.541+0530][info][gc          ] Allocation Stall (Worker-7) 48.317ms
[2025-12-18T08:25:31.541+0530][info][gc          ] Allocation Stall (Worker-6) 45.356ms
[2025-12-18T08:25:31.541+0530][info][gc          ] Allocation Stall (Worker-1) 45.094ms
[2025-12-18T08:25:31.541+0530][info][gc          ] Allocation Stall (Worker-3) 55.395ms
[2025-12-18T08:25:31.541+0530][info][gc          ] Allocation Stall (Worker-4) 53.872ms
[2025-12-18T08:25:31.541+0530][info][gc          ] Allocation Stall (Worker-5) 50.139ms
[2025-12-18T08:25:31.541+0530][info][gc          ] Allocation Stall (Worker-0) 53.994ms
[2025-12-18T08:25:31.541+0530][info][gc          ] Allocation Stall (Worker-2) 55.930ms
[2025-12-18T08:25:31.541+0530][info][gc,phases   ] GC(298) Concurrent Select Relocation Set 3.046ms
[2025-12-18T08:25:31.542+0530][info][gc,phases   ] GC(298) Pause Relocate Start 0.009ms
[2025-12-18T08:25:31.550+0530][info][gc,phases   ] GC(298) Concurrent Relocate 1.688ms
[2025-12-18T08:25:31.550+0530][info][gc,load     ] GC(298) Load: 0.00/0.00/0.00
[2025-12-18T08:25:31.550+0530][info][gc,mmu      ] GC(298) MMU: 2ms/54.5%, 5ms/81.8%, 10ms/90.8%, 20ms/95.4%, 50ms/98.2%, 100ms/99.0%
[2025-12-18T08:25:31.550+0530][info][gc,marking  ] GC(298) Mark: 2 stripe(s), 2 proactive flush(es), 1 terminate flush(es), 0 completion(s), 0 continuation(s) 
[2025-12-18T08:25:31.550+0530][info][gc,marking  ] GC(298) Mark Stack Usage: 32M
[2025-12-18T08:25:31.550+0530][info][gc,nmethod  ] GC(298) NMethods: 748 registered, 7 unregistered
[2025-12-18T08:25:31.551+0530][info][gc,metaspace] GC(298) Metaspace: 4M used, 4M committed, 1088M reserved
[2025-12-18T08:25:31.551+0530][info][gc,ref      ] GC(298) Soft: 176 encountered, 96 discovered, 0 enqueued
[2025-12-18T08:25:31.551+0530][info][gc,ref      ] GC(298) Weak: 601 encountered, 355 discovered, 0 enqueued
[2025-12-18T08:25:31.551+0530][info][gc,ref      ] GC(298) Final: 0 encountered, 0 discovered, 0 enqueued
[2025-12-18T08:25:31.551+0530][info][gc,ref      ] GC(298) Phantom: 8 encountered, 4 discovered, 0 enqueued
[2025-12-18T08:25:31.551+0530][info][gc,reloc    ] GC(298) Small Pages: 206 / 412M, Empty: 126M, Relocated: 1M, In-Place: 0
[2025-12-18T08:25:31.551+0530][info][gc,reloc    ] GC(298) Medium Pages: 1 / 16M, Empty: 0M, Relocated: 0M, In-Place: 0
[2025-12-18T08:25:31.551+0530][info][gc,reloc    ] GC(298) Large Pages: 1 / 6M, Empty: 0M, Relocated: 0M, In-Place: 0
[2025-12-18T08:25:31.551+0530][info][gc,reloc    ] GC(298) Forwarding Usage: 0M
[2025-12-18T08:25:31.551+0530][info][gc,heap     ] GC(298) Min Capacity: 512M(100%)
[2025-12-18T08:25:31.551+0530][info][gc,heap     ] GC(298) Max Capacity: 512M(100%)
[2025-12-18T08:25:31.551+0530][info][gc,heap     ] GC(298) Soft Max Capacity: 512M(100%)
[2025-12-18T08:25:31.551+0530][info][gc,heap     ] GC(298)                Mark Start          Mark End        Relocate Start      Relocate End           High               Low         
[2025-12-18T08:25:31.551+0530][info][gc,heap     ] GC(298)  Capacity:      512M (100%)        512M (100%)        512M (100%)        512M (100%)        512M (100%)        512M (100%)   
[2025-12-18T08:25:31.551+0530][info][gc,heap     ] GC(298)      Free:       78M (15%)           0M (0%)          112M (22%)         152M (30%)         152M (30%)           0M (0%)     
[2025-12-18T08:25:31.551+0530][info][gc,heap     ] GC(298)      Used:      434M (85%)         512M (100%)        400M (78%)         360M (70%)         512M (100%)        360M (70%)    
[2025-12-18T08:25:31.551+0530][info][gc,heap     ] GC(298)      Live:         -               248M (48%)         248M (48%)         248M (48%)            -                  -          
[2025-12-18T08:25:31.551+0530][info][gc,heap     ] GC(298) Allocated:         -                78M (15%)          92M (18%)          91M (18%)            -                  -          
[2025-12-18T08:25:31.551+0530][info][gc,heap     ] GC(298)   Garbage:         -               185M (36%)          59M (12%)          19M (4%)             -                  -          
[2025-12-18T08:25:31.551+0530][info][gc,heap     ] GC(298) Reclaimed:         -                  -               126M (25%)         165M (32%)            -                  -          
[2025-12-18T08:25:31.551+0530][info][gc          ] GC(298) Garbage Collection (Allocation Stall) 434M(85%)->360M(70%)
[2025-12-18T08:25:31.617+0530][info][gc,start    ] GC(299) Garbage Collection (Allocation Stall)
[2025-12-18T08:25:31.617+0530][info][gc,ref      ] GC(299) Clearing All SoftReferences
[2025-12-18T08:25:31.617+0530][info][gc,task     ] GC(299) Using 2 workers
[2025-12-18T08:25:31.617+0530][info][gc,ref      ] GC(299) Clearing All SoftReferences
[2025-12-18T08:25:31.617+0530][info][gc,phases   ] GC(299) Pause Mark Start 0.094ms
[2025-12-18T08:25:31.747+0530][info][gc,phases   ] GC(299) Concurrent Mark 107.497ms
[2025-12-18T08:25:31.747+0530][info][gc,phases   ] GC(299) Pause Mark End 0.020ms
[2025-12-18T08:25:31.747+0530][info][gc,phases   ] GC(299) Concurrent Mark Free 0.001ms
[2025-12-18T08:25:31.748+0530][info][gc,phases   ] GC(299) Concurrent Process Non-Strong References 1.138ms
[2025-12-18T08:25:31.748+0530][info][gc,phases   ] GC(299) Concurrent Reset Relocation Set 0.003ms
[2025-12-18T08:25:31.748+0530][info][gc          ] Allocation Stall (Worker-3) 85.344ms
[2025-12-18T08:25:31.748+0530][info][gc          ] Allocation Stall (Worker-4) 85.099ms
[2025-12-18T08:25:31.748+0530][info][gc          ] Allocation Stall (Worker-7) 84.503ms
[2025-12-18T08:25:31.748+0530][info][gc          ] Allocation Stall (Worker-5) 87.962ms
[2025-12-18T08:25:31.748+0530][info][gc          ] Allocation Stall (Worker-6) 87.442ms
[2025-12-18T08:25:31.748+0530][info][gc          ] Allocation Stall (Worker-1) 87.780ms
[2025-12-18T08:25:31.748+0530][info][gc          ] Allocation Stall (Worker-2) 87.019ms
[2025-12-18T08:25:31.748+0530][info][gc          ] Allocation Stall (Worker-0) 85.858ms
[2025-12-18T08:25:31.752+0530][info][gc,phases   ] GC(299) Concurrent Select Relocation Set 3.590ms
[2025-12-18T08:25:31.752+0530][info][gc,phases   ] GC(299) Pause Relocate Start 0.011ms
[2025-12-18T08:25:31.757+0530][info][gc,phases   ] GC(299) Concurrent Relocate 1.659ms
[2025-12-18T08:25:31.757+0530][info][gc,load     ] GC(299) Load: 0.00/0.00/0.00
[2025-12-18T08:25:31.757+0530][info][gc,mmu      ] GC(299) MMU: 2ms/54.5%, 5ms/81.8%, 10ms/90.8%, 20ms/95.4%, 50ms/98.2%, 100ms/99.0%
[2025-12-18T08:25:31.757+0530][info][gc,marking  ] GC(299) Mark: 2 stripe(s), 2 proactive flush(es), 1 terminate flush(es), 0 completion(s), 0 continuation(s) 
[2025-12-18T08:25:31.757+0530][info][gc,marking  ] GC(299) Mark Stack Usage: 32M
[2025-12-18T08:25:31.757+0530][info][gc,nmethod  ] GC(299) NMethods: 748 registered, 7 unregistered
[2025-12-18T08:25:31.757+0530][info][gc,metaspace] GC(299) Metaspace: 4M used, 4M committed, 1088M reserved
[2025-12-18T08:25:31.757+0530][info][gc,ref      ] GC(299) Soft: 176 encountered, 90 discovered, 0 enqueued
[2025-12-18T08:25:31.758+0530][info][gc,ref      ] GC(299) Weak: 601 encountered, 389 discovered, 0 enqueued
[2025-12-18T08:25:31.758+0530][info][gc,ref      ] GC(299) Final: 0 encountered, 0 discovered, 0 enqueued
[2025-12-18T08:25:31.758+0530][info][gc,ref      ] GC(299) Phantom: 8 encountered, 3 discovered, 0 enqueued
[2025-12-18T08:25:31.758+0530][info][gc,reloc    ] GC(299) Small Pages: 217 / 434M, Empty: 156M, Relocated: 1M, In-Place: 0
[2025-12-18T08:25:31.758+0530][info][gc,reloc    ] GC(299) Medium Pages: 1 / 16M, Empty: 0M, Relocated: 0M, In-Place: 0
[2025-12-18T08:25:31.758+0530][info][gc,reloc    ] GC(299) Large Pages: 1 / 6M, Empty: 0M, Relocated: 0M, In-Place: 0
[2025-12-18T08:25:31.758+0530][info][gc,reloc    ] GC(299) Forwarding Usage: 0M
[2025-12-18T08:25:31.758+0530][info][gc,heap     ] GC(299) Min Capacity: 512M(100%)
[2025-12-18T08:25:31.758+0530][info][gc,heap     ] GC(299) Max Capacity: 512M(100%)
[2025-12-18T08:25:31.758+0530][info][gc,heap     ] GC(299) Soft Max Capacity: 512M(100%)
[2025-12-18T08:25:31.758+0530][info][gc,heap     ] GC(299)                Mark Start          Mark End        Relocate Start      Relocate End           High               Low         
[2025-12-18T08:25:31.758+0530][info][gc,heap     ] GC(299)  Capacity:      512M (100%)        512M (100%)        512M (100%)        512M (100%)        512M (100%)        512M (100%)   
[2025-12-18T08:25:31.758+0530][info][gc,heap     ] GC(299)      Free:       56M (11%)           0M (0%)          144M (28%)         176M (34%)         176M (34%)           0M (0%)     
[2025-12-18T08:25:31.758+0530][info][gc,heap     ] GC(299)      Used:      456M (89%)         512M (100%)        368M (72%)         336M (66%)         512M (100%)        336M (66%)    
[2025-12-18T08:25:31.758+0530][info][gc,heap     ] GC(299)      Live:         -               248M (48%)         248M (48%)         248M (48%)            -                  -          
[2025-12-18T08:25:31.758+0530][info][gc,heap     ] GC(299) Allocated:         -                56M (11%)          68M (13%)          67M (13%)            -                  -          
[2025-12-18T08:25:31.758+0530][info][gc,heap     ] GC(299)   Garbage:         -               207M (41%)          51M (10%)          19M (4%)             -                  -          
[2025-12-18T08:25:31.758+0530][info][gc,heap     ] GC(299) Reclaimed:         -                  -               156M (30%)         187M (37%)            -                  -          
[2025-12-18T08:25:31.758+0530][info][gc          ] GC(299) Garbage Collection (Allocation Stall) 456M(89%)->336M(66%)
[2025-12-18T08:25:31.817+0530][info][gc,start    ] GC(300) Garbage Collection (Allocation Stall)
[2025-12-18T08:25:31.817+0530][info][gc,ref      ] GC(300) Clearing All SoftReferences
[2025-12-18T08:25:31.817+0530][info][gc,task     ] GC(300) Using 2 workers
[2025-12-18T08:25:31.817+0530][info][gc,ref      ] GC(300) Clearing All SoftReferences
[2025-12-18T08:25:31.817+0530][info][gc,phases   ] GC(300) Pause Mark Start 0.058ms
[2025-12-18T08:25:31.947+0530][info][gc,phases   ] GC(300) Concurrent Mark 127.296ms
[2025-12-18T08:25:31.947+0530][info][gc,phases   ] GC(300) Pause Mark End 0.018ms
[2025-12-18T08:25:31.947+0530][info][gc,phases   ] GC(300) Concurrent Mark Free 0.001ms
[2025-12-18T08:25:31.948+0530][info][gc,phases   ] GC(300) Concurrent Process Non-Strong References 1.160ms
[2025-12-18T08:25:31.948+0530][info][gc,phases   ] GC(300) Concurrent Reset Relocation Set 0.003ms
[2025-12-18T08:25:31.948+0530][info][gc          ] Allocation Stall (Worker-6) 56.158ms
[2025-12-18T08:25:31.948+0530][info][gc          ] Allocation Stall (Worker-2) 55.885ms
[2025-12-18T08:25:31.948+0530][info][gc          ] Allocation Stall (Worker-0) 55.884ms
[2025-12-18T08:25:31.948+0530][info][gc          ] Allocation Stall (Worker-1) 63.829ms
[2025-12-18T08:25:31.948+0530][info][gc          ] Allocation Stall (Worker-4) 62.354ms
[2025-12-18T08:25:31.948+0530][info][gc          ] Allocation Stall (Worker-3) 59.253ms
[2025-12-18T08:25:31.948+0530][info][gc          ] Allocation Stall (Worker-5) 58.538ms
[2025-12-18T08:25:31.948+0530][info][gc          ] Allocation Stall (Worker-7) 57.687ms
[2025-12-18T08:25:31.952+0530][info][gc,phases   ] GC(300) Concurrent Select Relocation Set 3.712ms
[2025-12-18T08:25:31.952+0530][info][gc,phases   ] GC(300) Pause Relocate Start 0.009ms
[2025-12-18T08:25:31.970+0530][info][gc,phases   ] GC(300) Concurrent Relocate 1.759ms
[2025-12-18T08:25:31.970+0530][info][gc,load     ] GC(300) Load: 0.00/0.00/0.00
[2025-12-18T08:25:31.970+0530][info][gc,mmu      ] GC(300) MMU: 2ms/54.5%, 5ms/81.8%, 10ms/90.8%, 20ms/95.4%, 50ms/98.2%, 100ms/99.0%
[2025-12-18T08:25:31.970+0530][info][gc,marking  ] GC(300) Mark: 2 stripe(s), 2 proactive flush(es), 1 terminate flush(es), 0 completion(s), 0 continuation(s) 
[2025-12-18T08:25:31.970+0530][info][gc,marking  ] GC(300) Mark Stack Usage: 32M
[2025-12-18T08:25:31.970+0530][info][gc,nmethod  ] GC(300) NMethods: 748 registered, 7 unregistered
[2025-12-18T08:25:31.970+0530][info][gc,metaspace] GC(300) Metaspace: 4M used, 4M committed, 1088M reserved
[2025-12-18T08:25:31.970+0530][info][gc,ref      ] GC(300) Soft: 176 encountered, 95 discovered, 0 enqueued
[2025-12-18T08:25:31.970+0530][info][gc,ref      ] GC(300) Weak: 601 encountered, 372 discovered, 0 enqueued
[2025-12-18T08:25:31.970+0530][info][gc,ref      ] GC(300) Final: 0 encountered, 0 discovered, 0 enqueued
[2025-12-18T08:25:31.970+0530][info][gc,ref      ] GC(300) Phantom: 8 encountered, 6 discovered, 0 enqueued
[2025-12-18T08:25:31.970+0530][info][gc,reloc    ] GC(300) Small Pages: 205 / 410M, Empty: 132M, Relocated: 1M, In-Place: 0
[2025-12-18T08:25:31.970+0530][info][gc,reloc    ] GC(300) Medium Pages: 1 / 16M, Empty: 0M, Relocated: 0M, In-Place: 0
[2025-12-18T08:25:31.970+0530][info][gc,reloc    ] GC(300) Large Pages: 1 / 6M, Empty: 0M, Relocated: 0M, In-Place: 0
[2025-12-18T08:25:31.970+0530][info][gc,reloc    ] GC(300) Forwarding Usage: 0M
[2025-12-18T08:25:31.970+0530][info][gc,heap     ] GC(300) Min Capacity: 512M(100%)
[2025-12-18T08:25:31.970+0530][info][gc,heap     ] GC(300) Max Capacity: 512M(100%)
[2025-12-18T08:25:31.970+0530][info][gc,heap     ] GC(300) Soft Max Capacity: 512M(100%)
[2025-12-18T08:25:31.970+0530][info][gc,heap     ] GC(300)                Mark Start          Mark End        Relocate Start      Relocate End           High               Low         
[2025-12-18T08:25:31.970+0530][info][gc,heap     ] GC(300)  Capacity:      512M (100%)        512M (100%)        512M (100%)        512M (100%)        512M (100%)        512M (100%)   
[2025-12-18T08:25:31.970+0530][info][gc,heap     ] GC(300)      Free:       80M (16%)           0M (0%)          118M (23%)         136M (27%)         136M (27%)           0M (0%)     
[2025-12-18T08:25:31.970+0530][info][gc,heap     ] GC(300)      Used:      432M (84%)         512M (100%)        394M (77%)         376M (73%)         512M (100%)        376M (73%)    
[2025-12-18T08:25:31.970+0530][info][gc,heap     ] GC(300)      Live:         -               248M (48%)         248M (48%)         248M (48%)            -                  -          
[2025-12-18T08:25:31.970+0530][info][gc,heap     ] GC(300) Allocated:         -                80M (16%)          94M (18%)         107M (21%)            -                  -          
[2025-12-18T08:25:31.970+0530][info][gc,heap     ] GC(300)   Garbage:         -               183M (36%)          51M (10%)          19M (4%)             -                  -          
[2025-12-18T08:25:31.970+0530][info][gc,heap     ] GC(300) Reclaimed:         -                  -               132M (26%)         163M (32%)            -                  -          
[2025-12-18T08:25:31.970+0530][info][gc          ] GC(300) Garbage Collection (Allocation Stall) 432M(84%)->376M(73%)
[2025-12-18T08:25:32.017+0530][info][gc,start    ] GC(301) Garbage Collection (Allocation Stall)
[2025-12-18T08:25:32.017+0530][info][gc,ref      ] GC(301) Clearing All SoftReferences
[2025-12-18T08:25:32.017+0530][info][gc,task     ] GC(301) Using 2 workers
[2025-12-18T08:25:32.017+0530][info][gc,ref      ] GC(301) Clearing All SoftReferences
[2025-12-18T08:25:32.017+0530][info][gc,phases   ] GC(301) Pause Mark Start 0.049ms
[2025-12-18T08:25:32.146+0530][info][gc,phases   ] GC(301) Concurrent Mark 120.424ms
[2025-12-18T08:25:32.146+0530][info][gc,phases   ] GC(301) Pause Mark End 0.020ms
[2025-12-18T08:25:32.146+0530][info][gc,phases   ] GC(301) Concurrent Mark Free 0.001ms
[2025-12-18T08:25:32.147+0530][info][gc,phases   ] GC(301) Concurrent Process Non-Strong References 1.117ms
[2025-12-18T08:25:32.147+0530][info][gc,phases   ] GC(301) Concurrent Reset Relocation Set 0.002ms
[2025-12-18T08:25:32.147+0530][info][gc          ] Allocation Stall (Worker-7) 79.934ms
[2025-12-18T08:25:32.147+0530][info][gc          ] Allocation Stall (Worker-3) 75.909ms
[2025-12-18T08:25:32.147+0530][info][gc          ] Allocation Stall (Worker-6) 74.577ms
[2025-12-18T08:25:32.147+0530][info][gc          ] Allocation Stall (Worker-2) 73.329ms
[2025-12-18T08:25:32.147+0530][info][gc          ] Allocation Stall (Worker-5) 81.980ms
[2025-12-18T08:25:32.147+0530][info][gc          ] Allocation Stall (Worker-4) 81.706ms
[2025-12-18T08:25:32.148+0530][info][gc          ] Allocation Stall (Worker-1) 81.734ms
[2025-12-18T08:25:32.148+0530][info][gc          ] Allocation Stall (Worker-0) 80.682ms
[2025-12-18T08:25:32.150+0530][info][gc,phases   ] GC(301) Concurrent Select Relocation Set 3.638ms
[2025-12-18T08:25:32.150+0530][info][gc,phases   ] GC(301) Pause Relocate Start 0.013ms
[2025-12-18T08:25:32.160+0530][info][gc,phases   ] GC(301) Concurrent Relocate 1.643ms
[2025-12-18T08:25:32.160+0530][info][gc,load     ] GC(301) Load: 0.00/0.00/0.00
[2025-12-18T08:25:32.160+0530][info][gc,mmu      ] GC(301) MMU: 2ms/54.5%, 5ms/81.8%, 10ms/90.8%, 20ms/95.4%, 50ms/98.2%, 100ms/99.0%
[2025-12-18T08:25:32.160+0530][info][gc,marking  ] GC(301) Mark: 2 stripe(s), 2 proactive flush(es), 1 terminate flush(es), 0 completion(s), 0 continuation(s) 
[2025-12-18T08:25:32.160+0530][info][gc,marking  ] GC(301) Mark Stack Usage: 32M
[2025-12-18T08:25:32.160+0530][info][gc,nmethod  ] GC(301) NMethods: 748 registered, 7 unregistered
[2025-12-18T08:25:32.160+0530][info][gc,metaspace] GC(301) Metaspace: 4M used, 4M committed, 1088M reserved
[2025-12-18T08:25:32.160+0530][info][gc,ref      ] GC(301) Soft: 176 encountered, 85 discovered, 0 enqueued
[2025-12-18T08:25:32.161+0530][info][gc,ref      ] GC(301) Weak: 601 encountered, 3 discovered, 0 enqueued
[2025-12-18T08:25:32.161+0530][info][gc,ref      ] GC(301) Final: 0 encountered, 0 discovered, 0 enqueued
[2025-12-18T08:25:32.161+0530][info][gc,ref      ] GC(301) Phantom: 8 encountered, 4 discovered, 0 enqueued
[2025-12-18T08:25:32.161+0530][info][gc,reloc    ] GC(301) Small Pages: 217 / 434M, Empty: 144M, Relocated: 1M, In-Place: 0
[2025-12-18T08:25:32.161+0530][info][gc,reloc    ] GC(301) Medium Pages: 1 / 16M, Empty: 0M, Relocated: 0M, In-Place: 0
[2025-12-18T08:25:32.161+0530][info][gc,reloc    ] GC(301) Large Pages: 1 / 6M, Empty: 0M, Relocated: 0M, In-Place: 0
[2025-12-18T08:25:32.161+0530][info][gc,reloc    ] GC(301) Forwarding Usage: 0M
[2025-12-18T08:25:32.161+0530][info][gc,heap     ] GC(301) Min Capacity: 512M(100%)
[2025-12-18T08:25:32.161+0530][info][gc,heap     ] GC(301) Max Capacity: 512M(100%)
[2025-12-18T08:25:32.161+0530][info][gc,heap     ] GC(301) Soft Max Capacity: 512M(100%)
[2025-12-18T08:25:32.161+0530][info][gc,heap     ] GC(301)                Mark Start          Mark End        Relocate Start      Relocate End           High               Low         
[2025-12-18T08:25:32.161+0530][info][gc,heap     ] GC(301)  Capacity:      512M (100%)        512M (100%)        512M (100%)        512M (100%)        512M (100%)        512M (100%)   
[2025-12-18T08:25:32.161+0530][info][gc,heap     ] GC(301)      Free:       56M (11%)           0M (0%)          130M (25%)         170M (33%)         170M (33%)           0M (0%)     
[2025-12-18T08:25:32.161+0530][info][gc,heap     ] GC(301)      Used:      456M (89%)         512M (100%)        382M (75%)         342M (67%)         512M (100%)        342M (67%)    
[2025-12-18T08:25:32.161+0530][info][gc,heap     ] GC(301)      Live:         -               248M (48%)         248M (48%)         248M (48%)            -                  -          
[2025-12-18T08:25:32.161+0530][info][gc,heap     ] GC(301) Allocated:         -                56M (11%)          70M (14%)          73M (14%)            -                  -          
[2025-12-18T08:25:32.161+0530][info][gc,heap     ] GC(301)   Garbage:         -               207M (41%)          63M (12%)          19M (4%)             -                  -          
[2025-12-18T08:25:32.161+0530][info][gc,heap     ] GC(301) Reclaimed:         -                  -               144M (28%)         187M (37%)            -                  -          
[2025-12-18T08:25:32.161+0530][info][gc          ] GC(301) Garbage Collection (Allocation Stall) 456M(89%)->342M(67%)
[2025-12-18T08:25:32.217+0530][info][gc,start    ] GC(302) Garbage Collection (Allocation Stall)
[2025-12-18T08:25:32.217+0530][info][gc,ref      ] GC(302) Clearing All SoftReferences
[2025-12-18T08:25:32.217+0530][info][gc,task     ] GC(302) Using 2 workers
[2025-12-18T08:25:32.217+0530][info][gc,ref      ] GC(302) Clearing All SoftReferences
[2025-12-18T08:25:32.217+0530][info][gc,phases   ] GC(302) Pause Mark Start 0.060ms
[2025-12-18T08:25:32.361+0530][info][gc,phases   ] GC(302) Concurrent Mark 117.384ms
[2025-12-18T08:25:32.361+0530][info][gc,phases   ] GC(302) Pause Mark End 0.021ms
[2025-12-18T08:25:32.361+0530][info][gc,phases   ] GC(302) Concurrent Mark Free 0.001ms
[2025-12-18T08:25:32.362+0530][info][gc,phases   ] GC(302) Concurrent Process Non-Strong References 1.146ms
[2025-12-18T08:25:32.362+0530][info][gc,phases   ] GC(302) Concurrent Reset Relocation Set 0.003ms
[2025-12-18T08:25:32.362+0530][info][gc          ] Allocation Stall (Worker-7) 80.570ms
[2025-12-18T08:25:32.362+0530][info][gc          ] Allocation Stall (Worker-2) 81.306ms
[2025-12-18T08:25:32.362+0530][info][gc          ] Allocation Stall (Worker-1) 79.347ms
[2025-12-18T08:25:32.362+0530][info][gc          ] Allocation Stall (Worker-6) 88.952ms
[2025-12-18T08:25:32.363+0530][info][gc          ] Allocation Stall (Worker-4) 85.720ms
[2025-12-18T08:25:32.363+0530][info][gc          ] Allocation Stall (Worker-3) 85.688ms
[2025-12-18T08:25:32.363+0530][info][gc          ] Allocation Stall (Worker-5) 81.740ms
[2025-12-18T08:25:32.363+0530][info][gc          ] Allocation Stall (Worker-0) 85.596ms
[2025-12-18T08:25:32.366+0530][info][gc,phases   ] GC(302) Concurrent Select Relocation Set 3.681ms
[2025-12-18T08:25:32.366+0530][info][gc,phases   ] GC(302) Pause Relocate Start 0.013ms
[2025-12-18T08:25:32.380+0530][info][gc,phases   ] GC(302) Concurrent Relocate 1.709ms
[2025-12-18T08:25:32.380+0530][info][gc,load     ] GC(302) Load: 0.00/0.00/0.00
[2025-12-18T08:25:32.380+0530][info][gc,mmu      ] GC(302) MMU: 2ms/54.5%, 5ms/81.8%, 10ms/90.8%, 20ms/95.4%, 50ms/98.2%, 100ms/99.0%
[2025-12-18T08:25:32.381+0530][info][gc,marking  ] GC(302) Mark: 2 stripe(s), 2 proactive flush(es), 1 terminate flush(es), 0 completion(s), 0 continuation(s) 
[2025-12-18T08:25:32.381+0530][info][gc,marking  ] GC(302) Mark Stack Usage: 32M
[2025-12-18T08:25:32.381+0530][info][gc,nmethod  ] GC(302) NMethods: 748 registered, 7 unregistered
[2025-12-18T08:25:32.381+0530][info][gc,metaspace] GC(302) Metaspace: 4M used, 4M committed, 1088M reserved
[2025-12-18T08:25:32.381+0530][info][gc,ref      ] GC(302) Soft: 176 encountered, 92 discovered, 0 enqueued
[2025-12-18T08:25:32.381+0530][info][gc,ref      ] GC(302) Weak: 601 encountered, 9 discovered, 0 enqueued
[2025-12-18T08:25:32.381+0530][info][gc,ref      ] GC(302) Final: 0 encountered, 0 discovered, 0 enqueued
[2025-12-18T08:25:32.381+0530][info][gc,ref      ] GC(302) Phantom: 8 encountered, 5 discovered, 0 enqueued
[2025-12-18T08:25:32.381+0530][info][gc,reloc    ] GC(302) Small Pages: 206 / 412M, Empty: 130M, Relocated: 1M, In-Place: 0
[2025-12-18T08:25:32.381+0530][info][gc,reloc    ] GC(302) Medium Pages: 1 / 16M, Empty: 0M, Relocated: 0M, In-Place: 0
[2025-12-18T08:25:32.381+0530][info][gc,reloc    ] GC(302) Large Pages: 1 / 6M, Empty: 0M, Relocated: 0M, In-Place: 0
[2025-12-18T08:25:32.381+0530][info][gc,reloc    ] GC(302) Forwarding Usage: 0M
[2025-12-18T08:25:32.381+0530][info][gc,heap     ] GC(302) Min Capacity: 512M(100%)
[2025-12-18T08:25:32.381+0530][info][gc,heap     ] GC(302) Max Capacity: 512M(100%)
[2025-12-18T08:25:32.381+0530][info][gc,heap     ] GC(302) Soft Max Capacity: 512M(100%)
[2025-12-18T08:25:32.381+0530][info][gc,heap     ] GC(302)                Mark Start          Mark End        Relocate Start      Relocate End           High               Low         
[2025-12-18T08:25:32.381+0530][info][gc,heap     ] GC(302)  Capacity:      512M (100%)        512M (100%)        512M (100%)        512M (100%)        512M (100%)        512M (100%)   
[2025-12-18T08:25:32.381+0530][info][gc,heap     ] GC(302)      Free:       78M (15%)           0M (0%)          116M (23%)         136M (27%)         136M (27%)           0M (0%)     
[2025-12-18T08:25:32.381+0530][info][gc,heap     ] GC(302)      Used:      434M (85%)         512M (100%)        396M (77%)         376M (73%)         512M (100%)        376M (73%)    
[2025-12-18T08:25:32.381+0530][info][gc,heap     ] GC(302)      Live:         -               248M (48%)         248M (48%)         248M (48%)            -                  -          
[2025-12-18T08:25:32.381+0530][info][gc,heap     ] GC(302) Allocated:         -                78M (15%)          92M (18%)         107M (21%)            -                  -          
[2025-12-18T08:25:32.381+0530][info][gc,heap     ] GC(302)   Garbage:         -               185M (36%)          55M (11%)          19M (4%)             -                  -          
[2025-12-18T08:25:32.381+0530][info][gc,heap     ] GC(302) Reclaimed:         -                  -               130M (25%)         165M (32%)            -                  -          
[2025-12-18T08:25:32.381+0530][info][gc          ] GC(302) Garbage Collection (Allocation Stall) 434M(85%)->376M(73%)
[2025-12-18T08:25:32.417+0530][info][gc,start    ] GC(303) Garbage Collection (Allocation Stall)
[2025-12-18T08:25:32.417+0530][info][gc,ref      ] GC(303) Clearing All SoftReferences
[2025-12-18T08:25:32.417+0530][info][gc,task     ] GC(303) Using 2 workers
[2025-12-18T08:25:32.417+0530][info][gc,ref      ] GC(303) Clearing All SoftReferences
[2025-12-18T08:25:32.417+0530][info][gc,phases   ] GC(303) Pause Mark Start 0.054ms
[2025-12-18T08:25:32.557+0530][info][gc,phases   ] GC(303) Concurrent Mark 128.258ms
[2025-12-18T08:25:32.557+0530][info][gc,phases   ] GC(303) Pause Mark End 0.022ms
[2025-12-18T08:25:32.557+0530][info][gc,phases   ] GC(303) Concurrent Mark Free 0.002ms
[2025-12-18T08:25:32.558+0530][info][gc,phases   ] GC(303) Concurrent Process Non-Strong References 1.382ms
[2025-12-18T08:25:32.558+0530][info][gc,phases   ] GC(303) Concurrent Reset Relocation Set 0.004ms
[2025-12-18T08:25:32.562+0530][info][gc          ] Allocation Stall (Worker-2) 65.320ms
[2025-12-18T08:25:32.562+0530][info][gc          ] Allocation Stall (Worker-6) 66.143ms
[2025-12-18T08:25:32.562+0530][info][gc          ] Allocation Stall (Worker-4) 65.269ms
[2025-12-18T08:25:32.562+0530][info][gc          ] Allocation Stall (Worker-7) 62.533ms
[2025-12-18T08:25:32.562+0530][info][gc          ] Allocation Stall (Worker-0) 71.417ms
[2025-12-18T08:25:32.562+0530][info][gc          ] Allocation Stall (Worker-3) 70.118ms
[2025-12-18T08:25:32.562+0530][info][gc          ] Allocation Stall (Worker-5) 67.814ms
[2025-12-18T08:25:32.562+0530][info][gc          ] Allocation Stall (Worker-1) 66.473ms
[2025-12-18T08:25:32.562+0530][info][gc,phases   ] GC(303) Concurrent Select Relocation Set 3.389ms
[2025-12-18T08:25:32.565+0530][info][gc,phases   ] GC(303) Pause Relocate Start 0.012ms
[2025-12-18T08:25:32.567+0530][info][gc,phases   ] GC(303) Concurrent Relocate 1.589ms
[2025-12-18T08:25:32.567+0530][info][gc,load     ] GC(303) Load: 0.00/0.00/0.00
[2025-12-18T08:25:32.567+0530][info][gc,mmu      ] GC(303) MMU: 2ms/54.5%, 5ms/81.8%, 10ms/90.8%, 20ms/95.4%, 50ms/98.2%, 100ms/99.0%
[2025-12-18T08:25:32.567+0530][info][gc,marking  ] GC(303) Mark: 2 stripe(s), 2 proactive flush(es), 1 terminate flush(es), 0 completion(s), 0 continuation(s) 
[2025-12-18T08:25:32.567+0530][info][gc,marking  ] GC(303) Mark Stack Usage: 32M
[2025-12-18T08:25:32.567+0530][info][gc,nmethod  ] GC(303) NMethods: 748 registered, 7 unregistered
[2025-12-18T08:25:32.567+0530][info][gc,metaspace] GC(303) Metaspace: 4M used, 4M committed, 1088M reserved
[2025-12-18T08:25:32.567+0530][info][gc,ref      ] GC(303) Soft: 176 encountered, 84 discovered, 0 enqueued
[2025-12-18T08:25:32.567+0530][info][gc,ref      ] GC(303) Weak: 601 encountered, 1 discovered, 0 enqueued
[2025-12-18T08:25:32.567+0530][info][gc,ref      ] GC(303) Final: 0 encountered, 0 discovered, 0 enqueued
[2025-12-18T08:25:32.567+0530][info][gc,ref      ] GC(303) Phantom: 8 encountered, 4 discovered, 0 enqueued
[2025-12-18T08:25:32.567+0530][info][gc,reloc    ] GC(303) Small Pages: 203 / 406M, Empty: 112M, Relocated: 1M, In-Place: 0
[2025-12-18T08:25:32.567+0530][info][gc,reloc    ] GC(303) Medium Pages: 1 / 16M, Empty: 0M, Relocated: 0M, In-Place: 0
[2025-12-18T08:25:32.567+0530][info][gc,reloc    ] GC(303) Large Pages: 1 / 6M, Empty: 0M, Relocated: 0M, In-Place: 0
[2025-12-18T08:25:32.567+0530][info][gc,reloc    ] GC(303) Forwarding Usage: 0M
[2025-12-18T08:25:32.568+0530][info][gc,heap     ] GC(303) Min Capacity: 512M(100%)
[2025-12-18T08:25:32.568+0530][info][gc,heap     ] GC(303) Max Capacity: 512M(100%)
[2025-12-18T08:25:32.568+0530][info][gc,heap     ] GC(303) Soft Max Capacity: 512M(100%)
[2025-12-18T08:25:32.568+0530][info][gc,heap     ] GC(303)                Mark Start          Mark End        Relocate Start      Relocate End           High               Low         
[2025-12-18T08:25:32.568+0530][info][gc,heap     ] GC(303)  Capacity:      512M (100%)        512M (100%)        512M (100%)        512M (100%)        512M (100%)        512M (100%)   
[2025-12-18T08:25:32.568+0530][info][gc,heap     ] GC(303)      Free:       84M (16%)           0M (0%)          102M (20%)         144M (28%)         144M (28%)           0M (0%)     
[2025-12-18T08:25:32.568+0530][info][gc,heap     ] GC(303)      Used:      428M (84%)         512M (100%)        410M (80%)         368M (72%)         512M (100%)        368M (72%)    
[2025-12-18T08:25:32.568+0530][info][gc,heap     ] GC(303)      Live:         -               248M (48%)         248M (48%)         248M (48%)            -                  -          
[2025-12-18T08:25:32.568+0530][info][gc,heap     ] GC(303) Allocated:         -                84M (16%)          94M (18%)          99M (20%)            -                  -          
[2025-12-18T08:25:32.568+0530][info][gc,heap     ] GC(303)   Garbage:         -               179M (35%)          67M (13%)          19M (4%)             -                  -          
[2025-12-18T08:25:32.568+0530][info][gc,heap     ] GC(303) Reclaimed:         -                  -               112M (22%)         159M (31%)            -                  -          
[2025-12-18T08:25:32.568+0530][info][gc          ] GC(303) Garbage Collection (Allocation Stall) 428M(84%)->368M(72%)
[2025-12-18T08:25:32.617+0530][info][gc,start    ] GC(304) Garbage Collection (Allocation Stall)
[2025-12-18T08:25:32.617+0530][info][gc,ref      ] GC(304) Clearing All SoftReferences
[2025-12-18T08:25:32.617+0530][info][gc,task     ] GC(304) Using 2 workers
[2025-12-18T08:25:32.617+0530][info][gc,ref      ] GC(304) Clearing All SoftReferences
[2025-12-18T08:25:32.617+0530][info][gc,phases   ] GC(304) Pause Mark Start 0.049ms
[2025-12-18T08:25:32.753+0530][info][gc,phases   ] GC(304) Concurrent Mark 133.796ms
[2025-12-18T08:25:32.753+0530][info][gc,phases   ] GC(304) Pause Mark End 0.020ms
[2025-12-18T08:25:32.753+0530][info][gc,phases   ] GC(304) Concurrent Mark Free 0.001ms
[2025-12-18T08:25:32.754+0530][info][gc,phases   ] GC(304) Concurrent Process Non-Strong References 1.158ms
[2025-12-18T08:25:32.754+0530][info][gc,phases   ] GC(304) Concurrent Reset Relocation Set 0.004ms
[2025-12-18T08:25:32.754+0530][info][gc          ] Allocation Stall (Worker-1) 66.016ms
[2025-12-18T08:25:32.754+0530][info][gc          ] Allocation Stall (Worker-6) 67.938ms
[2025-12-18T08:25:32.754+0530][info][gc          ] Allocation Stall (Worker-2) 73.947ms
[2025-12-18T08:25:32.754+0530][info][gc          ] Allocation Stall (Worker-7) 64.761ms
[2025-12-18T08:25:32.754+0530][info][gc          ] Allocation Stall (Worker-4) 73.293ms
[2025-12-18T08:25:32.754+0530][info][gc          ] Allocation Stall (Worker-0) 73.243ms
[2025-12-18T08:25:32.754+0530][info][gc          ] Allocation Stall (Worker-5) 70.650ms
[2025-12-18T08:25:32.754+0530][info][gc          ] Allocation Stall (Worker-3) 68.421ms
[2025-12-18T08:25:32.758+0530][info][gc,phases   ] GC(304) Concurrent Select Relocation Set 3.682ms
[2025-12-18T08:25:32.758+0530][info][gc,phases   ] GC(304) Pause Relocate Start 0.012ms
[2025-12-18T08:25:32.769+0530][info][gc,phases   ] GC(304) Concurrent Relocate 2.066ms
[2025-12-18T08:25:32.769+0530][info][gc,load     ] GC(304) Load: 0.00/0.00/0.00
[2025-12-18T08:25:32.769+0530][info][gc,mmu      ] GC(304) MMU: 2ms/54.5%, 5ms/81.8%, 10ms/90.8%, 20ms/95.4%, 50ms/98.2%, 100ms/99.0%
[2025-12-18T08:25:32.769+0530][info][gc,marking  ] GC(304) Mark: 2 stripe(s), 2 proactive flush(es), 1 terminate flush(es), 0 completion(s), 0 continuation(s) 
[2025-12-18T08:25:32.769+0530][info][gc,marking  ] GC(304) Mark Stack Usage: 32M
[2025-12-18T08:25:32.769+0530][info][gc,nmethod  ] GC(304) NMethods: 748 registered, 7 unregistered
[2025-12-18T08:25:32.769+0530][info][gc,metaspace] GC(304) Metaspace: 4M used, 4M committed, 1088M reserved
[2025-12-18T08:25:32.769+0530][info][gc,ref      ] GC(304) Soft: 176 encountered, 85 discovered, 0 enqueued
[2025-12-18T08:25:32.769+0530][info][gc,ref      ] GC(304) Weak: 601 encountered, 396 discovered, 0 enqueued
[2025-12-18T08:25:32.769+0530][info][gc,ref      ] GC(304) Final: 0 encountered, 0 discovered, 0 enqueued
[2025-12-18T08:25:32.769+0530][info][gc,ref      ] GC(304) Phantom: 8 encountered, 5 discovered, 0 enqueued
[2025-12-18T08:25:32.769+0530][info][gc,reloc    ] GC(304) Small Pages: 210 / 420M, Empty: 142M, Relocated: 1M, In-Place: 0
[2025-12-18T08:25:32.769+0530][info][gc,reloc    ] GC(304) Medium Pages: 1 / 16M, Empty: 0M, Relocated: 0M, In-Place: 0
[2025-12-18T08:25:32.769+0530][info][gc,reloc    ] GC(304) Large Pages: 1 / 6M, Empty: 0M, Relocated: 0M, In-Place: 0
[2025-12-18T08:25:32.769+0530][info][gc,reloc    ] GC(304) Forwarding Usage: 0M
[2025-12-18T08:25:32.769+0530][info][gc,heap     ] GC(304) Min Capacity: 512M(100%)
[2025-12-18T08:25:32.769+0530][info][gc,heap     ] GC(304) Max Capacity: 512M(100%)
[2025-12-18T08:25:32.769+0530][info][gc,heap     ] GC(304) Soft Max Capacity: 512M(100%)
[2025-12-18T08:25:32.769+0530][info][gc,heap     ] GC(304)                Mark Start          Mark End        Relocate Start      Relocate End           High               Low         
[2025-12-18T08:25:32.769+0530][info][gc,heap     ] GC(304)  Capacity:      512M (100%)        512M (100%)        512M (100%)        512M (100%)        512M (100%)        512M (100%)   
[2025-12-18T08:25:32.769+0530][info][gc,heap     ] GC(304)      Free:       70M (14%)           0M (0%)          130M (25%)         154M (30%)         154M (30%)           0M (0%)     
[2025-12-18T08:25:32.769+0530][info][gc,heap     ] GC(304)      Used:      442M (86%)         512M (100%)        382M (75%)         358M (70%)         512M (100%)        358M (70%)    
[2025-12-18T08:25:32.769+0530][info][gc,heap     ] GC(304)      Live:         -               248M (48%)         248M (48%)         248M (48%)            -                  -          
[2025-12-18T08:25:32.769+0530][info][gc,heap     ] GC(304) Allocated:         -                70M (14%)          82M (16%)          91M (18%)            -                  -          
[2025-12-18T08:25:32.769+0530][info][gc,heap     ] GC(304)   Garbage:         -               193M (38%)          51M (10%)          17M (4%)             -                  -          
[2025-12-18T08:25:32.769+0530][info][gc,heap     ] GC(304) Reclaimed:         -                  -               142M (28%)         175M (34%)            -                  -          
[2025-12-18T08:25:32.769+0530][info][gc          ] GC(304) Garbage Collection (Allocation Stall) 442M(86%)->358M(70%)
[2025-12-18T08:25:32.818+0530][info][gc,start    ] GC(305) Garbage Collection (Allocation Stall)
[2025-12-18T08:25:32.818+0530][info][gc,ref      ] GC(305) Clearing All SoftReferences
[2025-12-18T08:25:32.818+0530][info][gc,task     ] GC(305) Using 2 workers
[2025-12-18T08:25:32.818+0530][info][gc,ref      ] GC(305) Clearing All SoftReferences
[2025-12-18T08:25:32.818+0530][info][gc,phases   ] GC(305) Pause Mark Start 0.083ms
[2025-12-18T08:25:32.962+0530][info][gc,phases   ] GC(305) Concurrent Mark 141.946ms
[2025-12-18T08:25:32.962+0530][info][gc,phases   ] GC(305) Pause Mark End 0.021ms
[2025-12-18T08:25:32.962+0530][info][gc,phases   ] GC(305) Concurrent Mark Free 0.001ms
[2025-12-18T08:25:32.964+0530][info][gc,phases   ] GC(305) Concurrent Process Non-Strong References 1.316ms
[2025-12-18T08:25:32.964+0530][info][gc,phases   ] GC(305) Concurrent Reset Relocation Set 0.002ms
[2025-12-18T08:25:32.967+0530][info][gc          ] Allocation Stall (Worker-4) 73.717ms
[2025-12-18T08:25:32.967+0530][info][gc          ] Allocation Stall (Worker-2) 73.183ms
[2025-12-18T08:25:32.967+0530][info][gc          ] Allocation Stall (Worker-1) 73.041ms
[2025-12-18T08:25:32.967+0530][info][gc          ] Allocation Stall (Worker-5) 82.848ms
[2025-12-18T08:25:32.967+0530][info][gc          ] Allocation Stall (Worker-6) 82.940ms
[2025-12-18T08:25:32.967+0530][info][gc          ] Allocation Stall (Worker-3) 75.888ms
[2025-12-18T08:25:32.967+0530][info][gc          ] Allocation Stall (Worker-7) 79.407ms
[2025-12-18T08:25:32.967+0530][info][gc          ] Allocation Stall (Worker-0) 74.424ms
[2025-12-18T08:25:32.967+0530][info][gc,phases   ] GC(305) Concurrent Select Relocation Set 3.091ms
[2025-12-18T08:25:32.967+0530][info][gc,phases   ] GC(305) Pause Relocate Start 0.015ms
[2025-12-18T08:25:32.970+0530][info][gc,phases   ] GC(305) Concurrent Relocate 1.730ms
[2025-12-18T08:25:32.970+0530][info][gc,load     ] GC(305) Load: 0.00/0.00/0.00
[2025-12-18T08:25:32.970+0530][info][gc,mmu      ] GC(305) MMU: 2ms/54.5%, 5ms/81.8%, 10ms/90.8%, 20ms/95.4%, 50ms/98.2%, 100ms/99.0%
[2025-12-18T08:25:32.970+0530][info][gc,marking  ] GC(305) Mark: 2 stripe(s), 2 proactive flush(es), 1 terminate flush(es), 0 completion(s), 0 continuation(s) 
[2025-12-18T08:25:32.970+0530][info][gc,marking  ] GC(305) Mark Stack Usage: 32M
[2025-12-18T08:25:32.971+0530][info][gc,nmethod  ] GC(305) NMethods: 748 registered, 7 unregistered
[2025-12-18T08:25:32.971+0530][info][gc,metaspace] GC(305) Metaspace: 4M used, 4M committed, 1088M reserved
[2025-12-18T08:25:32.971+0530][info][gc,ref      ] GC(305) Soft: 176 encountered, 85 discovered, 0 enqueued
[2025-12-18T08:25:32.971+0530][info][gc,ref      ] GC(305) Weak: 601 encountered, 466 discovered, 0 enqueued
[2025-12-18T08:25:32.971+0530][info][gc,ref      ] GC(305) Final: 0 encountered, 0 discovered, 0 enqueued
[2025-12-18T08:25:32.971+0530][info][gc,ref      ] GC(305) Phantom: 8 encountered, 2 discovered, 0 enqueued
[2025-12-18T08:25:32.971+0530][info][gc,reloc    ] GC(305) Small Pages: 203 / 406M, Empty: 122M, Relocated: 1M, In-Place: 0
[2025-12-18T08:25:32.971+0530][info][gc,reloc    ] GC(305) Medium Pages: 1 / 16M, Empty: 0M, Relocated: 0M, In-Place: 0
[2025-12-18T08:25:32.971+0530][info][gc,reloc    ] GC(305) Large Pages: 1 / 6M, Empty: 0M, Relocated: 0M, In-Place: 0
[2025-12-18T08:25:32.971+0530][info][gc,reloc    ] GC(305) Forwarding Usage: 0M
[2025-12-18T08:25:32.971+0530][info][gc,heap     ] GC(305) Min Capacity: 512M(100%)
[2025-12-18T08:25:32.971+0530][info][gc,heap     ] GC(305) Max Capacity: 512M(100%)
[2025-12-18T08:25:32.971+0530][info][gc,heap     ] GC(305) Soft Max Capacity: 512M(100%)
[2025-12-18T08:25:32.971+0530][info][gc,heap     ] GC(305)                Mark Start          Mark End        Relocate Start      Relocate End           High               Low         
[2025-12-18T08:25:32.971+0530][info][gc,heap     ] GC(305)  Capacity:      512M (100%)        512M (100%)        512M (100%)        512M (100%)        512M (100%)        512M (100%)   
[2025-12-18T08:25:32.971+0530][info][gc,heap     ] GC(305)      Free:       84M (16%)           0M (0%)          108M (21%)         146M (29%)         146M (29%)           0M (0%)     
[2025-12-18T08:25:32.971+0530][info][gc,heap     ] GC(305)      Used:      428M (84%)         512M (100%)        404M (79%)         366M (71%)         512M (100%)        366M (71%)    
[2025-12-18T08:25:32.971+0530][info][gc,heap     ] GC(305)      Live:         -               248M (48%)         248M (48%)         248M (48%)            -                  -          
[2025-12-18T08:25:32.971+0530][info][gc,heap     ] GC(305) Allocated:         -                84M (16%)          98M (19%)          97M (19%)            -                  -          
[2025-12-18T08:25:32.971+0530][info][gc,heap     ] GC(305)   Garbage:         -               179M (35%)          57M (11%)          19M (4%)             -                  -          
[2025-12-18T08:25:32.971+0530][info][gc,heap     ] GC(305) Reclaimed:         -                  -               122M (24%)         159M (31%)            -                  -          
[2025-12-18T08:25:32.971+0530][info][gc          ] GC(305) Garbage Collection (Allocation Stall) 428M(84%)->366M(71%)
[2025-12-18T08:25:33.017+0530][info][gc,start    ] GC(306) Garbage Collection (Allocation Stall)
[2025-12-18T08:25:33.017+0530][info][gc,ref      ] GC(306) Clearing All SoftReferences
[2025-12-18T08:25:33.017+0530][info][gc,task     ] GC(306) Using 2 workers
[2025-12-18T08:25:33.017+0530][info][gc,ref      ] GC(306) Clearing All SoftReferences
[2025-12-18T08:25:33.017+0530][info][gc,phases   ] GC(306) Pause Mark Start 0.071ms
[2025-12-18T08:25:33.151+0530][info][gc,phases   ] GC(306) Concurrent Mark 132.574ms
[2025-12-18T08:25:33.151+0530][info][gc,phases   ] GC(306) Pause Mark End 0.020ms
[2025-12-18T08:25:33.151+0530][info][gc,phases   ] GC(306) Concurrent Mark Free 0.001ms
[2025-12-18T08:25:33.152+0530][info][gc,phases   ] GC(306) Concurrent Process Non-Strong References 1.177ms
[2025-12-18T08:25:33.152+0530][info][gc,phases   ] GC(306) Concurrent Reset Relocation Set 0.002ms
[2025-12-18T08:25:33.155+0530][info][gc          ] Allocation Stall (Worker-5) 44.326ms
[2025-12-18T08:25:33.155+0530][info][gc          ] Allocation Stall (Worker-7) 44.270ms
[2025-12-18T08:25:33.155+0530][info][gc          ] Allocation Stall (Worker-4) 44.067ms
[2025-12-18T08:25:33.155+0530][info][gc          ] Allocation Stall (Worker-6) 51.753ms
[2025-12-18T08:25:33.155+0530][info][gc          ] Allocation Stall (Worker-2) 50.286ms
[2025-12-18T08:25:33.155+0530][info][gc          ] Allocation Stall (Worker-0) 49.468ms
[2025-12-18T08:25:33.155+0530][info][gc          ] Allocation Stall (Worker-1) 49.436ms
[2025-12-18T08:25:33.155+0530][info][gc          ] Allocation Stall (Worker-3) 44.881ms
[2025-12-18T08:25:33.155+0530][info][gc,phases   ] GC(306) Concurrent Select Relocation Set 3.000ms
[2025-12-18T08:25:33.156+0530][info][gc,phases   ] GC(306) Pause Relocate Start 0.010ms
[2025-12-18T08:25:33.173+0530][info][gc,phases   ] GC(306) Concurrent Relocate 1.955ms
[2025-12-18T08:25:33.173+0530][info][gc,load     ] GC(306) Load: 0.00/0.00/0.00
[2025-12-18T08:25:33.173+0530][info][gc,mmu      ] GC(306) MMU: 2ms/54.5%, 5ms/81.8%, 10ms/90.8%, 20ms/95.4%, 50ms/98.2%, 100ms/99.0%
[2025-12-18T08:25:33.173+0530][info][gc,marking  ] GC(306) Mark: 2 stripe(s), 2 proactive flush(es), 1 terminate flush(es), 0 completion(s), 0 continuation(s) 
[2025-12-18T08:25:33.173+0530][info][gc,marking  ] GC(306) Mark Stack Usage: 32M
[2025-12-18T08:25:33.173+0530][info][gc,nmethod  ] GC(306) NMethods: 748 registered, 7 unregistered
[2025-12-18T08:25:33.173+0530][info][gc,metaspace] GC(306) Metaspace: 4M used, 4M committed, 1088M reserved
[2025-12-18T08:25:33.173+0530][info][gc,ref      ] GC(306) Soft: 176 encountered, 94 discovered, 0 enqueued
[2025-12-18T08:25:33.173+0530][info][gc,ref      ] GC(306) Weak: 601 encountered, 461 discovered, 0 enqueued
[2025-12-18T08:25:33.173+0530][info][gc,ref      ] GC(306) Final: 0 encountered, 0 discovered, 0 enqueued
[2025-12-18T08:25:33.173+0530][info][gc,ref      ] GC(306) Phantom: 8 encountered, 6 discovered, 0 enqueued
[2025-12-18T08:25:33.173+0530][info][gc,reloc    ] GC(306) Small Pages: 201 / 402M, Empty: 124M, Relocated: 1M, In-Place: 0
[2025-12-18T08:25:33.173+0530][info][gc,reloc    ] GC(306) Medium Pages: 1 / 16M, Empty: 0M, Relocated: 0M, In-Place: 0
[2025-12-18T08:25:33.173+0530][info][gc,reloc    ] GC(306) Large Pages: 1 / 6M, Empty: 0M, Relocated: 0M, In-Place: 0
[2025-12-18T08:25:33.173+0530][info][gc,reloc    ] GC(306) Forwarding Usage: 0M
[2025-12-18T08:25:33.173+0530][info][gc,heap     ] GC(306) Min Capacity: 512M(100%)
[2025-12-18T08:25:33.173+0530][info][gc,heap     ] GC(306) Max Capacity: 512M(100%)
[2025-12-18T08:25:33.173+0530][info][gc,heap     ] GC(306) Soft Max Capacity: 512M(100%)
[2025-12-18T08:25:33.173+0530][info][gc,heap     ] GC(306)                Mark Start          Mark End        Relocate Start      Relocate End           High               Low         
[2025-12-18T08:25:33.173+0530][info][gc,heap     ] GC(306)  Capacity:      512M (100%)        512M (100%)        512M (100%)        512M (100%)        512M (100%)        512M (100%)   
[2025-12-18T08:25:33.173+0530][info][gc,heap     ] GC(306)      Free:       88M (17%)           0M (0%)          112M (22%)         128M (25%)         128M (25%)           0M (0%)     
[2025-12-18T08:25:33.173+0530][info][gc,heap     ] GC(306)      Used:      424M (83%)         512M (100%)        400M (78%)         384M (75%)         512M (100%)        384M (75%)    
[2025-12-18T08:25:33.173+0530][info][gc,heap     ] GC(306)      Live:         -               248M (48%)         248M (48%)         248M (48%)            -                  -          
[2025-12-18T08:25:33.173+0530][info][gc,heap     ] GC(306) Allocated:         -                88M (17%)         100M (20%)         115M (23%)            -                  -          
[2025-12-18T08:25:33.173+0530][info][gc,heap     ] GC(306)   Garbage:         -               175M (34%)          51M (10%)          19M (4%)             -                  -          
[2025-12-18T08:25:33.173+0530][info][gc,heap     ] GC(306) Reclaimed:         -                  -               124M (24%)         155M (30%)            -                  -          
[2025-12-18T08:25:33.173+0530][info][gc          ] GC(306) Garbage Collection (Allocation Stall) 424M(83%)->384M(75%)
[2025-12-18T08:25:33.217+0530][info][gc,start    ] GC(307) Garbage Collection (Allocation Stall)
[2025-12-18T08:25:33.217+0530][info][gc,ref      ] GC(307) Clearing All SoftReferences
[2025-12-18T08:25:33.217+0530][info][gc,task     ] GC(307) Using 2 workers
[2025-12-18T08:25:33.217+0530][info][gc,ref      ] GC(307) Clearing All SoftReferences
[2025-12-18T08:25:33.217+0530][info][gc,phases   ] GC(307) Pause Mark Start 0.069ms
[2025-12-18T08:25:33.346+0530][info][gc,phases   ] GC(307) Concurrent Mark 127.014ms
[2025-12-18T08:25:33.346+0530][info][gc,phases   ] GC(307) Pause Mark End 0.020ms
[2025-12-18T08:25:33.346+0530][info][gc,phases   ] GC(307) Concurrent Mark Free 0.001ms
[2025-12-18T08:25:33.347+0530][info][gc,phases   ] GC(307) Concurrent Process Non-Strong References 1.252ms
[2025-12-18T08:25:33.347+0530][info][gc,phases   ] GC(307) Concurrent Reset Relocation Set 0.003ms
[2025-12-18T08:25:33.347+0530][info][gc          ] Allocation Stall (Worker-1) 72.209ms
[2025-12-18T08:25:33.347+0530][info][gc          ] Allocation Stall (Worker-3) 70.174ms
[2025-12-18T08:25:33.347+0530][info][gc          ] Allocation Stall (Worker-2) 67.993ms
[2025-12-18T08:25:33.347+0530][info][gc          ] Allocation Stall (Worker-0) 66.550ms
[2025-12-18T08:25:33.347+0530][info][gc          ] Allocation Stall (Worker-4) 75.740ms
[2025-12-18T08:25:33.347+0530][info][gc          ] Allocation Stall (Worker-7) 76.813ms
[2025-12-18T08:25:33.347+0530][info][gc          ] Allocation Stall (Worker-5) 73.167ms
[2025-12-18T08:25:33.347+0530][info][gc          ] Allocation Stall (Worker-6) 72.620ms
[2025-12-18T08:25:33.351+0530][info][gc,phases   ] GC(307) Concurrent Select Relocation Set 3.572ms
[2025-12-18T08:25:33.351+0530][info][gc,phases   ] GC(307) Pause Relocate Start 0.009ms
[2025-12-18T08:25:33.375+0530][info][gc,phases   ] GC(307) Concurrent Relocate 1.958ms
[2025-12-18T08:25:33.375+0530][info][gc,load     ] GC(307) Load: 0.00/0.00/0.00
[2025-12-18T08:25:33.375+0530][info][gc,mmu      ] GC(307) MMU: 2ms/54.5%, 5ms/81.8%, 10ms/90.8%, 20ms/95.4%, 50ms/98.2%, 100ms/99.0%
[2025-12-18T08:25:33.375+0530][info][gc,marking  ] GC(307) Mark: 2 stripe(s), 2 proactive flush(es), 1 terminate flush(es), 0 completion(s), 0 continuation(s) 
[2025-12-18T08:25:33.375+0530][info][gc,marking  ] GC(307) Mark Stack Usage: 32M
[2025-12-18T08:25:33.375+0530][info][gc,nmethod  ] GC(307) NMethods: 748 registered, 7 unregistered
[2025-12-18T08:25:33.375+0530][info][gc,metaspace] GC(307) Metaspace: 4M used, 4M committed, 1088M reserved
[2025-12-18T08:25:33.375+0530][info][gc,ref      ] GC(307) Soft: 176 encountered, 87 discovered, 0 enqueued
[2025-12-18T08:25:33.375+0530][info][gc,ref      ] GC(307) Weak: 601 encountered, 8 discovered, 0 enqueued
[2025-12-18T08:25:33.375+0530][info][gc,ref      ] GC(307) Final: 0 encountered, 0 discovered, 0 enqueued
[2025-12-18T08:25:33.375+0530][info][gc,ref      ] GC(307) Phantom: 8 encountered, 7 discovered, 0 enqueued
[2025-12-18T08:25:33.375+0530][info][gc,reloc    ] GC(307) Small Pages: 214 / 428M, Empty: 136M, Relocated: 1M, In-Place: 0
[2025-12-18T08:25:33.375+0530][info][gc,reloc    ] GC(307) Medium Pages: 1 / 16M, Empty: 0M, Relocated: 0M, In-Place: 0
[2025-12-18T08:25:33.375+0530][info][gc,reloc    ] GC(307) Large Pages: 1 / 6M, Empty: 0M, Relocated: 0M, In-Place: 0
[2025-12-18T08:25:33.375+0530][info][gc,reloc    ] GC(307) Forwarding Usage: 0M
[2025-12-18T08:25:33.375+0530][info][gc,heap     ] GC(307) Min Capacity: 512M(100%)
[2025-12-18T08:25:33.375+0530][info][gc,heap     ] GC(307) Max Capacity: 512M(100%)
[2025-12-18T08:25:33.375+0530][info][gc,heap     ] GC(307) Soft Max Capacity: 512M(100%)
[2025-12-18T08:25:33.375+0530][info][gc,heap     ] GC(307)                Mark Start          Mark End        Relocate Start      Relocate End           High               Low         
[2025-12-18T08:25:33.375+0530][info][gc,heap     ] GC(307)  Capacity:      512M (100%)        512M (100%)        512M (100%)        512M (100%)        512M (100%)        512M (100%)   
[2025-12-18T08:25:33.375+0530][info][gc,heap     ] GC(307)      Free:       62M (12%)           0M (0%)          122M (24%)         142M (28%)         142M (28%)           0M (0%)     
[2025-12-18T08:25:33.375+0530][info][gc,heap     ] GC(307)      Used:      450M (88%)         512M (100%)        390M (76%)         370M (72%)         512M (100%)        370M (72%)    
[2025-12-18T08:25:33.375+0530][info][gc,heap     ] GC(307)      Live:         -               248M (48%)         248M (48%)         248M (48%)            -                  -          
[2025-12-18T08:25:33.375+0530][info][gc,heap     ] GC(307) Allocated:         -                62M (12%)          76M (15%)         101M (20%)            -                  -          
[2025-12-18T08:25:33.375+0530][info][gc,heap     ] GC(307)   Garbage:         -               201M (39%)          65M (13%)          19M (4%)             -                  -          
[2025-12-18T08:25:33.375+0530][info][gc,heap     ] GC(307) Reclaimed:         -                  -               136M (27%)         181M (36%)            -                  -          
[2025-12-18T08:25:33.375+0530][info][gc          ] GC(307) Garbage Collection (Allocation Stall) 450M(88%)->370M(72%)
[2025-12-18T08:25:33.417+0530][info][gc,start    ] GC(308) Garbage Collection (Allocation Stall)
[2025-12-18T08:25:33.417+0530][info][gc,ref      ] GC(308) Clearing All SoftReferences
[2025-12-18T08:25:33.417+0530][info][gc,task     ] GC(308) Using 2 workers
[2025-12-18T08:25:33.417+0530][info][gc,ref      ] GC(308) Clearing All SoftReferences
[2025-12-18T08:25:33.417+0530][info][gc,phases   ] GC(308) Pause Mark Start 0.065ms
[2025-12-18T08:25:33.549+0530][info][gc,phases   ] GC(308) Concurrent Mark 125.875ms
[2025-12-18T08:25:33.549+0530][info][gc,phases   ] GC(308) Pause Mark End 0.021ms
[2025-12-18T08:25:33.549+0530][info][gc,phases   ] GC(308) Concurrent Mark Free 0.001ms
[2025-12-18T08:25:33.550+0530][info][gc,phases   ] GC(308) Concurrent Process Non-Strong References 1.215ms
[2025-12-18T08:25:33.550+0530][info][gc,phases   ] GC(308) Concurrent Reset Relocation Set 0.004ms
[2025-12-18T08:25:33.553+0530][info][gc          ] Allocation Stall (Worker-7) 62.421ms
[2025-12-18T08:25:33.553+0530][info][gc          ] Allocation Stall (Worker-0) 59.455ms
[2025-12-18T08:25:33.553+0530][info][gc          ] Allocation Stall (main) 55.145ms
[2025-12-18T08:25:33.553+0530][info][gc          ] Allocation Stall (Worker-6) 67.177ms
[2025-12-18T08:25:33.553+0530][info][gc          ] Allocation Stall (Worker-1) 66.125ms
[2025-12-18T08:25:33.553+0530][info][gc          ] Allocation Stall (Worker-5) 65.063ms
[2025-12-18T08:25:33.553+0530][info][gc          ] Allocation Stall (Worker-2) 65.027ms
[2025-12-18T08:25:33.553+0530][info][gc          ] Allocation Stall (Worker-4) 64.328ms
[2025-12-18T08:25:33.553+0530][info][gc,phases   ] GC(308) Concurrent Select Relocation Set 3.125ms
[2025-12-18T08:25:33.553+0530][info][gc          ] Allocation Stall (Worker-3) 64.127ms
[2025-12-18T08:25:33.554+0530][info][gc,phases   ] GC(308) Pause Relocate Start 0.011ms
[2025-12-18T08:25:33.558+0530][info][gc,phases   ] GC(308) Concurrent Relocate 1.843ms
[2025-12-18T08:25:33.559+0530][info][gc,load     ] GC(308) Load: 0.00/0.00/0.00
[2025-12-18T08:25:33.559+0530][info][gc,mmu      ] GC(308) MMU: 2ms/54.5%, 5ms/81.8%, 10ms/90.8%, 20ms/95.4%, 50ms/98.2%, 100ms/99.0%
[2025-12-18T08:25:33.559+0530][info][gc,marking  ] GC(308) Mark: 2 stripe(s), 2 proactive flush(es), 1 terminate flush(es), 0 completion(s), 0 continuation(s) 
[2025-12-18T08:25:33.559+0530][info][gc,marking  ] GC(308) Mark Stack Usage: 32M
[2025-12-18T08:25:33.559+0530][info][gc,nmethod  ] GC(308) NMethods: 748 registered, 7 unregistered
[2025-12-18T08:25:33.559+0530][info][gc,metaspace] GC(308) Metaspace: 4M used, 4M committed, 1088M reserved
[2025-12-18T08:25:33.559+0530][info][gc,ref      ] GC(308) Soft: 176 encountered, 93 discovered, 0 enqueued
[2025-12-18T08:25:33.559+0530][info][gc,ref      ] GC(308) Weak: 601 encountered, 8 discovered, 0 enqueued
[2025-12-18T08:25:33.559+0530][info][gc,ref      ] GC(308) Final: 0 encountered, 0 discovered, 0 enqueued
[2025-12-18T08:25:33.559+0530][info][gc,ref      ] GC(308) Phantom: 8 encountered, 4 discovered, 0 enqueued
[2025-12-18T08:25:33.559+0530][info][gc,reloc    ] GC(308) Small Pages: 206 / 412M, Empty: 108M, Relocated: 1M, In-Place: 0
[2025-12-18T08:25:33.559+0530][info][gc,reloc    ] GC(308) Medium Pages: 1 / 16M, Empty: 0M, Relocated: 0M, In-Place: 0
[2025-12-18T08:25:33.559+0530][info][gc,reloc    ] GC(308) Large Pages: 1 / 6M, Empty: 0M, Relocated: 0M, In-Place: 0
[2025-12-18T08:25:33.559+0530][info][gc,reloc    ] GC(308) Forwarding Usage: 0M
[2025-12-18T08:25:33.559+0530][info][gc,heap     ] GC(308) Min Capacity: 512M(100%)
[2025-12-18T08:25:33.559+0530][info][gc,heap     ] GC(308) Max Capacity: 512M(100%)
[2025-12-18T08:25:33.559+0530][info][gc,heap     ] GC(308) Soft Max Capacity: 512M(100%)
[2025-12-18T08:25:33.559+0530][info][gc,heap     ] GC(308)                Mark Start          Mark End        Relocate Start      Relocate End           High               Low         
[2025-12-18T08:25:33.559+0530][info][gc,heap     ] GC(308)  Capacity:      512M (100%)        512M (100%)        512M (100%)        512M (100%)        512M (100%)        512M (100%)   
[2025-12-18T08:25:33.559+0530][info][gc,heap     ] GC(308)      Free:       78M (15%)           0M (0%)           96M (19%)         154M (30%)         154M (30%)           0M (0%)     
[2025-12-18T08:25:33.559+0530][info][gc,heap     ] GC(308)      Used:      434M (85%)         512M (100%)        416M (81%)         358M (70%)         512M (100%)        358M (70%)    
[2025-12-18T08:25:33.559+0530][info][gc,heap     ] GC(308)      Live:         -               248M (48%)         248M (48%)         248M (48%)            -                  -          
[2025-12-18T08:25:33.559+0530][info][gc,heap     ] GC(308) Allocated:         -                78M (15%)          90M (18%)          89M (18%)            -                  -          
[2025-12-18T08:25:33.559+0530][info][gc,heap     ] GC(308)   Garbage:         -               185M (36%)          77M (15%)          19M (4%)             -                  -          
[2025-12-18T08:25:33.559+0530][info][gc,heap     ] GC(308) Reclaimed:         -                  -               108M (21%)         165M (32%)            -                  -          
[2025-12-18T08:25:33.559+0530][info][gc          ] GC(308) Garbage Collection (Allocation Stall) 434M(85%)->358M(70%)
[2025-12-18T08:25:33.618+0530][info][gc,start    ] GC(309) Garbage Collection (Allocation Stall)
[2025-12-18T08:25:33.618+0530][info][gc,ref      ] GC(309) Clearing All SoftReferences
[2025-12-18T08:25:33.618+0530][info][gc,task     ] GC(309) Using 2 workers
[2025-12-18T08:25:33.618+0530][info][gc,ref      ] GC(309) Clearing All SoftReferences
[2025-12-18T08:25:33.618+0530][info][gc,phases   ] GC(309) Pause Mark Start 0.048ms
[2025-12-18T08:25:33.750+0530][info][gc,phases   ] GC(309) Concurrent Mark 130.971ms
[2025-12-18T08:25:33.750+0530][info][gc,phases   ] GC(309) Pause Mark End 0.027ms
[2025-12-18T08:25:33.750+0530][info][gc,phases   ] GC(309) Concurrent Mark Free 0.001ms
[2025-12-18T08:25:33.751+0530][info][gc,phases   ] GC(309) Concurrent Process Non-Strong References 1.128ms
[2025-12-18T08:25:33.751+0530][info][gc,phases   ] GC(309) Concurrent Reset Relocation Set 0.004ms
[2025-12-18T08:25:33.751+0530][info][gc          ] Allocation Stall (Worker-6) 72.247ms
[2025-12-18T08:25:33.751+0530][info][gc          ] Allocation Stall (Worker-1) 66.640ms
[2025-12-18T08:25:33.751+0530][info][gc          ] Allocation Stall (Worker-5) 66.566ms
[2025-12-18T08:25:33.751+0530][info][gc          ] Allocation Stall (Worker-2) 74.122ms
[2025-12-18T08:25:33.751+0530][info][gc          ] Allocation Stall (Worker-7) 72.653ms
[2025-12-18T08:25:33.751+0530][info][gc          ] Allocation Stall (Worker-3) 72.656ms
[2025-12-18T08:25:33.751+0530][info][gc          ] Allocation Stall (Worker-4) 72.453ms
[2025-12-18T08:25:33.751+0530][info][gc          ] Allocation Stall (Worker-0) 72.446ms
[2025-12-18T08:25:33.755+0530][info][gc,phases   ] GC(309) Concurrent Select Relocation Set 3.693ms
[2025-12-18T08:25:33.755+0530][info][gc,phases   ] GC(309) Pause Relocate Start 0.012ms
[2025-12-18T08:25:33.771+0530][info][gc,phases   ] GC(309) Concurrent Relocate 1.917ms
[2025-12-18T08:25:33.771+0530][info][gc,load     ] GC(309) Load: 0.00/0.00/0.00
[2025-12-18T08:25:33.771+0530][info][gc,mmu      ] GC(309) MMU: 2ms/54.5%, 5ms/81.8%, 10ms/90.8%, 20ms/95.4%, 50ms/98.2%, 100ms/99.0%
[2025-12-18T08:25:33.771+0530][info][gc,marking  ] GC(309) Mark: 2 stripe(s), 2 proactive flush(es), 1 terminate flush(es), 0 completion(s), 0 continuation(s) 
[2025-12-18T08:25:33.771+0530][info][gc,marking  ] GC(309) Mark Stack Usage: 32M
[2025-12-18T08:25:33.771+0530][info][gc,nmethod  ] GC(309) NMethods: 748 registered, 7 unregistered
[2025-12-18T08:25:33.771+0530][info][gc,metaspace] GC(309) Metaspace: 4M used, 4M committed, 1088M reserved
[2025-12-18T08:25:33.771+0530][info][gc,ref      ] GC(309) Soft: 176 encountered, 96 discovered, 0 enqueued
[2025-12-18T08:25:33.771+0530][info][gc,ref      ] GC(309) Weak: 601 encountered, 1 discovered, 0 enqueued
[2025-12-18T08:25:33.771+0530][info][gc,ref      ] GC(309) Final: 0 encountered, 0 discovered, 0 enqueued
[2025-12-18T08:25:33.771+0530][info][gc,ref      ] GC(309) Phantom: 8 encountered, 6 discovered, 0 enqueued
[2025-12-18T08:25:33.771+0530][info][gc,reloc    ] GC(309) Small Pages: 212 / 424M, Empty: 146M, Relocated: 1M, In-Place: 0
[2025-12-18T08:25:33.771+0530][info][gc,reloc    ] GC(309) Medium Pages: 1 / 16M, Empty: 0M, Relocated: 0M, In-Place: 0
[2025-12-18T08:25:33.771+0530][info][gc,reloc    ] GC(309) Large Pages: 1 / 6M, Empty: 0M, Relocated: 0M, In-Place: 0
[2025-12-18T08:25:33.771+0530][info][gc,reloc    ] GC(309) Forwarding Usage: 0M
[2025-12-18T08:25:33.771+0530][info][gc,heap     ] GC(309) Min Capacity: 512M(100%)
[2025-12-18T08:25:33.771+0530][info][gc,heap     ] GC(309) Max Capacity: 512M(100%)
[2025-12-18T08:25:33.771+0530][info][gc,heap     ] GC(309) Soft Max Capacity: 512M(100%)
[2025-12-18T08:25:33.771+0530][info][gc,heap     ] GC(309)                Mark Start          Mark End        Relocate Start      Relocate End           High               Low         
[2025-12-18T08:25:33.771+0530][info][gc,heap     ] GC(309)  Capacity:      512M (100%)        512M (100%)        512M (100%)        512M (100%)        512M (100%)        512M (100%)   
[2025-12-18T08:25:33.771+0530][info][gc,heap     ] GC(309)      Free:       66M (13%)           0M (0%)          132M (26%)         148M (29%)         148M (29%)           0M (0%)     
[2025-12-18T08:25:33.771+0530][info][gc,heap     ] GC(309)      Used:      446M (87%)         512M (100%)        380M (74%)         364M (71%)         512M (100%)        364M (71%)    
[2025-12-18T08:25:33.771+0530][info][gc,heap     ] GC(309)      Live:         -               248M (48%)         248M (48%)         248M (48%)            -                  -          
[2025-12-18T08:25:33.771+0530][info][gc,heap     ] GC(309) Allocated:         -                66M (13%)          80M (16%)          95M (19%)            -                  -          
[2025-12-18T08:25:33.771+0530][info][gc,heap     ] GC(309)   Garbage:         -               197M (39%)          51M (10%)          19M (4%)             -                  -          
[2025-12-18T08:25:33.771+0530][info][gc,heap     ] GC(309) Reclaimed:         -                  -               146M (29%)         177M (35%)            -                  -          
[2025-12-18T08:25:33.771+0530][info][gc          ] GC(309) Garbage Collection (Allocation Stall) 446M(87%)->364M(71%)
[2025-12-18T08:25:33.817+0530][info][gc,start    ] GC(310) Garbage Collection (Allocation Stall)
[2025-12-18T08:25:33.817+0530][info][gc,ref      ] GC(310) Clearing All SoftReferences
[2025-12-18T08:25:33.817+0530][info][gc,task     ] GC(310) Using 2 workers
[2025-12-18T08:25:33.817+0530][info][gc,ref      ] GC(310) Clearing All SoftReferences
[2025-12-18T08:25:33.817+0530][info][gc,phases   ] GC(310) Pause Mark Start 0.060ms
[2025-12-18T08:25:33.948+0530][info][gc,phases   ] GC(310) Concurrent Mark 129.267ms
[2025-12-18T08:25:33.948+0530][info][gc,phases   ] GC(310) Pause Mark End 0.019ms
[2025-12-18T08:25:33.948+0530][info][gc,phases   ] GC(310) Concurrent Mark Free 0.001ms
[2025-12-18T08:25:33.949+0530][info][gc,phases   ] GC(310) Concurrent Process Non-Strong References 1.170ms
[2025-12-18T08:25:33.949+0530][info][gc,phases   ] GC(310) Concurrent Reset Relocation Set 0.002ms
[2025-12-18T08:25:33.952+0530][info][gc          ] Allocation Stall (Worker-3) 62.899ms
[2025-12-18T08:25:33.952+0530][info][gc          ] Allocation Stall (Worker-7) 62.834ms
[2025-12-18T08:25:33.952+0530][info][gc          ] Allocation Stall (Worker-6) 60.198ms
[2025-12-18T08:25:33.952+0530][info][gc          ] Allocation Stall (Worker-2) 64.162ms
[2025-12-18T08:25:33.952+0530][info][gc          ] Allocation Stall (Worker-5) 64.095ms
[2025-12-18T08:25:33.952+0530][info][gc          ] Allocation Stall (Worker-4) 63.049ms
[2025-12-18T08:25:33.952+0530][info][gc          ] Allocation Stall (Worker-0) 56.755ms
[2025-12-18T08:25:33.952+0530][info][gc          ] Allocation Stall (Worker-1) 63.857ms
[2025-12-18T08:25:33.952+0530][info][gc,phases   ] GC(310) Concurrent Select Relocation Set 3.070ms
[2025-12-18T08:25:33.953+0530][info][gc,phases   ] GC(310) Pause Relocate Start 0.011ms
[2025-12-18T08:25:33.962+0530][info][gc,phases   ] GC(310) Concurrent Relocate 1.931ms
[2025-12-18T08:25:33.962+0530][info][gc,load     ] GC(310) Load: 0.00/0.00/0.00
[2025-12-18T08:25:33.962+0530][info][gc,mmu      ] GC(310) MMU: 2ms/54.5%, 5ms/81.8%, 10ms/90.8%, 20ms/95.4%, 50ms/98.2%, 100ms/99.0%
[2025-12-18T08:25:33.962+0530][info][gc,marking  ] GC(310) Mark: 2 stripe(s), 2 proactive flush(es), 1 terminate flush(es), 0 completion(s), 0 continuation(s) 
[2025-12-18T08:25:33.962+0530][info][gc,marking  ] GC(310) Mark Stack Usage: 32M
[2025-12-18T08:25:33.962+0530][info][gc,nmethod  ] GC(310) NMethods: 748 registered, 7 unregistered
[2025-12-18T08:25:33.962+0530][info][gc,metaspace] GC(310) Metaspace: 4M used, 4M committed, 1088M reserved
[2025-12-18T08:25:33.962+0530][info][gc,ref      ] GC(310) Soft: 176 encountered, 93 discovered, 0 enqueued
[2025-12-18T08:25:33.962+0530][info][gc,ref      ] GC(310) Weak: 601 encountered, 468 discovered, 0 enqueued
[2025-12-18T08:25:33.962+0530][info][gc,ref      ] GC(310) Final: 0 encountered, 0 discovered, 0 enqueued
[2025-12-18T08:25:33.962+0530][info][gc,ref      ] GC(310) Phantom: 8 encountered, 3 discovered, 0 enqueued
[2025-12-18T08:25:33.962+0530][info][gc,reloc    ] GC(310) Small Pages: 206 / 412M, Empty: 116M, Relocated: 1M, In-Place: 0
[2025-12-18T08:25:33.962+0530][info][gc,reloc    ] GC(310) Medium Pages: 1 / 16M, Empty: 0M, Relocated: 0M, In-Place: 0
[2025-12-18T08:25:33.962+0530][info][gc,reloc    ] GC(310) Large Pages: 1 / 6M, Empty: 0M, Relocated: 0M, In-Place: 0
[2025-12-18T08:25:33.962+0530][info][gc,reloc    ] GC(310) Forwarding Usage: 0M
[2025-12-18T08:25:33.962+0530][info][gc,heap     ] GC(310) Min Capacity: 512M(100%)
[2025-12-18T08:25:33.962+0530][info][gc,heap     ] GC(310) Max Capacity: 512M(100%)
[2025-12-18T08:25:33.962+0530][info][gc,heap     ] GC(310) Soft Max Capacity: 512M(100%)
[2025-12-18T08:25:33.962+0530][info][gc,heap     ] GC(310)                Mark Start          Mark End        Relocate Start      Relocate End           High               Low         
[2025-12-18T08:25:33.962+0530][info][gc,heap     ] GC(310)  Capacity:      512M (100%)        512M (100%)        512M (100%)        512M (100%)        512M (100%)        512M (100%)   
[2025-12-18T08:25:33.962+0530][info][gc,heap     ] GC(310)      Free:       78M (15%)           0M (0%)          104M (20%)         154M (30%)         154M (30%)           0M (0%)     
[2025-12-18T08:25:33.962+0530][info][gc,heap     ] GC(310)      Used:      434M (85%)         512M (100%)        408M (80%)         358M (70%)         512M (100%)        358M (70%)    
[2025-12-18T08:25:33.962+0530][info][gc,heap     ] GC(310)      Live:         -               248M (48%)         248M (48%)         248M (48%)            -                  -          
[2025-12-18T08:25:33.962+0530][info][gc,heap     ] GC(310) Allocated:         -                78M (15%)          90M (18%)          89M (18%)            -                  -          
[2025-12-18T08:25:33.962+0530][info][gc,heap     ] GC(310)   Garbage:         -               185M (36%)          69M (14%)          19M (4%)             -                  -          
[2025-12-18T08:25:33.962+0530][info][gc,heap     ] GC(310) Reclaimed:         -                  -               116M (23%)         165M (32%)            -                  -          
[2025-12-18T08:25:33.962+0530][info][gc          ] GC(310) Garbage Collection (Allocation Stall) 434M(85%)->358M(70%)
[2025-12-18T08:25:34.017+0530][info][gc,start    ] GC(311) Garbage Collection (Allocation Stall)
[2025-12-18T08:25:34.017+0530][info][gc,ref      ] GC(311) Clearing All SoftReferences
[2025-12-18T08:25:34.017+0530][info][gc,task     ] GC(311) Using 2 workers
[2025-12-18T08:25:34.017+0530][info][gc,ref      ] GC(311) Clearing All SoftReferences
[2025-12-18T08:25:34.017+0530][info][gc,phases   ] GC(311) Pause Mark Start 0.065ms
[2025-12-18T08:25:34.153+0530][info][gc,phases   ] GC(311) Concurrent Mark 124.859ms
[2025-12-18T08:25:34.153+0530][info][gc,phases   ] GC(311) Pause Mark End 0.019ms
[2025-12-18T08:25:34.153+0530][info][gc,phases   ] GC(311) Concurrent Mark Free 0.001ms
[2025-12-18T08:25:34.154+0530][info][gc,phases   ] GC(311) Concurrent Process Non-Strong References 1.163ms
[2025-12-18T08:25:34.154+0530][info][gc,phases   ] GC(311) Concurrent Reset Relocation Set 0.004ms
[2025-12-18T08:25:34.154+0530][info][gc          ] Allocation Stall (Worker-3) 68.207ms
[2025-12-18T08:25:34.154+0530][info][gc          ] Allocation Stall (Worker-5) 77.082ms
[2025-12-18T08:25:34.154+0530][info][gc          ] Allocation Stall (Worker-0) 67.162ms
[2025-12-18T08:25:34.154+0530][info][gc          ] Allocation Stall (Worker-4) 75.938ms
[2025-12-18T08:25:34.154+0530][info][gc          ] Allocation Stall (Worker-1) 67.636ms
[2025-12-18T08:25:34.154+0530][info][gc          ] Allocation Stall (Worker-2) 68.647ms
[2025-12-18T08:25:34.154+0530][info][gc          ] Allocation Stall (Worker-6) 74.776ms
[2025-12-18T08:25:34.154+0530][info][gc          ] Allocation Stall (Worker-7) 74.547ms
[2025-12-18T08:25:34.158+0530][info][gc,phases   ] GC(311) Concurrent Select Relocation Set 3.605ms
[2025-12-18T08:25:34.158+0530][info][gc,phases   ] GC(311) Pause Relocate Start 0.012ms
[2025-12-18T08:25:34.183+0530][info][gc,phases   ] GC(311) Concurrent Relocate 1.960ms
[2025-12-18T08:25:34.183+0530][info][gc,load     ] GC(311) Load: 0.00/0.00/0.00
[2025-12-18T08:25:34.183+0530][info][gc,mmu      ] GC(311) MMU: 2ms/54.5%, 5ms/81.8%, 10ms/90.8%, 20ms/95.4%, 50ms/98.2%, 100ms/99.0%
[2025-12-18T08:25:34.183+0530][info][gc,marking  ] GC(311) Mark: 2 stripe(s), 2 proactive flush(es), 1 terminate flush(es), 0 completion(s), 0 continuation(s) 
[2025-12-18T08:25:34.183+0530][info][gc,marking  ] GC(311) Mark Stack Usage: 32M
[2025-12-18T08:25:34.183+0530][info][gc,nmethod  ] GC(311) NMethods: 748 registered, 7 unregistered
[2025-12-18T08:25:34.183+0530][info][gc,metaspace] GC(311) Metaspace: 4M used, 4M committed, 1088M reserved
[2025-12-18T08:25:34.183+0530][info][gc,ref      ] GC(311) Soft: 176 encountered, 85 discovered, 0 enqueued
[2025-12-18T08:25:34.183+0530][info][gc,ref      ] GC(311) Weak: 601 encountered, 465 discovered, 0 enqueued
[2025-12-18T08:25:34.183+0530][info][gc,ref      ] GC(311) Final: 0 encountered, 0 discovered, 0 enqueued
[2025-12-18T08:25:34.183+0530][info][gc,ref      ] GC(311) Phantom: 8 encountered, 5 discovered, 0 enqueued
[2025-12-18T08:25:34.183+0530][info][gc,reloc    ] GC(311) Small Pages: 213 / 426M, Empty: 148M, Relocated: 1M, In-Place: 0
[2025-12-18T08:25:34.183+0530][info][gc,reloc    ] GC(311) Medium Pages: 1 / 16M, Empty: 0M, Relocated: 0M, In-Place: 0
[2025-12-18T08:25:34.183+0530][info][gc,reloc    ] GC(311) Large Pages: 1 / 6M, Empty: 0M, Relocated: 0M, In-Place: 0
[2025-12-18T08:25:34.183+0530][info][gc,reloc    ] GC(311) Forwarding Usage: 0M
[2025-12-18T08:25:34.183+0530][info][gc,heap     ] GC(311) Min Capacity: 512M(100%)
[2025-12-18T08:25:34.183+0530][info][gc,heap     ] GC(311) Max Capacity: 512M(100%)
[2025-12-18T08:25:34.183+0530][info][gc,heap     ] GC(311) Soft Max Capacity: 512M(100%)
[2025-12-18T08:25:34.183+0530][info][gc,heap     ] GC(311)                Mark Start          Mark End        Relocate Start      Relocate End           High               Low         
[2025-12-18T08:25:34.183+0530][info][gc,heap     ] GC(311)  Capacity:      512M (100%)        512M (100%)        512M (100%)        512M (100%)        512M (100%)        512M (100%)   
[2025-12-18T08:25:34.183+0530][info][gc,heap     ] GC(311)      Free:       64M (12%)           0M (0%)          136M (27%)         138M (27%)         138M (27%)           0M (0%)     
[2025-12-18T08:25:34.183+0530][info][gc,heap     ] GC(311)      Used:      448M (88%)         512M (100%)        376M (73%)         374M (73%)         512M (100%)        374M (73%)    
[2025-12-18T08:25:34.183+0530][info][gc,heap     ] GC(311)      Live:         -               248M (48%)         248M (48%)         248M (48%)            -                  -          
[2025-12-18T08:25:34.183+0530][info][gc,heap     ] GC(311) Allocated:         -                64M (12%)          76M (15%)         105M (21%)            -                  -          
[2025-12-18T08:25:34.183+0530][info][gc,heap     ] GC(311)   Garbage:         -               199M (39%)          51M (10%)          19M (4%)             -                  -          
[2025-12-18T08:25:34.183+0530][info][gc,heap     ] GC(311) Reclaimed:         -                  -               148M (29%)         179M (35%)            -                  -          
[2025-12-18T08:25:34.183+0530][info][gc          ] GC(311) Garbage Collection (Allocation Stall) 448M(88%)->374M(73%)
[2025-12-18T08:25:34.218+0530][info][gc,start    ] GC(312) Garbage Collection (Allocation Stall)
[2025-12-18T08:25:34.218+0530][info][gc,ref      ] GC(312) Clearing All SoftReferences
[2025-12-18T08:25:34.218+0530][info][gc,task     ] GC(312) Using 2 workers
[2025-12-18T08:25:34.218+0530][info][gc,ref      ] GC(312) Clearing All SoftReferences
[2025-12-18T08:25:34.218+0530][info][gc,phases   ] GC(312) Pause Mark Start 0.059ms
[2025-12-18T08:25:34.351+0530][info][gc,phases   ] GC(312) Concurrent Mark 130.035ms
[2025-12-18T08:25:34.351+0530][info][gc,phases   ] GC(312) Pause Mark End 0.020ms
[2025-12-18T08:25:34.351+0530][info][gc,phases   ] GC(312) Concurrent Mark Free 0.001ms
[2025-12-18T08:25:34.352+0530][info][gc,phases   ] GC(312) Concurrent Process Non-Strong References 1.295ms
[2025-12-18T08:25:34.352+0530][info][gc,phases   ] GC(312) Concurrent Reset Relocation Set 0.002ms
[2025-12-18T08:25:34.355+0530][info][gc          ] Allocation Stall (Worker-7) 56.241ms
[2025-12-18T08:25:34.355+0530][info][gc          ] Allocation Stall (Worker-4) 55.170ms
[2025-12-18T08:25:34.355+0530][info][gc          ] Allocation Stall (Worker-3) 56.836ms
[2025-12-18T08:25:34.355+0530][info][gc          ] Allocation Stall (Worker-1) 57.896ms
[2025-12-18T08:25:34.355+0530][info][gc          ] Allocation Stall (Worker-5) 62.073ms
[2025-12-18T08:25:34.355+0530][info][gc          ] Allocation Stall (Worker-2) 60.141ms
[2025-12-18T08:25:34.355+0530][info][gc          ] Allocation Stall (Worker-0) 59.955ms
[2025-12-18T08:25:34.355+0530][info][gc          ] Allocation Stall (Worker-6) 59.773ms
[2025-12-18T08:25:34.355+0530][info][gc,phases   ] GC(312) Concurrent Select Relocation Set 3.043ms
[2025-12-18T08:25:34.356+0530][info][gc,phases   ] GC(312) Pause Relocate Start 0.010ms
[2025-12-18T08:25:34.370+0530][info][gc,phases   ] GC(312) Concurrent Relocate 1.930ms
[2025-12-18T08:25:34.370+0530][info][gc,load     ] GC(312) Load: 0.00/0.00/0.00
[2025-12-18T08:25:34.370+0530][info][gc,mmu      ] GC(312) MMU: 2ms/54.5%, 5ms/81.8%, 10ms/90.8%, 20ms/95.4%, 50ms/98.2%, 100ms/99.0%
[2025-12-18T08:25:34.370+0530][info][gc,marking  ] GC(312) Mark: 2 stripe(s), 2 proactive flush(es), 1 terminate flush(es), 0 completion(s), 0 continuation(s) 
[2025-12-18T08:25:34.370+0530][info][gc,marking  ] GC(312) Mark Stack Usage: 32M
[2025-12-18T08:25:34.370+0530][info][gc,nmethod  ] GC(312) NMethods: 748 registered, 7 unregistered
[2025-12-18T08:25:34.370+0530][info][gc,metaspace] GC(312) Metaspace: 4M used, 4M committed, 1088M reserved
[2025-12-18T08:25:34.370+0530][info][gc,ref      ] GC(312) Soft: 176 encountered, 94 discovered, 0 enqueued
[2025-12-18T08:25:34.370+0530][info][gc,ref      ] GC(312) Weak: 601 encountered, 8 discovered, 0 enqueued
[2025-12-18T08:25:34.370+0530][info][gc,ref      ] GC(312) Final: 0 encountered, 0 discovered, 0 enqueued
[2025-12-18T08:25:34.370+0530][info][gc,ref      ] GC(312) Phantom: 8 encountered, 4 discovered, 0 enqueued
[2025-12-18T08:25:34.370+0530][info][gc,reloc    ] GC(312) Small Pages: 202 / 404M, Empty: 98M, Relocated: 1M, In-Place: 0
[2025-12-18T08:25:34.370+0530][info][gc,reloc    ] GC(312) Medium Pages: 1 / 16M, Empty: 0M, Relocated: 0M, In-Place: 0
[2025-12-18T08:25:34.371+0530][info][gc,reloc    ] GC(312) Large Pages: 1 / 6M, Empty: 0M, Relocated: 0M, In-Place: 0
[2025-12-18T08:25:34.371+0530][info][gc,reloc    ] GC(312) Forwarding Usage: 0M
[2025-12-18T08:25:34.371+0530][info][gc,heap     ] GC(312) Min Capacity: 512M(100%)
[2025-12-18T08:25:34.371+0530][info][gc,heap     ] GC(312) Max Capacity: 512M(100%)
[2025-12-18T08:25:34.371+0530][info][gc,heap     ] GC(312) Soft Max Capacity: 512M(100%)
[2025-12-18T08:25:34.371+0530][info][gc,heap     ] GC(312)                Mark Start          Mark End        Relocate Start      Relocate End           High               Low         
[2025-12-18T08:25:34.371+0530][info][gc,heap     ] GC(312)  Capacity:      512M (100%)        512M (100%)        512M (100%)        512M (100%)        512M (100%)        512M (100%)   
[2025-12-18T08:25:34.371+0530][info][gc,heap     ] GC(312)      Free:       86M (17%)           0M (0%)           86M (17%)         132M (26%)         132M (26%)           0M (0%)     
[2025-12-18T08:25:34.371+0530][info][gc,heap     ] GC(312)      Used:      426M (83%)         512M (100%)        426M (83%)         380M (74%)         512M (100%)        380M (74%)    
[2025-12-18T08:25:34.371+0530][info][gc,heap     ] GC(312)      Live:         -               248M (48%)         248M (48%)         248M (48%)            -                  -          
[2025-12-18T08:25:34.371+0530][info][gc,heap     ] GC(312) Allocated:         -                86M (17%)          98M (19%)         111M (22%)            -                  -          
[2025-12-18T08:25:34.371+0530][info][gc,heap     ] GC(312)   Garbage:         -               177M (35%)          79M (16%)          19M (4%)             -                  -          
[2025-12-18T08:25:34.371+0530][info][gc,heap     ] GC(312) Reclaimed:         -                  -                98M (19%)         157M (31%)            -                  -          
[2025-12-18T08:25:34.371+0530][info][gc          ] GC(312) Garbage Collection (Allocation Stall) 426M(83%)->380M(74%)
[2025-12-18T08:25:34.417+0530][info][gc,start    ] GC(313) Garbage Collection (Allocation Stall)
[2025-12-18T08:25:34.417+0530][info][gc,ref      ] GC(313) Clearing All SoftReferences
[2025-12-18T08:25:34.417+0530][info][gc,task     ] GC(313) Using 2 workers
[2025-12-18T08:25:34.417+0530][info][gc,ref      ] GC(313) Clearing All SoftReferences
[2025-12-18T08:25:34.417+0530][info][gc,phases   ] GC(313) Pause Mark Start 0.057ms
[2025-12-18T08:25:34.545+0530][info][gc,phases   ] GC(313) Concurrent Mark 125.386ms
[2025-12-18T08:25:34.545+0530][info][gc,phases   ] GC(313) Pause Mark End 0.022ms
[2025-12-18T08:25:34.545+0530][info][gc,phases   ] GC(313) Concurrent Mark Free 0.002ms
[2025-12-18T08:25:34.546+0530][info][gc,phases   ] GC(313) Concurrent Process Non-Strong References 1.183ms
[2025-12-18T08:25:34.546+0530][info][gc,phases   ] GC(313) Concurrent Reset Relocation Set 0.005ms
[2025-12-18T08:25:34.546+0530][info][gc          ] Allocation Stall (Worker-6) 70.790ms
[2025-12-18T08:25:34.546+0530][info][gc          ] Allocation Stall (Worker-2) 65.126ms
[2025-12-18T08:25:34.546+0530][info][gc          ] Allocation Stall (Worker-0) 67.600ms
[2025-12-18T08:25:34.546+0530][info][gc          ] Allocation Stall (Worker-7) 73.003ms
[2025-12-18T08:25:34.547+0530][info][gc          ] Allocation Stall (Worker-1) 72.593ms
[2025-12-18T08:25:34.547+0530][info][gc          ] Allocation Stall (Worker-3) 72.005ms
[2025-12-18T08:25:34.547+0530][info][gc          ] Allocation Stall (Worker-4) 71.482ms
[2025-12-18T08:25:34.547+0530][info][gc          ] Allocation Stall (Worker-5) 71.456ms
[2025-12-18T08:25:34.550+0530][info][gc,phases   ] GC(313) Concurrent Select Relocation Set 3.713ms
[2025-12-18T08:25:34.550+0530][info][gc,phases   ] GC(313) Pause Relocate Start 0.010ms
[2025-12-18T08:25:34.559+0530][info][gc,phases   ] GC(313) Concurrent Relocate 1.994ms
[2025-12-18T08:25:34.559+0530][info][gc,load     ] GC(313) Load: 0.00/0.00/0.00
[2025-12-18T08:25:34.559+0530][info][gc,mmu      ] GC(313) MMU: 2ms/54.5%, 5ms/81.8%, 10ms/90.8%, 20ms/95.4%, 50ms/98.2%, 100ms/99.0%
[2025-12-18T08:25:34.559+0530][info][gc,marking  ] GC(313) Mark: 2 stripe(s), 2 proactive flush(es), 1 terminate flush(es), 0 completion(s), 0 continuation(s) 
[2025-12-18T08:25:34.559+0530][info][gc,marking  ] GC(313) Mark Stack Usage: 32M
[2025-12-18T08:25:34.559+0530][info][gc,nmethod  ] GC(313) NMethods: 748 registered, 7 unregistered
[2025-12-18T08:25:34.559+0530][info][gc,metaspace] GC(313) Metaspace: 4M used, 4M committed, 1088M reserved
[2025-12-18T08:25:34.559+0530][info][gc,ref      ] GC(313) Soft: 176 encountered, 97 discovered, 0 enqueued
[2025-12-18T08:25:34.559+0530][info][gc,ref      ] GC(313) Weak: 601 encountered, 17 discovered, 0 enqueued
[2025-12-18T08:25:34.559+0530][info][gc,ref      ] GC(313) Final: 0 encountered, 0 discovered, 0 enqueued
[2025-12-18T08:25:34.559+0530][info][gc,ref      ] GC(313) Phantom: 8 encountered, 6 discovered, 0 enqueued
[2025-12-18T08:25:34.559+0530][info][gc,reloc    ] GC(313) Small Pages: 212 / 424M, Empty: 132M, Relocated: 1M, In-Place: 0
[2025-12-18T08:25:34.559+0530][info][gc,reloc    ] GC(313) Medium Pages: 1 / 16M, Empty: 0M, Relocated: 0M, In-Place: 0
[2025-12-18T08:25:34.559+0530][info][gc,reloc    ] GC(313) Large Pages: 1 / 6M, Empty: 0M, Relocated: 0M, In-Place: 0
[2025-12-18T08:25:34.559+0530][info][gc,reloc    ] GC(313) Forwarding Usage: 0M
[2025-12-18T08:25:34.559+0530][info][gc,heap     ] GC(313) Min Capacity: 512M(100%)
[2025-12-18T08:25:34.559+0530][info][gc,heap     ] GC(313) Max Capacity: 512M(100%)
[2025-12-18T08:25:34.559+0530][info][gc,heap     ] GC(313) Soft Max Capacity: 512M(100%)
[2025-12-18T08:25:34.559+0530][info][gc,heap     ] GC(313)                Mark Start          Mark End        Relocate Start      Relocate End           High               Low         
[2025-12-18T08:25:34.559+0530][info][gc,heap     ] GC(313)  Capacity:      512M (100%)        512M (100%)        512M (100%)        512M (100%)        512M (100%)        512M (100%)   
[2025-12-18T08:25:34.559+0530][info][gc,heap     ] GC(313)      Free:       66M (13%)           0M (0%)          120M (23%)         166M (32%)         166M (32%)           0M (0%)     
[2025-12-18T08:25:34.559+0530][info][gc,heap     ] GC(313)      Used:      446M (87%)         512M (100%)        392M (77%)         346M (68%)         512M (100%)        346M (68%)    
[2025-12-18T08:25:34.559+0530][info][gc,heap     ] GC(313)      Live:         -               248M (48%)         248M (48%)         248M (48%)            -                  -          
[2025-12-18T08:25:34.559+0530][info][gc,heap     ] GC(313) Allocated:         -                66M (13%)          78M (15%)          77M (15%)            -                  -          
[2025-12-18T08:25:34.559+0530][info][gc,heap     ] GC(313)   Garbage:         -               197M (39%)          65M (13%)          19M (4%)             -                  -          
[2025-12-18T08:25:34.559+0530][info][gc,heap     ] GC(313) Reclaimed:         -                  -               132M (26%)         177M (35%)            -                  -          
[2025-12-18T08:25:34.559+0530][info][gc          ] GC(313) Garbage Collection (Allocation Stall) 446M(87%)->346M(68%)
[2025-12-18T08:25:34.618+0530][info][gc,start    ] GC(314) Garbage Collection (Allocation Stall)
[2025-12-18T08:25:34.618+0530][info][gc,ref      ] GC(314) Clearing All SoftReferences
[2025-12-18T08:25:34.618+0530][info][gc,task     ] GC(314) Using 2 workers
[2025-12-18T08:25:34.618+0530][info][gc,ref      ] GC(314) Clearing All SoftReferences
[2025-12-18T08:25:34.618+0530][info][gc,phases   ] GC(314) Pause Mark Start 0.063ms
[2025-12-18T08:25:34.758+0530][info][gc,phases   ] GC(314) Concurrent Mark 112.624ms
[2025-12-18T08:25:34.758+0530][info][gc,phases   ] GC(314) Pause Mark End 0.021ms
[2025-12-18T08:25:34.758+0530][info][gc,phases   ] GC(314) Concurrent Mark Free 0.001ms
[2025-12-18T08:25:34.759+0530][info][gc,phases   ] GC(314) Concurrent Process Non-Strong References 1.139ms
[2025-12-18T08:25:34.759+0530][info][gc,phases   ] GC(314) Concurrent Reset Relocation Set 0.004ms
[2025-12-18T08:25:34.759+0530][info][gc          ] Allocation Stall (Worker-7) 74.652ms
[2025-12-18T08:25:34.759+0530][info][gc          ] Allocation Stall (Worker-3) 74.933ms
[2025-12-18T08:25:34.759+0530][info][gc          ] Allocation Stall (Worker-5) 74.602ms
[2025-12-18T08:25:34.759+0530][info][gc          ] Allocation Stall (Worker-1) 81.922ms
[2025-12-18T08:25:34.759+0530][info][gc          ] Allocation Stall (Worker-0) 70.095ms
[2025-12-18T08:25:34.759+0530][info][gc          ] Allocation Stall (Worker-6) 77.442ms
[2025-12-18T08:25:34.759+0530][info][gc          ] Allocation Stall (Worker-2) 77.423ms
[2025-12-18T08:25:34.759+0530][info][gc          ] Allocation Stall (Worker-4) 76.892ms
[2025-12-18T08:25:34.763+0530][info][gc,phases   ] GC(314) Concurrent Select Relocation Set 3.728ms
[2025-12-18T08:25:34.763+0530][info][gc,phases   ] GC(314) Pause Relocate Start 0.011ms
[2025-12-18T08:25:34.768+0530][info][gc,phases   ] GC(314) Concurrent Relocate 1.784ms
[2025-12-18T08:25:34.768+0530][info][gc,load     ] GC(314) Load: 0.00/0.00/0.00
[2025-12-18T08:25:34.768+0530][info][gc,mmu      ] GC(314) MMU: 2ms/54.5%, 5ms/81.8%, 10ms/90.8%, 20ms/95.4%, 50ms/98.2%, 100ms/99.0%
[2025-12-18T08:25:34.768+0530][info][gc,marking  ] GC(314) Mark: 2 stripe(s), 2 proactive flush(es), 1 terminate flush(es), 0 completion(s), 0 continuation(s) 
[2025-12-18T08:25:34.768+0530][info][gc,marking  ] GC(314) Mark Stack Usage: 32M
[2025-12-18T08:25:34.768+0530][info][gc,nmethod  ] GC(314) NMethods: 753 registered, 7 unregistered
[2025-12-18T08:25:34.768+0530][info][gc,metaspace] GC(314) Metaspace: 4M used, 4M committed, 1088M reserved
[2025-12-18T08:25:34.768+0530][info][gc,ref      ] GC(314) Soft: 176 encountered, 97 discovered, 0 enqueued
[2025-12-18T08:25:34.768+0530][info][gc,ref      ] GC(314) Weak: 601 encountered, 466 discovered, 0 enqueued
[2025-12-18T08:25:34.768+0530][info][gc,ref      ] GC(314) Final: 0 encountered, 0 discovered, 0 enqueued
[2025-12-18T08:25:34.768+0530][info][gc,ref      ] GC(314) Phantom: 8 encountered, 6 discovered, 0 enqueued
[2025-12-18T08:25:34.768+0530][info][gc,reloc    ] GC(314) Small Pages: 210 / 420M, Empty: 140M, Relocated: 1M, In-Place: 0
[2025-12-18T08:25:34.768+0530][info][gc,reloc    ] GC(314) Medium Pages: 1 / 16M, Empty: 0M, Relocated: 0M, In-Place: 0
[2025-12-18T08:25:34.768+0530][info][gc,reloc    ] GC(314) Large Pages: 1 / 6M, Empty: 0M, Relocated: 0M, In-Place: 0
[2025-12-18T08:25:34.768+0530][info][gc,reloc    ] GC(314) Forwarding Usage: 0M
[2025-12-18T08:25:34.768+0530][info][gc,heap     ] GC(314) Min Capacity: 512M(100%)
[2025-12-18T08:25:34.768+0530][info][gc,heap     ] GC(314) Max Capacity: 512M(100%)
[2025-12-18T08:25:34.768+0530][info][gc,heap     ] GC(314) Soft Max Capacity: 512M(100%)
[2025-12-18T08:25:34.768+0530][info][gc,heap     ] GC(314)                Mark Start          Mark End        Relocate Start      Relocate End           High               Low         
[2025-12-18T08:25:34.769+0530][info][gc,heap     ] GC(314)  Capacity:      512M (100%)        512M (100%)        512M (100%)        512M (100%)        512M (100%)        512M (100%)   
[2025-12-18T08:25:34.769+0530][info][gc,heap     ] GC(314)      Free:       70M (14%)           0M (0%)          126M (25%)         160M (31%)         160M (31%)           0M (0%)     
[2025-12-18T08:25:34.769+0530][info][gc,heap     ] GC(314)      Used:      442M (86%)         512M (100%)        386M (75%)         352M (69%)         512M (100%)        352M (69%)    
[2025-12-18T08:25:34.769+0530][info][gc,heap     ] GC(314)      Live:         -               248M (48%)         248M (48%)         248M (48%)            -                  -          
[2025-12-18T08:25:34.769+0530][info][gc,heap     ] GC(314) Allocated:         -                70M (14%)          84M (16%)          83M (16%)            -                  -          
[2025-12-18T08:25:34.769+0530][info][gc,heap     ] GC(314)   Garbage:         -               193M (38%)          53M (11%)          19M (4%)             -                  -          
[2025-12-18T08:25:34.769+0530][info][gc,heap     ] GC(314) Reclaimed:         -                  -               140M (27%)         173M (34%)            -                  -          
[2025-12-18T08:25:34.769+0530][info][gc          ] GC(314) Garbage Collection (Allocation Stall) 442M(86%)->352M(69%)
[2025-12-18T08:25:34.817+0530][info][gc,start    ] GC(315) Garbage Collection (Allocation Stall)
[2025-12-18T08:25:34.817+0530][info][gc,ref      ] GC(315) Clearing All SoftReferences
[2025-12-18T08:25:34.817+0530][info][gc,task     ] GC(315) Using 2 workers
[2025-12-18T08:25:34.817+0530][info][gc,ref      ] GC(315) Clearing All SoftReferences
[2025-12-18T08:25:34.817+0530][info][gc,phases   ] GC(315) Pause Mark Start 0.064ms
[2025-12-18T08:25:34.950+0530][info][gc,phases   ] GC(315) Concurrent Mark 124.089ms
[2025-12-18T08:25:34.950+0530][info][gc,phases   ] GC(315) Pause Mark End 0.017ms
[2025-12-18T08:25:34.950+0530][info][gc,phases   ] GC(315) Concurrent Mark Free 0.001ms
[2025-12-18T08:25:34.951+0530][info][gc,phases   ] GC(315) Concurrent Process Non-Strong References 1.075ms
[2025-12-18T08:25:34.951+0530][info][gc,phases   ] GC(315) Concurrent Reset Relocation Set 0.003ms
[2025-12-18T08:25:34.954+0530][info][gc          ] Allocation Stall (Worker-0) 56.106ms
[2025-12-18T08:25:34.954+0530][info][gc          ] Allocation Stall (Worker-6) 56.248ms
[2025-12-18T08:25:34.954+0530][info][gc          ] Allocation Stall (Worker-3) 59.909ms
[2025-12-18T08:25:34.954+0530][info][gc          ] Allocation Stall (Worker-5) 55.264ms
[2025-12-18T08:25:34.954+0530][info][gc          ] Allocation Stall (Worker-1) 64.546ms
[2025-12-18T08:25:34.954+0530][info][gc          ] Allocation Stall (Worker-4) 57.666ms
[2025-12-18T08:25:34.954+0530][info][gc          ] Allocation Stall (Worker-7) 56.515ms
[2025-12-18T08:25:34.954+0530][info][gc          ] Allocation Stall (Worker-2) 59.242ms
[2025-12-18T08:25:34.954+0530][info][gc,phases   ] GC(315) Concurrent Select Relocation Set 3.059ms
[2025-12-18T08:25:34.955+0530][info][gc,phases   ] GC(315) Pause Relocate Start 0.011ms
[2025-12-18T08:25:34.964+0530][info][gc,phases   ] GC(315) Concurrent Relocate 1.926ms
[2025-12-18T08:25:34.964+0530][info][gc,load     ] GC(315) Load: 0.00/0.00/0.00
[2025-12-18T08:25:34.964+0530][info][gc,mmu      ] GC(315) MMU: 2ms/54.5%, 5ms/81.8%, 10ms/90.8%, 20ms/95.4%, 50ms/98.2%, 100ms/99.0%
[2025-12-18T08:25:34.964+0530][info][gc,marking  ] GC(315) Mark: 2 stripe(s), 2 proactive flush(es), 1 terminate flush(es), 0 completion(s), 0 continuation(s) 
[2025-12-18T08:25:34.964+0530][info][gc,marking  ] GC(315) Mark Stack Usage: 32M
[2025-12-18T08:25:34.964+0530][info][gc,nmethod  ] GC(315) NMethods: 753 registered, 7 unregistered
[2025-12-18T08:25:34.964+0530][info][gc,metaspace] GC(315) Metaspace: 4M used, 4M committed, 1088M reserved
[2025-12-18T08:25:34.964+0530][info][gc,ref      ] GC(315) Soft: 176 encountered, 98 discovered, 0 enqueued
[2025-12-18T08:25:34.964+0530][info][gc,ref      ] GC(315) Weak: 601 encountered, 452 discovered, 0 enqueued
[2025-12-18T08:25:34.964+0530][info][gc,ref      ] GC(315) Final: 0 encountered, 0 discovered, 0 enqueued
[2025-12-18T08:25:34.964+0530][info][gc,ref      ] GC(315) Phantom: 8 encountered, 6 discovered, 0 enqueued
[2025-12-18T08:25:34.964+0530][info][gc,reloc    ] GC(315) Small Pages: 202 / 404M, Empty: 126M, Relocated: 1M, In-Place: 0
[2025-12-18T08:25:34.964+0530][info][gc,reloc    ] GC(315) Medium Pages: 1 / 16M, Empty: 0M, Relocated: 0M, In-Place: 0
[2025-12-18T08:25:34.964+0530][info][gc,reloc    ] GC(315) Large Pages: 1 / 6M, Empty: 0M, Relocated: 0M, In-Place: 0
[2025-12-18T08:25:34.964+0530][info][gc,reloc    ] GC(315) Forwarding Usage: 0M
[2025-12-18T08:25:34.964+0530][info][gc,heap     ] GC(315) Min Capacity: 512M(100%)
[2025-12-18T08:25:34.965+0530][info][gc,heap     ] GC(315) Max Capacity: 512M(100%)
[2025-12-18T08:25:34.965+0530][info][gc,heap     ] GC(315) Soft Max Capacity: 512M(100%)
[2025-12-18T08:25:34.965+0530][info][gc,heap     ] GC(315)                Mark Start          Mark End        Relocate Start      Relocate End           High               Low         
[2025-12-18T08:25:34.965+0530][info][gc,heap     ] GC(315)  Capacity:      512M (100%)        512M (100%)        512M (100%)        512M (100%)        512M (100%)        512M (100%)   
[2025-12-18T08:25:34.965+0530][info][gc,heap     ] GC(315)      Free:       86M (17%)           0M (0%)          110M (21%)         142M (28%)         142M (28%)           0M (0%)     
[2025-12-18T08:25:34.965+0530][info][gc,heap     ] GC(315)      Used:      426M (83%)         512M (100%)        402M (79%)         370M (72%)         512M (100%)        370M (72%)    
[2025-12-18T08:25:34.965+0530][info][gc,heap     ] GC(315)      Live:         -               248M (48%)         248M (48%)         248M (48%)            -                  -          
[2025-12-18T08:25:34.965+0530][info][gc,heap     ] GC(315) Allocated:         -                86M (17%)         102M (20%)         101M (20%)            -                  -          
[2025-12-18T08:25:34.965+0530][info][gc,heap     ] GC(315)   Garbage:         -               177M (35%)          51M (10%)          19M (4%)             -                  -          
[2025-12-18T08:25:34.965+0530][info][gc,heap     ] GC(315) Reclaimed:         -                  -               126M (25%)         157M (31%)            -                  -          
[2025-12-18T08:25:34.965+0530][info][gc          ] GC(315) Garbage Collection (Allocation Stall) 426M(83%)->370M(72%)
[2025-12-18T08:25:35.017+0530][info][gc,start    ] GC(316) Garbage Collection (Allocation Stall)
[2025-12-18T08:25:35.017+0530][info][gc,ref      ] GC(316) Clearing All SoftReferences
[2025-12-18T08:25:35.017+0530][info][gc,task     ] GC(316) Using 2 workers
[2025-12-18T08:25:35.017+0530][info][gc,ref      ] GC(316) Clearing All SoftReferences
[2025-12-18T08:25:35.017+0530][info][gc,phases   ] GC(316) Pause Mark Start 0.059ms
[2025-12-18T08:25:35.166+0530][info][gc,phases   ] GC(316) Concurrent Mark 146.796ms
[2025-12-18T08:25:35.166+0530][info][gc,phases   ] GC(316) Pause Mark End 0.021ms
[2025-12-18T08:25:35.166+0530][info][gc,phases   ] GC(316) Concurrent Mark Free 0.002ms
[2025-12-18T08:25:35.173+0530][info][gc,phases   ] GC(316) Concurrent Process Non-Strong References 6.558ms
[2025-12-18T08:25:35.173+0530][info][gc,phases   ] GC(316) Concurrent Reset Relocation Set 0.003ms
[2025-12-18T08:25:35.173+0530][info][gc          ] Allocation Stall (Worker-4) 100.530ms
[2025-12-18T08:25:35.173+0530][info][gc          ] Allocation Stall (Worker-7) 100.285ms
[2025-12-18T08:25:35.173+0530][info][gc          ] Allocation Stall (Worker-3) 97.580ms
[2025-12-18T08:25:35.173+0530][info][gc          ] Allocation Stall (Worker-5) 105.138ms
[2025-12-18T08:25:35.173+0530][info][gc          ] Allocation Stall (Worker-2) 97.161ms
[2025-12-18T08:25:35.173+0530][info][gc          ] Allocation Stall (Worker-1) 104.115ms
[2025-12-18T08:25:35.173+0530][info][gc          ] Allocation Stall (Worker-6) 103.469ms
[2025-12-18T08:25:35.173+0530][info][gc          ] Allocation Stall (Worker-0) 103.102ms
[2025-12-18T08:25:35.177+0530][info][gc,phases   ] GC(316) Concurrent Select Relocation Set 3.674ms
[2025-12-18T08:25:35.180+0530][info][gc,phases   ] GC(316) Pause Relocate Start 0.012ms
[2025-12-18T08:25:35.190+0530][info][gc,phases   ] GC(316) Concurrent Relocate 1.967ms
[2025-12-18T08:25:35.191+0530][info][gc,load     ] GC(316) Load: 0.00/0.00/0.00
[2025-12-18T08:25:35.191+0530][info][gc,mmu      ] GC(316) MMU: 2ms/54.5%, 5ms/81.8%, 10ms/90.8%, 20ms/95.4%, 50ms/98.2%, 100ms/99.0%
[2025-12-18T08:25:35.191+0530][info][gc,marking  ] GC(316) Mark: 2 stripe(s), 2 proactive flush(es), 1 terminate flush(es), 0 completion(s), 0 continuation(s) 
[2025-12-18T08:25:35.191+0530][info][gc,marking  ] GC(316) Mark Stack Usage: 32M
[2025-12-18T08:25:35.191+0530][info][gc,nmethod  ] GC(316) NMethods: 753 registered, 7 unregistered
[2025-12-18T08:25:35.191+0530][info][gc,metaspace] GC(316) Metaspace: 4M used, 4M committed, 1088M reserved
[2025-12-18T08:25:35.191+0530][info][gc,ref      ] GC(316) Soft: 176 encountered, 84 discovered, 0 enqueued
[2025-12-18T08:25:35.191+0530][info][gc,ref      ] GC(316) Weak: 601 encountered, 1 discovered, 0 enqueued
[2025-12-18T08:25:35.191+0530][info][gc,ref      ] GC(316) Final: 0 encountered, 0 discovered, 0 enqueued
[2025-12-18T08:25:35.191+0530][info][gc,ref      ] GC(316) Phantom: 8 encountered, 1 discovered, 0 enqueued
[2025-12-18T08:25:35.191+0530][info][gc,reloc    ] GC(316) Small Pages: 217 / 434M, Empty: 156M, Relocated: 1M, In-Place: 0
[2025-12-18T08:25:35.191+0530][info][gc,reloc    ] GC(316) Medium Pages: 1 / 16M, Empty: 0M, Relocated: 0M, In-Place: 0
[2025-12-18T08:25:35.191+0530][info][gc,reloc    ] GC(316) Large Pages: 1 / 6M, Empty: 0M, Relocated: 0M, In-Place: 0
[2025-12-18T08:25:35.191+0530][info][gc,reloc    ] GC(316) Forwarding Usage: 0M
[2025-12-18T08:25:35.191+0530][info][gc,heap     ] GC(316) Min Capacity: 512M(100%)
[2025-12-18T08:25:35.191+0530][info][gc,heap     ] GC(316) Max Capacity: 512M(100%)
[2025-12-18T08:25:35.191+0530][info][gc,heap     ] GC(316) Soft Max Capacity: 512M(100%)
[2025-12-18T08:25:35.191+0530][info][gc,heap     ] GC(316)                Mark Start          Mark End        Relocate Start      Relocate End           High               Low         
[2025-12-18T08:25:35.191+0530][info][gc,heap     ] GC(316)  Capacity:      512M (100%)        512M (100%)        512M (100%)        512M (100%)        512M (100%)        512M (100%)   
[2025-12-18T08:25:35.191+0530][info][gc,heap     ] GC(316)      Free:       56M (11%)           0M (0%)          142M (28%)         166M (32%)         166M (32%)           0M (0%)     
[2025-12-18T08:25:35.191+0530][info][gc,heap     ] GC(316)      Used:      456M (89%)         512M (100%)        370M (72%)         346M (68%)         512M (100%)        346M (68%)    
[2025-12-18T08:25:35.191+0530][info][gc,heap     ] GC(316)      Live:         -               248M (48%)         248M (48%)         248M (48%)            -                  -          
[2025-12-18T08:25:35.191+0530][info][gc,heap     ] GC(316) Allocated:         -                56M (11%)          70M (14%)          77M (15%)            -                  -          
[2025-12-18T08:25:35.191+0530][info][gc,heap     ] GC(316)   Garbage:         -               207M (41%)          51M (10%)          19M (4%)             -                  -          
[2025-12-18T08:25:35.191+0530][info][gc,heap     ] GC(316) Reclaimed:         -                  -               156M (30%)         187M (37%)            -                  -          
[2025-12-18T08:25:35.191+0530][info][gc          ] GC(316) Garbage Collection (Allocation Stall) 456M(89%)->346M(68%)
[2025-12-18T08:25:35.218+0530][info][gc,start    ] GC(317) Garbage Collection (Allocation Stall)
[2025-12-18T08:25:35.218+0530][info][gc,ref      ] GC(317) Clearing All SoftReferences
[2025-12-18T08:25:35.218+0530][info][gc,task     ] GC(317) Using 2 workers
[2025-12-18T08:25:35.218+0530][info][gc,ref      ] GC(317) Clearing All SoftReferences
[2025-12-18T08:25:35.218+0530][info][gc,phases   ] GC(317) Pause Mark Start 0.087ms
[2025-12-18T08:25:35.357+0530][info][gc,phases   ] GC(317) Concurrent Mark 137.683ms
[2025-12-18T08:25:35.357+0530][info][gc,phases   ] GC(317) Pause Mark End 0.019ms
[2025-12-18T08:25:35.357+0530][info][gc,phases   ] GC(317) Concurrent Mark Free 0.001ms
[2025-12-18T08:25:35.358+0530][info][gc,phases   ] GC(317) Concurrent Process Non-Strong References 1.094ms
[2025-12-18T08:25:35.358+0530][info][gc,phases   ] GC(317) Concurrent Reset Relocation Set 0.002ms
[2025-12-18T08:25:35.361+0530][info][gc          ] Allocation Stall (Worker-5) 23.195ms
[2025-12-18T08:25:35.361+0530][info][gc          ] Allocation Stall (Worker-4) 22.166ms
[2025-12-18T08:25:35.361+0530][info][gc          ] Allocation Stall (Worker-7) 18.856ms
[2025-12-18T08:25:35.361+0530][info][gc          ] Allocation Stall (Worker-6) 20.043ms
[2025-12-18T08:25:35.361+0530][info][gc          ] Allocation Stall (Worker-0) 28.933ms
[2025-12-18T08:25:35.361+0530][info][gc          ] Allocation Stall (Worker-1) 28.236ms
[2025-12-18T08:25:35.361+0530][info][gc          ] Allocation Stall (Worker-2) 26.652ms
[2025-12-18T08:25:35.361+0530][info][gc          ] Allocation Stall (Worker-3) 25.761ms
[2025-12-18T08:25:35.361+0530][info][gc,phases   ] GC(317) Concurrent Select Relocation Set 3.031ms
[2025-12-18T08:25:35.362+0530][info][gc,phases   ] GC(317) Pause Relocate Start 0.010ms
[2025-12-18T08:25:35.390+0530][info][gc,phases   ] GC(317) Concurrent Relocate 1.907ms
[2025-12-18T08:25:35.390+0530][info][gc,load     ] GC(317) Load: 0.00/0.00/0.00
[2025-12-18T08:25:35.390+0530][info][gc,mmu      ] GC(317) MMU: 2ms/54.5%, 5ms/81.8%, 10ms/90.8%, 20ms/95.4%, 50ms/98.2%, 100ms/99.0%
[2025-12-18T08:25:35.390+0530][info][gc,marking  ] GC(317) Mark: 2 stripe(s), 2 proactive flush(es), 1 terminate flush(es), 0 completion(s), 0 continuation(s) 
[2025-12-18T08:25:35.390+0530][info][gc,marking  ] GC(317) Mark Stack Usage: 32M
[2025-12-18T08:25:35.390+0530][info][gc,nmethod  ] GC(317) NMethods: 753 registered, 7 unregistered
[2025-12-18T08:25:35.390+0530][info][gc,metaspace] GC(317) Metaspace: 4M used, 4M committed, 1088M reserved
[2025-12-18T08:25:35.390+0530][info][gc,ref      ] GC(317) Soft: 176 encountered, 97 discovered, 0 enqueued
[2025-12-18T08:25:35.390+0530][info][gc,ref      ] GC(317) Weak: 601 encountered, 6 discovered, 0 enqueued
[2025-12-18T08:25:35.390+0530][info][gc,ref      ] GC(317) Final: 0 encountered, 0 discovered, 0 enqueued
[2025-12-18T08:25:35.390+0530][info][gc,ref      ] GC(317) Phantom: 8 encountered, 6 discovered, 0 enqueued
[2025-12-18T08:25:35.390+0530][info][gc,reloc    ] GC(317) Small Pages: 181 / 362M, Empty: 76M, Relocated: 1M, In-Place: 0
[2025-12-18T08:25:35.390+0530][info][gc,reloc    ] GC(317) Medium Pages: 1 / 16M, Empty: 0M, Relocated: 0M, In-Place: 0
[2025-12-18T08:25:35.390+0530][info][gc,reloc    ] GC(317) Large Pages: 1 / 6M, Empty: 0M, Relocated: 0M, In-Place: 0
[2025-12-18T08:25:35.390+0530][info][gc,reloc    ] GC(317) Forwarding Usage: 0M
[2025-12-18T08:25:35.390+0530][info][gc,heap     ] GC(317) Min Capacity: 512M(100%)
[2025-12-18T08:25:35.390+0530][info][gc,heap     ] GC(317) Max Capacity: 512M(100%)
[2025-12-18T08:25:35.390+0530][info][gc,heap     ] GC(317) Soft Max Capacity: 512M(100%)
[2025-12-18T08:25:35.390+0530][info][gc,heap     ] GC(317)                Mark Start          Mark End        Relocate Start      Relocate End           High               Low         
[2025-12-18T08:25:35.390+0530][info][gc,heap     ] GC(317)  Capacity:      512M (100%)        512M (100%)        512M (100%)        512M (100%)        512M (100%)        512M (100%)   
[2025-12-18T08:25:35.390+0530][info][gc,heap     ] GC(317)      Free:      128M (25%)           0M (0%)           64M (12%)          72M (14%)         128M (25%)           0M (0%)     
[2025-12-18T08:25:35.390+0530][info][gc,heap     ] GC(317)      Used:      384M (75%)         512M (100%)        448M (88%)         440M (86%)         512M (100%)        384M (75%)    
[2025-12-18T08:25:35.391+0530][info][gc,heap     ] GC(317)      Live:         -               248M (48%)         248M (48%)         248M (48%)            -                  -          
[2025-12-18T08:25:35.391+0530][info][gc,heap     ] GC(317) Allocated:         -               128M (25%)         140M (27%)         171M (34%)            -                  -          
[2025-12-18T08:25:35.391+0530][info][gc,heap     ] GC(317)   Garbage:         -               135M (27%)          59M (12%)          19M (4%)             -                  -          
[2025-12-18T08:25:35.391+0530][info][gc,heap     ] GC(317) Reclaimed:         -                  -                76M (15%)         115M (23%)            -                  -          
[2025-12-18T08:25:35.391+0530][info][gc          ] GC(317) Garbage Collection (Allocation Stall) 384M(75%)->440M(86%)
[2025-12-18T08:25:35.417+0530][info][gc,start    ] GC(318) Garbage Collection (Allocation Stall)
[2025-12-18T08:25:35.417+0530][info][gc,ref      ] GC(318) Clearing All SoftReferences
[2025-12-18T08:25:35.417+0530][info][gc,task     ] GC(318) Using 2 workers
[2025-12-18T08:25:35.417+0530][info][gc,ref      ] GC(318) Clearing All SoftReferences
[2025-12-18T08:25:35.417+0530][info][gc,phases   ] GC(318) Pause Mark Start 0.064ms
[2025-12-18T08:25:35.543+0530][info][gc,phases   ] GC(318) Concurrent Mark 125.239ms
[2025-12-18T08:25:35.543+0530][info][gc,phases   ] GC(318) Pause Mark End 0.018ms
[2025-12-18T08:25:35.543+0530][info][gc,phases   ] GC(318) Concurrent Mark Free 0.001ms
[2025-12-18T08:25:35.544+0530][info][gc,phases   ] GC(318) Concurrent Process Non-Strong References 1.146ms
[2025-12-18T08:25:35.544+0530][info][gc,phases   ] GC(318) Concurrent Reset Relocation Set 0.003ms
[2025-12-18T08:25:35.544+0530][info][gc          ] Allocation Stall (Worker-7) 92.919ms
[2025-12-18T08:25:35.544+0530][info][gc          ] Allocation Stall (Worker-3) 91.726ms
[2025-12-18T08:25:35.544+0530][info][gc          ] Allocation Stall (Worker-2) 91.555ms
[2025-12-18T08:25:35.544+0530][info][gc          ] Allocation Stall (Worker-1) 100.541ms
[2025-12-18T08:25:35.544+0530][info][gc          ] Allocation Stall (Worker-5) 99.592ms
[2025-12-18T08:25:35.544+0530][info][gc          ] Allocation Stall (Worker-4) 99.033ms
[2025-12-18T08:25:35.544+0530][info][gc          ] Allocation Stall (Worker-6) 94.471ms
[2025-12-18T08:25:35.544+0530][info][gc          ] Allocation Stall (Worker-0) 93.864ms
[2025-12-18T08:25:35.548+0530][info][gc,phases   ] GC(318) Concurrent Select Relocation Set 3.594ms
[2025-12-18T08:25:35.548+0530][info][gc,phases   ] GC(318) Pause Relocate Start 0.010ms
[2025-12-18T08:25:35.558+0530][info][gc,phases   ] GC(318) Concurrent Relocate 2.037ms
[2025-12-18T08:25:35.558+0530][info][gc,load     ] GC(318) Load: 0.00/0.00/0.00
[2025-12-18T08:25:35.558+0530][info][gc,mmu      ] GC(318) MMU: 2ms/54.5%, 5ms/81.8%, 10ms/90.8%, 20ms/95.4%, 50ms/98.2%, 100ms/99.0%
[2025-12-18T08:25:35.558+0530][info][gc,marking  ] GC(318) Mark: 2 stripe(s), 2 proactive flush(es), 1 terminate flush(es), 0 completion(s), 0 continuation(s) 
[2025-12-18T08:25:35.558+0530][info][gc,marking  ] GC(318) Mark Stack Usage: 32M
[2025-12-18T08:25:35.558+0530][info][gc,nmethod  ] GC(318) NMethods: 753 registered, 7 unregistered
[2025-12-18T08:25:35.558+0530][info][gc,metaspace] GC(318) Metaspace: 4M used, 4M committed, 1088M reserved
[2025-12-18T08:25:35.558+0530][info][gc,ref      ] GC(318) Soft: 176 encountered, 90 discovered, 0 enqueued
[2025-12-18T08:25:35.558+0530][info][gc,ref      ] GC(318) Weak: 601 encountered, 471 discovered, 0 enqueued
[2025-12-18T08:25:35.558+0530][info][gc,ref      ] GC(318) Final: 0 encountered, 0 discovered, 0 enqueued
[2025-12-18T08:25:35.558+0530][info][gc,ref      ] GC(318) Phantom: 8 encountered, 6 discovered, 0 enqueued
[2025-12-18T08:25:35.558+0530][info][gc,reloc    ] GC(318) Small Pages: 231 / 462M, Empty: 154M, Relocated: 1M, In-Place: 0
[2025-12-18T08:25:35.558+0530][info][gc,reloc    ] GC(318) Medium Pages: 1 / 16M, Empty: 0M, Relocated: 0M, In-Place: 0
[2025-12-18T08:25:35.558+0530][info][gc,reloc    ] GC(318) Large Pages: 1 / 6M, Empty: 0M, Relocated: 0M, In-Place: 0
[2025-12-18T08:25:35.558+0530][info][gc,reloc    ] GC(318) Forwarding Usage: 0M
[2025-12-18T08:25:35.559+0530][info][gc,heap     ] GC(318) Min Capacity: 512M(100%)
[2025-12-18T08:25:35.559+0530][info][gc,heap     ] GC(318) Max Capacity: 512M(100%)
[2025-12-18T08:25:35.559+0530][info][gc,heap     ] GC(318) Soft Max Capacity: 512M(100%)
[2025-12-18T08:25:35.559+0530][info][gc,heap     ] GC(318)                Mark Start          Mark End        Relocate Start      Relocate End           High               Low         
[2025-12-18T08:25:35.559+0530][info][gc,heap     ] GC(318)  Capacity:      512M (100%)        512M (100%)        512M (100%)        512M (100%)        512M (100%)        512M (100%)   
[2025-12-18T08:25:35.559+0530][info][gc,heap     ] GC(318)      Free:       28M (5%)            0M (0%)          140M (27%)         202M (39%)         202M (39%)           0M (0%)     
[2025-12-18T08:25:35.559+0530][info][gc,heap     ] GC(318)      Used:      484M (95%)         512M (100%)        372M (73%)         310M (61%)         512M (100%)        310M (61%)    
[2025-12-18T08:25:35.559+0530][info][gc,heap     ] GC(318)      Live:         -               248M (48%)         248M (48%)         248M (48%)            -                  -          
[2025-12-18T08:25:35.559+0530][info][gc,heap     ] GC(318) Allocated:         -                28M (5%)           42M (8%)           41M (8%)             -                  -          
[2025-12-18T08:25:35.559+0530][info][gc,heap     ] GC(318)   Garbage:         -               235M (46%)          81M (16%)          19M (4%)             -                  -          
[2025-12-18T08:25:35.559+0530][info][gc,heap     ] GC(318) Reclaimed:         -                  -               154M (30%)         215M (42%)            -                  -          
[2025-12-18T08:25:35.559+0530][info][gc          ] GC(318) Garbage Collection (Allocation Stall) 484M(95%)->310M(61%)
[2025-12-18T08:25:35.618+0530][info][gc,start    ] GC(319) Garbage Collection (Allocation Stall)
[2025-12-18T08:25:35.618+0530][info][gc,ref      ] GC(319) Clearing All SoftReferences
[2025-12-18T08:25:35.618+0530][info][gc,task     ] GC(319) Using 2 workers
[2025-12-18T08:25:35.618+0530][info][gc,ref      ] GC(319) Clearing All SoftReferences
[2025-12-18T08:25:35.618+0530][info][gc,phases   ] GC(319) Pause Mark Start 0.047ms
[2025-12-18T08:25:35.758+0530][info][gc,phases   ] GC(319) Concurrent Mark 139.657ms
[2025-12-18T08:25:35.758+0530][info][gc,phases   ] GC(319) Pause Mark End 0.018ms
[2025-12-18T08:25:35.758+0530][info][gc,phases   ] GC(319) Concurrent Mark Free 0.002ms
[2025-12-18T08:25:35.759+0530][info][gc,phases   ] GC(319) Concurrent Process Non-Strong References 1.267ms
[2025-12-18T08:25:35.759+0530][info][gc,phases   ] GC(319) Concurrent Reset Relocation Set 0.005ms
[2025-12-18T08:25:35.763+0530][info][gc          ] Allocation Stall (Worker-1) 37.890ms
[2025-12-18T08:25:35.763+0530][info][gc          ] Allocation Stall (Worker-0) 37.522ms
[2025-12-18T08:25:35.763+0530][info][gc          ] Allocation Stall (Worker-5) 36.623ms
[2025-12-18T08:25:35.763+0530][info][gc          ] Allocation Stall (Worker-7) 39.610ms
[2025-12-18T08:25:35.763+0530][info][gc          ] Allocation Stall (Worker-6) 39.526ms
[2025-12-18T08:25:35.763+0530][info][gc          ] Allocation Stall (Worker-4) 38.825ms
[2025-12-18T08:25:35.763+0530][info][gc          ] Allocation Stall (Worker-3) 38.418ms
[2025-12-18T08:25:35.763+0530][info][gc          ] Allocation Stall (Worker-2) 38.985ms
[2025-12-18T08:25:35.763+0530][info][gc,phases   ] GC(319) Concurrent Select Relocation Set 3.610ms
[2025-12-18T08:25:35.763+0530][info][gc,phases   ] GC(319) Pause Relocate Start 0.010ms
[2025-12-18T08:25:35.777+0530][info][gc,phases   ] GC(319) Concurrent Relocate 2.051ms
[2025-12-18T08:25:35.777+0530][info][gc,load     ] GC(319) Load: 0.00/0.00/0.00
[2025-12-18T08:25:35.777+0530][info][gc,mmu      ] GC(319) MMU: 2ms/54.5%, 5ms/81.8%, 10ms/90.8%, 20ms/95.4%, 50ms/98.2%, 100ms/99.0%
[2025-12-18T08:25:35.777+0530][info][gc,marking  ] GC(319) Mark: 2 stripe(s), 2 proactive flush(es), 1 terminate flush(es), 0 completion(s), 0 continuation(s) 
[2025-12-18T08:25:35.777+0530][info][gc,marking  ] GC(319) Mark Stack Usage: 32M
[2025-12-18T08:25:35.777+0530][info][gc,nmethod  ] GC(319) NMethods: 753 registered, 7 unregistered
[2025-12-18T08:25:35.777+0530][info][gc,metaspace] GC(319) Metaspace: 4M used, 4M committed, 1088M reserved
[2025-12-18T08:25:35.777+0530][info][gc,ref      ] GC(319) Soft: 176 encountered, 97 discovered, 0 enqueued
[2025-12-18T08:25:35.777+0530][info][gc,ref      ] GC(319) Weak: 601 encountered, 8 discovered, 0 enqueued
[2025-12-18T08:25:35.777+0530][info][gc,ref      ] GC(319) Final: 0 encountered, 0 discovered, 0 enqueued
[2025-12-18T08:25:35.777+0530][info][gc,ref      ] GC(319) Phantom: 8 encountered, 4 discovered, 0 enqueued
[2025-12-18T08:25:35.777+0530][info][gc,reloc    ] GC(319) Small Pages: 190 / 380M, Empty: 102M, Relocated: 1M, In-Place: 0
[2025-12-18T08:25:35.777+0530][info][gc,reloc    ] GC(319) Medium Pages: 1 / 16M, Empty: 0M, Relocated: 0M, In-Place: 0
[2025-12-18T08:25:35.777+0530][info][gc,reloc    ] GC(319) Large Pages: 1 / 6M, Empty: 0M, Relocated: 0M, In-Place: 0
[2025-12-18T08:25:35.777+0530][info][gc,reloc    ] GC(319) Forwarding Usage: 0M
[2025-12-18T08:25:35.777+0530][info][gc,heap     ] GC(319) Min Capacity: 512M(100%)
[2025-12-18T08:25:35.777+0530][info][gc,heap     ] GC(319) Max Capacity: 512M(100%)
[2025-12-18T08:25:35.777+0530][info][gc,heap     ] GC(319) Soft Max Capacity: 512M(100%)
[2025-12-18T08:25:35.777+0530][info][gc,heap     ] GC(319)                Mark Start          Mark End        Relocate Start      Relocate End           High               Low         
[2025-12-18T08:25:35.777+0530][info][gc,heap     ] GC(319)  Capacity:      512M (100%)        512M (100%)        512M (100%)        512M (100%)        512M (100%)        512M (100%)   
[2025-12-18T08:25:35.777+0530][info][gc,heap     ] GC(319)      Free:      110M (21%)           0M (0%)           90M (18%)         118M (23%)         118M (23%)           0M (0%)     
[2025-12-18T08:25:35.777+0530][info][gc,heap     ] GC(319)      Used:      402M (79%)         512M (100%)        422M (82%)         394M (77%)         512M (100%)        394M (77%)    
[2025-12-18T08:25:35.777+0530][info][gc,heap     ] GC(319)      Live:         -               248M (48%)         248M (48%)         248M (48%)            -                  -          
[2025-12-18T08:25:35.777+0530][info][gc,heap     ] GC(319) Allocated:         -               110M (21%)         122M (24%)         125M (25%)            -                  -          
[2025-12-18T08:25:35.777+0530][info][gc,heap     ] GC(319)   Garbage:         -               153M (30%)          51M (10%)          19M (4%)             -                  -          
[2025-12-18T08:25:35.777+0530][info][gc,heap     ] GC(319) Reclaimed:         -                  -               102M (20%)         133M (26%)            -                  -          
[2025-12-18T08:25:35.777+0530][info][gc          ] GC(319) Garbage Collection (Allocation Stall) 402M(79%)->394M(77%)
[2025-12-18T08:25:35.817+0530][info][gc,start    ] GC(320) Garbage Collection (Allocation Stall)
[2025-12-18T08:25:35.817+0530][info][gc,ref      ] GC(320) Clearing All SoftReferences
[2025-12-18T08:25:35.817+0530][info][gc,task     ] GC(320) Using 2 workers
[2025-12-18T08:25:35.817+0530][info][gc,ref      ] GC(320) Clearing All SoftReferences
[2025-12-18T08:25:35.817+0530][info][gc,phases   ] GC(320) Pause Mark Start 0.069ms
[2025-12-18T08:25:35.945+0530][info][gc,phases   ] GC(320) Concurrent Mark 126.871ms
[2025-12-18T08:25:35.945+0530][info][gc,phases   ] GC(320) Pause Mark End 0.021ms
[2025-12-18T08:25:35.945+0530][info][gc,phases   ] GC(320) Concurrent Mark Free 0.001ms
[2025-12-18T08:25:35.946+0530][info][gc,phases   ] GC(320) Concurrent Process Non-Strong References 1.136ms
[2025-12-18T08:25:35.946+0530][info][gc,phases   ] GC(320) Concurrent Reset Relocation Set 0.003ms
[2025-12-18T08:25:35.946+0530][info][gc          ] Allocation Stall (Worker-7) 66.904ms
[2025-12-18T08:25:35.946+0530][info][gc          ] Allocation Stall (Worker-4) 66.423ms
[2025-12-18T08:25:35.946+0530][info][gc          ] Allocation Stall (Worker-1) 66.531ms
[2025-12-18T08:25:35.946+0530][info][gc          ] Allocation Stall (Worker-0) 63.583ms
[2025-12-18T08:25:35.946+0530][info][gc          ] Allocation Stall (Worker-6) 75.942ms
[2025-12-18T08:25:35.946+0530][info][gc          ] Allocation Stall (Worker-2) 69.117ms
[2025-12-18T08:25:35.946+0530][info][gc          ] Allocation Stall (Worker-5) 69.085ms
[2025-12-18T08:25:35.946+0530][info][gc          ] Allocation Stall (Worker-3) 68.455ms
[2025-12-18T08:25:35.950+0530][info][gc,phases   ] GC(320) Concurrent Select Relocation Set 3.771ms
[2025-12-18T08:25:35.950+0530][info][gc,phases   ] GC(320) Pause Relocate Start 0.011ms
[2025-12-18T08:25:35.965+0530][info][gc,phases   ] GC(320) Concurrent Relocate 1.933ms
[2025-12-18T08:25:35.965+0530][info][gc,load     ] GC(320) Load: 0.00/0.00/0.00
[2025-12-18T08:25:35.965+0530][info][gc,mmu      ] GC(320) MMU: 2ms/54.5%, 5ms/81.8%, 10ms/90.8%, 20ms/95.4%, 50ms/98.2%, 100ms/99.0%
[2025-12-18T08:25:35.965+0530][info][gc,marking  ] GC(320) Mark: 2 stripe(s), 2 proactive flush(es), 1 terminate flush(es), 0 completion(s), 0 continuation(s) 
[2025-12-18T08:25:35.965+0530][info][gc,marking  ] GC(320) Mark Stack Usage: 32M
[2025-12-18T08:25:35.965+0530][info][gc,nmethod  ] GC(320) NMethods: 753 registered, 7 unregistered
[2025-12-18T08:25:35.965+0530][info][gc,metaspace] GC(320) Metaspace: 4M used, 4M committed, 1088M reserved
[2025-12-18T08:25:35.965+0530][info][gc,ref      ] GC(320) Soft: 176 encountered, 93 discovered, 0 enqueued
[2025-12-18T08:25:35.965+0530][info][gc,ref      ] GC(320) Weak: 601 encountered, 8 discovered, 0 enqueued
[2025-12-18T08:25:35.965+0530][info][gc,ref      ] GC(320) Final: 0 encountered, 0 discovered, 0 enqueued
[2025-12-18T08:25:35.965+0530][info][gc,ref      ] GC(320) Phantom: 8 encountered, 7 discovered, 0 enqueued
[2025-12-18T08:25:35.965+0530][info][gc,reloc    ] GC(320) Small Pages: 214 / 428M, Empty: 146M, Relocated: 1M, In-Place: 0
[2025-12-18T08:25:35.965+0530][info][gc,reloc    ] GC(320) Medium Pages: 1 / 16M, Empty: 0M, Relocated: 0M, In-Place: 0
[2025-12-18T08:25:35.965+0530][info][gc,reloc    ] GC(320) Large Pages: 1 / 6M, Empty: 0M, Relocated: 0M, In-Place: 0
[2025-12-18T08:25:35.965+0530][info][gc,reloc    ] GC(320) Forwarding Usage: 0M
[2025-12-18T08:25:35.965+0530][info][gc,heap     ] GC(320) Min Capacity: 512M(100%)
[2025-12-18T08:25:35.965+0530][info][gc,heap     ] GC(320) Max Capacity: 512M(100%)
[2025-12-18T08:25:35.965+0530][info][gc,heap     ] GC(320) Soft Max Capacity: 512M(100%)
[2025-12-18T08:25:35.965+0530][info][gc,heap     ] GC(320)                Mark Start          Mark End        Relocate Start      Relocate End           High               Low         
[2025-12-18T08:25:35.965+0530][info][gc,heap     ] GC(320)  Capacity:      512M (100%)        512M (100%)        512M (100%)        512M (100%)        512M (100%)        512M (100%)   
[2025-12-18T08:25:35.965+0530][info][gc,heap     ] GC(320)      Free:       62M (12%)           0M (0%)          132M (26%)         152M (30%)         152M (30%)           0M (0%)     
[2025-12-18T08:25:35.965+0530][info][gc,heap     ] GC(320)      Used:      450M (88%)         512M (100%)        380M (74%)         360M (70%)         512M (100%)        360M (70%)    
[2025-12-18T08:25:35.965+0530][info][gc,heap     ] GC(320)      Live:         -               248M (48%)         248M (48%)         248M (48%)            -                  -          
[2025-12-18T08:25:35.965+0530][info][gc,heap     ] GC(320) Allocated:         -                62M (12%)          76M (15%)          91M (18%)            -                  -          
[2025-12-18T08:25:35.965+0530][info][gc,heap     ] GC(320)   Garbage:         -               201M (39%)          55M (11%)          19M (4%)             -                  -          
[2025-12-18T08:25:35.965+0530][info][gc,heap     ] GC(320) Reclaimed:         -                  -               146M (29%)         181M (36%)            -                  -          
[2025-12-18T08:25:35.965+0530][info][gc          ] GC(320) Garbage Collection (Allocation Stall) 450M(88%)->360M(70%)
[2025-12-18T08:25:36.017+0530][info][gc,start    ] GC(321) Garbage Collection (Allocation Stall)
[2025-12-18T08:25:36.017+0530][info][gc,ref      ] GC(321) Clearing All SoftReferences
[2025-12-18T08:25:36.017+0530][info][gc,task     ] GC(321) Using 2 workers
[2025-12-18T08:25:36.017+0530][info][gc,ref      ] GC(321) Clearing All SoftReferences
[2025-12-18T08:25:36.017+0530][info][gc,phases   ] GC(321) Pause Mark Start 0.076ms
[2025-12-18T08:25:36.151+0530][info][gc,phases   ] GC(321) Concurrent Mark 131.110ms
[2025-12-18T08:25:36.151+0530][info][gc,phases   ] GC(321) Pause Mark End 0.021ms
[2025-12-18T08:25:36.151+0530][info][gc,phases   ] GC(321) Concurrent Mark Free 0.001ms
[2025-12-18T08:25:36.152+0530][info][gc,phases   ] GC(321) Concurrent Process Non-Strong References 1.234ms
[2025-12-18T08:25:36.152+0530][info][gc,phases   ] GC(321) Concurrent Reset Relocation Set 0.003ms
[2025-12-18T08:25:36.155+0530][info][gc          ] Allocation Stall (Worker-7) 60.217ms
[2025-12-18T08:25:36.155+0530][info][gc          ] Allocation Stall (Worker-2) 59.756ms
[2025-12-18T08:25:36.155+0530][info][gc          ] Allocation Stall (Worker-1) 62.826ms
[2025-12-18T08:25:36.155+0530][info][gc          ] Allocation Stall (Worker-4) 66.700ms
[2025-12-18T08:25:36.155+0530][info][gc          ] Allocation Stall (Worker-6) 61.338ms
[2025-12-18T08:25:36.155+0530][info][gc          ] Allocation Stall (Worker-3) 63.493ms
[2025-12-18T08:25:36.155+0530][info][gc,phases   ] GC(321) Concurrent Select Relocation Set 3.061ms
[2025-12-18T08:25:36.155+0530][info][gc          ] Allocation Stall (Worker-5) 70.410ms
[2025-12-18T08:25:36.155+0530][info][gc          ] Allocation Stall (Worker-0) 56.480ms
[2025-12-18T08:25:36.156+0530][info][gc,phases   ] GC(321) Pause Relocate Start 0.008ms
[2025-12-18T08:25:36.190+0530][info][gc,phases   ] GC(321) Concurrent Relocate 1.977ms
[2025-12-18T08:25:36.190+0530][info][gc,load     ] GC(321) Load: 0.00/0.00/0.00
[2025-12-18T08:25:36.190+0530][info][gc,mmu      ] GC(321) MMU: 2ms/54.5%, 5ms/81.8%, 10ms/90.8%, 20ms/95.4%, 50ms/98.2%, 100ms/99.0%
[2025-12-18T08:25:36.190+0530][info][gc,marking  ] GC(321) Mark: 2 stripe(s), 2 proactive flush(es), 1 terminate flush(es), 0 completion(s), 0 continuation(s) 
[2025-12-18T08:25:36.190+0530][info][gc,marking  ] GC(321) Mark Stack Usage: 32M
[2025-12-18T08:25:36.190+0530][info][gc,nmethod  ] GC(321) NMethods: 753 registered, 7 unregistered
[2025-12-18T08:25:36.190+0530][info][gc,metaspace] GC(321) Metaspace: 4M used, 4M committed, 1088M reserved
[2025-12-18T08:25:36.190+0530][info][gc,ref      ] GC(321) Soft: 176 encountered, 95 discovered, 0 enqueued
[2025-12-18T08:25:36.190+0530][info][gc,ref      ] GC(321) Weak: 601 encountered, 462 discovered, 0 enqueued
[2025-12-18T08:25:36.190+0530][info][gc,ref      ] GC(321) Final: 0 encountered, 0 discovered, 0 enqueued
[2025-12-18T08:25:36.190+0530][info][gc,ref      ] GC(321) Phantom: 8 encountered, 4 discovered, 0 enqueued
[2025-12-18T08:25:36.190+0530][info][gc,reloc    ] GC(321) Small Pages: 209 / 418M, Empty: 124M, Relocated: 1M, In-Place: 0
[2025-12-18T08:25:36.190+0530][info][gc,reloc    ] GC(321) Medium Pages: 1 / 16M, Empty: 0M, Relocated: 0M, In-Place: 0
[2025-12-18T08:25:36.190+0530][info][gc,reloc    ] GC(321) Large Pages: 1 / 6M, Empty: 0M, Relocated: 0M, In-Place: 0
[2025-12-18T08:25:36.190+0530][info][gc,reloc    ] GC(321) Forwarding Usage: 0M
[2025-12-18T08:25:36.190+0530][info][gc,heap     ] GC(321) Min Capacity: 512M(100%)
[2025-12-18T08:25:36.190+0530][info][gc,heap     ] GC(321) Max Capacity: 512M(100%)
[2025-12-18T08:25:36.190+0530][info][gc,heap     ] GC(321) Soft Max Capacity: 512M(100%)
[2025-12-18T08:25:36.190+0530][info][gc,heap     ] GC(321)                Mark Start          Mark End        Relocate Start      Relocate End           High               Low         
[2025-12-18T08:25:36.190+0530][info][gc,heap     ] GC(321)  Capacity:      512M (100%)        512M (100%)        512M (100%)        512M (100%)        512M (100%)        512M (100%)   
[2025-12-18T08:25:36.190+0530][info][gc,heap     ] GC(321)      Free:       72M (14%)           0M (0%)          108M (21%)         128M (25%)         128M (25%)           0M (0%)     
[2025-12-18T08:25:36.190+0530][info][gc,heap     ] GC(321)      Used:      440M (86%)         512M (100%)        404M (79%)         384M (75%)         512M (100%)        384M (75%)    
[2025-12-18T08:25:36.190+0530][info][gc,heap     ] GC(321)      Live:         -               248M (48%)         248M (48%)         248M (48%)            -                  -          
[2025-12-18T08:25:36.190+0530][info][gc,heap     ] GC(321) Allocated:         -                72M (14%)          88M (17%)         115M (23%)            -                  -          
[2025-12-18T08:25:36.190+0530][info][gc,heap     ] GC(321)   Garbage:         -               191M (37%)          67M (13%)          19M (4%)             -                  -          
[2025-12-18T08:25:36.190+0530][info][gc,heap     ] GC(321) Reclaimed:         -                  -               124M (24%)         171M (34%)            -                  -          
[2025-12-18T08:25:36.190+0530][info][gc          ] GC(321) Garbage Collection (Allocation Stall) 440M(86%)->384M(75%)
[2025-12-18T08:25:36.218+0530][info][gc,start    ] GC(322) Garbage Collection (Allocation Stall)
[2025-12-18T08:25:36.218+0530][info][gc,ref      ] GC(322) Clearing All SoftReferences
[2025-12-18T08:25:36.218+0530][info][gc,task     ] GC(322) Using 2 workers
[2025-12-18T08:25:36.218+0530][info][gc,ref      ] GC(322) Clearing All SoftReferences
[2025-12-18T08:25:36.218+0530][info][gc,phases   ] GC(322) Pause Mark Start 0.059ms
[2025-12-18T08:25:36.355+0530][info][gc,phases   ] GC(322) Concurrent Mark 133.662ms
[2025-12-18T08:25:36.355+0530][info][gc,phases   ] GC(322) Pause Mark End 0.021ms
[2025-12-18T08:25:36.355+0530][info][gc,phases   ] GC(322) Concurrent Mark Free 0.002ms
[2025-12-18T08:25:36.356+0530][info][gc,phases   ] GC(322) Concurrent Process Non-Strong References 1.154ms
[2025-12-18T08:25:36.356+0530][info][gc,phases   ] GC(322) Concurrent Reset Relocation Set 0.003ms
[2025-12-18T08:25:36.359+0530][info][gc          ] Allocation Stall (Worker-3) 48.694ms
[2025-12-18T08:25:36.359+0530][info][gc          ] Allocation Stall (Worker-5) 63.598ms
[2025-12-18T08:25:36.359+0530][info][gc          ] Allocation Stall (Worker-1) 61.277ms
[2025-12-18T08:25:36.359+0530][info][gc          ] Allocation Stall (Worker-0) 59.145ms
[2025-12-18T08:25:36.359+0530][info][gc          ] Allocation Stall (Worker-2) 57.848ms
[2025-12-18T08:25:36.359+0530][info][gc,phases   ] GC(322) Concurrent Select Relocation Set 3.079ms
[2025-12-18T08:25:36.359+0530][info][gc          ] Allocation Stall (Worker-6) 57.727ms
[2025-12-18T08:25:36.359+0530][info][gc          ] Allocation Stall (Worker-7) 54.454ms
[2025-12-18T08:25:36.359+0530][info][gc          ] Allocation Stall (SIGINT handler) 54.037ms
[2025-12-18T08:25:36.359+0530][info][gc          ] Allocation Stall (Worker-4) 49.589ms
[2025-12-18T08:25:36.360+0530][info][gc,phases   ] GC(322) Pause Relocate Start 0.008ms
[2025-12-18T08:25:36.370+0530][info][gc,phases   ] GC(322) Concurrent Relocate 1.843ms
[2025-12-18T08:25:36.370+0530][info][gc,load     ] GC(322) Load: 0.00/0.00/0.00
[2025-12-18T08:25:36.370+0530][info][gc,mmu      ] GC(322) MMU: 2ms/54.5%, 5ms/81.8%, 10ms/90.8%, 20ms/95.4%, 50ms/98.2%, 100ms/99.0%
[2025-12-18T08:25:36.370+0530][info][gc,marking  ] GC(322) Mark: 2 stripe(s), 2 proactive flush(es), 1 terminate flush(es), 0 completion(s), 0 continuation(s) 
[2025-12-18T08:25:36.370+0530][info][gc,marking  ] GC(322) Mark Stack Usage: 32M
[2025-12-18T08:25:36.370+0530][info][gc,nmethod  ] GC(322) NMethods: 764 registered, 7 unregistered
[2025-12-18T08:25:36.370+0530][info][gc,metaspace] GC(322) Metaspace: 4M used, 4M committed, 1088M reserved
[2025-12-18T08:25:36.371+0530][info][gc,ref      ] GC(322) Soft: 176 encountered, 89 discovered, 0 enqueued
[2025-12-18T08:25:36.371+0530][info][gc,ref      ] GC(322) Weak: 601 encountered, 470 discovered, 0 enqueued
[2025-12-18T08:25:36.371+0530][info][gc,ref      ] GC(322) Final: 0 encountered, 0 discovered, 0 enqueued
[2025-12-18T08:25:36.371+0530][info][gc,ref      ] GC(322) Phantom: 8 encountered, 6 discovered, 0 enqueued
[2025-12-18T08:25:36.371+0530][info][gc,reloc    ] GC(322) Small Pages: 203 / 406M, Empty: 100M, Relocated: 1M, In-Place: 0
[2025-12-18T08:25:36.371+0530][info][gc,reloc    ] GC(322) Medium Pages: 1 / 16M, Empty: 0M, Relocated: 0M, In-Place: 0
[2025-12-18T08:25:36.371+0530][info][gc,reloc    ] GC(322) Large Pages: 1 / 6M, Empty: 0M, Relocated: 0M, In-Place: 0
[2025-12-18T08:25:36.371+0530][info][gc,reloc    ] GC(322) Forwarding Usage: 0M
[2025-12-18T08:25:36.371+0530][info][gc,heap     ] GC(322) Min Capacity: 512M(100%)
[2025-12-18T08:25:36.371+0530][info][gc,heap     ] GC(322) Max Capacity: 512M(100%)
[2025-12-18T08:25:36.371+0530][info][gc,heap     ] GC(322) Soft Max Capacity: 512M(100%)
[2025-12-18T08:25:36.371+0530][info][gc,heap     ] GC(322)                Mark Start          Mark End        Relocate Start      Relocate End           High               Low         
[2025-12-18T08:25:36.371+0530][info][gc,heap     ] GC(322)  Capacity:      512M (100%)        512M (100%)        512M (100%)        512M (100%)        512M (100%)        512M (100%)   
[2025-12-18T08:25:36.371+0530][info][gc,heap     ] GC(322)      Free:       84M (16%)           0M (0%)           86M (17%)         144M (28%)         144M (28%)           0M (0%)     
[2025-12-18T08:25:36.371+0530][info][gc,heap     ] GC(322)      Used:      428M (84%)         512M (100%)        426M (83%)         368M (72%)         512M (100%)        368M (72%)    
[2025-12-18T08:25:36.371+0530][info][gc,heap     ] GC(322)      Live:         -               248M (48%)         248M (48%)         248M (48%)            -                  -          
[2025-12-18T08:25:36.371+0530][info][gc,heap     ] GC(322) Allocated:         -                84M (16%)          98M (19%)          99M (20%)            -                  -          
[2025-12-18T08:25:36.371+0530][info][gc,heap     ] GC(322)   Garbage:         -               179M (35%)          79M (16%)          19M (4%)             -                  -          
[2025-12-18T08:25:36.371+0530][info][gc,heap     ] GC(322) Reclaimed:         -                  -               100M (20%)         159M (31%)            -                  -          
[2025-12-18T08:25:36.371+0530][info][gc          ] GC(322) Garbage Collection (Allocation Stall) 428M(84%)->368M(72%)
[2025-12-18T08:25:36.417+0530][info][gc,start    ] GC(323) Garbage Collection (Allocation Stall)
[2025-12-18T08:25:36.417+0530][info][gc,ref      ] GC(323) Clearing All SoftReferences
[2025-12-18T08:25:36.417+0530][info][gc,task     ] GC(323) Using 2 workers
[2025-12-18T08:25:36.417+0530][info][gc,ref      ] GC(323) Clearing All SoftReferences
[2025-12-18T08:25:36.417+0530][info][gc,phases   ] GC(323) Pause Mark Start 0.070ms
[2025-12-18T08:25:36.434+0530][info][gc          ] GC(323) Garbage Collection (Allocation Stall) Aborted
[2025-12-18T08:25:36.435+0530][info][gc,heap,exit] Heap
[2025-12-18T08:25:36.435+0530][info][gc,heap,exit]  ZHeap           used 468M, capacity 512M, max capacity 512M
[2025-12-18T08:25:36.435+0530][info][gc,heap,exit]  Metaspace       used 4362K, committed 4608K, reserved 1114112K
[2025-12-18T08:25:36.435+0530][info][gc,heap,exit]   class space    used 412K, committed 512K, reserved 1048576K
